{"Time":"2026-10-09T03:59:20.714404008Z","Action":"start","Package":"go.temporal.io/server/tools/gomad3/cmd/gomadtool"}
{"Time":"2026-10-09T03:59:20.721882467Z","Action":"run","Package":"go.temporal.io/server/tools/gomad3/cmd/gomadtool","Test":"TestCompatibilityPackSourceUsagePreservesBytesAndWriteFailure"}
{"Time":"2026-10-09T03:59:20.7219708Z","Action":"output","Package":"go.temporal.io/server/tools/gomad3/cmd/gomadtool","Test":"TestCompatibilityPackSourceUsagePreservesBytesAndWriteFailure","Output":"=== RUN   TestCompatibilityPackSourceUsagePreservesBytesAndWriteFailure\n","OutputType":"frame"}
{"Time":"2026-10-09T03:59:20.722023175Z","Action":"run","Package":"go.temporal.io/server/tools/gomad3/cmd/gomadtool","Test":"TestCompatibilityPackSourceUsagePreservesBytesAndWriteFailure/no_command"}
{"Time":"2026-10-09T03:59:20.722049008Z","Action":"output","Package":"go.temporal.io/server/tools/gomad3/cmd/gomadtool","Test":"TestCompatibilityPackSourceUsagePreservesBytesAndWriteFailure/no_command","Output":"=== RUN   TestCompatibilityPackSourceUsagePreservesBytesAndWriteFailure/no_command\n","OutputType":"frame"}
{"Time":"2026-10-09T03:59:20.7220728Z","Action":"output","Package":"go.temporal.io/server/tools/gomad3/cmd/gomadtool","Test":"TestCompatibilityPackSourceUsagePreservesBytesAndWriteFailure/no_command","Output":"--- PASS: TestCompatibilityPackSourceUsagePreservesBytesAndWriteFailure/no_command (0.00s)\n","OutputType":"frame"}
{"Time":"2026-10-09T03:59:20.722101675Z","Action":"pass","Package":"go.temporal.io/server/tools/gomad3/cmd/gomadtool","Test":"TestCompatibilityPackSourceUsagePreservesBytesAndWriteFailure/no_command","Elapsed":0}
{"Time":"2026-10-09T03:59:20.722133092Z","Action":"run","Package":"go.temporal.io/server/tools/gomad3/cmd/gomadtool","Test":"TestCompatibilityPackSourceUsagePreservesBytesAndWriteFailure/unknown_command"}
{"Time":"2026-10-09T03:59:20.722152883Z","Action":"output","Package":"go.temporal.io/server/tools/gomad3/cmd/gomadtool","Test":"TestCompatibilityPackSourceUsagePreservesBytesAndWriteFailure/unknown_command","Output":"=== RUN   TestCompatibilityPackSourceUsagePreservesBytesAndWriteFailure/unknown_command\n","OutputType":"frame"}
{"Time":"2026-10-09T03:59:20.722197758Z","Action":"output","Package":"go.temporal.io/server/tools/gomad3/cmd/gomadtool","Test":"TestCompatibilityPackSourceUsagePreservesBytesAndWriteFailure/unknown_command","Output":"--- PASS: TestCompatibilityPackSourceUsagePreservesBytesAndWriteFailure/unknown_command (0.00s)\n","OutputType":"frame"}
{"Time":"2026-10-09T03:59:20.722212592Z","Action":"pass","Package":"go.temporal.io/server/tools/gomad3/cmd/gomadtool","Test":"TestCompatibilityPackSourceUsagePreservesBytesAndWriteFailure/unknown_command","Elapsed":0}
{"Time":"2026-10-09T03:59:20.722237508Z","Action":"run","Package":"go.temporal.io/server/tools/gomad3/cmd/gomadtool","Test":"TestCompatibilityPackSourceUsagePreservesBytesAndWriteFailure/no_command_closed_writer"}
{"Time":"2026-10-09T03:59:20.722279258Z","Action":"output","Package":"go.temporal.io/server/tools/gomad3/cmd/gomadtool","Test":"TestCompatibilityPackSourceUsagePreservesBytesAndWriteFailure/no_command_closed_writer","Output":"=== RUN   TestCompatibilityPackSourceUsagePreservesBytesAndWriteFailure/no_command_closed_writer\n","OutputType":"frame"}
{"Time":"2026-10-09T03:59:20.723368967Z","Action":"output","Package":"go.temporal.io/server/tools/gomad3/cmd/gomadtool","Test":"TestCompatibilityPackSourceUsagePreservesBytesAndWriteFailure/no_command_closed_writer","Output":"--- PASS: TestCompatibilityPackSourceUsagePreservesBytesAndWriteFailure/no_command_closed_writer (0.00s)\n","OutputType":"frame"}
{"Time":"2026-10-09T03:59:20.723404258Z","Action":"pass","Package":"go.temporal.io/server/tools/gomad3/cmd/gomadtool","Test":"TestCompatibilityPackSourceUsagePreservesBytesAndWriteFailure/no_command_closed_writer","Elapsed":0}
{"Time":"2026-10-09T03:59:20.723428675Z","Action":"run","Package":"go.temporal.io/server/tools/gomad3/cmd/gomadtool","Test":"TestCompatibilityPackSourceUsagePreservesBytesAndWriteFailure/unknown_command_closed_writer"}
{"Time":"2026-10-09T03:59:20.723462217Z","Action":"output","Package":"go.temporal.io/server/tools/gomad3/cmd/gomadtool","Test":"TestCompatibilityPackSourceUsagePreservesBytesAndWriteFailure/unknown_command_closed_writer","Output":"=== RUN   TestCompatibilityPackSourceUsagePreservesBytesAndWriteFailure/unknown_command_closed_writer\n","OutputType":"frame"}
{"Time":"2026-10-09T03:59:20.724134383Z","Action":"output","Package":"go.temporal.io/server/tools/gomad3/cmd/gomadtool","Test":"TestCompatibilityPackSourceUsagePreservesBytesAndWriteFailure/unknown_command_closed_writer","Output":"--- PASS: TestCompatibilityPackSourceUsagePreservesBytesAndWriteFailure/unknown_command_closed_writer (0.00s)\n","OutputType":"frame"}
{"Time":"2026-10-09T03:59:20.724174175Z","Action":"pass","Package":"go.temporal.io/server/tools/gomad3/cmd/gomadtool","Test":"TestCompatibilityPackSourceUsagePreservesBytesAndWriteFailure/unknown_command_closed_writer","Elapsed":0}
{"Time":"2026-10-09T03:59:20.724212967Z","Action":"output","Package":"go.temporal.io/server/tools/gomad3/cmd/gomadtool","Test":"TestCompatibilityPackSourceUsagePreservesBytesAndWriteFailure","Output":"--- PASS: TestCompatibilityPackSourceUsagePreservesBytesAndWriteFailure (0.00s)\n","OutputType":"frame"}
{"Time":"2026-10-09T03:59:20.724239425Z","Action":"pass","Package":"go.temporal.io/server/tools/gomad3/cmd/gomadtool","Test":"TestCompatibilityPackSourceUsagePreservesBytesAndWriteFailure","Elapsed":0}
{"Time":"2026-10-09T03:59:20.724257675Z","Action":"run","Package":"go.temporal.io/server/tools/gomad3/cmd/gomadtool","Test":"TestRunGeneratorDiagnosticOutputPreservesStatus"}
{"Time":"2026-10-09T03:59:20.724282967Z","Action":"output","Package":"go.temporal.io/server/tools/gomad3/cmd/gomadtool","Test":"TestRunGeneratorDiagnosticOutputPreservesStatus","Output":"=== RUN   TestRunGeneratorDiagnosticOutputPreservesStatus\n","OutputType":"frame"}
{"Time":"2026-10-09T03:59:20.724337633Z","Action":"run","Package":"go.temporal.io/server/tools/gomad3/cmd/gomadtool","Test":"TestRunGeneratorDiagnosticOutputPreservesStatus/missing_manifest_flags"}
{"Time":"2026-10-09T03:59:20.724410092Z","Action":"output","Package":"go.temporal.io/server/tools/gomad3/cmd/gomadtool","Test":"TestRunGeneratorDiagnosticOutputPreservesStatus/missing_manifest_flags","Output":"=== RUN   TestRunGeneratorDiagnosticOutputPreservesStatus/missing_manifest_flags\n","OutputType":"frame"}
{"Time":"2026-10-09T03:59:20.724425883Z","Action":"run","Package":"go.temporal.io/server/tools/gomad3/cmd/gomadtool","Test":"TestRunGeneratorDiagnosticOutputPreservesStatus/missing_manifest_flags/absent_output"}
{"Time":"2026-10-09T03:59:20.72450105Z","Action":"output","Package":"go.temporal.io/server/tools/gomad3/cmd/gomadtool","Test":"TestRunGeneratorDiagnosticOutputPreservesStatus/missing_manifest_flags/absent_output","Output":"=== RUN   TestRunGeneratorDiagnosticOutputPreservesStatus/missing_manifest_flags/absent_output\n","OutputType":"frame"}
{"Time":"2026-10-09T03:59:20.72479455Z","Action":"run","Package":"go.temporal.io/server/tools/gomad3/cmd/gomadtool","Test":"TestRunGeneratorDiagnosticOutputPreservesStatus/missing_manifest_flags/absent_output/healthy_stderr"}
{"Time":"2026-10-09T03:59:20.724821342Z","Action":"output","Package":"go.temporal.io/server/tools/gomad3/cmd/gomadtool","Test":"TestRunGeneratorDiagnosticOutputPreservesStatus/missing_manifest_flags/absent_output/healthy_stderr","Output":"=== RUN   TestRunGeneratorDiagnosticOutputPreservesStatus/missing_manifest_flags/absent_output/healthy_stderr\n","OutputType":"frame"}
{"Time":"2026-10-09T03:59:20.72515755Z","Action":"output","Package":"go.temporal.io/server/tools/gomad3/cmd/gomadtool","Test":"TestRunGeneratorDiagnosticOutputPreservesStatus/missing_manifest_flags/absent_output/healthy_stderr","Output":"--- PASS: TestRunGeneratorDiagnosticOutputPreservesStatus/missing_manifest_flags/absent_output/healthy_stderr (0.00s)\n","OutputType":"frame"}
{"Time":"2026-10-09T03:59:20.725177592Z","Action":"pass","Package":"go.temporal.io/server/tools/gomad3/cmd/gomadtool","Test":"TestRunGeneratorDiagnosticOutputPreservesStatus/missing_manifest_flags/absent_output/healthy_stderr","Elapsed":0}
{"Time":"2026-10-09T03:59:20.725195467Z","Action":"run","Package":"go.temporal.io/server/tools/gomad3/cmd/gomadtool","Test":"TestRunGeneratorDiagnosticOutputPreservesStatus/missing_manifest_flags/absent_output/EBADF_stderr"}
{"Time":"2026-10-09T03:59:20.725206425Z","Action":"output","Package":"go.temporal.io/server/tools/gomad3/cmd/gomadtool","Test":"TestRunGeneratorDiagnosticOutputPreservesStatus/missing_manifest_flags/absent_output/EBADF_stderr","Output":"=== RUN   TestRunGeneratorDiagnosticOutputPreservesStatus/missing_manifest_flags/absent_output/EBADF_stderr\n","OutputType":"frame"}
{"Time":"2026-10-09T03:59:20.725584425Z","Action":"output","Package":"go.temporal.io/server/tools/gomad3/cmd/gomadtool","Test":"TestRunGeneratorDiagnosticOutputPreservesStatus/missing_manifest_flags/absent_output/EBADF_stderr","Output":"    generator_diagnostic_output_test.go:110: stderr Write returned *fs.PathError: write /Users/stephan/Workspace/skunkworks/.gomad-source-gates-UsyTMX/TestRunGeneratorDiagnosticOutputPreservesStatusmissing_manifest3479162328/001/stdout: bad file descriptor; errors.Is(EBADF)=true; attempted=\"qualification-manifest-generate requires --spec and --output\\n\"\n"}
{"Time":"2026-10-09T03:59:20.726016342Z","Action":"output","Package":"go.temporal.io/server/tools/gomad3/cmd/gomadtool","Test":"TestRunGeneratorDiagnosticOutputPreservesStatus/missing_manifest_flags/absent_output/EBADF_stderr","Output":"--- PASS: TestRunGeneratorDiagnosticOutputPreservesStatus/missing_manifest_flags/absent_output/EBADF_stderr (0.00s)\n","OutputType":"frame"}
{"Time":"2026-10-09T03:59:20.7261028Z","Action":"pass","Package":"go.temporal.io/server/tools/gomad3/cmd/gomadtool","Test":"TestRunGeneratorDiagnosticOutputPreservesStatus/missing_manifest_flags/absent_output/EBADF_stderr","Elapsed":0}
{"Time":"2026-10-09T03:59:20.72627255Z","Action":"output","Package":"go.temporal.io/server/tools/gomad3/cmd/gomadtool","Test":"TestRunGeneratorDiagnosticOutputPreservesStatus/missing_manifest_flags/absent_output","Output":"--- PASS: TestRunGeneratorDiagnosticOutputPreservesStatus/missing_manifest_flags/absent_output (0.00s)\n","OutputType":"frame"}
{"Time":"2026-10-09T03:59:20.726294925Z","Action":"pass","Package":"go.temporal.io/server/tools/gomad3/cmd/gomadtool","Test":"TestRunGeneratorDiagnosticOutputPreservesStatus/missing_manifest_flags/absent_output","Elapsed":0}
{"Time":"2026-10-09T03:59:20.726308425Z","Action":"run","Package":"go.temporal.io/server/tools/gomad3/cmd/gomadtool","Test":"TestRunGeneratorDiagnosticOutputPreservesStatus/missing_manifest_flags/existing_output"}
{"Time":"2026-10-09T03:59:20.726322342Z","Action":"output","Package":"go.temporal.io/server/tools/gomad3/cmd/gomadtool","Test":"TestRunGeneratorDiagnosticOutputPreservesStatus/missing_manifest_flags/existing_output","Output":"=== RUN   TestRunGeneratorDiagnosticOutputPreservesStatus/missing_manifest_flags/existing_output\n","OutputType":"frame"}
{"Time":"2026-10-09T03:59:20.72665655Z","Action":"run","Package":"go.temporal.io/server/tools/gomad3/cmd/gomadtool","Test":"TestRunGeneratorDiagnosticOutputPreservesStatus/missing_manifest_flags/existing_output/healthy_stderr"}
{"Time":"2026-10-09T03:59:20.726682633Z","Action":"output","Package":"go.temporal.io/server/tools/gomad3/cmd/gomadtool","Test":"TestRunGeneratorDiagnosticOutputPreservesStatus/missing_manifest_flags/existing_output/healthy_stderr","Output":"=== RUN   TestRunGeneratorDiagnosticOutputPreservesStatus/missing_manifest_flags/existing_output/healthy_stderr\n","OutputType":"frame"}
{"Time":"2026-10-09T03:59:20.727313383Z","Action":"output","Package":"go.temporal.io/server/tools/gomad3/cmd/gomadtool","Test":"TestRunGeneratorDiagnosticOutputPreservesStatus/missing_manifest_flags/existing_output/healthy_stderr","Output":"--- PASS: TestRunGeneratorDiagnosticOutputPreservesStatus/missing_manifest_flags/existing_output/healthy_stderr (0.00s)\n","OutputType":"frame"}
{"Time":"2026-10-09T03:59:20.727331758Z","Action":"pass","Package":"go.temporal.io/server/tools/gomad3/cmd/gomadtool","Test":"TestRunGeneratorDiagnosticOutputPreservesStatus/missing_manifest_flags/existing_output/healthy_stderr","Elapsed":0}
{"Time":"2026-10-09T03:59:20.727350967Z","Action":"run","Package":"go.temporal.io/server/tools/gomad3/cmd/gomadtool","Test":"TestRunGeneratorDiagnosticOutputPreservesStatus/missing_manifest_flags/existing_output/EBADF_stderr"}
{"Time":"2026-10-09T03:59:20.727361133Z","Action":"output","Package":"go.temporal.io/server/tools/gomad3/cmd/gomadtool","Test":"TestRunGeneratorDiagnosticOutputPreservesStatus/missing_manifest_flags/existing_output/EBADF_stderr","Output":"=== RUN   TestRunGeneratorDiagnosticOutputPreservesStatus/missing_manifest_flags/existing_output/EBADF_stderr\n","OutputType":"frame"}
{"Time":"2026-10-09T03:59:20.727782842Z","Action":"output","Package":"go.temporal.io/server/tools/gomad3/cmd/gomadtool","Test":"TestRunGeneratorDiagnosticOutputPreservesStatus/missing_manifest_flags/existing_output/EBADF_stderr","Output":"    generator_diagnostic_output_test.go:110: stderr Write returned *fs.PathError: write /Users/stephan/Workspace/skunkworks/.gomad-source-gates-UsyTMX/TestRunGeneratorDiagnosticOutputPreservesStatusmissing_manifest1326395946/001/stdout: bad file descriptor; errors.Is(EBADF)=true; attempted=\"qualification-manifest-generate requires --spec and --output\\n\"\n"}
{"Time":"2026-10-09T03:59:20.728041217Z","Action":"output","Package":"go.temporal.io/server/tools/gomad3/cmd/gomadtool","Test":"TestRunGeneratorDiagnosticOutputPreservesStatus/missing_manifest_flags/existing_output/EBADF_stderr","Output":"--- PASS: TestRunGeneratorDiagnosticOutputPreservesStatus/missing_manifest_flags/existing_output/EBADF_stderr (0.00s)\n","OutputType":"frame"}
{"Time":"2026-10-09T03:59:20.72807455Z","Action":"pass","Package":"go.temporal.io/server/tools/gomad3/cmd/gomadtool","Test":"TestRunGeneratorDiagnosticOutputPreservesStatus/missing_manifest_flags/existing_output/EBADF_stderr","Elapsed":0}
{"Time":"2026-10-09T03:59:20.7283588Z","Action":"output","Package":"go.temporal.io/server/tools/gomad3/cmd/gomadtool","Test":"TestRunGeneratorDiagnosticOutputPreservesStatus/missing_manifest_flags/existing_output","Output":"--- PASS: TestRunGeneratorDiagnosticOutputPreservesStatus/missing_manifest_flags/existing_output (0.00s)\n","OutputType":"frame"}
{"Time":"2026-10-09T03:59:20.7283803Z","Action":"pass","Package":"go.temporal.io/server/tools/gomad3/cmd/gomadtool","Test":"TestRunGeneratorDiagnosticOutputPreservesStatus/missing_manifest_flags/existing_output","Elapsed":0}
{"Time":"2026-10-09T03:59:20.728391217Z","Action":"output","Package":"go.temporal.io/server/tools/gomad3/cmd/gomadtool","Test":"TestRunGeneratorDiagnosticOutputPreservesStatus/missing_manifest_flags","Output":"--- PASS: TestRunGeneratorDiagnosticOutputPreservesStatus/missing_manifest_flags (0.00s)\n","OutputType":"frame"}
{"Time":"2026-10-09T03:59:20.728414842Z","Action":"pass","Package":"go.temporal.io/server/tools/gomad3/cmd/gomadtool","Test":"TestRunGeneratorDiagnosticOutputPreservesStatus/missing_manifest_flags","Elapsed":0}
{"Time":"2026-10-09T03:59:20.728430675Z","Action":"run","Package":"go.temporal.io/server/tools/gomad3/cmd/gomadtool","Test":"TestRunGeneratorDiagnosticOutputPreservesStatus/manifest_failure"}
{"Time":"2026-10-09T03:59:20.72844705Z","Action":"output","Package":"go.temporal.io/server/tools/gomad3/cmd/gomadtool","Test":"TestRunGeneratorDiagnosticOutputPreservesStatus/manifest_failure","Output":"=== RUN   TestRunGeneratorDiagnosticOutputPreservesStatus/manifest_failure\n","OutputType":"frame"}
{"Time":"2026-10-09T03:59:20.728496258Z","Action":"run","Package":"go.temporal.io/server/tools/gomad3/cmd/gomadtool","Test":"TestRunGeneratorDiagnosticOutputPreservesStatus/manifest_failure/absent_output"}
{"Time":"2026-10-09T03:59:20.728510425Z","Action":"output","Package":"go.temporal.io/server/tools/gomad3/cmd/gomadtool","Test":"TestRunGeneratorDiagnosticOutputPreservesStatus/manifest_failure/absent_output","Output":"=== RUN   TestRunGeneratorDiagnosticOutputPreservesStatus/manifest_failure/absent_output\n","OutputType":"frame"}
{"Time":"2026-10-09T03:59:20.728940508Z","Action":"run","Package":"go.temporal.io/server/tools/gomad3/cmd/gomadtool","Test":"TestRunGeneratorDiagnosticOutputPreservesStatus/manifest_failure/absent_output/healthy_stderr"}
{"Time":"2026-10-09T03:59:20.728959842Z","Action":"output","Package":"go.temporal.io/server/tools/gomad3/cmd/gomadtool","Test":"TestRunGeneratorDiagnosticOutputPreservesStatus/manifest_failure/absent_output/healthy_stderr","Output":"=== RUN   TestRunGeneratorDiagnosticOutputPreservesStatus/manifest_failure/absent_output/healthy_stderr\n","OutputType":"frame"}
{"Time":"2026-10-09T03:59:20.729538925Z","Action":"output","Package":"go.temporal.io/server/tools/gomad3/cmd/gomadtool","Test":"TestRunGeneratorDiagnosticOutputPreservesStatus/manifest_failure/absent_output/healthy_stderr","Output":"--- PASS: TestRunGeneratorDiagnosticOutputPreservesStatus/manifest_failure/absent_output/healthy_stderr (0.00s)\n","OutputType":"frame"}
{"Time":"2026-10-09T03:59:20.729556425Z","Action":"pass","Package":"go.temporal.io/server/tools/gomad3/cmd/gomadtool","Test":"TestRunGeneratorDiagnosticOutputPreservesStatus/manifest_failure/absent_output/healthy_stderr","Elapsed":0}
{"Time":"2026-10-09T03:59:20.729570383Z","Action":"run","Package":"go.temporal.io/server/tools/gomad3/cmd/gomadtool","Test":"TestRunGeneratorDiagnosticOutputPreservesStatus/manifest_failure/absent_output/EBADF_stderr"}
{"Time":"2026-10-09T03:59:20.729582883Z","Action":"output","Package":"go.temporal.io/server/tools/gomad3/cmd/gomadtool","Test":"TestRunGeneratorDiagnosticOutputPreservesStatus/manifest_failure/absent_output/EBADF_stderr","Output":"=== RUN   TestRunGeneratorDiagnosticOutputPreservesStatus/manifest_failure/absent_output/EBADF_stderr\n","OutputType":"frame"}
{"Time":"2026-10-09T03:59:20.730161092Z","Action":"output","Package":"go.temporal.io/server/tools/gomad3/cmd/gomadtool","Test":"TestRunGeneratorDiagnosticOutputPreservesStatus/manifest_failure/absent_output/EBADF_stderr","Output":"    generator_diagnostic_output_test.go:110: stderr Write returned *fs.PathError: write /Users/stephan/Workspace/skunkworks/.gomad-source-gates-UsyTMX/TestRunGeneratorDiagnosticOutputPreservesStatusmanifest_failure4017638824/001/stdout: bad file descriptor; errors.Is(EBADF)=true; attempted=\"qualification manifest spec schema must be gomad3.qualification-set-generator/v1\\n\"\n"}
{"Time":"2026-10-09T03:59:20.730478967Z","Action":"output","Package":"go.temporal.io/server/tools/gomad3/cmd/gomadtool","Test":"TestRunGeneratorDiagnosticOutputPreservesStatus/manifest_failure/absent_output/EBADF_stderr","Output":"--- PASS: TestRunGeneratorDiagnosticOutputPreservesStatus/manifest_failure/absent_output/EBADF_stderr (0.00s)\n","OutputType":"frame"}
{"Time":"2026-10-09T03:59:20.730508008Z","Action":"pass","Package":"go.temporal.io/server/tools/gomad3/cmd/gomadtool","Test":"TestRunGeneratorDiagnosticOutputPreservesStatus/manifest_failure/absent_output/EBADF_stderr","Elapsed":0}
{"Time":"2026-10-09T03:59:20.730688175Z","Action":"output","Package":"go.temporal.io/server/tools/gomad3/cmd/gomadtool","Test":"TestRunGeneratorDiagnosticOutputPreservesStatus/manifest_failure/absent_output","Output":"--- PASS: TestRunGeneratorDiagnosticOutputPreservesStatus/manifest_failure/absent_output (0.00s)\n","OutputType":"frame"}
{"Time":"2026-10-09T03:59:20.73071055Z","Action":"pass","Package":"go.temporal.io/server/tools/gomad3/cmd/gomadtool","Test":"TestRunGeneratorDiagnosticOutputPreservesStatus/manifest_failure/absent_output","Elapsed":0}
{"Time":"2026-10-09T03:59:20.730725258Z","Action":"run","Package":"go.temporal.io/server/tools/gomad3/cmd/gomadtool","Test":"TestRunGeneratorDiagnosticOutputPreservesStatus/manifest_failure/existing_output"}
{"Time":"2026-10-09T03:59:20.730740425Z","Action":"output","Package":"go.temporal.io/server/tools/gomad3/cmd/gomadtool","Test":"TestRunGeneratorDiagnosticOutputPreservesStatus/manifest_failure/existing_output","Output":"=== RUN   TestRunGeneratorDiagnosticOutputPreservesStatus/manifest_failure/existing_output\n","OutputType":"frame"}
{"Time":"2026-10-09T03:59:20.731224758Z","Action":"run","Package":"go.temporal.io/server/tools/gomad3/cmd/gomadtool","Test":"TestRunGeneratorDiagnosticOutputPreservesStatus/manifest_failure/existing_output/healthy_stderr"}
{"Time":"2026-10-09T03:59:20.73125205Z","Action":"output","Package":"go.temporal.io/server/tools/gomad3/cmd/gomadtool","Test":"TestRunGeneratorDiagnosticOutputPreservesStatus/manifest_failure/existing_output/healthy_stderr","Output":"=== RUN   TestRunGeneratorDiagnosticOutputPreservesStatus/manifest_failure/existing_output/healthy_stderr\n","OutputType":"frame"}
{"Time":"2026-10-09T03:59:20.731998008Z","Action":"output","Package":"go.temporal.io/server/tools/gomad3/cmd/gomadtool","Test":"TestRunGeneratorDiagnosticOutputPreservesStatus/manifest_failure/existing_output/healthy_stderr","Output":"--- PASS: TestRunGeneratorDiagnosticOutputPreservesStatus/manifest_failure/existing_output/healthy_stderr (0.00s)\n","OutputType":"frame"}
{"Time":"2026-10-09T03:59:20.732013717Z","Action":"pass","Package":"go.temporal.io/server/tools/gomad3/cmd/gomadtool","Test":"TestRunGeneratorDiagnosticOutputPreservesStatus/manifest_failure/existing_output/healthy_stderr","Elapsed":0}
{"Time":"2026-10-09T03:59:20.732036592Z","Action":"run","Package":"go.temporal.io/server/tools/gomad3/cmd/gomadtool","Test":"TestRunGeneratorDiagnosticOutputPreservesStatus/manifest_failure/existing_output/EBADF_stderr"}
{"Time":"2026-10-09T03:59:20.732050383Z","Action":"output","Package":"go.temporal.io/server/tools/gomad3/cmd/gomadtool","Test":"TestRunGeneratorDiagnosticOutputPreservesStatus/manifest_failure/existing_output/EBADF_stderr","Output":"=== RUN   TestRunGeneratorDiagnosticOutputPreservesStatus/manifest_failure/existing_output/EBADF_stderr\n","OutputType":"frame"}
{"Time":"2026-10-09T03:59:20.732807842Z","Action":"output","Package":"go.temporal.io/server/tools/gomad3/cmd/gomadtool","Test":"TestRunGeneratorDiagnosticOutputPreservesStatus/manifest_failure/existing_output/EBADF_stderr","Output":"    generator_diagnostic_output_test.go:110: stderr Write returned *fs.PathError: write /Users/stephan/Workspace/skunkworks/.gomad-source-gates-UsyTMX/TestRunGeneratorDiagnosticOutputPreservesStatusmanifest_failure148805530/001/stdout: bad file descriptor; errors.Is(EBADF)=true; attempted=\"qualification manifest spec schema must be gomad3.qualification-set-generator/v1\\n\"\n"}
{"Time":"2026-10-09T03:59:20.733088675Z","Action":"output","Package":"go.temporal.io/server/tools/gomad3/cmd/gomadtool","Test":"TestRunGeneratorDiagnosticOutputPreservesStatus/manifest_failure/existing_output/EBADF_stderr","Output":"--- PASS: TestRunGeneratorDiagnosticOutputPreservesStatus/manifest_failure/existing_output/EBADF_stderr (0.00s)\n","OutputType":"frame"}
{"Time":"2026-10-09T03:59:20.733119217Z","Action":"pass","Package":"go.temporal.io/server/tools/gomad3/cmd/gomadtool","Test":"TestRunGeneratorDiagnosticOutputPreservesStatus/manifest_failure/existing_output/EBADF_stderr","Elapsed":0}
{"Time":"2026-10-09T03:59:20.733329675Z","Action":"output","Package":"go.temporal.io/server/tools/gomad3/cmd/gomadtool","Test":"TestRunGeneratorDiagnosticOutputPreservesStatus/manifest_failure/existing_output","Output":"--- PASS: TestRunGeneratorDiagnosticOutputPreservesStatus/manifest_failure/existing_output (0.00s)\n","OutputType":"frame"}
{"Time":"2026-10-09T03:59:20.73335455Z","Action":"pass","Package":"go.temporal.io/server/tools/gomad3/cmd/gomadtool","Test":"TestRunGeneratorDiagnosticOutputPreservesStatus/manifest_failure/existing_output","Elapsed":0}
{"Time":"2026-10-09T03:59:20.733372258Z","Action":"output","Package":"go.temporal.io/server/tools/gomad3/cmd/gomadtool","Test":"TestRunGeneratorDiagnosticOutputPreservesStatus/manifest_failure","Output":"--- PASS: TestRunGeneratorDiagnosticOutputPreservesStatus/manifest_failure (0.00s)\n","OutputType":"frame"}
{"Time":"2026-10-09T03:59:20.733390675Z","Action":"pass","Package":"go.temporal.io/server/tools/gomad3/cmd/gomadtool","Test":"TestRunGeneratorDiagnosticOutputPreservesStatus/manifest_failure","Elapsed":0}
{"Time":"2026-10-09T03:59:20.733412383Z","Action":"run","Package":"go.temporal.io/server/tools/gomad3/cmd/gomadtool","Test":"TestRunGeneratorDiagnosticOutputPreservesStatus/protocol_failure"}
{"Time":"2026-10-09T03:59:20.7334288Z","Action":"output","Package":"go.temporal.io/server/tools/gomad3/cmd/gomadtool","Test":"TestRunGeneratorDiagnosticOutputPreservesStatus/protocol_failure","Output":"=== RUN   TestRunGeneratorDiagnosticOutputPreservesStatus/protocol_failure\n","OutputType":"frame"}
{"Time":"2026-10-09T03:59:20.733445383Z","Action":"run","Package":"go.temporal.io/server/tools/gomad3/cmd/gomadtool","Test":"TestRunGeneratorDiagnosticOutputPreservesStatus/protocol_failure/absent_output"}
{"Time":"2026-10-09T03:59:20.73346105Z","Action":"output","Package":"go.temporal.io/server/tools/gomad3/cmd/gomadtool","Test":"TestRunGeneratorDiagnosticOutputPreservesStatus/protocol_failure/absent_output","Output":"=== RUN   TestRunGeneratorDiagnosticOutputPreservesStatus/protocol_failure/absent_output\n","OutputType":"frame"}
{"Time":"2026-10-09T03:59:20.733762425Z","Action":"run","Package":"go.temporal.io/server/tools/gomad3/cmd/gomadtool","Test":"TestRunGeneratorDiagnosticOutputPreservesStatus/protocol_failure/absent_output/healthy_stderr"}
{"Time":"2026-10-09T03:59:20.733788133Z","Action":"output","Package":"go.temporal.io/server/tools/gomad3/cmd/gomadtool","Test":"TestRunGeneratorDiagnosticOutputPreservesStatus/protocol_failure/absent_output/healthy_stderr","Output":"=== RUN   TestRunGeneratorDiagnosticOutputPreservesStatus/protocol_failure/absent_output/healthy_stderr\n","OutputType":"frame"}
{"Time":"2026-10-09T03:59:20.734440342Z","Action":"output","Package":"go.temporal.io/server/tools/gomad3/cmd/gomadtool","Test":"TestRunGeneratorDiagnosticOutputPreservesStatus/protocol_failure/absent_output/healthy_stderr","Output":"--- PASS: TestRunGeneratorDiagnosticOutputPreservesStatus/protocol_failure/absent_output/healthy_stderr (0.00s)\n","OutputType":"frame"}
{"Time":"2026-10-09T03:59:20.7344543Z","Action":"pass","Package":"go.temporal.io/server/tools/gomad3/cmd/gomadtool","Test":"TestRunGeneratorDiagnosticOutputPreservesStatus/protocol_failure/absent_output/healthy_stderr","Elapsed":0}
{"Time":"2026-10-09T03:59:20.734463675Z","Action":"run","Package":"go.temporal.io/server/tools/gomad3/cmd/gomadtool","Test":"TestRunGeneratorDiagnosticOutputPreservesStatus/protocol_failure/absent_output/EBADF_stderr"}
{"Time":"2026-10-09T03:59:20.734473633Z","Action":"output","Package":"go.temporal.io/server/tools/gomad3/cmd/gomadtool","Test":"TestRunGeneratorDiagnosticOutputPreservesStatus/protocol_failure/absent_output/EBADF_stderr","Output":"=== RUN   TestRunGeneratorDiagnosticOutputPreservesStatus/protocol_failure/absent_output/EBADF_stderr\n","OutputType":"frame"}
{"Time":"2026-10-09T03:59:20.735030883Z","Action":"output","Package":"go.temporal.io/server/tools/gomad3/cmd/gomadtool","Test":"TestRunGeneratorDiagnosticOutputPreservesStatus/protocol_failure/absent_output/EBADF_stderr","Output":"    generator_diagnostic_output_test.go:110: stderr Write returned *fs.PathError: write /Users/stephan/Workspace/skunkworks/.gomad-source-gates-UsyTMX/TestRunGeneratorDiagnosticOutputPreservesStatusprotocol_failure3649360052/001/stdout: bad file descriptor; errors.Is(EBADF)=true; attempted=\"I/O wire schema has trailing data\\n\"\n"}
{"Time":"2026-10-09T03:59:20.735274425Z","Action":"output","Package":"go.temporal.io/server/tools/gomad3/cmd/gomadtool","Test":"TestRunGeneratorDiagnosticOutputPreservesStatus/protocol_failure/absent_output/EBADF_stderr","Output":"--- PASS: TestRunGeneratorDiagnosticOutputPreservesStatus/protocol_failure/absent_output/EBADF_stderr (0.00s)\n","OutputType":"frame"}
{"Time":"2026-10-09T03:59:20.735295133Z","Action":"pass","Package":"go.temporal.io/server/tools/gomad3/cmd/gomadtool","Test":"TestRunGeneratorDiagnosticOutputPreservesStatus/protocol_failure/absent_output/EBADF_stderr","Elapsed":0}
{"Time":"2026-10-09T03:59:20.7355458Z","Action":"output","Package":"go.temporal.io/server/tools/gomad3/cmd/gomadtool","Test":"TestRunGeneratorDiagnosticOutputPreservesStatus/protocol_failure/absent_output","Output":"--- PASS: TestRunGeneratorDiagnosticOutputPreservesStatus/protocol_failure/absent_output (0.00s)\n","OutputType":"frame"}
{"Time":"2026-10-09T03:59:20.735601383Z","Action":"pass","Package":"go.temporal.io/server/tools/gomad3/cmd/gomadtool","Test":"TestRunGeneratorDiagnosticOutputPreservesStatus/protocol_failure/absent_output","Elapsed":0}
{"Time":"2026-10-09T03:59:20.735625175Z","Action":"run","Package":"go.temporal.io/server/tools/gomad3/cmd/gomadtool","Test":"TestRunGeneratorDiagnosticOutputPreservesStatus/protocol_failure/existing_output"}
{"Time":"2026-10-09T03:59:20.73564755Z","Action":"output","Package":"go.temporal.io/server/tools/gomad3/cmd/gomadtool","Test":"TestRunGeneratorDiagnosticOutputPreservesStatus/protocol_failure/existing_output","Output":"=== RUN   TestRunGeneratorDiagnosticOutputPreservesStatus/protocol_failure/existing_output\n","OutputType":"frame"}
{"Time":"2026-10-09T03:59:20.7364083Z","Action":"run","Package":"go.temporal.io/server/tools/gomad3/cmd/gomadtool","Test":"TestRunGeneratorDiagnosticOutputPreservesStatus/protocol_failure/existing_output/healthy_stderr"}
{"Time":"2026-10-09T03:59:20.736434508Z","Action":"output","Package":"go.temporal.io/server/tools/gomad3/cmd/gomadtool","Test":"TestRunGeneratorDiagnosticOutputPreservesStatus/protocol_failure/existing_output/healthy_stderr","Output":"=== RUN   TestRunGeneratorDiagnosticOutputPreservesStatus/protocol_failure/existing_output/healthy_stderr\n","OutputType":"frame"}
{"Time":"2026-10-09T03:59:20.737282175Z","Action":"output","Package":"go.temporal.io/server/tools/gomad3/cmd/gomadtool","Test":"TestRunGeneratorDiagnosticOutputPreservesStatus/protocol_failure/existing_output/healthy_stderr","Output":"--- PASS: TestRunGeneratorDiagnosticOutputPreservesStatus/protocol_failure/existing_output/healthy_stderr (0.00s)\n","OutputType":"frame"}
{"Time":"2026-10-09T03:59:20.737298383Z","Action":"pass","Package":"go.temporal.io/server/tools/gomad3/cmd/gomadtool","Test":"TestRunGeneratorDiagnosticOutputPreservesStatus/protocol_failure/existing_output/healthy_stderr","Elapsed":0}
{"Time":"2026-10-09T03:59:20.737309758Z","Action":"run","Package":"go.temporal.io/server/tools/gomad3/cmd/gomadtool","Test":"TestRunGeneratorDiagnosticOutputPreservesStatus/protocol_failure/existing_output/EBADF_stderr"}
{"Time":"2026-10-09T03:59:20.737319133Z","Action":"output","Package":"go.temporal.io/server/tools/gomad3/cmd/gomadtool","Test":"TestRunGeneratorDiagnosticOutputPreservesStatus/protocol_failure/existing_output/EBADF_stderr","Output":"=== RUN   TestRunGeneratorDiagnosticOutputPreservesStatus/protocol_failure/existing_output/EBADF_stderr\n","OutputType":"frame"}
{"Time":"2026-10-09T03:59:20.737941508Z","Action":"output","Package":"go.temporal.io/server/tools/gomad3/cmd/gomadtool","Test":"TestRunGeneratorDiagnosticOutputPreservesStatus/protocol_failure/existing_output/EBADF_stderr","Output":"    generator_diagnostic_output_test.go:110: stderr Write returned *fs.PathError: write /Users/stephan/Workspace/skunkworks/.gomad-source-gates-UsyTMX/TestRunGeneratorDiagnosticOutputPreservesStatusprotocol_failure1132737414/001/stdout: bad file descriptor; errors.Is(EBADF)=true; attempted=\"I/O wire schema has trailing data\\n\"\n"}
{"Time":"2026-10-09T03:59:20.738358592Z","Action":"output","Package":"go.temporal.io/server/tools/gomad3/cmd/gomadtool","Test":"TestRunGeneratorDiagnosticOutputPreservesStatus/protocol_failure/existing_output/EBADF_stderr","Output":"--- PASS: TestRunGeneratorDiagnosticOutputPreservesStatus/protocol_failure/existing_output/EBADF_stderr (0.00s)\n","OutputType":"frame"}
{"Time":"2026-10-09T03:59:20.738376508Z","Action":"pass","Package":"go.temporal.io/server/tools/gomad3/cmd/gomadtool","Test":"TestRunGeneratorDiagnosticOutputPreservesStatus/protocol_failure/existing_output/EBADF_stderr","Elapsed":0}
{"Time":"2026-10-09T03:59:20.73857405Z","Action":"output","Package":"go.temporal.io/server/tools/gomad3/cmd/gomadtool","Test":"TestRunGeneratorDiagnosticOutputPreservesStatus/protocol_failure/existing_output","Output":"--- PASS: TestRunGeneratorDiagnosticOutputPreservesStatus/protocol_failure/existing_output (0.00s)\n","OutputType":"frame"}
{"Time":"2026-10-09T03:59:20.7386043Z","Action":"pass","Package":"go.temporal.io/server/tools/gomad3/cmd/gomadtool","Test":"TestRunGeneratorDiagnosticOutputPreservesStatus/protocol_failure/existing_output","Elapsed":0}
{"Time":"2026-10-09T03:59:20.738615342Z","Action":"output","Package":"go.temporal.io/server/tools/gomad3/cmd/gomadtool","Test":"TestRunGeneratorDiagnosticOutputPreservesStatus/protocol_failure","Output":"--- PASS: TestRunGeneratorDiagnosticOutputPreservesStatus/protocol_failure (0.01s)\n","OutputType":"frame"}
{"Time":"2026-10-09T03:59:20.738635508Z","Action":"pass","Package":"go.temporal.io/server/tools/gomad3/cmd/gomadtool","Test":"TestRunGeneratorDiagnosticOutputPreservesStatus/protocol_failure","Elapsed":0.01}
{"Time":"2026-10-09T03:59:20.738671383Z","Action":"run","Package":"go.temporal.io/server/tools/gomad3/cmd/gomadtool","Test":"TestRunGeneratorDiagnosticOutputPreservesStatus/version_failure"}
{"Time":"2026-10-09T03:59:20.738690008Z","Action":"output","Package":"go.temporal.io/server/tools/gomad3/cmd/gomadtool","Test":"TestRunGeneratorDiagnosticOutputPreservesStatus/version_failure","Output":"=== RUN   TestRunGeneratorDiagnosticOutputPreservesStatus/version_failure\n","OutputType":"frame"}
{"Time":"2026-10-09T03:59:20.73870955Z","Action":"run","Package":"go.temporal.io/server/tools/gomad3/cmd/gomadtool","Test":"TestRunGeneratorDiagnosticOutputPreservesStatus/version_failure/absent_output"}
{"Time":"2026-10-09T03:59:20.738721925Z","Action":"output","Package":"go.temporal.io/server/tools/gomad3/cmd/gomadtool","Test":"TestRunGeneratorDiagnosticOutputPreservesStatus/version_failure/absent_output","Output":"=== RUN   TestRunGeneratorDiagnosticOutputPreservesStatus/version_failure/absent_output\n","OutputType":"frame"}
{"Time":"2026-10-09T03:59:20.739043675Z","Action":"run","Package":"go.temporal.io/server/tools/gomad3/cmd/gomadtool","Test":"TestRunGeneratorDiagnosticOutputPreservesStatus/version_failure/absent_output/healthy_stderr"}
{"Time":"2026-10-09T03:59:20.739056467Z","Action":"output","Package":"go.temporal.io/server/tools/gomad3/cmd/gomadtool","Test":"TestRunGeneratorDiagnosticOutputPreservesStatus/version_failure/absent_output/healthy_stderr","Output":"=== RUN   TestRunGeneratorDiagnosticOutputPreservesStatus/version_failure/absent_output/healthy_stderr\n","OutputType":"frame"}
{"Time":"2026-10-09T03:59:20.739835217Z","Action":"output","Package":"go.temporal.io/server/tools/gomad3/cmd/gomadtool","Test":"TestRunGeneratorDiagnosticOutputPreservesStatus/version_failure/absent_output/healthy_stderr","Output":"--- PASS: TestRunGeneratorDiagnosticOutputPreservesStatus/version_failure/absent_output/healthy_stderr (0.00s)\n","OutputType":"frame"}
{"Time":"2026-10-09T03:59:20.739848175Z","Action":"pass","Package":"go.temporal.io/server/tools/gomad3/cmd/gomadtool","Test":"TestRunGeneratorDiagnosticOutputPreservesStatus/version_failure/absent_output/healthy_stderr","Elapsed":0}
{"Time":"2026-10-09T03:59:20.739857008Z","Action":"run","Package":"go.temporal.io/server/tools/gomad3/cmd/gomadtool","Test":"TestRunGeneratorDiagnosticOutputPreservesStatus/version_failure/absent_output/EBADF_stderr"}
{"Time":"2026-10-09T03:59:20.739867008Z","Action":"output","Package":"go.temporal.io/server/tools/gomad3/cmd/gomadtool","Test":"TestRunGeneratorDiagnosticOutputPreservesStatus/version_failure/absent_output/EBADF_stderr","Output":"=== RUN   TestRunGeneratorDiagnosticOutputPreservesStatus/version_failure/absent_output/EBADF_stderr\n","OutputType":"frame"}
{"Time":"2026-10-09T03:59:20.740322342Z","Action":"output","Package":"go.temporal.io/server/tools/gomad3/cmd/gomadtool","Test":"TestRunGeneratorDiagnosticOutputPreservesStatus/version_failure/absent_output/EBADF_stderr","Output":"    generator_diagnostic_output_test.go:110: stderr Write returned *fs.PathError: write /Users/stephan/Workspace/skunkworks/.gomad-source-gates-UsyTMX/TestRunGeneratorDiagnosticOutputPreservesStatusversion_failure521818872/001/stdout: bad file descriptor; errors.Is(EBADF)=true; attempted=\"version descriptor schema version 0 is unsupported\\n\"\n"}
{"Time":"2026-10-09T03:59:20.740557925Z","Action":"output","Package":"go.temporal.io/server/tools/gomad3/cmd/gomadtool","Test":"TestRunGeneratorDiagnosticOutputPreservesStatus/version_failure/absent_output/EBADF_stderr","Output":"--- PASS: TestRunGeneratorDiagnosticOutputPreservesStatus/version_failure/absent_output/EBADF_stderr (0.00s)\n","OutputType":"frame"}
{"Time":"2026-10-09T03:59:20.740577008Z","Action":"pass","Package":"go.temporal.io/server/tools/gomad3/cmd/gomadtool","Test":"TestRunGeneratorDiagnosticOutputPreservesStatus/version_failure/absent_output/EBADF_stderr","Elapsed":0}
{"Time":"2026-10-09T03:59:20.740795383Z","Action":"output","Package":"go.temporal.io/server/tools/gomad3/cmd/gomadtool","Test":"TestRunGeneratorDiagnosticOutputPreservesStatus/version_failure/absent_output","Output":"--- PASS: TestRunGeneratorDiagnosticOutputPreservesStatus/version_failure/absent_output (0.00s)\n","OutputType":"frame"}
{"Time":"2026-10-09T03:59:20.740813508Z","Action":"pass","Package":"go.temporal.io/server/tools/gomad3/cmd/gomadtool","Test":"TestRunGeneratorDiagnosticOutputPreservesStatus/version_failure/absent_output","Elapsed":0}
{"Time":"2026-10-09T03:59:20.740824592Z","Action":"run","Package":"go.temporal.io/server/tools/gomad3/cmd/gomadtool","Test":"TestRunGeneratorDiagnosticOutputPreservesStatus/version_failure/existing_output"}
{"Time":"2026-10-09T03:59:20.740836883Z","Action":"output","Package":"go.temporal.io/server/tools/gomad3/cmd/gomadtool","Test":"TestRunGeneratorDiagnosticOutputPreservesStatus/version_failure/existing_output","Output":"=== RUN   TestRunGeneratorDiagnosticOutputPreservesStatus/version_failure/existing_output\n","OutputType":"frame"}
{"Time":"2026-10-09T03:59:20.741488508Z","Action":"run","Package":"go.temporal.io/server/tools/gomad3/cmd/gomadtool","Test":"TestRunGeneratorDiagnosticOutputPreservesStatus/version_failure/existing_output/healthy_stderr"}
{"Time":"2026-10-09T03:59:20.741512967Z","Action":"output","Package":"go.temporal.io/server/tools/gomad3/cmd/gomadtool","Test":"TestRunGeneratorDiagnosticOutputPreservesStatus/version_failure/existing_output/healthy_stderr","Output":"=== RUN   TestRunGeneratorDiagnosticOutputPreservesStatus/version_failure/existing_output/healthy_stderr\n","OutputType":"frame"}
{"Time":"2026-10-09T03:59:20.742225633Z","Action":"output","Package":"go.temporal.io/server/tools/gomad3/cmd/gomadtool","Test":"TestRunGeneratorDiagnosticOutputPreservesStatus/version_failure/existing_output/healthy_stderr","Output":"--- PASS: TestRunGeneratorDiagnosticOutputPreservesStatus/version_failure/existing_output/healthy_stderr (0.00s)\n","OutputType":"frame"}
{"Time":"2026-10-09T03:59:20.74223855Z","Action":"pass","Package":"go.temporal.io/server/tools/gomad3/cmd/gomadtool","Test":"TestRunGeneratorDiagnosticOutputPreservesStatus/version_failure/existing_output/healthy_stderr","Elapsed":0}
{"Time":"2026-10-09T03:59:20.742247592Z","Action":"run","Package":"go.temporal.io/server/tools/gomad3/cmd/gomadtool","Test":"TestRunGeneratorDiagnosticOutputPreservesStatus/version_failure/existing_output/EBADF_stderr"}
{"Time":"2026-10-09T03:59:20.742256092Z","Action":"output","Package":"go.temporal.io/server/tools/gomad3/cmd/gomadtool","Test":"TestRunGeneratorDiagnosticOutputPreservesStatus/version_failure/existing_output/EBADF_stderr","Output":"=== RUN   TestRunGeneratorDiagnosticOutputPreservesStatus/version_failure/existing_output/EBADF_stderr\n","OutputType":"frame"}
{"Time":"2026-10-09T03:59:20.7427893Z","Action":"output","Package":"go.temporal.io/server/tools/gomad3/cmd/gomadtool","Test":"TestRunGeneratorDiagnosticOutputPreservesStatus/version_failure/existing_output/EBADF_stderr","Output":"    generator_diagnostic_output_test.go:110: stderr Write returned *fs.PathError: write /Users/stephan/Workspace/skunkworks/.gomad-source-gates-UsyTMX/TestRunGeneratorDiagnosticOutputPreservesStatusversion_failure356473879/001/stdout: bad file descriptor; errors.Is(EBADF)=true; attempted=\"version descriptor schema version 0 is unsupported\\n\"\n"}
{"Time":"2026-10-09T03:59:20.743113217Z","Action":"output","Package":"go.temporal.io/server/tools/gomad3/cmd/gomadtool","Test":"TestRunGeneratorDiagnosticOutputPreservesStatus/version_failure/existing_output/EBADF_stderr","Output":"--- PASS: TestRunGeneratorDiagnosticOutputPreservesStatus/version_failure/existing_output/EBADF_stderr (0.00s)\n","OutputType":"frame"}
{"Time":"2026-10-09T03:59:20.7431368Z","Action":"pass","Package":"go.temporal.io/server/tools/gomad3/cmd/gomadtool","Test":"TestRunGeneratorDiagnosticOutputPreservesStatus/version_failure/existing_output/EBADF_stderr","Elapsed":0}
{"Time":"2026-10-09T03:59:20.743338508Z","Action":"output","Package":"go.temporal.io/server/tools/gomad3/cmd/gomadtool","Test":"TestRunGeneratorDiagnosticOutputPreservesStatus/version_failure/existing_output","Output":"--- PASS: TestRunGeneratorDiagnosticOutputPreservesStatus/version_failure/existing_output (0.00s)\n","OutputType":"frame"}
{"Time":"2026-10-09T03:59:20.743360758Z","Action":"pass","Package":"go.temporal.io/server/tools/gomad3/cmd/gomadtool","Test":"TestRunGeneratorDiagnosticOutputPreservesStatus/version_failure/existing_output","Elapsed":0}
{"Time":"2026-10-09T03:59:20.743378758Z","Action":"output","Package":"go.temporal.io/server/tools/gomad3/cmd/gomadtool","Test":"TestRunGeneratorDiagnosticOutputPreservesStatus/version_failure","Output":"--- PASS: TestRunGeneratorDiagnosticOutputPreservesStatus/version_failure (0.00s)\n","OutputType":"frame"}
{"Time":"2026-10-09T03:59:20.743396925Z","Action":"pass","Package":"go.temporal.io/server/tools/gomad3/cmd/gomadtool","Test":"TestRunGeneratorDiagnosticOutputPreservesStatus/version_failure","Elapsed":0}
{"Time":"2026-10-09T03:59:20.743407383Z","Action":"run","Package":"go.temporal.io/server/tools/gomad3/cmd/gomadtool","Test":"TestRunGeneratorDiagnosticOutputPreservesStatus/boundary_failure"}
{"Time":"2026-10-09T03:59:20.743417508Z","Action":"output","Package":"go.temporal.io/server/tools/gomad3/cmd/gomadtool","Test":"TestRunGeneratorDiagnosticOutputPreservesStatus/boundary_failure","Output":"=== RUN   TestRunGeneratorDiagnosticOutputPreservesStatus/boundary_failure\n","OutputType":"frame"}
{"Time":"2026-10-09T03:59:20.743427592Z","Action":"run","Package":"go.temporal.io/server/tools/gomad3/cmd/gomadtool","Test":"TestRunGeneratorDiagnosticOutputPreservesStatus/boundary_failure/absent_output"}
{"Time":"2026-10-09T03:59:20.743452425Z","Action":"output","Package":"go.temporal.io/server/tools/gomad3/cmd/gomadtool","Test":"TestRunGeneratorDiagnosticOutputPreservesStatus/boundary_failure/absent_output","Output":"=== RUN   TestRunGeneratorDiagnosticOutputPreservesStatus/boundary_failure/absent_output\n","OutputType":"frame"}
{"Time":"2026-10-09T03:59:20.7436898Z","Action":"run","Package":"go.temporal.io/server/tools/gomad3/cmd/gomadtool","Test":"TestRunGeneratorDiagnosticOutputPreservesStatus/boundary_failure/absent_output/healthy_stderr"}
{"Time":"2026-10-09T03:59:20.743707467Z","Action":"output","Package":"go.temporal.io/server/tools/gomad3/cmd/gomadtool","Test":"TestRunGeneratorDiagnosticOutputPreservesStatus/boundary_failure/absent_output/healthy_stderr","Output":"=== RUN   TestRunGeneratorDiagnosticOutputPreservesStatus/boundary_failure/absent_output/healthy_stderr\n","OutputType":"frame"}
{"Time":"2026-10-09T03:59:20.7442218Z","Action":"output","Package":"go.temporal.io/server/tools/gomad3/cmd/gomadtool","Test":"TestRunGeneratorDiagnosticOutputPreservesStatus/boundary_failure/absent_output/healthy_stderr","Output":"--- PASS: TestRunGeneratorDiagnosticOutputPreservesStatus/boundary_failure/absent_output/healthy_stderr (0.00s)\n","OutputType":"frame"}
{"Time":"2026-10-09T03:59:20.74423655Z","Action":"pass","Package":"go.temporal.io/server/tools/gomad3/cmd/gomadtool","Test":"TestRunGeneratorDiagnosticOutputPreservesStatus/boundary_failure/absent_output/healthy_stderr","Elapsed":0}
{"Time":"2026-10-09T03:59:20.7442488Z","Action":"run","Package":"go.temporal.io/server/tools/gomad3/cmd/gomadtool","Test":"TestRunGeneratorDiagnosticOutputPreservesStatus/boundary_failure/absent_output/EBADF_stderr"}
{"Time":"2026-10-09T03:59:20.744279883Z","Action":"output","Package":"go.temporal.io/server/tools/gomad3/cmd/gomadtool","Test":"TestRunGeneratorDiagnosticOutputPreservesStatus/boundary_failure/absent_output/EBADF_stderr","Output":"=== RUN   TestRunGeneratorDiagnosticOutputPreservesStatus/boundary_failure/absent_output/EBADF_stderr\n","OutputType":"frame"}
{"Time":"2026-10-09T03:59:20.744658217Z","Action":"output","Package":"go.temporal.io/server/tools/gomad3/cmd/gomadtool","Test":"TestRunGeneratorDiagnosticOutputPreservesStatus/boundary_failure/absent_output/EBADF_stderr","Output":"    generator_diagnostic_output_test.go:110: stderr Write returned *fs.PathError: write /Users/stephan/Workspace/skunkworks/.gomad-source-gates-UsyTMX/TestRunGeneratorDiagnosticOutputPreservesStatusboundary_failure3740527712/001/stdout: bad file descriptor; errors.Is(EBADF)=true; attempted=\"-goroot is required with -compiler-test-overlay\\n\"\n"}
{"Time":"2026-10-09T03:59:20.744896092Z","Action":"output","Package":"go.temporal.io/server/tools/gomad3/cmd/gomadtool","Test":"TestRunGeneratorDiagnosticOutputPreservesStatus/boundary_failure/absent_output/EBADF_stderr","Output":"--- PASS: TestRunGeneratorDiagnosticOutputPreservesStatus/boundary_failure/absent_output/EBADF_stderr (0.00s)\n","OutputType":"frame"}
{"Time":"2026-10-09T03:59:20.744921217Z","Action":"pass","Package":"go.temporal.io/server/tools/gomad3/cmd/gomadtool","Test":"TestRunGeneratorDiagnosticOutputPreservesStatus/boundary_failure/absent_output/EBADF_stderr","Elapsed":0}
{"Time":"2026-10-09T03:59:20.745279217Z","Action":"output","Package":"go.temporal.io/server/tools/gomad3/cmd/gomadtool","Test":"TestRunGeneratorDiagnosticOutputPreservesStatus/boundary_failure/absent_output","Output":"--- PASS: TestRunGeneratorDiagnosticOutputPreservesStatus/boundary_failure/absent_output (0.00s)\n","OutputType":"frame"}
{"Time":"2026-10-09T03:59:20.7453448Z","Action":"pass","Package":"go.temporal.io/server/tools/gomad3/cmd/gomadtool","Test":"TestRunGeneratorDiagnosticOutputPreservesStatus/boundary_failure/absent_output","Elapsed":0}
{"Time":"2026-10-09T03:59:20.745382967Z","Action":"run","Package":"go.temporal.io/server/tools/gomad3/cmd/gomadtool","Test":"TestRunGeneratorDiagnosticOutputPreservesStatus/boundary_failure/existing_output"}
{"Time":"2026-10-09T03:59:20.745400217Z","Action":"output","Package":"go.temporal.io/server/tools/gomad3/cmd/gomadtool","Test":"TestRunGeneratorDiagnosticOutputPreservesStatus/boundary_failure/existing_output","Output":"=== RUN   TestRunGeneratorDiagnosticOutputPreservesStatus/boundary_failure/existing_output\n","OutputType":"frame"}
{"Time":"2026-10-09T03:59:20.746014633Z","Action":"run","Package":"go.temporal.io/server/tools/gomad3/cmd/gomadtool","Test":"TestRunGeneratorDiagnosticOutputPreservesStatus/boundary_failure/existing_output/healthy_stderr"}
{"Time":"2026-10-09T03:59:20.7460323Z","Action":"output","Package":"go.temporal.io/server/tools/gomad3/cmd/gomadtool","Test":"TestRunGeneratorDiagnosticOutputPreservesStatus/boundary_failure/existing_output/healthy_stderr","Output":"=== RUN   TestRunGeneratorDiagnosticOutputPreservesStatus/boundary_failure/existing_output/healthy_stderr\n","OutputType":"frame"}
{"Time":"2026-10-09T03:59:20.746352592Z","Action":"output","Package":"go.temporal.io/server/tools/gomad3/cmd/gomadtool","Test":"TestRunGeneratorDiagnosticOutputPreservesStatus/boundary_failure/existing_output/healthy_stderr","Output":"--- PASS: TestRunGeneratorDiagnosticOutputPreservesStatus/boundary_failure/existing_output/healthy_stderr (0.00s)\n","OutputType":"frame"}
{"Time":"2026-10-09T03:59:20.746373383Z","Action":"pass","Package":"go.temporal.io/server/tools/gomad3/cmd/gomadtool","Test":"TestRunGeneratorDiagnosticOutputPreservesStatus/boundary_failure/existing_output/healthy_stderr","Elapsed":0}
{"Time":"2026-10-09T03:59:20.746384967Z","Action":"run","Package":"go.temporal.io/server/tools/gomad3/cmd/gomadtool","Test":"TestRunGeneratorDiagnosticOutputPreservesStatus/boundary_failure/existing_output/EBADF_stderr"}
{"Time":"2026-10-09T03:59:20.74640655Z","Action":"output","Package":"go.temporal.io/server/tools/gomad3/cmd/gomadtool","Test":"TestRunGeneratorDiagnosticOutputPreservesStatus/boundary_failure/existing_output/EBADF_stderr","Output":"=== RUN   TestRunGeneratorDiagnosticOutputPreservesStatus/boundary_failure/existing_output/EBADF_stderr\n","OutputType":"frame"}
{"Time":"2026-10-09T03:59:20.746839175Z","Action":"output","Package":"go.temporal.io/server/tools/gomad3/cmd/gomadtool","Test":"TestRunGeneratorDiagnosticOutputPreservesStatus/boundary_failure/existing_output/EBADF_stderr","Output":"    generator_diagnostic_output_test.go:110: stderr Write returned *fs.PathError: write /Users/stephan/Workspace/skunkworks/.gomad-source-gates-UsyTMX/TestRunGeneratorDiagnosticOutputPreservesStatusboundary_failure1819689957/001/stdout: bad file descriptor; errors.Is(EBADF)=true; attempted=\"-goroot is required with -compiler-test-overlay\\n\"\n"}
{"Time":"2026-10-09T03:59:20.747187925Z","Action":"output","Package":"go.temporal.io/server/tools/gomad3/cmd/gomadtool","Test":"TestRunGeneratorDiagnosticOutputPreservesStatus/boundary_failure/existing_output/EBADF_stderr","Output":"--- PASS: TestRunGeneratorDiagnosticOutputPreservesStatus/boundary_failure/existing_output/EBADF_stderr (0.00s)\n","OutputType":"frame"}
{"Time":"2026-10-09T03:59:20.747206133Z","Action":"pass","Package":"go.temporal.io/server/tools/gomad3/cmd/gomadtool","Test":"TestRunGeneratorDiagnosticOutputPreservesStatus/boundary_failure/existing_output/EBADF_stderr","Elapsed":0}
{"Time":"2026-10-09T03:59:20.747392758Z","Action":"output","Package":"go.temporal.io/server/tools/gomad3/cmd/gomadtool","Test":"TestRunGeneratorDiagnosticOutputPreservesStatus/boundary_failure/existing_output","Output":"--- PASS: TestRunGeneratorDiagnosticOutputPreservesStatus/boundary_failure/existing_output (0.00s)\n","OutputType":"frame"}
{"Time":"2026-10-09T03:59:20.74740855Z","Action":"pass","Package":"go.temporal.io/server/tools/gomad3/cmd/gomadtool","Test":"TestRunGeneratorDiagnosticOutputPreservesStatus/boundary_failure/existing_output","Elapsed":0}
{"Time":"2026-10-09T03:59:20.747417883Z","Action":"output","Package":"go.temporal.io/server/tools/gomad3/cmd/gomadtool","Test":"TestRunGeneratorDiagnosticOutputPreservesStatus/boundary_failure","Output":"--- PASS: TestRunGeneratorDiagnosticOutputPreservesStatus/boundary_failure (0.00s)\n","OutputType":"frame"}
{"Time":"2026-10-09T03:59:20.747426842Z","Action":"pass","Package":"go.temporal.io/server/tools/gomad3/cmd/gomadtool","Test":"TestRunGeneratorDiagnosticOutputPreservesStatus/boundary_failure","Elapsed":0}
{"Time":"2026-10-09T03:59:20.7474368Z","Action":"output","Package":"go.temporal.io/server/tools/gomad3/cmd/gomadtool","Test":"TestRunGeneratorDiagnosticOutputPreservesStatus","Output":"--- PASS: TestRunGeneratorDiagnosticOutputPreservesStatus (0.02s)\n","OutputType":"frame"}
{"Time":"2026-10-09T03:59:20.747450675Z","Action":"pass","Package":"go.temporal.io/server/tools/gomad3/cmd/gomadtool","Test":"TestRunGeneratorDiagnosticOutputPreservesStatus","Elapsed":0.02}
{"Time":"2026-10-09T03:59:20.747542258Z","Action":"run","Package":"go.temporal.io/server/tools/gomad3/cmd/gomadtool","Test":"TestRunMaintainerOutputPatchPublication"}
{"Time":"2026-10-09T03:59:20.747557425Z","Action":"output","Package":"go.temporal.io/server/tools/gomad3/cmd/gomadtool","Test":"TestRunMaintainerOutputPatchPublication","Output":"=== RUN   TestRunMaintainerOutputPatchPublication\n","OutputType":"frame"}
{"Time":"2026-10-09T03:59:20.747568842Z","Action":"run","Package":"go.temporal.io/server/tools/gomad3/cmd/gomadtool","Test":"TestRunMaintainerOutputPatchPublication/patch-materialize"}
{"Time":"2026-10-09T03:59:20.747578675Z","Action":"output","Package":"go.temporal.io/server/tools/gomad3/cmd/gomadtool","Test":"TestRunMaintainerOutputPatchPublication/patch-materialize","Output":"=== RUN   TestRunMaintainerOutputPatchPublication/patch-materialize\n","OutputType":"frame"}
{"Time":"2026-10-09T03:59:20.763564633Z","Action":"output","Package":"go.temporal.io/server/tools/gomad3/cmd/gomadtool","Test":"TestRunMaintainerOutputPatchPublication/patch-materialize","Output":"    maintainer_output_patch_test.go:68: stdout write observed EBADF\n"}
{"Time":"2026-10-09T03:59:20.764753842Z","Action":"output","Package":"go.temporal.io/server/tools/gomad3/cmd/gomadtool","Test":"TestRunMaintainerOutputPatchPublication/patch-materialize","Output":"--- PASS: TestRunMaintainerOutputPatchPublication/patch-materialize (0.02s)\n","OutputType":"frame"}
{"Time":"2026-10-09T03:59:20.764781425Z","Action":"pass","Package":"go.temporal.io/server/tools/gomad3/cmd/gomadtool","Test":"TestRunMaintainerOutputPatchPublication/patch-materialize","Elapsed":0.02}
{"Time":"2026-10-09T03:59:20.764799008Z","Action":"run","Package":"go.temporal.io/server/tools/gomad3/cmd/gomadtool","Test":"TestRunMaintainerOutputPatchPublication/patch-regenerate"}
{"Time":"2026-10-09T03:59:20.764816217Z","Action":"output","Package":"go.temporal.io/server/tools/gomad3/cmd/gomadtool","Test":"TestRunMaintainerOutputPatchPublication/patch-regenerate","Output":"=== RUN   TestRunMaintainerOutputPatchPublication/patch-regenerate\n","OutputType":"frame"}
{"Time":"2026-10-09T03:59:21.065874258Z","Action":"output","Package":"go.temporal.io/server/tools/gomad3/cmd/gomadtool","Test":"TestRunMaintainerOutputPatchPublication/patch-regenerate","Output":"    maintainer_output_patch_test.go:68: stdout write observed EBADF\n"}
{"Time":"2026-10-09T03:59:21.067445383Z","Action":"output","Package":"go.temporal.io/server/tools/gomad3/cmd/gomadtool","Test":"TestRunMaintainerOutputPatchPublication/patch-regenerate","Output":"--- PASS: TestRunMaintainerOutputPatchPublication/patch-regenerate (0.30s)\n","OutputType":"frame"}
{"Time":"2026-10-09T03:59:21.067481592Z","Action":"pass","Package":"go.temporal.io/server/tools/gomad3/cmd/gomadtool","Test":"TestRunMaintainerOutputPatchPublication/patch-regenerate","Elapsed":0.3}
{"Time":"2026-10-09T03:59:21.067508592Z","Action":"output","Package":"go.temporal.io/server/tools/gomad3/cmd/gomadtool","Test":"TestRunMaintainerOutputPatchPublication","Output":"--- PASS: TestRunMaintainerOutputPatchPublication (0.32s)\n","OutputType":"frame"}
{"Time":"2026-10-09T03:59:21.067527008Z","Action":"pass","Package":"go.temporal.io/server/tools/gomad3/cmd/gomadtool","Test":"TestRunMaintainerOutputPatchPublication","Elapsed":0.32}
{"Time":"2026-10-09T03:59:21.067552842Z","Action":"run","Package":"go.temporal.io/server/tools/gomad3/cmd/gomadtool","Test":"TestRunMaintainerOutputTerminalReports"}
{"Time":"2026-10-09T03:59:21.06757355Z","Action":"output","Package":"go.temporal.io/server/tools/gomad3/cmd/gomadtool","Test":"TestRunMaintainerOutputTerminalReports","Output":"=== RUN   TestRunMaintainerOutputTerminalReports\n","OutputType":"frame"}
{"Time":"2026-10-09T03:59:21.0679148Z","Action":"run","Package":"go.temporal.io/server/tools/gomad3/cmd/gomadtool","Test":"TestRunMaintainerOutputTerminalReports/patch-validate"}
{"Time":"2026-10-09T03:59:21.067940592Z","Action":"output","Package":"go.temporal.io/server/tools/gomad3/cmd/gomadtool","Test":"TestRunMaintainerOutputTerminalReports/patch-validate","Output":"=== RUN   TestRunMaintainerOutputTerminalReports/patch-validate\n","OutputType":"frame"}
{"Time":"2026-10-09T03:59:21.086771217Z","Action":"output","Package":"go.temporal.io/server/tools/gomad3/cmd/gomadtool","Test":"TestRunMaintainerOutputTerminalReports/patch-validate","Output":"    maintainer_output_test.go:32: stdout write observed EBADF\n"}
{"Time":"2026-10-09T03:59:21.087197008Z","Action":"output","Package":"go.temporal.io/server/tools/gomad3/cmd/gomadtool","Test":"TestRunMaintainerOutputTerminalReports/patch-validate","Output":"--- PASS: TestRunMaintainerOutputTerminalReports/patch-validate (0.02s)\n","OutputType":"frame"}
{"Time":"2026-10-09T03:59:21.087252092Z","Action":"pass","Package":"go.temporal.io/server/tools/gomad3/cmd/gomadtool","Test":"TestRunMaintainerOutputTerminalReports/patch-validate","Elapsed":0.02}
{"Time":"2026-10-09T03:59:21.0873018Z","Action":"run","Package":"go.temporal.io/server/tools/gomad3/cmd/gomadtool","Test":"TestRunMaintainerOutputTerminalReports/script-validate"}
{"Time":"2026-10-09T03:59:21.087366092Z","Action":"output","Package":"go.temporal.io/server/tools/gomad3/cmd/gomadtool","Test":"TestRunMaintainerOutputTerminalReports/script-validate","Output":"=== RUN   TestRunMaintainerOutputTerminalReports/script-validate\n","OutputType":"frame"}
{"Time":"2026-10-09T03:59:21.091569675Z","Action":"output","Package":"go.temporal.io/server/tools/gomad3/cmd/gomadtool","Test":"TestRunMaintainerOutputTerminalReports/script-validate","Output":"    maintainer_output_test.go:32: stdout write observed EBADF\n"}
{"Time":"2026-10-09T03:59:21.0919183Z","Action":"output","Package":"go.temporal.io/server/tools/gomad3/cmd/gomadtool","Test":"TestRunMaintainerOutputTerminalReports/script-validate","Output":"--- PASS: TestRunMaintainerOutputTerminalReports/script-validate (0.00s)\n","OutputType":"frame"}
{"Time":"2026-10-09T03:59:21.091943967Z","Action":"pass","Package":"go.temporal.io/server/tools/gomad3/cmd/gomadtool","Test":"TestRunMaintainerOutputTerminalReports/script-validate","Elapsed":0}
{"Time":"2026-10-09T03:59:21.09196655Z","Action":"run","Package":"go.temporal.io/server/tools/gomad3/cmd/gomadtool","Test":"TestRunMaintainerOutputTerminalReports/build-key"}
{"Time":"2026-10-09T03:59:21.091985633Z","Action":"output","Package":"go.temporal.io/server/tools/gomad3/cmd/gomadtool","Test":"TestRunMaintainerOutputTerminalReports/build-key","Output":"=== RUN   TestRunMaintainerOutputTerminalReports/build-key\n","OutputType":"frame"}
{"Time":"2026-10-09T03:59:21.092790842Z","Action":"output","Package":"go.temporal.io/server/tools/gomad3/cmd/gomadtool","Test":"TestRunMaintainerOutputTerminalReports/build-key","Output":"    maintainer_output_test.go:32: stdout write observed EBADF\n"}
{"Time":"2026-10-09T03:59:21.093132675Z","Action":"output","Package":"go.temporal.io/server/tools/gomad3/cmd/gomadtool","Test":"TestRunMaintainerOutputTerminalReports/build-key","Output":"--- PASS: TestRunMaintainerOutputTerminalReports/build-key (0.00s)\n","OutputType":"frame"}
{"Time":"2026-10-09T03:59:21.093160467Z","Action":"pass","Package":"go.temporal.io/server/tools/gomad3/cmd/gomadtool","Test":"TestRunMaintainerOutputTerminalReports/build-key","Elapsed":0}
{"Time":"2026-10-09T03:59:21.093344633Z","Action":"output","Package":"go.temporal.io/server/tools/gomad3/cmd/gomadtool","Test":"TestRunMaintainerOutputTerminalReports","Output":"--- PASS: TestRunMaintainerOutputTerminalReports (0.03s)\n","OutputType":"frame"}
{"Time":"2026-10-09T03:59:21.093377925Z","Action":"pass","Package":"go.temporal.io/server/tools/gomad3/cmd/gomadtool","Test":"TestRunMaintainerOutputTerminalReports","Elapsed":0.03}
{"Time":"2026-10-09T03:59:21.093404717Z","Action":"run","Package":"go.temporal.io/server/tools/gomad3/cmd/gomadtool","Test":"TestRunMaintainerOutputBoundaryDiscovery"}
{"Time":"2026-10-09T03:59:21.09342805Z","Action":"output","Package":"go.temporal.io/server/tools/gomad3/cmd/gomadtool","Test":"TestRunMaintainerOutputBoundaryDiscovery","Output":"=== RUN   TestRunMaintainerOutputBoundaryDiscovery\n","OutputType":"frame"}
{"Time":"2026-10-09T03:59:21.911047634Z","Action":"run","Package":"go.temporal.io/server/tools/gomad3/cmd/gomadtool","Test":"TestRunMaintainerOutputBoundaryDiscovery/literal_control"}
{"Time":"2026-10-09T03:59:21.9111478Z","Action":"output","Package":"go.temporal.io/server/tools/gomad3/cmd/gomadtool","Test":"TestRunMaintainerOutputBoundaryDiscovery/literal_control","Output":"=== RUN   TestRunMaintainerOutputBoundaryDiscovery/literal_control\n","OutputType":"frame"}
{"Time":"2026-10-09T03:59:21.911334842Z","Action":"output","Package":"go.temporal.io/server/tools/gomad3/cmd/gomadtool","Test":"TestRunMaintainerOutputBoundaryDiscovery/literal_control","Output":"--- PASS: TestRunMaintainerOutputBoundaryDiscovery/literal_control (0.00s)\n","OutputType":"frame"}
{"Time":"2026-10-09T03:59:21.9113953Z","Action":"pass","Package":"go.temporal.io/server/tools/gomad3/cmd/gomadtool","Test":"TestRunMaintainerOutputBoundaryDiscovery/literal_control","Elapsed":0}
{"Time":"2026-10-09T03:59:22.650195509Z","Action":"output","Package":"go.temporal.io/server/tools/gomad3/cmd/gomadtool","Test":"TestRunMaintainerOutputBoundaryDiscovery","Output":"    maintainer_output_test.go:60: stdout write observed EBADF\n"}
{"Time":"2026-10-09T03:59:22.650683759Z","Action":"output","Package":"go.temporal.io/server/tools/gomad3/cmd/gomadtool","Test":"TestRunMaintainerOutputBoundaryDiscovery","Output":"--- PASS: TestRunMaintainerOutputBoundaryDiscovery (1.56s)\n","OutputType":"frame"}
{"Time":"2026-10-09T03:59:22.650731051Z","Action":"pass","Package":"go.temporal.io/server/tools/gomad3/cmd/gomadtool","Test":"TestRunMaintainerOutputBoundaryDiscovery","Elapsed":1.56}
{"Time":"2026-10-09T03:59:22.650748301Z","Action":"run","Package":"go.temporal.io/server/tools/gomad3/cmd/gomadtool","Test":"TestRunMaintainerOutputAuthoring"}
{"Time":"2026-10-09T03:59:22.650762759Z","Action":"output","Package":"go.temporal.io/server/tools/gomad3/cmd/gomadtool","Test":"TestRunMaintainerOutputAuthoring","Output":"=== RUN   TestRunMaintainerOutputAuthoring\n","OutputType":"frame"}
{"Time":"2026-10-09T03:59:22.650955634Z","Action":"run","Package":"go.temporal.io/server/tools/gomad3/cmd/gomadtool","Test":"TestRunMaintainerOutputAuthoring/review"}
{"Time":"2026-10-09T03:59:22.650986384Z","Action":"output","Package":"go.temporal.io/server/tools/gomad3/cmd/gomadtool","Test":"TestRunMaintainerOutputAuthoring/review","Output":"=== RUN   TestRunMaintainerOutputAuthoring/review\n","OutputType":"frame"}
{"Time":"2026-10-09T03:59:22.661182676Z","Action":"output","Package":"go.temporal.io/server/tools/gomad3/cmd/gomadtool","Test":"TestRunMaintainerOutputAuthoring/review","Output":"    maintainer_output_test.go:110: stdout write observed EBADF\n"}
{"Time":"2026-10-09T03:59:22.661899301Z","Action":"output","Package":"go.temporal.io/server/tools/gomad3/cmd/gomadtool","Test":"TestRunMaintainerOutputAuthoring/review","Output":"--- PASS: TestRunMaintainerOutputAuthoring/review (0.01s)\n","OutputType":"frame"}
{"Time":"2026-10-09T03:59:22.661918801Z","Action":"pass","Package":"go.temporal.io/server/tools/gomad3/cmd/gomadtool","Test":"TestRunMaintainerOutputAuthoring/review","Elapsed":0.01}
{"Time":"2026-10-09T03:59:22.661933676Z","Action":"run","Package":"go.temporal.io/server/tools/gomad3/cmd/gomadtool","Test":"TestRunMaintainerOutputAuthoring/generate-all"}
{"Time":"2026-10-09T03:59:22.661959592Z","Action":"output","Package":"go.temporal.io/server/tools/gomad3/cmd/gomadtool","Test":"TestRunMaintainerOutputAuthoring/generate-all","Output":"=== RUN   TestRunMaintainerOutputAuthoring/generate-all\n","OutputType":"frame"}
{"Time":"2026-10-09T03:59:22.686253676Z","Action":"output","Package":"go.temporal.io/server/tools/gomad3/cmd/gomadtool","Test":"TestRunMaintainerOutputAuthoring/generate-all","Output":"    maintainer_output_test.go:110: stdout write observed EBADF\n"}
{"Time":"2026-10-09T03:59:22.687235342Z","Action":"output","Package":"go.temporal.io/server/tools/gomad3/cmd/gomadtool","Test":"TestRunMaintainerOutputAuthoring/generate-all","Output":"--- PASS: TestRunMaintainerOutputAuthoring/generate-all (0.03s)\n","OutputType":"frame"}
{"Time":"2026-10-09T03:59:22.687262509Z","Action":"pass","Package":"go.temporal.io/server/tools/gomad3/cmd/gomadtool","Test":"TestRunMaintainerOutputAuthoring/generate-all","Elapsed":0.03}
{"Time":"2026-10-09T03:59:22.687284426Z","Action":"run","Package":"go.temporal.io/server/tools/gomad3/cmd/gomadtool","Test":"TestRunMaintainerOutputAuthoring/generate-approved"}
{"Time":"2026-10-09T03:59:22.687319217Z","Action":"output","Package":"go.temporal.io/server/tools/gomad3/cmd/gomadtool","Test":"TestRunMaintainerOutputAuthoring/generate-approved","Output":"=== RUN   TestRunMaintainerOutputAuthoring/generate-approved\n","OutputType":"frame"}
{"Time":"2026-10-09T03:59:22.711139218Z","Action":"output","Package":"go.temporal.io/server/tools/gomad3/cmd/gomadtool","Test":"TestRunMaintainerOutputAuthoring/generate-approved","Output":"    maintainer_output_test.go:110: stdout write observed EBADF\n"}
{"Time":"2026-10-09T03:59:22.712354093Z","Action":"output","Package":"go.temporal.io/server/tools/gomad3/cmd/gomadtool","Test":"TestRunMaintainerOutputAuthoring/generate-approved","Output":"--- PASS: TestRunMaintainerOutputAuthoring/generate-approved (0.03s)\n","OutputType":"frame"}
{"Time":"2026-10-09T03:59:22.712382926Z","Action":"pass","Package":"go.temporal.io/server/tools/gomad3/cmd/gomadtool","Test":"TestRunMaintainerOutputAuthoring/generate-approved","Elapsed":0.03}
{"Time":"2026-10-09T03:59:22.712403009Z","Action":"run","Package":"go.temporal.io/server/tools/gomad3/cmd/gomadtool","Test":"TestRunMaintainerOutputAuthoring/check"}
{"Time":"2026-10-09T03:59:22.712421468Z","Action":"output","Package":"go.temporal.io/server/tools/gomad3/cmd/gomadtool","Test":"TestRunMaintainerOutputAuthoring/check","Output":"=== RUN   TestRunMaintainerOutputAuthoring/check\n","OutputType":"frame"}
{"Time":"2026-10-09T03:59:22.743024968Z","Action":"output","Package":"go.temporal.io/server/tools/gomad3/cmd/gomadtool","Test":"TestRunMaintainerOutputAuthoring/check","Output":"    maintainer_output_test.go:110: stdout write observed EBADF\n"}
{"Time":"2026-10-09T03:59:22.743964676Z","Action":"output","Package":"go.temporal.io/server/tools/gomad3/cmd/gomadtool","Test":"TestRunMaintainerOutputAuthoring/check","Output":"--- PASS: TestRunMaintainerOutputAuthoring/check (0.03s)\n","OutputType":"frame"}
{"Time":"2026-10-09T03:59:22.743996093Z","Action":"pass","Package":"go.temporal.io/server/tools/gomad3/cmd/gomadtool","Test":"TestRunMaintainerOutputAuthoring/check","Elapsed":0.03}
{"Time":"2026-10-09T03:59:22.744016009Z","Action":"output","Package":"go.temporal.io/server/tools/gomad3/cmd/gomadtool","Test":"TestRunMaintainerOutputAuthoring","Output":"--- PASS: TestRunMaintainerOutputAuthoring (0.09s)\n","OutputType":"frame"}
{"Time":"2026-10-09T03:59:22.744029384Z","Action":"pass","Package":"go.temporal.io/server/tools/gomad3/cmd/gomadtool","Test":"TestRunMaintainerOutputAuthoring","Elapsed":0.09}
{"Time":"2026-10-09T03:59:22.744040801Z","Action":"run","Package":"go.temporal.io/server/tools/gomad3/cmd/gomadtool","Test":"TestRunMaintainerOutputPrimaryFailures"}
{"Time":"2026-10-09T03:59:22.744050676Z","Action":"output","Package":"go.temporal.io/server/tools/gomad3/cmd/gomadtool","Test":"TestRunMaintainerOutputPrimaryFailures","Output":"=== RUN   TestRunMaintainerOutputPrimaryFailures\n","OutputType":"frame"}
{"Time":"2026-10-09T03:59:22.744203843Z","Action":"run","Package":"go.temporal.io/server/tools/gomad3/cmd/gomadtool","Test":"TestRunMaintainerOutputPrimaryFailures/build-key/invalid"}
{"Time":"2026-10-09T03:59:22.744242426Z","Action":"output","Package":"go.temporal.io/server/tools/gomad3/cmd/gomadtool","Test":"TestRunMaintainerOutputPrimaryFailures/build-key/invalid","Output":"=== RUN   TestRunMaintainerOutputPrimaryFailures/build-key/invalid\n","OutputType":"frame"}
{"Time":"2026-10-09T03:59:22.745687676Z","Action":"output","Package":"go.temporal.io/server/tools/gomad3/cmd/gomadtool","Test":"TestRunMaintainerOutputPrimaryFailures/build-key/invalid","Output":"--- PASS: TestRunMaintainerOutputPrimaryFailures/build-key/invalid (0.00s)\n","OutputType":"frame"}
{"Time":"2026-10-09T03:59:22.745724426Z","Action":"pass","Package":"go.temporal.io/server/tools/gomad3/cmd/gomadtool","Test":"TestRunMaintainerOutputPrimaryFailures/build-key/invalid","Elapsed":0}
{"Time":"2026-10-09T03:59:22.745742634Z","Action":"run","Package":"go.temporal.io/server/tools/gomad3/cmd/gomadtool","Test":"TestRunMaintainerOutputPrimaryFailures/patch-validate/invalid"}
{"Time":"2026-10-09T03:59:22.745766509Z","Action":"output","Package":"go.temporal.io/server/tools/gomad3/cmd/gomadtool","Test":"TestRunMaintainerOutputPrimaryFailures/patch-validate/invalid","Output":"=== RUN   TestRunMaintainerOutputPrimaryFailures/patch-validate/invalid\n","OutputType":"frame"}
{"Time":"2026-10-09T03:59:22.746608968Z","Action":"output","Package":"go.temporal.io/server/tools/gomad3/cmd/gomadtool","Test":"TestRunMaintainerOutputPrimaryFailures/patch-validate/invalid","Output":"--- PASS: TestRunMaintainerOutputPrimaryFailures/patch-validate/invalid (0.00s)\n","OutputType":"frame"}
{"Time":"2026-10-09T03:59:22.746671384Z","Action":"pass","Package":"go.temporal.io/server/tools/gomad3/cmd/gomadtool","Test":"TestRunMaintainerOutputPrimaryFailures/patch-validate/invalid","Elapsed":0}
{"Time":"2026-10-09T03:59:22.746695801Z","Action":"run","Package":"go.temporal.io/server/tools/gomad3/cmd/gomadtool","Test":"TestRunMaintainerOutputPrimaryFailures/patch-validate/operation"}
{"Time":"2026-10-09T03:59:22.746714551Z","Action":"output","Package":"go.temporal.io/server/tools/gomad3/cmd/gomadtool","Test":"TestRunMaintainerOutputPrimaryFailures/patch-validate/operation","Output":"=== RUN   TestRunMaintainerOutputPrimaryFailures/patch-validate/operation\n","OutputType":"frame"}
{"Time":"2026-10-09T03:59:22.748391134Z","Action":"output","Package":"go.temporal.io/server/tools/gomad3/cmd/gomadtool","Test":"TestRunMaintainerOutputPrimaryFailures/patch-validate/operation","Output":"--- PASS: TestRunMaintainerOutputPrimaryFailures/patch-validate/operation (0.00s)\n","OutputType":"frame"}
{"Time":"2026-10-09T03:59:22.748427718Z","Action":"pass","Package":"go.temporal.io/server/tools/gomad3/cmd/gomadtool","Test":"TestRunMaintainerOutputPrimaryFailures/patch-validate/operation","Elapsed":0}
{"Time":"2026-10-09T03:59:22.748448676Z","Action":"run","Package":"go.temporal.io/server/tools/gomad3/cmd/gomadtool","Test":"TestRunMaintainerOutputPrimaryFailures/script-validate/invalid"}
{"Time":"2026-10-09T03:59:22.748474593Z","Action":"output","Package":"go.temporal.io/server/tools/gomad3/cmd/gomadtool","Test":"TestRunMaintainerOutputPrimaryFailures/script-validate/invalid","Output":"=== RUN   TestRunMaintainerOutputPrimaryFailures/script-validate/invalid\n","OutputType":"frame"}
{"Time":"2026-10-09T03:59:22.749260926Z","Action":"output","Package":"go.temporal.io/server/tools/gomad3/cmd/gomadtool","Test":"TestRunMaintainerOutputPrimaryFailures/script-validate/invalid","Output":"--- PASS: TestRunMaintainerOutputPrimaryFailures/script-validate/invalid (0.00s)\n","OutputType":"frame"}
{"Time":"2026-10-09T03:59:22.749291926Z","Action":"pass","Package":"go.temporal.io/server/tools/gomad3/cmd/gomadtool","Test":"TestRunMaintainerOutputPrimaryFailures/script-validate/invalid","Elapsed":0}
{"Time":"2026-10-09T03:59:22.749312343Z","Action":"run","Package":"go.temporal.io/server/tools/gomad3/cmd/gomadtool","Test":"TestRunMaintainerOutputPrimaryFailures/script-validate/operation"}
{"Time":"2026-10-09T03:59:22.749331051Z","Action":"output","Package":"go.temporal.io/server/tools/gomad3/cmd/gomadtool","Test":"TestRunMaintainerOutputPrimaryFailures/script-validate/operation","Output":"=== RUN   TestRunMaintainerOutputPrimaryFailures/script-validate/operation\n","OutputType":"frame"}
{"Time":"2026-10-09T03:59:22.750373926Z","Action":"output","Package":"go.temporal.io/server/tools/gomad3/cmd/gomadtool","Test":"TestRunMaintainerOutputPrimaryFailures/script-validate/operation","Output":"--- PASS: TestRunMaintainerOutputPrimaryFailures/script-validate/operation (0.00s)\n","OutputType":"frame"}
{"Time":"2026-10-09T03:59:22.750398551Z","Action":"pass","Package":"go.temporal.io/server/tools/gomad3/cmd/gomadtool","Test":"TestRunMaintainerOutputPrimaryFailures/script-validate/operation","Elapsed":0}
{"Time":"2026-10-09T03:59:22.750415426Z","Action":"run","Package":"go.temporal.io/server/tools/gomad3/cmd/gomadtool","Test":"TestRunMaintainerOutputPrimaryFailures/patch-materialize/invalid"}
{"Time":"2026-10-09T03:59:22.750436926Z","Action":"output","Package":"go.temporal.io/server/tools/gomad3/cmd/gomadtool","Test":"TestRunMaintainerOutputPrimaryFailures/patch-materialize/invalid","Output":"=== RUN   TestRunMaintainerOutputPrimaryFailures/patch-materialize/invalid\n","OutputType":"frame"}
{"Time":"2026-10-09T03:59:22.751270259Z","Action":"output","Package":"go.temporal.io/server/tools/gomad3/cmd/gomadtool","Test":"TestRunMaintainerOutputPrimaryFailures/patch-materialize/invalid","Output":"--- PASS: TestRunMaintainerOutputPrimaryFailures/patch-materialize/invalid (0.00s)\n","OutputType":"frame"}
{"Time":"2026-10-09T03:59:22.751294259Z","Action":"pass","Package":"go.temporal.io/server/tools/gomad3/cmd/gomadtool","Test":"TestRunMaintainerOutputPrimaryFailures/patch-materialize/invalid","Elapsed":0}
{"Time":"2026-10-09T03:59:22.751326884Z","Action":"run","Package":"go.temporal.io/server/tools/gomad3/cmd/gomadtool","Test":"TestRunMaintainerOutputPrimaryFailures/patch-regenerate/invalid"}
{"Time":"2026-10-09T03:59:22.751347718Z","Action":"output","Package":"go.temporal.io/server/tools/gomad3/cmd/gomadtool","Test":"TestRunMaintainerOutputPrimaryFailures/patch-regenerate/invalid","Output":"=== RUN   TestRunMaintainerOutputPrimaryFailures/patch-regenerate/invalid\n","OutputType":"frame"}
{"Time":"2026-10-09T03:59:22.752326009Z","Action":"output","Package":"go.temporal.io/server/tools/gomad3/cmd/gomadtool","Test":"TestRunMaintainerOutputPrimaryFailures/patch-regenerate/invalid","Output":"--- PASS: TestRunMaintainerOutputPrimaryFailures/patch-regenerate/invalid (0.00s)\n","OutputType":"frame"}
{"Time":"2026-10-09T03:59:22.752354551Z","Action":"pass","Package":"go.temporal.io/server/tools/gomad3/cmd/gomadtool","Test":"TestRunMaintainerOutputPrimaryFailures/patch-regenerate/invalid","Elapsed":0}
{"Time":"2026-10-09T03:59:22.752370134Z","Action":"run","Package":"go.temporal.io/server/tools/gomad3/cmd/gomadtool","Test":"TestRunMaintainerOutputPrimaryFailures/test/invalid"}
{"Time":"2026-10-09T03:59:22.752388343Z","Action":"output","Package":"go.temporal.io/server/tools/gomad3/cmd/gomadtool","Test":"TestRunMaintainerOutputPrimaryFailures/test/invalid","Output":"=== RUN   TestRunMaintainerOutputPrimaryFailures/test/invalid\n","OutputType":"frame"}
{"Time":"2026-10-09T03:59:22.753159759Z","Action":"output","Package":"go.temporal.io/server/tools/gomad3/cmd/gomadtool","Test":"TestRunMaintainerOutputPrimaryFailures/test/invalid","Output":"--- PASS: TestRunMaintainerOutputPrimaryFailures/test/invalid (0.00s)\n","OutputType":"frame"}
{"Time":"2026-10-09T03:59:22.753201509Z","Action":"pass","Package":"go.temporal.io/server/tools/gomad3/cmd/gomadtool","Test":"TestRunMaintainerOutputPrimaryFailures/test/invalid","Elapsed":0}
{"Time":"2026-10-09T03:59:22.753216176Z","Action":"run","Package":"go.temporal.io/server/tools/gomad3/cmd/gomadtool","Test":"TestRunMaintainerOutputPrimaryFailures/toolchain-build/invalid"}
{"Time":"2026-10-09T03:59:22.753228259Z","Action":"output","Package":"go.temporal.io/server/tools/gomad3/cmd/gomadtool","Test":"TestRunMaintainerOutputPrimaryFailures/toolchain-build/invalid","Output":"=== RUN   TestRunMaintainerOutputPrimaryFailures/toolchain-build/invalid\n","OutputType":"frame"}
{"Time":"2026-10-09T03:59:22.754145968Z","Action":"output","Package":"go.temporal.io/server/tools/gomad3/cmd/gomadtool","Test":"TestRunMaintainerOutputPrimaryFailures/toolchain-build/invalid","Output":"--- PASS: TestRunMaintainerOutputPrimaryFailures/toolchain-build/invalid (0.00s)\n","OutputType":"frame"}
{"Time":"2026-10-09T03:59:22.754178176Z","Action":"pass","Package":"go.temporal.io/server/tools/gomad3/cmd/gomadtool","Test":"TestRunMaintainerOutputPrimaryFailures/toolchain-build/invalid","Elapsed":0}
{"Time":"2026-10-09T03:59:22.754202176Z","Action":"run","Package":"go.temporal.io/server/tools/gomad3/cmd/gomadtool","Test":"TestRunMaintainerOutputPrimaryFailures/boundary-generate/invalid"}
{"Time":"2026-10-09T03:59:22.754219801Z","Action":"output","Package":"go.temporal.io/server/tools/gomad3/cmd/gomadtool","Test":"TestRunMaintainerOutputPrimaryFailures/boundary-generate/invalid","Output":"=== RUN   TestRunMaintainerOutputPrimaryFailures/boundary-generate/invalid\n","OutputType":"frame"}
{"Time":"2026-10-09T03:59:22.755036468Z","Action":"output","Package":"go.temporal.io/server/tools/gomad3/cmd/gomadtool","Test":"TestRunMaintainerOutputPrimaryFailures/boundary-generate/invalid","Output":"--- PASS: TestRunMaintainerOutputPrimaryFailures/boundary-generate/invalid (0.00s)\n","OutputType":"frame"}
{"Time":"2026-10-09T03:59:22.755072343Z","Action":"pass","Package":"go.temporal.io/server/tools/gomad3/cmd/gomadtool","Test":"TestRunMaintainerOutputPrimaryFailures/boundary-generate/invalid","Elapsed":0}
{"Time":"2026-10-09T03:59:22.755093259Z","Action":"run","Package":"go.temporal.io/server/tools/gomad3/cmd/gomadtool","Test":"TestRunMaintainerOutputPrimaryFailures/boundary-generate/operation"}
{"Time":"2026-10-09T03:59:22.755119051Z","Action":"output","Package":"go.temporal.io/server/tools/gomad3/cmd/gomadtool","Test":"TestRunMaintainerOutputPrimaryFailures/boundary-generate/operation","Output":"=== RUN   TestRunMaintainerOutputPrimaryFailures/boundary-generate/operation\n","OutputType":"frame"}
{"Time":"2026-10-09T03:59:22.756013426Z","Action":"output","Package":"go.temporal.io/server/tools/gomad3/cmd/gomadtool","Test":"TestRunMaintainerOutputPrimaryFailures/boundary-generate/operation","Output":"--- PASS: TestRunMaintainerOutputPrimaryFailures/boundary-generate/operation (0.00s)\n","OutputType":"frame"}
{"Time":"2026-10-09T03:59:22.756051259Z","Action":"pass","Package":"go.temporal.io/server/tools/gomad3/cmd/gomadtool","Test":"TestRunMaintainerOutputPrimaryFailures/boundary-generate/operation","Elapsed":0}
{"Time":"2026-10-09T03:59:22.756073426Z","Action":"run","Package":"go.temporal.io/server/tools/gomad3/cmd/gomadtool","Test":"TestRunMaintainerOutputPrimaryFailures/compatibility-pack/invalid"}
{"Time":"2026-10-09T03:59:22.756116801Z","Action":"output","Package":"go.temporal.io/server/tools/gomad3/cmd/gomadtool","Test":"TestRunMaintainerOutputPrimaryFailures/compatibility-pack/invalid","Output":"=== RUN   TestRunMaintainerOutputPrimaryFailures/compatibility-pack/invalid\n","OutputType":"frame"}
{"Time":"2026-10-09T03:59:22.757612343Z","Action":"output","Package":"go.temporal.io/server/tools/gomad3/cmd/gomadtool","Test":"TestRunMaintainerOutputPrimaryFailures/compatibility-pack/invalid","Output":"    maintainer_output_test.go:166: primary status = 1, want 2\n","OutputType":"error"}
{"Time":"2026-10-09T03:59:22.757920509Z","Action":"output","Package":"go.temporal.io/server/tools/gomad3/cmd/gomadtool","Test":"TestRunMaintainerOutputPrimaryFailures/compatibility-pack/invalid","Output":"--- FAIL: TestRunMaintainerOutputPrimaryFailures/compatibility-pack/invalid (0.00s)\n","OutputType":"frame"}
{"Time":"2026-10-09T03:59:22.757953718Z","Action":"fail","Package":"go.temporal.io/server/tools/gomad3/cmd/gomadtool","Test":"TestRunMaintainerOutputPrimaryFailures/compatibility-pack/invalid","Elapsed":0}
{"Time":"2026-10-09T03:59:22.757977843Z","Action":"run","Package":"go.temporal.io/server/tools/gomad3/cmd/gomadtool","Test":"TestRunMaintainerOutputPrimaryFailures/upgrade-dossier/invalid"}
{"Time":"2026-10-09T03:59:22.758002759Z","Action":"output","Package":"go.temporal.io/server/tools/gomad3/cmd/gomadtool","Test":"TestRunMaintainerOutputPrimaryFailures/upgrade-dossier/invalid","Output":"=== RUN   TestRunMaintainerOutputPrimaryFailures/upgrade-dossier/invalid\n","OutputType":"frame"}
{"Time":"2026-10-09T03:59:22.758747426Z","Action":"output","Package":"go.temporal.io/server/tools/gomad3/cmd/gomadtool","Test":"TestRunMaintainerOutputPrimaryFailures/upgrade-dossier/invalid","Output":"--- PASS: TestRunMaintainerOutputPrimaryFailures/upgrade-dossier/invalid (0.00s)\n","OutputType":"frame"}
{"Time":"2026-10-09T03:59:22.758762343Z","Action":"pass","Package":"go.temporal.io/server/tools/gomad3/cmd/gomadtool","Test":"TestRunMaintainerOutputPrimaryFailures/upgrade-dossier/invalid","Elapsed":0}
{"Time":"2026-10-09T03:59:22.758945301Z","Action":"output","Package":"go.temporal.io/server/tools/gomad3/cmd/gomadtool","Test":"TestRunMaintainerOutputPrimaryFailures","Output":"--- FAIL: TestRunMaintainerOutputPrimaryFailures (0.01s)\n","OutputType":"frame"}
{"Time":"2026-10-09T03:59:22.758975468Z","Action":"fail","Package":"go.temporal.io/server/tools/gomad3/cmd/gomadtool","Test":"TestRunMaintainerOutputPrimaryFailures","Elapsed":0.01}
{"Time":"2026-10-09T03:59:22.759125176Z","Action":"output","Package":"go.temporal.io/server/tools/gomad3/cmd/gomadtool","Output":"FAIL\n","OutputType":"frame"}
{"Time":"2026-10-09T03:59:22.760403176Z","Action":"output","Package":"go.temporal.io/server/tools/gomad3/cmd/gomadtool","Output":"FAIL\tgo.temporal.io/server/tools/gomad3/cmd/gomadtool\t2.046s\n","OutputType":"frame"}
{"Time":"2026-10-09T03:59:22.760453676Z","Action":"fail","Package":"go.temporal.io/server/tools/gomad3/cmd/gomadtool","Elapsed":2.046}
