{"Time":"2026-10-09T04:02:01.802074502Z","Action":"start","Package":"go.temporal.io/server/tools/gomad3/cmd/gomadtool"}
{"Time":"2026-10-09T04:02:01.814898168Z","Action":"run","Package":"go.temporal.io/server/tools/gomad3/cmd/gomadtool","Test":"TestCompatibilityPackSourceUsagePreservesBytesAndWriteFailure"}
{"Time":"2026-10-09T04:02:01.814957127Z","Action":"output","Package":"go.temporal.io/server/tools/gomad3/cmd/gomadtool","Test":"TestCompatibilityPackSourceUsagePreservesBytesAndWriteFailure","Output":"=== RUN   TestCompatibilityPackSourceUsagePreservesBytesAndWriteFailure\n","OutputType":"frame"}
{"Time":"2026-10-09T04:02:01.815038752Z","Action":"run","Package":"go.temporal.io/server/tools/gomad3/cmd/gomadtool","Test":"TestCompatibilityPackSourceUsagePreservesBytesAndWriteFailure/no_command"}
{"Time":"2026-10-09T04:02:01.815062835Z","Action":"output","Package":"go.temporal.io/server/tools/gomad3/cmd/gomadtool","Test":"TestCompatibilityPackSourceUsagePreservesBytesAndWriteFailure/no_command","Output":"=== RUN   TestCompatibilityPackSourceUsagePreservesBytesAndWriteFailure/no_command\n","OutputType":"frame"}
{"Time":"2026-10-09T04:02:01.815093085Z","Action":"output","Package":"go.temporal.io/server/tools/gomad3/cmd/gomadtool","Test":"TestCompatibilityPackSourceUsagePreservesBytesAndWriteFailure/no_command","Output":"--- PASS: TestCompatibilityPackSourceUsagePreservesBytesAndWriteFailure/no_command (0.00s)\n","OutputType":"frame"}
{"Time":"2026-10-09T04:02:01.815116168Z","Action":"pass","Package":"go.temporal.io/server/tools/gomad3/cmd/gomadtool","Test":"TestCompatibilityPackSourceUsagePreservesBytesAndWriteFailure/no_command","Elapsed":0}
{"Time":"2026-10-09T04:02:01.815145002Z","Action":"run","Package":"go.temporal.io/server/tools/gomad3/cmd/gomadtool","Test":"TestCompatibilityPackSourceUsagePreservesBytesAndWriteFailure/unknown_command"}
{"Time":"2026-10-09T04:02:01.815162668Z","Action":"output","Package":"go.temporal.io/server/tools/gomad3/cmd/gomadtool","Test":"TestCompatibilityPackSourceUsagePreservesBytesAndWriteFailure/unknown_command","Output":"=== RUN   TestCompatibilityPackSourceUsagePreservesBytesAndWriteFailure/unknown_command\n","OutputType":"frame"}
{"Time":"2026-10-09T04:02:01.815179877Z","Action":"output","Package":"go.temporal.io/server/tools/gomad3/cmd/gomadtool","Test":"TestCompatibilityPackSourceUsagePreservesBytesAndWriteFailure/unknown_command","Output":"--- PASS: TestCompatibilityPackSourceUsagePreservesBytesAndWriteFailure/unknown_command (0.00s)\n","OutputType":"frame"}
{"Time":"2026-10-09T04:02:01.815194877Z","Action":"pass","Package":"go.temporal.io/server/tools/gomad3/cmd/gomadtool","Test":"TestCompatibilityPackSourceUsagePreservesBytesAndWriteFailure/unknown_command","Elapsed":0}
{"Time":"2026-10-09T04:02:01.815211752Z","Action":"run","Package":"go.temporal.io/server/tools/gomad3/cmd/gomadtool","Test":"TestCompatibilityPackSourceUsagePreservesBytesAndWriteFailure/no_command_closed_writer"}
{"Time":"2026-10-09T04:02:01.81522571Z","Action":"output","Package":"go.temporal.io/server/tools/gomad3/cmd/gomadtool","Test":"TestCompatibilityPackSourceUsagePreservesBytesAndWriteFailure/no_command_closed_writer","Output":"=== RUN   TestCompatibilityPackSourceUsagePreservesBytesAndWriteFailure/no_command_closed_writer\n","OutputType":"frame"}
{"Time":"2026-10-09T04:02:01.816413168Z","Action":"output","Package":"go.temporal.io/server/tools/gomad3/cmd/gomadtool","Test":"TestCompatibilityPackSourceUsagePreservesBytesAndWriteFailure/no_command_closed_writer","Output":"--- PASS: TestCompatibilityPackSourceUsagePreservesBytesAndWriteFailure/no_command_closed_writer (0.00s)\n","OutputType":"frame"}
{"Time":"2026-10-09T04:02:01.816446418Z","Action":"pass","Package":"go.temporal.io/server/tools/gomad3/cmd/gomadtool","Test":"TestCompatibilityPackSourceUsagePreservesBytesAndWriteFailure/no_command_closed_writer","Elapsed":0}
{"Time":"2026-10-09T04:02:01.816474877Z","Action":"run","Package":"go.temporal.io/server/tools/gomad3/cmd/gomadtool","Test":"TestCompatibilityPackSourceUsagePreservesBytesAndWriteFailure/unknown_command_closed_writer"}
{"Time":"2026-10-09T04:02:01.816528377Z","Action":"output","Package":"go.temporal.io/server/tools/gomad3/cmd/gomadtool","Test":"TestCompatibilityPackSourceUsagePreservesBytesAndWriteFailure/unknown_command_closed_writer","Output":"=== RUN   TestCompatibilityPackSourceUsagePreservesBytesAndWriteFailure/unknown_command_closed_writer\n","OutputType":"frame"}
{"Time":"2026-10-09T04:02:01.817659543Z","Action":"output","Package":"go.temporal.io/server/tools/gomad3/cmd/gomadtool","Test":"TestCompatibilityPackSourceUsagePreservesBytesAndWriteFailure/unknown_command_closed_writer","Output":"--- PASS: TestCompatibilityPackSourceUsagePreservesBytesAndWriteFailure/unknown_command_closed_writer (0.00s)\n","OutputType":"frame"}
{"Time":"2026-10-09T04:02:01.817706085Z","Action":"pass","Package":"go.temporal.io/server/tools/gomad3/cmd/gomadtool","Test":"TestCompatibilityPackSourceUsagePreservesBytesAndWriteFailure/unknown_command_closed_writer","Elapsed":0}
{"Time":"2026-10-09T04:02:01.817748418Z","Action":"output","Package":"go.temporal.io/server/tools/gomad3/cmd/gomadtool","Test":"TestCompatibilityPackSourceUsagePreservesBytesAndWriteFailure","Output":"--- PASS: TestCompatibilityPackSourceUsagePreservesBytesAndWriteFailure (0.00s)\n","OutputType":"frame"}
{"Time":"2026-10-09T04:02:01.817787585Z","Action":"pass","Package":"go.temporal.io/server/tools/gomad3/cmd/gomadtool","Test":"TestCompatibilityPackSourceUsagePreservesBytesAndWriteFailure","Elapsed":0}
{"Time":"2026-10-09T04:02:01.817814043Z","Action":"run","Package":"go.temporal.io/server/tools/gomad3/cmd/gomadtool","Test":"TestRunMaintainerOutputPrimaryFailures"}
{"Time":"2026-10-09T04:02:01.81787821Z","Action":"output","Package":"go.temporal.io/server/tools/gomad3/cmd/gomadtool","Test":"TestRunMaintainerOutputPrimaryFailures","Output":"=== RUN   TestRunMaintainerOutputPrimaryFailures\n","OutputType":"frame"}
{"Time":"2026-10-09T04:02:01.81856771Z","Action":"run","Package":"go.temporal.io/server/tools/gomad3/cmd/gomadtool","Test":"TestRunMaintainerOutputPrimaryFailures/build-key/invalid"}
{"Time":"2026-10-09T04:02:01.818592627Z","Action":"output","Package":"go.temporal.io/server/tools/gomad3/cmd/gomadtool","Test":"TestRunMaintainerOutputPrimaryFailures/build-key/invalid","Output":"=== RUN   TestRunMaintainerOutputPrimaryFailures/build-key/invalid\n","OutputType":"frame"}
{"Time":"2026-10-09T04:02:01.819758668Z","Action":"output","Package":"go.temporal.io/server/tools/gomad3/cmd/gomadtool","Test":"TestRunMaintainerOutputPrimaryFailures/build-key/invalid","Output":"--- PASS: TestRunMaintainerOutputPrimaryFailures/build-key/invalid (0.00s)\n","OutputType":"frame"}
{"Time":"2026-10-09T04:02:01.819794168Z","Action":"pass","Package":"go.temporal.io/server/tools/gomad3/cmd/gomadtool","Test":"TestRunMaintainerOutputPrimaryFailures/build-key/invalid","Elapsed":0}
{"Time":"2026-10-09T04:02:01.819854293Z","Action":"run","Package":"go.temporal.io/server/tools/gomad3/cmd/gomadtool","Test":"TestRunMaintainerOutputPrimaryFailures/patch-validate/invalid"}
{"Time":"2026-10-09T04:02:01.81987696Z","Action":"output","Package":"go.temporal.io/server/tools/gomad3/cmd/gomadtool","Test":"TestRunMaintainerOutputPrimaryFailures/patch-validate/invalid","Output":"=== RUN   TestRunMaintainerOutputPrimaryFailures/patch-validate/invalid\n","OutputType":"frame"}
{"Time":"2026-10-09T04:02:01.82087996Z","Action":"output","Package":"go.temporal.io/server/tools/gomad3/cmd/gomadtool","Test":"TestRunMaintainerOutputPrimaryFailures/patch-validate/invalid","Output":"--- PASS: TestRunMaintainerOutputPrimaryFailures/patch-validate/invalid (0.00s)\n","OutputType":"frame"}
{"Time":"2026-10-09T04:02:01.820907668Z","Action":"pass","Package":"go.temporal.io/server/tools/gomad3/cmd/gomadtool","Test":"TestRunMaintainerOutputPrimaryFailures/patch-validate/invalid","Elapsed":0}
{"Time":"2026-10-09T04:02:01.820928668Z","Action":"run","Package":"go.temporal.io/server/tools/gomad3/cmd/gomadtool","Test":"TestRunMaintainerOutputPrimaryFailures/patch-validate/operation"}
{"Time":"2026-10-09T04:02:01.820976418Z","Action":"output","Package":"go.temporal.io/server/tools/gomad3/cmd/gomadtool","Test":"TestRunMaintainerOutputPrimaryFailures/patch-validate/operation","Output":"=== RUN   TestRunMaintainerOutputPrimaryFailures/patch-validate/operation\n","OutputType":"frame"}
{"Time":"2026-10-09T04:02:01.82214071Z","Action":"output","Package":"go.temporal.io/server/tools/gomad3/cmd/gomadtool","Test":"TestRunMaintainerOutputPrimaryFailures/patch-validate/operation","Output":"--- PASS: TestRunMaintainerOutputPrimaryFailures/patch-validate/operation (0.00s)\n","OutputType":"frame"}
{"Time":"2026-10-09T04:02:01.822180252Z","Action":"pass","Package":"go.temporal.io/server/tools/gomad3/cmd/gomadtool","Test":"TestRunMaintainerOutputPrimaryFailures/patch-validate/operation","Elapsed":0}
{"Time":"2026-10-09T04:02:01.822204127Z","Action":"run","Package":"go.temporal.io/server/tools/gomad3/cmd/gomadtool","Test":"TestRunMaintainerOutputPrimaryFailures/script-validate/invalid"}
{"Time":"2026-10-09T04:02:01.822228043Z","Action":"output","Package":"go.temporal.io/server/tools/gomad3/cmd/gomadtool","Test":"TestRunMaintainerOutputPrimaryFailures/script-validate/invalid","Output":"=== RUN   TestRunMaintainerOutputPrimaryFailures/script-validate/invalid\n","OutputType":"frame"}
{"Time":"2026-10-09T04:02:01.823335002Z","Action":"output","Package":"go.temporal.io/server/tools/gomad3/cmd/gomadtool","Test":"TestRunMaintainerOutputPrimaryFailures/script-validate/invalid","Output":"--- PASS: TestRunMaintainerOutputPrimaryFailures/script-validate/invalid (0.00s)\n","OutputType":"frame"}
{"Time":"2026-10-09T04:02:01.823368668Z","Action":"pass","Package":"go.temporal.io/server/tools/gomad3/cmd/gomadtool","Test":"TestRunMaintainerOutputPrimaryFailures/script-validate/invalid","Elapsed":0}
{"Time":"2026-10-09T04:02:01.823393335Z","Action":"run","Package":"go.temporal.io/server/tools/gomad3/cmd/gomadtool","Test":"TestRunMaintainerOutputPrimaryFailures/script-validate/operation"}
{"Time":"2026-10-09T04:02:01.823419252Z","Action":"output","Package":"go.temporal.io/server/tools/gomad3/cmd/gomadtool","Test":"TestRunMaintainerOutputPrimaryFailures/script-validate/operation","Output":"=== RUN   TestRunMaintainerOutputPrimaryFailures/script-validate/operation\n","OutputType":"frame"}
{"Time":"2026-10-09T04:02:01.82445671Z","Action":"output","Package":"go.temporal.io/server/tools/gomad3/cmd/gomadtool","Test":"TestRunMaintainerOutputPrimaryFailures/script-validate/operation","Output":"--- PASS: TestRunMaintainerOutputPrimaryFailures/script-validate/operation (0.00s)\n","OutputType":"frame"}
{"Time":"2026-10-09T04:02:01.824491168Z","Action":"pass","Package":"go.temporal.io/server/tools/gomad3/cmd/gomadtool","Test":"TestRunMaintainerOutputPrimaryFailures/script-validate/operation","Elapsed":0}
{"Time":"2026-10-09T04:02:01.824517293Z","Action":"run","Package":"go.temporal.io/server/tools/gomad3/cmd/gomadtool","Test":"TestRunMaintainerOutputPrimaryFailures/patch-materialize/invalid"}
{"Time":"2026-10-09T04:02:01.824542043Z","Action":"output","Package":"go.temporal.io/server/tools/gomad3/cmd/gomadtool","Test":"TestRunMaintainerOutputPrimaryFailures/patch-materialize/invalid","Output":"=== RUN   TestRunMaintainerOutputPrimaryFailures/patch-materialize/invalid\n","OutputType":"frame"}
{"Time":"2026-10-09T04:02:01.825544252Z","Action":"output","Package":"go.temporal.io/server/tools/gomad3/cmd/gomadtool","Test":"TestRunMaintainerOutputPrimaryFailures/patch-materialize/invalid","Output":"--- PASS: TestRunMaintainerOutputPrimaryFailures/patch-materialize/invalid (0.00s)\n","OutputType":"frame"}
{"Time":"2026-10-09T04:02:01.825567793Z","Action":"pass","Package":"go.temporal.io/server/tools/gomad3/cmd/gomadtool","Test":"TestRunMaintainerOutputPrimaryFailures/patch-materialize/invalid","Elapsed":0}
{"Time":"2026-10-09T04:02:01.82558321Z","Action":"run","Package":"go.temporal.io/server/tools/gomad3/cmd/gomadtool","Test":"TestRunMaintainerOutputPrimaryFailures/patch-regenerate/invalid"}
{"Time":"2026-10-09T04:02:01.825598793Z","Action":"output","Package":"go.temporal.io/server/tools/gomad3/cmd/gomadtool","Test":"TestRunMaintainerOutputPrimaryFailures/patch-regenerate/invalid","Output":"=== RUN   TestRunMaintainerOutputPrimaryFailures/patch-regenerate/invalid\n","OutputType":"frame"}
{"Time":"2026-10-09T04:02:01.82662671Z","Action":"output","Package":"go.temporal.io/server/tools/gomad3/cmd/gomadtool","Test":"TestRunMaintainerOutputPrimaryFailures/patch-regenerate/invalid","Output":"--- PASS: TestRunMaintainerOutputPrimaryFailures/patch-regenerate/invalid (0.00s)\n","OutputType":"frame"}
{"Time":"2026-10-09T04:02:01.826658168Z","Action":"pass","Package":"go.temporal.io/server/tools/gomad3/cmd/gomadtool","Test":"TestRunMaintainerOutputPrimaryFailures/patch-regenerate/invalid","Elapsed":0}
{"Time":"2026-10-09T04:02:01.82668071Z","Action":"run","Package":"go.temporal.io/server/tools/gomad3/cmd/gomadtool","Test":"TestRunMaintainerOutputPrimaryFailures/test/invalid"}
{"Time":"2026-10-09T04:02:01.82669946Z","Action":"output","Package":"go.temporal.io/server/tools/gomad3/cmd/gomadtool","Test":"TestRunMaintainerOutputPrimaryFailures/test/invalid","Output":"=== RUN   TestRunMaintainerOutputPrimaryFailures/test/invalid\n","OutputType":"frame"}
{"Time":"2026-10-09T04:02:01.827585168Z","Action":"output","Package":"go.temporal.io/server/tools/gomad3/cmd/gomadtool","Test":"TestRunMaintainerOutputPrimaryFailures/test/invalid","Output":"--- PASS: TestRunMaintainerOutputPrimaryFailures/test/invalid (0.00s)\n","OutputType":"frame"}
{"Time":"2026-10-09T04:02:01.827653002Z","Action":"pass","Package":"go.temporal.io/server/tools/gomad3/cmd/gomadtool","Test":"TestRunMaintainerOutputPrimaryFailures/test/invalid","Elapsed":0}
{"Time":"2026-10-09T04:02:01.827685043Z","Action":"run","Package":"go.temporal.io/server/tools/gomad3/cmd/gomadtool","Test":"TestRunMaintainerOutputPrimaryFailures/toolchain-build/invalid"}
{"Time":"2026-10-09T04:02:01.827706877Z","Action":"output","Package":"go.temporal.io/server/tools/gomad3/cmd/gomadtool","Test":"TestRunMaintainerOutputPrimaryFailures/toolchain-build/invalid","Output":"=== RUN   TestRunMaintainerOutputPrimaryFailures/toolchain-build/invalid\n","OutputType":"frame"}
{"Time":"2026-10-09T04:02:01.828792043Z","Action":"output","Package":"go.temporal.io/server/tools/gomad3/cmd/gomadtool","Test":"TestRunMaintainerOutputPrimaryFailures/toolchain-build/invalid","Output":"--- PASS: TestRunMaintainerOutputPrimaryFailures/toolchain-build/invalid (0.00s)\n","OutputType":"frame"}
{"Time":"2026-10-09T04:02:01.828889002Z","Action":"pass","Package":"go.temporal.io/server/tools/gomad3/cmd/gomadtool","Test":"TestRunMaintainerOutputPrimaryFailures/toolchain-build/invalid","Elapsed":0}
{"Time":"2026-10-09T04:02:01.828924002Z","Action":"run","Package":"go.temporal.io/server/tools/gomad3/cmd/gomadtool","Test":"TestRunMaintainerOutputPrimaryFailures/boundary-generate/invalid"}
{"Time":"2026-10-09T04:02:01.828951293Z","Action":"output","Package":"go.temporal.io/server/tools/gomad3/cmd/gomadtool","Test":"TestRunMaintainerOutputPrimaryFailures/boundary-generate/invalid","Output":"=== RUN   TestRunMaintainerOutputPrimaryFailures/boundary-generate/invalid\n","OutputType":"frame"}
{"Time":"2026-10-09T04:02:01.830304418Z","Action":"output","Package":"go.temporal.io/server/tools/gomad3/cmd/gomadtool","Test":"TestRunMaintainerOutputPrimaryFailures/boundary-generate/invalid","Output":"--- PASS: TestRunMaintainerOutputPrimaryFailures/boundary-generate/invalid (0.00s)\n","OutputType":"frame"}
{"Time":"2026-10-09T04:02:01.83038271Z","Action":"pass","Package":"go.temporal.io/server/tools/gomad3/cmd/gomadtool","Test":"TestRunMaintainerOutputPrimaryFailures/boundary-generate/invalid","Elapsed":0}
{"Time":"2026-10-09T04:02:01.83042096Z","Action":"run","Package":"go.temporal.io/server/tools/gomad3/cmd/gomadtool","Test":"TestRunMaintainerOutputPrimaryFailures/boundary-generate/operation"}
{"Time":"2026-10-09T04:02:01.830452502Z","Action":"output","Package":"go.temporal.io/server/tools/gomad3/cmd/gomadtool","Test":"TestRunMaintainerOutputPrimaryFailures/boundary-generate/operation","Output":"=== RUN   TestRunMaintainerOutputPrimaryFailures/boundary-generate/operation\n","OutputType":"frame"}
{"Time":"2026-10-09T04:02:01.841921335Z","Action":"output","Package":"go.temporal.io/server/tools/gomad3/cmd/gomadtool","Test":"TestRunMaintainerOutputPrimaryFailures/boundary-generate/operation","Output":"--- PASS: TestRunMaintainerOutputPrimaryFailures/boundary-generate/operation (0.01s)\n","OutputType":"frame"}
{"Time":"2026-10-09T04:02:01.841974002Z","Action":"pass","Package":"go.temporal.io/server/tools/gomad3/cmd/gomadtool","Test":"TestRunMaintainerOutputPrimaryFailures/boundary-generate/operation","Elapsed":0.01}
{"Time":"2026-10-09T04:02:01.84200321Z","Action":"run","Package":"go.temporal.io/server/tools/gomad3/cmd/gomadtool","Test":"TestRunMaintainerOutputPrimaryFailures/compatibility-pack/invalid"}
{"Time":"2026-10-09T04:02:01.842022877Z","Action":"output","Package":"go.temporal.io/server/tools/gomad3/cmd/gomadtool","Test":"TestRunMaintainerOutputPrimaryFailures/compatibility-pack/invalid","Output":"=== RUN   TestRunMaintainerOutputPrimaryFailures/compatibility-pack/invalid\n","OutputType":"frame"}
{"Time":"2026-10-09T04:02:01.843075918Z","Action":"output","Package":"go.temporal.io/server/tools/gomad3/cmd/gomadtool","Test":"TestRunMaintainerOutputPrimaryFailures/compatibility-pack/invalid","Output":"--- PASS: TestRunMaintainerOutputPrimaryFailures/compatibility-pack/invalid (0.00s)\n","OutputType":"frame"}
{"Time":"2026-10-09T04:02:01.84310521Z","Action":"pass","Package":"go.temporal.io/server/tools/gomad3/cmd/gomadtool","Test":"TestRunMaintainerOutputPrimaryFailures/compatibility-pack/invalid","Elapsed":0}
{"Time":"2026-10-09T04:02:01.843120502Z","Action":"run","Package":"go.temporal.io/server/tools/gomad3/cmd/gomadtool","Test":"TestRunMaintainerOutputPrimaryFailures/upgrade-dossier/invalid"}
{"Time":"2026-10-09T04:02:01.843139752Z","Action":"output","Package":"go.temporal.io/server/tools/gomad3/cmd/gomadtool","Test":"TestRunMaintainerOutputPrimaryFailures/upgrade-dossier/invalid","Output":"=== RUN   TestRunMaintainerOutputPrimaryFailures/upgrade-dossier/invalid\n","OutputType":"frame"}
{"Time":"2026-10-09T04:02:01.844205335Z","Action":"output","Package":"go.temporal.io/server/tools/gomad3/cmd/gomadtool","Test":"TestRunMaintainerOutputPrimaryFailures/upgrade-dossier/invalid","Output":"--- PASS: TestRunMaintainerOutputPrimaryFailures/upgrade-dossier/invalid (0.00s)\n","OutputType":"frame"}
{"Time":"2026-10-09T04:02:01.84424896Z","Action":"pass","Package":"go.temporal.io/server/tools/gomad3/cmd/gomadtool","Test":"TestRunMaintainerOutputPrimaryFailures/upgrade-dossier/invalid","Elapsed":0}
{"Time":"2026-10-09T04:02:01.844492543Z","Action":"output","Package":"go.temporal.io/server/tools/gomad3/cmd/gomadtool","Test":"TestRunMaintainerOutputPrimaryFailures","Output":"--- PASS: TestRunMaintainerOutputPrimaryFailures (0.03s)\n","OutputType":"frame"}
{"Time":"2026-10-09T04:02:01.844534627Z","Action":"pass","Package":"go.temporal.io/server/tools/gomad3/cmd/gomadtool","Test":"TestRunMaintainerOutputPrimaryFailures","Elapsed":0.03}
{"Time":"2026-10-09T04:02:01.84455621Z","Action":"run","Package":"go.temporal.io/server/tools/gomad3/cmd/gomadtool","Test":"TestRunCompatibilityPackUsageStatusPreservation"}
{"Time":"2026-10-09T04:02:01.844584502Z","Action":"output","Package":"go.temporal.io/server/tools/gomad3/cmd/gomadtool","Test":"TestRunCompatibilityPackUsageStatusPreservation","Output":"=== RUN   TestRunCompatibilityPackUsageStatusPreservation\n","OutputType":"frame"}
{"Time":"2026-10-09T04:02:01.844638543Z","Action":"run","Package":"go.temporal.io/server/tools/gomad3/cmd/gomadtool","Test":"TestRunCompatibilityPackUsageStatusPreservation/missing_subcommand"}
{"Time":"2026-10-09T04:02:01.844749585Z","Action":"output","Package":"go.temporal.io/server/tools/gomad3/cmd/gomadtool","Test":"TestRunCompatibilityPackUsageStatusPreservation/missing_subcommand","Output":"=== RUN   TestRunCompatibilityPackUsageStatusPreservation/missing_subcommand\n","OutputType":"frame"}
{"Time":"2026-10-09T04:02:01.845126918Z","Action":"run","Package":"go.temporal.io/server/tools/gomad3/cmd/gomadtool","Test":"TestRunCompatibilityPackUsageStatusPreservation/missing_subcommand/healthy_stderr"}
{"Time":"2026-10-09T04:02:01.845174918Z","Action":"output","Package":"go.temporal.io/server/tools/gomad3/cmd/gomadtool","Test":"TestRunCompatibilityPackUsageStatusPreservation/missing_subcommand/healthy_stderr","Output":"=== RUN   TestRunCompatibilityPackUsageStatusPreservation/missing_subcommand/healthy_stderr\n","OutputType":"frame"}
{"Time":"2026-10-09T04:02:01.845535043Z","Action":"output","Package":"go.temporal.io/server/tools/gomad3/cmd/gomadtool","Test":"TestRunCompatibilityPackUsageStatusPreservation/missing_subcommand/healthy_stderr","Output":"    usage_status_preservation_test.go:71: status=2 stderr-calls=1 attempted=\"usage: gomadtool compatibility-pack discover|review|refresh|generate|check|qualify [flags]\\n\" stderr-error=\u003cnil\u003e stdout-calls=0 stdout-attempted=\"\" publication unchanged\n"}
{"Time":"2026-10-09T04:02:01.84557446Z","Action":"output","Package":"go.temporal.io/server/tools/gomad3/cmd/gomadtool","Test":"TestRunCompatibilityPackUsageStatusPreservation/missing_subcommand/healthy_stderr","Output":"--- PASS: TestRunCompatibilityPackUsageStatusPreservation/missing_subcommand/healthy_stderr (0.00s)\n","OutputType":"frame"}
{"Time":"2026-10-09T04:02:01.84559346Z","Action":"pass","Package":"go.temporal.io/server/tools/gomad3/cmd/gomadtool","Test":"TestRunCompatibilityPackUsageStatusPreservation/missing_subcommand/healthy_stderr","Elapsed":0}
{"Time":"2026-10-09T04:02:01.845618127Z","Action":"run","Package":"go.temporal.io/server/tools/gomad3/cmd/gomadtool","Test":"TestRunCompatibilityPackUsageStatusPreservation/missing_subcommand/EBADF_stderr"}
{"Time":"2026-10-09T04:02:01.845645127Z","Action":"output","Package":"go.temporal.io/server/tools/gomad3/cmd/gomadtool","Test":"TestRunCompatibilityPackUsageStatusPreservation/missing_subcommand/EBADF_stderr","Output":"=== RUN   TestRunCompatibilityPackUsageStatusPreservation/missing_subcommand/EBADF_stderr\n","OutputType":"frame"}
{"Time":"2026-10-09T04:02:01.84707871Z","Action":"output","Package":"go.temporal.io/server/tools/gomad3/cmd/gomadtool","Test":"TestRunCompatibilityPackUsageStatusPreservation/missing_subcommand/EBADF_stderr","Output":"    usage_status_preservation_test.go:71: status=1 stderr-calls=1 attempted=\"usage: gomadtool compatibility-pack discover|review|refresh|generate|check|qualify [flags]\\n\" stderr-error=write /Users/stephan/Workspace/skunkworks/.gomad-source-gates-UsyTMX/TestRunCompatibilityPackUsageStatusPreservationmissing_subcomma3642918383/002/stdout: bad file descriptor stdout-calls=0 stdout-attempted=\"\" publication unchanged\n"}
{"Time":"2026-10-09T04:02:01.847410043Z","Action":"output","Package":"go.temporal.io/server/tools/gomad3/cmd/gomadtool","Test":"TestRunCompatibilityPackUsageStatusPreservation/missing_subcommand/EBADF_stderr","Output":"--- PASS: TestRunCompatibilityPackUsageStatusPreservation/missing_subcommand/EBADF_stderr (0.00s)\n","OutputType":"frame"}
{"Time":"2026-10-09T04:02:01.847456585Z","Action":"pass","Package":"go.temporal.io/server/tools/gomad3/cmd/gomadtool","Test":"TestRunCompatibilityPackUsageStatusPreservation/missing_subcommand/EBADF_stderr","Elapsed":0}
{"Time":"2026-10-09T04:02:01.847602918Z","Action":"output","Package":"go.temporal.io/server/tools/gomad3/cmd/gomadtool","Test":"TestRunCompatibilityPackUsageStatusPreservation/missing_subcommand","Output":"--- PASS: TestRunCompatibilityPackUsageStatusPreservation/missing_subcommand (0.00s)\n","OutputType":"frame"}
{"Time":"2026-10-09T04:02:01.847628585Z","Action":"pass","Package":"go.temporal.io/server/tools/gomad3/cmd/gomadtool","Test":"TestRunCompatibilityPackUsageStatusPreservation/missing_subcommand","Elapsed":0}
{"Time":"2026-10-09T04:02:01.847670293Z","Action":"run","Package":"go.temporal.io/server/tools/gomad3/cmd/gomadtool","Test":"TestRunCompatibilityPackUsageStatusPreservation/unknown_subcommand"}
{"Time":"2026-10-09T04:02:01.847725043Z","Action":"output","Package":"go.temporal.io/server/tools/gomad3/cmd/gomadtool","Test":"TestRunCompatibilityPackUsageStatusPreservation/unknown_subcommand","Output":"=== RUN   TestRunCompatibilityPackUsageStatusPreservation/unknown_subcommand\n","OutputType":"frame"}
{"Time":"2026-10-09T04:02:01.848250043Z","Action":"run","Package":"go.temporal.io/server/tools/gomad3/cmd/gomadtool","Test":"TestRunCompatibilityPackUsageStatusPreservation/unknown_subcommand/healthy_stderr"}
{"Time":"2026-10-09T04:02:01.848277502Z","Action":"output","Package":"go.temporal.io/server/tools/gomad3/cmd/gomadtool","Test":"TestRunCompatibilityPackUsageStatusPreservation/unknown_subcommand/healthy_stderr","Output":"=== RUN   TestRunCompatibilityPackUsageStatusPreservation/unknown_subcommand/healthy_stderr\n","OutputType":"frame"}
{"Time":"2026-10-09T04:02:01.848555085Z","Action":"output","Package":"go.temporal.io/server/tools/gomad3/cmd/gomadtool","Test":"TestRunCompatibilityPackUsageStatusPreservation/unknown_subcommand/healthy_stderr","Output":"    usage_status_preservation_test.go:71: status=2 stderr-calls=1 attempted=\"usage: gomadtool compatibility-pack discover|review|refresh|generate|check|qualify [flags]\\n\" stderr-error=\u003cnil\u003e stdout-calls=0 stdout-attempted=\"\" publication unchanged\n"}
{"Time":"2026-10-09T04:02:01.84857596Z","Action":"output","Package":"go.temporal.io/server/tools/gomad3/cmd/gomadtool","Test":"TestRunCompatibilityPackUsageStatusPreservation/unknown_subcommand/healthy_stderr","Output":"--- PASS: TestRunCompatibilityPackUsageStatusPreservation/unknown_subcommand/healthy_stderr (0.00s)\n","OutputType":"frame"}
{"Time":"2026-10-09T04:02:01.848592668Z","Action":"pass","Package":"go.temporal.io/server/tools/gomad3/cmd/gomadtool","Test":"TestRunCompatibilityPackUsageStatusPreservation/unknown_subcommand/healthy_stderr","Elapsed":0}
{"Time":"2026-10-09T04:02:01.848612585Z","Action":"run","Package":"go.temporal.io/server/tools/gomad3/cmd/gomadtool","Test":"TestRunCompatibilityPackUsageStatusPreservation/unknown_subcommand/EBADF_stderr"}
{"Time":"2026-10-09T04:02:01.84864371Z","Action":"output","Package":"go.temporal.io/server/tools/gomad3/cmd/gomadtool","Test":"TestRunCompatibilityPackUsageStatusPreservation/unknown_subcommand/EBADF_stderr","Output":"=== RUN   TestRunCompatibilityPackUsageStatusPreservation/unknown_subcommand/EBADF_stderr\n","OutputType":"frame"}
{"Time":"2026-10-09T04:02:01.849534168Z","Action":"output","Package":"go.temporal.io/server/tools/gomad3/cmd/gomadtool","Test":"TestRunCompatibilityPackUsageStatusPreservation/unknown_subcommand/EBADF_stderr","Output":"    usage_status_preservation_test.go:71: status=1 stderr-calls=1 attempted=\"usage: gomadtool compatibility-pack discover|review|refresh|generate|check|qualify [flags]\\n\" stderr-error=write /Users/stephan/Workspace/skunkworks/.gomad-source-gates-UsyTMX/TestRunCompatibilityPackUsageStatusPreservationunknown_subcomma2459016741/002/stdout: bad file descriptor stdout-calls=0 stdout-attempted=\"\" publication unchanged\n"}
{"Time":"2026-10-09T04:02:01.849803627Z","Action":"output","Package":"go.temporal.io/server/tools/gomad3/cmd/gomadtool","Test":"TestRunCompatibilityPackUsageStatusPreservation/unknown_subcommand/EBADF_stderr","Output":"--- PASS: TestRunCompatibilityPackUsageStatusPreservation/unknown_subcommand/EBADF_stderr (0.00s)\n","OutputType":"frame"}
{"Time":"2026-10-09T04:02:01.849825627Z","Action":"pass","Package":"go.temporal.io/server/tools/gomad3/cmd/gomadtool","Test":"TestRunCompatibilityPackUsageStatusPreservation/unknown_subcommand/EBADF_stderr","Elapsed":0}
{"Time":"2026-10-09T04:02:01.849975293Z","Action":"output","Package":"go.temporal.io/server/tools/gomad3/cmd/gomadtool","Test":"TestRunCompatibilityPackUsageStatusPreservation/unknown_subcommand","Output":"--- PASS: TestRunCompatibilityPackUsageStatusPreservation/unknown_subcommand (0.00s)\n","OutputType":"frame"}
{"Time":"2026-10-09T04:02:01.849992793Z","Action":"pass","Package":"go.temporal.io/server/tools/gomad3/cmd/gomadtool","Test":"TestRunCompatibilityPackUsageStatusPreservation/unknown_subcommand","Elapsed":0}
{"Time":"2026-10-09T04:02:01.850037252Z","Action":"output","Package":"go.temporal.io/server/tools/gomad3/cmd/gomadtool","Test":"TestRunCompatibilityPackUsageStatusPreservation","Output":"--- PASS: TestRunCompatibilityPackUsageStatusPreservation (0.01s)\n","OutputType":"frame"}
{"Time":"2026-10-09T04:02:01.850063335Z","Action":"pass","Package":"go.temporal.io/server/tools/gomad3/cmd/gomadtool","Test":"TestRunCompatibilityPackUsageStatusPreservation","Elapsed":0.01}
{"Time":"2026-10-09T04:02:01.85008271Z","Action":"output","Package":"go.temporal.io/server/tools/gomad3/cmd/gomadtool","Output":"PASS\n","OutputType":"frame"}
{"Time":"2026-10-09T04:02:01.850341085Z","Action":"output","Package":"go.temporal.io/server/tools/gomad3/cmd/gomadtool","Output":"ok  \tgo.temporal.io/server/tools/gomad3/cmd/gomadtool\t0.048s\n"}
{"Time":"2026-10-09T04:02:01.85036171Z","Action":"pass","Package":"go.temporal.io/server/tools/gomad3/cmd/gomadtool","Elapsed":0.048}
