{"Time":"2026-10-09T04:04:15.228333752Z","Action":"start","Package":"go.temporal.io/server/tools/gomad3/cmd/gomadtool"}
{"Time":"2026-10-09T04:04:15.235992585Z","Action":"run","Package":"go.temporal.io/server/tools/gomad3/cmd/gomadtool","Test":"TestRunCompatibilityPackUsageStatusPreservation"}
{"Time":"2026-10-09T04:04:15.236091252Z","Action":"output","Package":"go.temporal.io/server/tools/gomad3/cmd/gomadtool","Test":"TestRunCompatibilityPackUsageStatusPreservation","Output":"=== RUN   TestRunCompatibilityPackUsageStatusPreservation\n","OutputType":"frame"}
{"Time":"2026-10-09T04:04:15.23614221Z","Action":"run","Package":"go.temporal.io/server/tools/gomad3/cmd/gomadtool","Test":"TestRunCompatibilityPackUsageStatusPreservation/missing_subcommand"}
{"Time":"2026-10-09T04:04:15.236158502Z","Action":"output","Package":"go.temporal.io/server/tools/gomad3/cmd/gomadtool","Test":"TestRunCompatibilityPackUsageStatusPreservation/missing_subcommand","Output":"=== RUN   TestRunCompatibilityPackUsageStatusPreservation/missing_subcommand\n","OutputType":"frame"}
{"Time":"2026-10-09T04:04:15.236568043Z","Action":"run","Package":"go.temporal.io/server/tools/gomad3/cmd/gomadtool","Test":"TestRunCompatibilityPackUsageStatusPreservation/missing_subcommand/healthy_stderr"}
{"Time":"2026-10-09T04:04:15.236647127Z","Action":"output","Package":"go.temporal.io/server/tools/gomad3/cmd/gomadtool","Test":"TestRunCompatibilityPackUsageStatusPreservation/missing_subcommand/healthy_stderr","Output":"=== RUN   TestRunCompatibilityPackUsageStatusPreservation/missing_subcommand/healthy_stderr\n","OutputType":"frame"}
{"Time":"2026-10-09T04:04:15.23710896Z","Action":"output","Package":"go.temporal.io/server/tools/gomad3/cmd/gomadtool","Test":"TestRunCompatibilityPackUsageStatusPreservation/missing_subcommand/healthy_stderr","Output":"    usage_status_preservation_test.go:71: status=2 stderr-calls=1 attempted=\"usage: gomadtool compatibility-pack discover|review|refresh|generate|check|qualify [flags]\\n\" stderr-error=\u003cnil\u003e stdout-calls=0 stdout-attempted=\"\" publication unchanged\n"}
{"Time":"2026-10-09T04:04:15.237139752Z","Action":"output","Package":"go.temporal.io/server/tools/gomad3/cmd/gomadtool","Test":"TestRunCompatibilityPackUsageStatusPreservation/missing_subcommand/healthy_stderr","Output":"--- PASS: TestRunCompatibilityPackUsageStatusPreservation/missing_subcommand/healthy_stderr (0.00s)\n","OutputType":"frame"}
{"Time":"2026-10-09T04:04:15.23717346Z","Action":"pass","Package":"go.temporal.io/server/tools/gomad3/cmd/gomadtool","Test":"TestRunCompatibilityPackUsageStatusPreservation/missing_subcommand/healthy_stderr","Elapsed":0}
{"Time":"2026-10-09T04:04:15.23721796Z","Action":"run","Package":"go.temporal.io/server/tools/gomad3/cmd/gomadtool","Test":"TestRunCompatibilityPackUsageStatusPreservation/missing_subcommand/EBADF_stderr"}
{"Time":"2026-10-09T04:04:15.237245835Z","Action":"output","Package":"go.temporal.io/server/tools/gomad3/cmd/gomadtool","Test":"TestRunCompatibilityPackUsageStatusPreservation/missing_subcommand/EBADF_stderr","Output":"=== RUN   TestRunCompatibilityPackUsageStatusPreservation/missing_subcommand/EBADF_stderr\n","OutputType":"frame"}
{"Time":"2026-10-09T04:04:15.23804321Z","Action":"output","Package":"go.temporal.io/server/tools/gomad3/cmd/gomadtool","Test":"TestRunCompatibilityPackUsageStatusPreservation/missing_subcommand/EBADF_stderr","Output":"    usage_status_preservation_test.go:44: status = 2, want 1\n","OutputType":"error"}
{"Time":"2026-10-09T04:04:15.23826071Z","Action":"output","Package":"go.temporal.io/server/tools/gomad3/cmd/gomadtool","Test":"TestRunCompatibilityPackUsageStatusPreservation/missing_subcommand/EBADF_stderr","Output":"    usage_status_preservation_test.go:71: status=2 stderr-calls=1 attempted=\"usage: gomadtool compatibility-pack discover|review|refresh|generate|check|qualify [flags]\\n\" stderr-error=write /Users/stephan/Workspace/skunkworks/.gomad-source-gates-UsyTMX/TestRunCompatibilityPackUsageStatusPreservationmissing_subcomma3587389464/002/stdout: bad file descriptor stdout-calls=0 stdout-attempted=\"\" publication unchanged\n"}
{"Time":"2026-10-09T04:04:15.23853096Z","Action":"output","Package":"go.temporal.io/server/tools/gomad3/cmd/gomadtool","Test":"TestRunCompatibilityPackUsageStatusPreservation/missing_subcommand/EBADF_stderr","Output":"--- FAIL: TestRunCompatibilityPackUsageStatusPreservation/missing_subcommand/EBADF_stderr (0.00s)\n","OutputType":"frame"}
{"Time":"2026-10-09T04:04:15.23855271Z","Action":"fail","Package":"go.temporal.io/server/tools/gomad3/cmd/gomadtool","Test":"TestRunCompatibilityPackUsageStatusPreservation/missing_subcommand/EBADF_stderr","Elapsed":0}
{"Time":"2026-10-09T04:04:15.238769793Z","Action":"output","Package":"go.temporal.io/server/tools/gomad3/cmd/gomadtool","Test":"TestRunCompatibilityPackUsageStatusPreservation/missing_subcommand","Output":"--- FAIL: TestRunCompatibilityPackUsageStatusPreservation/missing_subcommand (0.00s)\n","OutputType":"frame"}
{"Time":"2026-10-09T04:04:15.238785793Z","Action":"fail","Package":"go.temporal.io/server/tools/gomad3/cmd/gomadtool","Test":"TestRunCompatibilityPackUsageStatusPreservation/missing_subcommand","Elapsed":0}
{"Time":"2026-10-09T04:04:15.238797793Z","Action":"run","Package":"go.temporal.io/server/tools/gomad3/cmd/gomadtool","Test":"TestRunCompatibilityPackUsageStatusPreservation/unknown_subcommand"}
{"Time":"2026-10-09T04:04:15.238820418Z","Action":"output","Package":"go.temporal.io/server/tools/gomad3/cmd/gomadtool","Test":"TestRunCompatibilityPackUsageStatusPreservation/unknown_subcommand","Output":"=== RUN   TestRunCompatibilityPackUsageStatusPreservation/unknown_subcommand\n","OutputType":"frame"}
{"Time":"2026-10-09T04:04:15.239016002Z","Action":"run","Package":"go.temporal.io/server/tools/gomad3/cmd/gomadtool","Test":"TestRunCompatibilityPackUsageStatusPreservation/unknown_subcommand/healthy_stderr"}
{"Time":"2026-10-09T04:04:15.239040168Z","Action":"output","Package":"go.temporal.io/server/tools/gomad3/cmd/gomadtool","Test":"TestRunCompatibilityPackUsageStatusPreservation/unknown_subcommand/healthy_stderr","Output":"=== RUN   TestRunCompatibilityPackUsageStatusPreservation/unknown_subcommand/healthy_stderr\n","OutputType":"frame"}
{"Time":"2026-10-09T04:04:15.239365418Z","Action":"output","Package":"go.temporal.io/server/tools/gomad3/cmd/gomadtool","Test":"TestRunCompatibilityPackUsageStatusPreservation/unknown_subcommand/healthy_stderr","Output":"    usage_status_preservation_test.go:71: status=2 stderr-calls=1 attempted=\"usage: gomadtool compatibility-pack discover|review|refresh|generate|check|qualify [flags]\\n\" stderr-error=\u003cnil\u003e stdout-calls=0 stdout-attempted=\"\" publication unchanged\n"}
{"Time":"2026-10-09T04:04:15.239384585Z","Action":"output","Package":"go.temporal.io/server/tools/gomad3/cmd/gomadtool","Test":"TestRunCompatibilityPackUsageStatusPreservation/unknown_subcommand/healthy_stderr","Output":"--- PASS: TestRunCompatibilityPackUsageStatusPreservation/unknown_subcommand/healthy_stderr (0.00s)\n","OutputType":"frame"}
{"Time":"2026-10-09T04:04:15.239396502Z","Action":"pass","Package":"go.temporal.io/server/tools/gomad3/cmd/gomadtool","Test":"TestRunCompatibilityPackUsageStatusPreservation/unknown_subcommand/healthy_stderr","Elapsed":0}
{"Time":"2026-10-09T04:04:15.239407002Z","Action":"run","Package":"go.temporal.io/server/tools/gomad3/cmd/gomadtool","Test":"TestRunCompatibilityPackUsageStatusPreservation/unknown_subcommand/EBADF_stderr"}
{"Time":"2026-10-09T04:04:15.23941521Z","Action":"output","Package":"go.temporal.io/server/tools/gomad3/cmd/gomadtool","Test":"TestRunCompatibilityPackUsageStatusPreservation/unknown_subcommand/EBADF_stderr","Output":"=== RUN   TestRunCompatibilityPackUsageStatusPreservation/unknown_subcommand/EBADF_stderr\n","OutputType":"frame"}
{"Time":"2026-10-09T04:04:15.240022752Z","Action":"output","Package":"go.temporal.io/server/tools/gomad3/cmd/gomadtool","Test":"TestRunCompatibilityPackUsageStatusPreservation/unknown_subcommand/EBADF_stderr","Output":"    usage_status_preservation_test.go:44: status = 2, want 1\n","OutputType":"error"}
{"Time":"2026-10-09T04:04:15.240209752Z","Action":"output","Package":"go.temporal.io/server/tools/gomad3/cmd/gomadtool","Test":"TestRunCompatibilityPackUsageStatusPreservation/unknown_subcommand/EBADF_stderr","Output":"    usage_status_preservation_test.go:71: status=2 stderr-calls=1 attempted=\"usage: gomadtool compatibility-pack discover|review|refresh|generate|check|qualify [flags]\\n\" stderr-error=write /Users/stephan/Workspace/skunkworks/.gomad-source-gates-UsyTMX/TestRunCompatibilityPackUsageStatusPreservationunknown_subcomma2112468650/002/stdout: bad file descriptor stdout-calls=0 stdout-attempted=\"\" publication unchanged\n"}
{"Time":"2026-10-09T04:04:15.240458543Z","Action":"output","Package":"go.temporal.io/server/tools/gomad3/cmd/gomadtool","Test":"TestRunCompatibilityPackUsageStatusPreservation/unknown_subcommand/EBADF_stderr","Output":"--- FAIL: TestRunCompatibilityPackUsageStatusPreservation/unknown_subcommand/EBADF_stderr (0.00s)\n","OutputType":"frame"}
{"Time":"2026-10-09T04:04:15.24047396Z","Action":"fail","Package":"go.temporal.io/server/tools/gomad3/cmd/gomadtool","Test":"TestRunCompatibilityPackUsageStatusPreservation/unknown_subcommand/EBADF_stderr","Elapsed":0}
{"Time":"2026-10-09T04:04:15.240679002Z","Action":"output","Package":"go.temporal.io/server/tools/gomad3/cmd/gomadtool","Test":"TestRunCompatibilityPackUsageStatusPreservation/unknown_subcommand","Output":"--- FAIL: TestRunCompatibilityPackUsageStatusPreservation/unknown_subcommand (0.00s)\n","OutputType":"frame"}
{"Time":"2026-10-09T04:04:15.240696252Z","Action":"fail","Package":"go.temporal.io/server/tools/gomad3/cmd/gomadtool","Test":"TestRunCompatibilityPackUsageStatusPreservation/unknown_subcommand","Elapsed":0}
{"Time":"2026-10-09T04:04:15.240735127Z","Action":"output","Package":"go.temporal.io/server/tools/gomad3/cmd/gomadtool","Test":"TestRunCompatibilityPackUsageStatusPreservation","Output":"--- FAIL: TestRunCompatibilityPackUsageStatusPreservation (0.00s)\n","OutputType":"frame"}
{"Time":"2026-10-09T04:04:15.240755835Z","Action":"fail","Package":"go.temporal.io/server/tools/gomad3/cmd/gomadtool","Test":"TestRunCompatibilityPackUsageStatusPreservation","Elapsed":0}
{"Time":"2026-10-09T04:04:15.240768627Z","Action":"output","Package":"go.temporal.io/server/tools/gomad3/cmd/gomadtool","Output":"FAIL\n","OutputType":"frame"}
{"Time":"2026-10-09T04:04:15.240859668Z","Action":"output","Package":"go.temporal.io/server/tools/gomad3/cmd/gomadtool","Output":"FAIL\tgo.temporal.io/server/tools/gomad3/cmd/gomadtool\t0.012s\n","OutputType":"frame"}
{"Time":"2026-10-09T04:04:15.240884085Z","Action":"fail","Package":"go.temporal.io/server/tools/gomad3/cmd/gomadtool","Elapsed":0.013}
