{"Time":"2026-10-09T04:01:15.634563938Z","Action":"start","Package":"go.temporal.io/server/tools/gomad3/cmd/gomadtool"}
{"Time":"2026-10-09T04:01:15.647296855Z","Action":"run","Package":"go.temporal.io/server/tools/gomad3/cmd/gomadtool","Test":"TestCompatibilityPackSourceUsagePreservesBytesAndWriteFailure"}
{"Time":"2026-10-09T04:01:15.647386938Z","Action":"output","Package":"go.temporal.io/server/tools/gomad3/cmd/gomadtool","Test":"TestCompatibilityPackSourceUsagePreservesBytesAndWriteFailure","Output":"=== RUN   TestCompatibilityPackSourceUsagePreservesBytesAndWriteFailure\n","OutputType":"frame"}
{"Time":"2026-10-09T04:01:15.647443646Z","Action":"run","Package":"go.temporal.io/server/tools/gomad3/cmd/gomadtool","Test":"TestCompatibilityPackSourceUsagePreservesBytesAndWriteFailure/no_command"}
{"Time":"2026-10-09T04:01:15.647470813Z","Action":"output","Package":"go.temporal.io/server/tools/gomad3/cmd/gomadtool","Test":"TestCompatibilityPackSourceUsagePreservesBytesAndWriteFailure/no_command","Output":"=== RUN   TestCompatibilityPackSourceUsagePreservesBytesAndWriteFailure/no_command\n","OutputType":"frame"}
{"Time":"2026-10-09T04:01:15.647492563Z","Action":"output","Package":"go.temporal.io/server/tools/gomad3/cmd/gomadtool","Test":"TestCompatibilityPackSourceUsagePreservesBytesAndWriteFailure/no_command","Output":"--- PASS: TestCompatibilityPackSourceUsagePreservesBytesAndWriteFailure/no_command (0.00s)\n","OutputType":"frame"}
{"Time":"2026-10-09T04:01:15.647507855Z","Action":"pass","Package":"go.temporal.io/server/tools/gomad3/cmd/gomadtool","Test":"TestCompatibilityPackSourceUsagePreservesBytesAndWriteFailure/no_command","Elapsed":0}
{"Time":"2026-10-09T04:01:15.647534355Z","Action":"run","Package":"go.temporal.io/server/tools/gomad3/cmd/gomadtool","Test":"TestCompatibilityPackSourceUsagePreservesBytesAndWriteFailure/unknown_command"}
{"Time":"2026-10-09T04:01:15.647558896Z","Action":"output","Package":"go.temporal.io/server/tools/gomad3/cmd/gomadtool","Test":"TestCompatibilityPackSourceUsagePreservesBytesAndWriteFailure/unknown_command","Output":"=== RUN   TestCompatibilityPackSourceUsagePreservesBytesAndWriteFailure/unknown_command\n","OutputType":"frame"}
{"Time":"2026-10-09T04:01:15.64757523Z","Action":"output","Package":"go.temporal.io/server/tools/gomad3/cmd/gomadtool","Test":"TestCompatibilityPackSourceUsagePreservesBytesAndWriteFailure/unknown_command","Output":"--- PASS: TestCompatibilityPackSourceUsagePreservesBytesAndWriteFailure/unknown_command (0.00s)\n","OutputType":"frame"}
{"Time":"2026-10-09T04:01:15.647592105Z","Action":"pass","Package":"go.temporal.io/server/tools/gomad3/cmd/gomadtool","Test":"TestCompatibilityPackSourceUsagePreservesBytesAndWriteFailure/unknown_command","Elapsed":0}
{"Time":"2026-10-09T04:01:15.647606896Z","Action":"run","Package":"go.temporal.io/server/tools/gomad3/cmd/gomadtool","Test":"TestCompatibilityPackSourceUsagePreservesBytesAndWriteFailure/no_command_closed_writer"}
{"Time":"2026-10-09T04:01:15.647628063Z","Action":"output","Package":"go.temporal.io/server/tools/gomad3/cmd/gomadtool","Test":"TestCompatibilityPackSourceUsagePreservesBytesAndWriteFailure/no_command_closed_writer","Output":"=== RUN   TestCompatibilityPackSourceUsagePreservesBytesAndWriteFailure/no_command_closed_writer\n","OutputType":"frame"}
{"Time":"2026-10-09T04:01:15.648547188Z","Action":"output","Package":"go.temporal.io/server/tools/gomad3/cmd/gomadtool","Test":"TestCompatibilityPackSourceUsagePreservesBytesAndWriteFailure/no_command_closed_writer","Output":"--- PASS: TestCompatibilityPackSourceUsagePreservesBytesAndWriteFailure/no_command_closed_writer (0.00s)\n","OutputType":"frame"}
{"Time":"2026-10-09T04:01:15.64857123Z","Action":"pass","Package":"go.temporal.io/server/tools/gomad3/cmd/gomadtool","Test":"TestCompatibilityPackSourceUsagePreservesBytesAndWriteFailure/no_command_closed_writer","Elapsed":0}
{"Time":"2026-10-09T04:01:15.648596271Z","Action":"run","Package":"go.temporal.io/server/tools/gomad3/cmd/gomadtool","Test":"TestCompatibilityPackSourceUsagePreservesBytesAndWriteFailure/unknown_command_closed_writer"}
{"Time":"2026-10-09T04:01:15.648658771Z","Action":"output","Package":"go.temporal.io/server/tools/gomad3/cmd/gomadtool","Test":"TestCompatibilityPackSourceUsagePreservesBytesAndWriteFailure/unknown_command_closed_writer","Output":"=== RUN   TestCompatibilityPackSourceUsagePreservesBytesAndWriteFailure/unknown_command_closed_writer\n","OutputType":"frame"}
{"Time":"2026-10-09T04:01:15.649344188Z","Action":"output","Package":"go.temporal.io/server/tools/gomad3/cmd/gomadtool","Test":"TestCompatibilityPackSourceUsagePreservesBytesAndWriteFailure/unknown_command_closed_writer","Output":"--- PASS: TestCompatibilityPackSourceUsagePreservesBytesAndWriteFailure/unknown_command_closed_writer (0.00s)\n","OutputType":"frame"}
{"Time":"2026-10-09T04:01:15.64937398Z","Action":"pass","Package":"go.temporal.io/server/tools/gomad3/cmd/gomadtool","Test":"TestCompatibilityPackSourceUsagePreservesBytesAndWriteFailure/unknown_command_closed_writer","Elapsed":0}
{"Time":"2026-10-09T04:01:15.649403063Z","Action":"output","Package":"go.temporal.io/server/tools/gomad3/cmd/gomadtool","Test":"TestCompatibilityPackSourceUsagePreservesBytesAndWriteFailure","Output":"--- PASS: TestCompatibilityPackSourceUsagePreservesBytesAndWriteFailure (0.00s)\n","OutputType":"frame"}
{"Time":"2026-10-09T04:01:15.649433063Z","Action":"pass","Package":"go.temporal.io/server/tools/gomad3/cmd/gomadtool","Test":"TestCompatibilityPackSourceUsagePreservesBytesAndWriteFailure","Elapsed":0}
{"Time":"2026-10-09T04:01:15.649482438Z","Action":"run","Package":"go.temporal.io/server/tools/gomad3/cmd/gomadtool","Test":"TestRunCompatibilityPackUsageStatusPreservation"}
{"Time":"2026-10-09T04:01:15.649517063Z","Action":"output","Package":"go.temporal.io/server/tools/gomad3/cmd/gomadtool","Test":"TestRunCompatibilityPackUsageStatusPreservation","Output":"=== RUN   TestRunCompatibilityPackUsageStatusPreservation\n","OutputType":"frame"}
{"Time":"2026-10-09T04:01:15.64953598Z","Action":"run","Package":"go.temporal.io/server/tools/gomad3/cmd/gomadtool","Test":"TestRunCompatibilityPackUsageStatusPreservation/missing_subcommand"}
{"Time":"2026-10-09T04:01:15.649550021Z","Action":"output","Package":"go.temporal.io/server/tools/gomad3/cmd/gomadtool","Test":"TestRunCompatibilityPackUsageStatusPreservation/missing_subcommand","Output":"=== RUN   TestRunCompatibilityPackUsageStatusPreservation/missing_subcommand\n","OutputType":"frame"}
{"Time":"2026-10-09T04:01:15.649893688Z","Action":"run","Package":"go.temporal.io/server/tools/gomad3/cmd/gomadtool","Test":"TestRunCompatibilityPackUsageStatusPreservation/missing_subcommand/healthy_stderr"}
{"Time":"2026-10-09T04:01:15.649926688Z","Action":"output","Package":"go.temporal.io/server/tools/gomad3/cmd/gomadtool","Test":"TestRunCompatibilityPackUsageStatusPreservation/missing_subcommand/healthy_stderr","Output":"=== RUN   TestRunCompatibilityPackUsageStatusPreservation/missing_subcommand/healthy_stderr\n","OutputType":"frame"}
{"Time":"2026-10-09T04:01:15.650297396Z","Action":"output","Package":"go.temporal.io/server/tools/gomad3/cmd/gomadtool","Test":"TestRunCompatibilityPackUsageStatusPreservation/missing_subcommand/healthy_stderr","Output":"    usage_status_preservation_test.go:71: status=2 stderr-calls=1 attempted=\"usage: gomadtool compatibility-pack discover|review|refresh|generate|check|qualify [flags]\\n\" stderr-error=\u003cnil\u003e stdout-calls=0 stdout-attempted=\"\" publication unchanged\n"}
{"Time":"2026-10-09T04:01:15.650316271Z","Action":"output","Package":"go.temporal.io/server/tools/gomad3/cmd/gomadtool","Test":"TestRunCompatibilityPackUsageStatusPreservation/missing_subcommand/healthy_stderr","Output":"--- PASS: TestRunCompatibilityPackUsageStatusPreservation/missing_subcommand/healthy_stderr (0.00s)\n","OutputType":"frame"}
{"Time":"2026-10-09T04:01:15.65032773Z","Action":"pass","Package":"go.temporal.io/server/tools/gomad3/cmd/gomadtool","Test":"TestRunCompatibilityPackUsageStatusPreservation/missing_subcommand/healthy_stderr","Elapsed":0}
{"Time":"2026-10-09T04:01:15.65033948Z","Action":"run","Package":"go.temporal.io/server/tools/gomad3/cmd/gomadtool","Test":"TestRunCompatibilityPackUsageStatusPreservation/missing_subcommand/EBADF_stderr"}
{"Time":"2026-10-09T04:01:15.650358438Z","Action":"output","Package":"go.temporal.io/server/tools/gomad3/cmd/gomadtool","Test":"TestRunCompatibilityPackUsageStatusPreservation/missing_subcommand/EBADF_stderr","Output":"=== RUN   TestRunCompatibilityPackUsageStatusPreservation/missing_subcommand/EBADF_stderr\n","OutputType":"frame"}
{"Time":"2026-10-09T04:01:15.651312105Z","Action":"output","Package":"go.temporal.io/server/tools/gomad3/cmd/gomadtool","Test":"TestRunCompatibilityPackUsageStatusPreservation/missing_subcommand/EBADF_stderr","Output":"    usage_status_preservation_test.go:71: status=1 stderr-calls=1 attempted=\"usage: gomadtool compatibility-pack discover|review|refresh|generate|check|qualify [flags]\\n\" stderr-error=write /Users/stephan/Workspace/skunkworks/.gomad-source-gates-UsyTMX/TestRunCompatibilityPackUsageStatusPreservationmissing_subcomma627443226/002/stdout: bad file descriptor stdout-calls=0 stdout-attempted=\"\" publication unchanged\n"}
{"Time":"2026-10-09T04:01:15.651495146Z","Action":"output","Package":"go.temporal.io/server/tools/gomad3/cmd/gomadtool","Test":"TestRunCompatibilityPackUsageStatusPreservation/missing_subcommand/EBADF_stderr","Output":"--- PASS: TestRunCompatibilityPackUsageStatusPreservation/missing_subcommand/EBADF_stderr (0.00s)\n","OutputType":"frame"}
{"Time":"2026-10-09T04:01:15.651508605Z","Action":"pass","Package":"go.temporal.io/server/tools/gomad3/cmd/gomadtool","Test":"TestRunCompatibilityPackUsageStatusPreservation/missing_subcommand/EBADF_stderr","Elapsed":0}
{"Time":"2026-10-09T04:01:15.651658855Z","Action":"output","Package":"go.temporal.io/server/tools/gomad3/cmd/gomadtool","Test":"TestRunCompatibilityPackUsageStatusPreservation/missing_subcommand","Output":"--- PASS: TestRunCompatibilityPackUsageStatusPreservation/missing_subcommand (0.00s)\n","OutputType":"frame"}
{"Time":"2026-10-09T04:01:15.651675688Z","Action":"pass","Package":"go.temporal.io/server/tools/gomad3/cmd/gomadtool","Test":"TestRunCompatibilityPackUsageStatusPreservation/missing_subcommand","Elapsed":0}
{"Time":"2026-10-09T04:01:15.651693521Z","Action":"run","Package":"go.temporal.io/server/tools/gomad3/cmd/gomadtool","Test":"TestRunCompatibilityPackUsageStatusPreservation/unknown_subcommand"}
{"Time":"2026-10-09T04:01:15.651705188Z","Action":"output","Package":"go.temporal.io/server/tools/gomad3/cmd/gomadtool","Test":"TestRunCompatibilityPackUsageStatusPreservation/unknown_subcommand","Output":"=== RUN   TestRunCompatibilityPackUsageStatusPreservation/unknown_subcommand\n","OutputType":"frame"}
{"Time":"2026-10-09T04:01:15.651963563Z","Action":"run","Package":"go.temporal.io/server/tools/gomad3/cmd/gomadtool","Test":"TestRunCompatibilityPackUsageStatusPreservation/unknown_subcommand/healthy_stderr"}
{"Time":"2026-10-09T04:01:15.651988688Z","Action":"output","Package":"go.temporal.io/server/tools/gomad3/cmd/gomadtool","Test":"TestRunCompatibilityPackUsageStatusPreservation/unknown_subcommand/healthy_stderr","Output":"=== RUN   TestRunCompatibilityPackUsageStatusPreservation/unknown_subcommand/healthy_stderr\n","OutputType":"frame"}
{"Time":"2026-10-09T04:01:15.652384563Z","Action":"output","Package":"go.temporal.io/server/tools/gomad3/cmd/gomadtool","Test":"TestRunCompatibilityPackUsageStatusPreservation/unknown_subcommand/healthy_stderr","Output":"    usage_status_preservation_test.go:71: status=2 stderr-calls=1 attempted=\"usage: gomadtool compatibility-pack discover|review|refresh|generate|check|qualify [flags]\\n\" stderr-error=\u003cnil\u003e stdout-calls=0 stdout-attempted=\"\" publication unchanged\n"}
{"Time":"2026-10-09T04:01:15.652404063Z","Action":"output","Package":"go.temporal.io/server/tools/gomad3/cmd/gomadtool","Test":"TestRunCompatibilityPackUsageStatusPreservation/unknown_subcommand/healthy_stderr","Output":"--- PASS: TestRunCompatibilityPackUsageStatusPreservation/unknown_subcommand/healthy_stderr (0.00s)\n","OutputType":"frame"}
{"Time":"2026-10-09T04:01:15.652418688Z","Action":"pass","Package":"go.temporal.io/server/tools/gomad3/cmd/gomadtool","Test":"TestRunCompatibilityPackUsageStatusPreservation/unknown_subcommand/healthy_stderr","Elapsed":0}
{"Time":"2026-10-09T04:01:15.652434105Z","Action":"run","Package":"go.temporal.io/server/tools/gomad3/cmd/gomadtool","Test":"TestRunCompatibilityPackUsageStatusPreservation/unknown_subcommand/EBADF_stderr"}
{"Time":"2026-10-09T04:01:15.652448646Z","Action":"output","Package":"go.temporal.io/server/tools/gomad3/cmd/gomadtool","Test":"TestRunCompatibilityPackUsageStatusPreservation/unknown_subcommand/EBADF_stderr","Output":"=== RUN   TestRunCompatibilityPackUsageStatusPreservation/unknown_subcommand/EBADF_stderr\n","OutputType":"frame"}
{"Time":"2026-10-09T04:01:15.653271105Z","Action":"output","Package":"go.temporal.io/server/tools/gomad3/cmd/gomadtool","Test":"TestRunCompatibilityPackUsageStatusPreservation/unknown_subcommand/EBADF_stderr","Output":"    usage_status_preservation_test.go:71: status=1 stderr-calls=1 attempted=\"usage: gomadtool compatibility-pack discover|review|refresh|generate|check|qualify [flags]\\n\" stderr-error=write /Users/stephan/Workspace/skunkworks/.gomad-source-gates-UsyTMX/TestRunCompatibilityPackUsageStatusPreservationunknown_subcomma443503961/002/stdout: bad file descriptor stdout-calls=0 stdout-attempted=\"\" publication unchanged\n"}
{"Time":"2026-10-09T04:01:15.653530521Z","Action":"output","Package":"go.temporal.io/server/tools/gomad3/cmd/gomadtool","Test":"TestRunCompatibilityPackUsageStatusPreservation/unknown_subcommand/EBADF_stderr","Output":"--- PASS: TestRunCompatibilityPackUsageStatusPreservation/unknown_subcommand/EBADF_stderr (0.00s)\n","OutputType":"frame"}
{"Time":"2026-10-09T04:01:15.653550063Z","Action":"pass","Package":"go.temporal.io/server/tools/gomad3/cmd/gomadtool","Test":"TestRunCompatibilityPackUsageStatusPreservation/unknown_subcommand/EBADF_stderr","Elapsed":0}
{"Time":"2026-10-09T04:01:15.653774938Z","Action":"output","Package":"go.temporal.io/server/tools/gomad3/cmd/gomadtool","Test":"TestRunCompatibilityPackUsageStatusPreservation/unknown_subcommand","Output":"--- PASS: TestRunCompatibilityPackUsageStatusPreservation/unknown_subcommand (0.00s)\n","OutputType":"frame"}
{"Time":"2026-10-09T04:01:15.653806438Z","Action":"pass","Package":"go.temporal.io/server/tools/gomad3/cmd/gomadtool","Test":"TestRunCompatibilityPackUsageStatusPreservation/unknown_subcommand","Elapsed":0}
{"Time":"2026-10-09T04:01:15.653826021Z","Action":"output","Package":"go.temporal.io/server/tools/gomad3/cmd/gomadtool","Test":"TestRunCompatibilityPackUsageStatusPreservation","Output":"--- PASS: TestRunCompatibilityPackUsageStatusPreservation (0.00s)\n","OutputType":"frame"}
{"Time":"2026-10-09T04:01:15.653847313Z","Action":"pass","Package":"go.temporal.io/server/tools/gomad3/cmd/gomadtool","Test":"TestRunCompatibilityPackUsageStatusPreservation","Elapsed":0}
{"Time":"2026-10-09T04:01:15.653862396Z","Action":"output","Package":"go.temporal.io/server/tools/gomad3/cmd/gomadtool","Output":"PASS\n","OutputType":"frame"}
{"Time":"2026-10-09T04:01:15.653899521Z","Action":"output","Package":"go.temporal.io/server/tools/gomad3/cmd/gomadtool","Output":"ok  \tgo.temporal.io/server/tools/gomad3/cmd/gomadtool\t0.019s\n"}
{"Time":"2026-10-09T04:01:15.65392373Z","Action":"pass","Package":"go.temporal.io/server/tools/gomad3/cmd/gomadtool","Elapsed":0.019}
