{"Time":"2026-10-09T04:15:13.005724107Z","Action":"start","Package":"go.temporal.io/server/tools/gomad3/cmd/gomadtool"}
{"Time":"2026-10-09T04:15:13.019506982Z","Action":"run","Package":"go.temporal.io/server/tools/gomad3/cmd/gomadtool","Test":"TestCompatibilityPackSourceUsagePreservesBytesAndWriteFailure"}
{"Time":"2026-10-09T04:15:13.019660107Z","Action":"output","Package":"go.temporal.io/server/tools/gomad3/cmd/gomadtool","Test":"TestCompatibilityPackSourceUsagePreservesBytesAndWriteFailure","Output":"=== RUN   TestCompatibilityPackSourceUsagePreservesBytesAndWriteFailure\n","OutputType":"frame"}
{"Time":"2026-10-09T04:15:13.019722774Z","Action":"run","Package":"go.temporal.io/server/tools/gomad3/cmd/gomadtool","Test":"TestCompatibilityPackSourceUsagePreservesBytesAndWriteFailure/no_command"}
{"Time":"2026-10-09T04:15:13.019759607Z","Action":"output","Package":"go.temporal.io/server/tools/gomad3/cmd/gomadtool","Test":"TestCompatibilityPackSourceUsagePreservesBytesAndWriteFailure/no_command","Output":"=== RUN   TestCompatibilityPackSourceUsagePreservesBytesAndWriteFailure/no_command\n","OutputType":"frame"}
{"Time":"2026-10-09T04:15:13.01983794Z","Action":"output","Package":"go.temporal.io/server/tools/gomad3/cmd/gomadtool","Test":"TestCompatibilityPackSourceUsagePreservesBytesAndWriteFailure/no_command","Output":"--- PASS: TestCompatibilityPackSourceUsagePreservesBytesAndWriteFailure/no_command (0.00s)\n","OutputType":"frame"}
{"Time":"2026-10-09T04:15:13.019904607Z","Action":"pass","Package":"go.temporal.io/server/tools/gomad3/cmd/gomadtool","Test":"TestCompatibilityPackSourceUsagePreservesBytesAndWriteFailure/no_command","Elapsed":0}
{"Time":"2026-10-09T04:15:13.020097357Z","Action":"run","Package":"go.temporal.io/server/tools/gomad3/cmd/gomadtool","Test":"TestCompatibilityPackSourceUsagePreservesBytesAndWriteFailure/unknown_command"}
{"Time":"2026-10-09T04:15:13.020302065Z","Action":"output","Package":"go.temporal.io/server/tools/gomad3/cmd/gomadtool","Test":"TestCompatibilityPackSourceUsagePreservesBytesAndWriteFailure/unknown_command","Output":"=== RUN   TestCompatibilityPackSourceUsagePreservesBytesAndWriteFailure/unknown_command\n","OutputType":"frame"}
{"Time":"2026-10-09T04:15:13.020359482Z","Action":"output","Package":"go.temporal.io/server/tools/gomad3/cmd/gomadtool","Test":"TestCompatibilityPackSourceUsagePreservesBytesAndWriteFailure/unknown_command","Output":"--- PASS: TestCompatibilityPackSourceUsagePreservesBytesAndWriteFailure/unknown_command (0.00s)\n","OutputType":"frame"}
{"Time":"2026-10-09T04:15:13.020421315Z","Action":"pass","Package":"go.temporal.io/server/tools/gomad3/cmd/gomadtool","Test":"TestCompatibilityPackSourceUsagePreservesBytesAndWriteFailure/unknown_command","Elapsed":0}
{"Time":"2026-10-09T04:15:13.020484399Z","Action":"run","Package":"go.temporal.io/server/tools/gomad3/cmd/gomadtool","Test":"TestCompatibilityPackSourceUsagePreservesBytesAndWriteFailure/no_command_closed_writer"}
{"Time":"2026-10-09T04:15:13.020544649Z","Action":"output","Package":"go.temporal.io/server/tools/gomad3/cmd/gomadtool","Test":"TestCompatibilityPackSourceUsagePreservesBytesAndWriteFailure/no_command_closed_writer","Output":"=== RUN   TestCompatibilityPackSourceUsagePreservesBytesAndWriteFailure/no_command_closed_writer\n","OutputType":"frame"}
{"Time":"2026-10-09T04:15:13.021994565Z","Action":"output","Package":"go.temporal.io/server/tools/gomad3/cmd/gomadtool","Test":"TestCompatibilityPackSourceUsagePreservesBytesAndWriteFailure/no_command_closed_writer","Output":"--- PASS: TestCompatibilityPackSourceUsagePreservesBytesAndWriteFailure/no_command_closed_writer (0.00s)\n","OutputType":"frame"}
{"Time":"2026-10-09T04:15:13.022037107Z","Action":"pass","Package":"go.temporal.io/server/tools/gomad3/cmd/gomadtool","Test":"TestCompatibilityPackSourceUsagePreservesBytesAndWriteFailure/no_command_closed_writer","Elapsed":0}
{"Time":"2026-10-09T04:15:13.022071357Z","Action":"run","Package":"go.temporal.io/server/tools/gomad3/cmd/gomadtool","Test":"TestCompatibilityPackSourceUsagePreservesBytesAndWriteFailure/unknown_command_closed_writer"}
{"Time":"2026-10-09T04:15:13.02215894Z","Action":"output","Package":"go.temporal.io/server/tools/gomad3/cmd/gomadtool","Test":"TestCompatibilityPackSourceUsagePreservesBytesAndWriteFailure/unknown_command_closed_writer","Output":"=== RUN   TestCompatibilityPackSourceUsagePreservesBytesAndWriteFailure/unknown_command_closed_writer\n","OutputType":"frame"}
{"Time":"2026-10-09T04:15:13.023010399Z","Action":"output","Package":"go.temporal.io/server/tools/gomad3/cmd/gomadtool","Test":"TestCompatibilityPackSourceUsagePreservesBytesAndWriteFailure/unknown_command_closed_writer","Output":"--- PASS: TestCompatibilityPackSourceUsagePreservesBytesAndWriteFailure/unknown_command_closed_writer (0.00s)\n","OutputType":"frame"}
{"Time":"2026-10-09T04:15:13.023063399Z","Action":"pass","Package":"go.temporal.io/server/tools/gomad3/cmd/gomadtool","Test":"TestCompatibilityPackSourceUsagePreservesBytesAndWriteFailure/unknown_command_closed_writer","Elapsed":0}
{"Time":"2026-10-09T04:15:13.023126274Z","Action":"output","Package":"go.temporal.io/server/tools/gomad3/cmd/gomadtool","Test":"TestCompatibilityPackSourceUsagePreservesBytesAndWriteFailure","Output":"--- PASS: TestCompatibilityPackSourceUsagePreservesBytesAndWriteFailure (0.00s)\n","OutputType":"frame"}
{"Time":"2026-10-09T04:15:13.023170024Z","Action":"pass","Package":"go.temporal.io/server/tools/gomad3/cmd/gomadtool","Test":"TestCompatibilityPackSourceUsagePreservesBytesAndWriteFailure","Elapsed":0}
{"Time":"2026-10-09T04:15:13.023192815Z","Action":"run","Package":"go.temporal.io/server/tools/gomad3/cmd/gomadtool","Test":"TestRunGeneratorDiagnosticOutputPreservesStatus"}
{"Time":"2026-10-09T04:15:13.023215857Z","Action":"output","Package":"go.temporal.io/server/tools/gomad3/cmd/gomadtool","Test":"TestRunGeneratorDiagnosticOutputPreservesStatus","Output":"=== RUN   TestRunGeneratorDiagnosticOutputPreservesStatus\n","OutputType":"frame"}
{"Time":"2026-10-09T04:15:13.023293982Z","Action":"run","Package":"go.temporal.io/server/tools/gomad3/cmd/gomadtool","Test":"TestRunGeneratorDiagnosticOutputPreservesStatus/missing_manifest_flags"}
{"Time":"2026-10-09T04:15:13.023329065Z","Action":"output","Package":"go.temporal.io/server/tools/gomad3/cmd/gomadtool","Test":"TestRunGeneratorDiagnosticOutputPreservesStatus/missing_manifest_flags","Output":"=== RUN   TestRunGeneratorDiagnosticOutputPreservesStatus/missing_manifest_flags\n","OutputType":"frame"}
{"Time":"2026-10-09T04:15:13.023348732Z","Action":"run","Package":"go.temporal.io/server/tools/gomad3/cmd/gomadtool","Test":"TestRunGeneratorDiagnosticOutputPreservesStatus/missing_manifest_flags/absent_output"}
{"Time":"2026-10-09T04:15:13.023374024Z","Action":"output","Package":"go.temporal.io/server/tools/gomad3/cmd/gomadtool","Test":"TestRunGeneratorDiagnosticOutputPreservesStatus/missing_manifest_flags/absent_output","Output":"=== RUN   TestRunGeneratorDiagnosticOutputPreservesStatus/missing_manifest_flags/absent_output\n","OutputType":"frame"}
{"Time":"2026-10-09T04:15:13.023731899Z","Action":"run","Package":"go.temporal.io/server/tools/gomad3/cmd/gomadtool","Test":"TestRunGeneratorDiagnosticOutputPreservesStatus/missing_manifest_flags/absent_output/healthy_stderr"}
{"Time":"2026-10-09T04:15:13.023758565Z","Action":"output","Package":"go.temporal.io/server/tools/gomad3/cmd/gomadtool","Test":"TestRunGeneratorDiagnosticOutputPreservesStatus/missing_manifest_flags/absent_output/healthy_stderr","Output":"=== RUN   TestRunGeneratorDiagnosticOutputPreservesStatus/missing_manifest_flags/absent_output/healthy_stderr\n","OutputType":"frame"}
{"Time":"2026-10-09T04:15:13.024420774Z","Action":"output","Package":"go.temporal.io/server/tools/gomad3/cmd/gomadtool","Test":"TestRunGeneratorDiagnosticOutputPreservesStatus/missing_manifest_flags/absent_output/healthy_stderr","Output":"--- PASS: TestRunGeneratorDiagnosticOutputPreservesStatus/missing_manifest_flags/absent_output/healthy_stderr (0.00s)\n","OutputType":"frame"}
{"Time":"2026-10-09T04:15:13.024493774Z","Action":"pass","Package":"go.temporal.io/server/tools/gomad3/cmd/gomadtool","Test":"TestRunGeneratorDiagnosticOutputPreservesStatus/missing_manifest_flags/absent_output/healthy_stderr","Elapsed":0}
{"Time":"2026-10-09T04:15:13.02454094Z","Action":"run","Package":"go.temporal.io/server/tools/gomad3/cmd/gomadtool","Test":"TestRunGeneratorDiagnosticOutputPreservesStatus/missing_manifest_flags/absent_output/EBADF_stderr"}
{"Time":"2026-10-09T04:15:13.024624649Z","Action":"output","Package":"go.temporal.io/server/tools/gomad3/cmd/gomadtool","Test":"TestRunGeneratorDiagnosticOutputPreservesStatus/missing_manifest_flags/absent_output/EBADF_stderr","Output":"=== RUN   TestRunGeneratorDiagnosticOutputPreservesStatus/missing_manifest_flags/absent_output/EBADF_stderr\n","OutputType":"frame"}
{"Time":"2026-10-09T04:15:13.025094565Z","Action":"output","Package":"go.temporal.io/server/tools/gomad3/cmd/gomadtool","Test":"TestRunGeneratorDiagnosticOutputPreservesStatus/missing_manifest_flags/absent_output/EBADF_stderr","Output":"    generator_diagnostic_output_test.go:110: stderr Write returned *fs.PathError: write /Users/stephan/Workspace/skunkworks/.gomad-source-gates-UsyTMX/TestRunGeneratorDiagnosticOutputPreservesStatusmissing_manifest1651143885/001/stdout: bad file descriptor; errors.Is(EBADF)=true; attempted=\"qualification-manifest-generate requires --spec and --output\\n\"\n"}
{"Time":"2026-10-09T04:15:13.025798857Z","Action":"output","Package":"go.temporal.io/server/tools/gomad3/cmd/gomadtool","Test":"TestRunGeneratorDiagnosticOutputPreservesStatus/missing_manifest_flags/absent_output/EBADF_stderr","Output":"--- PASS: TestRunGeneratorDiagnosticOutputPreservesStatus/missing_manifest_flags/absent_output/EBADF_stderr (0.00s)\n","OutputType":"frame"}
{"Time":"2026-10-09T04:15:13.025823982Z","Action":"pass","Package":"go.temporal.io/server/tools/gomad3/cmd/gomadtool","Test":"TestRunGeneratorDiagnosticOutputPreservesStatus/missing_manifest_flags/absent_output/EBADF_stderr","Elapsed":0}
{"Time":"2026-10-09T04:15:13.026132482Z","Action":"output","Package":"go.temporal.io/server/tools/gomad3/cmd/gomadtool","Test":"TestRunGeneratorDiagnosticOutputPreservesStatus/missing_manifest_flags/absent_output","Output":"--- PASS: TestRunGeneratorDiagnosticOutputPreservesStatus/missing_manifest_flags/absent_output (0.00s)\n","OutputType":"frame"}
{"Time":"2026-10-09T04:15:13.026238565Z","Action":"pass","Package":"go.temporal.io/server/tools/gomad3/cmd/gomadtool","Test":"TestRunGeneratorDiagnosticOutputPreservesStatus/missing_manifest_flags/absent_output","Elapsed":0}
{"Time":"2026-10-09T04:15:13.026303024Z","Action":"run","Package":"go.temporal.io/server/tools/gomad3/cmd/gomadtool","Test":"TestRunGeneratorDiagnosticOutputPreservesStatus/missing_manifest_flags/existing_output"}
{"Time":"2026-10-09T04:15:13.02632519Z","Action":"output","Package":"go.temporal.io/server/tools/gomad3/cmd/gomadtool","Test":"TestRunGeneratorDiagnosticOutputPreservesStatus/missing_manifest_flags/existing_output","Output":"=== RUN   TestRunGeneratorDiagnosticOutputPreservesStatus/missing_manifest_flags/existing_output\n","OutputType":"frame"}
{"Time":"2026-10-09T04:15:13.027632357Z","Action":"run","Package":"go.temporal.io/server/tools/gomad3/cmd/gomadtool","Test":"TestRunGeneratorDiagnosticOutputPreservesStatus/missing_manifest_flags/existing_output/healthy_stderr"}
{"Time":"2026-10-09T04:15:13.02788994Z","Action":"output","Package":"go.temporal.io/server/tools/gomad3/cmd/gomadtool","Test":"TestRunGeneratorDiagnosticOutputPreservesStatus/missing_manifest_flags/existing_output/healthy_stderr","Output":"=== RUN   TestRunGeneratorDiagnosticOutputPreservesStatus/missing_manifest_flags/existing_output/healthy_stderr\n","OutputType":"frame"}
{"Time":"2026-10-09T04:15:13.03049969Z","Action":"output","Package":"go.temporal.io/server/tools/gomad3/cmd/gomadtool","Test":"TestRunGeneratorDiagnosticOutputPreservesStatus/missing_manifest_flags/existing_output/healthy_stderr","Output":"--- PASS: TestRunGeneratorDiagnosticOutputPreservesStatus/missing_manifest_flags/existing_output/healthy_stderr (0.00s)\n","OutputType":"frame"}
{"Time":"2026-10-09T04:15:13.03060544Z","Action":"pass","Package":"go.temporal.io/server/tools/gomad3/cmd/gomadtool","Test":"TestRunGeneratorDiagnosticOutputPreservesStatus/missing_manifest_flags/existing_output/healthy_stderr","Elapsed":0}
{"Time":"2026-10-09T04:15:13.030749774Z","Action":"run","Package":"go.temporal.io/server/tools/gomad3/cmd/gomadtool","Test":"TestRunGeneratorDiagnosticOutputPreservesStatus/missing_manifest_flags/existing_output/EBADF_stderr"}
{"Time":"2026-10-09T04:15:13.030824857Z","Action":"output","Package":"go.temporal.io/server/tools/gomad3/cmd/gomadtool","Test":"TestRunGeneratorDiagnosticOutputPreservesStatus/missing_manifest_flags/existing_output/EBADF_stderr","Output":"=== RUN   TestRunGeneratorDiagnosticOutputPreservesStatus/missing_manifest_flags/existing_output/EBADF_stderr\n","OutputType":"frame"}
{"Time":"2026-10-09T04:15:13.032151524Z","Action":"output","Package":"go.temporal.io/server/tools/gomad3/cmd/gomadtool","Test":"TestRunGeneratorDiagnosticOutputPreservesStatus/missing_manifest_flags/existing_output/EBADF_stderr","Output":"    generator_diagnostic_output_test.go:110: stderr Write returned *fs.PathError: write /Users/stephan/Workspace/skunkworks/.gomad-source-gates-UsyTMX/TestRunGeneratorDiagnosticOutputPreservesStatusmissing_manifest2247263366/001/stdout: bad file descriptor; errors.Is(EBADF)=true; attempted=\"qualification-manifest-generate requires --spec and --output\\n\"\n"}
{"Time":"2026-10-09T04:15:13.032708024Z","Action":"output","Package":"go.temporal.io/server/tools/gomad3/cmd/gomadtool","Test":"TestRunGeneratorDiagnosticOutputPreservesStatus/missing_manifest_flags/existing_output/EBADF_stderr","Output":"--- PASS: TestRunGeneratorDiagnosticOutputPreservesStatus/missing_manifest_flags/existing_output/EBADF_stderr (0.00s)\n","OutputType":"frame"}
{"Time":"2026-10-09T04:15:13.03276019Z","Action":"pass","Package":"go.temporal.io/server/tools/gomad3/cmd/gomadtool","Test":"TestRunGeneratorDiagnosticOutputPreservesStatus/missing_manifest_flags/existing_output/EBADF_stderr","Elapsed":0}
{"Time":"2026-10-09T04:15:13.033145857Z","Action":"output","Package":"go.temporal.io/server/tools/gomad3/cmd/gomadtool","Test":"TestRunGeneratorDiagnosticOutputPreservesStatus/missing_manifest_flags/existing_output","Output":"--- PASS: TestRunGeneratorDiagnosticOutputPreservesStatus/missing_manifest_flags/existing_output (0.01s)\n","OutputType":"frame"}
{"Time":"2026-10-09T04:15:13.033200607Z","Action":"pass","Package":"go.temporal.io/server/tools/gomad3/cmd/gomadtool","Test":"TestRunGeneratorDiagnosticOutputPreservesStatus/missing_manifest_flags/existing_output","Elapsed":0.01}
{"Time":"2026-10-09T04:15:13.033237524Z","Action":"output","Package":"go.temporal.io/server/tools/gomad3/cmd/gomadtool","Test":"TestRunGeneratorDiagnosticOutputPreservesStatus/missing_manifest_flags","Output":"--- PASS: TestRunGeneratorDiagnosticOutputPreservesStatus/missing_manifest_flags (0.01s)\n","OutputType":"frame"}
{"Time":"2026-10-09T04:15:13.033285524Z","Action":"pass","Package":"go.temporal.io/server/tools/gomad3/cmd/gomadtool","Test":"TestRunGeneratorDiagnosticOutputPreservesStatus/missing_manifest_flags","Elapsed":0.01}
{"Time":"2026-10-09T04:15:13.033405107Z","Action":"run","Package":"go.temporal.io/server/tools/gomad3/cmd/gomadtool","Test":"TestRunGeneratorDiagnosticOutputPreservesStatus/manifest_failure"}
{"Time":"2026-10-09T04:15:13.033606815Z","Action":"output","Package":"go.temporal.io/server/tools/gomad3/cmd/gomadtool","Test":"TestRunGeneratorDiagnosticOutputPreservesStatus/manifest_failure","Output":"=== RUN   TestRunGeneratorDiagnosticOutputPreservesStatus/manifest_failure\n","OutputType":"frame"}
{"Time":"2026-10-09T04:15:13.033645857Z","Action":"run","Package":"go.temporal.io/server/tools/gomad3/cmd/gomadtool","Test":"TestRunGeneratorDiagnosticOutputPreservesStatus/manifest_failure/absent_output"}
{"Time":"2026-10-09T04:15:13.033687815Z","Action":"output","Package":"go.temporal.io/server/tools/gomad3/cmd/gomadtool","Test":"TestRunGeneratorDiagnosticOutputPreservesStatus/manifest_failure/absent_output","Output":"=== RUN   TestRunGeneratorDiagnosticOutputPreservesStatus/manifest_failure/absent_output\n","OutputType":"frame"}
{"Time":"2026-10-09T04:15:13.035370607Z","Action":"run","Package":"go.temporal.io/server/tools/gomad3/cmd/gomadtool","Test":"TestRunGeneratorDiagnosticOutputPreservesStatus/manifest_failure/absent_output/healthy_stderr"}
{"Time":"2026-10-09T04:15:13.03561444Z","Action":"output","Package":"go.temporal.io/server/tools/gomad3/cmd/gomadtool","Test":"TestRunGeneratorDiagnosticOutputPreservesStatus/manifest_failure/absent_output/healthy_stderr","Output":"=== RUN   TestRunGeneratorDiagnosticOutputPreservesStatus/manifest_failure/absent_output/healthy_stderr\n","OutputType":"frame"}
{"Time":"2026-10-09T04:15:13.036815024Z","Action":"output","Package":"go.temporal.io/server/tools/gomad3/cmd/gomadtool","Test":"TestRunGeneratorDiagnosticOutputPreservesStatus/manifest_failure/absent_output/healthy_stderr","Output":"--- PASS: TestRunGeneratorDiagnosticOutputPreservesStatus/manifest_failure/absent_output/healthy_stderr (0.00s)\n","OutputType":"frame"}
{"Time":"2026-10-09T04:15:13.036903065Z","Action":"pass","Package":"go.temporal.io/server/tools/gomad3/cmd/gomadtool","Test":"TestRunGeneratorDiagnosticOutputPreservesStatus/manifest_failure/absent_output/healthy_stderr","Elapsed":0}
{"Time":"2026-10-09T04:15:13.036970065Z","Action":"run","Package":"go.temporal.io/server/tools/gomad3/cmd/gomadtool","Test":"TestRunGeneratorDiagnosticOutputPreservesStatus/manifest_failure/absent_output/EBADF_stderr"}
{"Time":"2026-10-09T04:15:13.037000982Z","Action":"output","Package":"go.temporal.io/server/tools/gomad3/cmd/gomadtool","Test":"TestRunGeneratorDiagnosticOutputPreservesStatus/manifest_failure/absent_output/EBADF_stderr","Output":"=== RUN   TestRunGeneratorDiagnosticOutputPreservesStatus/manifest_failure/absent_output/EBADF_stderr\n","OutputType":"frame"}
{"Time":"2026-10-09T04:15:13.037842732Z","Action":"output","Package":"go.temporal.io/server/tools/gomad3/cmd/gomadtool","Test":"TestRunGeneratorDiagnosticOutputPreservesStatus/manifest_failure/absent_output/EBADF_stderr","Output":"    generator_diagnostic_output_test.go:110: stderr Write returned *fs.PathError: write /Users/stephan/Workspace/skunkworks/.gomad-source-gates-UsyTMX/TestRunGeneratorDiagnosticOutputPreservesStatusmanifest_failure600918401/001/stdout: bad file descriptor; errors.Is(EBADF)=true; attempted=\"qualification manifest spec schema must be gomad3.qualification-set-generator/v1\\n\"\n"}
{"Time":"2026-10-09T04:15:13.038306274Z","Action":"output","Package":"go.temporal.io/server/tools/gomad3/cmd/gomadtool","Test":"TestRunGeneratorDiagnosticOutputPreservesStatus/manifest_failure/absent_output/EBADF_stderr","Output":"--- PASS: TestRunGeneratorDiagnosticOutputPreservesStatus/manifest_failure/absent_output/EBADF_stderr (0.00s)\n","OutputType":"frame"}
{"Time":"2026-10-09T04:15:13.038388732Z","Action":"pass","Package":"go.temporal.io/server/tools/gomad3/cmd/gomadtool","Test":"TestRunGeneratorDiagnosticOutputPreservesStatus/manifest_failure/absent_output/EBADF_stderr","Elapsed":0}
{"Time":"2026-10-09T04:15:13.038737607Z","Action":"output","Package":"go.temporal.io/server/tools/gomad3/cmd/gomadtool","Test":"TestRunGeneratorDiagnosticOutputPreservesStatus/manifest_failure/absent_output","Output":"--- PASS: TestRunGeneratorDiagnosticOutputPreservesStatus/manifest_failure/absent_output (0.01s)\n","OutputType":"frame"}
{"Time":"2026-10-09T04:15:13.038774065Z","Action":"pass","Package":"go.temporal.io/server/tools/gomad3/cmd/gomadtool","Test":"TestRunGeneratorDiagnosticOutputPreservesStatus/manifest_failure/absent_output","Elapsed":0.01}
{"Time":"2026-10-09T04:15:13.03891544Z","Action":"run","Package":"go.temporal.io/server/tools/gomad3/cmd/gomadtool","Test":"TestRunGeneratorDiagnosticOutputPreservesStatus/manifest_failure/existing_output"}
{"Time":"2026-10-09T04:15:13.038938482Z","Action":"output","Package":"go.temporal.io/server/tools/gomad3/cmd/gomadtool","Test":"TestRunGeneratorDiagnosticOutputPreservesStatus/manifest_failure/existing_output","Output":"=== RUN   TestRunGeneratorDiagnosticOutputPreservesStatus/manifest_failure/existing_output\n","OutputType":"frame"}
{"Time":"2026-10-09T04:15:13.040637524Z","Action":"run","Package":"go.temporal.io/server/tools/gomad3/cmd/gomadtool","Test":"TestRunGeneratorDiagnosticOutputPreservesStatus/manifest_failure/existing_output/healthy_stderr"}
{"Time":"2026-10-09T04:15:13.040752649Z","Action":"output","Package":"go.temporal.io/server/tools/gomad3/cmd/gomadtool","Test":"TestRunGeneratorDiagnosticOutputPreservesStatus/manifest_failure/existing_output/healthy_stderr","Output":"=== RUN   TestRunGeneratorDiagnosticOutputPreservesStatus/manifest_failure/existing_output/healthy_stderr\n","OutputType":"frame"}
{"Time":"2026-10-09T04:15:13.04174094Z","Action":"output","Package":"go.temporal.io/server/tools/gomad3/cmd/gomadtool","Test":"TestRunGeneratorDiagnosticOutputPreservesStatus/manifest_failure/existing_output/healthy_stderr","Output":"--- PASS: TestRunGeneratorDiagnosticOutputPreservesStatus/manifest_failure/existing_output/healthy_stderr (0.00s)\n","OutputType":"frame"}
{"Time":"2026-10-09T04:15:13.041803482Z","Action":"pass","Package":"go.temporal.io/server/tools/gomad3/cmd/gomadtool","Test":"TestRunGeneratorDiagnosticOutputPreservesStatus/manifest_failure/existing_output/healthy_stderr","Elapsed":0}
{"Time":"2026-10-09T04:15:13.041819774Z","Action":"run","Package":"go.temporal.io/server/tools/gomad3/cmd/gomadtool","Test":"TestRunGeneratorDiagnosticOutputPreservesStatus/manifest_failure/existing_output/EBADF_stderr"}
{"Time":"2026-10-09T04:15:13.04183444Z","Action":"output","Package":"go.temporal.io/server/tools/gomad3/cmd/gomadtool","Test":"TestRunGeneratorDiagnosticOutputPreservesStatus/manifest_failure/existing_output/EBADF_stderr","Output":"=== RUN   TestRunGeneratorDiagnosticOutputPreservesStatus/manifest_failure/existing_output/EBADF_stderr\n","OutputType":"frame"}
{"Time":"2026-10-09T04:15:13.042691524Z","Action":"output","Package":"go.temporal.io/server/tools/gomad3/cmd/gomadtool","Test":"TestRunGeneratorDiagnosticOutputPreservesStatus/manifest_failure/existing_output/EBADF_stderr","Output":"    generator_diagnostic_output_test.go:110: stderr Write returned *fs.PathError: write /Users/stephan/Workspace/skunkworks/.gomad-source-gates-UsyTMX/TestRunGeneratorDiagnosticOutputPreservesStatusmanifest_failure546553863/001/stdout: bad file descriptor; errors.Is(EBADF)=true; attempted=\"qualification manifest spec schema must be gomad3.qualification-set-generator/v1\\n\"\n"}
{"Time":"2026-10-09T04:15:13.043178524Z","Action":"output","Package":"go.temporal.io/server/tools/gomad3/cmd/gomadtool","Test":"TestRunGeneratorDiagnosticOutputPreservesStatus/manifest_failure/existing_output/EBADF_stderr","Output":"--- PASS: TestRunGeneratorDiagnosticOutputPreservesStatus/manifest_failure/existing_output/EBADF_stderr (0.00s)\n","OutputType":"frame"}
{"Time":"2026-10-09T04:15:13.043200065Z","Action":"pass","Package":"go.temporal.io/server/tools/gomad3/cmd/gomadtool","Test":"TestRunGeneratorDiagnosticOutputPreservesStatus/manifest_failure/existing_output/EBADF_stderr","Elapsed":0}
{"Time":"2026-10-09T04:15:13.043417482Z","Action":"output","Package":"go.temporal.io/server/tools/gomad3/cmd/gomadtool","Test":"TestRunGeneratorDiagnosticOutputPreservesStatus/manifest_failure/existing_output","Output":"--- PASS: TestRunGeneratorDiagnosticOutputPreservesStatus/manifest_failure/existing_output (0.00s)\n","OutputType":"frame"}
{"Time":"2026-10-09T04:15:13.043448565Z","Action":"pass","Package":"go.temporal.io/server/tools/gomad3/cmd/gomadtool","Test":"TestRunGeneratorDiagnosticOutputPreservesStatus/manifest_failure/existing_output","Elapsed":0}
{"Time":"2026-10-09T04:15:13.04346194Z","Action":"output","Package":"go.temporal.io/server/tools/gomad3/cmd/gomadtool","Test":"TestRunGeneratorDiagnosticOutputPreservesStatus/manifest_failure","Output":"--- PASS: TestRunGeneratorDiagnosticOutputPreservesStatus/manifest_failure (0.01s)\n","OutputType":"frame"}
{"Time":"2026-10-09T04:15:13.043491774Z","Action":"pass","Package":"go.temporal.io/server/tools/gomad3/cmd/gomadtool","Test":"TestRunGeneratorDiagnosticOutputPreservesStatus/manifest_failure","Elapsed":0.01}
{"Time":"2026-10-09T04:15:13.043524024Z","Action":"run","Package":"go.temporal.io/server/tools/gomad3/cmd/gomadtool","Test":"TestRunGeneratorDiagnosticOutputPreservesStatus/protocol_failure"}
{"Time":"2026-10-09T04:15:13.043566565Z","Action":"output","Package":"go.temporal.io/server/tools/gomad3/cmd/gomadtool","Test":"TestRunGeneratorDiagnosticOutputPreservesStatus/protocol_failure","Output":"=== RUN   TestRunGeneratorDiagnosticOutputPreservesStatus/protocol_failure\n","OutputType":"frame"}
{"Time":"2026-10-09T04:15:13.043580649Z","Action":"run","Package":"go.temporal.io/server/tools/gomad3/cmd/gomadtool","Test":"TestRunGeneratorDiagnosticOutputPreservesStatus/protocol_failure/absent_output"}
{"Time":"2026-10-09T04:15:13.043602315Z","Action":"output","Package":"go.temporal.io/server/tools/gomad3/cmd/gomadtool","Test":"TestRunGeneratorDiagnosticOutputPreservesStatus/protocol_failure/absent_output","Output":"=== RUN   TestRunGeneratorDiagnosticOutputPreservesStatus/protocol_failure/absent_output\n","OutputType":"frame"}
{"Time":"2026-10-09T04:15:13.044266357Z","Action":"run","Package":"go.temporal.io/server/tools/gomad3/cmd/gomadtool","Test":"TestRunGeneratorDiagnosticOutputPreservesStatus/protocol_failure/absent_output/healthy_stderr"}
{"Time":"2026-10-09T04:15:13.044290024Z","Action":"output","Package":"go.temporal.io/server/tools/gomad3/cmd/gomadtool","Test":"TestRunGeneratorDiagnosticOutputPreservesStatus/protocol_failure/absent_output/healthy_stderr","Output":"=== RUN   TestRunGeneratorDiagnosticOutputPreservesStatus/protocol_failure/absent_output/healthy_stderr\n","OutputType":"frame"}
{"Time":"2026-10-09T04:15:13.045064357Z","Action":"output","Package":"go.temporal.io/server/tools/gomad3/cmd/gomadtool","Test":"TestRunGeneratorDiagnosticOutputPreservesStatus/protocol_failure/absent_output/healthy_stderr","Output":"--- PASS: TestRunGeneratorDiagnosticOutputPreservesStatus/protocol_failure/absent_output/healthy_stderr (0.00s)\n","OutputType":"frame"}
{"Time":"2026-10-09T04:15:13.045144065Z","Action":"pass","Package":"go.temporal.io/server/tools/gomad3/cmd/gomadtool","Test":"TestRunGeneratorDiagnosticOutputPreservesStatus/protocol_failure/absent_output/healthy_stderr","Elapsed":0}
{"Time":"2026-10-09T04:15:13.045170857Z","Action":"run","Package":"go.temporal.io/server/tools/gomad3/cmd/gomadtool","Test":"TestRunGeneratorDiagnosticOutputPreservesStatus/protocol_failure/absent_output/EBADF_stderr"}
{"Time":"2026-10-09T04:15:13.045181024Z","Action":"output","Package":"go.temporal.io/server/tools/gomad3/cmd/gomadtool","Test":"TestRunGeneratorDiagnosticOutputPreservesStatus/protocol_failure/absent_output/EBADF_stderr","Output":"=== RUN   TestRunGeneratorDiagnosticOutputPreservesStatus/protocol_failure/absent_output/EBADF_stderr\n","OutputType":"frame"}
{"Time":"2026-10-09T04:15:13.04591144Z","Action":"output","Package":"go.temporal.io/server/tools/gomad3/cmd/gomadtool","Test":"TestRunGeneratorDiagnosticOutputPreservesStatus/protocol_failure/absent_output/EBADF_stderr","Output":"    generator_diagnostic_output_test.go:110: stderr Write returned *fs.PathError: write /Users/stephan/Workspace/skunkworks/.gomad-source-gates-UsyTMX/TestRunGeneratorDiagnosticOutputPreservesStatusprotocol_failure1088472159/001/stdout: bad file descriptor; errors.Is(EBADF)=true; attempted=\"I/O wire schema has trailing data\\n\"\n"}
{"Time":"2026-10-09T04:15:13.046319482Z","Action":"output","Package":"go.temporal.io/server/tools/gomad3/cmd/gomadtool","Test":"TestRunGeneratorDiagnosticOutputPreservesStatus/protocol_failure/absent_output/EBADF_stderr","Output":"--- PASS: TestRunGeneratorDiagnosticOutputPreservesStatus/protocol_failure/absent_output/EBADF_stderr (0.00s)\n","OutputType":"frame"}
{"Time":"2026-10-09T04:15:13.046348149Z","Action":"pass","Package":"go.temporal.io/server/tools/gomad3/cmd/gomadtool","Test":"TestRunGeneratorDiagnosticOutputPreservesStatus/protocol_failure/absent_output/EBADF_stderr","Elapsed":0}
{"Time":"2026-10-09T04:15:13.046568982Z","Action":"output","Package":"go.temporal.io/server/tools/gomad3/cmd/gomadtool","Test":"TestRunGeneratorDiagnosticOutputPreservesStatus/protocol_failure/absent_output","Output":"--- PASS: TestRunGeneratorDiagnosticOutputPreservesStatus/protocol_failure/absent_output (0.00s)\n","OutputType":"frame"}
{"Time":"2026-10-09T04:15:13.046602065Z","Action":"pass","Package":"go.temporal.io/server/tools/gomad3/cmd/gomadtool","Test":"TestRunGeneratorDiagnosticOutputPreservesStatus/protocol_failure/absent_output","Elapsed":0}
{"Time":"2026-10-09T04:15:13.046615399Z","Action":"run","Package":"go.temporal.io/server/tools/gomad3/cmd/gomadtool","Test":"TestRunGeneratorDiagnosticOutputPreservesStatus/protocol_failure/existing_output"}
{"Time":"2026-10-09T04:15:13.04664544Z","Action":"output","Package":"go.temporal.io/server/tools/gomad3/cmd/gomadtool","Test":"TestRunGeneratorDiagnosticOutputPreservesStatus/protocol_failure/existing_output","Output":"=== RUN   TestRunGeneratorDiagnosticOutputPreservesStatus/protocol_failure/existing_output\n","OutputType":"frame"}
{"Time":"2026-10-09T04:15:13.047493607Z","Action":"run","Package":"go.temporal.io/server/tools/gomad3/cmd/gomadtool","Test":"TestRunGeneratorDiagnosticOutputPreservesStatus/protocol_failure/existing_output/healthy_stderr"}
{"Time":"2026-10-09T04:15:13.047516065Z","Action":"output","Package":"go.temporal.io/server/tools/gomad3/cmd/gomadtool","Test":"TestRunGeneratorDiagnosticOutputPreservesStatus/protocol_failure/existing_output/healthy_stderr","Output":"=== RUN   TestRunGeneratorDiagnosticOutputPreservesStatus/protocol_failure/existing_output/healthy_stderr\n","OutputType":"frame"}
{"Time":"2026-10-09T04:15:13.048569607Z","Action":"output","Package":"go.temporal.io/server/tools/gomad3/cmd/gomadtool","Test":"TestRunGeneratorDiagnosticOutputPreservesStatus/protocol_failure/existing_output/healthy_stderr","Output":"--- PASS: TestRunGeneratorDiagnosticOutputPreservesStatus/protocol_failure/existing_output/healthy_stderr (0.00s)\n","OutputType":"frame"}
{"Time":"2026-10-09T04:15:13.048596315Z","Action":"pass","Package":"go.temporal.io/server/tools/gomad3/cmd/gomadtool","Test":"TestRunGeneratorDiagnosticOutputPreservesStatus/protocol_failure/existing_output/healthy_stderr","Elapsed":0}
{"Time":"2026-10-09T04:15:13.048611232Z","Action":"run","Package":"go.temporal.io/server/tools/gomad3/cmd/gomadtool","Test":"TestRunGeneratorDiagnosticOutputPreservesStatus/protocol_failure/existing_output/EBADF_stderr"}
{"Time":"2026-10-09T04:15:13.048633607Z","Action":"output","Package":"go.temporal.io/server/tools/gomad3/cmd/gomadtool","Test":"TestRunGeneratorDiagnosticOutputPreservesStatus/protocol_failure/existing_output/EBADF_stderr","Output":"=== RUN   TestRunGeneratorDiagnosticOutputPreservesStatus/protocol_failure/existing_output/EBADF_stderr\n","OutputType":"frame"}
{"Time":"2026-10-09T04:15:13.049316107Z","Action":"output","Package":"go.temporal.io/server/tools/gomad3/cmd/gomadtool","Test":"TestRunGeneratorDiagnosticOutputPreservesStatus/protocol_failure/existing_output/EBADF_stderr","Output":"    generator_diagnostic_output_test.go:110: stderr Write returned *fs.PathError: write /Users/stephan/Workspace/skunkworks/.gomad-source-gates-UsyTMX/TestRunGeneratorDiagnosticOutputPreservesStatusprotocol_failure778605826/001/stdout: bad file descriptor; errors.Is(EBADF)=true; attempted=\"I/O wire schema has trailing data\\n\"\n"}
{"Time":"2026-10-09T04:15:13.049794982Z","Action":"output","Package":"go.temporal.io/server/tools/gomad3/cmd/gomadtool","Test":"TestRunGeneratorDiagnosticOutputPreservesStatus/protocol_failure/existing_output/EBADF_stderr","Output":"--- PASS: TestRunGeneratorDiagnosticOutputPreservesStatus/protocol_failure/existing_output/EBADF_stderr (0.00s)\n","OutputType":"frame"}
{"Time":"2026-10-09T04:15:13.049817399Z","Action":"pass","Package":"go.temporal.io/server/tools/gomad3/cmd/gomadtool","Test":"TestRunGeneratorDiagnosticOutputPreservesStatus/protocol_failure/existing_output/EBADF_stderr","Elapsed":0}
{"Time":"2026-10-09T04:15:13.05016169Z","Action":"output","Package":"go.temporal.io/server/tools/gomad3/cmd/gomadtool","Test":"TestRunGeneratorDiagnosticOutputPreservesStatus/protocol_failure/existing_output","Output":"--- PASS: TestRunGeneratorDiagnosticOutputPreservesStatus/protocol_failure/existing_output (0.00s)\n","OutputType":"frame"}
{"Time":"2026-10-09T04:15:13.050193899Z","Action":"pass","Package":"go.temporal.io/server/tools/gomad3/cmd/gomadtool","Test":"TestRunGeneratorDiagnosticOutputPreservesStatus/protocol_failure/existing_output","Elapsed":0}
{"Time":"2026-10-09T04:15:13.050214357Z","Action":"output","Package":"go.temporal.io/server/tools/gomad3/cmd/gomadtool","Test":"TestRunGeneratorDiagnosticOutputPreservesStatus/protocol_failure","Output":"--- PASS: TestRunGeneratorDiagnosticOutputPreservesStatus/protocol_failure (0.01s)\n","OutputType":"frame"}
{"Time":"2026-10-09T04:15:13.05023019Z","Action":"pass","Package":"go.temporal.io/server/tools/gomad3/cmd/gomadtool","Test":"TestRunGeneratorDiagnosticOutputPreservesStatus/protocol_failure","Elapsed":0.01}
{"Time":"2026-10-09T04:15:13.050246899Z","Action":"run","Package":"go.temporal.io/server/tools/gomad3/cmd/gomadtool","Test":"TestRunGeneratorDiagnosticOutputPreservesStatus/version_failure"}
{"Time":"2026-10-09T04:15:13.05026344Z","Action":"output","Package":"go.temporal.io/server/tools/gomad3/cmd/gomadtool","Test":"TestRunGeneratorDiagnosticOutputPreservesStatus/version_failure","Output":"=== RUN   TestRunGeneratorDiagnosticOutputPreservesStatus/version_failure\n","OutputType":"frame"}
{"Time":"2026-10-09T04:15:13.050284107Z","Action":"run","Package":"go.temporal.io/server/tools/gomad3/cmd/gomadtool","Test":"TestRunGeneratorDiagnosticOutputPreservesStatus/version_failure/absent_output"}
{"Time":"2026-10-09T04:15:13.050296982Z","Action":"output","Package":"go.temporal.io/server/tools/gomad3/cmd/gomadtool","Test":"TestRunGeneratorDiagnosticOutputPreservesStatus/version_failure/absent_output","Output":"=== RUN   TestRunGeneratorDiagnosticOutputPreservesStatus/version_failure/absent_output\n","OutputType":"frame"}
{"Time":"2026-10-09T04:15:13.050910357Z","Action":"run","Package":"go.temporal.io/server/tools/gomad3/cmd/gomadtool","Test":"TestRunGeneratorDiagnosticOutputPreservesStatus/version_failure/absent_output/healthy_stderr"}
{"Time":"2026-10-09T04:15:13.050930232Z","Action":"output","Package":"go.temporal.io/server/tools/gomad3/cmd/gomadtool","Test":"TestRunGeneratorDiagnosticOutputPreservesStatus/version_failure/absent_output/healthy_stderr","Output":"=== RUN   TestRunGeneratorDiagnosticOutputPreservesStatus/version_failure/absent_output/healthy_stderr\n","OutputType":"frame"}
{"Time":"2026-10-09T04:15:13.051731732Z","Action":"output","Package":"go.temporal.io/server/tools/gomad3/cmd/gomadtool","Test":"TestRunGeneratorDiagnosticOutputPreservesStatus/version_failure/absent_output/healthy_stderr","Output":"--- PASS: TestRunGeneratorDiagnosticOutputPreservesStatus/version_failure/absent_output/healthy_stderr (0.00s)\n","OutputType":"frame"}
{"Time":"2026-10-09T04:15:13.051758024Z","Action":"pass","Package":"go.temporal.io/server/tools/gomad3/cmd/gomadtool","Test":"TestRunGeneratorDiagnosticOutputPreservesStatus/version_failure/absent_output/healthy_stderr","Elapsed":0}
{"Time":"2026-10-09T04:15:13.051781857Z","Action":"run","Package":"go.temporal.io/server/tools/gomad3/cmd/gomadtool","Test":"TestRunGeneratorDiagnosticOutputPreservesStatus/version_failure/absent_output/EBADF_stderr"}
{"Time":"2026-10-09T04:15:13.051810732Z","Action":"output","Package":"go.temporal.io/server/tools/gomad3/cmd/gomadtool","Test":"TestRunGeneratorDiagnosticOutputPreservesStatus/version_failure/absent_output/EBADF_stderr","Output":"=== RUN   TestRunGeneratorDiagnosticOutputPreservesStatus/version_failure/absent_output/EBADF_stderr\n","OutputType":"frame"}
{"Time":"2026-10-09T04:15:13.052444774Z","Action":"output","Package":"go.temporal.io/server/tools/gomad3/cmd/gomadtool","Test":"TestRunGeneratorDiagnosticOutputPreservesStatus/version_failure/absent_output/EBADF_stderr","Output":"    generator_diagnostic_output_test.go:110: stderr Write returned *fs.PathError: write /Users/stephan/Workspace/skunkworks/.gomad-source-gates-UsyTMX/TestRunGeneratorDiagnosticOutputPreservesStatusversion_failure1618750280/001/stdout: bad file descriptor; errors.Is(EBADF)=true; attempted=\"version descriptor schema version 0 is unsupported\\n\"\n"}
{"Time":"2026-10-09T04:15:13.05298144Z","Action":"output","Package":"go.temporal.io/server/tools/gomad3/cmd/gomadtool","Test":"TestRunGeneratorDiagnosticOutputPreservesStatus/version_failure/absent_output/EBADF_stderr","Output":"--- PASS: TestRunGeneratorDiagnosticOutputPreservesStatus/version_failure/absent_output/EBADF_stderr (0.00s)\n","OutputType":"frame"}
{"Time":"2026-10-09T04:15:13.053007565Z","Action":"pass","Package":"go.temporal.io/server/tools/gomad3/cmd/gomadtool","Test":"TestRunGeneratorDiagnosticOutputPreservesStatus/version_failure/absent_output/EBADF_stderr","Elapsed":0}
{"Time":"2026-10-09T04:15:13.053252274Z","Action":"output","Package":"go.temporal.io/server/tools/gomad3/cmd/gomadtool","Test":"TestRunGeneratorDiagnosticOutputPreservesStatus/version_failure/absent_output","Output":"--- PASS: TestRunGeneratorDiagnosticOutputPreservesStatus/version_failure/absent_output (0.00s)\n","OutputType":"frame"}
{"Time":"2026-10-09T04:15:13.053274399Z","Action":"pass","Package":"go.temporal.io/server/tools/gomad3/cmd/gomadtool","Test":"TestRunGeneratorDiagnosticOutputPreservesStatus/version_failure/absent_output","Elapsed":0}
{"Time":"2026-10-09T04:15:13.053301315Z","Action":"run","Package":"go.temporal.io/server/tools/gomad3/cmd/gomadtool","Test":"TestRunGeneratorDiagnosticOutputPreservesStatus/version_failure/existing_output"}
{"Time":"2026-10-09T04:15:13.053339065Z","Action":"output","Package":"go.temporal.io/server/tools/gomad3/cmd/gomadtool","Test":"TestRunGeneratorDiagnosticOutputPreservesStatus/version_failure/existing_output","Output":"=== RUN   TestRunGeneratorDiagnosticOutputPreservesStatus/version_failure/existing_output\n","OutputType":"frame"}
{"Time":"2026-10-09T04:15:13.05416494Z","Action":"run","Package":"go.temporal.io/server/tools/gomad3/cmd/gomadtool","Test":"TestRunGeneratorDiagnosticOutputPreservesStatus/version_failure/existing_output/healthy_stderr"}
{"Time":"2026-10-09T04:15:13.054279107Z","Action":"output","Package":"go.temporal.io/server/tools/gomad3/cmd/gomadtool","Test":"TestRunGeneratorDiagnosticOutputPreservesStatus/version_failure/existing_output/healthy_stderr","Output":"=== RUN   TestRunGeneratorDiagnosticOutputPreservesStatus/version_failure/existing_output/healthy_stderr\n","OutputType":"frame"}
{"Time":"2026-10-09T04:15:13.055509107Z","Action":"output","Package":"go.temporal.io/server/tools/gomad3/cmd/gomadtool","Test":"TestRunGeneratorDiagnosticOutputPreservesStatus/version_failure/existing_output/healthy_stderr","Output":"--- PASS: TestRunGeneratorDiagnosticOutputPreservesStatus/version_failure/existing_output/healthy_stderr (0.00s)\n","OutputType":"frame"}
{"Time":"2026-10-09T04:15:13.055532857Z","Action":"pass","Package":"go.temporal.io/server/tools/gomad3/cmd/gomadtool","Test":"TestRunGeneratorDiagnosticOutputPreservesStatus/version_failure/existing_output/healthy_stderr","Elapsed":0}
{"Time":"2026-10-09T04:15:13.055555232Z","Action":"run","Package":"go.temporal.io/server/tools/gomad3/cmd/gomadtool","Test":"TestRunGeneratorDiagnosticOutputPreservesStatus/version_failure/existing_output/EBADF_stderr"}
{"Time":"2026-10-09T04:15:13.055590857Z","Action":"output","Package":"go.temporal.io/server/tools/gomad3/cmd/gomadtool","Test":"TestRunGeneratorDiagnosticOutputPreservesStatus/version_failure/existing_output/EBADF_stderr","Output":"=== RUN   TestRunGeneratorDiagnosticOutputPreservesStatus/version_failure/existing_output/EBADF_stderr\n","OutputType":"frame"}
{"Time":"2026-10-09T04:15:13.056471982Z","Action":"output","Package":"go.temporal.io/server/tools/gomad3/cmd/gomadtool","Test":"TestRunGeneratorDiagnosticOutputPreservesStatus/version_failure/existing_output/EBADF_stderr","Output":"    generator_diagnostic_output_test.go:110: stderr Write returned *fs.PathError: write /Users/stephan/Workspace/skunkworks/.gomad-source-gates-UsyTMX/TestRunGeneratorDiagnosticOutputPreservesStatusversion_failure2441321380/001/stdout: bad file descriptor; errors.Is(EBADF)=true; attempted=\"version descriptor schema version 0 is unsupported\\n\"\n"}
{"Time":"2026-10-09T04:15:13.056813107Z","Action":"output","Package":"go.temporal.io/server/tools/gomad3/cmd/gomadtool","Test":"TestRunGeneratorDiagnosticOutputPreservesStatus/version_failure/existing_output/EBADF_stderr","Output":"--- PASS: TestRunGeneratorDiagnosticOutputPreservesStatus/version_failure/existing_output/EBADF_stderr (0.00s)\n","OutputType":"frame"}
{"Time":"2026-10-09T04:15:13.056838065Z","Action":"pass","Package":"go.temporal.io/server/tools/gomad3/cmd/gomadtool","Test":"TestRunGeneratorDiagnosticOutputPreservesStatus/version_failure/existing_output/EBADF_stderr","Elapsed":0}
{"Time":"2026-10-09T04:15:13.057265274Z","Action":"output","Package":"go.temporal.io/server/tools/gomad3/cmd/gomadtool","Test":"TestRunGeneratorDiagnosticOutputPreservesStatus/version_failure/existing_output","Output":"--- PASS: TestRunGeneratorDiagnosticOutputPreservesStatus/version_failure/existing_output (0.00s)\n","OutputType":"frame"}
{"Time":"2026-10-09T04:15:13.057286899Z","Action":"pass","Package":"go.temporal.io/server/tools/gomad3/cmd/gomadtool","Test":"TestRunGeneratorDiagnosticOutputPreservesStatus/version_failure/existing_output","Elapsed":0}
{"Time":"2026-10-09T04:15:13.057298399Z","Action":"output","Package":"go.temporal.io/server/tools/gomad3/cmd/gomadtool","Test":"TestRunGeneratorDiagnosticOutputPreservesStatus/version_failure","Output":"--- PASS: TestRunGeneratorDiagnosticOutputPreservesStatus/version_failure (0.01s)\n","OutputType":"frame"}
{"Time":"2026-10-09T04:15:13.057309274Z","Action":"pass","Package":"go.temporal.io/server/tools/gomad3/cmd/gomadtool","Test":"TestRunGeneratorDiagnosticOutputPreservesStatus/version_failure","Elapsed":0.01}
{"Time":"2026-10-09T04:15:13.057540399Z","Action":"run","Package":"go.temporal.io/server/tools/gomad3/cmd/gomadtool","Test":"TestRunGeneratorDiagnosticOutputPreservesStatus/boundary_failure"}
{"Time":"2026-10-09T04:15:13.057563982Z","Action":"output","Package":"go.temporal.io/server/tools/gomad3/cmd/gomadtool","Test":"TestRunGeneratorDiagnosticOutputPreservesStatus/boundary_failure","Output":"=== RUN   TestRunGeneratorDiagnosticOutputPreservesStatus/boundary_failure\n","OutputType":"frame"}
{"Time":"2026-10-09T04:15:13.05761944Z","Action":"run","Package":"go.temporal.io/server/tools/gomad3/cmd/gomadtool","Test":"TestRunGeneratorDiagnosticOutputPreservesStatus/boundary_failure/absent_output"}
{"Time":"2026-10-09T04:15:13.05763119Z","Action":"output","Package":"go.temporal.io/server/tools/gomad3/cmd/gomadtool","Test":"TestRunGeneratorDiagnosticOutputPreservesStatus/boundary_failure/absent_output","Output":"=== RUN   TestRunGeneratorDiagnosticOutputPreservesStatus/boundary_failure/absent_output\n","OutputType":"frame"}
{"Time":"2026-10-09T04:15:13.057829607Z","Action":"run","Package":"go.temporal.io/server/tools/gomad3/cmd/gomadtool","Test":"TestRunGeneratorDiagnosticOutputPreservesStatus/boundary_failure/absent_output/healthy_stderr"}
{"Time":"2026-10-09T04:15:13.057855649Z","Action":"output","Package":"go.temporal.io/server/tools/gomad3/cmd/gomadtool","Test":"TestRunGeneratorDiagnosticOutputPreservesStatus/boundary_failure/absent_output/healthy_stderr","Output":"=== RUN   TestRunGeneratorDiagnosticOutputPreservesStatus/boundary_failure/absent_output/healthy_stderr\n","OutputType":"frame"}
{"Time":"2026-10-09T04:15:13.058252149Z","Action":"output","Package":"go.temporal.io/server/tools/gomad3/cmd/gomadtool","Test":"TestRunGeneratorDiagnosticOutputPreservesStatus/boundary_failure/absent_output/healthy_stderr","Output":"--- PASS: TestRunGeneratorDiagnosticOutputPreservesStatus/boundary_failure/absent_output/healthy_stderr (0.00s)\n","OutputType":"frame"}
{"Time":"2026-10-09T04:15:13.058280149Z","Action":"pass","Package":"go.temporal.io/server/tools/gomad3/cmd/gomadtool","Test":"TestRunGeneratorDiagnosticOutputPreservesStatus/boundary_failure/absent_output/healthy_stderr","Elapsed":0}
{"Time":"2026-10-09T04:15:13.058308565Z","Action":"run","Package":"go.temporal.io/server/tools/gomad3/cmd/gomadtool","Test":"TestRunGeneratorDiagnosticOutputPreservesStatus/boundary_failure/absent_output/EBADF_stderr"}
{"Time":"2026-10-09T04:15:13.058329357Z","Action":"output","Package":"go.temporal.io/server/tools/gomad3/cmd/gomadtool","Test":"TestRunGeneratorDiagnosticOutputPreservesStatus/boundary_failure/absent_output/EBADF_stderr","Output":"=== RUN   TestRunGeneratorDiagnosticOutputPreservesStatus/boundary_failure/absent_output/EBADF_stderr\n","OutputType":"frame"}
{"Time":"2026-10-09T04:15:13.058725024Z","Action":"output","Package":"go.temporal.io/server/tools/gomad3/cmd/gomadtool","Test":"TestRunGeneratorDiagnosticOutputPreservesStatus/boundary_failure/absent_output/EBADF_stderr","Output":"    generator_diagnostic_output_test.go:110: stderr Write returned *fs.PathError: write /Users/stephan/Workspace/skunkworks/.gomad-source-gates-UsyTMX/TestRunGeneratorDiagnosticOutputPreservesStatusboundary_failure2025291465/001/stdout: bad file descriptor; errors.Is(EBADF)=true; attempted=\"-goroot is required with -compiler-test-overlay\\n\"\n"}
{"Time":"2026-10-09T04:15:13.058943357Z","Action":"output","Package":"go.temporal.io/server/tools/gomad3/cmd/gomadtool","Test":"TestRunGeneratorDiagnosticOutputPreservesStatus/boundary_failure/absent_output/EBADF_stderr","Output":"--- PASS: TestRunGeneratorDiagnosticOutputPreservesStatus/boundary_failure/absent_output/EBADF_stderr (0.00s)\n","OutputType":"frame"}
{"Time":"2026-10-09T04:15:13.058959315Z","Action":"pass","Package":"go.temporal.io/server/tools/gomad3/cmd/gomadtool","Test":"TestRunGeneratorDiagnosticOutputPreservesStatus/boundary_failure/absent_output/EBADF_stderr","Elapsed":0}
{"Time":"2026-10-09T04:15:13.05910344Z","Action":"output","Package":"go.temporal.io/server/tools/gomad3/cmd/gomadtool","Test":"TestRunGeneratorDiagnosticOutputPreservesStatus/boundary_failure/absent_output","Output":"--- PASS: TestRunGeneratorDiagnosticOutputPreservesStatus/boundary_failure/absent_output (0.00s)\n","OutputType":"frame"}
{"Time":"2026-10-09T04:15:13.059124607Z","Action":"pass","Package":"go.temporal.io/server/tools/gomad3/cmd/gomadtool","Test":"TestRunGeneratorDiagnosticOutputPreservesStatus/boundary_failure/absent_output","Elapsed":0}
{"Time":"2026-10-09T04:15:13.05915344Z","Action":"run","Package":"go.temporal.io/server/tools/gomad3/cmd/gomadtool","Test":"TestRunGeneratorDiagnosticOutputPreservesStatus/boundary_failure/existing_output"}
{"Time":"2026-10-09T04:15:13.059168232Z","Action":"output","Package":"go.temporal.io/server/tools/gomad3/cmd/gomadtool","Test":"TestRunGeneratorDiagnosticOutputPreservesStatus/boundary_failure/existing_output","Output":"=== RUN   TestRunGeneratorDiagnosticOutputPreservesStatus/boundary_failure/existing_output\n","OutputType":"frame"}
{"Time":"2026-10-09T04:15:13.059455857Z","Action":"run","Package":"go.temporal.io/server/tools/gomad3/cmd/gomadtool","Test":"TestRunGeneratorDiagnosticOutputPreservesStatus/boundary_failure/existing_output/healthy_stderr"}
{"Time":"2026-10-09T04:15:13.059544857Z","Action":"output","Package":"go.temporal.io/server/tools/gomad3/cmd/gomadtool","Test":"TestRunGeneratorDiagnosticOutputPreservesStatus/boundary_failure/existing_output/healthy_stderr","Output":"=== RUN   TestRunGeneratorDiagnosticOutputPreservesStatus/boundary_failure/existing_output/healthy_stderr\n","OutputType":"frame"}
{"Time":"2026-10-09T04:15:13.060093732Z","Action":"output","Package":"go.temporal.io/server/tools/gomad3/cmd/gomadtool","Test":"TestRunGeneratorDiagnosticOutputPreservesStatus/boundary_failure/existing_output/healthy_stderr","Output":"--- PASS: TestRunGeneratorDiagnosticOutputPreservesStatus/boundary_failure/existing_output/healthy_stderr (0.00s)\n","OutputType":"frame"}
{"Time":"2026-10-09T04:15:13.060112815Z","Action":"pass","Package":"go.temporal.io/server/tools/gomad3/cmd/gomadtool","Test":"TestRunGeneratorDiagnosticOutputPreservesStatus/boundary_failure/existing_output/healthy_stderr","Elapsed":0}
{"Time":"2026-10-09T04:15:13.060124607Z","Action":"run","Package":"go.temporal.io/server/tools/gomad3/cmd/gomadtool","Test":"TestRunGeneratorDiagnosticOutputPreservesStatus/boundary_failure/existing_output/EBADF_stderr"}
{"Time":"2026-10-09T04:15:13.060141357Z","Action":"output","Package":"go.temporal.io/server/tools/gomad3/cmd/gomadtool","Test":"TestRunGeneratorDiagnosticOutputPreservesStatus/boundary_failure/existing_output/EBADF_stderr","Output":"=== RUN   TestRunGeneratorDiagnosticOutputPreservesStatus/boundary_failure/existing_output/EBADF_stderr\n","OutputType":"frame"}
{"Time":"2026-10-09T04:15:13.060540315Z","Action":"output","Package":"go.temporal.io/server/tools/gomad3/cmd/gomadtool","Test":"TestRunGeneratorDiagnosticOutputPreservesStatus/boundary_failure/existing_output/EBADF_stderr","Output":"    generator_diagnostic_output_test.go:110: stderr Write returned *fs.PathError: write /Users/stephan/Workspace/skunkworks/.gomad-source-gates-UsyTMX/TestRunGeneratorDiagnosticOutputPreservesStatusboundary_failure172249018/001/stdout: bad file descriptor; errors.Is(EBADF)=true; attempted=\"-goroot is required with -compiler-test-overlay\\n\"\n"}
{"Time":"2026-10-09T04:15:13.060884857Z","Action":"output","Package":"go.temporal.io/server/tools/gomad3/cmd/gomadtool","Test":"TestRunGeneratorDiagnosticOutputPreservesStatus/boundary_failure/existing_output/EBADF_stderr","Output":"--- PASS: TestRunGeneratorDiagnosticOutputPreservesStatus/boundary_failure/existing_output/EBADF_stderr (0.00s)\n","OutputType":"frame"}
{"Time":"2026-10-09T04:15:13.060910857Z","Action":"pass","Package":"go.temporal.io/server/tools/gomad3/cmd/gomadtool","Test":"TestRunGeneratorDiagnosticOutputPreservesStatus/boundary_failure/existing_output/EBADF_stderr","Elapsed":0}
{"Time":"2026-10-09T04:15:13.061134649Z","Action":"output","Package":"go.temporal.io/server/tools/gomad3/cmd/gomadtool","Test":"TestRunGeneratorDiagnosticOutputPreservesStatus/boundary_failure/existing_output","Output":"--- PASS: TestRunGeneratorDiagnosticOutputPreservesStatus/boundary_failure/existing_output (0.00s)\n","OutputType":"frame"}
{"Time":"2026-10-09T04:15:13.061148982Z","Action":"pass","Package":"go.temporal.io/server/tools/gomad3/cmd/gomadtool","Test":"TestRunGeneratorDiagnosticOutputPreservesStatus/boundary_failure/existing_output","Elapsed":0}
{"Time":"2026-10-09T04:15:13.061160024Z","Action":"output","Package":"go.temporal.io/server/tools/gomad3/cmd/gomadtool","Test":"TestRunGeneratorDiagnosticOutputPreservesStatus/boundary_failure","Output":"--- PASS: TestRunGeneratorDiagnosticOutputPreservesStatus/boundary_failure (0.00s)\n","OutputType":"frame"}
{"Time":"2026-10-09T04:15:13.061171399Z","Action":"pass","Package":"go.temporal.io/server/tools/gomad3/cmd/gomadtool","Test":"TestRunGeneratorDiagnosticOutputPreservesStatus/boundary_failure","Elapsed":0}
{"Time":"2026-10-09T04:15:13.061180732Z","Action":"output","Package":"go.temporal.io/server/tools/gomad3/cmd/gomadtool","Test":"TestRunGeneratorDiagnosticOutputPreservesStatus","Output":"--- PASS: TestRunGeneratorDiagnosticOutputPreservesStatus (0.04s)\n","OutputType":"frame"}
{"Time":"2026-10-09T04:15:13.061190649Z","Action":"pass","Package":"go.temporal.io/server/tools/gomad3/cmd/gomadtool","Test":"TestRunGeneratorDiagnosticOutputPreservesStatus","Elapsed":0.04}
{"Time":"2026-10-09T04:15:13.061277774Z","Action":"run","Package":"go.temporal.io/server/tools/gomad3/cmd/gomadtool","Test":"TestRunMaintainerOutputPatchPublication"}
{"Time":"2026-10-09T04:15:13.061288899Z","Action":"output","Package":"go.temporal.io/server/tools/gomad3/cmd/gomadtool","Test":"TestRunMaintainerOutputPatchPublication","Output":"=== RUN   TestRunMaintainerOutputPatchPublication\n","OutputType":"frame"}
{"Time":"2026-10-09T04:15:13.061304524Z","Action":"run","Package":"go.temporal.io/server/tools/gomad3/cmd/gomadtool","Test":"TestRunMaintainerOutputPatchPublication/patch-materialize"}
{"Time":"2026-10-09T04:15:13.06131669Z","Action":"output","Package":"go.temporal.io/server/tools/gomad3/cmd/gomadtool","Test":"TestRunMaintainerOutputPatchPublication/patch-materialize","Output":"=== RUN   TestRunMaintainerOutputPatchPublication/patch-materialize\n","OutputType":"frame"}
{"Time":"2026-10-09T04:15:13.080070024Z","Action":"output","Package":"go.temporal.io/server/tools/gomad3/cmd/gomadtool","Test":"TestRunMaintainerOutputPatchPublication/patch-materialize","Output":"    maintainer_output_patch_test.go:68: stdout write observed EBADF\n"}
{"Time":"2026-10-09T04:15:13.081252607Z","Action":"output","Package":"go.temporal.io/server/tools/gomad3/cmd/gomadtool","Test":"TestRunMaintainerOutputPatchPublication/patch-materialize","Output":"--- PASS: TestRunMaintainerOutputPatchPublication/patch-materialize (0.02s)\n","OutputType":"frame"}
{"Time":"2026-10-09T04:15:13.08128044Z","Action":"pass","Package":"go.temporal.io/server/tools/gomad3/cmd/gomadtool","Test":"TestRunMaintainerOutputPatchPublication/patch-materialize","Elapsed":0.02}
{"Time":"2026-10-09T04:15:13.081299982Z","Action":"run","Package":"go.temporal.io/server/tools/gomad3/cmd/gomadtool","Test":"TestRunMaintainerOutputPatchPublication/patch-regenerate"}
{"Time":"2026-10-09T04:15:13.081321274Z","Action":"output","Package":"go.temporal.io/server/tools/gomad3/cmd/gomadtool","Test":"TestRunMaintainerOutputPatchPublication/patch-regenerate","Output":"=== RUN   TestRunMaintainerOutputPatchPublication/patch-regenerate\n","OutputType":"frame"}
{"Time":"2026-10-09T04:15:13.310322982Z","Action":"output","Package":"go.temporal.io/server/tools/gomad3/cmd/gomadtool","Test":"TestRunMaintainerOutputPatchPublication/patch-regenerate","Output":"    maintainer_output_patch_test.go:68: stdout write observed EBADF\n"}
{"Time":"2026-10-09T04:15:13.311996691Z","Action":"output","Package":"go.temporal.io/server/tools/gomad3/cmd/gomadtool","Test":"TestRunMaintainerOutputPatchPublication/patch-regenerate","Output":"--- PASS: TestRunMaintainerOutputPatchPublication/patch-regenerate (0.23s)\n","OutputType":"frame"}
{"Time":"2026-10-09T04:15:13.312034524Z","Action":"pass","Package":"go.temporal.io/server/tools/gomad3/cmd/gomadtool","Test":"TestRunMaintainerOutputPatchPublication/patch-regenerate","Elapsed":0.23}
{"Time":"2026-10-09T04:15:13.312067441Z","Action":"output","Package":"go.temporal.io/server/tools/gomad3/cmd/gomadtool","Test":"TestRunMaintainerOutputPatchPublication","Output":"--- PASS: TestRunMaintainerOutputPatchPublication (0.25s)\n","OutputType":"frame"}
{"Time":"2026-10-09T04:15:13.312082857Z","Action":"pass","Package":"go.temporal.io/server/tools/gomad3/cmd/gomadtool","Test":"TestRunMaintainerOutputPatchPublication","Elapsed":0.25}
{"Time":"2026-10-09T04:15:13.312094232Z","Action":"run","Package":"go.temporal.io/server/tools/gomad3/cmd/gomadtool","Test":"TestRunMaintainerOutputTerminalReports"}
{"Time":"2026-10-09T04:15:13.312119941Z","Action":"output","Package":"go.temporal.io/server/tools/gomad3/cmd/gomadtool","Test":"TestRunMaintainerOutputTerminalReports","Output":"=== RUN   TestRunMaintainerOutputTerminalReports\n","OutputType":"frame"}
{"Time":"2026-10-09T04:15:13.312447774Z","Action":"run","Package":"go.temporal.io/server/tools/gomad3/cmd/gomadtool","Test":"TestRunMaintainerOutputTerminalReports/patch-validate"}
{"Time":"2026-10-09T04:15:13.312475566Z","Action":"output","Package":"go.temporal.io/server/tools/gomad3/cmd/gomadtool","Test":"TestRunMaintainerOutputTerminalReports/patch-validate","Output":"=== RUN   TestRunMaintainerOutputTerminalReports/patch-validate\n","OutputType":"frame"}
{"Time":"2026-10-09T04:15:13.329831857Z","Action":"output","Package":"go.temporal.io/server/tools/gomad3/cmd/gomadtool","Test":"TestRunMaintainerOutputTerminalReports/patch-validate","Output":"    maintainer_output_test.go:32: stdout write observed EBADF\n"}
{"Time":"2026-10-09T04:15:13.330195316Z","Action":"output","Package":"go.temporal.io/server/tools/gomad3/cmd/gomadtool","Test":"TestRunMaintainerOutputTerminalReports/patch-validate","Output":"--- PASS: TestRunMaintainerOutputTerminalReports/patch-validate (0.02s)\n","OutputType":"frame"}
{"Time":"2026-10-09T04:15:13.330234649Z","Action":"pass","Package":"go.temporal.io/server/tools/gomad3/cmd/gomadtool","Test":"TestRunMaintainerOutputTerminalReports/patch-validate","Elapsed":0.02}
{"Time":"2026-10-09T04:15:13.330267441Z","Action":"run","Package":"go.temporal.io/server/tools/gomad3/cmd/gomadtool","Test":"TestRunMaintainerOutputTerminalReports/script-validate"}
{"Time":"2026-10-09T04:15:13.330283649Z","Action":"output","Package":"go.temporal.io/server/tools/gomad3/cmd/gomadtool","Test":"TestRunMaintainerOutputTerminalReports/script-validate","Output":"=== RUN   TestRunMaintainerOutputTerminalReports/script-validate\n","OutputType":"frame"}
{"Time":"2026-10-09T04:15:13.334696691Z","Action":"output","Package":"go.temporal.io/server/tools/gomad3/cmd/gomadtool","Test":"TestRunMaintainerOutputTerminalReports/script-validate","Output":"    maintainer_output_test.go:32: stdout write observed EBADF\n"}
{"Time":"2026-10-09T04:15:13.335044982Z","Action":"output","Package":"go.temporal.io/server/tools/gomad3/cmd/gomadtool","Test":"TestRunMaintainerOutputTerminalReports/script-validate","Output":"--- PASS: TestRunMaintainerOutputTerminalReports/script-validate (0.00s)\n","OutputType":"frame"}
{"Time":"2026-10-09T04:15:13.335081566Z","Action":"pass","Package":"go.temporal.io/server/tools/gomad3/cmd/gomadtool","Test":"TestRunMaintainerOutputTerminalReports/script-validate","Elapsed":0}
{"Time":"2026-10-09T04:15:13.335110316Z","Action":"run","Package":"go.temporal.io/server/tools/gomad3/cmd/gomadtool","Test":"TestRunMaintainerOutputTerminalReports/build-key"}
{"Time":"2026-10-09T04:15:13.335130357Z","Action":"output","Package":"go.temporal.io/server/tools/gomad3/cmd/gomadtool","Test":"TestRunMaintainerOutputTerminalReports/build-key","Output":"=== RUN   TestRunMaintainerOutputTerminalReports/build-key\n","OutputType":"frame"}
{"Time":"2026-10-09T04:15:13.335946691Z","Action":"output","Package":"go.temporal.io/server/tools/gomad3/cmd/gomadtool","Test":"TestRunMaintainerOutputTerminalReports/build-key","Output":"    maintainer_output_test.go:32: stdout write observed EBADF\n"}
{"Time":"2026-10-09T04:15:13.336267774Z","Action":"output","Package":"go.temporal.io/server/tools/gomad3/cmd/gomadtool","Test":"TestRunMaintainerOutputTerminalReports/build-key","Output":"--- PASS: TestRunMaintainerOutputTerminalReports/build-key (0.00s)\n","OutputType":"frame"}
{"Time":"2026-10-09T04:15:13.336331607Z","Action":"pass","Package":"go.temporal.io/server/tools/gomad3/cmd/gomadtool","Test":"TestRunMaintainerOutputTerminalReports/build-key","Elapsed":0}
{"Time":"2026-10-09T04:15:13.336483899Z","Action":"output","Package":"go.temporal.io/server/tools/gomad3/cmd/gomadtool","Test":"TestRunMaintainerOutputTerminalReports","Output":"--- PASS: TestRunMaintainerOutputTerminalReports (0.02s)\n","OutputType":"frame"}
{"Time":"2026-10-09T04:15:13.336509149Z","Action":"pass","Package":"go.temporal.io/server/tools/gomad3/cmd/gomadtool","Test":"TestRunMaintainerOutputTerminalReports","Elapsed":0.02}
{"Time":"2026-10-09T04:15:13.336539982Z","Action":"run","Package":"go.temporal.io/server/tools/gomad3/cmd/gomadtool","Test":"TestRunMaintainerOutputBoundaryDiscovery"}
{"Time":"2026-10-09T04:15:13.336558149Z","Action":"output","Package":"go.temporal.io/server/tools/gomad3/cmd/gomadtool","Test":"TestRunMaintainerOutputBoundaryDiscovery","Output":"=== RUN   TestRunMaintainerOutputBoundaryDiscovery\n","OutputType":"frame"}
{"Time":"2026-10-09T04:15:14.089037774Z","Action":"run","Package":"go.temporal.io/server/tools/gomad3/cmd/gomadtool","Test":"TestRunMaintainerOutputBoundaryDiscovery/literal_control"}
{"Time":"2026-10-09T04:15:14.089148774Z","Action":"output","Package":"go.temporal.io/server/tools/gomad3/cmd/gomadtool","Test":"TestRunMaintainerOutputBoundaryDiscovery/literal_control","Output":"=== RUN   TestRunMaintainerOutputBoundaryDiscovery/literal_control\n","OutputType":"frame"}
{"Time":"2026-10-09T04:15:14.089322066Z","Action":"output","Package":"go.temporal.io/server/tools/gomad3/cmd/gomadtool","Test":"TestRunMaintainerOutputBoundaryDiscovery/literal_control","Output":"--- PASS: TestRunMaintainerOutputBoundaryDiscovery/literal_control (0.00s)\n","OutputType":"frame"}
{"Time":"2026-10-09T04:15:14.089358066Z","Action":"pass","Package":"go.temporal.io/server/tools/gomad3/cmd/gomadtool","Test":"TestRunMaintainerOutputBoundaryDiscovery/literal_control","Elapsed":0}
{"Time":"2026-10-09T04:15:14.817834441Z","Action":"output","Package":"go.temporal.io/server/tools/gomad3/cmd/gomadtool","Test":"TestRunMaintainerOutputBoundaryDiscovery","Output":"    maintainer_output_test.go:60: stdout write observed EBADF\n"}
{"Time":"2026-10-09T04:15:14.818325025Z","Action":"output","Package":"go.temporal.io/server/tools/gomad3/cmd/gomadtool","Test":"TestRunMaintainerOutputBoundaryDiscovery","Output":"--- PASS: TestRunMaintainerOutputBoundaryDiscovery (1.48s)\n","OutputType":"frame"}
{"Time":"2026-10-09T04:15:14.818386733Z","Action":"pass","Package":"go.temporal.io/server/tools/gomad3/cmd/gomadtool","Test":"TestRunMaintainerOutputBoundaryDiscovery","Elapsed":1.48}
{"Time":"2026-10-09T04:15:14.818415775Z","Action":"run","Package":"go.temporal.io/server/tools/gomad3/cmd/gomadtool","Test":"TestRunMaintainerOutputAuthoring"}
{"Time":"2026-10-09T04:15:14.818442316Z","Action":"output","Package":"go.temporal.io/server/tools/gomad3/cmd/gomadtool","Test":"TestRunMaintainerOutputAuthoring","Output":"=== RUN   TestRunMaintainerOutputAuthoring\n","OutputType":"frame"}
{"Time":"2026-10-09T04:15:14.818611108Z","Action":"run","Package":"go.temporal.io/server/tools/gomad3/cmd/gomadtool","Test":"TestRunMaintainerOutputAuthoring/review"}
{"Time":"2026-10-09T04:15:14.818633025Z","Action":"output","Package":"go.temporal.io/server/tools/gomad3/cmd/gomadtool","Test":"TestRunMaintainerOutputAuthoring/review","Output":"=== RUN   TestRunMaintainerOutputAuthoring/review\n","OutputType":"frame"}
{"Time":"2026-10-09T04:15:14.830305691Z","Action":"output","Package":"go.temporal.io/server/tools/gomad3/cmd/gomadtool","Test":"TestRunMaintainerOutputAuthoring/review","Output":"    maintainer_output_test.go:110: stdout write observed EBADF\n"}
{"Time":"2026-10-09T04:15:14.831032525Z","Action":"output","Package":"go.temporal.io/server/tools/gomad3/cmd/gomadtool","Test":"TestRunMaintainerOutputAuthoring/review","Output":"--- PASS: TestRunMaintainerOutputAuthoring/review (0.01s)\n","OutputType":"frame"}
{"Time":"2026-10-09T04:15:14.831075775Z","Action":"pass","Package":"go.temporal.io/server/tools/gomad3/cmd/gomadtool","Test":"TestRunMaintainerOutputAuthoring/review","Elapsed":0.01}
{"Time":"2026-10-09T04:15:14.831101483Z","Action":"run","Package":"go.temporal.io/server/tools/gomad3/cmd/gomadtool","Test":"TestRunMaintainerOutputAuthoring/generate-all"}
{"Time":"2026-10-09T04:15:14.831111066Z","Action":"output","Package":"go.temporal.io/server/tools/gomad3/cmd/gomadtool","Test":"TestRunMaintainerOutputAuthoring/generate-all","Output":"=== RUN   TestRunMaintainerOutputAuthoring/generate-all\n","OutputType":"frame"}
{"Time":"2026-10-09T04:15:14.85163415Z","Action":"output","Package":"go.temporal.io/server/tools/gomad3/cmd/gomadtool","Test":"TestRunMaintainerOutputAuthoring/generate-all","Output":"    maintainer_output_test.go:110: stdout write observed EBADF\n"}
{"Time":"2026-10-09T04:15:14.85256165Z","Action":"output","Package":"go.temporal.io/server/tools/gomad3/cmd/gomadtool","Test":"TestRunMaintainerOutputAuthoring/generate-all","Output":"--- PASS: TestRunMaintainerOutputAuthoring/generate-all (0.02s)\n","OutputType":"frame"}
{"Time":"2026-10-09T04:15:14.852590108Z","Action":"pass","Package":"go.temporal.io/server/tools/gomad3/cmd/gomadtool","Test":"TestRunMaintainerOutputAuthoring/generate-all","Elapsed":0.02}
{"Time":"2026-10-09T04:15:14.852609316Z","Action":"run","Package":"go.temporal.io/server/tools/gomad3/cmd/gomadtool","Test":"TestRunMaintainerOutputAuthoring/generate-approved"}
{"Time":"2026-10-09T04:15:14.852631858Z","Action":"output","Package":"go.temporal.io/server/tools/gomad3/cmd/gomadtool","Test":"TestRunMaintainerOutputAuthoring/generate-approved","Output":"=== RUN   TestRunMaintainerOutputAuthoring/generate-approved\n","OutputType":"frame"}
{"Time":"2026-10-09T04:15:14.876686233Z","Action":"output","Package":"go.temporal.io/server/tools/gomad3/cmd/gomadtool","Test":"TestRunMaintainerOutputAuthoring/generate-approved","Output":"    maintainer_output_test.go:110: stdout write observed EBADF\n"}
{"Time":"2026-10-09T04:15:14.877623066Z","Action":"output","Package":"go.temporal.io/server/tools/gomad3/cmd/gomadtool","Test":"TestRunMaintainerOutputAuthoring/generate-approved","Output":"--- PASS: TestRunMaintainerOutputAuthoring/generate-approved (0.03s)\n","OutputType":"frame"}
{"Time":"2026-10-09T04:15:14.8776494Z","Action":"pass","Package":"go.temporal.io/server/tools/gomad3/cmd/gomadtool","Test":"TestRunMaintainerOutputAuthoring/generate-approved","Elapsed":0.03}
{"Time":"2026-10-09T04:15:14.877664608Z","Action":"run","Package":"go.temporal.io/server/tools/gomad3/cmd/gomadtool","Test":"TestRunMaintainerOutputAuthoring/check"}
{"Time":"2026-10-09T04:15:14.877685358Z","Action":"output","Package":"go.temporal.io/server/tools/gomad3/cmd/gomadtool","Test":"TestRunMaintainerOutputAuthoring/check","Output":"=== RUN   TestRunMaintainerOutputAuthoring/check\n","OutputType":"frame"}
{"Time":"2026-10-09T04:15:14.9048589Z","Action":"output","Package":"go.temporal.io/server/tools/gomad3/cmd/gomadtool","Test":"TestRunMaintainerOutputAuthoring/check","Output":"    maintainer_output_test.go:110: stdout write observed EBADF\n"}
{"Time":"2026-10-09T04:15:14.905756566Z","Action":"output","Package":"go.temporal.io/server/tools/gomad3/cmd/gomadtool","Test":"TestRunMaintainerOutputAuthoring/check","Output":"--- PASS: TestRunMaintainerOutputAuthoring/check (0.03s)\n","OutputType":"frame"}
{"Time":"2026-10-09T04:15:14.905793358Z","Action":"pass","Package":"go.temporal.io/server/tools/gomad3/cmd/gomadtool","Test":"TestRunMaintainerOutputAuthoring/check","Elapsed":0.03}
{"Time":"2026-10-09T04:15:14.905829608Z","Action":"output","Package":"go.temporal.io/server/tools/gomad3/cmd/gomadtool","Test":"TestRunMaintainerOutputAuthoring","Output":"--- PASS: TestRunMaintainerOutputAuthoring (0.09s)\n","OutputType":"frame"}
{"Time":"2026-10-09T04:15:14.90584415Z","Action":"pass","Package":"go.temporal.io/server/tools/gomad3/cmd/gomadtool","Test":"TestRunMaintainerOutputAuthoring","Elapsed":0.09}
{"Time":"2026-10-09T04:15:14.905858566Z","Action":"run","Package":"go.temporal.io/server/tools/gomad3/cmd/gomadtool","Test":"TestRunMaintainerOutputPrimaryFailures"}
{"Time":"2026-10-09T04:15:14.905886983Z","Action":"output","Package":"go.temporal.io/server/tools/gomad3/cmd/gomadtool","Test":"TestRunMaintainerOutputPrimaryFailures","Output":"=== RUN   TestRunMaintainerOutputPrimaryFailures\n","OutputType":"frame"}
{"Time":"2026-10-09T04:15:14.905901191Z","Action":"run","Package":"go.temporal.io/server/tools/gomad3/cmd/gomadtool","Test":"TestRunMaintainerOutputPrimaryFailures/build-key/invalid"}
{"Time":"2026-10-09T04:15:14.905912483Z","Action":"output","Package":"go.temporal.io/server/tools/gomad3/cmd/gomadtool","Test":"TestRunMaintainerOutputPrimaryFailures/build-key/invalid","Output":"=== RUN   TestRunMaintainerOutputPrimaryFailures/build-key/invalid\n","OutputType":"frame"}
{"Time":"2026-10-09T04:15:14.907418275Z","Action":"output","Package":"go.temporal.io/server/tools/gomad3/cmd/gomadtool","Test":"TestRunMaintainerOutputPrimaryFailures/build-key/invalid","Output":"--- PASS: TestRunMaintainerOutputPrimaryFailures/build-key/invalid (0.00s)\n","OutputType":"frame"}
{"Time":"2026-10-09T04:15:14.907462066Z","Action":"pass","Package":"go.temporal.io/server/tools/gomad3/cmd/gomadtool","Test":"TestRunMaintainerOutputPrimaryFailures/build-key/invalid","Elapsed":0}
{"Time":"2026-10-09T04:15:14.907478233Z","Action":"run","Package":"go.temporal.io/server/tools/gomad3/cmd/gomadtool","Test":"TestRunMaintainerOutputPrimaryFailures/patch-validate/invalid"}
{"Time":"2026-10-09T04:15:14.907503608Z","Action":"output","Package":"go.temporal.io/server/tools/gomad3/cmd/gomadtool","Test":"TestRunMaintainerOutputPrimaryFailures/patch-validate/invalid","Output":"=== RUN   TestRunMaintainerOutputPrimaryFailures/patch-validate/invalid\n","OutputType":"frame"}
{"Time":"2026-10-09T04:15:14.9084569Z","Action":"output","Package":"go.temporal.io/server/tools/gomad3/cmd/gomadtool","Test":"TestRunMaintainerOutputPrimaryFailures/patch-validate/invalid","Output":"--- PASS: TestRunMaintainerOutputPrimaryFailures/patch-validate/invalid (0.00s)\n","OutputType":"frame"}
{"Time":"2026-10-09T04:15:14.908521233Z","Action":"pass","Package":"go.temporal.io/server/tools/gomad3/cmd/gomadtool","Test":"TestRunMaintainerOutputPrimaryFailures/patch-validate/invalid","Elapsed":0}
{"Time":"2026-10-09T04:15:14.908537983Z","Action":"run","Package":"go.temporal.io/server/tools/gomad3/cmd/gomadtool","Test":"TestRunMaintainerOutputPrimaryFailures/patch-validate/operation"}
{"Time":"2026-10-09T04:15:14.908554275Z","Action":"output","Package":"go.temporal.io/server/tools/gomad3/cmd/gomadtool","Test":"TestRunMaintainerOutputPrimaryFailures/patch-validate/operation","Output":"=== RUN   TestRunMaintainerOutputPrimaryFailures/patch-validate/operation\n","OutputType":"frame"}
{"Time":"2026-10-09T04:15:14.909399233Z","Action":"output","Package":"go.temporal.io/server/tools/gomad3/cmd/gomadtool","Test":"TestRunMaintainerOutputPrimaryFailures/patch-validate/operation","Output":"--- PASS: TestRunMaintainerOutputPrimaryFailures/patch-validate/operation (0.00s)\n","OutputType":"frame"}
{"Time":"2026-10-09T04:15:14.909428525Z","Action":"pass","Package":"go.temporal.io/server/tools/gomad3/cmd/gomadtool","Test":"TestRunMaintainerOutputPrimaryFailures/patch-validate/operation","Elapsed":0}
{"Time":"2026-10-09T04:15:14.90944615Z","Action":"run","Package":"go.temporal.io/server/tools/gomad3/cmd/gomadtool","Test":"TestRunMaintainerOutputPrimaryFailures/script-validate/invalid"}
{"Time":"2026-10-09T04:15:14.909477316Z","Action":"output","Package":"go.temporal.io/server/tools/gomad3/cmd/gomadtool","Test":"TestRunMaintainerOutputPrimaryFailures/script-validate/invalid","Output":"=== RUN   TestRunMaintainerOutputPrimaryFailures/script-validate/invalid\n","OutputType":"frame"}
{"Time":"2026-10-09T04:15:14.910252483Z","Action":"output","Package":"go.temporal.io/server/tools/gomad3/cmd/gomadtool","Test":"TestRunMaintainerOutputPrimaryFailures/script-validate/invalid","Output":"--- PASS: TestRunMaintainerOutputPrimaryFailures/script-validate/invalid (0.00s)\n","OutputType":"frame"}
{"Time":"2026-10-09T04:15:14.910278983Z","Action":"pass","Package":"go.temporal.io/server/tools/gomad3/cmd/gomadtool","Test":"TestRunMaintainerOutputPrimaryFailures/script-validate/invalid","Elapsed":0}
{"Time":"2026-10-09T04:15:14.910301025Z","Action":"run","Package":"go.temporal.io/server/tools/gomad3/cmd/gomadtool","Test":"TestRunMaintainerOutputPrimaryFailures/script-validate/operation"}
{"Time":"2026-10-09T04:15:14.910318358Z","Action":"output","Package":"go.temporal.io/server/tools/gomad3/cmd/gomadtool","Test":"TestRunMaintainerOutputPrimaryFailures/script-validate/operation","Output":"=== RUN   TestRunMaintainerOutputPrimaryFailures/script-validate/operation\n","OutputType":"frame"}
{"Time":"2026-10-09T04:15:14.910985608Z","Action":"output","Package":"go.temporal.io/server/tools/gomad3/cmd/gomadtool","Test":"TestRunMaintainerOutputPrimaryFailures/script-validate/operation","Output":"--- PASS: TestRunMaintainerOutputPrimaryFailures/script-validate/operation (0.00s)\n","OutputType":"frame"}
{"Time":"2026-10-09T04:15:14.911003608Z","Action":"pass","Package":"go.temporal.io/server/tools/gomad3/cmd/gomadtool","Test":"TestRunMaintainerOutputPrimaryFailures/script-validate/operation","Elapsed":0}
{"Time":"2026-10-09T04:15:14.91101665Z","Action":"run","Package":"go.temporal.io/server/tools/gomad3/cmd/gomadtool","Test":"TestRunMaintainerOutputPrimaryFailures/patch-materialize/invalid"}
{"Time":"2026-10-09T04:15:14.911027108Z","Action":"output","Package":"go.temporal.io/server/tools/gomad3/cmd/gomadtool","Test":"TestRunMaintainerOutputPrimaryFailures/patch-materialize/invalid","Output":"=== RUN   TestRunMaintainerOutputPrimaryFailures/patch-materialize/invalid\n","OutputType":"frame"}
{"Time":"2026-10-09T04:15:14.911849733Z","Action":"output","Package":"go.temporal.io/server/tools/gomad3/cmd/gomadtool","Test":"TestRunMaintainerOutputPrimaryFailures/patch-materialize/invalid","Output":"--- PASS: TestRunMaintainerOutputPrimaryFailures/patch-materialize/invalid (0.00s)\n","OutputType":"frame"}
{"Time":"2026-10-09T04:15:14.91187915Z","Action":"pass","Package":"go.temporal.io/server/tools/gomad3/cmd/gomadtool","Test":"TestRunMaintainerOutputPrimaryFailures/patch-materialize/invalid","Elapsed":0}
{"Time":"2026-10-09T04:15:14.911898816Z","Action":"run","Package":"go.temporal.io/server/tools/gomad3/cmd/gomadtool","Test":"TestRunMaintainerOutputPrimaryFailures/patch-regenerate/invalid"}
{"Time":"2026-10-09T04:15:14.911916816Z","Action":"output","Package":"go.temporal.io/server/tools/gomad3/cmd/gomadtool","Test":"TestRunMaintainerOutputPrimaryFailures/patch-regenerate/invalid","Output":"=== RUN   TestRunMaintainerOutputPrimaryFailures/patch-regenerate/invalid\n","OutputType":"frame"}
{"Time":"2026-10-09T04:15:14.912685733Z","Action":"output","Package":"go.temporal.io/server/tools/gomad3/cmd/gomadtool","Test":"TestRunMaintainerOutputPrimaryFailures/patch-regenerate/invalid","Output":"--- PASS: TestRunMaintainerOutputPrimaryFailures/patch-regenerate/invalid (0.00s)\n","OutputType":"frame"}
{"Time":"2026-10-09T04:15:14.912702775Z","Action":"pass","Package":"go.temporal.io/server/tools/gomad3/cmd/gomadtool","Test":"TestRunMaintainerOutputPrimaryFailures/patch-regenerate/invalid","Elapsed":0}
{"Time":"2026-10-09T04:15:14.912715108Z","Action":"run","Package":"go.temporal.io/server/tools/gomad3/cmd/gomadtool","Test":"TestRunMaintainerOutputPrimaryFailures/test/invalid"}
{"Time":"2026-10-09T04:15:14.912725275Z","Action":"output","Package":"go.temporal.io/server/tools/gomad3/cmd/gomadtool","Test":"TestRunMaintainerOutputPrimaryFailures/test/invalid","Output":"=== RUN   TestRunMaintainerOutputPrimaryFailures/test/invalid\n","OutputType":"frame"}
{"Time":"2026-10-09T04:15:14.913539275Z","Action":"output","Package":"go.temporal.io/server/tools/gomad3/cmd/gomadtool","Test":"TestRunMaintainerOutputPrimaryFailures/test/invalid","Output":"--- PASS: TestRunMaintainerOutputPrimaryFailures/test/invalid (0.00s)\n","OutputType":"frame"}
{"Time":"2026-10-09T04:15:14.913554025Z","Action":"pass","Package":"go.temporal.io/server/tools/gomad3/cmd/gomadtool","Test":"TestRunMaintainerOutputPrimaryFailures/test/invalid","Elapsed":0}
{"Time":"2026-10-09T04:15:14.913566233Z","Action":"run","Package":"go.temporal.io/server/tools/gomad3/cmd/gomadtool","Test":"TestRunMaintainerOutputPrimaryFailures/toolchain-build/invalid"}
{"Time":"2026-10-09T04:15:14.91357615Z","Action":"output","Package":"go.temporal.io/server/tools/gomad3/cmd/gomadtool","Test":"TestRunMaintainerOutputPrimaryFailures/toolchain-build/invalid","Output":"=== RUN   TestRunMaintainerOutputPrimaryFailures/toolchain-build/invalid\n","OutputType":"frame"}
{"Time":"2026-10-09T04:15:14.914385566Z","Action":"output","Package":"go.temporal.io/server/tools/gomad3/cmd/gomadtool","Test":"TestRunMaintainerOutputPrimaryFailures/toolchain-build/invalid","Output":"--- PASS: TestRunMaintainerOutputPrimaryFailures/toolchain-build/invalid (0.00s)\n","OutputType":"frame"}
{"Time":"2026-10-09T04:15:14.914416108Z","Action":"pass","Package":"go.temporal.io/server/tools/gomad3/cmd/gomadtool","Test":"TestRunMaintainerOutputPrimaryFailures/toolchain-build/invalid","Elapsed":0}
{"Time":"2026-10-09T04:15:14.914434691Z","Action":"run","Package":"go.temporal.io/server/tools/gomad3/cmd/gomadtool","Test":"TestRunMaintainerOutputPrimaryFailures/boundary-generate/invalid"}
{"Time":"2026-10-09T04:15:14.914450816Z","Action":"output","Package":"go.temporal.io/server/tools/gomad3/cmd/gomadtool","Test":"TestRunMaintainerOutputPrimaryFailures/boundary-generate/invalid","Output":"=== RUN   TestRunMaintainerOutputPrimaryFailures/boundary-generate/invalid\n","OutputType":"frame"}
{"Time":"2026-10-09T04:15:14.91519865Z","Action":"output","Package":"go.temporal.io/server/tools/gomad3/cmd/gomadtool","Test":"TestRunMaintainerOutputPrimaryFailures/boundary-generate/invalid","Output":"--- PASS: TestRunMaintainerOutputPrimaryFailures/boundary-generate/invalid (0.00s)\n","OutputType":"frame"}
{"Time":"2026-10-09T04:15:14.91522365Z","Action":"pass","Package":"go.temporal.io/server/tools/gomad3/cmd/gomadtool","Test":"TestRunMaintainerOutputPrimaryFailures/boundary-generate/invalid","Elapsed":0}
{"Time":"2026-10-09T04:15:14.915245108Z","Action":"run","Package":"go.temporal.io/server/tools/gomad3/cmd/gomadtool","Test":"TestRunMaintainerOutputPrimaryFailures/boundary-generate/operation"}
{"Time":"2026-10-09T04:15:14.915265941Z","Action":"output","Package":"go.temporal.io/server/tools/gomad3/cmd/gomadtool","Test":"TestRunMaintainerOutputPrimaryFailures/boundary-generate/operation","Output":"=== RUN   TestRunMaintainerOutputPrimaryFailures/boundary-generate/operation\n","OutputType":"frame"}
{"Time":"2026-10-09T04:15:14.916067441Z","Action":"output","Package":"go.temporal.io/server/tools/gomad3/cmd/gomadtool","Test":"TestRunMaintainerOutputPrimaryFailures/boundary-generate/operation","Output":"--- PASS: TestRunMaintainerOutputPrimaryFailures/boundary-generate/operation (0.00s)\n","OutputType":"frame"}
{"Time":"2026-10-09T04:15:14.91609215Z","Action":"pass","Package":"go.temporal.io/server/tools/gomad3/cmd/gomadtool","Test":"TestRunMaintainerOutputPrimaryFailures/boundary-generate/operation","Elapsed":0}
{"Time":"2026-10-09T04:15:14.916119858Z","Action":"run","Package":"go.temporal.io/server/tools/gomad3/cmd/gomadtool","Test":"TestRunMaintainerOutputPrimaryFailures/compatibility-pack/invalid"}
{"Time":"2026-10-09T04:15:14.916146858Z","Action":"output","Package":"go.temporal.io/server/tools/gomad3/cmd/gomadtool","Test":"TestRunMaintainerOutputPrimaryFailures/compatibility-pack/invalid","Output":"=== RUN   TestRunMaintainerOutputPrimaryFailures/compatibility-pack/invalid\n","OutputType":"frame"}
{"Time":"2026-10-09T04:15:14.916858025Z","Action":"output","Package":"go.temporal.io/server/tools/gomad3/cmd/gomadtool","Test":"TestRunMaintainerOutputPrimaryFailures/compatibility-pack/invalid","Output":"--- PASS: TestRunMaintainerOutputPrimaryFailures/compatibility-pack/invalid (0.00s)\n","OutputType":"frame"}
{"Time":"2026-10-09T04:15:14.916894941Z","Action":"pass","Package":"go.temporal.io/server/tools/gomad3/cmd/gomadtool","Test":"TestRunMaintainerOutputPrimaryFailures/compatibility-pack/invalid","Elapsed":0}
{"Time":"2026-10-09T04:15:14.916928233Z","Action":"run","Package":"go.temporal.io/server/tools/gomad3/cmd/gomadtool","Test":"TestRunMaintainerOutputPrimaryFailures/upgrade-dossier/invalid"}
{"Time":"2026-10-09T04:15:14.916950816Z","Action":"output","Package":"go.temporal.io/server/tools/gomad3/cmd/gomadtool","Test":"TestRunMaintainerOutputPrimaryFailures/upgrade-dossier/invalid","Output":"=== RUN   TestRunMaintainerOutputPrimaryFailures/upgrade-dossier/invalid\n","OutputType":"frame"}
{"Time":"2026-10-09T04:15:14.917800525Z","Action":"output","Package":"go.temporal.io/server/tools/gomad3/cmd/gomadtool","Test":"TestRunMaintainerOutputPrimaryFailures/upgrade-dossier/invalid","Output":"--- PASS: TestRunMaintainerOutputPrimaryFailures/upgrade-dossier/invalid (0.00s)\n","OutputType":"frame"}
{"Time":"2026-10-09T04:15:14.917824483Z","Action":"pass","Package":"go.temporal.io/server/tools/gomad3/cmd/gomadtool","Test":"TestRunMaintainerOutputPrimaryFailures/upgrade-dossier/invalid","Elapsed":0}
{"Time":"2026-10-09T04:15:14.917998691Z","Action":"output","Package":"go.temporal.io/server/tools/gomad3/cmd/gomadtool","Test":"TestRunMaintainerOutputPrimaryFailures","Output":"--- PASS: TestRunMaintainerOutputPrimaryFailures (0.01s)\n","OutputType":"frame"}
{"Time":"2026-10-09T04:15:14.91802515Z","Action":"pass","Package":"go.temporal.io/server/tools/gomad3/cmd/gomadtool","Test":"TestRunMaintainerOutputPrimaryFailures","Elapsed":0.01}
{"Time":"2026-10-09T04:15:14.9181669Z","Action":"run","Package":"go.temporal.io/server/tools/gomad3/cmd/gomadtool","Test":"TestRunCompatibilityPackUsageStatusPreservation"}
{"Time":"2026-10-09T04:15:14.918182233Z","Action":"output","Package":"go.temporal.io/server/tools/gomad3/cmd/gomadtool","Test":"TestRunCompatibilityPackUsageStatusPreservation","Output":"=== RUN   TestRunCompatibilityPackUsageStatusPreservation\n","OutputType":"frame"}
{"Time":"2026-10-09T04:15:14.918227316Z","Action":"run","Package":"go.temporal.io/server/tools/gomad3/cmd/gomadtool","Test":"TestRunCompatibilityPackUsageStatusPreservation/missing_subcommand"}
{"Time":"2026-10-09T04:15:14.918251358Z","Action":"output","Package":"go.temporal.io/server/tools/gomad3/cmd/gomadtool","Test":"TestRunCompatibilityPackUsageStatusPreservation/missing_subcommand","Output":"=== RUN   TestRunCompatibilityPackUsageStatusPreservation/missing_subcommand\n","OutputType":"frame"}
{"Time":"2026-10-09T04:15:14.918533983Z","Action":"run","Package":"go.temporal.io/server/tools/gomad3/cmd/gomadtool","Test":"TestRunCompatibilityPackUsageStatusPreservation/missing_subcommand/healthy_stderr"}
{"Time":"2026-10-09T04:15:14.918562983Z","Action":"output","Package":"go.temporal.io/server/tools/gomad3/cmd/gomadtool","Test":"TestRunCompatibilityPackUsageStatusPreservation/missing_subcommand/healthy_stderr","Output":"=== RUN   TestRunCompatibilityPackUsageStatusPreservation/missing_subcommand/healthy_stderr\n","OutputType":"frame"}
{"Time":"2026-10-09T04:15:14.918891233Z","Action":"output","Package":"go.temporal.io/server/tools/gomad3/cmd/gomadtool","Test":"TestRunCompatibilityPackUsageStatusPreservation/missing_subcommand/healthy_stderr","Output":"    usage_status_preservation_test.go:71: status=2 stderr-calls=1 attempted=\"usage: gomadtool compatibility-pack discover|review|refresh|generate|check|qualify [flags]\\n\" stderr-error=\u003cnil\u003e stdout-calls=0 stdout-attempted=\"\" publication unchanged\n"}
{"Time":"2026-10-09T04:15:14.918923275Z","Action":"output","Package":"go.temporal.io/server/tools/gomad3/cmd/gomadtool","Test":"TestRunCompatibilityPackUsageStatusPreservation/missing_subcommand/healthy_stderr","Output":"--- PASS: TestRunCompatibilityPackUsageStatusPreservation/missing_subcommand/healthy_stderr (0.00s)\n","OutputType":"frame"}
{"Time":"2026-10-09T04:15:14.918944816Z","Action":"pass","Package":"go.temporal.io/server/tools/gomad3/cmd/gomadtool","Test":"TestRunCompatibilityPackUsageStatusPreservation/missing_subcommand/healthy_stderr","Elapsed":0}
{"Time":"2026-10-09T04:15:14.918970441Z","Action":"run","Package":"go.temporal.io/server/tools/gomad3/cmd/gomadtool","Test":"TestRunCompatibilityPackUsageStatusPreservation/missing_subcommand/EBADF_stderr"}
{"Time":"2026-10-09T04:15:14.919001358Z","Action":"output","Package":"go.temporal.io/server/tools/gomad3/cmd/gomadtool","Test":"TestRunCompatibilityPackUsageStatusPreservation/missing_subcommand/EBADF_stderr","Output":"=== RUN   TestRunCompatibilityPackUsageStatusPreservation/missing_subcommand/EBADF_stderr\n","OutputType":"frame"}
{"Time":"2026-10-09T04:15:14.919696066Z","Action":"output","Package":"go.temporal.io/server/tools/gomad3/cmd/gomadtool","Test":"TestRunCompatibilityPackUsageStatusPreservation/missing_subcommand/EBADF_stderr","Output":"    usage_status_preservation_test.go:71: status=1 stderr-calls=1 attempted=\"usage: gomadtool compatibility-pack discover|review|refresh|generate|check|qualify [flags]\\n\" stderr-error=write /Users/stephan/Workspace/skunkworks/.gomad-source-gates-UsyTMX/TestRunCompatibilityPackUsageStatusPreservationmissing_subcomma2982823470/002/stdout: bad file descriptor stdout-calls=0 stdout-attempted=\"\" publication unchanged\n"}
{"Time":"2026-10-09T04:15:14.919962358Z","Action":"output","Package":"go.temporal.io/server/tools/gomad3/cmd/gomadtool","Test":"TestRunCompatibilityPackUsageStatusPreservation/missing_subcommand/EBADF_stderr","Output":"--- PASS: TestRunCompatibilityPackUsageStatusPreservation/missing_subcommand/EBADF_stderr (0.00s)\n","OutputType":"frame"}
{"Time":"2026-10-09T04:15:14.919993691Z","Action":"pass","Package":"go.temporal.io/server/tools/gomad3/cmd/gomadtool","Test":"TestRunCompatibilityPackUsageStatusPreservation/missing_subcommand/EBADF_stderr","Elapsed":0}
{"Time":"2026-10-09T04:15:14.920140691Z","Action":"output","Package":"go.temporal.io/server/tools/gomad3/cmd/gomadtool","Test":"TestRunCompatibilityPackUsageStatusPreservation/missing_subcommand","Output":"--- PASS: TestRunCompatibilityPackUsageStatusPreservation/missing_subcommand (0.00s)\n","OutputType":"frame"}
{"Time":"2026-10-09T04:15:14.920163233Z","Action":"pass","Package":"go.temporal.io/server/tools/gomad3/cmd/gomadtool","Test":"TestRunCompatibilityPackUsageStatusPreservation/missing_subcommand","Elapsed":0}
{"Time":"2026-10-09T04:15:14.920182983Z","Action":"run","Package":"go.temporal.io/server/tools/gomad3/cmd/gomadtool","Test":"TestRunCompatibilityPackUsageStatusPreservation/unknown_subcommand"}
{"Time":"2026-10-09T04:15:14.92020065Z","Action":"output","Package":"go.temporal.io/server/tools/gomad3/cmd/gomadtool","Test":"TestRunCompatibilityPackUsageStatusPreservation/unknown_subcommand","Output":"=== RUN   TestRunCompatibilityPackUsageStatusPreservation/unknown_subcommand\n","OutputType":"frame"}
{"Time":"2026-10-09T04:15:14.920422066Z","Action":"run","Package":"go.temporal.io/server/tools/gomad3/cmd/gomadtool","Test":"TestRunCompatibilityPackUsageStatusPreservation/unknown_subcommand/healthy_stderr"}
{"Time":"2026-10-09T04:15:14.920454775Z","Action":"output","Package":"go.temporal.io/server/tools/gomad3/cmd/gomadtool","Test":"TestRunCompatibilityPackUsageStatusPreservation/unknown_subcommand/healthy_stderr","Output":"=== RUN   TestRunCompatibilityPackUsageStatusPreservation/unknown_subcommand/healthy_stderr\n","OutputType":"frame"}
{"Time":"2026-10-09T04:15:14.920930358Z","Action":"output","Package":"go.temporal.io/server/tools/gomad3/cmd/gomadtool","Test":"TestRunCompatibilityPackUsageStatusPreservation/unknown_subcommand/healthy_stderr","Output":"    usage_status_preservation_test.go:71: status=2 stderr-calls=1 attempted=\"usage: gomadtool compatibility-pack discover|review|refresh|generate|check|qualify [flags]\\n\" stderr-error=\u003cnil\u003e stdout-calls=0 stdout-attempted=\"\" publication unchanged\n"}
{"Time":"2026-10-09T04:15:14.920968358Z","Action":"output","Package":"go.temporal.io/server/tools/gomad3/cmd/gomadtool","Test":"TestRunCompatibilityPackUsageStatusPreservation/unknown_subcommand/healthy_stderr","Output":"--- PASS: TestRunCompatibilityPackUsageStatusPreservation/unknown_subcommand/healthy_stderr (0.00s)\n","OutputType":"frame"}
{"Time":"2026-10-09T04:15:14.920999025Z","Action":"pass","Package":"go.temporal.io/server/tools/gomad3/cmd/gomadtool","Test":"TestRunCompatibilityPackUsageStatusPreservation/unknown_subcommand/healthy_stderr","Elapsed":0}
{"Time":"2026-10-09T04:15:14.921017816Z","Action":"run","Package":"go.temporal.io/server/tools/gomad3/cmd/gomadtool","Test":"TestRunCompatibilityPackUsageStatusPreservation/unknown_subcommand/EBADF_stderr"}
{"Time":"2026-10-09T04:15:14.92103815Z","Action":"output","Package":"go.temporal.io/server/tools/gomad3/cmd/gomadtool","Test":"TestRunCompatibilityPackUsageStatusPreservation/unknown_subcommand/EBADF_stderr","Output":"=== RUN   TestRunCompatibilityPackUsageStatusPreservation/unknown_subcommand/EBADF_stderr\n","OutputType":"frame"}
{"Time":"2026-10-09T04:15:14.921841483Z","Action":"output","Package":"go.temporal.io/server/tools/gomad3/cmd/gomadtool","Test":"TestRunCompatibilityPackUsageStatusPreservation/unknown_subcommand/EBADF_stderr","Output":"    usage_status_preservation_test.go:71: status=1 stderr-calls=1 attempted=\"usage: gomadtool compatibility-pack discover|review|refresh|generate|check|qualify [flags]\\n\" stderr-error=write /Users/stephan/Workspace/skunkworks/.gomad-source-gates-UsyTMX/TestRunCompatibilityPackUsageStatusPreservationunknown_subcomma3561022405/002/stdout: bad file descriptor stdout-calls=0 stdout-attempted=\"\" publication unchanged\n"}
{"Time":"2026-10-09T04:15:14.922107233Z","Action":"output","Package":"go.temporal.io/server/tools/gomad3/cmd/gomadtool","Test":"TestRunCompatibilityPackUsageStatusPreservation/unknown_subcommand/EBADF_stderr","Output":"--- PASS: TestRunCompatibilityPackUsageStatusPreservation/unknown_subcommand/EBADF_stderr (0.00s)\n","OutputType":"frame"}
{"Time":"2026-10-09T04:15:14.922136983Z","Action":"pass","Package":"go.temporal.io/server/tools/gomad3/cmd/gomadtool","Test":"TestRunCompatibilityPackUsageStatusPreservation/unknown_subcommand/EBADF_stderr","Elapsed":0}
{"Time":"2026-10-09T04:15:14.922340233Z","Action":"output","Package":"go.temporal.io/server/tools/gomad3/cmd/gomadtool","Test":"TestRunCompatibilityPackUsageStatusPreservation/unknown_subcommand","Output":"--- PASS: TestRunCompatibilityPackUsageStatusPreservation/unknown_subcommand (0.00s)\n","OutputType":"frame"}
{"Time":"2026-10-09T04:15:14.922363775Z","Action":"pass","Package":"go.temporal.io/server/tools/gomad3/cmd/gomadtool","Test":"TestRunCompatibilityPackUsageStatusPreservation/unknown_subcommand","Elapsed":0}
{"Time":"2026-10-09T04:15:14.922385275Z","Action":"output","Package":"go.temporal.io/server/tools/gomad3/cmd/gomadtool","Test":"TestRunCompatibilityPackUsageStatusPreservation","Output":"--- PASS: TestRunCompatibilityPackUsageStatusPreservation (0.00s)\n","OutputType":"frame"}
{"Time":"2026-10-09T04:15:14.922399108Z","Action":"pass","Package":"go.temporal.io/server/tools/gomad3/cmd/gomadtool","Test":"TestRunCompatibilityPackUsageStatusPreservation","Elapsed":0}
{"Time":"2026-10-09T04:15:14.922578066Z","Action":"output","Package":"go.temporal.io/server/tools/gomad3/cmd/gomadtool","Output":"PASS\n","OutputType":"frame"}
{"Time":"2026-10-09T04:15:14.923941566Z","Action":"output","Package":"go.temporal.io/server/tools/gomad3/cmd/gomadtool","Output":"ok  \tgo.temporal.io/server/tools/gomad3/cmd/gomadtool\t1.918s\n"}
{"Time":"2026-10-09T04:15:14.9239734Z","Action":"pass","Package":"go.temporal.io/server/tools/gomad3/cmd/gomadtool","Elapsed":1.9180000000000001}
