{
	"Dir": "/Users/stephan/Workspace/skunkworks/gomad/temporal/tools/gomad3/cmd/gomadtool",
	"ImportPath": "go.temporal.io/server/tools/gomad3/cmd/gomadtool",
	"Name": "main",
	"Target": "/home/agent/go/bin/darwin_arm64/gomadtool",
	"Root": "/Users/stephan/Workspace/skunkworks/gomad/temporal/tools/gomad3",
	"Module": {
		"Path": "go.temporal.io/server/tools/gomad3",
		"Main": true,
		"Dir": "/Users/stephan/Workspace/skunkworks/gomad/temporal/tools/gomad3",
		"GoMod": "/Users/stephan/Workspace/skunkworks/gomad/temporal/tools/gomad3/go.mod",
		"GoVersion": "1.27.1"
	},
	"Match": [
		"./cmd/gomadtool"
	],
	"Stale": true,
	"StaleReason": "build ID mismatch",
	"GoFiles": [
		"adapter_regenerate.go",
		"boundary.go",
		"compatibility_pack.go",
		"compatibility_pack_refresh.go",
		"diagnostic.go",
		"main.go",
		"pin_impact.go",
		"protocol.go",
		"qualification_manifest.go",
		"soak.go",
		"upgrade.go",
		"version.go"
	],
	"Imports": [
		"bytes",
		"context",
		"crypto/sha256",
		"encoding/json",
		"errors",
		"flag",
		"fmt",
		"go.temporal.io/server/tools/gomad3/choice",
		"go.temporal.io/server/tools/gomad3/internal/compatibilitypack/authoring",
		"go.temporal.io/server/tools/gomad3/internal/gomadtool/conformance",
		"go.temporal.io/server/tools/gomad3/internal/gomadtool/generation/boundary",
		"go.temporal.io/server/tools/gomad3/internal/gomadtool/generation/protocol",
		"go.temporal.io/server/tools/gomad3/internal/gomadtool/validation",
		"go.temporal.io/server/tools/gomad3/internal/hostexec",
		"go.temporal.io/server/tools/gomad3/internal/hostfs",
		"go.temporal.io/server/tools/gomad3/qualification/analysis",
		"go.temporal.io/server/tools/gomad3/qualification/set/manifestgen",
		"go.temporal.io/server/tools/gomad3/qualification/soak",
		"go.temporal.io/server/tools/gomad3/toolchain",
		"go.temporal.io/server/tools/gomad3/toolchain/version",
		"go.temporal.io/server/tools/gomad3/upgrade",
		"go.temporal.io/server/tools/gomad3/upgrade/adapterregen",
		"go.temporal.io/server/tools/gomad3/upgrade/pinimpact",
		"io",
		"os",
		"os/exec",
		"path/filepath",
		"runtime",
		"slices",
		"sort",
		"strconv",
		"strings",
		"time"
	],
	"Deps": [
		"archive/tar",
		"bufio",
		"bytes",
		"cmp",
		"compress/flate",
		"compress/gzip",
		"compress/zlib",
		"container/heap",
		"container/list",
		"context",
		"crypto",
		"crypto/aes",
		"crypto/cipher",
		"crypto/des",
		"crypto/dsa",
		"crypto/ecdh",
		"crypto/ecdsa",
		"crypto/ed25519",
		"crypto/elliptic",
		"crypto/fips140",
		"crypto/hkdf",
		"crypto/hmac",
		"crypto/hpke",
		"crypto/internal/boring",
		"crypto/internal/boring/bbig",
		"crypto/internal/boring/sig",
		"crypto/internal/constanttime",
		"crypto/internal/entropy/v1.0.0",
		"crypto/internal/fips140",
		"crypto/internal/fips140/aes",
		"crypto/internal/fips140/aes/gcm",
		"crypto/internal/fips140/alias",
		"crypto/internal/fips140/bigmod",
		"crypto/internal/fips140/check",
		"crypto/internal/fips140/drbg",
		"crypto/internal/fips140/ecdh",
		"crypto/internal/fips140/ecdsa",
		"crypto/internal/fips140/ed25519",
		"crypto/internal/fips140/edwards25519",
		"crypto/internal/fips140/edwards25519/field",
		"crypto/internal/fips140/hkdf",
		"crypto/internal/fips140/hmac",
		"crypto/internal/fips140/mldsa",
		"crypto/internal/fips140/mlkem",
		"crypto/internal/fips140/nistec",
		"crypto/internal/fips140/nistec/fiat",
		"crypto/internal/fips140/rsa",
		"crypto/internal/fips140/sha256",
		"crypto/internal/fips140/sha3",
		"crypto/internal/fips140/sha512",
		"crypto/internal/fips140/subtle",
		"crypto/internal/fips140/tls12",
		"crypto/internal/fips140/tls13",
		"crypto/internal/fips140cache",
		"crypto/internal/fips140deps/byteorder",
		"crypto/internal/fips140deps/cpu",
		"crypto/internal/fips140deps/godebug",
		"crypto/internal/fips140deps/time",
		"crypto/internal/fips140hash",
		"crypto/internal/fips140only",
		"crypto/internal/impl",
		"crypto/internal/rand",
		"crypto/internal/randutil",
		"crypto/internal/sysrand",
		"crypto/md5",
		"crypto/mldsa",
		"crypto/mlkem",
		"crypto/rand",
		"crypto/rc4",
		"crypto/rsa",
		"crypto/sha1",
		"crypto/sha256",
		"crypto/sha3",
		"crypto/sha512",
		"crypto/subtle",
		"crypto/tls",
		"crypto/tls/internal/fips140tls",
		"crypto/x509",
		"crypto/x509/internal/macos",
		"crypto/x509/pkix",
		"debug/buildinfo",
		"debug/dwarf",
		"debug/elf",
		"debug/macho",
		"debug/pe",
		"debug/plan9obj",
		"embed",
		"encoding",
		"encoding/asn1",
		"encoding/base32",
		"encoding/base64",
		"encoding/binary",
		"encoding/hex",
		"encoding/json",
		"encoding/json/internal",
		"encoding/json/internal/jsonflags",
		"encoding/json/internal/jsonopts",
		"encoding/json/internal/jsonwire",
		"encoding/json/jsontext",
		"encoding/json/v2",
		"encoding/pem",
		"errors",
		"flag",
		"fmt",
		"go.temporal.io/server/tools/gomad3/artifact",
		"go.temporal.io/server/tools/gomad3/choice",
		"go.temporal.io/server/tools/gomad3/choice/internal/wire",
		"go.temporal.io/server/tools/gomad3/deterministicio",
		"go.temporal.io/server/tools/gomad3/deterministicio/internal/wire",
		"go.temporal.io/server/tools/gomad3/deterministicio/readonlymount",
		"go.temporal.io/server/tools/gomad3/internal/canonicaljson",
		"go.temporal.io/server/tools/gomad3/internal/compatibilitypack",
		"go.temporal.io/server/tools/gomad3/internal/compatibilitypack/authoring",
		"go.temporal.io/server/tools/gomad3/internal/gomadtool/conformance",
		"go.temporal.io/server/tools/gomad3/internal/gomadtool/generation/boundary",
		"go.temporal.io/server/tools/gomad3/internal/gomadtool/generation/protocol",
		"go.temporal.io/server/tools/gomad3/internal/gomadtool/validation",
		"go.temporal.io/server/tools/gomad3/internal/hostexec",
		"go.temporal.io/server/tools/gomad3/internal/hostfs",
		"go.temporal.io/server/tools/gomad3/internal/preparation",
		"go.temporal.io/server/tools/gomad3/internal/sourceinventory",
		"go.temporal.io/server/tools/gomad3/qualification",
		"go.temporal.io/server/tools/gomad3/qualification/analysis",
		"go.temporal.io/server/tools/gomad3/qualification/set",
		"go.temporal.io/server/tools/gomad3/qualification/set/manifestgen",
		"go.temporal.io/server/tools/gomad3/qualification/soak",
		"go.temporal.io/server/tools/gomad3/record",
		"go.temporal.io/server/tools/gomad3/runner",
		"go.temporal.io/server/tools/gomad3/runner/internal/campaign",
		"go.temporal.io/server/tools/gomad3/runner/internal/corpus",
		"go.temporal.io/server/tools/gomad3/runner/internal/execution",
		"go.temporal.io/server/tools/gomad3/runner/internal/exploration",
		"go.temporal.io/server/tools/gomad3/runner/internal/exploration/choice",
		"go.temporal.io/server/tools/gomad3/runner/internal/exploration/simulation",
		"go.temporal.io/server/tools/gomad3/runner/internal/exploration/simulationrecord",
		"go.temporal.io/server/tools/gomad3/runner/internal/minimizer",
		"go.temporal.io/server/tools/gomad3/target",
		"go.temporal.io/server/tools/gomad3/target/internal/build",
		"go.temporal.io/server/tools/gomad3/target/internal/capabilitypolicy",
		"go.temporal.io/server/tools/gomad3/target/internal/capabilityreview",
		"go.temporal.io/server/tools/gomad3/target/internal/gocommand",
		"go.temporal.io/server/tools/gomad3/target/internal/livecap",
		"go.temporal.io/server/tools/gomad3/target/internal/provenance",
		"go.temporal.io/server/tools/gomad3/toolchain",
		"go.temporal.io/server/tools/gomad3/toolchain/installation",
		"go.temporal.io/server/tools/gomad3/toolchain/version",
		"go.temporal.io/server/tools/gomad3/upgrade",
		"go.temporal.io/server/tools/gomad3/upgrade/adapterregen",
		"go.temporal.io/server/tools/gomad3/upgrade/pinimpact",
		"go.temporal.io/server/tools/gomad3/world",
		"go.temporal.io/server/tools/gomad3/world/mailbox",
		"go.temporal.io/server/tools/gomad3/world/process",
		"go/ast",
		"go/build",
		"go/build/constraint",
		"go/constant",
		"go/doc",
		"go/doc/comment",
		"go/format",
		"go/importer",
		"go/internal/gccgoimporter",
		"go/internal/gcimporter",
		"go/internal/srcimporter",
		"go/parser",
		"go/printer",
		"go/scanner",
		"go/token",
		"go/types",
		"go/version",
		"golang.org/x/mod/internal/lazyregexp",
		"golang.org/x/mod/modfile",
		"golang.org/x/mod/module",
		"golang.org/x/mod/semver",
		"hash",
		"hash/adler32",
		"hash/crc32",
		"hash/maphash",
		"internal/abi",
		"internal/asan",
		"internal/bisect",
		"internal/buildcfg",
		"internal/bytealg",
		"internal/byteorder",
		"internal/chacha8rand",
		"internal/coverage/rtcov",
		"internal/cpu",
		"internal/exportdata",
		"internal/filepathlite",
		"internal/fmtsort",
		"internal/goarch",
		"internal/godebug",
		"internal/godebugs",
		"internal/goexperiment",
		"internal/goos",
		"internal/goroot",
		"internal/gover",
		"internal/goversion",
		"internal/lazyregexp",
		"internal/msan",
		"internal/nettrace",
		"internal/oserror",
		"internal/pkgbits",
		"internal/platform",
		"internal/poll",
		"internal/profilerecord",
		"internal/race",
		"internal/reflectlite",
		"internal/routebsd",
		"internal/runtime/atomic",
		"internal/runtime/exithook",
		"internal/runtime/gc",
		"internal/runtime/gc/scan",
		"internal/runtime/maps",
		"internal/runtime/math",
		"internal/runtime/pprof/label",
		"internal/runtime/sys",
		"internal/saferio",
		"internal/singleflight",
		"internal/strconv",
		"internal/stringslite",
		"internal/sync",
		"internal/synctest",
		"internal/syscall/execenv",
		"internal/syscall/unix",
		"internal/syslist",
		"internal/testlog",
		"internal/trace/tracev2",
		"internal/types/errors",
		"internal/unsafeheader",
		"internal/xcoff",
		"internal/zstd",
		"io",
		"io/fs",
		"iter",
		"log",
		"log/internal",
		"maps",
		"math",
		"math/big",
		"math/bits",
		"math/rand",
		"math/rand/v2",
		"mime",
		"mime/multipart",
		"mime/quotedprintable",
		"net",
		"net/http",
		"net/http/httptrace",
		"net/http/internal",
		"net/http/internal/ascii",
		"net/http/internal/http2",
		"net/http/internal/httpcommon",
		"net/http/internal/httpsfv",
		"net/netip",
		"net/textproto",
		"net/url",
		"os",
		"os/exec",
		"os/signal",
		"os/user",
		"path",
		"path/filepath",
		"reflect",
		"regexp",
		"regexp/syntax",
		"runtime",
		"runtime/debug",
		"slices",
		"sort",
		"strconv",
		"strings",
		"sync",
		"sync/atomic",
		"syscall",
		"text/scanner",
		"text/tabwriter",
		"text/template",
		"text/template/parse",
		"time",
		"unicode",
		"unicode/utf16",
		"unicode/utf8",
		"unique",
		"unsafe",
		"vendor/golang.org/x/crypto/chacha20",
		"vendor/golang.org/x/crypto/chacha20poly1305",
		"vendor/golang.org/x/crypto/cryptobyte",
		"vendor/golang.org/x/crypto/cryptobyte/asn1",
		"vendor/golang.org/x/crypto/internal/alias",
		"vendor/golang.org/x/crypto/internal/poly1305",
		"vendor/golang.org/x/net/dns/dnsmessage",
		"vendor/golang.org/x/net/http/httpguts",
		"vendor/golang.org/x/net/http/httpproxy",
		"vendor/golang.org/x/net/http2/hpack",
		"vendor/golang.org/x/net/idna",
		"vendor/golang.org/x/text/secure/bidirule",
		"vendor/golang.org/x/text/transform",
		"vendor/golang.org/x/text/unicode/bidi",
		"vendor/golang.org/x/text/unicode/norm",
		"weak"
	],
	"TestGoFiles": [
		"adapter_regenerate_diagnostics_test.go",
		"adapter_regenerate_test.go",
		"compatibility_pack_refresh_diagnostics_test.go",
		"compatibility_pack_refresh_output_test.go",
		"compatibility_pack_refresh_resolved_test.go",
		"compatibility_pack_refresh_test.go",
		"compatibility_pack_source_test.go",
		"compatibility_root_test.go",
		"diagnostic_test.go",
		"generator_diagnostic_output_test.go",
		"main_test.go",
		"maintainer_output_patch_test.go",
		"maintainer_output_test.go",
		"pin_impact_diagnostics_test.go",
		"pin_impact_test.go",
		"soak_test.go",
		"upgrade_test.go",
		"usage_status_preservation_test.go"
	],
	"TestImports": [
		"archive/tar",
		"archive/zip",
		"bytes",
		"compress/gzip",
		"context",
		"crypto/sha256",
		"encoding/base64",
		"encoding/binary",
		"encoding/json",
		"errors",
		"fmt",
		"go.temporal.io/server/tools/gomad3/deterministicio",
		"go.temporal.io/server/tools/gomad3/internal/compatibilitypack",
		"go.temporal.io/server/tools/gomad3/internal/compatibilitypack/authoring",
		"go.temporal.io/server/tools/gomad3/target",
		"go.temporal.io/server/tools/gomad3/upgrade/pinimpact",
		"golang.org/x/mod/module",
		"golang.org/x/mod/sumdb/dirhash",
		"io",
		"io/fs",
		"maps",
		"os",
		"os/exec",
		"path/filepath",
		"reflect",
		"regexp",
		"runtime",
		"strings",
		"syscall",
		"testing"
	]
}
