{"Time":"2026-10-08T16:22:58.619761067Z","Action":"start","Package":"go.temporal.io/server/tools/gomad3/upgrade/pinimpact"}
{"Time":"2026-10-08T16:22:58.624502442Z","Action":"run","Package":"go.temporal.io/server/tools/gomad3/upgrade/pinimpact","Test":"TestPortableFixturePinDecisions"}
{"Time":"2026-10-08T16:22:58.624594817Z","Action":"output","Package":"go.temporal.io/server/tools/gomad3/upgrade/pinimpact","Test":"TestPortableFixturePinDecisions","Output":"=== RUN   TestPortableFixturePinDecisions\n","OutputType":"frame"}
{"Time":"2026-10-08T16:22:58.635831317Z","Action":"run","Package":"go.temporal.io/server/tools/gomad3/upgrade/pinimpact","Test":"TestPortableFixturePinDecisions/version_bump"}
{"Time":"2026-10-08T16:22:58.635897442Z","Action":"output","Package":"go.temporal.io/server/tools/gomad3/upgrade/pinimpact","Test":"TestPortableFixturePinDecisions/version_bump","Output":"=== RUN   TestPortableFixturePinDecisions/version_bump\n","OutputType":"frame"}
{"Time":"2026-10-08T16:22:58.6640144Z","Action":"output","Package":"go.temporal.io/server/tools/gomad3/upgrade/pinimpact","Test":"TestPortableFixturePinDecisions/version_bump","Output":"--- PASS: TestPortableFixturePinDecisions/version_bump (0.03s)\n","OutputType":"frame"}
{"Time":"2026-10-08T16:22:58.664261733Z","Action":"pass","Package":"go.temporal.io/server/tools/gomad3/upgrade/pinimpact","Test":"TestPortableFixturePinDecisions/version_bump","Elapsed":0.03}
{"Time":"2026-10-08T16:22:58.664299608Z","Action":"run","Package":"go.temporal.io/server/tools/gomad3/upgrade/pinimpact","Test":"TestPortableFixturePinDecisions/changed_sum"}
{"Time":"2026-10-08T16:22:58.664332858Z","Action":"output","Package":"go.temporal.io/server/tools/gomad3/upgrade/pinimpact","Test":"TestPortableFixturePinDecisions/changed_sum","Output":"=== RUN   TestPortableFixturePinDecisions/changed_sum\n","OutputType":"frame"}
{"Time":"2026-10-08T16:22:58.691752317Z","Action":"output","Package":"go.temporal.io/server/tools/gomad3/upgrade/pinimpact","Test":"TestPortableFixturePinDecisions/changed_sum","Output":"--- PASS: TestPortableFixturePinDecisions/changed_sum (0.03s)\n","OutputType":"frame"}
{"Time":"2026-10-08T16:22:58.691845983Z","Action":"pass","Package":"go.temporal.io/server/tools/gomad3/upgrade/pinimpact","Test":"TestPortableFixturePinDecisions/changed_sum","Elapsed":0.03}
{"Time":"2026-10-08T16:22:58.691912817Z","Action":"run","Package":"go.temporal.io/server/tools/gomad3/upgrade/pinimpact","Test":"TestPortableFixturePinDecisions/replacement"}
{"Time":"2026-10-08T16:22:58.692018317Z","Action":"output","Package":"go.temporal.io/server/tools/gomad3/upgrade/pinimpact","Test":"TestPortableFixturePinDecisions/replacement","Output":"=== RUN   TestPortableFixturePinDecisions/replacement\n","OutputType":"frame"}
{"Time":"2026-10-08T16:22:58.7194344Z","Action":"output","Package":"go.temporal.io/server/tools/gomad3/upgrade/pinimpact","Test":"TestPortableFixturePinDecisions/replacement","Output":"    portable_fixtures_test.go:71: replaced activation admitted github.com/cespare/xxhash/v2 on darwin/arm64\n","OutputType":"error"}
{"Time":"2026-10-08T16:22:58.72020865Z","Action":"output","Package":"go.temporal.io/server/tools/gomad3/upgrade/pinimpact","Test":"TestPortableFixturePinDecisions/replacement","Output":"--- FAIL: TestPortableFixturePinDecisions/replacement (0.03s)\n","OutputType":"frame"}
{"Time":"2026-10-08T16:22:58.72103965Z","Action":"fail","Package":"go.temporal.io/server/tools/gomad3/upgrade/pinimpact","Test":"TestPortableFixturePinDecisions/replacement","Elapsed":0.03}
{"Time":"2026-10-08T16:22:58.721088817Z","Action":"output","Package":"go.temporal.io/server/tools/gomad3/upgrade/pinimpact","Test":"TestPortableFixturePinDecisions","Output":"--- FAIL: TestPortableFixturePinDecisions (0.10s)\n","OutputType":"frame"}
{"Time":"2026-10-08T16:22:58.721123817Z","Action":"fail","Package":"go.temporal.io/server/tools/gomad3/upgrade/pinimpact","Test":"TestPortableFixturePinDecisions","Elapsed":0.1}
{"Time":"2026-10-08T16:22:58.721162192Z","Action":"output","Package":"go.temporal.io/server/tools/gomad3/upgrade/pinimpact","Output":"FAIL\n","OutputType":"frame"}
{"Time":"2026-10-08T16:22:58.721245233Z","Action":"output","Package":"go.temporal.io/server/tools/gomad3/upgrade/pinimpact","Output":"FAIL\tgo.temporal.io/server/tools/gomad3/upgrade/pinimpact\t0.101s\n","OutputType":"frame"}
{"Time":"2026-10-08T16:22:58.721273108Z","Action":"fail","Package":"go.temporal.io/server/tools/gomad3/upgrade/pinimpact","Elapsed":0.102}
