{"Time":"2026-10-08T16:22:53.528538314Z","Action":"start","Package":"go.temporal.io/server/tools/gomad3/upgrade/pinimpact"}
{"Time":"2026-10-08T16:22:53.539072148Z","Action":"run","Package":"go.temporal.io/server/tools/gomad3/upgrade/pinimpact","Test":"TestPortableFixturePinDecisions"}
{"Time":"2026-10-08T16:22:53.539415273Z","Action":"output","Package":"go.temporal.io/server/tools/gomad3/upgrade/pinimpact","Test":"TestPortableFixturePinDecisions","Output":"=== RUN   TestPortableFixturePinDecisions\n","OutputType":"frame"}
{"Time":"2026-10-08T16:22:53.555262314Z","Action":"run","Package":"go.temporal.io/server/tools/gomad3/upgrade/pinimpact","Test":"TestPortableFixturePinDecisions/version_bump"}
{"Time":"2026-10-08T16:22:53.555558939Z","Action":"output","Package":"go.temporal.io/server/tools/gomad3/upgrade/pinimpact","Test":"TestPortableFixturePinDecisions/version_bump","Output":"=== RUN   TestPortableFixturePinDecisions/version_bump\n","OutputType":"frame"}
{"Time":"2026-10-08T16:22:53.566369356Z","Action":"output","Package":"go.temporal.io/server/tools/gomad3/upgrade/pinimpact","Test":"TestPortableFixturePinDecisions/version_bump","Output":"    portable_fixtures_test.go:56: reported pins = map[pack-rule temporal-leaf-xxhash-darwin-arm64 github.com/cespare/xxhash/v2:invalidated pack-rule temporal-leaf-xxhash-darwin-arm64 github.com/klauspost/compress/zstd/internal/xxhash:invalidated], want map[adapter github.com/getsentry/sentry-go@v0.46.0:invalidated pack-rule temporal-leaf-xxhash-darwin-arm64 github.com/cespare/xxhash/v2:invalidated pack-rule temporal-leaf-xxhash-darwin-arm64 github.com/klauspost/compress/zstd/internal/xxhash:invalidated]\n","OutputType":"error"}
{"Time":"2026-10-08T16:22:53.567021773Z","Action":"output","Package":"go.temporal.io/server/tools/gomad3/upgrade/pinimpact","Test":"TestPortableFixturePinDecisions/version_bump","Output":"--- FAIL: TestPortableFixturePinDecisions/version_bump (0.01s)\n","OutputType":"frame"}
{"Time":"2026-10-08T16:22:53.567073439Z","Action":"fail","Package":"go.temporal.io/server/tools/gomad3/upgrade/pinimpact","Test":"TestPortableFixturePinDecisions/version_bump","Elapsed":0.01}
{"Time":"2026-10-08T16:22:53.567158856Z","Action":"run","Package":"go.temporal.io/server/tools/gomad3/upgrade/pinimpact","Test":"TestPortableFixturePinDecisions/changed_sum"}
{"Time":"2026-10-08T16:22:53.567195523Z","Action":"output","Package":"go.temporal.io/server/tools/gomad3/upgrade/pinimpact","Test":"TestPortableFixturePinDecisions/changed_sum","Output":"=== RUN   TestPortableFixturePinDecisions/changed_sum\n","OutputType":"frame"}
{"Time":"2026-10-08T16:22:53.576963898Z","Action":"output","Package":"go.temporal.io/server/tools/gomad3/upgrade/pinimpact","Test":"TestPortableFixturePinDecisions/changed_sum","Output":"    portable_fixtures_test.go:56: reported pins = map[pack-rule temporal-leaf-xxhash-darwin-arm64 github.com/cespare/xxhash/v2:invalidated pack-rule temporal-leaf-xxhash-darwin-arm64 github.com/klauspost/compress/zstd/internal/xxhash:invalidated], want map[adapter github.com/getsentry/sentry-go@v0.46.0:invalidated pack-rule temporal-leaf-xxhash-darwin-arm64 github.com/cespare/xxhash/v2:invalidated pack-rule temporal-leaf-xxhash-darwin-arm64 github.com/klauspost/compress/zstd/internal/xxhash:invalidated]\n","OutputType":"error"}
{"Time":"2026-10-08T16:22:53.577342189Z","Action":"output","Package":"go.temporal.io/server/tools/gomad3/upgrade/pinimpact","Test":"TestPortableFixturePinDecisions/changed_sum","Output":"--- FAIL: TestPortableFixturePinDecisions/changed_sum (0.01s)\n","OutputType":"frame"}
{"Time":"2026-10-08T16:22:53.577431564Z","Action":"fail","Package":"go.temporal.io/server/tools/gomad3/upgrade/pinimpact","Test":"TestPortableFixturePinDecisions/changed_sum","Elapsed":0.01}
{"Time":"2026-10-08T16:22:53.578155064Z","Action":"run","Package":"go.temporal.io/server/tools/gomad3/upgrade/pinimpact","Test":"TestPortableFixturePinDecisions/replacement"}
{"Time":"2026-10-08T16:22:53.578341064Z","Action":"output","Package":"go.temporal.io/server/tools/gomad3/upgrade/pinimpact","Test":"TestPortableFixturePinDecisions/replacement","Output":"=== RUN   TestPortableFixturePinDecisions/replacement\n","OutputType":"frame"}
{"Time":"2026-10-08T16:22:53.600768023Z","Action":"output","Package":"go.temporal.io/server/tools/gomad3/upgrade/pinimpact","Test":"TestPortableFixturePinDecisions/replacement","Output":"    portable_fixtures_test.go:56: reported pins = map[pack-rule temporal-leaf-xxhash-darwin-arm64 github.com/cespare/xxhash/v2:invalidated pack-rule temporal-leaf-xxhash-darwin-arm64 github.com/klauspost/compress/zstd/internal/xxhash:invalidated], want map[adapter github.com/getsentry/sentry-go@v0.46.0:invalidated pack-rule temporal-leaf-xxhash-darwin-arm64 github.com/cespare/xxhash/v2:invalidated pack-rule temporal-leaf-xxhash-darwin-arm64 github.com/klauspost/compress/zstd/internal/xxhash:invalidated]\n","OutputType":"error"}
{"Time":"2026-10-08T16:22:53.606881731Z","Action":"output","Package":"go.temporal.io/server/tools/gomad3/upgrade/pinimpact","Test":"TestPortableFixturePinDecisions/replacement","Output":"--- FAIL: TestPortableFixturePinDecisions/replacement (0.03s)\n","OutputType":"frame"}
{"Time":"2026-10-08T16:22:53.607309481Z","Action":"fail","Package":"go.temporal.io/server/tools/gomad3/upgrade/pinimpact","Test":"TestPortableFixturePinDecisions/replacement","Elapsed":0.03}
{"Time":"2026-10-08T16:22:53.608286856Z","Action":"output","Package":"go.temporal.io/server/tools/gomad3/upgrade/pinimpact","Test":"TestPortableFixturePinDecisions","Output":"--- FAIL: TestPortableFixturePinDecisions (0.07s)\n","OutputType":"frame"}
{"Time":"2026-10-08T16:22:53.608791856Z","Action":"fail","Package":"go.temporal.io/server/tools/gomad3/upgrade/pinimpact","Test":"TestPortableFixturePinDecisions","Elapsed":0.07}
{"Time":"2026-10-08T16:22:53.608919939Z","Action":"output","Package":"go.temporal.io/server/tools/gomad3/upgrade/pinimpact","Output":"FAIL\n","OutputType":"frame"}
{"Time":"2026-10-08T16:22:53.609163773Z","Action":"output","Package":"go.temporal.io/server/tools/gomad3/upgrade/pinimpact","Output":"FAIL\tgo.temporal.io/server/tools/gomad3/upgrade/pinimpact\t0.080s\n","OutputType":"frame"}
{"Time":"2026-10-08T16:22:53.609331064Z","Action":"fail","Package":"go.temporal.io/server/tools/gomad3/upgrade/pinimpact","Elapsed":0.081}
