{"Time":"2026-10-08T16:31:02.335685464Z","Action":"start","Package":"go.temporal.io/server/tools/gomad3/cmd/gomadtool"}
{"Time":"2026-10-08T16:31:02.352644339Z","Action":"run","Package":"go.temporal.io/server/tools/gomad3/cmd/gomadtool","Test":"TestRunPinImpactDiagnosticFailuresPreservePrimaryStatus"}
{"Time":"2026-10-08T16:31:02.352776881Z","Action":"output","Package":"go.temporal.io/server/tools/gomad3/cmd/gomadtool","Test":"TestRunPinImpactDiagnosticFailuresPreservePrimaryStatus","Output":"=== RUN   TestRunPinImpactDiagnosticFailuresPreservePrimaryStatus\n","OutputType":"frame"}
{"Time":"2026-10-08T16:31:02.355909006Z","Action":"run","Package":"go.temporal.io/server/tools/gomad3/cmd/gomadtool","Test":"TestRunPinImpactDiagnosticFailuresPreservePrimaryStatus/unknown_flag"}
{"Time":"2026-10-08T16:31:02.356675131Z","Action":"output","Package":"go.temporal.io/server/tools/gomad3/cmd/gomadtool","Test":"TestRunPinImpactDiagnosticFailuresPreservePrimaryStatus/unknown_flag","Output":"=== RUN   TestRunPinImpactDiagnosticFailuresPreservePrimaryStatus/unknown_flag\n","OutputType":"frame"}
{"Time":"2026-10-08T16:31:02.358734381Z","Action":"output","Package":"go.temporal.io/server/tools/gomad3/cmd/gomadtool","Test":"TestRunPinImpactDiagnosticFailuresPreservePrimaryStatus/unknown_flag","Output":"--- PASS: TestRunPinImpactDiagnosticFailuresPreservePrimaryStatus/unknown_flag (0.00s)\n","OutputType":"frame"}
{"Time":"2026-10-08T16:31:02.358866089Z","Action":"pass","Package":"go.temporal.io/server/tools/gomad3/cmd/gomadtool","Test":"TestRunPinImpactDiagnosticFailuresPreservePrimaryStatus/unknown_flag","Elapsed":0}
{"Time":"2026-10-08T16:31:02.359024797Z","Action":"run","Package":"go.temporal.io/server/tools/gomad3/cmd/gomadtool","Test":"TestRunPinImpactDiagnosticFailuresPreservePrimaryStatus/help"}
{"Time":"2026-10-08T16:31:02.359069922Z","Action":"output","Package":"go.temporal.io/server/tools/gomad3/cmd/gomadtool","Test":"TestRunPinImpactDiagnosticFailuresPreservePrimaryStatus/help","Output":"=== RUN   TestRunPinImpactDiagnosticFailuresPreservePrimaryStatus/help\n","OutputType":"frame"}
{"Time":"2026-10-08T16:31:02.360077672Z","Action":"output","Package":"go.temporal.io/server/tools/gomad3/cmd/gomadtool","Test":"TestRunPinImpactDiagnosticFailuresPreservePrimaryStatus/help","Output":"--- PASS: TestRunPinImpactDiagnosticFailuresPreservePrimaryStatus/help (0.00s)\n","OutputType":"frame"}
{"Time":"2026-10-08T16:31:02.360218922Z","Action":"pass","Package":"go.temporal.io/server/tools/gomad3/cmd/gomadtool","Test":"TestRunPinImpactDiagnosticFailuresPreservePrimaryStatus/help","Elapsed":0}
{"Time":"2026-10-08T16:31:02.360299256Z","Action":"run","Package":"go.temporal.io/server/tools/gomad3/cmd/gomadtool","Test":"TestRunPinImpactDiagnosticFailuresPreservePrimaryStatus/positional_argument"}
{"Time":"2026-10-08T16:31:02.360447922Z","Action":"output","Package":"go.temporal.io/server/tools/gomad3/cmd/gomadtool","Test":"TestRunPinImpactDiagnosticFailuresPreservePrimaryStatus/positional_argument","Output":"=== RUN   TestRunPinImpactDiagnosticFailuresPreservePrimaryStatus/positional_argument\n","OutputType":"frame"}
{"Time":"2026-10-08T16:31:02.361184714Z","Action":"output","Package":"go.temporal.io/server/tools/gomad3/cmd/gomadtool","Test":"TestRunPinImpactDiagnosticFailuresPreservePrimaryStatus/positional_argument","Output":"--- PASS: TestRunPinImpactDiagnosticFailuresPreservePrimaryStatus/positional_argument (0.00s)\n","OutputType":"frame"}
{"Time":"2026-10-08T16:31:02.361237964Z","Action":"pass","Package":"go.temporal.io/server/tools/gomad3/cmd/gomadtool","Test":"TestRunPinImpactDiagnosticFailuresPreservePrimaryStatus/positional_argument","Elapsed":0}
{"Time":"2026-10-08T16:31:02.361397172Z","Action":"run","Package":"go.temporal.io/server/tools/gomad3/cmd/gomadtool","Test":"TestRunPinImpactDiagnosticFailuresPreservePrimaryStatus/unknown_format"}
{"Time":"2026-10-08T16:31:02.361447131Z","Action":"output","Package":"go.temporal.io/server/tools/gomad3/cmd/gomadtool","Test":"TestRunPinImpactDiagnosticFailuresPreservePrimaryStatus/unknown_format","Output":"=== RUN   TestRunPinImpactDiagnosticFailuresPreservePrimaryStatus/unknown_format\n","OutputType":"frame"}
{"Time":"2026-10-08T16:31:02.362338881Z","Action":"output","Package":"go.temporal.io/server/tools/gomad3/cmd/gomadtool","Test":"TestRunPinImpactDiagnosticFailuresPreservePrimaryStatus/unknown_format","Output":"--- PASS: TestRunPinImpactDiagnosticFailuresPreservePrimaryStatus/unknown_format (0.00s)\n","OutputType":"frame"}
{"Time":"2026-10-08T16:31:02.362387506Z","Action":"pass","Package":"go.temporal.io/server/tools/gomad3/cmd/gomadtool","Test":"TestRunPinImpactDiagnosticFailuresPreservePrimaryStatus/unknown_format","Elapsed":0}
{"Time":"2026-10-08T16:31:02.362434589Z","Action":"run","Package":"go.temporal.io/server/tools/gomad3/cmd/gomadtool","Test":"TestRunPinImpactDiagnosticFailuresPreservePrimaryStatus/both_baseline_flags"}
{"Time":"2026-10-08T16:31:02.362463214Z","Action":"output","Package":"go.temporal.io/server/tools/gomad3/cmd/gomadtool","Test":"TestRunPinImpactDiagnosticFailuresPreservePrimaryStatus/both_baseline_flags","Output":"=== RUN   TestRunPinImpactDiagnosticFailuresPreservePrimaryStatus/both_baseline_flags\n","OutputType":"frame"}
{"Time":"2026-10-08T16:31:02.363165131Z","Action":"output","Package":"go.temporal.io/server/tools/gomad3/cmd/gomadtool","Test":"TestRunPinImpactDiagnosticFailuresPreservePrimaryStatus/both_baseline_flags","Output":"--- PASS: TestRunPinImpactDiagnosticFailuresPreservePrimaryStatus/both_baseline_flags (0.00s)\n","OutputType":"frame"}
{"Time":"2026-10-08T16:31:02.363205714Z","Action":"pass","Package":"go.temporal.io/server/tools/gomad3/cmd/gomadtool","Test":"TestRunPinImpactDiagnosticFailuresPreservePrimaryStatus/both_baseline_flags","Elapsed":0}
{"Time":"2026-10-08T16:31:02.363231589Z","Action":"run","Package":"go.temporal.io/server/tools/gomad3/cmd/gomadtool","Test":"TestRunPinImpactDiagnosticFailuresPreservePrimaryStatus/partial_file_arguments"}
{"Time":"2026-10-08T16:31:02.363257297Z","Action":"output","Package":"go.temporal.io/server/tools/gomad3/cmd/gomadtool","Test":"TestRunPinImpactDiagnosticFailuresPreservePrimaryStatus/partial_file_arguments","Output":"=== RUN   TestRunPinImpactDiagnosticFailuresPreservePrimaryStatus/partial_file_arguments\n","OutputType":"frame"}
{"Time":"2026-10-08T16:31:02.363946839Z","Action":"output","Package":"go.temporal.io/server/tools/gomad3/cmd/gomadtool","Test":"TestRunPinImpactDiagnosticFailuresPreservePrimaryStatus/partial_file_arguments","Output":"--- PASS: TestRunPinImpactDiagnosticFailuresPreservePrimaryStatus/partial_file_arguments (0.00s)\n","OutputType":"frame"}
{"Time":"2026-10-08T16:31:02.363992506Z","Action":"pass","Package":"go.temporal.io/server/tools/gomad3/cmd/gomadtool","Test":"TestRunPinImpactDiagnosticFailuresPreservePrimaryStatus/partial_file_arguments","Elapsed":0}
{"Time":"2026-10-08T16:31:02.364021964Z","Action":"run","Package":"go.temporal.io/server/tools/gomad3/cmd/gomadtool","Test":"TestRunPinImpactDiagnosticFailuresPreservePrimaryStatus/mixed_file_arguments"}
{"Time":"2026-10-08T16:31:02.364061131Z","Action":"output","Package":"go.temporal.io/server/tools/gomad3/cmd/gomadtool","Test":"TestRunPinImpactDiagnosticFailuresPreservePrimaryStatus/mixed_file_arguments","Output":"=== RUN   TestRunPinImpactDiagnosticFailuresPreservePrimaryStatus/mixed_file_arguments\n","OutputType":"frame"}
{"Time":"2026-10-08T16:31:02.364931214Z","Action":"output","Package":"go.temporal.io/server/tools/gomad3/cmd/gomadtool","Test":"TestRunPinImpactDiagnosticFailuresPreservePrimaryStatus/mixed_file_arguments","Output":"--- PASS: TestRunPinImpactDiagnosticFailuresPreservePrimaryStatus/mixed_file_arguments (0.00s)\n","OutputType":"frame"}
{"Time":"2026-10-08T16:31:02.364971214Z","Action":"pass","Package":"go.temporal.io/server/tools/gomad3/cmd/gomadtool","Test":"TestRunPinImpactDiagnosticFailuresPreservePrimaryStatus/mixed_file_arguments","Elapsed":0}
{"Time":"2026-10-08T16:31:02.365006714Z","Action":"run","Package":"go.temporal.io/server/tools/gomad3/cmd/gomadtool","Test":"TestRunPinImpactDiagnosticFailuresPreservePrimaryStatus/missing_candidate"}
{"Time":"2026-10-08T16:31:02.365043297Z","Action":"output","Package":"go.temporal.io/server/tools/gomad3/cmd/gomadtool","Test":"TestRunPinImpactDiagnosticFailuresPreservePrimaryStatus/missing_candidate","Output":"=== RUN   TestRunPinImpactDiagnosticFailuresPreservePrimaryStatus/missing_candidate\n","OutputType":"frame"}
{"Time":"2026-10-08T16:31:02.365961506Z","Action":"output","Package":"go.temporal.io/server/tools/gomad3/cmd/gomadtool","Test":"TestRunPinImpactDiagnosticFailuresPreservePrimaryStatus/missing_candidate","Output":"--- PASS: TestRunPinImpactDiagnosticFailuresPreservePrimaryStatus/missing_candidate (0.00s)\n","OutputType":"frame"}
{"Time":"2026-10-08T16:31:02.366026547Z","Action":"pass","Package":"go.temporal.io/server/tools/gomad3/cmd/gomadtool","Test":"TestRunPinImpactDiagnosticFailuresPreservePrimaryStatus/missing_candidate","Elapsed":0}
{"Time":"2026-10-08T16:31:02.366061589Z","Action":"run","Package":"go.temporal.io/server/tools/gomad3/cmd/gomadtool","Test":"TestRunPinImpactDiagnosticFailuresPreservePrimaryStatus/missing_baseline"}
{"Time":"2026-10-08T16:31:02.366121172Z","Action":"output","Package":"go.temporal.io/server/tools/gomad3/cmd/gomadtool","Test":"TestRunPinImpactDiagnosticFailuresPreservePrimaryStatus/missing_baseline","Output":"=== RUN   TestRunPinImpactDiagnosticFailuresPreservePrimaryStatus/missing_baseline\n","OutputType":"frame"}
{"Time":"2026-10-08T16:31:02.367611672Z","Action":"output","Package":"go.temporal.io/server/tools/gomad3/cmd/gomadtool","Test":"TestRunPinImpactDiagnosticFailuresPreservePrimaryStatus/missing_baseline","Output":"--- PASS: TestRunPinImpactDiagnosticFailuresPreservePrimaryStatus/missing_baseline (0.00s)\n","OutputType":"frame"}
{"Time":"2026-10-08T16:31:02.367635422Z","Action":"pass","Package":"go.temporal.io/server/tools/gomad3/cmd/gomadtool","Test":"TestRunPinImpactDiagnosticFailuresPreservePrimaryStatus/missing_baseline","Elapsed":0}
{"Time":"2026-10-08T16:31:02.367658381Z","Action":"run","Package":"go.temporal.io/server/tools/gomad3/cmd/gomadtool","Test":"TestRunPinImpactDiagnosticFailuresPreservePrimaryStatus/malformed_candidate"}
{"Time":"2026-10-08T16:31:02.367682339Z","Action":"output","Package":"go.temporal.io/server/tools/gomad3/cmd/gomadtool","Test":"TestRunPinImpactDiagnosticFailuresPreservePrimaryStatus/malformed_candidate","Output":"=== RUN   TestRunPinImpactDiagnosticFailuresPreservePrimaryStatus/malformed_candidate\n","OutputType":"frame"}
{"Time":"2026-10-08T16:31:02.403657422Z","Action":"output","Package":"go.temporal.io/server/tools/gomad3/cmd/gomadtool","Test":"TestRunPinImpactDiagnosticFailuresPreservePrimaryStatus/malformed_candidate","Output":"--- PASS: TestRunPinImpactDiagnosticFailuresPreservePrimaryStatus/malformed_candidate (0.04s)\n","OutputType":"frame"}
{"Time":"2026-10-08T16:31:02.403713797Z","Action":"pass","Package":"go.temporal.io/server/tools/gomad3/cmd/gomadtool","Test":"TestRunPinImpactDiagnosticFailuresPreservePrimaryStatus/malformed_candidate","Elapsed":0.04}
{"Time":"2026-10-08T16:31:02.403747172Z","Action":"run","Package":"go.temporal.io/server/tools/gomad3/cmd/gomadtool","Test":"TestRunPinImpactDiagnosticFailuresPreservePrimaryStatus/missing_go_command"}
{"Time":"2026-10-08T16:31:02.403769131Z","Action":"output","Package":"go.temporal.io/server/tools/gomad3/cmd/gomadtool","Test":"TestRunPinImpactDiagnosticFailuresPreservePrimaryStatus/missing_go_command","Output":"=== RUN   TestRunPinImpactDiagnosticFailuresPreservePrimaryStatus/missing_go_command\n","OutputType":"frame"}
{"Time":"2026-10-08T16:31:02.405448881Z","Action":"output","Package":"go.temporal.io/server/tools/gomad3/cmd/gomadtool","Test":"TestRunPinImpactDiagnosticFailuresPreservePrimaryStatus/missing_go_command","Output":"--- PASS: TestRunPinImpactDiagnosticFailuresPreservePrimaryStatus/missing_go_command (0.00s)\n","OutputType":"frame"}
{"Time":"2026-10-08T16:31:02.405488881Z","Action":"pass","Package":"go.temporal.io/server/tools/gomad3/cmd/gomadtool","Test":"TestRunPinImpactDiagnosticFailuresPreservePrimaryStatus/missing_go_command","Elapsed":0}
{"Time":"2026-10-08T16:31:02.405563964Z","Action":"run","Package":"go.temporal.io/server/tools/gomad3/cmd/gomadtool","Test":"TestRunPinImpactDiagnosticFailuresPreservePrimaryStatus/unreachable_proxy"}
{"Time":"2026-10-08T16:31:02.405599547Z","Action":"output","Package":"go.temporal.io/server/tools/gomad3/cmd/gomadtool","Test":"TestRunPinImpactDiagnosticFailuresPreservePrimaryStatus/unreachable_proxy","Output":"=== RUN   TestRunPinImpactDiagnosticFailuresPreservePrimaryStatus/unreachable_proxy\n","OutputType":"frame"}
{"Time":"2026-10-08T16:31:02.453579922Z","Action":"output","Package":"go.temporal.io/server/tools/gomad3/cmd/gomadtool","Test":"TestRunPinImpactDiagnosticFailuresPreservePrimaryStatus/unreachable_proxy","Output":"--- PASS: TestRunPinImpactDiagnosticFailuresPreservePrimaryStatus/unreachable_proxy (0.05s)\n","OutputType":"frame"}
{"Time":"2026-10-08T16:31:02.453635047Z","Action":"pass","Package":"go.temporal.io/server/tools/gomad3/cmd/gomadtool","Test":"TestRunPinImpactDiagnosticFailuresPreservePrimaryStatus/unreachable_proxy","Elapsed":0.05}
{"Time":"2026-10-08T16:31:02.453652464Z","Action":"run","Package":"go.temporal.io/server/tools/gomad3/cmd/gomadtool","Test":"TestRunPinImpactDiagnosticFailuresPreservePrimaryStatus/module_publication"}
{"Time":"2026-10-08T16:31:02.453664506Z","Action":"output","Package":"go.temporal.io/server/tools/gomad3/cmd/gomadtool","Test":"TestRunPinImpactDiagnosticFailuresPreservePrimaryStatus/module_publication","Output":"=== RUN   TestRunPinImpactDiagnosticFailuresPreservePrimaryStatus/module_publication\n","OutputType":"frame"}
{"Time":"2026-10-08T16:31:02.501727714Z","Action":"output","Package":"go.temporal.io/server/tools/gomad3/cmd/gomadtool","Test":"TestRunPinImpactDiagnosticFailuresPreservePrimaryStatus/module_publication","Output":"    pin_impact_diagnostics_test.go:81: stderr = \"publish replacement: rename /Users/stephan/Workspace/skunkworks/.gomad-source-gates-UsyTMX/TestRunPinImpactDiagnosticFailuresPreservePrimaryStatus1080413267/.safefile-638657772 /Users/stephan/Workspace/skunkworks/.gomad-source-gates-UsyTMX/TestRunPinImpactDiagnosticFailuresPreservePrimaryStatus1080413267/002: file exists\\n\", want \"directory\"\n","OutputType":"error"}
{"Time":"2026-10-08T16:31:02.501785839Z","Action":"output","Package":"go.temporal.io/server/tools/gomad3/cmd/gomadtool","Test":"TestRunPinImpactDiagnosticFailuresPreservePrimaryStatus/module_publication","Output":"--- FAIL: TestRunPinImpactDiagnosticFailuresPreservePrimaryStatus/module_publication (0.05s)\n","OutputType":"frame"}
{"Time":"2026-10-08T16:31:02.501842589Z","Action":"fail","Package":"go.temporal.io/server/tools/gomad3/cmd/gomadtool","Test":"TestRunPinImpactDiagnosticFailuresPreservePrimaryStatus/module_publication","Elapsed":0.05}
{"Time":"2026-10-08T16:31:02.501868589Z","Action":"run","Package":"go.temporal.io/server/tools/gomad3/cmd/gomadtool","Test":"TestRunPinImpactDiagnosticFailuresPreservePrimaryStatus/module_stdout"}
{"Time":"2026-10-08T16:31:02.501882798Z","Action":"output","Package":"go.temporal.io/server/tools/gomad3/cmd/gomadtool","Test":"TestRunPinImpactDiagnosticFailuresPreservePrimaryStatus/module_stdout","Output":"=== RUN   TestRunPinImpactDiagnosticFailuresPreservePrimaryStatus/module_stdout\n","OutputType":"frame"}
{"Time":"2026-10-08T16:31:02.540023673Z","Action":"output","Package":"go.temporal.io/server/tools/gomad3/cmd/gomadtool","Test":"TestRunPinImpactDiagnosticFailuresPreservePrimaryStatus/module_stdout","Output":"    pin_impact_diagnostics_test.go:81: stderr = \"\", want \"bad file descriptor\"\n","OutputType":"error"}
{"Time":"2026-10-08T16:31:02.540480173Z","Action":"output","Package":"go.temporal.io/server/tools/gomad3/cmd/gomadtool","Test":"TestRunPinImpactDiagnosticFailuresPreservePrimaryStatus/module_stdout","Output":"--- FAIL: TestRunPinImpactDiagnosticFailuresPreservePrimaryStatus/module_stdout (0.04s)\n","OutputType":"frame"}
{"Time":"2026-10-08T16:31:02.540697506Z","Action":"fail","Package":"go.temporal.io/server/tools/gomad3/cmd/gomadtool","Test":"TestRunPinImpactDiagnosticFailuresPreservePrimaryStatus/module_stdout","Elapsed":0.04}
{"Time":"2026-10-08T16:31:02.540803548Z","Action":"run","Package":"go.temporal.io/server/tools/gomad3/cmd/gomadtool","Test":"TestRunPinImpactDiagnosticFailuresPreservePrimaryStatus/file_malformed_candidate"}
{"Time":"2026-10-08T16:31:02.540827214Z","Action":"output","Package":"go.temporal.io/server/tools/gomad3/cmd/gomadtool","Test":"TestRunPinImpactDiagnosticFailuresPreservePrimaryStatus/file_malformed_candidate","Output":"=== RUN   TestRunPinImpactDiagnosticFailuresPreservePrimaryStatus/file_malformed_candidate\n","OutputType":"frame"}
{"Time":"2026-10-08T16:31:02.576051631Z","Action":"output","Package":"go.temporal.io/server/tools/gomad3/cmd/gomadtool","Test":"TestRunPinImpactDiagnosticFailuresPreservePrimaryStatus/file_malformed_candidate","Output":"--- PASS: TestRunPinImpactDiagnosticFailuresPreservePrimaryStatus/file_malformed_candidate (0.04s)\n","OutputType":"frame"}
{"Time":"2026-10-08T16:31:02.576562423Z","Action":"pass","Package":"go.temporal.io/server/tools/gomad3/cmd/gomadtool","Test":"TestRunPinImpactDiagnosticFailuresPreservePrimaryStatus/file_malformed_candidate","Elapsed":0.04}
{"Time":"2026-10-08T16:31:02.576609798Z","Action":"run","Package":"go.temporal.io/server/tools/gomad3/cmd/gomadtool","Test":"TestRunPinImpactDiagnosticFailuresPreservePrimaryStatus/file_publication"}
{"Time":"2026-10-08T16:31:02.576636798Z","Action":"output","Package":"go.temporal.io/server/tools/gomad3/cmd/gomadtool","Test":"TestRunPinImpactDiagnosticFailuresPreservePrimaryStatus/file_publication","Output":"=== RUN   TestRunPinImpactDiagnosticFailuresPreservePrimaryStatus/file_publication\n","OutputType":"frame"}
{"Time":"2026-10-08T16:31:02.602777964Z","Action":"output","Package":"go.temporal.io/server/tools/gomad3/cmd/gomadtool","Test":"TestRunPinImpactDiagnosticFailuresPreservePrimaryStatus/file_publication","Output":"    pin_impact_diagnostics_test.go:81: stderr = \"publish replacement: rename /Users/stephan/Workspace/skunkworks/.gomad-source-gates-UsyTMX/TestRunPinImpactDiagnosticFailuresPreservePrimaryStatus1080413267/.safefile-44399531 /Users/stephan/Workspace/skunkworks/.gomad-source-gates-UsyTMX/TestRunPinImpactDiagnosticFailuresPreservePrimaryStatus1080413267/002: file exists\\n\", want \"directory\"\n","OutputType":"error"}
{"Time":"2026-10-08T16:31:02.602839923Z","Action":"output","Package":"go.temporal.io/server/tools/gomad3/cmd/gomadtool","Test":"TestRunPinImpactDiagnosticFailuresPreservePrimaryStatus/file_publication","Output":"--- FAIL: TestRunPinImpactDiagnosticFailuresPreservePrimaryStatus/file_publication (0.03s)\n","OutputType":"frame"}
{"Time":"2026-10-08T16:31:02.602918714Z","Action":"fail","Package":"go.temporal.io/server/tools/gomad3/cmd/gomadtool","Test":"TestRunPinImpactDiagnosticFailuresPreservePrimaryStatus/file_publication","Elapsed":0.03}
{"Time":"2026-10-08T16:31:02.602950589Z","Action":"run","Package":"go.temporal.io/server/tools/gomad3/cmd/gomadtool","Test":"TestRunPinImpactDiagnosticFailuresPreservePrimaryStatus/file_stdout"}
{"Time":"2026-10-08T16:31:02.603005673Z","Action":"output","Package":"go.temporal.io/server/tools/gomad3/cmd/gomadtool","Test":"TestRunPinImpactDiagnosticFailuresPreservePrimaryStatus/file_stdout","Output":"=== RUN   TestRunPinImpactDiagnosticFailuresPreservePrimaryStatus/file_stdout\n","OutputType":"frame"}
{"Time":"2026-10-08T16:31:02.656221256Z","Action":"output","Package":"go.temporal.io/server/tools/gomad3/cmd/gomadtool","Test":"TestRunPinImpactDiagnosticFailuresPreservePrimaryStatus/file_stdout","Output":"--- PASS: TestRunPinImpactDiagnosticFailuresPreservePrimaryStatus/file_stdout (0.05s)\n","OutputType":"frame"}
{"Time":"2026-10-08T16:31:02.656278464Z","Action":"pass","Package":"go.temporal.io/server/tools/gomad3/cmd/gomadtool","Test":"TestRunPinImpactDiagnosticFailuresPreservePrimaryStatus/file_stdout","Elapsed":0.05}
{"Time":"2026-10-08T16:31:02.657357006Z","Action":"output","Package":"go.temporal.io/server/tools/gomad3/cmd/gomadtool","Test":"TestRunPinImpactDiagnosticFailuresPreservePrimaryStatus","Output":"--- FAIL: TestRunPinImpactDiagnosticFailuresPreservePrimaryStatus (0.30s)\n","OutputType":"frame"}
{"Time":"2026-10-08T16:31:02.657724631Z","Action":"fail","Package":"go.temporal.io/server/tools/gomad3/cmd/gomadtool","Test":"TestRunPinImpactDiagnosticFailuresPreservePrimaryStatus","Elapsed":0.3}
{"Time":"2026-10-08T16:31:02.657754006Z","Action":"output","Package":"go.temporal.io/server/tools/gomad3/cmd/gomadtool","Output":"FAIL\n","OutputType":"frame"}
{"Time":"2026-10-08T16:31:02.659598173Z","Action":"output","Package":"go.temporal.io/server/tools/gomad3/cmd/gomadtool","Output":"FAIL\tgo.temporal.io/server/tools/gomad3/cmd/gomadtool\t0.323s\n","OutputType":"frame"}
{"Time":"2026-10-08T16:31:02.659626381Z","Action":"fail","Package":"go.temporal.io/server/tools/gomad3/cmd/gomadtool","Elapsed":0.324}
