{"Time":"2026-10-08T16:33:13.152942901Z","Action":"start","Package":"go.temporal.io/server/tools/gomad3/cmd/gomadtool"}
{"Time":"2026-10-08T16:33:13.160485151Z","Action":"run","Package":"go.temporal.io/server/tools/gomad3/cmd/gomadtool","Test":"TestRunPinImpactDiagnosticFailuresPreservePrimaryStatus"}
{"Time":"2026-10-08T16:33:13.160593235Z","Action":"output","Package":"go.temporal.io/server/tools/gomad3/cmd/gomadtool","Test":"TestRunPinImpactDiagnosticFailuresPreservePrimaryStatus","Output":"=== RUN   TestRunPinImpactDiagnosticFailuresPreservePrimaryStatus\n","OutputType":"frame"}
{"Time":"2026-10-08T16:33:13.162503651Z","Action":"run","Package":"go.temporal.io/server/tools/gomad3/cmd/gomadtool","Test":"TestRunPinImpactDiagnosticFailuresPreservePrimaryStatus/unknown_flag"}
{"Time":"2026-10-08T16:33:13.162528901Z","Action":"output","Package":"go.temporal.io/server/tools/gomad3/cmd/gomadtool","Test":"TestRunPinImpactDiagnosticFailuresPreservePrimaryStatus/unknown_flag","Output":"=== RUN   TestRunPinImpactDiagnosticFailuresPreservePrimaryStatus/unknown_flag\n","OutputType":"frame"}
{"Time":"2026-10-08T16:33:13.163212026Z","Action":"output","Package":"go.temporal.io/server/tools/gomad3/cmd/gomadtool","Test":"TestRunPinImpactDiagnosticFailuresPreservePrimaryStatus/unknown_flag","Output":"--- PASS: TestRunPinImpactDiagnosticFailuresPreservePrimaryStatus/unknown_flag (0.00s)\n","OutputType":"frame"}
{"Time":"2026-10-08T16:33:13.163235443Z","Action":"pass","Package":"go.temporal.io/server/tools/gomad3/cmd/gomadtool","Test":"TestRunPinImpactDiagnosticFailuresPreservePrimaryStatus/unknown_flag","Elapsed":0}
{"Time":"2026-10-08T16:33:13.163251485Z","Action":"run","Package":"go.temporal.io/server/tools/gomad3/cmd/gomadtool","Test":"TestRunPinImpactDiagnosticFailuresPreservePrimaryStatus/help"}
{"Time":"2026-10-08T16:33:13.163264735Z","Action":"output","Package":"go.temporal.io/server/tools/gomad3/cmd/gomadtool","Test":"TestRunPinImpactDiagnosticFailuresPreservePrimaryStatus/help","Output":"=== RUN   TestRunPinImpactDiagnosticFailuresPreservePrimaryStatus/help\n","OutputType":"frame"}
{"Time":"2026-10-08T16:33:13.163865693Z","Action":"output","Package":"go.temporal.io/server/tools/gomad3/cmd/gomadtool","Test":"TestRunPinImpactDiagnosticFailuresPreservePrimaryStatus/help","Output":"--- PASS: TestRunPinImpactDiagnosticFailuresPreservePrimaryStatus/help (0.00s)\n","OutputType":"frame"}
{"Time":"2026-10-08T16:33:13.163890193Z","Action":"pass","Package":"go.temporal.io/server/tools/gomad3/cmd/gomadtool","Test":"TestRunPinImpactDiagnosticFailuresPreservePrimaryStatus/help","Elapsed":0}
{"Time":"2026-10-08T16:33:13.163902735Z","Action":"run","Package":"go.temporal.io/server/tools/gomad3/cmd/gomadtool","Test":"TestRunPinImpactDiagnosticFailuresPreservePrimaryStatus/positional_argument"}
{"Time":"2026-10-08T16:33:13.163945276Z","Action":"output","Package":"go.temporal.io/server/tools/gomad3/cmd/gomadtool","Test":"TestRunPinImpactDiagnosticFailuresPreservePrimaryStatus/positional_argument","Output":"=== RUN   TestRunPinImpactDiagnosticFailuresPreservePrimaryStatus/positional_argument\n","OutputType":"frame"}
{"Time":"2026-10-08T16:33:13.164588151Z","Action":"output","Package":"go.temporal.io/server/tools/gomad3/cmd/gomadtool","Test":"TestRunPinImpactDiagnosticFailuresPreservePrimaryStatus/positional_argument","Output":"--- PASS: TestRunPinImpactDiagnosticFailuresPreservePrimaryStatus/positional_argument (0.00s)\n","OutputType":"frame"}
{"Time":"2026-10-08T16:33:13.16462561Z","Action":"pass","Package":"go.temporal.io/server/tools/gomad3/cmd/gomadtool","Test":"TestRunPinImpactDiagnosticFailuresPreservePrimaryStatus/positional_argument","Elapsed":0}
{"Time":"2026-10-08T16:33:13.164651651Z","Action":"run","Package":"go.temporal.io/server/tools/gomad3/cmd/gomadtool","Test":"TestRunPinImpactDiagnosticFailuresPreservePrimaryStatus/unknown_format"}
{"Time":"2026-10-08T16:33:13.164674818Z","Action":"output","Package":"go.temporal.io/server/tools/gomad3/cmd/gomadtool","Test":"TestRunPinImpactDiagnosticFailuresPreservePrimaryStatus/unknown_format","Output":"=== RUN   TestRunPinImpactDiagnosticFailuresPreservePrimaryStatus/unknown_format\n","OutputType":"frame"}
{"Time":"2026-10-08T16:33:13.165277235Z","Action":"output","Package":"go.temporal.io/server/tools/gomad3/cmd/gomadtool","Test":"TestRunPinImpactDiagnosticFailuresPreservePrimaryStatus/unknown_format","Output":"--- PASS: TestRunPinImpactDiagnosticFailuresPreservePrimaryStatus/unknown_format (0.00s)\n","OutputType":"frame"}
{"Time":"2026-10-08T16:33:13.165295318Z","Action":"pass","Package":"go.temporal.io/server/tools/gomad3/cmd/gomadtool","Test":"TestRunPinImpactDiagnosticFailuresPreservePrimaryStatus/unknown_format","Elapsed":0}
{"Time":"2026-10-08T16:33:13.165306235Z","Action":"run","Package":"go.temporal.io/server/tools/gomad3/cmd/gomadtool","Test":"TestRunPinImpactDiagnosticFailuresPreservePrimaryStatus/both_baseline_flags"}
{"Time":"2026-10-08T16:33:13.16532086Z","Action":"output","Package":"go.temporal.io/server/tools/gomad3/cmd/gomadtool","Test":"TestRunPinImpactDiagnosticFailuresPreservePrimaryStatus/both_baseline_flags","Output":"=== RUN   TestRunPinImpactDiagnosticFailuresPreservePrimaryStatus/both_baseline_flags\n","OutputType":"frame"}
{"Time":"2026-10-08T16:33:13.16609486Z","Action":"output","Package":"go.temporal.io/server/tools/gomad3/cmd/gomadtool","Test":"TestRunPinImpactDiagnosticFailuresPreservePrimaryStatus/both_baseline_flags","Output":"--- PASS: TestRunPinImpactDiagnosticFailuresPreservePrimaryStatus/both_baseline_flags (0.00s)\n","OutputType":"frame"}
{"Time":"2026-10-08T16:33:13.16613211Z","Action":"pass","Package":"go.temporal.io/server/tools/gomad3/cmd/gomadtool","Test":"TestRunPinImpactDiagnosticFailuresPreservePrimaryStatus/both_baseline_flags","Elapsed":0}
{"Time":"2026-10-08T16:33:13.166179068Z","Action":"run","Package":"go.temporal.io/server/tools/gomad3/cmd/gomadtool","Test":"TestRunPinImpactDiagnosticFailuresPreservePrimaryStatus/partial_file_arguments"}
{"Time":"2026-10-08T16:33:13.166198443Z","Action":"output","Package":"go.temporal.io/server/tools/gomad3/cmd/gomadtool","Test":"TestRunPinImpactDiagnosticFailuresPreservePrimaryStatus/partial_file_arguments","Output":"=== RUN   TestRunPinImpactDiagnosticFailuresPreservePrimaryStatus/partial_file_arguments\n","OutputType":"frame"}
{"Time":"2026-10-08T16:33:13.166757401Z","Action":"output","Package":"go.temporal.io/server/tools/gomad3/cmd/gomadtool","Test":"TestRunPinImpactDiagnosticFailuresPreservePrimaryStatus/partial_file_arguments","Output":"--- PASS: TestRunPinImpactDiagnosticFailuresPreservePrimaryStatus/partial_file_arguments (0.00s)\n","OutputType":"frame"}
{"Time":"2026-10-08T16:33:13.166784943Z","Action":"pass","Package":"go.temporal.io/server/tools/gomad3/cmd/gomadtool","Test":"TestRunPinImpactDiagnosticFailuresPreservePrimaryStatus/partial_file_arguments","Elapsed":0}
{"Time":"2026-10-08T16:33:13.16681811Z","Action":"run","Package":"go.temporal.io/server/tools/gomad3/cmd/gomadtool","Test":"TestRunPinImpactDiagnosticFailuresPreservePrimaryStatus/mixed_file_arguments"}
{"Time":"2026-10-08T16:33:13.166835526Z","Action":"output","Package":"go.temporal.io/server/tools/gomad3/cmd/gomadtool","Test":"TestRunPinImpactDiagnosticFailuresPreservePrimaryStatus/mixed_file_arguments","Output":"=== RUN   TestRunPinImpactDiagnosticFailuresPreservePrimaryStatus/mixed_file_arguments\n","OutputType":"frame"}
{"Time":"2026-10-08T16:33:13.167463526Z","Action":"output","Package":"go.temporal.io/server/tools/gomad3/cmd/gomadtool","Test":"TestRunPinImpactDiagnosticFailuresPreservePrimaryStatus/mixed_file_arguments","Output":"--- PASS: TestRunPinImpactDiagnosticFailuresPreservePrimaryStatus/mixed_file_arguments (0.00s)\n","OutputType":"frame"}
{"Time":"2026-10-08T16:33:13.167487318Z","Action":"pass","Package":"go.temporal.io/server/tools/gomad3/cmd/gomadtool","Test":"TestRunPinImpactDiagnosticFailuresPreservePrimaryStatus/mixed_file_arguments","Elapsed":0}
{"Time":"2026-10-08T16:33:13.167505401Z","Action":"run","Package":"go.temporal.io/server/tools/gomad3/cmd/gomadtool","Test":"TestRunPinImpactDiagnosticFailuresPreservePrimaryStatus/missing_candidate"}
{"Time":"2026-10-08T16:33:13.16753361Z","Action":"output","Package":"go.temporal.io/server/tools/gomad3/cmd/gomadtool","Test":"TestRunPinImpactDiagnosticFailuresPreservePrimaryStatus/missing_candidate","Output":"=== RUN   TestRunPinImpactDiagnosticFailuresPreservePrimaryStatus/missing_candidate\n","OutputType":"frame"}
{"Time":"2026-10-08T16:33:13.168189151Z","Action":"output","Package":"go.temporal.io/server/tools/gomad3/cmd/gomadtool","Test":"TestRunPinImpactDiagnosticFailuresPreservePrimaryStatus/missing_candidate","Output":"--- PASS: TestRunPinImpactDiagnosticFailuresPreservePrimaryStatus/missing_candidate (0.00s)\n","OutputType":"frame"}
{"Time":"2026-10-08T16:33:13.16820586Z","Action":"pass","Package":"go.temporal.io/server/tools/gomad3/cmd/gomadtool","Test":"TestRunPinImpactDiagnosticFailuresPreservePrimaryStatus/missing_candidate","Elapsed":0}
{"Time":"2026-10-08T16:33:13.168229693Z","Action":"run","Package":"go.temporal.io/server/tools/gomad3/cmd/gomadtool","Test":"TestRunPinImpactDiagnosticFailuresPreservePrimaryStatus/missing_baseline"}
{"Time":"2026-10-08T16:33:13.168246651Z","Action":"output","Package":"go.temporal.io/server/tools/gomad3/cmd/gomadtool","Test":"TestRunPinImpactDiagnosticFailuresPreservePrimaryStatus/missing_baseline","Output":"=== RUN   TestRunPinImpactDiagnosticFailuresPreservePrimaryStatus/missing_baseline\n","OutputType":"frame"}
{"Time":"2026-10-08T16:33:13.169043651Z","Action":"output","Package":"go.temporal.io/server/tools/gomad3/cmd/gomadtool","Test":"TestRunPinImpactDiagnosticFailuresPreservePrimaryStatus/missing_baseline","Output":"--- PASS: TestRunPinImpactDiagnosticFailuresPreservePrimaryStatus/missing_baseline (0.00s)\n","OutputType":"frame"}
{"Time":"2026-10-08T16:33:13.169063401Z","Action":"pass","Package":"go.temporal.io/server/tools/gomad3/cmd/gomadtool","Test":"TestRunPinImpactDiagnosticFailuresPreservePrimaryStatus/missing_baseline","Elapsed":0}
{"Time":"2026-10-08T16:33:13.169088318Z","Action":"run","Package":"go.temporal.io/server/tools/gomad3/cmd/gomadtool","Test":"TestRunPinImpactDiagnosticFailuresPreservePrimaryStatus/malformed_candidate"}
{"Time":"2026-10-08T16:33:13.16912111Z","Action":"output","Package":"go.temporal.io/server/tools/gomad3/cmd/gomadtool","Test":"TestRunPinImpactDiagnosticFailuresPreservePrimaryStatus/malformed_candidate","Output":"=== RUN   TestRunPinImpactDiagnosticFailuresPreservePrimaryStatus/malformed_candidate\n","OutputType":"frame"}
{"Time":"2026-10-08T16:33:13.185567651Z","Action":"output","Package":"go.temporal.io/server/tools/gomad3/cmd/gomadtool","Test":"TestRunPinImpactDiagnosticFailuresPreservePrimaryStatus/malformed_candidate","Output":"--- PASS: TestRunPinImpactDiagnosticFailuresPreservePrimaryStatus/malformed_candidate (0.02s)\n","OutputType":"frame"}
{"Time":"2026-10-08T16:33:13.18560086Z","Action":"pass","Package":"go.temporal.io/server/tools/gomad3/cmd/gomadtool","Test":"TestRunPinImpactDiagnosticFailuresPreservePrimaryStatus/malformed_candidate","Elapsed":0.02}
{"Time":"2026-10-08T16:33:13.185623693Z","Action":"run","Package":"go.temporal.io/server/tools/gomad3/cmd/gomadtool","Test":"TestRunPinImpactDiagnosticFailuresPreservePrimaryStatus/missing_go_command"}
{"Time":"2026-10-08T16:33:13.185655276Z","Action":"output","Package":"go.temporal.io/server/tools/gomad3/cmd/gomadtool","Test":"TestRunPinImpactDiagnosticFailuresPreservePrimaryStatus/missing_go_command","Output":"=== RUN   TestRunPinImpactDiagnosticFailuresPreservePrimaryStatus/missing_go_command\n","OutputType":"frame"}
{"Time":"2026-10-08T16:33:13.18687086Z","Action":"output","Package":"go.temporal.io/server/tools/gomad3/cmd/gomadtool","Test":"TestRunPinImpactDiagnosticFailuresPreservePrimaryStatus/missing_go_command","Output":"--- PASS: TestRunPinImpactDiagnosticFailuresPreservePrimaryStatus/missing_go_command (0.00s)\n","OutputType":"frame"}
{"Time":"2026-10-08T16:33:13.186897901Z","Action":"pass","Package":"go.temporal.io/server/tools/gomad3/cmd/gomadtool","Test":"TestRunPinImpactDiagnosticFailuresPreservePrimaryStatus/missing_go_command","Elapsed":0}
{"Time":"2026-10-08T16:33:13.186912068Z","Action":"run","Package":"go.temporal.io/server/tools/gomad3/cmd/gomadtool","Test":"TestRunPinImpactDiagnosticFailuresPreservePrimaryStatus/unreachable_proxy"}
{"Time":"2026-10-08T16:33:13.186932651Z","Action":"output","Package":"go.temporal.io/server/tools/gomad3/cmd/gomadtool","Test":"TestRunPinImpactDiagnosticFailuresPreservePrimaryStatus/unreachable_proxy","Output":"=== RUN   TestRunPinImpactDiagnosticFailuresPreservePrimaryStatus/unreachable_proxy\n","OutputType":"frame"}
{"Time":"2026-10-08T16:33:13.221501402Z","Action":"output","Package":"go.temporal.io/server/tools/gomad3/cmd/gomadtool","Test":"TestRunPinImpactDiagnosticFailuresPreservePrimaryStatus/unreachable_proxy","Output":"--- PASS: TestRunPinImpactDiagnosticFailuresPreservePrimaryStatus/unreachable_proxy (0.03s)\n","OutputType":"frame"}
{"Time":"2026-10-08T16:33:13.221572443Z","Action":"pass","Package":"go.temporal.io/server/tools/gomad3/cmd/gomadtool","Test":"TestRunPinImpactDiagnosticFailuresPreservePrimaryStatus/unreachable_proxy","Elapsed":0.03}
{"Time":"2026-10-08T16:33:13.221590943Z","Action":"run","Package":"go.temporal.io/server/tools/gomad3/cmd/gomadtool","Test":"TestRunPinImpactDiagnosticFailuresPreservePrimaryStatus/module_publication"}
{"Time":"2026-10-08T16:33:13.221623068Z","Action":"output","Package":"go.temporal.io/server/tools/gomad3/cmd/gomadtool","Test":"TestRunPinImpactDiagnosticFailuresPreservePrimaryStatus/module_publication","Output":"=== RUN   TestRunPinImpactDiagnosticFailuresPreservePrimaryStatus/module_publication\n","OutputType":"frame"}
{"Time":"2026-10-08T16:33:13.281866277Z","Action":"output","Package":"go.temporal.io/server/tools/gomad3/cmd/gomadtool","Test":"TestRunPinImpactDiagnosticFailuresPreservePrimaryStatus/module_publication","Output":"--- PASS: TestRunPinImpactDiagnosticFailuresPreservePrimaryStatus/module_publication (0.06s)\n","OutputType":"frame"}
{"Time":"2026-10-08T16:33:13.282922527Z","Action":"pass","Package":"go.temporal.io/server/tools/gomad3/cmd/gomadtool","Test":"TestRunPinImpactDiagnosticFailuresPreservePrimaryStatus/module_publication","Elapsed":0.06}
{"Time":"2026-10-08T16:33:13.282966277Z","Action":"run","Package":"go.temporal.io/server/tools/gomad3/cmd/gomadtool","Test":"TestRunPinImpactDiagnosticFailuresPreservePrimaryStatus/module_stdout"}
{"Time":"2026-10-08T16:33:13.282981652Z","Action":"output","Package":"go.temporal.io/server/tools/gomad3/cmd/gomadtool","Test":"TestRunPinImpactDiagnosticFailuresPreservePrimaryStatus/module_stdout","Output":"=== RUN   TestRunPinImpactDiagnosticFailuresPreservePrimaryStatus/module_stdout\n","OutputType":"frame"}
{"Time":"2026-10-08T16:33:13.33265686Z","Action":"output","Package":"go.temporal.io/server/tools/gomad3/cmd/gomadtool","Test":"TestRunPinImpactDiagnosticFailuresPreservePrimaryStatus/module_stdout","Output":"--- PASS: TestRunPinImpactDiagnosticFailuresPreservePrimaryStatus/module_stdout (0.05s)\n","OutputType":"frame"}
{"Time":"2026-10-08T16:33:13.332707568Z","Action":"pass","Package":"go.temporal.io/server/tools/gomad3/cmd/gomadtool","Test":"TestRunPinImpactDiagnosticFailuresPreservePrimaryStatus/module_stdout","Elapsed":0.05}
{"Time":"2026-10-08T16:33:13.332742693Z","Action":"run","Package":"go.temporal.io/server/tools/gomad3/cmd/gomadtool","Test":"TestRunPinImpactDiagnosticFailuresPreservePrimaryStatus/file_malformed_candidate"}
{"Time":"2026-10-08T16:33:13.332758777Z","Action":"output","Package":"go.temporal.io/server/tools/gomad3/cmd/gomadtool","Test":"TestRunPinImpactDiagnosticFailuresPreservePrimaryStatus/file_malformed_candidate","Output":"=== RUN   TestRunPinImpactDiagnosticFailuresPreservePrimaryStatus/file_malformed_candidate\n","OutputType":"frame"}
{"Time":"2026-10-08T16:33:13.351405652Z","Action":"output","Package":"go.temporal.io/server/tools/gomad3/cmd/gomadtool","Test":"TestRunPinImpactDiagnosticFailuresPreservePrimaryStatus/file_malformed_candidate","Output":"--- PASS: TestRunPinImpactDiagnosticFailuresPreservePrimaryStatus/file_malformed_candidate (0.02s)\n","OutputType":"frame"}
{"Time":"2026-10-08T16:33:13.351447318Z","Action":"pass","Package":"go.temporal.io/server/tools/gomad3/cmd/gomadtool","Test":"TestRunPinImpactDiagnosticFailuresPreservePrimaryStatus/file_malformed_candidate","Elapsed":0.02}
{"Time":"2026-10-08T16:33:13.351491235Z","Action":"run","Package":"go.temporal.io/server/tools/gomad3/cmd/gomadtool","Test":"TestRunPinImpactDiagnosticFailuresPreservePrimaryStatus/file_publication"}
{"Time":"2026-10-08T16:33:13.351525152Z","Action":"output","Package":"go.temporal.io/server/tools/gomad3/cmd/gomadtool","Test":"TestRunPinImpactDiagnosticFailuresPreservePrimaryStatus/file_publication","Output":"=== RUN   TestRunPinImpactDiagnosticFailuresPreservePrimaryStatus/file_publication\n","OutputType":"frame"}
{"Time":"2026-10-08T16:33:13.401835277Z","Action":"output","Package":"go.temporal.io/server/tools/gomad3/cmd/gomadtool","Test":"TestRunPinImpactDiagnosticFailuresPreservePrimaryStatus/file_publication","Output":"--- PASS: TestRunPinImpactDiagnosticFailuresPreservePrimaryStatus/file_publication (0.05s)\n","OutputType":"frame"}
{"Time":"2026-10-08T16:33:13.401892443Z","Action":"pass","Package":"go.temporal.io/server/tools/gomad3/cmd/gomadtool","Test":"TestRunPinImpactDiagnosticFailuresPreservePrimaryStatus/file_publication","Elapsed":0.05}
{"Time":"2026-10-08T16:33:13.401927068Z","Action":"run","Package":"go.temporal.io/server/tools/gomad3/cmd/gomadtool","Test":"TestRunPinImpactDiagnosticFailuresPreservePrimaryStatus/file_stdout"}
{"Time":"2026-10-08T16:33:13.401960777Z","Action":"output","Package":"go.temporal.io/server/tools/gomad3/cmd/gomadtool","Test":"TestRunPinImpactDiagnosticFailuresPreservePrimaryStatus/file_stdout","Output":"=== RUN   TestRunPinImpactDiagnosticFailuresPreservePrimaryStatus/file_stdout\n","OutputType":"frame"}
{"Time":"2026-10-08T16:33:13.454072027Z","Action":"output","Package":"go.temporal.io/server/tools/gomad3/cmd/gomadtool","Test":"TestRunPinImpactDiagnosticFailuresPreservePrimaryStatus/file_stdout","Output":"--- PASS: TestRunPinImpactDiagnosticFailuresPreservePrimaryStatus/file_stdout (0.05s)\n","OutputType":"frame"}
{"Time":"2026-10-08T16:33:13.454167152Z","Action":"pass","Package":"go.temporal.io/server/tools/gomad3/cmd/gomadtool","Test":"TestRunPinImpactDiagnosticFailuresPreservePrimaryStatus/file_stdout","Elapsed":0.05}
{"Time":"2026-10-08T16:33:13.455886485Z","Action":"output","Package":"go.temporal.io/server/tools/gomad3/cmd/gomadtool","Test":"TestRunPinImpactDiagnosticFailuresPreservePrimaryStatus","Output":"--- PASS: TestRunPinImpactDiagnosticFailuresPreservePrimaryStatus (0.30s)\n","OutputType":"frame"}
{"Time":"2026-10-08T16:33:13.455927985Z","Action":"pass","Package":"go.temporal.io/server/tools/gomad3/cmd/gomadtool","Test":"TestRunPinImpactDiagnosticFailuresPreservePrimaryStatus","Elapsed":0.3}
{"Time":"2026-10-08T16:33:13.456035443Z","Action":"output","Package":"go.temporal.io/server/tools/gomad3/cmd/gomadtool","Output":"PASS\n","OutputType":"frame"}
{"Time":"2026-10-08T16:33:13.458756152Z","Action":"output","Package":"go.temporal.io/server/tools/gomad3/cmd/gomadtool","Output":"ok  \tgo.temporal.io/server/tools/gomad3/cmd/gomadtool\t0.306s\n"}
{"Time":"2026-10-08T16:33:13.458791402Z","Action":"pass","Package":"go.temporal.io/server/tools/gomad3/cmd/gomadtool","Elapsed":0.306}
