{"Time":"2026-10-08T16:23:02.53496436Z","Action":"start","Package":"go.temporal.io/server/tools/gomad3/deterministicio"}
{"Time":"2026-10-08T16:23:02.547945527Z","Action":"run","Package":"go.temporal.io/server/tools/gomad3/deterministicio","Test":"TestAdapterRegistryPortablePinDecisions"}
{"Time":"2026-10-08T16:23:02.548053944Z","Action":"output","Package":"go.temporal.io/server/tools/gomad3/deterministicio","Test":"TestAdapterRegistryPortablePinDecisions","Output":"=== RUN   TestAdapterRegistryPortablePinDecisions\n","OutputType":"frame"}
{"Time":"2026-10-08T16:23:02.548162235Z","Action":"run","Package":"go.temporal.io/server/tools/gomad3/deterministicio","Test":"TestAdapterRegistryPortablePinDecisions/exact"}
{"Time":"2026-10-08T16:23:02.548219944Z","Action":"output","Package":"go.temporal.io/server/tools/gomad3/deterministicio","Test":"TestAdapterRegistryPortablePinDecisions/exact","Output":"=== RUN   TestAdapterRegistryPortablePinDecisions/exact\n","OutputType":"frame"}
{"Time":"2026-10-08T16:23:02.550792319Z","Action":"output","Package":"go.temporal.io/server/tools/gomad3/deterministicio","Test":"TestAdapterRegistryPortablePinDecisions/exact","Output":"--- PASS: TestAdapterRegistryPortablePinDecisions/exact (0.00s)\n","OutputType":"frame"}
{"Time":"2026-10-08T16:23:02.550943444Z","Action":"pass","Package":"go.temporal.io/server/tools/gomad3/deterministicio","Test":"TestAdapterRegistryPortablePinDecisions/exact","Elapsed":0}
{"Time":"2026-10-08T16:23:02.55105511Z","Action":"run","Package":"go.temporal.io/server/tools/gomad3/deterministicio","Test":"TestAdapterRegistryPortablePinDecisions/version_bump"}
{"Time":"2026-10-08T16:23:02.551083527Z","Action":"output","Package":"go.temporal.io/server/tools/gomad3/deterministicio","Test":"TestAdapterRegistryPortablePinDecisions/version_bump","Output":"=== RUN   TestAdapterRegistryPortablePinDecisions/version_bump\n","OutputType":"frame"}
{"Time":"2026-10-08T16:23:02.553431652Z","Action":"output","Package":"go.temporal.io/server/tools/gomad3/deterministicio","Test":"TestAdapterRegistryPortablePinDecisions/version_bump","Output":"--- PASS: TestAdapterRegistryPortablePinDecisions/version_bump (0.00s)\n","OutputType":"frame"}
{"Time":"2026-10-08T16:23:02.553501485Z","Action":"pass","Package":"go.temporal.io/server/tools/gomad3/deterministicio","Test":"TestAdapterRegistryPortablePinDecisions/version_bump","Elapsed":0}
{"Time":"2026-10-08T16:23:02.55352111Z","Action":"run","Package":"go.temporal.io/server/tools/gomad3/deterministicio","Test":"TestAdapterRegistryPortablePinDecisions/changed_sum"}
{"Time":"2026-10-08T16:23:02.55355361Z","Action":"output","Package":"go.temporal.io/server/tools/gomad3/deterministicio","Test":"TestAdapterRegistryPortablePinDecisions/changed_sum","Output":"=== RUN   TestAdapterRegistryPortablePinDecisions/changed_sum\n","OutputType":"frame"}
{"Time":"2026-10-08T16:23:02.556482527Z","Action":"output","Package":"go.temporal.io/server/tools/gomad3/deterministicio","Test":"TestAdapterRegistryPortablePinDecisions/changed_sum","Output":"--- PASS: TestAdapterRegistryPortablePinDecisions/changed_sum (0.00s)\n","OutputType":"frame"}
{"Time":"2026-10-08T16:23:02.55654011Z","Action":"pass","Package":"go.temporal.io/server/tools/gomad3/deterministicio","Test":"TestAdapterRegistryPortablePinDecisions/changed_sum","Elapsed":0}
{"Time":"2026-10-08T16:23:02.556577027Z","Action":"run","Package":"go.temporal.io/server/tools/gomad3/deterministicio","Test":"TestAdapterRegistryPortablePinDecisions/replacement"}
{"Time":"2026-10-08T16:23:02.557168194Z","Action":"output","Package":"go.temporal.io/server/tools/gomad3/deterministicio","Test":"TestAdapterRegistryPortablePinDecisions/replacement","Output":"=== RUN   TestAdapterRegistryPortablePinDecisions/replacement\n","OutputType":"frame"}
{"Time":"2026-10-08T16:23:02.559060777Z","Action":"output","Package":"go.temporal.io/server/tools/gomad3/deterministicio","Test":"TestAdapterRegistryPortablePinDecisions/replacement","Output":"--- PASS: TestAdapterRegistryPortablePinDecisions/replacement (0.00s)\n","OutputType":"frame"}
{"Time":"2026-10-08T16:23:02.559093652Z","Action":"pass","Package":"go.temporal.io/server/tools/gomad3/deterministicio","Test":"TestAdapterRegistryPortablePinDecisions/replacement","Elapsed":0}
{"Time":"2026-10-08T16:23:02.559131527Z","Action":"output","Package":"go.temporal.io/server/tools/gomad3/deterministicio","Test":"TestAdapterRegistryPortablePinDecisions","Output":"--- PASS: TestAdapterRegistryPortablePinDecisions (0.01s)\n","OutputType":"frame"}
{"Time":"2026-10-08T16:23:02.559147235Z","Action":"pass","Package":"go.temporal.io/server/tools/gomad3/deterministicio","Test":"TestAdapterRegistryPortablePinDecisions","Elapsed":0.01}
{"Time":"2026-10-08T16:23:02.559189694Z","Action":"run","Package":"go.temporal.io/server/tools/gomad3/deterministicio","Test":"TestAdapterModuleSumRecords"}
{"Time":"2026-10-08T16:23:02.55921436Z","Action":"output","Package":"go.temporal.io/server/tools/gomad3/deterministicio","Test":"TestAdapterModuleSumRecords","Output":"=== RUN   TestAdapterModuleSumRecords\n","OutputType":"frame"}
{"Time":"2026-10-08T16:23:02.559343319Z","Action":"run","Package":"go.temporal.io/server/tools/gomad3/deterministicio","Test":"TestAdapterModuleSumRecords/exact"}
{"Time":"2026-10-08T16:23:02.559385777Z","Action":"output","Package":"go.temporal.io/server/tools/gomad3/deterministicio","Test":"TestAdapterModuleSumRecords/exact","Output":"=== RUN   TestAdapterModuleSumRecords/exact\n","OutputType":"frame"}
{"Time":"2026-10-08T16:23:02.560647735Z","Action":"output","Package":"go.temporal.io/server/tools/gomad3/deterministicio","Test":"TestAdapterModuleSumRecords/exact","Output":"--- PASS: TestAdapterModuleSumRecords/exact (0.00s)\n","OutputType":"frame"}
{"Time":"2026-10-08T16:23:02.560719402Z","Action":"pass","Package":"go.temporal.io/server/tools/gomad3/deterministicio","Test":"TestAdapterModuleSumRecords/exact","Elapsed":0}
{"Time":"2026-10-08T16:23:02.560758069Z","Action":"run","Package":"go.temporal.io/server/tools/gomad3/deterministicio","Test":"TestAdapterModuleSumRecords/go.mod_is_separate"}
{"Time":"2026-10-08T16:23:02.560783777Z","Action":"output","Package":"go.temporal.io/server/tools/gomad3/deterministicio","Test":"TestAdapterModuleSumRecords/go.mod_is_separate","Output":"=== RUN   TestAdapterModuleSumRecords/go.mod_is_separate\n","OutputType":"frame"}
{"Time":"2026-10-08T16:23:02.563135902Z","Action":"output","Package":"go.temporal.io/server/tools/gomad3/deterministicio","Test":"TestAdapterModuleSumRecords/go.mod_is_separate","Output":"--- PASS: TestAdapterModuleSumRecords/go.mod_is_separate (0.00s)\n","OutputType":"frame"}
{"Time":"2026-10-08T16:23:02.563257694Z","Action":"pass","Package":"go.temporal.io/server/tools/gomad3/deterministicio","Test":"TestAdapterModuleSumRecords/go.mod_is_separate","Elapsed":0}
{"Time":"2026-10-08T16:23:02.563307652Z","Action":"run","Package":"go.temporal.io/server/tools/gomad3/deterministicio","Test":"TestAdapterModuleSumRecords/identical_duplicate"}
{"Time":"2026-10-08T16:23:02.563343735Z","Action":"output","Package":"go.temporal.io/server/tools/gomad3/deterministicio","Test":"TestAdapterModuleSumRecords/identical_duplicate","Output":"=== RUN   TestAdapterModuleSumRecords/identical_duplicate\n","OutputType":"frame"}
{"Time":"2026-10-08T16:23:02.564285069Z","Action":"output","Package":"go.temporal.io/server/tools/gomad3/deterministicio","Test":"TestAdapterModuleSumRecords/identical_duplicate","Output":"--- PASS: TestAdapterModuleSumRecords/identical_duplicate (0.00s)\n","OutputType":"frame"}
{"Time":"2026-10-08T16:23:02.564318194Z","Action":"pass","Package":"go.temporal.io/server/tools/gomad3/deterministicio","Test":"TestAdapterModuleSumRecords/identical_duplicate","Elapsed":0}
{"Time":"2026-10-08T16:23:02.564342277Z","Action":"run","Package":"go.temporal.io/server/tools/gomad3/deterministicio","Test":"TestAdapterModuleSumRecords/changed_duplicate"}
{"Time":"2026-10-08T16:23:02.564383069Z","Action":"output","Package":"go.temporal.io/server/tools/gomad3/deterministicio","Test":"TestAdapterModuleSumRecords/changed_duplicate","Output":"=== RUN   TestAdapterModuleSumRecords/changed_duplicate\n","OutputType":"frame"}
{"Time":"2026-10-08T16:23:02.564922319Z","Action":"output","Package":"go.temporal.io/server/tools/gomad3/deterministicio","Test":"TestAdapterModuleSumRecords/changed_duplicate","Output":"--- PASS: TestAdapterModuleSumRecords/changed_duplicate (0.00s)\n","OutputType":"frame"}
{"Time":"2026-10-08T16:23:02.56494286Z","Action":"pass","Package":"go.temporal.io/server/tools/gomad3/deterministicio","Test":"TestAdapterModuleSumRecords/changed_duplicate","Elapsed":0}
{"Time":"2026-10-08T16:23:02.564968569Z","Action":"run","Package":"go.temporal.io/server/tools/gomad3/deterministicio","Test":"TestAdapterModuleSumRecords/missing_zip_sum"}
{"Time":"2026-10-08T16:23:02.564991485Z","Action":"output","Package":"go.temporal.io/server/tools/gomad3/deterministicio","Test":"TestAdapterModuleSumRecords/missing_zip_sum","Output":"=== RUN   TestAdapterModuleSumRecords/missing_zip_sum\n","OutputType":"frame"}
{"Time":"2026-10-08T16:23:02.568160069Z","Action":"output","Package":"go.temporal.io/server/tools/gomad3/deterministicio","Test":"TestAdapterModuleSumRecords/missing_zip_sum","Output":"--- PASS: TestAdapterModuleSumRecords/missing_zip_sum (0.00s)\n","OutputType":"frame"}
{"Time":"2026-10-08T16:23:02.56825636Z","Action":"pass","Package":"go.temporal.io/server/tools/gomad3/deterministicio","Test":"TestAdapterModuleSumRecords/missing_zip_sum","Elapsed":0}
{"Time":"2026-10-08T16:23:02.568294194Z","Action":"output","Package":"go.temporal.io/server/tools/gomad3/deterministicio","Test":"TestAdapterModuleSumRecords","Output":"--- PASS: TestAdapterModuleSumRecords (0.01s)\n","OutputType":"frame"}
{"Time":"2026-10-08T16:23:02.568327944Z","Action":"pass","Package":"go.temporal.io/server/tools/gomad3/deterministicio","Test":"TestAdapterModuleSumRecords","Elapsed":0.01}
{"Time":"2026-10-08T16:23:02.568349152Z","Action":"output","Package":"go.temporal.io/server/tools/gomad3/deterministicio","Output":"PASS\n","OutputType":"frame"}
{"Time":"2026-10-08T16:23:02.568531944Z","Action":"output","Package":"go.temporal.io/server/tools/gomad3/deterministicio","Output":"ok  \tgo.temporal.io/server/tools/gomad3/deterministicio\t0.033s\n"}
{"Time":"2026-10-08T16:23:02.568696652Z","Action":"pass","Package":"go.temporal.io/server/tools/gomad3/deterministicio","Elapsed":0.034}
