mise WARN  deprecated [tera_template_task_args]: Task 'test' uses deprecated Tera template functions (arg(), option(), flag()) in run scripts. Use the 'usage' field instead. See https://mise.en.dev/tasks/task-arguments.html This will be removed in mise 2027.5.0.
[test] $ ./scripts/go-test.sh --failfast -r . -t3m --tags test_dep,hashicorpmet…
Adding "walker"
Running tests in /Users/stephan/Workspace/skunkworks/gomad/saas-temporal/walker...
[testrunner] 2026/09/30 14:27:20 starting test attempt #1: /Users/stephan/.local/share/mise/installs/github-gotestyourself-gotestsum/1.13.0/gotestsum --junitfile=/var/folders/4w/5qdjw8sd6417nldg5pvhs_rr0000gn/T/temporalio-temporal-ec72a2c5-cbfb-4d88-ac4e-cb0e2a6e57c2-junit.xml -- -tags test_dep,hashicorpmetrics -race -cover -run ^TestInProcessProfile_SingleZoneShutdownReleasesGossip$ -timeout 3m -failfast -coverprofile=/Users/stephan/Workspace/skunkworks/gomad/saas-temporal/unit-test_0.cover.out ./localcluster
✖  localcluster (48.506s) (coverage: 48.1% of statements)

=== Failed
=== FAIL: localcluster TestInProcessProfile_SingleZoneShutdownReleasesGossip (47.00s)
    zone.go:424: [zone A] Starting Bootstrapper with args: {ID:bootstrapper Zone:A Zones:[A] DataDir:/cell/TestInProcessProfile_SingleZoneShutdownReleasesGossip/A/node/8cfd5973-d238-4f41-95ce-40fd88a9759e Volumes:0 Shardspace:Test MainComponent:Bootstrapper Bimmer:{replicationStoreConfig:{ProviderType:fs FS:{RootPath:/cell/TestInProcessProfile_SingleZoneShutdownReleasesGossip} S3:{Endpoint: Key: Secret: Region: Bucket: SessionToken: ChunkSize:0 ChunkConcurrency:0 UploadConcurrency:0 MaxIdleConnsPerHost:0 IdleConnTimeout:0}}} PublishingConfig:0xc000a6dc08 OperationalConfig:0xc000b61190 WalkaboutAddrs:0x107031130 GossipAddrs:0x1070311e0 OnStateChange:<nil> PortAllocator:0xc000b723e0 PreAllocatedGossipListener:<nil>}
    node.go:574: ServiceInstance (Bootstrapper) starting: zone: A
    node.go:578: FS replication store => ls /cell/TestInProcessProfile_SingleZoneShutdownReleasesGossip
    node.go:790: Created volume "/cell/TestInProcessProfile_SingleZoneShutdownReleasesGossip/A/node/8cfd5973-d238-4f41-95ce-40fd88a9759e/volume-0"
    logger.go:146: 2026-09-30T14:27:34.083-0700	INFO	MakeVolume succeeded	{"zone": "A", "name": "Bootstrapper", "volume": "/cell/TestInProcessProfile_SingleZoneShutdownReleasesGossip/A/node/8cfd5973-d238-4f41-95ce-40fd88a9759e", "mountPoint": "/cell/TestInProcessProfile_SingleZoneShutdownReleasesGossip/A/node/8cfd5973-d238-4f41-95ce-40fd88a9759e", "DiskUsage": "U:   0B A:   1G T:   1G", "logging-call-at": "/Users/stephan/Workspace/skunkworks/gomad/saas-temporal/walker/storage/volume.go:230"}
    logger.go:146: 2026-09-30T14:27:34.087-0700	INFO	Generated new engine GUID	{"zone": "A", "name": "Bootstrapper", "volume": "/cell/TestInProcessProfile_SingleZoneShutdownReleasesGossip/A/node/8cfd5973-d238-4f41-95ce-40fd88a9759e", "engineName": "primary", "guid": "ce8cd3463579d1f3", "logging-call-at": "/Users/stephan/Workspace/skunkworks/gomad/saas-temporal/walker/storage/storage_engine.go:1285"}
    logger.go:146: 2026-09-30T14:27:34.088-0700	INFO	Storage engine opened	{"zone": "A", "name": "Bootstrapper", "volume": "/cell/TestInProcessProfile_SingleZoneShutdownReleasesGossip/A/node/8cfd5973-d238-4f41-95ce-40fd88a9759e", "path": "/cell/TestInProcessProfile_SingleZoneShutdownReleasesGossip/A/node/8cfd5973-d238-4f41-95ce-40fd88a9759e/engines/primary", "logging-call-at": "/Users/stephan/Workspace/skunkworks/gomad/saas-temporal/walker/storage/volume.go:540"}
    logger.go:146: 2026-09-30T14:27:34.088-0700	INFO	ServiceInstance::Run() starting	{"zone": "A", "name": "Bootstrapper", "logging-call-at": "/Users/stephan/Workspace/skunkworks/gomad/saas-temporal/walker/serviceinstance/service_instance.go:503"}
    logger.go:146: 2026-09-30T14:27:34.088-0700	INFO	ServiceInstance::Run() calling maybeRunBootstrapper	{"zone": "A", "name": "Bootstrapper", "logging-call-at": "/Users/stephan/Workspace/skunkworks/gomad/saas-temporal/walker/serviceinstance/service_instance.go:511"}
    logger.go:146: 2026-09-30T14:27:34.088-0700	INFO	Bootstrapper bootstrapping Shardspaces	{"zone": "A", "name": "Bootstrapper", "component": "bootstrapper", "Shardspaces": [{"Shardspace":18446744073709551615,"CreationMode":1,"ShardCount":1,"Commands":null}], "logging-call-at": "/Users/stephan/Workspace/skunkworks/gomad/saas-temporal/walker/bootstrapper/bootstrapper.go:113"}
    logger.go:146: 2026-09-30T14:27:34.090-0700	INFO	Generated new engine GUID	{"zone": "A", "name": "Bootstrapper", "component": "bootstrapper", "engineName": "bootstrap", "guid": "2a713fe24baee7b5", "logging-call-at": "/Users/stephan/Workspace/skunkworks/gomad/saas-temporal/walker/storage/storage_engine.go:1285"}
    logger.go:146: 2026-09-30T14:27:34.092-0700	INFO	Bootstrapper::CreateCheckpoints	{"zone": "A", "name": "Bootstrapper", "component": "bootstrapper", "volumeID": "/cell/TestInProcessProfile_SingleZoneShutdownReleasesGossip/A/node/8cfd5973-d238-4f41-95ce-40fd88a9759e", "logging-call-at": "/Users/stephan/Workspace/skunkworks/gomad/saas-temporal/walker/bootstrapper/bootstrapper.go:270"}
    logger.go:146: 2026-09-30T14:27:34.092-0700	INFO	Creating local checkpoint	{"zone": "A", "name": "Bootstrapper", "component": "bootstrapper", "shard-id": 1, "volumeID": "/cell/TestInProcessProfile_SingleZoneShutdownReleasesGossip/A/node/8cfd5973-d238-4f41-95ce-40fd88a9759e", "logging-call-at": "/Users/stephan/Workspace/skunkworks/gomad/saas-temporal/walker/bootstrapper/bootstrapper.go:317"}
    logger.go:146: 2026-09-30T14:27:34.092-0700	INFO	Creating checkpoint at /cell/TestInProcessProfile_SingleZoneShutdownReleasesGossip/A/node/8cfd5973-d238-4f41-95ce-40fd88a9759e/Test-bootstrap-0c5882c3/checkpoint/(Test)shard-id:1	{"zone": "A", "name": "Bootstrapper", "component": "bootstrapper", "engineName": "bootstrap", "shard-id": 1, "logging-call-at": "/Users/stephan/Workspace/skunkworks/gomad/saas-temporal/walker/storage/handle.go:126"}
    logger.go:146: 2026-09-30T14:27:34.095-0700	INFO	Uploading checkpoint	{"zone": "A", "name": "Bootstrapper", "component": "bootstrapper", "shard-id": 1, "localCheckpoint": "/cell/TestInProcessProfile_SingleZoneShutdownReleasesGossip/A/node/8cfd5973-d238-4f41-95ce-40fd88a9759e/Test-bootstrap-0c5882c3/checkpoint/(Test)shard-id:1", "logging-call-at": "/Users/stephan/Workspace/skunkworks/gomad/saas-temporal/walker/bootstrapper/bootstrapper.go:333"}
    logger.go:146: 2026-09-30T14:27:34.097-0700	INFO	Flushed bundle	{"zone": "A", "name": "Bootstrapper", "stream": "Test", "publisher": "Bootstrapper", "bundleCount": 1, "bundleKey": "Test/20260930212734/bundle/v1/Bootstrapper/ciu.v3.Test-1-0#2C", "bundleSize": 11776, "reason": "checkpoint-v3-complete", "bundleDelay": "86µs", "flushDuration": "1.448917ms", "logging-call-at": "/Users/stephan/Workspace/skunkworks/gomad/saas-temporal/blobstore/bundler.go:536"}
    logger.go:146: 2026-09-30T14:27:34.097-0700	WARN	Failed to process bundle index immediately; Get or Stat will process it later	{"zone": "A", "name": "Bootstrapper", "bundleKey": "Test/20260930212734/bundle/v1/Bootstrapper/ciu.v3.Test-1-0#2C", "error": "failed to process bundle index entry blobstore.BundleIndexEntry{Key:\"ciu.v3.Test-1-0#2C\", Timestamp:time.Date(2026, time.September, 30, 21, 27, 34, 96238000, time.UTC), FragmentRange:(*bsl.FragmentRange)(0xc000b62a30)}: provided bsl does not match expected static bsl: fs:///Test/20260930212734/bundle/v1/Bootstrapper/ciu.v3.Test-1-0%232C#dir=/cell/TestInProcessProfile_SingleZoneShutdownReleasesGossip&r=0~11776&v=1 vs fs:///ciu.v3.Test-1-0%232C#dir=/cell/TestInProcessProfile_SingleZoneShutdownReleasesGossip&v=1", "logging-call-at": "/Users/stephan/Workspace/skunkworks/gomad/saas-temporal/blobstore/bundler.go:563"}
    logger.go:146: 2026-09-30T14:27:34.098-0700	INFO	Checkpoint created	{"zone": "A", "name": "Bootstrapper", "component": "bootstrapper", "shard-id": 1, "logging-call-at": "/Users/stephan/Workspace/skunkworks/gomad/saas-temporal/walker/bootstrapper/bootstrapper.go:371"}
    logger.go:146: 2026-09-30T14:27:34.098-0700	INFO	created Checkpoints	{"zone": "A", "name": "Bootstrapper", "component": "bootstrapper", "shards": 1, "logging-call-at": "/Users/stephan/Workspace/skunkworks/gomad/saas-temporal/walker/bootstrapper/bootstrapper.go:124"}
    logger.go:146: 2026-09-30T14:27:34.098-0700	INFO	Closing pebble	{"zone": "A", "name": "Bootstrapper", "component": "bootstrapper", "engineName": "bootstrap", "logging-call-at": "/Users/stephan/Workspace/skunkworks/gomad/saas-temporal/walker/storage/storage_engine.go:458"}
    logger.go:146: 2026-09-30T14:27:34.099-0700	INFO	Closing pebble	{"zone": "A", "name": "Bootstrapper", "volume": "/cell/TestInProcessProfile_SingleZoneShutdownReleasesGossip/A/node/8cfd5973-d238-4f41-95ce-40fd88a9759e", "engineName": "primary", "logging-call-at": "/Users/stephan/Workspace/skunkworks/gomad/saas-temporal/walker/storage/storage_engine.go:458"}
    logger.go:146: 2026-09-30T14:27:34.099-0700	INFO	ServiceInstance::Run() calling maybeRunWalkabout	{"zone": "A", "name": "Bootstrapper", "logging-call-at": "/Users/stephan/Workspace/skunkworks/gomad/saas-temporal/walker/serviceinstance/service_instance.go:516"}
    logger.go:146: 2026-09-30T14:27:34.099-0700	INFO	ServiceInstance::Run() calling maybeRunDatanode	{"zone": "A", "name": "Bootstrapper", "logging-call-at": "/Users/stephan/Workspace/skunkworks/gomad/saas-temporal/walker/serviceinstance/service_instance.go:523"}
    logger.go:146: 2026-09-30T14:27:34.100-0700	INFO	ServiceInstance::Run() calling maybeRunBimmer	{"zone": "A", "name": "Bootstrapper", "logging-call-at": "/Users/stephan/Workspace/skunkworks/gomad/saas-temporal/walker/serviceinstance/service_instance.go:530"}
    logger.go:146: 2026-09-30T14:27:34.100-0700	INFO	ServiceInstance::Run() all components registered	{"zone": "A", "name": "Bootstrapper", "logging-call-at": "/Users/stephan/Workspace/skunkworks/gomad/saas-temporal/walker/serviceinstance/service_instance.go:543"}
    logger.go:146: 2026-09-30T14:27:34.100-0700	INFO	ServiceInstance::Run() complete (no daemon components configured)	{"zone": "A", "name": "Bootstrapper", "logging-call-at": "/Users/stephan/Workspace/skunkworks/gomad/saas-temporal/walker/serviceinstance/service_instance.go:545"}
    node.go:607: ServiceInstance (Bootstrapper) Run completed
    logger.go:146: 2026-09-30T14:27:34.100-0700	INFO	Starting cluster in parallel. Expect ready datanode not found logs	{"logging-call-at": "/Users/stephan/Workspace/skunkworks/gomad/saas-temporal/walker/localcluster/local_cluster.go:376"}
    node.go:790: Created volume "/cell/TestInProcessProfile_SingleZoneShutdownReleasesGossip/volume-0"
    node.go:433: ServiceInstance (Walkabout) starting: zone: A, id: WN:(A):
    logger.go:146: 2026-09-30T14:27:34.101-0700	INFO	NewWalkaboutNode:	{"zone": "A", "name": "WN:(A):@12179", "listenAddress": "127.0.0.1:12179", "advertiseAddress": "127.0.0.1:12179", "logging-call-at": "/Users/stephan/Workspace/skunkworks/gomad/saas-temporal/walker/walkabout/server/walkabout_node.go:178"}
    logger.go:146: 2026-09-30T14:27:34.101-0700	INFO	Walkabout configuring Shardspaces from dynamicconfig	{"zone": "A", "name": "WN:(A):@12179", "value": [{"Shardspace":18446744073709551615,"CreationMode":1,"ShardCount":1,"Commands":null}], "logging-call-at": "/Users/stephan/Workspace/skunkworks/gomad/saas-temporal/walker/walkabout/server/walkabout_node.go:1094"}
    logger.go:146: 2026-09-30T14:27:34.101-0700	INFO	Walkanode configuring Shardspace	{"zone": "A", "name": "WN:(A):@12179", "value": "shardspace:18446744073709551615 shardCount:1 creationMode:SHARDSPACE_INITIALIZE_ALL commands:{}", "logging-call-at": "/Users/stephan/Workspace/skunkworks/gomad/saas-temporal/walker/walkabout/server/walkabout_node.go:1202"}
    logger.go:146: 2026-09-30T14:27:34.102-0700	INFO	Created Shardspace Scorecard	{"zone": "A", "name": "WN:(A):@12179", "shardspace": "Test", "obj": {}, "logging-call-at": "/Users/stephan/Workspace/skunkworks/gomad/saas-temporal/walker/walkabout/server/walkabout_node.go:991"}
    logger.go:146: 2026-09-30T14:27:34.102-0700	INFO	Starting ShardspaceSupervisor	{"zone": "A", "name": "WN:(A):@12179", "shardspace": "Test", "interval": "16s", "logging-call-at": "/Users/stephan/Workspace/skunkworks/gomad/saas-temporal/walker/walkabout/server/shardspace_supervisor.go:252"}
    logger.go:146: 2026-09-30T14:27:34.102-0700	INFO	Walkanode started	{"zone": "A", "name": "WN:(A):@12179", "vcs.revision": "", "logging-call-at": "/Users/stephan/Workspace/skunkworks/gomad/saas-temporal/walker/walkabout/server/walkabout_node.go:1135"}
    logger.go:146: 2026-09-30T14:27:34.102-0700	INFO	ShardReplicasScorecard::Initialize placeholder init complete	{"zone": "A", "name": "WN:(A):@12179", "shardCount": 1, "logging-call-at": "/Users/stephan/Workspace/skunkworks/gomad/saas-temporal/walker/scorecard/shard_replicas_scorecard.go:881"}
    logger.go:146: 2026-09-30T14:27:34.149-0700	INFO	(Re)Initializing Walkabout CP client for Address	{"zone": "A", "subcomponent": "walkaboutReliableCPClient", "address": "127.0.0.1:12179", "logging-call-at": "/Users/stephan/Workspace/skunkworks/gomad/saas-temporal/walker/walkabout/client/walkabout_reliable_cp_client.go:102"}
    logger.go:146: 2026-09-30T14:27:34.149-0700	INFO	Performing initial blocking anti-entropy scan of provider to sync registry	{"zone": "A", "logging-call-at": "/Users/stephan/Workspace/skunkworks/gomad/saas-temporal/blobstore/registry_scan.go:451"}
    logger.go:146: 2026-09-30T14:27:34.149-0700	INFO	Registry initialization complete	{"zone": "A", "duration": "248.208µs", "logging-call-at": "/Users/stephan/Workspace/skunkworks/gomad/saas-temporal/blobstore/registry_scan.go:726"}
    logger.go:146: 2026-09-30T14:27:34.150-0700	INFO	Registry scan completed	{"zone": "A", "scanType": "anti-entropy", "stream": "Internal", "duration": "240µs", "providerObjectsSeen": 1, "indexEntriesUpserted": 2, "orphanKeysRemoved": 0, "totalRegistryKeys": 2, "scanLagSeconds": 9223372036.854776, "lowestRegistryKey": "Test/20260930212734/bundle/v1/Bootstrapper/ciu.v3.Test-1-0#2C", "window": "full_bucket", "logging-call-at": "/Users/stephan/Workspace/skunkworks/gomad/saas-temporal/blobstore/registry_scan.go:769"}
    logger.go:146: 2026-09-30T14:27:34.150-0700	INFO	Initial anti-entropy scan of provider completed	{"zone": "A", "logging-call-at": "/Users/stephan/Workspace/skunkworks/gomad/saas-temporal/blobstore/registry_scan.go:456"}
    logger.go:146: 2026-09-30T14:27:34.150-0700	INFO	Bimmernode started	{"zone": "A", "name": "BN:WN:(A):", "vcs.revision": "", "logging-call-at": "/Users/stephan/Workspace/skunkworks/gomad/saas-temporal/walker/bimmer/server/bimmer.go:439"}
    node.go:541: ServiceInstance (Walkabout) started: zone: A address: "127.0.0.1:12179"
    node.go:265: TestInProcessProfile_SingleZoneShutdownReleasesGossip: Node (WN:(A):) Started: Walkabout
    logger.go:146: 2026-09-30T14:27:34.150-0700	INFO	Starting walker instance	{"zone": "A", "logging-call-at": "/Users/stephan/Workspace/skunkworks/gomad/saas-temporal/walker/localcluster/in_process_execution_env.go:734"}
    logger.go:146: 2026-09-30T14:27:34.150-0700	INFO	ServiceInstance::Run() starting	{"zone": "A", "logging-call-at": "/Users/stephan/Workspace/skunkworks/gomad/saas-temporal/walker/serviceinstance/service_instance.go:503"}
    zone.go:220: [zone A] Starting Datanode with args: {ID:DN:(A:1) Zone:A Zones:[A] DataDir:/cell/TestInProcessProfile_SingleZoneShutdownReleasesGossip/A/node/aa2bfd0c-8f0e-4511-b67c-4e4405027cfd Volumes:0 Shardspace:Test MainComponent:Datanode Bimmer:{replicationStoreConfig:{ProviderType:fs FS:{RootPath:/cell/TestInProcessProfile_SingleZoneShutdownReleasesGossip} S3:{Endpoint: Key: Secret: Region: Bucket: SessionToken: ChunkSize:0 ChunkConcurrency:0 UploadConcurrency:0 MaxIdleConnsPerHost:0 IdleConnTimeout:0}}} PublishingConfig:0xc000a6dc08 OperationalConfig:0xc000b61190 WalkaboutAddrs:0x107031130 GossipAddrs:0x1070311e0 OnStateChange:<nil> PortAllocator:0xc000b723e0 PreAllocatedGossipListener:<nil>}
    logger.go:146: 2026-09-30T14:27:34.150-0700	INFO	ServiceInstance::Run() calling maybeRunBootstrapper	{"zone": "A", "logging-call-at": "/Users/stephan/Workspace/skunkworks/gomad/saas-temporal/walker/serviceinstance/service_instance.go:511"}
    node.go:790: Created volume "/cell/TestInProcessProfile_SingleZoneShutdownReleasesGossip/A/node/aa2bfd0c-8f0e-4511-b67c-4e4405027cfd/volume-0"
    logger.go:146: 2026-09-30T14:27:34.150-0700	INFO	ServiceInstance::Run() calling maybeRunWalkabout	{"zone": "A", "logging-call-at": "/Users/stephan/Workspace/skunkworks/gomad/saas-temporal/walker/serviceinstance/service_instance.go:516"}
    node.go:433: ServiceInstance (Datanode) starting: zone: A, id: DN:(A:1)
    logger.go:146: 2026-09-30T14:27:34.182-0700	INFO	(Re)Initializing Walkabout CP client for Address	{"zone": "A", "subcomponent": "walkaboutReliableCPClient", "address": "localcell://cluster-76c8e59a031765e3.localcell/walkabout-default.localcell", "logging-call-at": "/Users/stephan/Workspace/skunkworks/gomad/saas-temporal/walker/walkabout/client/walkabout_reliable_cp_client.go:102"}
    logger.go:146: 2026-09-30T14:27:34.183-0700	INFO	MakeVolume succeeded	{"zone": "A", "name": "DN:(A:1)@12183", "volume": "/cell/TestInProcessProfile_SingleZoneShutdownReleasesGossip/A/node/aa2bfd0c-8f0e-4511-b67c-4e4405027cfd/volume-0", "mountPoint": "/cell/TestInProcessProfile_SingleZoneShutdownReleasesGossip/A/node/aa2bfd0c-8f0e-4511-b67c-4e4405027cfd/volume-0", "DiskUsage": "U:   0B A:   1G T:   1G", "logging-call-at": "/Users/stephan/Workspace/skunkworks/gomad/saas-temporal/walker/storage/volume.go:230"}
    logger.go:146: 2026-09-30T14:27:34.185-0700	INFO	Generated new engine GUID	{"zone": "A", "name": "DN:(A:1)@12183", "volume": "/cell/TestInProcessProfile_SingleZoneShutdownReleasesGossip/A/node/aa2bfd0c-8f0e-4511-b67c-4e4405027cfd/volume-0", "engineName": "primary", "guid": "99d05d81dba3343c", "logging-call-at": "/Users/stephan/Workspace/skunkworks/gomad/saas-temporal/walker/storage/storage_engine.go:1285"}
    logger.go:146: 2026-09-30T14:27:34.185-0700	INFO	Storage engine opened	{"zone": "A", "name": "DN:(A:1)@12183", "volume": "/cell/TestInProcessProfile_SingleZoneShutdownReleasesGossip/A/node/aa2bfd0c-8f0e-4511-b67c-4e4405027cfd/volume-0", "path": "/cell/TestInProcessProfile_SingleZoneShutdownReleasesGossip/A/node/aa2bfd0c-8f0e-4511-b67c-4e4405027cfd/volume-0/engines/primary", "logging-call-at": "/Users/stephan/Workspace/skunkworks/gomad/saas-temporal/walker/storage/volume.go:540"}
    logger.go:146: 2026-09-30T14:27:34.185-0700	INFO	Triggering early heartbeat	{"zone": "A", "name": "DN:(A:1)@12183", "reason": "DiscoverVolumes", "logging-call-at": "/Users/stephan/Workspace/skunkworks/gomad/saas-temporal/walker/datanode/server/datanode.go:675"}
    logger.go:146: 2026-09-30T14:27:34.186-0700	INFO	Datanode starting	{"zone": "A", "name": "DN:(A:1)@12183", "logging-call-at": "/Users/stephan/Workspace/skunkworks/gomad/saas-temporal/walker/datanode/server/datanode.go:291"}
    logger.go:146: 2026-09-30T14:27:34.186-0700	INFO	Datanode running at	{"zone": "A", "name": "DN:(A:1)@12183", "address": "127.0.0.1:12183", "logging-call-at": "/Users/stephan/Workspace/skunkworks/gomad/saas-temporal/walker/datanode/server/datanode.go:572"}
    logger.go:146: 2026-09-30T14:27:34.186-0700	INFO	Datanode started	{"zone": "A", "name": "DN:(A:1)@12183", "vcs.revision": "", "logging-call-at": "/Users/stephan/Workspace/skunkworks/gomad/saas-temporal/walker/datanode/server/datanode.go:294"}
    logger.go:146: 2026-09-30T14:27:34.186-0700	INFO	Performing initial blocking anti-entropy scan of provider to sync registry	{"zone": "A", "logging-call-at": "/Users/stephan/Workspace/skunkworks/gomad/saas-temporal/blobstore/registry_scan.go:451"}
    logger.go:146: 2026-09-30T14:27:34.186-0700	INFO	Registry initialization complete	{"zone": "A", "duration": "167.542µs", "logging-call-at": "/Users/stephan/Workspace/skunkworks/gomad/saas-temporal/blobstore/registry_scan.go:726"}
    logger.go:146: 2026-09-30T14:27:34.186-0700	INFO	Registry scan completed	{"zone": "A", "scanType": "anti-entropy", "stream": "Test", "duration": "163µs", "providerObjectsSeen": 1, "indexEntriesUpserted": 2, "orphanKeysRemoved": 0, "totalRegistryKeys": 2, "scanLagSeconds": 9223372036.854776, "lowestRegistryKey": "Test/20260930212734/bundle/v1/Bootstrapper/ciu.v3.Test-1-0#2C", "window": "full_bucket", "logging-call-at": "/Users/stephan/Workspace/skunkworks/gomad/saas-temporal/blobstore/registry_scan.go:769"}
    logger.go:146: 2026-09-30T14:27:34.186-0700	INFO	Initial anti-entropy scan of provider completed	{"zone": "A", "logging-call-at": "/Users/stephan/Workspace/skunkworks/gomad/saas-temporal/blobstore/registry_scan.go:456"}
    logger.go:146: 2026-09-30T14:27:34.187-0700	INFO	MakeVolume succeeded	{"zone": "A", "name": "BN:DN:(A:1)", "volume": "/cell/TestInProcessProfile_SingleZoneShutdownReleasesGossip/A/node/aa2bfd0c-8f0e-4511-b67c-4e4405027cfd/volume-0", "mountPoint": "/cell/TestInProcessProfile_SingleZoneShutdownReleasesGossip/A/node/aa2bfd0c-8f0e-4511-b67c-4e4405027cfd/volume-0", "DiskUsage": "U:   0B A:   1G T:   1G", "logging-call-at": "/Users/stephan/Workspace/skunkworks/gomad/saas-temporal/walker/storage/volume.go:230"}
    logger.go:146: 2026-09-30T14:27:34.187-0700	INFO	Start invoked	{"zone": "A", "name": "BN:DN:(A:1)", "supervisor_type": "walkabout_reporter", "supervisor_name": "singleton", "logging-call-at": "/Users/stephan/Workspace/skunkworks/gomad/saas-temporal/walker/bimmer/lifecycle/manager.go:167"}
    logger.go:146: 2026-09-30T14:27:34.187-0700	INFO	state transition	{"zone": "A", "name": "BN:DN:(A:1)", "supervisor_type": "walkabout_reporter", "supervisor_name": "singleton", "from": "Initialized", "to": "Starting", "logging-call-at": "/Users/stephan/Workspace/skunkworks/gomad/saas-temporal/walker/bimmer/lifecycle/manager.go:549"}
    logger.go:146: 2026-09-30T14:27:34.187-0700	INFO	Lifecycle hook completed	{"zone": "A", "name": "BN:DN:(A:1)", "supervisor_type": "walkabout_reporter", "supervisor_name": "singleton", "hook_point": "start", "hook_name": "supervisor-core", "hook_duration": "10.833µs", "logging-call-at": "/Users/stephan/Workspace/skunkworks/gomad/saas-temporal/walker/bimmer/lifecycle/manager.go:482"}
    logger.go:146: 2026-09-30T14:27:34.187-0700	INFO	state transition	{"zone": "A", "name": "BN:DN:(A:1)", "supervisor_type": "walkabout_reporter", "supervisor_name": "singleton", "from": "Starting", "to": "Started", "logging-call-at": "/Users/stephan/Workspace/skunkworks/gomad/saas-temporal/walker/bimmer/lifecycle/manager.go:549"}
    logger.go:146: 2026-09-30T14:27:34.187-0700	INFO	Start invoked	{"zone": "A", "name": "BN:DN:(A:1)", "supervisor_type": "datanode", "supervisor_name": "DN:(A:1)", "logging-call-at": "/Users/stephan/Workspace/skunkworks/gomad/saas-temporal/walker/bimmer/lifecycle/manager.go:167"}
    logger.go:146: 2026-09-30T14:27:34.187-0700	INFO	state transition	{"zone": "A", "name": "BN:DN:(A:1)", "supervisor_type": "datanode", "supervisor_name": "DN:(A:1)", "from": "Initialized", "to": "Starting", "logging-call-at": "/Users/stephan/Workspace/skunkworks/gomad/saas-temporal/walker/bimmer/lifecycle/manager.go:549"}
    logger.go:146: 2026-09-30T14:27:34.187-0700	INFO	Lifecycle hook completed	{"zone": "A", "name": "BN:DN:(A:1)", "supervisor_type": "datanode", "supervisor_name": "DN:(A:1)", "hook_point": "start", "hook_name": "supervisor-core", "hook_duration": "10.75µs", "logging-call-at": "/Users/stephan/Workspace/skunkworks/gomad/saas-temporal/walker/bimmer/lifecycle/manager.go:482"}
    logger.go:146: 2026-09-30T14:27:34.187-0700	INFO	Supervisor process loop started	{"zone": "A", "name": "BN:DN:(A:1)", "supervisor_type": "walkabout_reporter", "supervisor_name": "singleton", "logging-call-at": "/Users/stephan/Workspace/skunkworks/gomad/saas-temporal/walker/bimmer/supervisors/supervisors.go:186"}
    logger.go:146: 2026-09-30T14:27:34.187-0700	INFO	Supervisor process loop started	{"zone": "A", "name": "BN:DN:(A:1)", "supervisor_type": "datanode", "supervisor_name": "DN:(A:1)", "logging-call-at": "/Users/stephan/Workspace/skunkworks/gomad/saas-temporal/walker/bimmer/supervisors/supervisors.go:186"}
    logger.go:146: 2026-09-30T14:27:34.187-0700	INFO	Lifecycle hook completed	{"zone": "A", "name": "BN:DN:(A:1)", "supervisor_type": "datanode", "supervisor_name": "DN:(A:1)", "hook_point": "start", "hook_name": "datanode-poll-loop", "hook_duration": "9.084µs", "logging-call-at": "/Users/stephan/Workspace/skunkworks/gomad/saas-temporal/walker/bimmer/lifecycle/manager.go:482"}
    logger.go:146: 2026-09-30T14:27:34.187-0700	INFO	state transition	{"zone": "A", "name": "BN:DN:(A:1)", "supervisor_type": "datanode", "supervisor_name": "DN:(A:1)", "from": "Starting", "to": "Started", "logging-call-at": "/Users/stephan/Workspace/skunkworks/gomad/saas-temporal/walker/bimmer/lifecycle/manager.go:549"}
    logger.go:146: 2026-09-30T14:27:34.187-0700	INFO	Bimmernode Started	{"zone": "A", "name": "BN:DN:(A:1)", "logging-call-at": "/Users/stephan/Workspace/skunkworks/gomad/saas-temporal/walker/bimmer/server/bimmer.go:491"}
    logger.go:146: 2026-09-30T14:27:34.187-0700	INFO	Scheduled next local IU GC	{"zone": "A", "name": "BN:DN:(A:1)", "interval": "1h0m0s", "logging-call-at": "/Users/stephan/Workspace/skunkworks/gomad/saas-temporal/walker/bimmer/server/bimmer.go:470"}
    logger.go:146: 2026-09-30T14:27:34.187-0700	INFO	Bimmernode started	{"zone": "A", "name": "BN:DN:(A:1)", "vcs.revision": "", "logging-call-at": "/Users/stephan/Workspace/skunkworks/gomad/saas-temporal/walker/bimmer/server/bimmer.go:439"}
    node.go:541: ServiceInstance (Datanode) started: zone: A address: "127.0.0.1:12183"
    node.go:265: TestInProcessProfile_SingleZoneShutdownReleasesGossip: Node (DN:(A:1)) Started: Datanode
    logger.go:146: 2026-09-30T14:27:34.187-0700	INFO	Starting walker instance	{"zone": "A", "logging-call-at": "/Users/stephan/Workspace/skunkworks/gomad/saas-temporal/walker/localcluster/in_process_execution_env.go:734"}
    logger.go:146: 2026-09-30T14:27:34.187-0700	INFO	ServiceInstance::Run() starting	{"zone": "A", "logging-call-at": "/Users/stephan/Workspace/skunkworks/gomad/saas-temporal/walker/serviceinstance/service_instance.go:503"}
    logger.go:146: 2026-09-30T14:27:34.188-0700	INFO	ServiceInstance::Run() calling maybeRunBootstrapper	{"zone": "A", "logging-call-at": "/Users/stephan/Workspace/skunkworks/gomad/saas-temporal/walker/serviceinstance/service_instance.go:511"}
    logger.go:146: 2026-09-30T14:27:34.188-0700	INFO	ServiceInstance::Run() calling maybeRunWalkabout	{"zone": "A", "logging-call-at": "/Users/stephan/Workspace/skunkworks/gomad/saas-temporal/walker/serviceinstance/service_instance.go:516"}
    logger.go:146: 2026-09-30T14:27:34.188-0700	INFO	ServiceInstance::Run() calling maybeRunDatanode	{"zone": "A", "logging-call-at": "/Users/stephan/Workspace/skunkworks/gomad/saas-temporal/walker/serviceinstance/service_instance.go:523"}
    logger.go:146: 2026-09-30T14:27:34.200-0700	INFO	ServiceInstance::Run() calling maybeRunDatanode	{"zone": "A", "logging-call-at": "/Users/stephan/Workspace/skunkworks/gomad/saas-temporal/walker/serviceinstance/service_instance.go:523"}
    logger.go:146: 2026-09-30T14:27:34.200-0700	INFO	ServiceInstance::Run() calling maybeRunBimmer	{"zone": "A", "logging-call-at": "/Users/stephan/Workspace/skunkworks/gomad/saas-temporal/walker/serviceinstance/service_instance.go:530"}
    logger.go:146: 2026-09-30T14:27:34.210-0700	INFO	ServiceInstance::Run() calling maybeRunBimmer	{"zone": "A", "logging-call-at": "/Users/stephan/Workspace/skunkworks/gomad/saas-temporal/walker/serviceinstance/service_instance.go:530"}
    logger.go:146: 2026-09-30T14:27:34.224-0700	INFO	ServiceInstance::Run() all components registered	{"zone": "A", "logging-call-at": "/Users/stephan/Workspace/skunkworks/gomad/saas-temporal/walker/serviceinstance/service_instance.go:543"}
    logger.go:146: 2026-09-30T14:27:34.224-0700	INFO	ServiceInstance::Run() calling serveGRPC	{"zone": "A", "components": ":Walkabout:Bimmer", "logging-call-at": "/Users/stephan/Workspace/skunkworks/gomad/saas-temporal/walker/serviceinstance/service_instance.go:555"}
    logger.go:146: 2026-09-30T14:27:34.224-0700	INFO	ServiceInstance serving at	{"zone": "A", "components": ":Walkabout:Bimmer", "address": "127.0.0.1:12179", "logging-call-at": "/Users/stephan/Workspace/skunkworks/gomad/saas-temporal/walker/serviceinstance/service_instance.go:665"}
    logger.go:146: 2026-09-30T14:27:34.224-0700	INFO	ServiceInstance serving at	{"zone": "A", "components": ":Walkabout:Bimmer", "address": "127.0.0.1:12180", "logging-call-at": "/Users/stephan/Workspace/skunkworks/gomad/saas-temporal/walker/serviceinstance/service_instance.go:665"}
    node.go:566: ServiceInstance (Walkabout) healthy: zone: A address: "127.0.0.1:12179"
    logger.go:146: 2026-09-30T14:27:34.235-0700	INFO	ServiceInstance::Run() all components registered	{"zone": "A", "logging-call-at": "/Users/stephan/Workspace/skunkworks/gomad/saas-temporal/walker/serviceinstance/service_instance.go:543"}
    logger.go:146: 2026-09-30T14:27:34.235-0700	INFO	ServiceInstance::Run() calling serveGRPC	{"zone": "A", "components": ":Datanode:Bimmer", "logging-call-at": "/Users/stephan/Workspace/skunkworks/gomad/saas-temporal/walker/serviceinstance/service_instance.go:555"}
    logger.go:146: 2026-09-30T14:27:34.235-0700	INFO	ServiceInstance serving at	{"zone": "A", "components": ":Datanode:Bimmer", "address": "127.0.0.1:12183", "logging-call-at": "/Users/stephan/Workspace/skunkworks/gomad/saas-temporal/walker/serviceinstance/service_instance.go:665"}
    logger.go:146: 2026-09-30T14:27:34.235-0700	INFO	ServiceInstance serving at	{"zone": "A", "components": ":Datanode:Bimmer", "address": "127.0.0.1:12184", "logging-call-at": "/Users/stephan/Workspace/skunkworks/gomad/saas-temporal/walker/serviceinstance/service_instance.go:665"}
    node.go:566: ServiceInstance (Datanode) healthy: zone: A address: "127.0.0.1:12183"
    logger.go:146: 2026-09-30T14:27:34.237-0700	INFO	Initial Status	{"zone": "A", "name": "DN:(A:1)@12183", "cproto:*walkaboutv1.DatanodeSummary": "H4sIAAAAAAAA/7zOMUvEMBwFcHp0kC6WTofTcZMKbZI2tb1uBUFc5PCcXCRN/jkDuaQkVw+3LA6C31lBcPED9A1veMv7JV1ydvvQXfYduUq//xJdnJOyKXCBC9KRkrTVOuqv/200+4qzjzgZEQet0RP4473ZOsvB+62zUml42Smz1/BsDexep6OwJ/MIGpgHf2e9VyPqkbECEGPlIAXmeSsx5LQmJB9uGp5ToBTXuGy4FOjN6ukAOU6jZQghxKvfLj8X8xOyEM19icDslQGPRqcOzL0vF+t0sxG4Fi0RA6sqWvHuNLtqmKQEt4raxc8A6nchuUsCAAA=", "logging-call-at": "/Users/stephan/Workspace/skunkworks/gomad/saas-temporal/walker/datanode/server/datanode.go:902"}
    logger.go:146: 2026-09-30T14:27:34.252-0700	INFO	ShardReplicasScorecard::Initialize upgrade complete	{"zone": "A", "name": "WN:(A):@12179", "upgradeCount": 1, "retryCount": 0, "elapsed": "148.951041ms", "logging-call-at": "/Users/stephan/Workspace/skunkworks/gomad/saas-temporal/walker/scorecard/shard_replicas_scorecard.go:971"}
    logger.go:146: 2026-09-30T14:27:34.267-0700	INFO	(Re)Initializing Walkabout client for Address	{"zone": "A", "class": "walkaboutReliableClient", "address": "127.0.0.1:12179", "logging-call-at": "/Users/stephan/Workspace/skunkworks/gomad/saas-temporal/walker/walkabout/client/walkabout_reliable_client.go:98"}
    logger.go:146: 2026-09-30T14:27:34.275-0700	INFO	(Re)Initializing Walkabout CP client for Address	{"zone": "A", "subcomponent": "walkaboutReliableCPClient", "address": "127.0.0.1:12179", "logging-call-at": "/Users/stephan/Workspace/skunkworks/gomad/saas-temporal/walker/walkabout/client/walkabout_reliable_cp_client.go:102"}
    logger.go:146: 2026-09-30T14:27:34.295-0700	INFO	Awaiting state of joy	{"Replicas": null, "logging-call-at": "/Users/stephan/Workspace/skunkworks/gomad/saas-temporal/walker/localcluster/local_cluster.go:721"}
    logger.go:146: 2026-09-30T14:27:34.326-0700	INFO	Start invoked	{"zone": "A", "name": "BN:DN:(A:1)", "supervisor_type": "volume", "supervisor_name": "/cell/TestInProcessProfile_SingleZoneShutdownReleasesGossip/A/node/aa2bfd0c-8f0e-4511-b67c-4e4405027cfd/volume-0", "logging-call-at": "/Users/stephan/Workspace/skunkworks/gomad/saas-temporal/walker/bimmer/lifecycle/manager.go:167"}
    logger.go:146: 2026-09-30T14:27:34.326-0700	INFO	state transition	{"zone": "A", "name": "BN:DN:(A:1)", "supervisor_type": "volume", "supervisor_name": "/cell/TestInProcessProfile_SingleZoneShutdownReleasesGossip/A/node/aa2bfd0c-8f0e-4511-b67c-4e4405027cfd/volume-0", "from": "Initialized", "to": "Starting", "logging-call-at": "/Users/stephan/Workspace/skunkworks/gomad/saas-temporal/walker/bimmer/lifecycle/manager.go:549"}
    logger.go:146: 2026-09-30T14:27:34.326-0700	INFO	Lifecycle hook completed	{"zone": "A", "name": "BN:DN:(A:1)", "supervisor_type": "volume", "supervisor_name": "/cell/TestInProcessProfile_SingleZoneShutdownReleasesGossip/A/node/aa2bfd0c-8f0e-4511-b67c-4e4405027cfd/volume-0", "hook_point": "start", "hook_name": "supervisor-core", "hook_duration": "10.208µs", "logging-call-at": "/Users/stephan/Workspace/skunkworks/gomad/saas-temporal/walker/bimmer/lifecycle/manager.go:482"}
    logger.go:146: 2026-09-30T14:27:34.326-0700	INFO	Supervisor process loop started	{"zone": "A", "name": "BN:DN:(A:1)", "supervisor_type": "volume", "supervisor_name": "/cell/TestInProcessProfile_SingleZoneShutdownReleasesGossip/A/node/aa2bfd0c-8f0e-4511-b67c-4e4405027cfd/volume-0", "logging-call-at": "/Users/stephan/Workspace/skunkworks/gomad/saas-temporal/walker/bimmer/supervisors/supervisors.go:186"}
    logger.go:146: 2026-09-30T14:27:34.326-0700	INFO	Lifecycle hook completed	{"zone": "A", "name": "BN:DN:(A:1)", "supervisor_type": "volume", "supervisor_name": "/cell/TestInProcessProfile_SingleZoneShutdownReleasesGossip/A/node/aa2bfd0c-8f0e-4511-b67c-4e4405027cfd/volume-0", "hook_point": "start", "hook_name": "volume-init", "hook_duration": "31.5µs", "logging-call-at": "/Users/stephan/Workspace/skunkworks/gomad/saas-temporal/walker/bimmer/lifecycle/manager.go:482"}
    logger.go:146: 2026-09-30T14:27:34.326-0700	INFO	state transition	{"zone": "A", "name": "BN:DN:(A:1)", "supervisor_type": "volume", "supervisor_name": "/cell/TestInProcessProfile_SingleZoneShutdownReleasesGossip/A/node/aa2bfd0c-8f0e-4511-b67c-4e4405027cfd/volume-0", "from": "Starting", "to": "Started", "logging-call-at": "/Users/stephan/Workspace/skunkworks/gomad/saas-temporal/walker/bimmer/lifecycle/manager.go:549"}
    logger.go:146: 2026-09-30T14:27:34.326-0700	INFO	attached dependent	{"zone": "A", "name": "BN:DN:(A:1)", "supervisor_type": "datanode", "supervisor_name": "DN:(A:1)", "dependent": {}, "logging-call-at": "/Users/stephan/Workspace/skunkworks/gomad/saas-temporal/walker/bimmer/lifecycle/manager.go:458"}
    logger.go:146: 2026-09-30T14:27:34.326-0700	INFO	Added VolumeSupervisor	{"zone": "A", "name": "BN:DN:(A:1)", "supervisor_type": "datanode", "supervisor_name": "DN:(A:1)", "supervisor_key": "volume/cell/TestInProcessProfile_SingleZoneShutdownReleasesGossip/A/node/aa2bfd0c-8f0e-4511-b67c-4e4405027cfd/volume-0", "logging-call-at": "/Users/stephan/Workspace/skunkworks/gomad/saas-temporal/walker/bimmer/supervisors/datanode_supervisor.go:156"}
    logger.go:146: 2026-09-30T14:27:34.373-0700	INFO	DatanodesScorecard received new Datanode registration	{"zone": "A", "name": "WN:(A):@12179", "DatanodeInfo": "DN:(A:1)[127.0.0.1:12183(A)]", "logging-call-at": "/Users/stephan/Workspace/skunkworks/gomad/saas-temporal/walker/scorecard/datanodes_scorecard.go:217"}
    logger.go:146: 2026-09-30T14:27:35.307-0700	INFO	(Re)Initializing Walkabout client for Address	{"zone": "A", "class": "walkaboutReliableClient", "address": "127.0.0.1:12179", "logging-call-at": "/Users/stephan/Workspace/skunkworks/gomad/saas-temporal/walker/walkabout/client/walkabout_reliable_client.go:98"}
    logger.go:146: 2026-09-30T14:27:35.314-0700	INFO	(Re)Initializing Walkabout CP client for Address	{"zone": "A", "subcomponent": "walkaboutReliableCPClient", "address": "127.0.0.1:12179", "logging-call-at": "/Users/stephan/Workspace/skunkworks/gomad/saas-temporal/walker/walkabout/client/walkabout_reliable_cp_client.go:102"}
    logger.go:146: 2026-09-30T14:27:35.317-0700	INFO	Awaiting state of joy	{"Replicas": null, "logging-call-at": "/Users/stephan/Workspace/skunkworks/gomad/saas-temporal/walker/localcluster/local_cluster.go:721"}
    logger.go:146: 2026-09-30T14:27:36.336-0700	INFO	(Re)Initializing Walkabout client for Address	{"zone": "A", "class": "walkaboutReliableClient", "address": "127.0.0.1:12179", "logging-call-at": "/Users/stephan/Workspace/skunkworks/gomad/saas-temporal/walker/walkabout/client/walkabout_reliable_client.go:98"}
    logger.go:146: 2026-09-30T14:27:36.354-0700	INFO	(Re)Initializing Walkabout CP client for Address	{"zone": "A", "subcomponent": "walkaboutReliableCPClient", "address": "127.0.0.1:12179", "logging-call-at": "/Users/stephan/Workspace/skunkworks/gomad/saas-temporal/walker/walkabout/client/walkabout_reliable_cp_client.go:102"}
    logger.go:146: 2026-09-30T14:27:36.357-0700	INFO	Awaiting state of joy	{"Replicas": null, "logging-call-at": "/Users/stephan/Workspace/skunkworks/gomad/saas-temporal/walker/localcluster/local_cluster.go:721"}
    logger.go:146: 2026-09-30T14:27:37.371-0700	INFO	(Re)Initializing Walkabout client for Address	{"zone": "A", "class": "walkaboutReliableClient", "address": "127.0.0.1:12179", "logging-call-at": "/Users/stephan/Workspace/skunkworks/gomad/saas-temporal/walker/walkabout/client/walkabout_reliable_client.go:98"}
    logger.go:146: 2026-09-30T14:27:37.376-0700	INFO	(Re)Initializing Walkabout CP client for Address	{"zone": "A", "subcomponent": "walkaboutReliableCPClient", "address": "127.0.0.1:12179", "logging-call-at": "/Users/stephan/Workspace/skunkworks/gomad/saas-temporal/walker/walkabout/client/walkabout_reliable_cp_client.go:102"}
    logger.go:146: 2026-09-30T14:27:37.379-0700	INFO	Awaiting state of joy	{"Replicas": null, "logging-call-at": "/Users/stephan/Workspace/skunkworks/gomad/saas-temporal/walker/localcluster/local_cluster.go:721"}
    logger.go:146: 2026-09-30T14:27:38.401-0700	INFO	(Re)Initializing Walkabout client for Address	{"zone": "A", "class": "walkaboutReliableClient", "address": "127.0.0.1:12179", "logging-call-at": "/Users/stephan/Workspace/skunkworks/gomad/saas-temporal/walker/walkabout/client/walkabout_reliable_client.go:98"}
    logger.go:146: 2026-09-30T14:27:38.453-0700	INFO	(Re)Initializing Walkabout CP client for Address	{"zone": "A", "subcomponent": "walkaboutReliableCPClient", "address": "127.0.0.1:12179", "logging-call-at": "/Users/stephan/Workspace/skunkworks/gomad/saas-temporal/walker/walkabout/client/walkabout_reliable_cp_client.go:102"}
    logger.go:146: 2026-09-30T14:27:38.455-0700	INFO	Awaiting state of joy	{"Replicas": null, "logging-call-at": "/Users/stephan/Workspace/skunkworks/gomad/saas-temporal/walker/localcluster/local_cluster.go:721"}
    logger.go:146: 2026-09-30T14:27:39.477-0700	INFO	(Re)Initializing Walkabout client for Address	{"zone": "A", "class": "walkaboutReliableClient", "address": "127.0.0.1:12179", "logging-call-at": "/Users/stephan/Workspace/skunkworks/gomad/saas-temporal/walker/walkabout/client/walkabout_reliable_client.go:98"}
    logger.go:146: 2026-09-30T14:27:39.521-0700	INFO	(Re)Initializing Walkabout CP client for Address	{"zone": "A", "subcomponent": "walkaboutReliableCPClient", "address": "127.0.0.1:12179", "logging-call-at": "/Users/stephan/Workspace/skunkworks/gomad/saas-temporal/walker/walkabout/client/walkabout_reliable_cp_client.go:102"}
    logger.go:146: 2026-09-30T14:27:39.525-0700	INFO	Awaiting state of joy	{"Replicas": null, "logging-call-at": "/Users/stephan/Workspace/skunkworks/gomad/saas-temporal/walker/localcluster/local_cluster.go:721"}
    logger.go:146: 2026-09-30T14:27:40.542-0700	INFO	(Re)Initializing Walkabout client for Address	{"zone": "A", "class": "walkaboutReliableClient", "address": "127.0.0.1:12179", "logging-call-at": "/Users/stephan/Workspace/skunkworks/gomad/saas-temporal/walker/walkabout/client/walkabout_reliable_client.go:98"}
    logger.go:146: 2026-09-30T14:27:40.551-0700	INFO	(Re)Initializing Walkabout CP client for Address	{"zone": "A", "subcomponent": "walkaboutReliableCPClient", "address": "127.0.0.1:12179", "logging-call-at": "/Users/stephan/Workspace/skunkworks/gomad/saas-temporal/walker/walkabout/client/walkabout_reliable_cp_client.go:102"}
    logger.go:146: 2026-09-30T14:27:40.554-0700	INFO	Awaiting state of joy	{"Replicas": null, "logging-call-at": "/Users/stephan/Workspace/skunkworks/gomad/saas-temporal/walker/localcluster/local_cluster.go:721"}
    logger.go:146: 2026-09-30T14:27:41.573-0700	INFO	(Re)Initializing Walkabout client for Address	{"zone": "A", "class": "walkaboutReliableClient", "address": "127.0.0.1:12179", "logging-call-at": "/Users/stephan/Workspace/skunkworks/gomad/saas-temporal/walker/walkabout/client/walkabout_reliable_client.go:98"}
    logger.go:146: 2026-09-30T14:27:41.602-0700	INFO	(Re)Initializing Walkabout CP client for Address	{"zone": "A", "subcomponent": "walkaboutReliableCPClient", "address": "127.0.0.1:12179", "logging-call-at": "/Users/stephan/Workspace/skunkworks/gomad/saas-temporal/walker/walkabout/client/walkabout_reliable_cp_client.go:102"}
    logger.go:146: 2026-09-30T14:27:41.605-0700	INFO	Awaiting state of joy	{"Replicas": null, "logging-call-at": "/Users/stephan/Workspace/skunkworks/gomad/saas-temporal/walker/localcluster/local_cluster.go:721"}
    logger.go:146: 2026-09-30T14:27:42.627-0700	INFO	(Re)Initializing Walkabout client for Address	{"zone": "A", "class": "walkaboutReliableClient", "address": "127.0.0.1:12179", "logging-call-at": "/Users/stephan/Workspace/skunkworks/gomad/saas-temporal/walker/walkabout/client/walkabout_reliable_client.go:98"}
    logger.go:146: 2026-09-30T14:27:42.665-0700	INFO	(Re)Initializing Walkabout CP client for Address	{"zone": "A", "subcomponent": "walkaboutReliableCPClient", "address": "127.0.0.1:12179", "logging-call-at": "/Users/stephan/Workspace/skunkworks/gomad/saas-temporal/walker/walkabout/client/walkabout_reliable_cp_client.go:102"}
    logger.go:146: 2026-09-30T14:27:42.668-0700	INFO	Awaiting state of joy	{"Replicas": null, "logging-call-at": "/Users/stephan/Workspace/skunkworks/gomad/saas-temporal/walker/localcluster/local_cluster.go:721"}
    logger.go:146: 2026-09-30T14:27:43.677-0700	INFO	(Re)Initializing Walkabout client for Address	{"zone": "A", "class": "walkaboutReliableClient", "address": "127.0.0.1:12179", "logging-call-at": "/Users/stephan/Workspace/skunkworks/gomad/saas-temporal/walker/walkabout/client/walkabout_reliable_client.go:98"}
    logger.go:146: 2026-09-30T14:27:43.711-0700	INFO	(Re)Initializing Walkabout CP client for Address	{"zone": "A", "subcomponent": "walkaboutReliableCPClient", "address": "127.0.0.1:12179", "logging-call-at": "/Users/stephan/Workspace/skunkworks/gomad/saas-temporal/walker/walkabout/client/walkabout_reliable_cp_client.go:102"}
    logger.go:146: 2026-09-30T14:27:43.713-0700	INFO	Awaiting state of joy	{"Replicas": null, "logging-call-at": "/Users/stephan/Workspace/skunkworks/gomad/saas-temporal/walker/localcluster/local_cluster.go:721"}
    logger.go:146: 2026-09-30T14:27:44.758-0700	INFO	(Re)Initializing Walkabout client for Address	{"zone": "A", "class": "walkaboutReliableClient", "address": "127.0.0.1:12179", "logging-call-at": "/Users/stephan/Workspace/skunkworks/gomad/saas-temporal/walker/walkabout/client/walkabout_reliable_client.go:98"}
    logger.go:146: 2026-09-30T14:27:44.786-0700	INFO	(Re)Initializing Walkabout CP client for Address	{"zone": "A", "subcomponent": "walkaboutReliableCPClient", "address": "127.0.0.1:12179", "logging-call-at": "/Users/stephan/Workspace/skunkworks/gomad/saas-temporal/walker/walkabout/client/walkabout_reliable_cp_client.go:102"}
    logger.go:146: 2026-09-30T14:27:44.789-0700	INFO	Awaiting state of joy	{"Replicas": null, "logging-call-at": "/Users/stephan/Workspace/skunkworks/gomad/saas-temporal/walker/localcluster/local_cluster.go:721"}
    logger.go:146: 2026-09-30T14:27:45.828-0700	INFO	(Re)Initializing Walkabout client for Address	{"zone": "A", "class": "walkaboutReliableClient", "address": "127.0.0.1:12179", "logging-call-at": "/Users/stephan/Workspace/skunkworks/gomad/saas-temporal/walker/walkabout/client/walkabout_reliable_client.go:98"}
    logger.go:146: 2026-09-30T14:27:45.829-0700	INFO	(Re)Initializing Walkabout CP client for Address	{"zone": "A", "subcomponent": "walkaboutReliableCPClient", "address": "127.0.0.1:12179", "logging-call-at": "/Users/stephan/Workspace/skunkworks/gomad/saas-temporal/walker/walkabout/client/walkabout_reliable_cp_client.go:102"}
    logger.go:146: 2026-09-30T14:27:45.831-0700	INFO	Awaiting state of joy	{"Replicas": null, "logging-call-at": "/Users/stephan/Workspace/skunkworks/gomad/saas-temporal/walker/localcluster/local_cluster.go:721"}
    logger.go:146: 2026-09-30T14:27:46.855-0700	INFO	(Re)Initializing Walkabout client for Address	{"zone": "A", "class": "walkaboutReliableClient", "address": "127.0.0.1:12179", "logging-call-at": "/Users/stephan/Workspace/skunkworks/gomad/saas-temporal/walker/walkabout/client/walkabout_reliable_client.go:98"}
    logger.go:146: 2026-09-30T14:27:46.894-0700	INFO	(Re)Initializing Walkabout CP client for Address	{"zone": "A", "subcomponent": "walkaboutReliableCPClient", "address": "127.0.0.1:12179", "logging-call-at": "/Users/stephan/Workspace/skunkworks/gomad/saas-temporal/walker/walkabout/client/walkabout_reliable_cp_client.go:102"}
    logger.go:146: 2026-09-30T14:27:46.896-0700	INFO	Awaiting state of joy	{"Replicas": null, "logging-call-at": "/Users/stephan/Workspace/skunkworks/gomad/saas-temporal/walker/localcluster/local_cluster.go:721"}
    logger.go:146: 2026-09-30T14:27:47.914-0700	INFO	(Re)Initializing Walkabout client for Address	{"zone": "A", "class": "walkaboutReliableClient", "address": "127.0.0.1:12179", "logging-call-at": "/Users/stephan/Workspace/skunkworks/gomad/saas-temporal/walker/walkabout/client/walkabout_reliable_client.go:98"}
    logger.go:146: 2026-09-30T14:27:47.945-0700	INFO	(Re)Initializing Walkabout CP client for Address	{"zone": "A", "subcomponent": "walkaboutReliableCPClient", "address": "127.0.0.1:12179", "logging-call-at": "/Users/stephan/Workspace/skunkworks/gomad/saas-temporal/walker/walkabout/client/walkabout_reliable_cp_client.go:102"}
    logger.go:146: 2026-09-30T14:27:47.947-0700	INFO	Awaiting state of joy	{"Replicas": null, "logging-call-at": "/Users/stephan/Workspace/skunkworks/gomad/saas-temporal/walker/localcluster/local_cluster.go:721"}
    logger.go:146: 2026-09-30T14:27:48.966-0700	INFO	(Re)Initializing Walkabout client for Address	{"zone": "A", "class": "walkaboutReliableClient", "address": "127.0.0.1:12179", "logging-call-at": "/Users/stephan/Workspace/skunkworks/gomad/saas-temporal/walker/walkabout/client/walkabout_reliable_client.go:98"}
    logger.go:146: 2026-09-30T14:27:48.988-0700	INFO	(Re)Initializing Walkabout CP client for Address	{"zone": "A", "subcomponent": "walkaboutReliableCPClient", "address": "127.0.0.1:12179", "logging-call-at": "/Users/stephan/Workspace/skunkworks/gomad/saas-temporal/walker/walkabout/client/walkabout_reliable_cp_client.go:102"}
    logger.go:146: 2026-09-30T14:27:48.991-0700	INFO	Awaiting state of joy	{"Replicas": null, "logging-call-at": "/Users/stephan/Workspace/skunkworks/gomad/saas-temporal/walker/localcluster/local_cluster.go:721"}
    logger.go:146: 2026-09-30T14:27:50.026-0700	INFO	(Re)Initializing Walkabout client for Address	{"zone": "A", "class": "walkaboutReliableClient", "address": "127.0.0.1:12179", "logging-call-at": "/Users/stephan/Workspace/skunkworks/gomad/saas-temporal/walker/walkabout/client/walkabout_reliable_client.go:98"}
    logger.go:146: 2026-09-30T14:27:50.039-0700	INFO	(Re)Initializing Walkabout CP client for Address	{"zone": "A", "subcomponent": "walkaboutReliableCPClient", "address": "127.0.0.1:12179", "logging-call-at": "/Users/stephan/Workspace/skunkworks/gomad/saas-temporal/walker/walkabout/client/walkabout_reliable_cp_client.go:102"}
    logger.go:146: 2026-09-30T14:27:50.041-0700	INFO	Awaiting state of joy	{"Replicas": null, "logging-call-at": "/Users/stephan/Workspace/skunkworks/gomad/saas-temporal/walker/localcluster/local_cluster.go:721"}
    logger.go:146: 2026-09-30T14:27:50.107-0700	INFO	new DatanodeDirector	{"zone": "A", "name": "WN:(A):@12179", "shardspace": "Test", "subcomponent": "DatanodeDirector", "Ordinal": "1", "DirectorForID": "DN:(A:1)", "ReplicaLifetime": "Transition", "ShardKeys": "(0) <empty>", "logging-call-at": "/Users/stephan/Workspace/skunkworks/gomad/saas-temporal/walker/walkabout/server/datanode_director.go:231"}
    logger.go:146: 2026-09-30T14:27:50.107-0700	INFO	ZoneReliabilityDirector::addNodeDirectorFor (waiting)	{"zone": "A", "name": "WN:(A):@12179", "shardspace": "Test", "subcomponent": "ZoneReliabilityDirector", "DatanodeDirector": "DatanodeDirector(info=DN:(A:1)[127.0.0.1:12183(A)]) Ordinal=1", "logging-call-at": "/Users/stephan/Workspace/skunkworks/gomad/saas-temporal/walker/walkabout/server/zone_reliability_director.go:246"}
    logger.go:146: 2026-09-30T14:27:50.107-0700	INFO	Waiting NodeDirector but no eligible dead node	{"zone": "A", "name": "WN:(A):@12179", "shardspace": "Test", "subcomponent": "ZoneReliabilityDirector", "logging-call-at": "/Users/stephan/Workspace/skunkworks/gomad/saas-temporal/walker/walkabout/server/zone_reliability_director.go:456"}
    logger.go:146: 2026-09-30T14:27:50.107-0700	INFO	ZoneReliabilityDirector: Promoting empty waiting Datanode to fulfill desired capacity	{"zone": "A", "name": "WN:(A):@12179", "shardspace": "Test", "subcomponent": "ZoneReliabilityDirector", "request-count": 1, "running count": 1, "Promoted": "DatanodeDirector(info=DN:(A:1)[127.0.0.1:12183(A)]) Ordinal=1", "logging-call-at": "/Users/stephan/Workspace/skunkworks/gomad/saas-temporal/walker/walkabout/server/zone_reliability_director.go:615"}
    logger.go:146: 2026-09-30T14:27:50.108-0700	WARN	ZoneReliabilityDirector: transitioning Zone to stable	{"zone": "A", "name": "WN:(A):@12179", "shardspace": "Test", "subcomponent": "ZoneReliabilityDirector", "logging-call-at": "/Users/stephan/Workspace/skunkworks/gomad/saas-temporal/walker/walkabout/server/zone_reliability_director.go:948"}
    logger.go:146: 2026-09-30T14:27:50.108-0700	INFO	BalanceDirectorRGB::assignMissingReplicasForShards missing shards	{"zone": "A", "name": "WN:(A):@12179", "shardspace": "Test", "subcomponent": "BalanceDirectorRGB", "RoperationSetID": "RGB:3a634d", "ShardKeys": "(1) :1", "logging-call-at": "/Users/stephan/Workspace/skunkworks/gomad/saas-temporal/walker/walkabout/server/balance_director_rgb.go:465"}
    logger.go:146: 2026-09-30T14:27:50.108-0700	INFO	BalanceDirectorRGB rebalancing Datanode	{"zone": "A", "name": "WN:(A):@12179", "shardspace": "Test", "subcomponent": "BalanceDirectorRGB", "targetNode": "DN:(A:1)", "goalState": "Replicating", "ReportedReplicaCount": 0, "logging-call-at": "/Users/stephan/Workspace/skunkworks/gomad/saas-temporal/walker/walkabout/server/balance_director_rgb.go:1040"}
    logger.go:146: 2026-09-30T14:27:50.108-0700	WARN	BalanceDirectorRGB::assignMissingReplicasForShards ran out of candidate Datanodes; remaining shards deferred	{"zone": "A", "name": "WN:(A):@12179", "shardspace": "Test", "subcomponent": "BalanceDirectorRGB", "RoperationSetID": "RGB:3a634d", "shard-id": 1, "goalRejectedNodes": 0, "logging-call-at": "/Users/stephan/Workspace/skunkworks/gomad/saas-temporal/walker/walkabout/server/balance_director_rgb.go:506"}
    logger.go:146: 2026-09-30T14:27:50.108-0700	INFO	BalanceDirectorRGB assigning missing shards	{"zone": "A", "name": "WN:(A):@12179", "shardspace": "Test", "subcomponent": "BalanceDirectorRGB", "RoperationSetID": "RGB:3a634d", "ShardKeys": "(1) :1", "logging-call-at": "/Users/stephan/Workspace/skunkworks/gomad/saas-temporal/walker/walkabout/server/balance_director_rgb.go:512"}
    logger.go:146: 2026-09-30T14:27:50.108-0700	INFO	RoperationSet started, Wait(ing)	{"zone": "A", "name": "WN:(A):@12179", "shardspace": "Test", "subcomponent": "BalanceDirectorRGB", "RoperationSetID": "RGB:3a634d", "counter": 1, "logging-call-at": "/Users/stephan/Workspace/skunkworks/gomad/saas-temporal/walker/walkabout/server/roperation_set.go:153"}
    logger.go:146: 2026-09-30T14:27:50.108-0700	INFO	Roperation added	{"zone": "A", "name": "WN:(A):@12179", "shardspace": "Test", "subcomponent": "DatanodeDirector", "Ordinal": "1", "DirectorForID": "DN:(A:1)", "ReplicaLifetime": "Start", "goalState": "Replicating", "ShardKeys": "(1) :1", "DatanodeInfo": "DN:(A:1)[127.0.0.1:12183(A)]", "RoperationSetID": "RGB:3a634d", "logging-call-at": "/Users/stephan/Workspace/skunkworks/gomad/saas-temporal/walker/walkabout/server/datanode_director.go:493"}
    logger.go:146: 2026-09-30T14:27:50.108-0700	INFO	offering event	{"zone": "A", "name": "WN:(A):@12179", "table": "event_walker_roperation_started", "payload": {"balancer":"RGB","created_at":1790803670108,"datanode_address":"127.0.0.1:12183","datanode_id":"DN:(A:1)","goal_state":"Replicating","roperation_set_id":"RGB:3a634d","shard_id":1,"shardspace":-1,"volume_id":"/cell/TestInProcessProfile_SingleZoneShutdownReleasesGossip/A/node/aa2bfd0c-8f0e-4511-b67c-4e4405027cfd/volume-0","zone":"A"}, "logging-call-at": "/Users/stephan/Workspace/skunkworks/gomad/saas-temporal/cloudmetricshandler/events/producer.go:76"}
    logger.go:146: 2026-09-30T14:27:50.139-0700	INFO	StartRoperation	{"zone": "A", "name": "DN:(A:1)@12183", "RoperationSetID": "RGB:3a634d", "ReplicaState": "Replicating", "ShardKeys": "(1) :1", "logging-call-at": "/Users/stephan/Workspace/skunkworks/gomad/saas-temporal/walker/datanode/server/datanode.go:1845"}
    logger.go:146: 2026-09-30T14:27:50.139-0700	INFO	Subroperation started	{"zone": "A", "name": "DN:(A:1)@12183", "RoperationSetID": "RGB:3a634d", "goalState": "Replicating", "totalShards": 1, "ReplicaLifetime": "Start", "shard-id": 1, "logging-call-at": "/Users/stephan/Workspace/skunkworks/gomad/saas-temporal/walker/datanode/server/rebalance_operation_tracker.go:695"}
    logger.go:146: 2026-09-30T14:27:50.139-0700	INFO	Roperation startup completed	{"zone": "A", "name": "DN:(A:1)@12183", "RoperationSetID": "RGB:3a634d", "goalState": "Replicating", "totalShards": 1, "ShardKeys": "(1) :1", "logging-call-at": "/Users/stephan/Workspace/skunkworks/gomad/saas-temporal/walker/datanode/server/rebalance_operation_tracker.go:702"}
    logger.go:146: 2026-09-30T14:27:50.140-0700	INFO	Triggering early heartbeat	{"zone": "A", "name": "DN:(A:1)@12183", "reason": "roperation progress: RGB:3a634d", "logging-call-at": "/Users/stephan/Workspace/skunkworks/gomad/saas-temporal/walker/datanode/server/datanode.go:675"}
    logger.go:146: 2026-09-30T14:27:50.140-0700	INFO	offering event	{"zone": "A", "name": "DN:(A:1)@12183", "table": "event_replica_state_transition", "payload": {"change_sequence":0,"committed_shardpoint_clock":0,"committed_shardpoint_sequence":0,"datanode_id":"DN:(A:1)","from_goal":"Replicating","from_state":"Unknown","generation":0,"reason":"assign","session_id":0,"shard_id":1,"shardspace":"Test","to_goal":"Replicating","to_state":"Assigned","transition_ts":1790803670140079}, "logging-call-at": "/Users/stephan/Workspace/skunkworks/gomad/saas-temporal/cloudmetricshandler/events/producer.go:76"}
    logger.go:146: 2026-09-30T14:27:50.140-0700	INFO	Triggering early heartbeat	{"zone": "A", "name": "DN:(A:1)@12183", "reason": "StartRoperation", "logging-call-at": "/Users/stephan/Workspace/skunkworks/gomad/saas-temporal/walker/datanode/server/datanode.go:675"}
    logger.go:146: 2026-09-30T14:27:50.141-0700	INFO	CheckpointRestore started via StartRoperation	{"zone": "A", "name": "WN:(A):@12179", "shardspace": "Test", "subcomponent": "DatanodeDirector", "Ordinal": "1", "DirectorForID": "DN:(A:1)", "RoperationSetID": "RGB:3a634d", "value": "datanodeAddress:\"127.0.0.1:12183\" requestIssuedTimestamp:1790803670109001000 roperationID:\"RGB:3a634d\" replicaModels:{info:{shardKey:{Shardspace:18446744073709551615 ShardID:1} datanodeID:\"DN:(A:1)\"} spec:{goalState:REPLICA_STATE_REPLICATING minimumShardpoint:{ordinal:2} goal:{shardpoint:{ordinal:2}}} status:{volumeID:\"/cell/TestInProcessProfile_SingleZoneShutdownReleasesGossip/A/node/aa2bfd0c-8f0e-4511-b67c-4e4405027cfd/volume-0\"}} volumeID:\"/cell/TestInProcessProfile_SingleZoneShutdownReleasesGossip/A/node/aa2bfd0c-8f0e-4511-b67c-4e4405027cfd/volume-0\"", "logging-call-at": "/Users/stephan/Workspace/skunkworks/gomad/saas-temporal/walker/walkabout/server/roperation_manager.go:769"}
    logger.go:146: 2026-09-30T14:27:50.141-0700	INFO	Roperation started	{"zone": "A", "name": "WN:(A):@12179", "shardspace": "Test", "subcomponent": "DatanodeDirector", "Ordinal": "1", "DirectorForID": "DN:(A:1)", "RoperationSetID": "RGB:3a634d", "ReplicaLifetime": "Start", "goalState": "Replicating", "ShardKeys": "(1) :1", "DatanodeInfo": "DN:(A:1)[127.0.0.1:12183(A)]", "logging-call-at": "/Users/stephan/Workspace/skunkworks/gomad/saas-temporal/walker/walkabout/server/roperation_manager.go:349"}
    logger.go:146: 2026-09-30T14:27:50.141-0700	INFO	Start invoked	{"zone": "A", "name": "BN:DN:(A:1)", "supervisor_type": "replica", "supervisor_name": "Test/1", "logging-call-at": "/Users/stephan/Workspace/skunkworks/gomad/saas-temporal/walker/bimmer/lifecycle/manager.go:167"}
    logger.go:146: 2026-09-30T14:27:50.141-0700	INFO	state transition	{"zone": "A", "name": "BN:DN:(A:1)", "supervisor_type": "replica", "supervisor_name": "Test/1", "from": "Initialized", "to": "Starting", "logging-call-at": "/Users/stephan/Workspace/skunkworks/gomad/saas-temporal/walker/bimmer/lifecycle/manager.go:549"}
    logger.go:146: 2026-09-30T14:27:50.142-0700	INFO	Lifecycle hook completed	{"zone": "A", "name": "BN:DN:(A:1)", "supervisor_type": "replica", "supervisor_name": "Test/1", "hook_point": "start", "hook_name": "supervisor-core", "hook_duration": "11.583µs", "logging-call-at": "/Users/stephan/Workspace/skunkworks/gomad/saas-temporal/walker/bimmer/lifecycle/manager.go:482"}
    logger.go:146: 2026-09-30T14:27:50.142-0700	INFO	state transition	{"zone": "A", "name": "BN:DN:(A:1)", "supervisor_type": "replica", "supervisor_name": "Test/1", "from": "Starting", "to": "Started", "logging-call-at": "/Users/stephan/Workspace/skunkworks/gomad/saas-temporal/walker/bimmer/lifecycle/manager.go:549"}
    logger.go:146: 2026-09-30T14:27:50.142-0700	INFO	Supervisor process loop started	{"zone": "A", "name": "BN:DN:(A:1)", "supervisor_type": "replica", "supervisor_name": "Test/1", "logging-call-at": "/Users/stephan/Workspace/skunkworks/gomad/saas-temporal/walker/bimmer/supervisors/supervisors.go:186"}
    logger.go:146: 2026-09-30T14:27:50.142-0700	INFO	attached dependent	{"zone": "A", "name": "BN:DN:(A:1)", "supervisor_type": "volume", "supervisor_name": "/cell/TestInProcessProfile_SingleZoneShutdownReleasesGossip/A/node/aa2bfd0c-8f0e-4511-b67c-4e4405027cfd/volume-0", "dependent": {}, "logging-call-at": "/Users/stephan/Workspace/skunkworks/gomad/saas-temporal/walker/bimmer/lifecycle/manager.go:458"}
    logger.go:146: 2026-09-30T14:27:50.142-0700	INFO	Added ReplicaSupervisor	{"zone": "A", "name": "BN:DN:(A:1)", "supervisor_type": "volume", "supervisor_name": "/cell/TestInProcessProfile_SingleZoneShutdownReleasesGossip/A/node/aa2bfd0c-8f0e-4511-b67c-4e4405027cfd/volume-0", "supervisor_key": "replica/Test/1", "logging-call-at": "/Users/stephan/Workspace/skunkworks/gomad/saas-temporal/walker/bimmer/supervisors/volume_supervisor.go:194"}
    logger.go:146: 2026-09-30T14:27:50.142-0700	INFO	Restoring replica	{"zone": "A", "name": "BN:DN:(A:1)", "volumeID": "/cell/TestInProcessProfile_SingleZoneShutdownReleasesGossip/A/node/aa2bfd0c-8f0e-4511-b67c-4e4405027cfd/volume-0", "shard-id": 1, "minimum": "{0.2}", "logging-call-at": "/Users/stephan/Workspace/skunkworks/gomad/saas-temporal/walker/bimmer/operations/replica_restorer.go:131"}
    logger.go:146: 2026-09-30T14:27:50.143-0700	INFO	Attempting to restore checkpoint	{"zone": "A", "name": "BN:DN:(A:1)", "shard-id": 1, "volumeID": "/cell/TestInProcessProfile_SingleZoneShutdownReleasesGossip/A/node/aa2bfd0c-8f0e-4511-b67c-4e4405027cfd/volume-0", "checkpoint": "ciu.v3.Test-1-0#2C", "recovery-watermarks": "{}", "logging-call-at": "/Users/stephan/Workspace/skunkworks/gomad/saas-temporal/walker/bimmer/operations/replica_restorer.go:249"}
    logger.go:146: 2026-09-30T14:27:50.144-0700	INFO	[JOB 1] WAL 000004: {(/cell/TestInProcessProfile_SingleZoneShutdownReleasesGossip/A/node/aa2bfd0c-8f0e-4511-b67c-4e4405027cfd/volume-0/staging/ciu.v3.Test-1-0#2C,000)} stopped reading at offset: (/cell/TestInProcessProfile_SingleZoneShutdownReleasesGossip/A/node/aa2bfd0c-8f0e-4511-b67c-4e4405027cfd/volume-0/staging/ciu.v3.Test-1-0#2C/000004.log: 0); replayed 0 keys in 0 batches	{"zone": "A", "name": "BN:DN:(A:1)", "volume": "/cell/TestInProcessProfile_SingleZoneShutdownReleasesGossip/A/node/aa2bfd0c-8f0e-4511-b67c-4e4405027cfd/volume-0", "engineName": "restoreFromCheckpoint", "subcomponent": "pebble", "PebbleLoggerDir": "/cell/TestInProcessProfile_SingleZoneShutdownReleasesGossip/A/node/aa2bfd0c-8f0e-4511-b67c-4e4405027cfd/volume-0/staging/ciu.v3.Test-1-0#2C", "logging-call-at": "/Users/stephan/Workspace/skunkworks/gomad/saas-temporal/walker/storage/storage_engine.go:1026"}
    logger.go:146: 2026-09-30T14:27:50.145-0700	INFO	Generated new engine GUID	{"zone": "A", "name": "BN:DN:(A:1)", "volume": "/cell/TestInProcessProfile_SingleZoneShutdownReleasesGossip/A/node/aa2bfd0c-8f0e-4511-b67c-4e4405027cfd/volume-0", "engineName": "restoreFromCheckpoint", "guid": "a35ddff509facc5e", "logging-call-at": "/Users/stephan/Workspace/skunkworks/gomad/saas-temporal/walker/storage/storage_engine.go:1285"}
    logger.go:146: 2026-09-30T14:27:50.148-0700	INFO	StorageEngine::IngestShardsFromEngine ingesting	{"zone": "A", "name": "DN:(A:1)@12183", "volume": "/cell/TestInProcessProfile_SingleZoneShutdownReleasesGossip/A/node/aa2bfd0c-8f0e-4511-b67c-4e4405027cfd/volume-0", "engineName": "primary", "shard-id": 1, "logging-call-at": "/Users/stephan/Workspace/skunkworks/gomad/saas-temporal/walker/storage/storage_engine.go:871"}
    logger.go:146: 2026-09-30T14:27:50.150-0700	INFO	Replica Ingested	{"zone": "A", "name": "DN:(A:1)@12183", "volume": "/cell/TestInProcessProfile_SingleZoneShutdownReleasesGossip/A/node/aa2bfd0c-8f0e-4511-b67c-4e4405027cfd/volume-0", "engineName": "primary", "shard-id": 1, "ReplicaLifetime": "Transition", "logging-call-at": "/Users/stephan/Workspace/skunkworks/gomad/saas-temporal/walker/storage/storage_engine.go:880"}
    logger.go:146: 2026-09-30T14:27:50.152-0700	INFO	offering event	{"zone": "A", "name": "DN:(A:1)@12183", "table": "event_replica_state_transition", "payload": {"change_sequence":2,"committed_shardpoint_clock":0,"committed_shardpoint_sequence":2,"datanode_id":"DN:(A:1)","from_goal":"Unknown","from_state":"Assigned","generation":1790803654183219000,"reason":"load-checkpoint","session_id":0,"shard_id":1,"shardspace":"Test","to_goal":"Unknown","to_state":"Loading","transition_ts":1790803670151065}, "logging-call-at": "/Users/stephan/Workspace/skunkworks/gomad/saas-temporal/cloudmetricshandler/events/producer.go:76"}
    logger.go:146: 2026-09-30T14:27:50.153-0700	INFO	ReplicaState initialized	{"zone": "A", "name": "DN:(A:1)@12183", "shard-id": 1, "SS": "Test", "ReplicaState": "Loading", "seq": "{0#2}", "ReplicaLifetime": "Transition", "logging-call-at": "/Users/stephan/Workspace/skunkworks/gomad/saas-temporal/walker/datanode/server/replica.go:318"}
    logger.go:146: 2026-09-30T14:27:50.153-0700	INFO	AddReplica complete	{"zone": "A", "name": "DN:(A:1)@12183", "shard-id": 1, "RoperationSetID": "RGB:3a634d", "recovery-watermarks": "{}", "logging-call-at": "/Users/stephan/Workspace/skunkworks/gomad/saas-temporal/walker/datanode/server/datanode.go:1176"}
    logger.go:146: 2026-09-30T14:27:50.155-0700	INFO	Restored replica	{"zone": "A", "name": "BN:DN:(A:1)", "shard-id": 1, "volumeID": "/cell/TestInProcessProfile_SingleZoneShutdownReleasesGossip/A/node/aa2bfd0c-8f0e-4511-b67c-4e4405027cfd/volume-0", "checkpoint": "ciu.v3.Test-1-0#2C", "recovery-watermarks": "{}", "logging-call-at": "/Users/stephan/Workspace/skunkworks/gomad/saas-temporal/walker/bimmer/operations/replica_restorer.go:306"}
    logger.go:146: 2026-09-30T14:27:50.155-0700	INFO	Closing pebble	{"zone": "A", "name": "BN:DN:(A:1)", "volume": "/cell/TestInProcessProfile_SingleZoneShutdownReleasesGossip/A/node/aa2bfd0c-8f0e-4511-b67c-4e4405027cfd/volume-0", "engineName": "restoreFromCheckpoint", "logging-call-at": "/Users/stephan/Workspace/skunkworks/gomad/saas-temporal/walker/storage/storage_engine.go:458"}
    logger.go:146: 2026-09-30T14:27:50.157-0700	INFO	Removing local checkpoint directory	{"zone": "A", "name": "BN:DN:(A:1)", "shard-id": 1, "path": "/cell/TestInProcessProfile_SingleZoneShutdownReleasesGossip/A/node/aa2bfd0c-8f0e-4511-b67c-4e4405027cfd/volume-0/staging/ciu.v3.Test-1-0#2C", "logging-call-at": "/Users/stephan/Workspace/skunkworks/gomad/saas-temporal/walker/bimmer/operations/replica_restorer.go:232"}
    logger.go:146: 2026-09-30T14:27:50.160-0700	INFO	ReplicaState transition	{"zone": "A", "name": "DN:(A:1)@12183", "shard-id": 1, "SS": "Test", "from": "Loading", "to": "Replicating", "fromGoal": "Replicating", "toGoal": "Unknown", "shardpoint": "{0#2}", "ReplicaLifetime": "Transition", "logging-call-at": "/Users/stephan/Workspace/skunkworks/gomad/saas-temporal/walker/datanode/server/replica.go:1767"}
    logger.go:146: 2026-09-30T14:27:50.160-0700	INFO	offering event	{"zone": "A", "name": "DN:(A:1)@12183", "table": "event_replica_state_transition", "payload": {"change_sequence":5,"committed_shardpoint_clock":0,"committed_shardpoint_sequence":2,"datanode_id":"DN:(A:1)","from_goal":"Replicating","from_state":"Loading","generation":1790803654183219000,"reason":"supervisor:promote-to-replicating","session_id":0,"shard_id":1,"shardspace":"Test","to_goal":"Unknown","to_state":"Replicating","transition_ts":1790803670160596}, "logging-call-at": "/Users/stephan/Workspace/skunkworks/gomad/saas-temporal/cloudmetricshandler/events/producer.go:76"}
    logger.go:146: 2026-09-30T14:27:50.161-0700	INFO	Completed rebalance operation	{"zone": "A", "name": "DN:(A:1)@12183", "RoperationSetID": "RGB:3a634d", "goalState": "Replicating", "totalShards": 1, "totalShardCount": 1, "status": "REBALANCE_STATE_SUCCESS", "logging-call-at": "/Users/stephan/Workspace/skunkworks/gomad/saas-temporal/walker/datanode/server/rebalance_operation_tracker.go:325"}
    logger.go:146: 2026-09-30T14:27:50.161-0700	INFO	Triggering early heartbeat	{"zone": "A", "name": "DN:(A:1)@12183", "reason": "roperation completed", "logging-call-at": "/Users/stephan/Workspace/skunkworks/gomad/saas-temporal/walker/datanode/server/datanode.go:675"}
    logger.go:146: 2026-09-30T14:27:50.161-0700	INFO	Shard completed	{"zone": "A", "name": "DN:(A:1)@12183", "RoperationSetID": "RGB:3a634d", "goalState": "Replicating", "totalShards": 1, "shard-id": 1, "completedShards": 1, "resultState": "Replicating", "logging-call-at": "/Users/stephan/Workspace/skunkworks/gomad/saas-temporal/walker/datanode/server/rebalance_operation_tracker.go:311"}
    logger.go:146: 2026-09-30T14:27:50.161-0700	INFO	Triggering early heartbeat	{"zone": "A", "name": "DN:(A:1)@12183", "reason": "UpdateReplica", "logging-call-at": "/Users/stephan/Workspace/skunkworks/gomad/saas-temporal/walker/datanode/server/datanode.go:675"}
    logger.go:146: 2026-09-30T14:27:50.164-0700	INFO	Roperation in progress	{"zone": "A", "name": "WN:(A):@12179", "shardspace": "Test", "subcomponent": "DatanodeDirector", "Ordinal": "1", "DirectorForID": "DN:(A:1)", "RoperationSetID": "RGB:3a634d", "successfulShards": 1, "failedShards": 0, "totalShards": 1, "progressPercent": 100, "status": "REBALANCE_STATE_SUCCESS", "logging-call-at": "/Users/stephan/Workspace/skunkworks/gomad/saas-temporal/walker/walkabout/server/roperation_manager.go:399"}
    logger.go:146: 2026-09-30T14:27:50.164-0700	INFO	offering event	{"zone": "A", "name": "WN:(A):@12179", "table": "event_walker_roperation_completed", "payload": {"balancer":"RGB","created_at":1790803670164,"datanode_id":"DN:(A:1)","error_message":"","goal_state":"Replicating","op_duration_ms":56,"roperation_set_id":"RGB:3a634d","shard_id":1,"shardspace":-1,"status":"succeeded","zone":"A"}, "logging-call-at": "/Users/stephan/Workspace/skunkworks/gomad/saas-temporal/cloudmetricshandler/events/producer.go:76"}
    logger.go:146: 2026-09-30T14:27:50.165-0700	INFO	Reached all goals	{"zone": "A", "name": "WN:(A):@12179", "shardspace": "Test", "subcomponent": "DatanodeDirector", "Ordinal": "1", "DirectorForID": "DN:(A:1)", "RoperationSetID": "RGB:3a634d", "failedShards": {}, "logging-call-at": "/Users/stephan/Workspace/skunkworks/gomad/saas-temporal/walker/walkabout/server/roperation_manager.go:527"}
    logger.go:146: 2026-09-30T14:27:50.166-0700	INFO	RoperationSet completed	{"zone": "A", "name": "WN:(A):@12179", "shardspace": "Test", "subcomponent": "BalanceDirectorRGB", "RoperationSetID": "RGB:3a634d", "duration": "57.836ms", "logging-call-at": "/Users/stephan/Workspace/skunkworks/gomad/saas-temporal/walker/walkabout/server/roperation_set.go:278"}
    logger.go:146: 2026-09-30T14:27:50.166-0700	INFO	Roperation complete	{"zone": "A", "name": "WN:(A):@12179", "shardspace": "Test", "subcomponent": "DatanodeDirector", "Ordinal": "1", "DirectorForID": "DN:(A:1)", "RoperationSetID": "RGB:3a634d", "ReplicaLifetime": "Start", "goalState": "Replicating", "ShardKeys": "(1) :1", "DatanodeInfo": "DN:(A:1)[127.0.0.1:12183(A)]", "state": "Completed", "completionStatus": "REBALANCE_STATE_SUCCESS", "failedShards": {}, "errorMessage": "", "logging-call-at": "/Users/stephan/Workspace/skunkworks/gomad/saas-temporal/walker/walkabout/server/roperation_manager.go:559"}
    logger.go:146: 2026-09-30T14:27:51.050-0700	INFO	(Re)Initializing Walkabout client for Address	{"zone": "A", "class": "walkaboutReliableClient", "address": "127.0.0.1:12179", "logging-call-at": "/Users/stephan/Workspace/skunkworks/gomad/saas-temporal/walker/walkabout/client/walkabout_reliable_client.go:98"}
    logger.go:146: 2026-09-30T14:27:51.077-0700	INFO	(Re)Initializing Walkabout CP client for Address	{"zone": "A", "subcomponent": "walkaboutReliableCPClient", "address": "127.0.0.1:12179", "logging-call-at": "/Users/stephan/Workspace/skunkworks/gomad/saas-temporal/walker/walkabout/client/walkabout_reliable_cp_client.go:102"}
    logger.go:146: 2026-09-30T14:28:21.081-0700	INFO	Shardspace supervisor shutdown	{"zone": "A", "name": "WN:(A):@12179", "shardspace": "Test", "logging-call-at": "/Users/stephan/Workspace/skunkworks/gomad/saas-temporal/walker/walkabout/server/shardspace_supervisor.go:301"}
    logger.go:146: 2026-09-30T14:28:21.081-0700	INFO	Walkanode Stopped	{"zone": "A", "name": "WN:(A):@12179", "logging-call-at": "/Users/stephan/Workspace/skunkworks/gomad/saas-temporal/walker/walkabout/server/walkabout_node.go:1397"}
    logger.go:146: 2026-09-30T14:28:21.083-0700	INFO	Stopped walker instance	{"zone": "A", "logging-call-at": "/Users/stephan/Workspace/skunkworks/gomad/saas-temporal/walker/localcluster/in_process_execution_env.go:741"}
    in_process_lifecycle_regression_test.go:51: 
        	Error Trace:	/Users/stephan/Workspace/skunkworks/gomad/saas-temporal/walker/localcluster/in_process_lifecycle_regression_test.go:51
        	Error:      	Received unexpected error:
        	            	listen tcp 127.0.0.1:12181: bind: address already in use
        	Test:       	TestInProcessProfile_SingleZoneShutdownReleasesGossip
    logger.go:146: 2026-09-30T14:28:21.083-0700	WARN	Datanode stopping	{"zone": "A", "name": "DN:(A:1)@12183", "logging-call-at": "/Users/stephan/Workspace/skunkworks/gomad/saas-temporal/walker/datanode/server/datanode.go:307"}
    logger.go:146: 2026-09-30T14:28:21.083-0700	INFO	Stop invoked	{"zone": "A", "name": "BN:DN:(A:1)", "supervisor_type": "datanode", "supervisor_name": "DN:(A:1)", "logging-call-at": "/Users/stephan/Workspace/skunkworks/gomad/saas-temporal/walker/bimmer/lifecycle/manager.go:343"}
    logger.go:146: 2026-09-30T14:28:21.083-0700	INFO	Stopping replica	{"zone": "A", "name": "DN:(A:1)@12183", "shard-id": 1, "SS": "Test", "logging-call-at": "/Users/stephan/Workspace/skunkworks/gomad/saas-temporal/walker/datanode/server/replica.go:1171"}
    logger.go:146: 2026-09-30T14:28:21.083-0700	INFO	state transition	{"zone": "A", "name": "BN:DN:(A:1)", "supervisor_type": "datanode", "supervisor_name": "DN:(A:1)", "from": "Started", "to": "Stopping", "logging-call-at": "/Users/stephan/Workspace/skunkworks/gomad/saas-temporal/walker/bimmer/lifecycle/manager.go:549"}
    logger.go:146: 2026-09-30T14:28:21.083-0700	INFO	Stop Replicas complete	{"zone": "A", "name": "DN:(A:1)@12183", "logging-call-at": "/Users/stephan/Workspace/skunkworks/gomad/saas-temporal/walker/datanode/server/datanode.go:1832"}
    logger.go:146: 2026-09-30T14:28:21.084-0700	INFO	Supervisor process loop exited	{"zone": "A", "name": "BN:DN:(A:1)", "supervisor_type": "datanode", "supervisor_name": "DN:(A:1)", "logging-call-at": "/Users/stephan/Workspace/skunkworks/gomad/saas-temporal/walker/bimmer/supervisors/supervisors.go:195"}
    logger.go:146: 2026-09-30T14:28:21.084-0700	INFO	Datanode poll loop exited	{"zone": "A", "name": "BN:DN:(A:1)", "supervisor_type": "datanode", "supervisor_name": "DN:(A:1)", "logging-call-at": "/Users/stephan/Workspace/skunkworks/gomad/saas-temporal/walker/bimmer/supervisors/datanode_supervisor.go:395"}
    logger.go:146: 2026-09-30T14:28:21.083-0700	WARN	Service error	{"zone": "A", "operation": "DatanodeControlPlaneServicePollForStatus", "error": "rpc error: code = Unavailable desc = datanode shutting down", "error-type": "status.Error", "shard-id": 0, "logging-call-at": "/Users/stephan/Workspace/skunkworks/gomad/saas-temporal/walker/metrics/stats_common.go:246"}
    logger.go:146: 2026-09-30T14:28:21.084-0700	INFO	Closing pebble	{"zone": "A", "name": "DN:(A:1)@12183", "volume": "/cell/TestInProcessProfile_SingleZoneShutdownReleasesGossip/A/node/aa2bfd0c-8f0e-4511-b67c-4e4405027cfd/volume-0", "engineName": "primary", "logging-call-at": "/Users/stephan/Workspace/skunkworks/gomad/saas-temporal/walker/storage/storage_engine.go:458"}
    logger.go:146: 2026-09-30T14:28:21.084-0700	INFO	Stop invoked	{"zone": "A", "name": "BN:DN:(A:1)", "supervisor_type": "volume", "supervisor_name": "/cell/TestInProcessProfile_SingleZoneShutdownReleasesGossip/A/node/aa2bfd0c-8f0e-4511-b67c-4e4405027cfd/volume-0", "logging-call-at": "/Users/stephan/Workspace/skunkworks/gomad/saas-temporal/walker/bimmer/lifecycle/manager.go:343"}
    logger.go:146: 2026-09-30T14:28:21.084-0700	INFO	Stopped walker instance	{"zone": "A", "logging-call-at": "/Users/stephan/Workspace/skunkworks/gomad/saas-temporal/walker/localcluster/in_process_execution_env.go:741"}
    logger.go:146: 2026-09-30T14:28:21.084-0700	INFO	state transition	{"zone": "A", "name": "BN:DN:(A:1)", "supervisor_type": "volume", "supervisor_name": "/cell/TestInProcessProfile_SingleZoneShutdownReleasesGossip/A/node/aa2bfd0c-8f0e-4511-b67c-4e4405027cfd/volume-0", "from": "Started", "to": "Stopping", "logging-call-at": "/Users/stephan/Workspace/skunkworks/gomad/saas-temporal/walker/bimmer/lifecycle/manager.go:549"}
    logger.go:146: 2026-09-30T14:28:21.084-0700	WARN	Kill did not stop cleanly	{"zone": "A", "error": "context canceled", "logging-call-at": "/Users/stephan/Workspace/skunkworks/gomad/saas-temporal/walker/localcluster/node.go:371"}
    logger.go:146: 2026-09-30T14:28:21.084-0700	INFO	Stop invoked	{"zone": "A", "name": "BN:DN:(A:1)", "supervisor_type": "replica", "supervisor_name": "Test/1", "logging-call-at": "/Users/stephan/Workspace/skunkworks/gomad/saas-temporal/walker/bimmer/lifecycle/manager.go:343"}
    logger.go:146: 2026-09-30T14:28:21.084-0700	INFO	Metric collector stopped	{"zone": "A", "name": "BN:DN:(A:1)", "supervisor_type": "volume", "supervisor_name": "/cell/TestInProcessProfile_SingleZoneShutdownReleasesGossip/A/node/aa2bfd0c-8f0e-4511-b67c-4e4405027cfd/volume-0", "error": "context canceled", "logging-call-at": "/Users/stephan/Workspace/skunkworks/gomad/saas-temporal/walker/bimmer/supervisors/volume_supervisor.go:264"}
    logger.go:146: 2026-09-30T14:28:21.084-0700	INFO	state transition	{"zone": "A", "name": "BN:DN:(A:1)", "supervisor_type": "replica", "supervisor_name": "Test/1", "from": "Started", "to": "Stopping", "logging-call-at": "/Users/stephan/Workspace/skunkworks/gomad/saas-temporal/walker/bimmer/lifecycle/manager.go:549"}
    logger.go:146: 2026-09-30T14:28:21.084-0700	INFO	Supervisor process loop exited	{"zone": "A", "name": "BN:DN:(A:1)", "supervisor_type": "volume", "supervisor_name": "/cell/TestInProcessProfile_SingleZoneShutdownReleasesGossip/A/node/aa2bfd0c-8f0e-4511-b67c-4e4405027cfd/volume-0", "logging-call-at": "/Users/stephan/Workspace/skunkworks/gomad/saas-temporal/walker/bimmer/supervisors/supervisors.go:195"}
    logger.go:146: 2026-09-30T14:28:21.084-0700	INFO	Supervisor process loop exited	{"zone": "A", "name": "BN:DN:(A:1)", "supervisor_type": "replica", "supervisor_name": "Test/1", "logging-call-at": "/Users/stephan/Workspace/skunkworks/gomad/saas-temporal/walker/bimmer/supervisors/supervisors.go:195"}
    logger.go:146: 2026-09-30T14:28:21.084-0700	INFO	Lifecycle hook completed	{"zone": "A", "name": "BN:DN:(A:1)", "supervisor_type": "replica", "supervisor_name": "Test/1", "hook_point": "stop", "hook_name": "replica-metric-collector-forget", "hook_duration": "5.5µs", "logging-call-at": "/Users/stephan/Workspace/skunkworks/gomad/saas-temporal/walker/bimmer/lifecycle/manager.go:482"}
    logger.go:146: 2026-09-30T14:28:21.084-0700	INFO	state transition	{"zone": "A", "name": "BN:DN:(A:1)", "supervisor_type": "replica", "supervisor_name": "Test/1", "from": "Stopping", "to": "Stopped", "logging-call-at": "/Users/stephan/Workspace/skunkworks/gomad/saas-temporal/walker/bimmer/lifecycle/manager.go:549"}
    logger.go:146: 2026-09-30T14:28:21.084-0700	INFO	subsystem fully stopped	{"zone": "A", "name": "BN:DN:(A:1)", "supervisor_type": "replica", "supervisor_name": "Test/1", "stop_duration": "215.917µs", "logging-call-at": "/Users/stephan/Workspace/skunkworks/gomad/saas-temporal/walker/bimmer/lifecycle/manager.go:392"}

DONE 1 tests, 1 failure in 48.506s
[testrunner] 2026/09/30 14:28:21 wrote junit report to /Users/stephan/Workspace/skunkworks/gomad/saas-temporal/unit-test.junit.xml
[testrunner] 2026/09/30 14:28:21 wrote junit report to /Users/stephan/Workspace/skunkworks/gomad/saas-temporal/unit-test.junit.xml
[testrunner] 2026/09/30 14:28:21 exiting with failure after running 1 attempt(s)
exit status 1
2026/09/30 14:28:21 Command was go [run /Users/stephan/Workspace/skunkworks/gomad/saas-temporal/cmd/tools/test-runner test --gotestsum-path=/Users/stephan/.local/share/mise/installs/github-gotestyourself-gotestsum/1.13.0/gotestsum --junitfile=/Users/stephan/Workspace/skunkworks/gomad/saas-temporal/unit-test.junit.xml -- -tags test_dep,hashicorpmetrics -race -cover -run ^TestInProcessProfile_SingleZoneShutdownReleasesGossip$ -timeout 3m -failfast -coverprofile=/Users/stephan/Workspace/skunkworks/gomad/saas-temporal/unit-test.cover.out ./localcluster]
2026/09/30 14:28:21 test failed: test failed: exit status 1
exit status 1
[test] ERROR task failed
