{"Time":"2026-10-08T10:11:24.676309443Z","Action":"start","Package":"go.temporal.io/server/tools/gomad3/runner/internal/execution"}
{"Time":"2026-10-08T10:11:24.679045859Z","Action":"run","Package":"go.temporal.io/server/tools/gomad3/runner/internal/execution","Test":"TestSimulationModelTransportCorrelatesConcurrentResponses"}
{"Time":"2026-10-08T10:11:24.679148359Z","Action":"output","Package":"go.temporal.io/server/tools/gomad3/runner/internal/execution","Test":"TestSimulationModelTransportCorrelatesConcurrentResponses","Output":"=== RUN   TestSimulationModelTransportCorrelatesConcurrentResponses\n","OutputType":"frame"}
{"Time":"2026-10-08T10:11:24.679341609Z","Action":"output","Package":"go.temporal.io/server/tools/gomad3/runner/internal/execution","Test":"TestSimulationModelTransportCorrelatesConcurrentResponses","Output":"--- PASS: TestSimulationModelTransportCorrelatesConcurrentResponses (0.00s)\n","OutputType":"frame"}
{"Time":"2026-10-08T10:11:24.679363984Z","Action":"pass","Package":"go.temporal.io/server/tools/gomad3/runner/internal/execution","Test":"TestSimulationModelTransportCorrelatesConcurrentResponses","Elapsed":0}
{"Time":"2026-10-08T10:11:24.679398984Z","Action":"run","Package":"go.temporal.io/server/tools/gomad3/runner/internal/execution","Test":"TestSimulationModelTransportCarriesLogicalTime"}
{"Time":"2026-10-08T10:11:24.679422818Z","Action":"output","Package":"go.temporal.io/server/tools/gomad3/runner/internal/execution","Test":"TestSimulationModelTransportCarriesLogicalTime","Output":"=== RUN   TestSimulationModelTransportCarriesLogicalTime\n","OutputType":"frame"}
{"Time":"2026-10-08T10:11:24.679432609Z","Action":"output","Package":"go.temporal.io/server/tools/gomad3/runner/internal/execution","Test":"TestSimulationModelTransportCarriesLogicalTime","Output":"--- PASS: TestSimulationModelTransportCarriesLogicalTime (0.00s)\n","OutputType":"frame"}
{"Time":"2026-10-08T10:11:24.679436776Z","Action":"pass","Package":"go.temporal.io/server/tools/gomad3/runner/internal/execution","Test":"TestSimulationModelTransportCarriesLogicalTime","Elapsed":0}
{"Time":"2026-10-08T10:11:24.679450693Z","Action":"run","Package":"go.temporal.io/server/tools/gomad3/runner/internal/execution","Test":"TestSimulationModelTransportCarriesRequestLogicalTime"}
{"Time":"2026-10-08T10:11:24.679458526Z","Action":"output","Package":"go.temporal.io/server/tools/gomad3/runner/internal/execution","Test":"TestSimulationModelTransportCarriesRequestLogicalTime","Output":"=== RUN   TestSimulationModelTransportCarriesRequestLogicalTime\n","OutputType":"frame"}
{"Time":"2026-10-08T10:11:24.679472359Z","Action":"output","Package":"go.temporal.io/server/tools/gomad3/runner/internal/execution","Test":"TestSimulationModelTransportCarriesRequestLogicalTime","Output":"--- PASS: TestSimulationModelTransportCarriesRequestLogicalTime (0.00s)\n","OutputType":"frame"}
{"Time":"2026-10-08T10:11:24.679475526Z","Action":"pass","Package":"go.temporal.io/server/tools/gomad3/runner/internal/execution","Test":"TestSimulationModelTransportCarriesRequestLogicalTime","Elapsed":0}
{"Time":"2026-10-08T10:11:24.679477568Z","Action":"run","Package":"go.temporal.io/server/tools/gomad3/runner/internal/execution","Test":"TestSimulationModelTransportDiscardsLateCancelledResponse"}
{"Time":"2026-10-08T10:11:24.679479068Z","Action":"output","Package":"go.temporal.io/server/tools/gomad3/runner/internal/execution","Test":"TestSimulationModelTransportDiscardsLateCancelledResponse","Output":"=== RUN   TestSimulationModelTransportDiscardsLateCancelledResponse\n","OutputType":"frame"}
{"Time":"2026-10-08T10:11:24.679533401Z","Action":"output","Package":"go.temporal.io/server/tools/gomad3/runner/internal/execution","Test":"TestSimulationModelTransportDiscardsLateCancelledResponse","Output":"--- PASS: TestSimulationModelTransportDiscardsLateCancelledResponse (0.00s)\n","OutputType":"frame"}
{"Time":"2026-10-08T10:11:24.679550818Z","Action":"pass","Package":"go.temporal.io/server/tools/gomad3/runner/internal/execution","Test":"TestSimulationModelTransportDiscardsLateCancelledResponse","Elapsed":0}
{"Time":"2026-10-08T10:11:24.679586484Z","Action":"run","Package":"go.temporal.io/server/tools/gomad3/runner/internal/execution","Test":"TestSimulationFrameRoundTrip"}
{"Time":"2026-10-08T10:11:24.679596859Z","Action":"output","Package":"go.temporal.io/server/tools/gomad3/runner/internal/execution","Test":"TestSimulationFrameRoundTrip","Output":"=== RUN   TestSimulationFrameRoundTrip\n","OutputType":"frame"}
{"Time":"2026-10-08T10:11:24.679793734Z","Action":"output","Package":"go.temporal.io/server/tools/gomad3/runner/internal/execution","Test":"TestSimulationFrameRoundTrip","Output":"--- PASS: TestSimulationFrameRoundTrip (0.00s)\n","OutputType":"frame"}
{"Time":"2026-10-08T10:11:24.679804109Z","Action":"pass","Package":"go.temporal.io/server/tools/gomad3/runner/internal/execution","Test":"TestSimulationFrameRoundTrip","Elapsed":0}
{"Time":"2026-10-08T10:11:24.679807193Z","Action":"run","Package":"go.temporal.io/server/tools/gomad3/runner/internal/execution","Test":"TestSimulationActivationFramesAreValid"}
{"Time":"2026-10-08T10:11:24.679818234Z","Action":"output","Package":"go.temporal.io/server/tools/gomad3/runner/internal/execution","Test":"TestSimulationActivationFramesAreValid","Output":"=== RUN   TestSimulationActivationFramesAreValid\n","OutputType":"frame"}
{"Time":"2026-10-08T10:11:24.679828693Z","Action":"output","Package":"go.temporal.io/server/tools/gomad3/runner/internal/execution","Test":"TestSimulationActivationFramesAreValid","Output":"--- PASS: TestSimulationActivationFramesAreValid (0.00s)\n","OutputType":"frame"}
{"Time":"2026-10-08T10:11:24.679834443Z","Action":"pass","Package":"go.temporal.io/server/tools/gomad3/runner/internal/execution","Test":"TestSimulationActivationFramesAreValid","Elapsed":0}
{"Time":"2026-10-08T10:11:24.679837901Z","Action":"run","Package":"go.temporal.io/server/tools/gomad3/runner/internal/execution","Test":"TestSimulationFrameRejectsUnknownAndOversizedInput"}
{"Time":"2026-10-08T10:11:24.679847026Z","Action":"output","Package":"go.temporal.io/server/tools/gomad3/runner/internal/execution","Test":"TestSimulationFrameRejectsUnknownAndOversizedInput","Output":"=== RUN   TestSimulationFrameRejectsUnknownAndOversizedInput\n","OutputType":"frame"}
{"Time":"2026-10-08T10:11:24.680141401Z","Action":"output","Package":"go.temporal.io/server/tools/gomad3/runner/internal/execution","Test":"TestSimulationFrameRejectsUnknownAndOversizedInput","Output":"--- PASS: TestSimulationFrameRejectsUnknownAndOversizedInput (0.00s)\n","OutputType":"frame"}
{"Time":"2026-10-08T10:11:24.680294193Z","Action":"pass","Package":"go.temporal.io/server/tools/gomad3/runner/internal/execution","Test":"TestSimulationFrameRejectsUnknownAndOversizedInput","Elapsed":0}
{"Time":"2026-10-08T10:11:24.680626359Z","Action":"output","Package":"go.temporal.io/server/tools/gomad3/runner/internal/execution","Output":"PASS\n","OutputType":"frame"}
{"Time":"2026-10-08T10:11:24.680802651Z","Action":"output","Package":"go.temporal.io/server/tools/gomad3/runner/internal/execution","Output":"ok  \tgo.temporal.io/server/tools/gomad3/runner/internal/execution\t0.004s\n"}
{"Time":"2026-10-08T10:11:24.680818193Z","Action":"pass","Package":"go.temporal.io/server/tools/gomad3/runner/internal/execution","Elapsed":0.005}
