{"Time":"2026-10-08T10:10:20.255499662Z","Action":"start","Package":"go.temporal.io/server/tools/gomad3/runner/internal/execution"}
{"Time":"2026-10-08T10:10:20.258071662Z","Action":"run","Package":"go.temporal.io/server/tools/gomad3/runner/internal/execution","Test":"TestSimulationTimeLifecycleSuspendedWaitCompletionIsReservedExactlyOnce"}
{"Time":"2026-10-08T10:10:20.258130412Z","Action":"output","Package":"go.temporal.io/server/tools/gomad3/runner/internal/execution","Test":"TestSimulationTimeLifecycleSuspendedWaitCompletionIsReservedExactlyOnce","Output":"=== RUN   TestSimulationTimeLifecycleSuspendedWaitCompletionIsReservedExactlyOnce\n","OutputType":"frame"}
{"Time":"2026-10-08T10:10:20.25814387Z","Action":"run","Package":"go.temporal.io/server/tools/gomad3/runner/internal/execution","Test":"TestSimulationTimeLifecycleSuspendedWaitCompletionIsReservedExactlyOnce/deliver-suspended"}
{"Time":"2026-10-08T10:10:20.258153245Z","Action":"output","Package":"go.temporal.io/server/tools/gomad3/runner/internal/execution","Test":"TestSimulationTimeLifecycleSuspendedWaitCompletionIsReservedExactlyOnce/deliver-suspended","Output":"=== RUN   TestSimulationTimeLifecycleSuspendedWaitCompletionIsReservedExactlyOnce/deliver-suspended\n","OutputType":"frame"}
{"Time":"2026-10-08T10:10:20.25815987Z","Action":"output","Package":"go.temporal.io/server/tools/gomad3/runner/internal/execution","Test":"TestSimulationTimeLifecycleSuspendedWaitCompletionIsReservedExactlyOnce/deliver-suspended","Output":"--- PASS: TestSimulationTimeLifecycleSuspendedWaitCompletionIsReservedExactlyOnce/deliver-suspended (0.00s)\n","OutputType":"frame"}
{"Time":"2026-10-08T10:10:20.258162078Z","Action":"pass","Package":"go.temporal.io/server/tools/gomad3/runner/internal/execution","Test":"TestSimulationTimeLifecycleSuspendedWaitCompletionIsReservedExactlyOnce/deliver-suspended","Elapsed":0}
{"Time":"2026-10-08T10:10:20.258166912Z","Action":"run","Package":"go.temporal.io/server/tools/gomad3/runner/internal/execution","Test":"TestSimulationTimeLifecycleSuspendedWaitCompletionIsReservedExactlyOnce/resume-before-delivery"}
{"Time":"2026-10-08T10:10:20.258172662Z","Action":"output","Package":"go.temporal.io/server/tools/gomad3/runner/internal/execution","Test":"TestSimulationTimeLifecycleSuspendedWaitCompletionIsReservedExactlyOnce/resume-before-delivery","Output":"=== RUN   TestSimulationTimeLifecycleSuspendedWaitCompletionIsReservedExactlyOnce/resume-before-delivery\n","OutputType":"frame"}
{"Time":"2026-10-08T10:10:20.258176162Z","Action":"output","Package":"go.temporal.io/server/tools/gomad3/runner/internal/execution","Test":"TestSimulationTimeLifecycleSuspendedWaitCompletionIsReservedExactlyOnce/resume-before-delivery","Output":"--- PASS: TestSimulationTimeLifecycleSuspendedWaitCompletionIsReservedExactlyOnce/resume-before-delivery (0.00s)\n","OutputType":"frame"}
{"Time":"2026-10-08T10:10:20.258191537Z","Action":"pass","Package":"go.temporal.io/server/tools/gomad3/runner/internal/execution","Test":"TestSimulationTimeLifecycleSuspendedWaitCompletionIsReservedExactlyOnce/resume-before-delivery","Elapsed":0}
{"Time":"2026-10-08T10:10:20.258194412Z","Action":"output","Package":"go.temporal.io/server/tools/gomad3/runner/internal/execution","Test":"TestSimulationTimeLifecycleSuspendedWaitCompletionIsReservedExactlyOnce","Output":"--- PASS: TestSimulationTimeLifecycleSuspendedWaitCompletionIsReservedExactlyOnce (0.00s)\n","OutputType":"frame"}
{"Time":"2026-10-08T10:10:20.258196495Z","Action":"pass","Package":"go.temporal.io/server/tools/gomad3/runner/internal/execution","Test":"TestSimulationTimeLifecycleSuspendedWaitCompletionIsReservedExactlyOnce","Elapsed":0}
{"Time":"2026-10-08T10:10:20.258198162Z","Action":"run","Package":"go.temporal.io/server/tools/gomad3/runner/internal/execution","Test":"TestSimulationTimeLifecycleCompletionWithoutAdmissionKeepsDeliveredCredit"}
{"Time":"2026-10-08T10:10:20.258199745Z","Action":"output","Package":"go.temporal.io/server/tools/gomad3/runner/internal/execution","Test":"TestSimulationTimeLifecycleCompletionWithoutAdmissionKeepsDeliveredCredit","Output":"=== RUN   TestSimulationTimeLifecycleCompletionWithoutAdmissionKeepsDeliveredCredit\n","OutputType":"frame"}
{"Time":"2026-10-08T10:10:20.258202162Z","Action":"output","Package":"go.temporal.io/server/tools/gomad3/runner/internal/execution","Test":"TestSimulationTimeLifecycleCompletionWithoutAdmissionKeepsDeliveredCredit","Output":"--- PASS: TestSimulationTimeLifecycleCompletionWithoutAdmissionKeepsDeliveredCredit (0.00s)\n","OutputType":"frame"}
{"Time":"2026-10-08T10:10:20.258207537Z","Action":"pass","Package":"go.temporal.io/server/tools/gomad3/runner/internal/execution","Test":"TestSimulationTimeLifecycleCompletionWithoutAdmissionKeepsDeliveredCredit","Elapsed":0}
{"Time":"2026-10-08T10:10:20.25820912Z","Action":"run","Package":"go.temporal.io/server/tools/gomad3/runner/internal/execution","Test":"TestSimulationTimeLifecycleRejectedResponseStepsLeaveWaiterInstalled"}
{"Time":"2026-10-08T10:10:20.258211703Z","Action":"output","Package":"go.temporal.io/server/tools/gomad3/runner/internal/execution","Test":"TestSimulationTimeLifecycleRejectedResponseStepsLeaveWaiterInstalled","Output":"=== RUN   TestSimulationTimeLifecycleRejectedResponseStepsLeaveWaiterInstalled\n","OutputType":"frame"}
{"Time":"2026-10-08T10:10:20.258214537Z","Action":"run","Package":"go.temporal.io/server/tools/gomad3/runner/internal/execution","Test":"TestSimulationTimeLifecycleRejectedResponseStepsLeaveWaiterInstalled/unknown-suspension"}
{"Time":"2026-10-08T10:10:20.25821587Z","Action":"output","Package":"go.temporal.io/server/tools/gomad3/runner/internal/execution","Test":"TestSimulationTimeLifecycleRejectedResponseStepsLeaveWaiterInstalled/unknown-suspension","Output":"=== RUN   TestSimulationTimeLifecycleRejectedResponseStepsLeaveWaiterInstalled/unknown-suspension\n","OutputType":"frame"}
{"Time":"2026-10-08T10:10:20.258255703Z","Action":"output","Package":"go.temporal.io/server/tools/gomad3/runner/internal/execution","Test":"TestSimulationTimeLifecycleRejectedResponseStepsLeaveWaiterInstalled/unknown-suspension","Output":"--- PASS: TestSimulationTimeLifecycleRejectedResponseStepsLeaveWaiterInstalled/unknown-suspension (0.00s)\n","OutputType":"frame"}
{"Time":"2026-10-08T10:10:20.258262745Z","Action":"pass","Package":"go.temporal.io/server/tools/gomad3/runner/internal/execution","Test":"TestSimulationTimeLifecycleRejectedResponseStepsLeaveWaiterInstalled/unknown-suspension","Elapsed":0}
{"Time":"2026-10-08T10:10:20.258264412Z","Action":"run","Package":"go.temporal.io/server/tools/gomad3/runner/internal/execution","Test":"TestSimulationTimeLifecycleRejectedResponseStepsLeaveWaiterInstalled/unknown-resumption"}
{"Time":"2026-10-08T10:10:20.258265912Z","Action":"output","Package":"go.temporal.io/server/tools/gomad3/runner/internal/execution","Test":"TestSimulationTimeLifecycleRejectedResponseStepsLeaveWaiterInstalled/unknown-resumption","Output":"=== RUN   TestSimulationTimeLifecycleRejectedResponseStepsLeaveWaiterInstalled/unknown-resumption\n","OutputType":"frame"}
{"Time":"2026-10-08T10:10:20.25826862Z","Action":"output","Package":"go.temporal.io/server/tools/gomad3/runner/internal/execution","Test":"TestSimulationTimeLifecycleRejectedResponseStepsLeaveWaiterInstalled/unknown-resumption","Output":"--- PASS: TestSimulationTimeLifecycleRejectedResponseStepsLeaveWaiterInstalled/unknown-resumption (0.00s)\n","OutputType":"frame"}
{"Time":"2026-10-08T10:10:20.258271078Z","Action":"pass","Package":"go.temporal.io/server/tools/gomad3/runner/internal/execution","Test":"TestSimulationTimeLifecycleRejectedResponseStepsLeaveWaiterInstalled/unknown-resumption","Elapsed":0}
{"Time":"2026-10-08T10:10:20.258276245Z","Action":"run","Package":"go.temporal.io/server/tools/gomad3/runner/internal/execution","Test":"TestSimulationTimeLifecycleRejectedResponseStepsLeaveWaiterInstalled/unknown-delivery"}
{"Time":"2026-10-08T10:10:20.258278162Z","Action":"output","Package":"go.temporal.io/server/tools/gomad3/runner/internal/execution","Test":"TestSimulationTimeLifecycleRejectedResponseStepsLeaveWaiterInstalled/unknown-delivery","Output":"=== RUN   TestSimulationTimeLifecycleRejectedResponseStepsLeaveWaiterInstalled/unknown-delivery\n","OutputType":"frame"}
{"Time":"2026-10-08T10:10:20.258281328Z","Action":"output","Package":"go.temporal.io/server/tools/gomad3/runner/internal/execution","Test":"TestSimulationTimeLifecycleRejectedResponseStepsLeaveWaiterInstalled/unknown-delivery","Output":"--- PASS: TestSimulationTimeLifecycleRejectedResponseStepsLeaveWaiterInstalled/unknown-delivery (0.00s)\n","OutputType":"frame"}
{"Time":"2026-10-08T10:10:20.258285703Z","Action":"pass","Package":"go.temporal.io/server/tools/gomad3/runner/internal/execution","Test":"TestSimulationTimeLifecycleRejectedResponseStepsLeaveWaiterInstalled/unknown-delivery","Elapsed":0}
{"Time":"2026-10-08T10:10:20.258287995Z","Action":"run","Package":"go.temporal.io/server/tools/gomad3/runner/internal/execution","Test":"TestSimulationTimeLifecycleRejectedResponseStepsLeaveWaiterInstalled/unknown-discard-credit"}
{"Time":"2026-10-08T10:10:20.258289078Z","Action":"output","Package":"go.temporal.io/server/tools/gomad3/runner/internal/execution","Test":"TestSimulationTimeLifecycleRejectedResponseStepsLeaveWaiterInstalled/unknown-discard-credit","Output":"=== RUN   TestSimulationTimeLifecycleRejectedResponseStepsLeaveWaiterInstalled/unknown-discard-credit\n","OutputType":"frame"}
{"Time":"2026-10-08T10:10:20.258291412Z","Action":"output","Package":"go.temporal.io/server/tools/gomad3/runner/internal/execution","Test":"TestSimulationTimeLifecycleRejectedResponseStepsLeaveWaiterInstalled/unknown-discard-credit","Output":"--- PASS: TestSimulationTimeLifecycleRejectedResponseStepsLeaveWaiterInstalled/unknown-discard-credit (0.00s)\n","OutputType":"frame"}
{"Time":"2026-10-08T10:10:20.25829537Z","Action":"pass","Package":"go.temporal.io/server/tools/gomad3/runner/internal/execution","Test":"TestSimulationTimeLifecycleRejectedResponseStepsLeaveWaiterInstalled/unknown-discard-credit","Elapsed":0}
{"Time":"2026-10-08T10:10:20.258298203Z","Action":"run","Package":"go.temporal.io/server/tools/gomad3/runner/internal/execution","Test":"TestSimulationTimeLifecycleRejectedResponseStepsLeaveWaiterInstalled/unreserved-dispatch"}
{"Time":"2026-10-08T10:10:20.25830012Z","Action":"output","Package":"go.temporal.io/server/tools/gomad3/runner/internal/execution","Test":"TestSimulationTimeLifecycleRejectedResponseStepsLeaveWaiterInstalled/unreserved-dispatch","Output":"=== RUN   TestSimulationTimeLifecycleRejectedResponseStepsLeaveWaiterInstalled/unreserved-dispatch\n","OutputType":"frame"}
{"Time":"2026-10-08T10:10:20.258303203Z","Action":"output","Package":"go.temporal.io/server/tools/gomad3/runner/internal/execution","Test":"TestSimulationTimeLifecycleRejectedResponseStepsLeaveWaiterInstalled/unreserved-dispatch","Output":"--- PASS: TestSimulationTimeLifecycleRejectedResponseStepsLeaveWaiterInstalled/unreserved-dispatch (0.00s)\n","OutputType":"frame"}
{"Time":"2026-10-08T10:10:20.25830562Z","Action":"pass","Package":"go.temporal.io/server/tools/gomad3/runner/internal/execution","Test":"TestSimulationTimeLifecycleRejectedResponseStepsLeaveWaiterInstalled/unreserved-dispatch","Elapsed":0}
{"Time":"2026-10-08T10:10:20.258309578Z","Action":"run","Package":"go.temporal.io/server/tools/gomad3/runner/internal/execution","Test":"TestSimulationTimeLifecycleRejectedResponseStepsLeaveWaiterInstalled/unreserved-unavailable-dispatch"}
{"Time":"2026-10-08T10:10:20.258316287Z","Action":"output","Package":"go.temporal.io/server/tools/gomad3/runner/internal/execution","Test":"TestSimulationTimeLifecycleRejectedResponseStepsLeaveWaiterInstalled/unreserved-unavailable-dispatch","Output":"=== RUN   TestSimulationTimeLifecycleRejectedResponseStepsLeaveWaiterInstalled/unreserved-unavailable-dispatch\n","OutputType":"frame"}
{"Time":"2026-10-08T10:10:20.258405162Z","Action":"output","Package":"go.temporal.io/server/tools/gomad3/runner/internal/execution","Test":"TestSimulationTimeLifecycleRejectedResponseStepsLeaveWaiterInstalled/unreserved-unavailable-dispatch","Output":"--- PASS: TestSimulationTimeLifecycleRejectedResponseStepsLeaveWaiterInstalled/unreserved-unavailable-dispatch (0.00s)\n","OutputType":"frame"}
{"Time":"2026-10-08T10:10:20.258414787Z","Action":"pass","Package":"go.temporal.io/server/tools/gomad3/runner/internal/execution","Test":"TestSimulationTimeLifecycleRejectedResponseStepsLeaveWaiterInstalled/unreserved-unavailable-dispatch","Elapsed":0}
{"Time":"2026-10-08T10:10:20.258418995Z","Action":"output","Package":"go.temporal.io/server/tools/gomad3/runner/internal/execution","Test":"TestSimulationTimeLifecycleRejectedResponseStepsLeaveWaiterInstalled","Output":"--- PASS: TestSimulationTimeLifecycleRejectedResponseStepsLeaveWaiterInstalled (0.00s)\n","OutputType":"frame"}
{"Time":"2026-10-08T10:10:20.258421703Z","Action":"pass","Package":"go.temporal.io/server/tools/gomad3/runner/internal/execution","Test":"TestSimulationTimeLifecycleRejectedResponseStepsLeaveWaiterInstalled","Elapsed":0}
{"Time":"2026-10-08T10:10:20.258424078Z","Action":"run","Package":"go.temporal.io/server/tools/gomad3/runner/internal/execution","Test":"TestSimulationTimeLifecycleDuplicateControlForwardPreservesBothParticipants"}
{"Time":"2026-10-08T10:10:20.258425995Z","Action":"output","Package":"go.temporal.io/server/tools/gomad3/runner/internal/execution","Test":"TestSimulationTimeLifecycleDuplicateControlForwardPreservesBothParticipants","Output":"=== RUN   TestSimulationTimeLifecycleDuplicateControlForwardPreservesBothParticipants\n","OutputType":"frame"}
{"Time":"2026-10-08T10:10:20.258464495Z","Action":"output","Package":"go.temporal.io/server/tools/gomad3/runner/internal/execution","Test":"TestSimulationTimeLifecycleDuplicateControlForwardPreservesBothParticipants","Output":"--- PASS: TestSimulationTimeLifecycleDuplicateControlForwardPreservesBothParticipants (0.00s)\n","OutputType":"frame"}
{"Time":"2026-10-08T10:10:20.258475953Z","Action":"pass","Package":"go.temporal.io/server/tools/gomad3/runner/internal/execution","Test":"TestSimulationTimeLifecycleDuplicateControlForwardPreservesBothParticipants","Elapsed":0}
{"Time":"2026-10-08T10:10:20.25847987Z","Action":"run","Package":"go.temporal.io/server/tools/gomad3/runner/internal/execution","Test":"TestSimulationTimeProgressArrivalAtInstalledQuiescence"}
{"Time":"2026-10-08T10:10:20.258482995Z","Action":"output","Package":"go.temporal.io/server/tools/gomad3/runner/internal/execution","Test":"TestSimulationTimeProgressArrivalAtInstalledQuiescence","Output":"=== RUN   TestSimulationTimeProgressArrivalAtInstalledQuiescence\n","OutputType":"frame"}
{"Time":"2026-10-08T10:10:20.258487453Z","Action":"output","Package":"go.temporal.io/server/tools/gomad3/runner/internal/execution","Test":"TestSimulationTimeProgressArrivalAtInstalledQuiescence","Output":"--- PASS: TestSimulationTimeProgressArrivalAtInstalledQuiescence (0.00s)\n","OutputType":"frame"}
{"Time":"2026-10-08T10:10:20.25849212Z","Action":"pass","Package":"go.temporal.io/server/tools/gomad3/runner/internal/execution","Test":"TestSimulationTimeProgressArrivalAtInstalledQuiescence","Elapsed":0}
{"Time":"2026-10-08T10:10:20.25849462Z","Action":"run","Package":"go.temporal.io/server/tools/gomad3/runner/internal/execution","Test":"TestSimulationTimeProgressUnknownAcknowledgementBeforeAdmission"}
{"Time":"2026-10-08T10:10:20.258497662Z","Action":"output","Package":"go.temporal.io/server/tools/gomad3/runner/internal/execution","Test":"TestSimulationTimeProgressUnknownAcknowledgementBeforeAdmission","Output":"=== RUN   TestSimulationTimeProgressUnknownAcknowledgementBeforeAdmission\n","OutputType":"frame"}
{"Time":"2026-10-08T10:10:20.25852462Z","Action":"output","Package":"go.temporal.io/server/tools/gomad3/runner/internal/execution","Test":"TestSimulationTimeProgressUnknownAcknowledgementBeforeAdmission","Output":"--- PASS: TestSimulationTimeProgressUnknownAcknowledgementBeforeAdmission (0.00s)\n","OutputType":"frame"}
{"Time":"2026-10-08T10:10:20.25853162Z","Action":"pass","Package":"go.temporal.io/server/tools/gomad3/runner/internal/execution","Test":"TestSimulationTimeProgressUnknownAcknowledgementBeforeAdmission","Elapsed":0}
{"Time":"2026-10-08T10:10:20.25853337Z","Action":"run","Package":"go.temporal.io/server/tools/gomad3/runner/internal/execution","Test":"TestSimulationTimeProgressPartialAcknowledgementKeepsOtherDeliveryRunnable"}
{"Time":"2026-10-08T10:10:20.258536203Z","Action":"output","Package":"go.temporal.io/server/tools/gomad3/runner/internal/execution","Test":"TestSimulationTimeProgressPartialAcknowledgementKeepsOtherDeliveryRunnable","Output":"=== RUN   TestSimulationTimeProgressPartialAcknowledgementKeepsOtherDeliveryRunnable\n","OutputType":"frame"}
{"Time":"2026-10-08T10:10:20.258538745Z","Action":"output","Package":"go.temporal.io/server/tools/gomad3/runner/internal/execution","Test":"TestSimulationTimeProgressPartialAcknowledgementKeepsOtherDeliveryRunnable","Output":"--- PASS: TestSimulationTimeProgressPartialAcknowledgementKeepsOtherDeliveryRunnable (0.00s)\n","OutputType":"frame"}
{"Time":"2026-10-08T10:10:20.258540828Z","Action":"pass","Package":"go.temporal.io/server/tools/gomad3/runner/internal/execution","Test":"TestSimulationTimeProgressPartialAcknowledgementKeepsOtherDeliveryRunnable","Elapsed":0}
{"Time":"2026-10-08T10:10:20.258542578Z","Action":"run","Package":"go.temporal.io/server/tools/gomad3/runner/internal/execution","Test":"TestSimulationTimeProgressUnknownAcknowledgementBeforeForwardAndTransfer"}
{"Time":"2026-10-08T10:10:20.258544453Z","Action":"output","Package":"go.temporal.io/server/tools/gomad3/runner/internal/execution","Test":"TestSimulationTimeProgressUnknownAcknowledgementBeforeForwardAndTransfer","Output":"=== RUN   TestSimulationTimeProgressUnknownAcknowledgementBeforeForwardAndTransfer\n","OutputType":"frame"}
{"Time":"2026-10-08T10:10:20.258546912Z","Action":"output","Package":"go.temporal.io/server/tools/gomad3/runner/internal/execution","Test":"TestSimulationTimeProgressUnknownAcknowledgementBeforeForwardAndTransfer","Output":"--- PASS: TestSimulationTimeProgressUnknownAcknowledgementBeforeForwardAndTransfer (0.00s)\n","OutputType":"frame"}
{"Time":"2026-10-08T10:10:20.258548828Z","Action":"pass","Package":"go.temporal.io/server/tools/gomad3/runner/internal/execution","Test":"TestSimulationTimeProgressUnknownAcknowledgementBeforeForwardAndTransfer","Elapsed":0}
{"Time":"2026-10-08T10:10:20.258551495Z","Action":"run","Package":"go.temporal.io/server/tools/gomad3/runner/internal/execution","Test":"TestSimulationTimeProgressPreexistingMalformedWaitWakesQuiescence"}
{"Time":"2026-10-08T10:10:20.258558745Z","Action":"output","Package":"go.temporal.io/server/tools/gomad3/runner/internal/execution","Test":"TestSimulationTimeProgressPreexistingMalformedWaitWakesQuiescence","Output":"=== RUN   TestSimulationTimeProgressPreexistingMalformedWaitWakesQuiescence\n","OutputType":"frame"}
{"Time":"2026-10-08T10:10:20.258561078Z","Action":"output","Package":"go.temporal.io/server/tools/gomad3/runner/internal/execution","Test":"TestSimulationTimeProgressPreexistingMalformedWaitWakesQuiescence","Output":"--- PASS: TestSimulationTimeProgressPreexistingMalformedWaitWakesQuiescence (0.00s)\n","OutputType":"frame"}
{"Time":"2026-10-08T10:10:20.258563412Z","Action":"pass","Package":"go.temporal.io/server/tools/gomad3/runner/internal/execution","Test":"TestSimulationTimeProgressPreexistingMalformedWaitWakesQuiescence","Elapsed":0}
{"Time":"2026-10-08T10:10:20.258564828Z","Action":"run","Package":"go.temporal.io/server/tools/gomad3/runner/internal/execution","Test":"TestSimulationTimeProgressPreexistingDuplicateAdmissionConsumesArrival"}
{"Time":"2026-10-08T10:10:20.258566412Z","Action":"output","Package":"go.temporal.io/server/tools/gomad3/runner/internal/execution","Test":"TestSimulationTimeProgressPreexistingDuplicateAdmissionConsumesArrival","Output":"=== RUN   TestSimulationTimeProgressPreexistingDuplicateAdmissionConsumesArrival\n","OutputType":"frame"}
{"Time":"2026-10-08T10:10:20.258568703Z","Action":"output","Package":"go.temporal.io/server/tools/gomad3/runner/internal/execution","Test":"TestSimulationTimeProgressPreexistingDuplicateAdmissionConsumesArrival","Output":"--- PASS: TestSimulationTimeProgressPreexistingDuplicateAdmissionConsumesArrival (0.00s)\n","OutputType":"frame"}
{"Time":"2026-10-08T10:10:20.258575912Z","Action":"pass","Package":"go.temporal.io/server/tools/gomad3/runner/internal/execution","Test":"TestSimulationTimeProgressPreexistingDuplicateAdmissionConsumesArrival","Elapsed":0}
{"Time":"2026-10-08T10:10:20.25857737Z","Action":"run","Package":"go.temporal.io/server/tools/gomad3/runner/internal/execution","Test":"TestSimulationTimeProgressDeathAndRestartRejectStaleIncarnation"}
{"Time":"2026-10-08T10:10:20.258578662Z","Action":"output","Package":"go.temporal.io/server/tools/gomad3/runner/internal/execution","Test":"TestSimulationTimeProgressDeathAndRestartRejectStaleIncarnation","Output":"=== RUN   TestSimulationTimeProgressDeathAndRestartRejectStaleIncarnation\n","OutputType":"frame"}
{"Time":"2026-10-08T10:10:20.258581328Z","Action":"output","Package":"go.temporal.io/server/tools/gomad3/runner/internal/execution","Test":"TestSimulationTimeProgressDeathAndRestartRejectStaleIncarnation","Output":"--- PASS: TestSimulationTimeProgressDeathAndRestartRejectStaleIncarnation (0.00s)\n","OutputType":"frame"}
{"Time":"2026-10-08T10:10:20.258582953Z","Action":"pass","Package":"go.temporal.io/server/tools/gomad3/runner/internal/execution","Test":"TestSimulationTimeProgressDeathAndRestartRejectStaleIncarnation","Elapsed":0}
{"Time":"2026-10-08T10:10:20.258610828Z","Action":"run","Package":"go.temporal.io/server/tools/gomad3/runner/internal/execution","Test":"TestSimulationTimeWireRoundTripsFixedFrames"}
{"Time":"2026-10-08T10:10:20.258619245Z","Action":"output","Package":"go.temporal.io/server/tools/gomad3/runner/internal/execution","Test":"TestSimulationTimeWireRoundTripsFixedFrames","Output":"=== RUN   TestSimulationTimeWireRoundTripsFixedFrames\n","OutputType":"frame"}
{"Time":"2026-10-08T10:10:20.25862362Z","Action":"output","Package":"go.temporal.io/server/tools/gomad3/runner/internal/execution","Test":"TestSimulationTimeWireRoundTripsFixedFrames","Output":"--- PASS: TestSimulationTimeWireRoundTripsFixedFrames (0.00s)\n","OutputType":"frame"}
{"Time":"2026-10-08T10:10:20.258625995Z","Action":"pass","Package":"go.temporal.io/server/tools/gomad3/runner/internal/execution","Test":"TestSimulationTimeWireRoundTripsFixedFrames","Elapsed":0}
{"Time":"2026-10-08T10:10:20.258631745Z","Action":"run","Package":"go.temporal.io/server/tools/gomad3/runner/internal/execution","Test":"TestServeSimulationTimeExchangesBoundedFrames"}
{"Time":"2026-10-08T10:10:20.25864162Z","Action":"output","Package":"go.temporal.io/server/tools/gomad3/runner/internal/execution","Test":"TestServeSimulationTimeExchangesBoundedFrames","Output":"=== RUN   TestServeSimulationTimeExchangesBoundedFrames\n","OutputType":"frame"}
{"Time":"2026-10-08T10:10:20.258648078Z","Action":"output","Package":"go.temporal.io/server/tools/gomad3/runner/internal/execution","Test":"TestServeSimulationTimeExchangesBoundedFrames","Output":"--- PASS: TestServeSimulationTimeExchangesBoundedFrames (0.00s)\n","OutputType":"frame"}
{"Time":"2026-10-08T10:10:20.258649662Z","Action":"pass","Package":"go.temporal.io/server/tools/gomad3/runner/internal/execution","Test":"TestServeSimulationTimeExchangesBoundedFrames","Elapsed":0}
{"Time":"2026-10-08T10:10:20.258652078Z","Action":"run","Package":"go.temporal.io/server/tools/gomad3/runner/internal/execution","Test":"TestSimulationTimeArbiterAdvancesEveryParticipantToEarliestDeadline"}
{"Time":"2026-10-08T10:10:20.258654328Z","Action":"output","Package":"go.temporal.io/server/tools/gomad3/runner/internal/execution","Test":"TestSimulationTimeArbiterAdvancesEveryParticipantToEarliestDeadline","Output":"=== RUN   TestSimulationTimeArbiterAdvancesEveryParticipantToEarliestDeadline\n","OutputType":"frame"}
{"Time":"2026-10-08T10:10:20.258656953Z","Action":"output","Package":"go.temporal.io/server/tools/gomad3/runner/internal/execution","Test":"TestSimulationTimeArbiterAdvancesEveryParticipantToEarliestDeadline","Output":"--- PASS: TestSimulationTimeArbiterAdvancesEveryParticipantToEarliestDeadline (0.00s)\n","OutputType":"frame"}
{"Time":"2026-10-08T10:10:20.258660787Z","Action":"pass","Package":"go.temporal.io/server/tools/gomad3/runner/internal/execution","Test":"TestSimulationTimeArbiterAdvancesEveryParticipantToEarliestDeadline","Elapsed":0}
{"Time":"2026-10-08T10:10:20.25866637Z","Action":"run","Package":"go.temporal.io/server/tools/gomad3/runner/internal/execution","Test":"TestSimulationTimeArbiterAcceptsForwardTickEpoch"}
{"Time":"2026-10-08T10:10:20.258675578Z","Action":"output","Package":"go.temporal.io/server/tools/gomad3/runner/internal/execution","Test":"TestSimulationTimeArbiterAcceptsForwardTickEpoch","Output":"=== RUN   TestSimulationTimeArbiterAcceptsForwardTickEpoch\n","OutputType":"frame"}
{"Time":"2026-10-08T10:10:20.25867837Z","Action":"output","Package":"go.temporal.io/server/tools/gomad3/runner/internal/execution","Test":"TestSimulationTimeArbiterAcceptsForwardTickEpoch","Output":"--- PASS: TestSimulationTimeArbiterAcceptsForwardTickEpoch (0.00s)\n","OutputType":"frame"}
{"Time":"2026-10-08T10:10:20.258682495Z","Action":"pass","Package":"go.temporal.io/server/tools/gomad3/runner/internal/execution","Test":"TestSimulationTimeArbiterAcceptsForwardTickEpoch","Elapsed":0}
{"Time":"2026-10-08T10:10:20.258686495Z","Action":"run","Package":"go.temporal.io/server/tools/gomad3/runner/internal/execution","Test":"TestSimulationTimeArbiterForwardActivationAdoptsCurrent"}
{"Time":"2026-10-08T10:10:20.258687995Z","Action":"output","Package":"go.temporal.io/server/tools/gomad3/runner/internal/execution","Test":"TestSimulationTimeArbiterForwardActivationAdoptsCurrent","Output":"=== RUN   TestSimulationTimeArbiterForwardActivationAdoptsCurrent\n","OutputType":"frame"}
{"Time":"2026-10-08T10:10:20.258690578Z","Action":"output","Package":"go.temporal.io/server/tools/gomad3/runner/internal/execution","Test":"TestSimulationTimeArbiterForwardActivationAdoptsCurrent","Output":"--- PASS: TestSimulationTimeArbiterForwardActivationAdoptsCurrent (0.00s)\n","OutputType":"frame"}
{"Time":"2026-10-08T10:10:20.258692662Z","Action":"pass","Package":"go.temporal.io/server/tools/gomad3/runner/internal/execution","Test":"TestSimulationTimeArbiterForwardActivationAdoptsCurrent","Elapsed":0}
{"Time":"2026-10-08T10:10:20.258694787Z","Action":"run","Package":"go.temporal.io/server/tools/gomad3/runner/internal/execution","Test":"TestSimulationTimeArbiterStrictActivationRejectsFutureCurrent"}
{"Time":"2026-10-08T10:10:20.258696162Z","Action":"output","Package":"go.temporal.io/server/tools/gomad3/runner/internal/execution","Test":"TestSimulationTimeArbiterStrictActivationRejectsFutureCurrent","Output":"=== RUN   TestSimulationTimeArbiterStrictActivationRejectsFutureCurrent\n","OutputType":"frame"}
{"Time":"2026-10-08T10:10:20.258701495Z","Action":"output","Package":"go.temporal.io/server/tools/gomad3/runner/internal/execution","Test":"TestSimulationTimeArbiterStrictActivationRejectsFutureCurrent","Output":"--- PASS: TestSimulationTimeArbiterStrictActivationRejectsFutureCurrent (0.00s)\n","OutputType":"frame"}
{"Time":"2026-10-08T10:10:20.25870287Z","Action":"pass","Package":"go.temporal.io/server/tools/gomad3/runner/internal/execution","Test":"TestSimulationTimeArbiterStrictActivationRejectsFutureCurrent","Elapsed":0}
{"Time":"2026-10-08T10:10:20.258707745Z","Action":"run","Package":"go.temporal.io/server/tools/gomad3/runner/internal/execution","Test":"TestSimulationTimeArbiterForwardTickEpochIsOrderIndependent"}
{"Time":"2026-10-08T10:10:20.258713162Z","Action":"output","Package":"go.temporal.io/server/tools/gomad3/runner/internal/execution","Test":"TestSimulationTimeArbiterForwardTickEpochIsOrderIndependent","Output":"=== RUN   TestSimulationTimeArbiterForwardTickEpochIsOrderIndependent\n","OutputType":"frame"}
{"Time":"2026-10-08T10:10:20.258732828Z","Action":"run","Package":"go.temporal.io/server/tools/gomad3/runner/internal/execution","Test":"TestSimulationTimeArbiterForwardTickEpochIsOrderIndependent/lower-first"}
{"Time":"2026-10-08T10:10:20.258741162Z","Action":"output","Package":"go.temporal.io/server/tools/gomad3/runner/internal/execution","Test":"TestSimulationTimeArbiterForwardTickEpochIsOrderIndependent/lower-first","Output":"=== RUN   TestSimulationTimeArbiterForwardTickEpochIsOrderIndependent/lower-first\n","OutputType":"frame"}
{"Time":"2026-10-08T10:10:20.258745453Z","Action":"output","Package":"go.temporal.io/server/tools/gomad3/runner/internal/execution","Test":"TestSimulationTimeArbiterForwardTickEpochIsOrderIndependent/lower-first","Output":"--- PASS: TestSimulationTimeArbiterForwardTickEpochIsOrderIndependent/lower-first (0.00s)\n","OutputType":"frame"}
{"Time":"2026-10-08T10:10:20.258748495Z","Action":"pass","Package":"go.temporal.io/server/tools/gomad3/runner/internal/execution","Test":"TestSimulationTimeArbiterForwardTickEpochIsOrderIndependent/lower-first","Elapsed":0}
{"Time":"2026-10-08T10:10:20.25875137Z","Action":"run","Package":"go.temporal.io/server/tools/gomad3/runner/internal/execution","Test":"TestSimulationTimeArbiterForwardTickEpochIsOrderIndependent/higher-first"}
{"Time":"2026-10-08T10:10:20.258753328Z","Action":"output","Package":"go.temporal.io/server/tools/gomad3/runner/internal/execution","Test":"TestSimulationTimeArbiterForwardTickEpochIsOrderIndependent/higher-first","Output":"=== RUN   TestSimulationTimeArbiterForwardTickEpochIsOrderIndependent/higher-first\n","OutputType":"frame"}
{"Time":"2026-10-08T10:10:20.258758745Z","Action":"output","Package":"go.temporal.io/server/tools/gomad3/runner/internal/execution","Test":"TestSimulationTimeArbiterForwardTickEpochIsOrderIndependent/higher-first","Output":"--- PASS: TestSimulationTimeArbiterForwardTickEpochIsOrderIndependent/higher-first (0.00s)\n","OutputType":"frame"}
{"Time":"2026-10-08T10:10:20.25876212Z","Action":"pass","Package":"go.temporal.io/server/tools/gomad3/runner/internal/execution","Test":"TestSimulationTimeArbiterForwardTickEpochIsOrderIndependent/higher-first","Elapsed":0}
{"Time":"2026-10-08T10:10:20.258763912Z","Action":"output","Package":"go.temporal.io/server/tools/gomad3/runner/internal/execution","Test":"TestSimulationTimeArbiterForwardTickEpochIsOrderIndependent","Output":"--- PASS: TestSimulationTimeArbiterForwardTickEpochIsOrderIndependent (0.00s)\n","OutputType":"frame"}
{"Time":"2026-10-08T10:10:20.258768745Z","Action":"pass","Package":"go.temporal.io/server/tools/gomad3/runner/internal/execution","Test":"TestSimulationTimeArbiterForwardTickEpochIsOrderIndependent","Elapsed":0}
{"Time":"2026-10-08T10:10:20.258774037Z","Action":"run","Package":"go.temporal.io/server/tools/gomad3/runner/internal/execution","Test":"TestSimulationTimeArbiterRejectsForwardTickEpochPastItsDeadline"}
{"Time":"2026-10-08T10:10:20.258775537Z","Action":"output","Package":"go.temporal.io/server/tools/gomad3/runner/internal/execution","Test":"TestSimulationTimeArbiterRejectsForwardTickEpochPastItsDeadline","Output":"=== RUN   TestSimulationTimeArbiterRejectsForwardTickEpochPastItsDeadline\n","OutputType":"frame"}
{"Time":"2026-10-08T10:10:20.258779203Z","Action":"output","Package":"go.temporal.io/server/tools/gomad3/runner/internal/execution","Test":"TestSimulationTimeArbiterRejectsForwardTickEpochPastItsDeadline","Output":"--- PASS: TestSimulationTimeArbiterRejectsForwardTickEpochPastItsDeadline (0.00s)\n","OutputType":"frame"}
{"Time":"2026-10-08T10:10:20.258781703Z","Action":"pass","Package":"go.temporal.io/server/tools/gomad3/runner/internal/execution","Test":"TestSimulationTimeArbiterRejectsForwardTickEpochPastItsDeadline","Elapsed":0}
{"Time":"2026-10-08T10:10:20.258797995Z","Action":"run","Package":"go.temporal.io/server/tools/gomad3/runner/internal/execution","Test":"TestSimulationTimeArbiterCancelsAnEpochWhenExternalWorkArrives"}
{"Time":"2026-10-08T10:10:20.258800453Z","Action":"output","Package":"go.temporal.io/server/tools/gomad3/runner/internal/execution","Test":"TestSimulationTimeArbiterCancelsAnEpochWhenExternalWorkArrives","Output":"=== RUN   TestSimulationTimeArbiterCancelsAnEpochWhenExternalWorkArrives\n","OutputType":"frame"}
{"Time":"2026-10-08T10:10:20.258803912Z","Action":"output","Package":"go.temporal.io/server/tools/gomad3/runner/internal/execution","Test":"TestSimulationTimeArbiterCancelsAnEpochWhenExternalWorkArrives","Output":"--- PASS: TestSimulationTimeArbiterCancelsAnEpochWhenExternalWorkArrives (0.00s)\n","OutputType":"frame"}
{"Time":"2026-10-08T10:10:20.258810037Z","Action":"pass","Package":"go.temporal.io/server/tools/gomad3/runner/internal/execution","Test":"TestSimulationTimeArbiterCancelsAnEpochWhenExternalWorkArrives","Elapsed":0}
{"Time":"2026-10-08T10:10:20.258811537Z","Action":"run","Package":"go.temporal.io/server/tools/gomad3/runner/internal/execution","Test":"TestSimulationTimeArbiterDoesNotAdvancePastExternalWorkOrInactiveParticipants"}
{"Time":"2026-10-08T10:10:20.258812745Z","Action":"output","Package":"go.temporal.io/server/tools/gomad3/runner/internal/execution","Test":"TestSimulationTimeArbiterDoesNotAdvancePastExternalWorkOrInactiveParticipants","Output":"=== RUN   TestSimulationTimeArbiterDoesNotAdvancePastExternalWorkOrInactiveParticipants\n","OutputType":"frame"}
{"Time":"2026-10-08T10:10:20.258847287Z","Action":"output","Package":"go.temporal.io/server/tools/gomad3/runner/internal/execution","Test":"TestSimulationTimeArbiterDoesNotAdvancePastExternalWorkOrInactiveParticipants","Output":"--- PASS: TestSimulationTimeArbiterDoesNotAdvancePastExternalWorkOrInactiveParticipants (0.00s)\n","OutputType":"frame"}
{"Time":"2026-10-08T10:10:20.258857578Z","Action":"pass","Package":"go.temporal.io/server/tools/gomad3/runner/internal/execution","Test":"TestSimulationTimeArbiterDoesNotAdvancePastExternalWorkOrInactiveParticipants","Elapsed":0}
{"Time":"2026-10-08T10:10:20.258860578Z","Action":"run","Package":"go.temporal.io/server/tools/gomad3/runner/internal/execution","Test":"TestSimulationTimeArbiterExcludesAnExternallyBlockedParticipant"}
{"Time":"2026-10-08T10:10:20.258863328Z","Action":"output","Package":"go.temporal.io/server/tools/gomad3/runner/internal/execution","Test":"TestSimulationTimeArbiterExcludesAnExternallyBlockedParticipant","Output":"=== RUN   TestSimulationTimeArbiterExcludesAnExternallyBlockedParticipant\n","OutputType":"frame"}
{"Time":"2026-10-08T10:10:20.258865995Z","Action":"output","Package":"go.temporal.io/server/tools/gomad3/runner/internal/execution","Test":"TestSimulationTimeArbiterExcludesAnExternallyBlockedParticipant","Output":"--- PASS: TestSimulationTimeArbiterExcludesAnExternallyBlockedParticipant (0.00s)\n","OutputType":"frame"}
{"Time":"2026-10-08T10:10:20.258871787Z","Action":"pass","Package":"go.temporal.io/server/tools/gomad3/runner/internal/execution","Test":"TestSimulationTimeArbiterExcludesAnExternallyBlockedParticipant","Elapsed":0}
{"Time":"2026-10-08T10:10:20.25887337Z","Action":"run","Package":"go.temporal.io/server/tools/gomad3/runner/internal/execution","Test":"TestSimulationTimeArbiterSettlesWhenLastRunnableParticipantBlocksExternally"}
{"Time":"2026-10-08T10:10:20.258874953Z","Action":"output","Package":"go.temporal.io/server/tools/gomad3/runner/internal/execution","Test":"TestSimulationTimeArbiterSettlesWhenLastRunnableParticipantBlocksExternally","Output":"=== RUN   TestSimulationTimeArbiterSettlesWhenLastRunnableParticipantBlocksExternally\n","OutputType":"frame"}
{"Time":"2026-10-08T10:10:20.258881995Z","Action":"output","Package":"go.temporal.io/server/tools/gomad3/runner/internal/execution","Test":"TestSimulationTimeArbiterSettlesWhenLastRunnableParticipantBlocksExternally","Output":"--- PASS: TestSimulationTimeArbiterSettlesWhenLastRunnableParticipantBlocksExternally (0.00s)\n","OutputType":"frame"}
{"Time":"2026-10-08T10:10:20.258883703Z","Action":"pass","Package":"go.temporal.io/server/tools/gomad3/runner/internal/execution","Test":"TestSimulationTimeArbiterSettlesWhenLastRunnableParticipantBlocksExternally","Elapsed":0}
{"Time":"2026-10-08T10:10:20.25888512Z","Action":"run","Package":"go.temporal.io/server/tools/gomad3/runner/internal/execution","Test":"TestSimulationTimeArbiterDoesNotSettleWhileExternalRequestIsHandled"}
{"Time":"2026-10-08T10:10:20.258886412Z","Action":"output","Package":"go.temporal.io/server/tools/gomad3/runner/internal/execution","Test":"TestSimulationTimeArbiterDoesNotSettleWhileExternalRequestIsHandled","Output":"=== RUN   TestSimulationTimeArbiterDoesNotSettleWhileExternalRequestIsHandled\n","OutputType":"frame"}
{"Time":"2026-10-08T10:10:20.258891328Z","Action":"output","Package":"go.temporal.io/server/tools/gomad3/runner/internal/execution","Test":"TestSimulationTimeArbiterDoesNotSettleWhileExternalRequestIsHandled","Output":"--- PASS: TestSimulationTimeArbiterDoesNotSettleWhileExternalRequestIsHandled (0.00s)\n","OutputType":"frame"}
{"Time":"2026-10-08T10:10:20.258892953Z","Action":"pass","Package":"go.temporal.io/server/tools/gomad3/runner/internal/execution","Test":"TestSimulationTimeArbiterDoesNotSettleWhileExternalRequestIsHandled","Elapsed":0}
{"Time":"2026-10-08T10:10:20.258894203Z","Action":"run","Package":"go.temporal.io/server/tools/gomad3/runner/internal/execution","Test":"TestSimulationTimeArbiterAdvancesAfterForwardedRequestIsDelivered"}
{"Time":"2026-10-08T10:10:20.258895287Z","Action":"output","Package":"go.temporal.io/server/tools/gomad3/runner/internal/execution","Test":"TestSimulationTimeArbiterAdvancesAfterForwardedRequestIsDelivered","Output":"=== RUN   TestSimulationTimeArbiterAdvancesAfterForwardedRequestIsDelivered\n","OutputType":"frame"}
{"Time":"2026-10-08T10:10:20.258896995Z","Action":"output","Package":"go.temporal.io/server/tools/gomad3/runner/internal/execution","Test":"TestSimulationTimeArbiterAdvancesAfterForwardedRequestIsDelivered","Output":"--- PASS: TestSimulationTimeArbiterAdvancesAfterForwardedRequestIsDelivered (0.00s)\n","OutputType":"frame"}
{"Time":"2026-10-08T10:10:20.258901162Z","Action":"pass","Package":"go.temporal.io/server/tools/gomad3/runner/internal/execution","Test":"TestSimulationTimeArbiterAdvancesAfterForwardedRequestIsDelivered","Elapsed":0}
{"Time":"2026-10-08T10:10:20.258902412Z","Action":"run","Package":"go.temporal.io/server/tools/gomad3/runner/internal/execution","Test":"TestSimulationTimeArbiterForwardsExternalRequestAtomically"}
{"Time":"2026-10-08T10:10:20.258904162Z","Action":"output","Package":"go.temporal.io/server/tools/gomad3/runner/internal/execution","Test":"TestSimulationTimeArbiterForwardsExternalRequestAtomically","Output":"=== RUN   TestSimulationTimeArbiterForwardsExternalRequestAtomically\n","OutputType":"frame"}
{"Time":"2026-10-08T10:10:20.258908703Z","Action":"output","Package":"go.temporal.io/server/tools/gomad3/runner/internal/execution","Test":"TestSimulationTimeArbiterForwardsExternalRequestAtomically","Output":"--- PASS: TestSimulationTimeArbiterForwardsExternalRequestAtomically (0.00s)\n","OutputType":"frame"}
{"Time":"2026-10-08T10:10:20.258909953Z","Action":"pass","Package":"go.temporal.io/server/tools/gomad3/runner/internal/execution","Test":"TestSimulationTimeArbiterForwardsExternalRequestAtomically","Elapsed":0}
{"Time":"2026-10-08T10:10:20.25891687Z","Action":"run","Package":"go.temporal.io/server/tools/gomad3/runner/internal/execution","Test":"TestSimulationTimeArbiterTransfersExternalArrivalAtomically"}
{"Time":"2026-10-08T10:10:20.258919162Z","Action":"output","Package":"go.temporal.io/server/tools/gomad3/runner/internal/execution","Test":"TestSimulationTimeArbiterTransfersExternalArrivalAtomically","Output":"=== RUN   TestSimulationTimeArbiterTransfersExternalArrivalAtomically\n","OutputType":"frame"}
{"Time":"2026-10-08T10:10:20.258921828Z","Action":"output","Package":"go.temporal.io/server/tools/gomad3/runner/internal/execution","Test":"TestSimulationTimeArbiterTransfersExternalArrivalAtomically","Output":"--- PASS: TestSimulationTimeArbiterTransfersExternalArrivalAtomically (0.00s)\n","OutputType":"frame"}
{"Time":"2026-10-08T10:10:20.258934745Z","Action":"pass","Package":"go.temporal.io/server/tools/gomad3/runner/internal/execution","Test":"TestSimulationTimeArbiterTransfersExternalArrivalAtomically","Elapsed":0}
{"Time":"2026-10-08T10:10:20.258937162Z","Action":"run","Package":"go.temporal.io/server/tools/gomad3/runner/internal/execution","Test":"TestSimulationTimeArbiterWaitsForDeliveredExternalWorkToBeConsumed"}
{"Time":"2026-10-08T10:10:20.258938453Z","Action":"output","Package":"go.temporal.io/server/tools/gomad3/runner/internal/execution","Test":"TestSimulationTimeArbiterWaitsForDeliveredExternalWorkToBeConsumed","Output":"=== RUN   TestSimulationTimeArbiterWaitsForDeliveredExternalWorkToBeConsumed\n","OutputType":"frame"}
{"Time":"2026-10-08T10:10:20.258940953Z","Action":"output","Package":"go.temporal.io/server/tools/gomad3/runner/internal/execution","Test":"TestSimulationTimeArbiterWaitsForDeliveredExternalWorkToBeConsumed","Output":"--- PASS: TestSimulationTimeArbiterWaitsForDeliveredExternalWorkToBeConsumed (0.00s)\n","OutputType":"frame"}
{"Time":"2026-10-08T10:10:20.258947162Z","Action":"pass","Package":"go.temporal.io/server/tools/gomad3/runner/internal/execution","Test":"TestSimulationTimeArbiterWaitsForDeliveredExternalWorkToBeConsumed","Elapsed":0}
{"Time":"2026-10-08T10:10:20.258948828Z","Action":"run","Package":"go.temporal.io/server/tools/gomad3/runner/internal/execution","Test":"TestSimulationTimeArbiterRejoinsAfterExternalWorkArrives"}
{"Time":"2026-10-08T10:10:20.258950078Z","Action":"output","Package":"go.temporal.io/server/tools/gomad3/runner/internal/execution","Test":"TestSimulationTimeArbiterRejoinsAfterExternalWorkArrives","Output":"=== RUN   TestSimulationTimeArbiterRejoinsAfterExternalWorkArrives\n","OutputType":"frame"}
{"Time":"2026-10-08T10:10:20.258952745Z","Action":"output","Package":"go.temporal.io/server/tools/gomad3/runner/internal/execution","Test":"TestSimulationTimeArbiterRejoinsAfterExternalWorkArrives","Output":"--- PASS: TestSimulationTimeArbiterRejoinsAfterExternalWorkArrives (0.00s)\n","OutputType":"frame"}
{"Time":"2026-10-08T10:10:20.25896062Z","Action":"pass","Package":"go.temporal.io/server/tools/gomad3/runner/internal/execution","Test":"TestSimulationTimeArbiterRejoinsAfterExternalWorkArrives","Elapsed":0}
{"Time":"2026-10-08T10:10:20.258961995Z","Action":"run","Package":"go.temporal.io/server/tools/gomad3/runner/internal/execution","Test":"TestSimulationTimeArbiterActivatesRestartAtCurrentTime"}
{"Time":"2026-10-08T10:10:20.258963078Z","Action":"output","Package":"go.temporal.io/server/tools/gomad3/runner/internal/execution","Test":"TestSimulationTimeArbiterActivatesRestartAtCurrentTime","Output":"=== RUN   TestSimulationTimeArbiterActivatesRestartAtCurrentTime\n","OutputType":"frame"}
{"Time":"2026-10-08T10:10:20.258964703Z","Action":"output","Package":"go.temporal.io/server/tools/gomad3/runner/internal/execution","Test":"TestSimulationTimeArbiterActivatesRestartAtCurrentTime","Output":"--- PASS: TestSimulationTimeArbiterActivatesRestartAtCurrentTime (0.00s)\n","OutputType":"frame"}
{"Time":"2026-10-08T10:10:20.258966078Z","Action":"pass","Package":"go.temporal.io/server/tools/gomad3/runner/internal/execution","Test":"TestSimulationTimeArbiterActivatesRestartAtCurrentTime","Elapsed":0}
{"Time":"2026-10-08T10:10:20.258967245Z","Action":"run","Package":"go.temporal.io/server/tools/gomad3/runner/internal/execution","Test":"TestSimulationTimeArbiterRejectsForwardTickEpochInStrictMode"}
{"Time":"2026-10-08T10:10:20.258971537Z","Action":"output","Package":"go.temporal.io/server/tools/gomad3/runner/internal/execution","Test":"TestSimulationTimeArbiterRejectsForwardTickEpochInStrictMode","Output":"=== RUN   TestSimulationTimeArbiterRejectsForwardTickEpochInStrictMode\n","OutputType":"frame"}
{"Time":"2026-10-08T10:10:20.258973328Z","Action":"output","Package":"go.temporal.io/server/tools/gomad3/runner/internal/execution","Test":"TestSimulationTimeArbiterRejectsForwardTickEpochInStrictMode","Output":"--- PASS: TestSimulationTimeArbiterRejectsForwardTickEpochInStrictMode (0.00s)\n","OutputType":"frame"}
{"Time":"2026-10-08T10:10:20.258991328Z","Action":"pass","Package":"go.temporal.io/server/tools/gomad3/runner/internal/execution","Test":"TestSimulationTimeArbiterRejectsForwardTickEpochInStrictMode","Elapsed":0}
{"Time":"2026-10-08T10:10:20.25899787Z","Action":"run","Package":"go.temporal.io/server/tools/gomad3/runner/internal/execution","Test":"TestSimulationTimeArbiterForwardTickEarlyResponsesDoNotRewind"}
{"Time":"2026-10-08T10:10:20.258999328Z","Action":"output","Package":"go.temporal.io/server/tools/gomad3/runner/internal/execution","Test":"TestSimulationTimeArbiterForwardTickEarlyResponsesDoNotRewind","Output":"=== RUN   TestSimulationTimeArbiterForwardTickEarlyResponsesDoNotRewind\n","OutputType":"frame"}
{"Time":"2026-10-08T10:10:20.25903262Z","Action":"run","Package":"go.temporal.io/server/tools/gomad3/runner/internal/execution","Test":"TestSimulationTimeArbiterForwardTickEarlyResponsesDoNotRewind/inactive"}
{"Time":"2026-10-08T10:10:20.259050912Z","Action":"output","Package":"go.temporal.io/server/tools/gomad3/runner/internal/execution","Test":"TestSimulationTimeArbiterForwardTickEarlyResponsesDoNotRewind/inactive","Output":"=== RUN   TestSimulationTimeArbiterForwardTickEarlyResponsesDoNotRewind/inactive\n","OutputType":"frame"}
{"Time":"2026-10-08T10:10:20.259056912Z","Action":"output","Package":"go.temporal.io/server/tools/gomad3/runner/internal/execution","Test":"TestSimulationTimeArbiterForwardTickEarlyResponsesDoNotRewind/inactive","Output":"--- PASS: TestSimulationTimeArbiterForwardTickEarlyResponsesDoNotRewind/inactive (0.00s)\n","OutputType":"frame"}
{"Time":"2026-10-08T10:10:20.259059203Z","Action":"pass","Package":"go.temporal.io/server/tools/gomad3/runner/internal/execution","Test":"TestSimulationTimeArbiterForwardTickEarlyResponsesDoNotRewind/inactive","Elapsed":0}
{"Time":"2026-10-08T10:10:20.259068162Z","Action":"run","Package":"go.temporal.io/server/tools/gomad3/runner/internal/execution","Test":"TestSimulationTimeArbiterForwardTickEarlyResponsesDoNotRewind/delivered"}
{"Time":"2026-10-08T10:10:20.259069828Z","Action":"output","Package":"go.temporal.io/server/tools/gomad3/runner/internal/execution","Test":"TestSimulationTimeArbiterForwardTickEarlyResponsesDoNotRewind/delivered","Output":"=== RUN   TestSimulationTimeArbiterForwardTickEarlyResponsesDoNotRewind/delivered\n","OutputType":"frame"}
{"Time":"2026-10-08T10:10:20.25907262Z","Action":"output","Package":"go.temporal.io/server/tools/gomad3/runner/internal/execution","Test":"TestSimulationTimeArbiterForwardTickEarlyResponsesDoNotRewind/delivered","Output":"--- PASS: TestSimulationTimeArbiterForwardTickEarlyResponsesDoNotRewind/delivered (0.00s)\n","OutputType":"frame"}
{"Time":"2026-10-08T10:10:20.259074828Z","Action":"pass","Package":"go.temporal.io/server/tools/gomad3/runner/internal/execution","Test":"TestSimulationTimeArbiterForwardTickEarlyResponsesDoNotRewind/delivered","Elapsed":0}
{"Time":"2026-10-08T10:10:20.259076703Z","Action":"run","Package":"go.temporal.io/server/tools/gomad3/runner/internal/execution","Test":"TestSimulationTimeArbiterForwardTickEarlyResponsesDoNotRewind/external"}
{"Time":"2026-10-08T10:10:20.25908712Z","Action":"output","Package":"go.temporal.io/server/tools/gomad3/runner/internal/execution","Test":"TestSimulationTimeArbiterForwardTickEarlyResponsesDoNotRewind/external","Output":"=== RUN   TestSimulationTimeArbiterForwardTickEarlyResponsesDoNotRewind/external\n","OutputType":"frame"}
{"Time":"2026-10-08T10:10:20.259090287Z","Action":"output","Package":"go.temporal.io/server/tools/gomad3/runner/internal/execution","Test":"TestSimulationTimeArbiterForwardTickEarlyResponsesDoNotRewind/external","Output":"--- PASS: TestSimulationTimeArbiterForwardTickEarlyResponsesDoNotRewind/external (0.00s)\n","OutputType":"frame"}
{"Time":"2026-10-08T10:10:20.259094537Z","Action":"pass","Package":"go.temporal.io/server/tools/gomad3/runner/internal/execution","Test":"TestSimulationTimeArbiterForwardTickEarlyResponsesDoNotRewind/external","Elapsed":0}
{"Time":"2026-10-08T10:10:20.25910662Z","Action":"output","Package":"go.temporal.io/server/tools/gomad3/runner/internal/execution","Test":"TestSimulationTimeArbiterForwardTickEarlyResponsesDoNotRewind","Output":"--- PASS: TestSimulationTimeArbiterForwardTickEarlyResponsesDoNotRewind (0.00s)\n","OutputType":"frame"}
{"Time":"2026-10-08T10:10:20.259108787Z","Action":"pass","Package":"go.temporal.io/server/tools/gomad3/runner/internal/execution","Test":"TestSimulationTimeArbiterForwardTickEarlyResponsesDoNotRewind","Elapsed":0}
{"Time":"2026-10-08T10:10:20.259110162Z","Action":"run","Package":"go.temporal.io/server/tools/gomad3/runner/internal/execution","Test":"TestSimulationTimeArbiterMalformedForwardTickRequestDoesNotAdvance"}
{"Time":"2026-10-08T10:10:20.259111537Z","Action":"output","Package":"go.temporal.io/server/tools/gomad3/runner/internal/execution","Test":"TestSimulationTimeArbiterMalformedForwardTickRequestDoesNotAdvance","Output":"=== RUN   TestSimulationTimeArbiterMalformedForwardTickRequestDoesNotAdvance\n","OutputType":"frame"}
{"Time":"2026-10-08T10:10:20.259113703Z","Action":"output","Package":"go.temporal.io/server/tools/gomad3/runner/internal/execution","Test":"TestSimulationTimeArbiterMalformedForwardTickRequestDoesNotAdvance","Output":"--- PASS: TestSimulationTimeArbiterMalformedForwardTickRequestDoesNotAdvance (0.00s)\n","OutputType":"frame"}
{"Time":"2026-10-08T10:10:20.259116953Z","Action":"pass","Package":"go.temporal.io/server/tools/gomad3/runner/internal/execution","Test":"TestSimulationTimeArbiterMalformedForwardTickRequestDoesNotAdvance","Elapsed":0}
{"Time":"2026-10-08T10:10:20.259123662Z","Action":"run","Package":"go.temporal.io/server/tools/gomad3/runner/internal/execution","Test":"TestSimulationTimeArbiterAdoptsForwardedModelCurrent"}
{"Time":"2026-10-08T10:10:20.25912612Z","Action":"output","Package":"go.temporal.io/server/tools/gomad3/runner/internal/execution","Test":"TestSimulationTimeArbiterAdoptsForwardedModelCurrent","Output":"=== RUN   TestSimulationTimeArbiterAdoptsForwardedModelCurrent\n","OutputType":"frame"}
{"Time":"2026-10-08T10:10:20.25912787Z","Action":"output","Package":"go.temporal.io/server/tools/gomad3/runner/internal/execution","Test":"TestSimulationTimeArbiterAdoptsForwardedModelCurrent","Output":"--- PASS: TestSimulationTimeArbiterAdoptsForwardedModelCurrent (0.00s)\n","OutputType":"frame"}
{"Time":"2026-10-08T10:10:20.259129203Z","Action":"pass","Package":"go.temporal.io/server/tools/gomad3/runner/internal/execution","Test":"TestSimulationTimeArbiterAdoptsForwardedModelCurrent","Elapsed":0}
{"Time":"2026-10-08T10:10:20.259130537Z","Action":"run","Package":"go.temporal.io/server/tools/gomad3/runner/internal/execution","Test":"TestSimulationTimeArbiterRejectsInvalidForwardedModelCurrentWithoutMutation"}
{"Time":"2026-10-08T10:10:20.259131828Z","Action":"output","Package":"go.temporal.io/server/tools/gomad3/runner/internal/execution","Test":"TestSimulationTimeArbiterRejectsInvalidForwardedModelCurrentWithoutMutation","Output":"=== RUN   TestSimulationTimeArbiterRejectsInvalidForwardedModelCurrentWithoutMutation\n","OutputType":"frame"}
{"Time":"2026-10-08T10:10:20.259135245Z","Action":"run","Package":"go.temporal.io/server/tools/gomad3/runner/internal/execution","Test":"TestSimulationTimeArbiterRejectsInvalidForwardedModelCurrentWithoutMutation/strict_future"}
{"Time":"2026-10-08T10:10:20.259137287Z","Action":"output","Package":"go.temporal.io/server/tools/gomad3/runner/internal/execution","Test":"TestSimulationTimeArbiterRejectsInvalidForwardedModelCurrentWithoutMutation/strict_future","Output":"=== RUN   TestSimulationTimeArbiterRejectsInvalidForwardedModelCurrentWithoutMutation/strict_future\n","OutputType":"frame"}
{"Time":"2026-10-08T10:10:20.259145078Z","Action":"output","Package":"go.temporal.io/server/tools/gomad3/runner/internal/execution","Test":"TestSimulationTimeArbiterRejectsInvalidForwardedModelCurrentWithoutMutation/strict_future","Output":"--- PASS: TestSimulationTimeArbiterRejectsInvalidForwardedModelCurrentWithoutMutation/strict_future (0.00s)\n","OutputType":"frame"}
{"Time":"2026-10-08T10:10:20.259148662Z","Action":"pass","Package":"go.temporal.io/server/tools/gomad3/runner/internal/execution","Test":"TestSimulationTimeArbiterRejectsInvalidForwardedModelCurrentWithoutMutation/strict_future","Elapsed":0}
{"Time":"2026-10-08T10:10:20.25915262Z","Action":"run","Package":"go.temporal.io/server/tools/gomad3/runner/internal/execution","Test":"TestSimulationTimeArbiterRejectsInvalidForwardedModelCurrentWithoutMutation/unknown_arrival"}
{"Time":"2026-10-08T10:10:20.259155245Z","Action":"output","Package":"go.temporal.io/server/tools/gomad3/runner/internal/execution","Test":"TestSimulationTimeArbiterRejectsInvalidForwardedModelCurrentWithoutMutation/unknown_arrival","Output":"=== RUN   TestSimulationTimeArbiterRejectsInvalidForwardedModelCurrentWithoutMutation/unknown_arrival\n","OutputType":"frame"}
{"Time":"2026-10-08T10:10:20.259163245Z","Action":"output","Package":"go.temporal.io/server/tools/gomad3/runner/internal/execution","Test":"TestSimulationTimeArbiterRejectsInvalidForwardedModelCurrentWithoutMutation/unknown_arrival","Output":"--- PASS: TestSimulationTimeArbiterRejectsInvalidForwardedModelCurrentWithoutMutation/unknown_arrival (0.00s)\n","OutputType":"frame"}
{"Time":"2026-10-08T10:10:20.259164953Z","Action":"pass","Package":"go.temporal.io/server/tools/gomad3/runner/internal/execution","Test":"TestSimulationTimeArbiterRejectsInvalidForwardedModelCurrentWithoutMutation/unknown_arrival","Elapsed":0}
{"Time":"2026-10-08T10:10:20.259167078Z","Action":"output","Package":"go.temporal.io/server/tools/gomad3/runner/internal/execution","Test":"TestSimulationTimeArbiterRejectsInvalidForwardedModelCurrentWithoutMutation","Output":"--- PASS: TestSimulationTimeArbiterRejectsInvalidForwardedModelCurrentWithoutMutation (0.00s)\n","OutputType":"frame"}
{"Time":"2026-10-08T10:10:20.259168578Z","Action":"pass","Package":"go.temporal.io/server/tools/gomad3/runner/internal/execution","Test":"TestSimulationTimeArbiterRejectsInvalidForwardedModelCurrentWithoutMutation","Elapsed":0}
{"Time":"2026-10-08T10:10:20.259171162Z","Action":"run","Package":"go.temporal.io/server/tools/gomad3/runner/internal/execution","Test":"TestSimulationTimeGeneratedVectors"}
{"Time":"2026-10-08T10:10:20.259173203Z","Action":"output","Package":"go.temporal.io/server/tools/gomad3/runner/internal/execution","Test":"TestSimulationTimeGeneratedVectors","Output":"=== RUN   TestSimulationTimeGeneratedVectors\n","OutputType":"frame"}
{"Time":"2026-10-08T10:10:20.259175412Z","Action":"run","Package":"go.temporal.io/server/tools/gomad3/runner/internal/execution","Test":"TestSimulationTimeGeneratedVectors/request/truncated"}
{"Time":"2026-10-08T10:10:20.259177495Z","Action":"output","Package":"go.temporal.io/server/tools/gomad3/runner/internal/execution","Test":"TestSimulationTimeGeneratedVectors/request/truncated","Output":"=== RUN   TestSimulationTimeGeneratedVectors/request/truncated\n","OutputType":"frame"}
{"Time":"2026-10-08T10:10:20.259186412Z","Action":"output","Package":"go.temporal.io/server/tools/gomad3/runner/internal/execution","Test":"TestSimulationTimeGeneratedVectors/request/truncated","Output":"--- PASS: TestSimulationTimeGeneratedVectors/request/truncated (0.00s)\n","OutputType":"frame"}
{"Time":"2026-10-08T10:10:20.25918837Z","Action":"pass","Package":"go.temporal.io/server/tools/gomad3/runner/internal/execution","Test":"TestSimulationTimeGeneratedVectors/request/truncated","Elapsed":0}
{"Time":"2026-10-08T10:10:20.259189662Z","Action":"run","Package":"go.temporal.io/server/tools/gomad3/runner/internal/execution","Test":"TestSimulationTimeGeneratedVectors/request/magic"}
{"Time":"2026-10-08T10:10:20.259196495Z","Action":"output","Package":"go.temporal.io/server/tools/gomad3/runner/internal/execution","Test":"TestSimulationTimeGeneratedVectors/request/magic","Output":"=== RUN   TestSimulationTimeGeneratedVectors/request/magic\n","OutputType":"frame"}
{"Time":"2026-10-08T10:10:20.259205412Z","Action":"output","Package":"go.temporal.io/server/tools/gomad3/runner/internal/execution","Test":"TestSimulationTimeGeneratedVectors/request/magic","Output":"--- PASS: TestSimulationTimeGeneratedVectors/request/magic (0.00s)\n","OutputType":"frame"}
{"Time":"2026-10-08T10:10:20.259207453Z","Action":"pass","Package":"go.temporal.io/server/tools/gomad3/runner/internal/execution","Test":"TestSimulationTimeGeneratedVectors/request/magic","Elapsed":0}
{"Time":"2026-10-08T10:10:20.259208828Z","Action":"run","Package":"go.temporal.io/server/tools/gomad3/runner/internal/execution","Test":"TestSimulationTimeGeneratedVectors/request/reserved"}
{"Time":"2026-10-08T10:10:20.259214203Z","Action":"output","Package":"go.temporal.io/server/tools/gomad3/runner/internal/execution","Test":"TestSimulationTimeGeneratedVectors/request/reserved","Output":"=== RUN   TestSimulationTimeGeneratedVectors/request/reserved\n","OutputType":"frame"}
{"Time":"2026-10-08T10:10:20.259225495Z","Action":"output","Package":"go.temporal.io/server/tools/gomad3/runner/internal/execution","Test":"TestSimulationTimeGeneratedVectors/request/reserved","Output":"--- PASS: TestSimulationTimeGeneratedVectors/request/reserved (0.00s)\n","OutputType":"frame"}
{"Time":"2026-10-08T10:10:20.259227495Z","Action":"pass","Package":"go.temporal.io/server/tools/gomad3/runner/internal/execution","Test":"TestSimulationTimeGeneratedVectors/request/reserved","Elapsed":0}
{"Time":"2026-10-08T10:10:20.259228703Z","Action":"run","Package":"go.temporal.io/server/tools/gomad3/runner/internal/execution","Test":"TestSimulationTimeGeneratedVectors/request/generation"}
{"Time":"2026-10-08T10:10:20.259230995Z","Action":"output","Package":"go.temporal.io/server/tools/gomad3/runner/internal/execution","Test":"TestSimulationTimeGeneratedVectors/request/generation","Output":"=== RUN   TestSimulationTimeGeneratedVectors/request/generation\n","OutputType":"frame"}
{"Time":"2026-10-08T10:10:20.259232828Z","Action":"output","Package":"go.temporal.io/server/tools/gomad3/runner/internal/execution","Test":"TestSimulationTimeGeneratedVectors/request/generation","Output":"--- PASS: TestSimulationTimeGeneratedVectors/request/generation (0.00s)\n","OutputType":"frame"}
{"Time":"2026-10-08T10:10:20.259234412Z","Action":"pass","Package":"go.temporal.io/server/tools/gomad3/runner/internal/execution","Test":"TestSimulationTimeGeneratedVectors/request/generation","Elapsed":0}
{"Time":"2026-10-08T10:10:20.259235953Z","Action":"run","Package":"go.temporal.io/server/tools/gomad3/runner/internal/execution","Test":"TestSimulationTimeGeneratedVectors/request/time_regression"}
{"Time":"2026-10-08T10:10:20.259248453Z","Action":"output","Package":"go.temporal.io/server/tools/gomad3/runner/internal/execution","Test":"TestSimulationTimeGeneratedVectors/request/time_regression","Output":"=== RUN   TestSimulationTimeGeneratedVectors/request/time_regression\n","OutputType":"frame"}
{"Time":"2026-10-08T10:10:20.259251745Z","Action":"output","Package":"go.temporal.io/server/tools/gomad3/runner/internal/execution","Test":"TestSimulationTimeGeneratedVectors/request/time_regression","Output":"--- PASS: TestSimulationTimeGeneratedVectors/request/time_regression (0.00s)\n","OutputType":"frame"}
{"Time":"2026-10-08T10:10:20.259253203Z","Action":"pass","Package":"go.temporal.io/server/tools/gomad3/runner/internal/execution","Test":"TestSimulationTimeGeneratedVectors/request/time_regression","Elapsed":0}
{"Time":"2026-10-08T10:10:20.25925462Z","Action":"run","Package":"go.temporal.io/server/tools/gomad3/runner/internal/execution","Test":"TestSimulationTimeGeneratedVectors/response/truncated"}
{"Time":"2026-10-08T10:10:20.259256078Z","Action":"output","Package":"go.temporal.io/server/tools/gomad3/runner/internal/execution","Test":"TestSimulationTimeGeneratedVectors/response/truncated","Output":"=== RUN   TestSimulationTimeGeneratedVectors/response/truncated\n","OutputType":"frame"}
{"Time":"2026-10-08T10:10:20.259258745Z","Action":"output","Package":"go.temporal.io/server/tools/gomad3/runner/internal/execution","Test":"TestSimulationTimeGeneratedVectors/response/truncated","Output":"--- PASS: TestSimulationTimeGeneratedVectors/response/truncated (0.00s)\n","OutputType":"frame"}
{"Time":"2026-10-08T10:10:20.259260495Z","Action":"pass","Package":"go.temporal.io/server/tools/gomad3/runner/internal/execution","Test":"TestSimulationTimeGeneratedVectors/response/truncated","Elapsed":0}
{"Time":"2026-10-08T10:10:20.259262287Z","Action":"run","Package":"go.temporal.io/server/tools/gomad3/runner/internal/execution","Test":"TestSimulationTimeGeneratedVectors/response/magic"}
{"Time":"2026-10-08T10:10:20.259278662Z","Action":"output","Package":"go.temporal.io/server/tools/gomad3/runner/internal/execution","Test":"TestSimulationTimeGeneratedVectors/response/magic","Output":"=== RUN   TestSimulationTimeGeneratedVectors/response/magic\n","OutputType":"frame"}
{"Time":"2026-10-08T10:10:20.259282703Z","Action":"output","Package":"go.temporal.io/server/tools/gomad3/runner/internal/execution","Test":"TestSimulationTimeGeneratedVectors/response/magic","Output":"--- PASS: TestSimulationTimeGeneratedVectors/response/magic (0.00s)\n","OutputType":"frame"}
{"Time":"2026-10-08T10:10:20.25928437Z","Action":"pass","Package":"go.temporal.io/server/tools/gomad3/runner/internal/execution","Test":"TestSimulationTimeGeneratedVectors/response/magic","Elapsed":0}
{"Time":"2026-10-08T10:10:20.259287995Z","Action":"run","Package":"go.temporal.io/server/tools/gomad3/runner/internal/execution","Test":"TestSimulationTimeGeneratedVectors/response/kind"}
{"Time":"2026-10-08T10:10:20.259303078Z","Action":"output","Package":"go.temporal.io/server/tools/gomad3/runner/internal/execution","Test":"TestSimulationTimeGeneratedVectors/response/kind","Output":"=== RUN   TestSimulationTimeGeneratedVectors/response/kind\n","OutputType":"frame"}
{"Time":"2026-10-08T10:10:20.25930612Z","Action":"output","Package":"go.temporal.io/server/tools/gomad3/runner/internal/execution","Test":"TestSimulationTimeGeneratedVectors/response/kind","Output":"--- PASS: TestSimulationTimeGeneratedVectors/response/kind (0.00s)\n","OutputType":"frame"}
{"Time":"2026-10-08T10:10:20.259308412Z","Action":"pass","Package":"go.temporal.io/server/tools/gomad3/runner/internal/execution","Test":"TestSimulationTimeGeneratedVectors/response/kind","Elapsed":0}
{"Time":"2026-10-08T10:10:20.259309662Z","Action":"run","Package":"go.temporal.io/server/tools/gomad3/runner/internal/execution","Test":"TestSimulationTimeGeneratedVectors/response/reserved"}
{"Time":"2026-10-08T10:10:20.259311287Z","Action":"output","Package":"go.temporal.io/server/tools/gomad3/runner/internal/execution","Test":"TestSimulationTimeGeneratedVectors/response/reserved","Output":"=== RUN   TestSimulationTimeGeneratedVectors/response/reserved\n","OutputType":"frame"}
{"Time":"2026-10-08T10:10:20.259312953Z","Action":"output","Package":"go.temporal.io/server/tools/gomad3/runner/internal/execution","Test":"TestSimulationTimeGeneratedVectors/response/reserved","Output":"--- PASS: TestSimulationTimeGeneratedVectors/response/reserved (0.00s)\n","OutputType":"frame"}
{"Time":"2026-10-08T10:10:20.259315078Z","Action":"pass","Package":"go.temporal.io/server/tools/gomad3/runner/internal/execution","Test":"TestSimulationTimeGeneratedVectors/response/reserved","Elapsed":0}
{"Time":"2026-10-08T10:10:20.259318328Z","Action":"run","Package":"go.temporal.io/server/tools/gomad3/runner/internal/execution","Test":"TestSimulationTimeGeneratedVectors/response/generation"}
{"Time":"2026-10-08T10:10:20.259326745Z","Action":"output","Package":"go.temporal.io/server/tools/gomad3/runner/internal/execution","Test":"TestSimulationTimeGeneratedVectors/response/generation","Output":"=== RUN   TestSimulationTimeGeneratedVectors/response/generation\n","OutputType":"frame"}
{"Time":"2026-10-08T10:10:20.259329745Z","Action":"output","Package":"go.temporal.io/server/tools/gomad3/runner/internal/execution","Test":"TestSimulationTimeGeneratedVectors/response/generation","Output":"--- PASS: TestSimulationTimeGeneratedVectors/response/generation (0.00s)\n","OutputType":"frame"}
{"Time":"2026-10-08T10:10:20.259331162Z","Action":"pass","Package":"go.temporal.io/server/tools/gomad3/runner/internal/execution","Test":"TestSimulationTimeGeneratedVectors/response/generation","Elapsed":0}
{"Time":"2026-10-08T10:10:20.259332537Z","Action":"run","Package":"go.temporal.io/server/tools/gomad3/runner/internal/execution","Test":"TestSimulationTimeGeneratedVectors/response/time_regression"}
{"Time":"2026-10-08T10:10:20.259333745Z","Action":"output","Package":"go.temporal.io/server/tools/gomad3/runner/internal/execution","Test":"TestSimulationTimeGeneratedVectors/response/time_regression","Output":"=== RUN   TestSimulationTimeGeneratedVectors/response/time_regression\n","OutputType":"frame"}
{"Time":"2026-10-08T10:10:20.259336578Z","Action":"output","Package":"go.temporal.io/server/tools/gomad3/runner/internal/execution","Test":"TestSimulationTimeGeneratedVectors/response/time_regression","Output":"--- PASS: TestSimulationTimeGeneratedVectors/response/time_regression (0.00s)\n","OutputType":"frame"}
{"Time":"2026-10-08T10:10:20.259339995Z","Action":"pass","Package":"go.temporal.io/server/tools/gomad3/runner/internal/execution","Test":"TestSimulationTimeGeneratedVectors/response/time_regression","Elapsed":0}
{"Time":"2026-10-08T10:10:20.259342412Z","Action":"output","Package":"go.temporal.io/server/tools/gomad3/runner/internal/execution","Test":"TestSimulationTimeGeneratedVectors","Output":"--- PASS: TestSimulationTimeGeneratedVectors (0.00s)\n","OutputType":"frame"}
{"Time":"2026-10-08T10:10:20.259345828Z","Action":"pass","Package":"go.temporal.io/server/tools/gomad3/runner/internal/execution","Test":"TestSimulationTimeGeneratedVectors","Elapsed":0}
{"Time":"2026-10-08T10:10:20.259347745Z","Action":"run","Package":"go.temporal.io/server/tools/gomad3/runner/internal/execution","Test":"TestSimulationCoordinatorLimitsForwardEpochsToForwardClockExecutions"}
{"Time":"2026-10-08T10:10:20.259349162Z","Action":"output","Package":"go.temporal.io/server/tools/gomad3/runner/internal/execution","Test":"TestSimulationCoordinatorLimitsForwardEpochsToForwardClockExecutions","Output":"=== RUN   TestSimulationCoordinatorLimitsForwardEpochsToForwardClockExecutions\n","OutputType":"frame"}
{"Time":"2026-10-08T10:10:20.25935087Z","Action":"run","Package":"go.temporal.io/server/tools/gomad3/runner/internal/execution","Test":"TestSimulationCoordinatorLimitsForwardEpochsToForwardClockExecutions/strict"}
{"Time":"2026-10-08T10:10:20.259352203Z","Action":"output","Package":"go.temporal.io/server/tools/gomad3/runner/internal/execution","Test":"TestSimulationCoordinatorLimitsForwardEpochsToForwardClockExecutions/strict","Output":"=== RUN   TestSimulationCoordinatorLimitsForwardEpochsToForwardClockExecutions/strict\n","OutputType":"frame"}
{"Time":"2026-10-08T10:10:20.259354328Z","Action":"output","Package":"go.temporal.io/server/tools/gomad3/runner/internal/execution","Test":"TestSimulationCoordinatorLimitsForwardEpochsToForwardClockExecutions/strict","Output":"--- PASS: TestSimulationCoordinatorLimitsForwardEpochsToForwardClockExecutions/strict (0.00s)\n","OutputType":"frame"}
{"Time":"2026-10-08T10:10:20.259356453Z","Action":"pass","Package":"go.temporal.io/server/tools/gomad3/runner/internal/execution","Test":"TestSimulationCoordinatorLimitsForwardEpochsToForwardClockExecutions/strict","Elapsed":0}
{"Time":"2026-10-08T10:10:20.25935837Z","Action":"run","Package":"go.temporal.io/server/tools/gomad3/runner/internal/execution","Test":"TestSimulationCoordinatorLimitsForwardEpochsToForwardClockExecutions/forward"}
{"Time":"2026-10-08T10:10:20.259361828Z","Action":"output","Package":"go.temporal.io/server/tools/gomad3/runner/internal/execution","Test":"TestSimulationCoordinatorLimitsForwardEpochsToForwardClockExecutions/forward","Output":"=== RUN   TestSimulationCoordinatorLimitsForwardEpochsToForwardClockExecutions/forward\n","OutputType":"frame"}
{"Time":"2026-10-08T10:10:20.259371328Z","Action":"output","Package":"go.temporal.io/server/tools/gomad3/runner/internal/execution","Test":"TestSimulationCoordinatorLimitsForwardEpochsToForwardClockExecutions/forward","Output":"--- PASS: TestSimulationCoordinatorLimitsForwardEpochsToForwardClockExecutions/forward (0.00s)\n","OutputType":"frame"}
{"Time":"2026-10-08T10:10:20.259374037Z","Action":"pass","Package":"go.temporal.io/server/tools/gomad3/runner/internal/execution","Test":"TestSimulationCoordinatorLimitsForwardEpochsToForwardClockExecutions/forward","Elapsed":0}
{"Time":"2026-10-08T10:10:20.259377953Z","Action":"output","Package":"go.temporal.io/server/tools/gomad3/runner/internal/execution","Test":"TestSimulationCoordinatorLimitsForwardEpochsToForwardClockExecutions","Output":"--- PASS: TestSimulationCoordinatorLimitsForwardEpochsToForwardClockExecutions (0.00s)\n","OutputType":"frame"}
{"Time":"2026-10-08T10:10:20.259380203Z","Action":"pass","Package":"go.temporal.io/server/tools/gomad3/runner/internal/execution","Test":"TestSimulationCoordinatorLimitsForwardEpochsToForwardClockExecutions","Elapsed":0}
{"Time":"2026-10-08T10:10:20.259409453Z","Action":"output","Package":"go.temporal.io/server/tools/gomad3/runner/internal/execution","Output":"PASS\n","OutputType":"frame"}
{"Time":"2026-10-08T10:10:20.259543828Z","Action":"output","Package":"go.temporal.io/server/tools/gomad3/runner/internal/execution","Output":"ok  \tgo.temporal.io/server/tools/gomad3/runner/internal/execution\t0.004s\n"}
{"Time":"2026-10-08T10:10:20.25955612Z","Action":"pass","Package":"go.temporal.io/server/tools/gomad3/runner/internal/execution","Elapsed":0.004}
{"Time":"2026-10-08T10:10:20.422747954Z","Action":"start","Package":"go.temporal.io/server/tools/gomad3/runner"}
{"Time":"2026-10-08T10:10:20.42576087Z","Action":"run","Package":"go.temporal.io/server/tools/gomad3/runner","Test":"TestValidateConfigRecordsOnlyTheForwardClockTick"}
{"Time":"2026-10-08T10:10:20.42580612Z","Action":"output","Package":"go.temporal.io/server/tools/gomad3/runner","Test":"TestValidateConfigRecordsOnlyTheForwardClockTick","Output":"=== RUN   TestValidateConfigRecordsOnlyTheForwardClockTick\n","OutputType":"frame"}
{"Time":"2026-10-08T10:10:20.429178495Z","Action":"output","Package":"go.temporal.io/server/tools/gomad3/runner","Test":"TestValidateConfigRecordsOnlyTheForwardClockTick","Output":"--- PASS: TestValidateConfigRecordsOnlyTheForwardClockTick (0.00s)\n","OutputType":"frame"}
{"Time":"2026-10-08T10:10:20.429194704Z","Action":"pass","Package":"go.temporal.io/server/tools/gomad3/runner","Test":"TestValidateConfigRecordsOnlyTheForwardClockTick","Elapsed":0}
{"Time":"2026-10-08T10:10:20.429416287Z","Action":"output","Package":"go.temporal.io/server/tools/gomad3/runner","Output":"PASS\n","OutputType":"frame"}
{"Time":"2026-10-08T10:10:20.429645204Z","Action":"output","Package":"go.temporal.io/server/tools/gomad3/runner","Output":"ok  \tgo.temporal.io/server/tools/gomad3/runner\t0.007s\n"}
{"Time":"2026-10-08T10:10:20.429815787Z","Action":"pass","Package":"go.temporal.io/server/tools/gomad3/runner","Elapsed":0.007}
{"Time":"2026-10-08T10:10:20.430296245Z","Action":"start","Package":"go.temporal.io/server/tools/gomad3/record"}
{"Time":"2026-10-08T10:10:20.431517412Z","Action":"output","Package":"go.temporal.io/server/tools/gomad3/record","Output":"testing: warning: no tests to run\n"}
{"Time":"2026-10-08T10:10:20.431560537Z","Action":"output","Package":"go.temporal.io/server/tools/gomad3/record","Output":"PASS\n","OutputType":"frame"}
{"Time":"2026-10-08T10:10:20.431674995Z","Action":"output","Package":"go.temporal.io/server/tools/gomad3/record","Output":"ok  \tgo.temporal.io/server/tools/gomad3/record\t0.001s [no tests to run]\n"}
{"Time":"2026-10-08T10:10:20.431689454Z","Action":"pass","Package":"go.temporal.io/server/tools/gomad3/record","Elapsed":0.001}
{"Time":"2026-10-08T10:10:20.456689704Z","Action":"start","Package":"go.temporal.io/server/tools/gomad3/qualification"}
{"Time":"2026-10-08T10:10:20.458472037Z","Action":"output","Package":"go.temporal.io/server/tools/gomad3/qualification","Output":"testing: warning: no tests to run\n"}
{"Time":"2026-10-08T10:10:20.458511162Z","Action":"output","Package":"go.temporal.io/server/tools/gomad3/qualification","Output":"PASS\n","OutputType":"frame"}
{"Time":"2026-10-08T10:10:20.458594245Z","Action":"output","Package":"go.temporal.io/server/tools/gomad3/qualification","Output":"ok  \tgo.temporal.io/server/tools/gomad3/qualification\t0.002s [no tests to run]\n"}
{"Time":"2026-10-08T10:10:20.458604954Z","Action":"pass","Package":"go.temporal.io/server/tools/gomad3/qualification","Elapsed":0.002}
{"Time":"2026-10-08T10:10:20.569794495Z","Action":"start","Package":"go.temporal.io/server/tools/gomad3/internal/gomadtool/conformance"}
{"Time":"2026-10-08T10:10:20.569893329Z","Action":"start","Package":"go.temporal.io/server/tools/gomad3"}
{"Time":"2026-10-08T10:10:20.571105287Z","Action":"output","Package":"go.temporal.io/server/tools/gomad3/internal/gomadtool/conformance","Output":"testing: warning: no tests to run\n"}
{"Time":"2026-10-08T10:10:20.571139412Z","Action":"output","Package":"go.temporal.io/server/tools/gomad3/internal/gomadtool/conformance","Output":"PASS\n","OutputType":"frame"}
{"Time":"2026-10-08T10:10:20.571249745Z","Action":"output","Package":"go.temporal.io/server/tools/gomad3/internal/gomadtool/conformance","Output":"ok  \tgo.temporal.io/server/tools/gomad3/internal/gomadtool/conformance\t0.001s [no tests to run]\n"}
{"Time":"2026-10-08T10:10:20.571261745Z","Action":"pass","Package":"go.temporal.io/server/tools/gomad3/internal/gomadtool/conformance","Elapsed":0.001}
{"Time":"2026-10-08T10:10:20.571359162Z","Action":"run","Package":"go.temporal.io/server/tools/gomad3","Test":"TestPackageArchitecture"}
{"Time":"2026-10-08T10:10:20.571385412Z","Action":"output","Package":"go.temporal.io/server/tools/gomad3","Test":"TestPackageArchitecture","Output":"=== RUN   TestPackageArchitecture\n","OutputType":"frame"}
{"Time":"2026-10-08T10:10:21.779615704Z","Action":"output","Package":"go.temporal.io/server/tools/gomad3","Test":"TestPackageArchitecture","Output":"--- PASS: TestPackageArchitecture (1.21s)\n","OutputType":"frame"}
{"Time":"2026-10-08T10:10:21.779672538Z","Action":"pass","Package":"go.temporal.io/server/tools/gomad3","Test":"TestPackageArchitecture","Elapsed":1.21}
{"Time":"2026-10-08T10:10:21.779679496Z","Action":"output","Package":"go.temporal.io/server/tools/gomad3","Output":"PASS\n","OutputType":"frame"}
{"Time":"2026-10-08T10:10:21.779781121Z","Action":"output","Package":"go.temporal.io/server/tools/gomad3","Output":"ok  \tgo.temporal.io/server/tools/gomad3\t1.210s\n"}
{"Time":"2026-10-08T10:10:21.779797996Z","Action":"pass","Package":"go.temporal.io/server/tools/gomad3","Elapsed":1.21}
