{"Time":"2026-10-08T09:51:13.772048907Z","Action":"start","Package":"go.temporal.io/server/tools/gomad3/target"}
{"Time":"2026-10-08T09:51:13.772148823Z","Action":"start","Package":"go.temporal.io/server/tools/gomad3/target/internal/capabilitypolicy"}
{"Time":"2026-10-08T09:51:13.773509323Z","Action":"run","Package":"go.temporal.io/server/tools/gomad3/target/internal/capabilitypolicy","Test":"TestBuiltInSimulationLinknamesRequireExactFirstPartySource"}
{"Time":"2026-10-08T09:51:13.77356049Z","Action":"output","Package":"go.temporal.io/server/tools/gomad3/target/internal/capabilitypolicy","Test":"TestBuiltInSimulationLinknamesRequireExactFirstPartySource","Output":"=== RUN   TestBuiltInSimulationLinknamesRequireExactFirstPartySource\n","OutputType":"frame"}
{"Time":"2026-10-08T09:51:13.773576198Z","Action":"output","Package":"go.temporal.io/server/tools/gomad3/target/internal/capabilitypolicy","Test":"TestBuiltInSimulationLinknamesRequireExactFirstPartySource","Output":"--- PASS: TestBuiltInSimulationLinknamesRequireExactFirstPartySource (0.00s)\n","OutputType":"frame"}
{"Time":"2026-10-08T09:51:13.77358224Z","Action":"pass","Package":"go.temporal.io/server/tools/gomad3/target/internal/capabilitypolicy","Test":"TestBuiltInSimulationLinknamesRequireExactFirstPartySource","Elapsed":0}
{"Time":"2026-10-08T09:51:13.77359099Z","Action":"run","Package":"go.temporal.io/server/tools/gomad3/target/internal/capabilitypolicy","Test":"TestBuiltInSimulationTimeBridgeRequiresExactSource"}
{"Time":"2026-10-08T09:51:13.773593865Z","Action":"output","Package":"go.temporal.io/server/tools/gomad3/target/internal/capabilitypolicy","Test":"TestBuiltInSimulationTimeBridgeRequiresExactSource","Output":"=== RUN   TestBuiltInSimulationTimeBridgeRequiresExactSource\n","OutputType":"frame"}
{"Time":"2026-10-08T09:51:13.77361699Z","Action":"run","Package":"go.temporal.io/server/tools/gomad3/target/internal/capabilitypolicy","Test":"TestBuiltInSimulationTimeBridgeRequiresExactSource/replaced_module"}
{"Time":"2026-10-08T09:51:13.773622407Z","Action":"output","Package":"go.temporal.io/server/tools/gomad3/target/internal/capabilitypolicy","Test":"TestBuiltInSimulationTimeBridgeRequiresExactSource/replaced_module","Output":"=== RUN   TestBuiltInSimulationTimeBridgeRequiresExactSource/replaced_module\n","OutputType":"frame"}
{"Time":"2026-10-08T09:51:13.77362549Z","Action":"output","Package":"go.temporal.io/server/tools/gomad3/target/internal/capabilitypolicy","Test":"TestBuiltInSimulationTimeBridgeRequiresExactSource/replaced_module","Output":"--- PASS: TestBuiltInSimulationTimeBridgeRequiresExactSource/replaced_module (0.00s)\n","OutputType":"frame"}
{"Time":"2026-10-08T09:51:13.773672948Z","Action":"pass","Package":"go.temporal.io/server/tools/gomad3/target/internal/capabilitypolicy","Test":"TestBuiltInSimulationTimeBridgeRequiresExactSource/replaced_module","Elapsed":0}
{"Time":"2026-10-08T09:51:13.773681073Z","Action":"run","Package":"go.temporal.io/server/tools/gomad3/target/internal/capabilitypolicy","Test":"TestBuiltInSimulationTimeBridgeRequiresExactSource/reordered_directives"}
{"Time":"2026-10-08T09:51:13.773683032Z","Action":"output","Package":"go.temporal.io/server/tools/gomad3/target/internal/capabilitypolicy","Test":"TestBuiltInSimulationTimeBridgeRequiresExactSource/reordered_directives","Output":"=== RUN   TestBuiltInSimulationTimeBridgeRequiresExactSource/reordered_directives\n","OutputType":"frame"}
{"Time":"2026-10-08T09:51:13.773772323Z","Action":"output","Package":"go.temporal.io/server/tools/gomad3/target/internal/capabilitypolicy","Test":"TestBuiltInSimulationTimeBridgeRequiresExactSource/reordered_directives","Output":"--- PASS: TestBuiltInSimulationTimeBridgeRequiresExactSource/reordered_directives (0.00s)\n","OutputType":"frame"}
{"Time":"2026-10-08T09:51:13.77379324Z","Action":"pass","Package":"go.temporal.io/server/tools/gomad3/target/internal/capabilitypolicy","Test":"TestBuiltInSimulationTimeBridgeRequiresExactSource/reordered_directives","Elapsed":0}
{"Time":"2026-10-08T09:51:13.773797115Z","Action":"run","Package":"go.temporal.io/server/tools/gomad3/target/internal/capabilitypolicy","Test":"TestBuiltInSimulationTimeBridgeRequiresExactSource/foreign_source"}
{"Time":"2026-10-08T09:51:13.773799073Z","Action":"output","Package":"go.temporal.io/server/tools/gomad3/target/internal/capabilitypolicy","Test":"TestBuiltInSimulationTimeBridgeRequiresExactSource/foreign_source","Output":"=== RUN   TestBuiltInSimulationTimeBridgeRequiresExactSource/foreign_source\n","OutputType":"frame"}
{"Time":"2026-10-08T09:51:13.773802032Z","Action":"output","Package":"go.temporal.io/server/tools/gomad3/target/internal/capabilitypolicy","Test":"TestBuiltInSimulationTimeBridgeRequiresExactSource/foreign_source","Output":"--- PASS: TestBuiltInSimulationTimeBridgeRequiresExactSource/foreign_source (0.00s)\n","OutputType":"frame"}
{"Time":"2026-10-08T09:51:13.773803907Z","Action":"pass","Package":"go.temporal.io/server/tools/gomad3/target/internal/capabilitypolicy","Test":"TestBuiltInSimulationTimeBridgeRequiresExactSource/foreign_source","Elapsed":0}
{"Time":"2026-10-08T09:51:13.773807032Z","Action":"run","Package":"go.temporal.io/server/tools/gomad3/target/internal/capabilitypolicy","Test":"TestBuiltInSimulationTimeBridgeRequiresExactSource/foreign_import"}
{"Time":"2026-10-08T09:51:13.77380874Z","Action":"output","Package":"go.temporal.io/server/tools/gomad3/target/internal/capabilitypolicy","Test":"TestBuiltInSimulationTimeBridgeRequiresExactSource/foreign_import","Output":"=== RUN   TestBuiltInSimulationTimeBridgeRequiresExactSource/foreign_import\n","OutputType":"frame"}
{"Time":"2026-10-08T09:51:13.773810907Z","Action":"output","Package":"go.temporal.io/server/tools/gomad3/target/internal/capabilitypolicy","Test":"TestBuiltInSimulationTimeBridgeRequiresExactSource/foreign_import","Output":"--- PASS: TestBuiltInSimulationTimeBridgeRequiresExactSource/foreign_import (0.00s)\n","OutputType":"frame"}
{"Time":"2026-10-08T09:51:13.77381299Z","Action":"pass","Package":"go.temporal.io/server/tools/gomad3/target/internal/capabilitypolicy","Test":"TestBuiltInSimulationTimeBridgeRequiresExactSource/foreign_import","Elapsed":0}
{"Time":"2026-10-08T09:51:13.77381474Z","Action":"run","Package":"go.temporal.io/server/tools/gomad3/target/internal/capabilitypolicy","Test":"TestBuiltInSimulationTimeBridgeRequiresExactSource/foreign_test_variant"}
{"Time":"2026-10-08T09:51:13.773816157Z","Action":"output","Package":"go.temporal.io/server/tools/gomad3/target/internal/capabilitypolicy","Test":"TestBuiltInSimulationTimeBridgeRequiresExactSource/foreign_test_variant","Output":"=== RUN   TestBuiltInSimulationTimeBridgeRequiresExactSource/foreign_test_variant\n","OutputType":"frame"}
{"Time":"2026-10-08T09:51:13.773818115Z","Action":"output","Package":"go.temporal.io/server/tools/gomad3/target/internal/capabilitypolicy","Test":"TestBuiltInSimulationTimeBridgeRequiresExactSource/foreign_test_variant","Output":"--- PASS: TestBuiltInSimulationTimeBridgeRequiresExactSource/foreign_test_variant (0.00s)\n","OutputType":"frame"}
{"Time":"2026-10-08T09:51:13.773819782Z","Action":"pass","Package":"go.temporal.io/server/tools/gomad3/target/internal/capabilitypolicy","Test":"TestBuiltInSimulationTimeBridgeRequiresExactSource/foreign_test_variant","Elapsed":0}
{"Time":"2026-10-08T09:51:13.773821365Z","Action":"run","Package":"go.temporal.io/server/tools/gomad3/target/internal/capabilitypolicy","Test":"TestBuiltInSimulationTimeBridgeRequiresExactSource/wrong_hash"}
{"Time":"2026-10-08T09:51:13.773823032Z","Action":"output","Package":"go.temporal.io/server/tools/gomad3/target/internal/capabilitypolicy","Test":"TestBuiltInSimulationTimeBridgeRequiresExactSource/wrong_hash","Output":"=== RUN   TestBuiltInSimulationTimeBridgeRequiresExactSource/wrong_hash\n","OutputType":"frame"}
{"Time":"2026-10-08T09:51:13.773825365Z","Action":"output","Package":"go.temporal.io/server/tools/gomad3/target/internal/capabilitypolicy","Test":"TestBuiltInSimulationTimeBridgeRequiresExactSource/wrong_hash","Output":"--- PASS: TestBuiltInSimulationTimeBridgeRequiresExactSource/wrong_hash (0.00s)\n","OutputType":"frame"}
{"Time":"2026-10-08T09:51:13.773827157Z","Action":"pass","Package":"go.temporal.io/server/tools/gomad3/target/internal/capabilitypolicy","Test":"TestBuiltInSimulationTimeBridgeRequiresExactSource/wrong_hash","Elapsed":0}
{"Time":"2026-10-08T09:51:13.773833073Z","Action":"run","Package":"go.temporal.io/server/tools/gomad3/target/internal/capabilitypolicy","Test":"TestBuiltInSimulationTimeBridgeRequiresExactSource/predecessor_hash"}
{"Time":"2026-10-08T09:51:13.773834657Z","Action":"output","Package":"go.temporal.io/server/tools/gomad3/target/internal/capabilitypolicy","Test":"TestBuiltInSimulationTimeBridgeRequiresExactSource/predecessor_hash","Output":"=== RUN   TestBuiltInSimulationTimeBridgeRequiresExactSource/predecessor_hash\n","OutputType":"frame"}
{"Time":"2026-10-08T09:51:13.773836615Z","Action":"output","Package":"go.temporal.io/server/tools/gomad3/target/internal/capabilitypolicy","Test":"TestBuiltInSimulationTimeBridgeRequiresExactSource/predecessor_hash","Output":"--- PASS: TestBuiltInSimulationTimeBridgeRequiresExactSource/predecessor_hash (0.00s)\n","OutputType":"frame"}
{"Time":"2026-10-08T09:51:13.773838115Z","Action":"pass","Package":"go.temporal.io/server/tools/gomad3/target/internal/capabilitypolicy","Test":"TestBuiltInSimulationTimeBridgeRequiresExactSource/predecessor_hash","Elapsed":0}
{"Time":"2026-10-08T09:51:13.773839573Z","Action":"run","Package":"go.temporal.io/server/tools/gomad3/target/internal/capabilitypolicy","Test":"TestBuiltInSimulationTimeBridgeRequiresExactSource/missing_Current"}
{"Time":"2026-10-08T09:51:13.773840782Z","Action":"output","Package":"go.temporal.io/server/tools/gomad3/target/internal/capabilitypolicy","Test":"TestBuiltInSimulationTimeBridgeRequiresExactSource/missing_Current","Output":"=== RUN   TestBuiltInSimulationTimeBridgeRequiresExactSource/missing_Current\n","OutputType":"frame"}
{"Time":"2026-10-08T09:51:13.773842407Z","Action":"output","Package":"go.temporal.io/server/tools/gomad3/target/internal/capabilitypolicy","Test":"TestBuiltInSimulationTimeBridgeRequiresExactSource/missing_Current","Output":"--- PASS: TestBuiltInSimulationTimeBridgeRequiresExactSource/missing_Current (0.00s)\n","OutputType":"frame"}
{"Time":"2026-10-08T09:51:13.773843907Z","Action":"pass","Package":"go.temporal.io/server/tools/gomad3/target/internal/capabilitypolicy","Test":"TestBuiltInSimulationTimeBridgeRequiresExactSource/missing_Current","Elapsed":0}
{"Time":"2026-10-08T09:51:13.773845282Z","Action":"run","Package":"go.temporal.io/server/tools/gomad3/target/internal/capabilitypolicy","Test":"TestBuiltInSimulationTimeBridgeRequiresExactSource/malformed_linkname"}
{"Time":"2026-10-08T09:51:13.773846907Z","Action":"output","Package":"go.temporal.io/server/tools/gomad3/target/internal/capabilitypolicy","Test":"TestBuiltInSimulationTimeBridgeRequiresExactSource/malformed_linkname","Output":"=== RUN   TestBuiltInSimulationTimeBridgeRequiresExactSource/malformed_linkname\n","OutputType":"frame"}
{"Time":"2026-10-08T09:51:13.773848865Z","Action":"output","Package":"go.temporal.io/server/tools/gomad3/target/internal/capabilitypolicy","Test":"TestBuiltInSimulationTimeBridgeRequiresExactSource/malformed_linkname","Output":"--- PASS: TestBuiltInSimulationTimeBridgeRequiresExactSource/malformed_linkname (0.00s)\n","OutputType":"frame"}
{"Time":"2026-10-08T09:51:13.773850907Z","Action":"pass","Package":"go.temporal.io/server/tools/gomad3/target/internal/capabilitypolicy","Test":"TestBuiltInSimulationTimeBridgeRequiresExactSource/malformed_linkname","Elapsed":0}
{"Time":"2026-10-08T09:51:13.77385224Z","Action":"run","Package":"go.temporal.io/server/tools/gomad3/target/internal/capabilitypolicy","Test":"TestBuiltInSimulationTimeBridgeRequiresExactSource/lookalike_import"}
{"Time":"2026-10-08T09:51:13.773853573Z","Action":"output","Package":"go.temporal.io/server/tools/gomad3/target/internal/capabilitypolicy","Test":"TestBuiltInSimulationTimeBridgeRequiresExactSource/lookalike_import","Output":"=== RUN   TestBuiltInSimulationTimeBridgeRequiresExactSource/lookalike_import\n","OutputType":"frame"}
{"Time":"2026-10-08T09:51:13.773861073Z","Action":"output","Package":"go.temporal.io/server/tools/gomad3/target/internal/capabilitypolicy","Test":"TestBuiltInSimulationTimeBridgeRequiresExactSource/lookalike_import","Output":"--- PASS: TestBuiltInSimulationTimeBridgeRequiresExactSource/lookalike_import (0.00s)\n","OutputType":"frame"}
{"Time":"2026-10-08T09:51:13.773866365Z","Action":"pass","Package":"go.temporal.io/server/tools/gomad3/target/internal/capabilitypolicy","Test":"TestBuiltInSimulationTimeBridgeRequiresExactSource/lookalike_import","Elapsed":0}
{"Time":"2026-10-08T09:51:13.773871573Z","Action":"run","Package":"go.temporal.io/server/tools/gomad3/target/internal/capabilitypolicy","Test":"TestBuiltInSimulationTimeBridgeRequiresExactSource/wrong_module"}
{"Time":"2026-10-08T09:51:13.77387299Z","Action":"output","Package":"go.temporal.io/server/tools/gomad3/target/internal/capabilitypolicy","Test":"TestBuiltInSimulationTimeBridgeRequiresExactSource/wrong_module","Output":"=== RUN   TestBuiltInSimulationTimeBridgeRequiresExactSource/wrong_module\n","OutputType":"frame"}
{"Time":"2026-10-08T09:51:13.77387499Z","Action":"output","Package":"go.temporal.io/server/tools/gomad3/target/internal/capabilitypolicy","Test":"TestBuiltInSimulationTimeBridgeRequiresExactSource/wrong_module","Output":"--- PASS: TestBuiltInSimulationTimeBridgeRequiresExactSource/wrong_module (0.00s)\n","OutputType":"frame"}
{"Time":"2026-10-08T09:51:13.773876448Z","Action":"pass","Package":"go.temporal.io/server/tools/gomad3/target/internal/capabilitypolicy","Test":"TestBuiltInSimulationTimeBridgeRequiresExactSource/wrong_module","Elapsed":0}
{"Time":"2026-10-08T09:51:13.773877657Z","Action":"run","Package":"go.temporal.io/server/tools/gomad3/target/internal/capabilitypolicy","Test":"TestBuiltInSimulationTimeBridgeRequiresExactSource/non-main_module"}
{"Time":"2026-10-08T09:51:13.773878907Z","Action":"output","Package":"go.temporal.io/server/tools/gomad3/target/internal/capabilitypolicy","Test":"TestBuiltInSimulationTimeBridgeRequiresExactSource/non-main_module","Output":"=== RUN   TestBuiltInSimulationTimeBridgeRequiresExactSource/non-main_module\n","OutputType":"frame"}
{"Time":"2026-10-08T09:51:13.77388174Z","Action":"output","Package":"go.temporal.io/server/tools/gomad3/target/internal/capabilitypolicy","Test":"TestBuiltInSimulationTimeBridgeRequiresExactSource/non-main_module","Output":"--- PASS: TestBuiltInSimulationTimeBridgeRequiresExactSource/non-main_module (0.00s)\n","OutputType":"frame"}
{"Time":"2026-10-08T09:51:13.773883157Z","Action":"pass","Package":"go.temporal.io/server/tools/gomad3/target/internal/capabilitypolicy","Test":"TestBuiltInSimulationTimeBridgeRequiresExactSource/non-main_module","Elapsed":0}
{"Time":"2026-10-08T09:51:13.773885032Z","Action":"output","Package":"go.temporal.io/server/tools/gomad3/target/internal/capabilitypolicy","Test":"TestBuiltInSimulationTimeBridgeRequiresExactSource","Output":"--- PASS: TestBuiltInSimulationTimeBridgeRequiresExactSource (0.00s)\n","OutputType":"frame"}
{"Time":"2026-10-08T09:51:13.773887157Z","Action":"pass","Package":"go.temporal.io/server/tools/gomad3/target/internal/capabilitypolicy","Test":"TestBuiltInSimulationTimeBridgeRequiresExactSource","Elapsed":0}
{"Time":"2026-10-08T09:51:13.773888948Z","Action":"output","Package":"go.temporal.io/server/tools/gomad3/target/internal/capabilitypolicy","Output":"PASS\n","OutputType":"frame"}
{"Time":"2026-10-08T09:51:13.773917657Z","Action":"output","Package":"go.temporal.io/server/tools/gomad3/target/internal/capabilitypolicy","Output":"ok  \tgo.temporal.io/server/tools/gomad3/target/internal/capabilitypolicy\t0.002s\n"}
{"Time":"2026-10-08T09:51:13.773939615Z","Action":"pass","Package":"go.temporal.io/server/tools/gomad3/target/internal/capabilitypolicy","Elapsed":0.002}
{"Time":"2026-10-08T09:51:13.773656407Z","Action":"run","Package":"go.temporal.io/server/tools/gomad3/target","Test":"TestBuiltInSimulationLinknamesPinCurrentFirstPartySources"}
{"Time":"2026-10-08T09:51:13.773982865Z","Action":"output","Package":"go.temporal.io/server/tools/gomad3/target","Test":"TestBuiltInSimulationLinknamesPinCurrentFirstPartySources","Output":"=== RUN   TestBuiltInSimulationLinknamesPinCurrentFirstPartySources\n","OutputType":"frame"}
{"Time":"2026-10-08T09:51:13.777563032Z","Action":"output","Package":"go.temporal.io/server/tools/gomad3/target","Test":"TestBuiltInSimulationLinknamesPinCurrentFirstPartySources","Output":"--- PASS: TestBuiltInSimulationLinknamesPinCurrentFirstPartySources (0.00s)\n","OutputType":"frame"}
{"Time":"2026-10-08T09:51:13.777573532Z","Action":"pass","Package":"go.temporal.io/server/tools/gomad3/target","Test":"TestBuiltInSimulationLinknamesPinCurrentFirstPartySources","Elapsed":0}
{"Time":"2026-10-08T09:51:13.777581698Z","Action":"output","Package":"go.temporal.io/server/tools/gomad3/target","Output":"PASS\n","OutputType":"frame"}
{"Time":"2026-10-08T09:51:13.77771849Z","Action":"output","Package":"go.temporal.io/server/tools/gomad3/target","Output":"ok  \tgo.temporal.io/server/tools/gomad3/target\t0.005s\n"}
{"Time":"2026-10-08T09:51:13.777727948Z","Action":"pass","Package":"go.temporal.io/server/tools/gomad3/target","Elapsed":0.006}
