{"Time":"2026-10-08T09:48:39.41552475Z","Action":"start","Package":"go.temporal.io/server/tools/gomad3/runner/internal/execution"}
{"Time":"2026-10-08T09:48:39.418990917Z","Action":"run","Package":"go.temporal.io/server/tools/gomad3/runner/internal/execution","Test":"TestSimulationTimeLifecycleSuspendedWaitCompletionIsReservedExactlyOnce"}
{"Time":"2026-10-08T09:48:39.419024542Z","Action":"output","Package":"go.temporal.io/server/tools/gomad3/runner/internal/execution","Test":"TestSimulationTimeLifecycleSuspendedWaitCompletionIsReservedExactlyOnce","Output":"=== RUN   TestSimulationTimeLifecycleSuspendedWaitCompletionIsReservedExactlyOnce\n","OutputType":"frame"}
{"Time":"2026-10-08T09:48:39.419032417Z","Action":"run","Package":"go.temporal.io/server/tools/gomad3/runner/internal/execution","Test":"TestSimulationTimeLifecycleSuspendedWaitCompletionIsReservedExactlyOnce/deliver-suspended"}
{"Time":"2026-10-08T09:48:39.41903475Z","Action":"output","Package":"go.temporal.io/server/tools/gomad3/runner/internal/execution","Test":"TestSimulationTimeLifecycleSuspendedWaitCompletionIsReservedExactlyOnce/deliver-suspended","Output":"=== RUN   TestSimulationTimeLifecycleSuspendedWaitCompletionIsReservedExactlyOnce/deliver-suspended\n","OutputType":"frame"}
{"Time":"2026-10-08T09:48:39.419040375Z","Action":"output","Package":"go.temporal.io/server/tools/gomad3/runner/internal/execution","Test":"TestSimulationTimeLifecycleSuspendedWaitCompletionIsReservedExactlyOnce/deliver-suspended","Output":"--- PASS: TestSimulationTimeLifecycleSuspendedWaitCompletionIsReservedExactlyOnce/deliver-suspended (0.00s)\n","OutputType":"frame"}
{"Time":"2026-10-08T09:48:39.419043292Z","Action":"pass","Package":"go.temporal.io/server/tools/gomad3/runner/internal/execution","Test":"TestSimulationTimeLifecycleSuspendedWaitCompletionIsReservedExactlyOnce/deliver-suspended","Elapsed":0}
{"Time":"2026-10-08T09:48:39.419047208Z","Action":"run","Package":"go.temporal.io/server/tools/gomad3/runner/internal/execution","Test":"TestSimulationTimeLifecycleSuspendedWaitCompletionIsReservedExactlyOnce/resume-before-delivery"}
{"Time":"2026-10-08T09:48:39.4190495Z","Action":"output","Package":"go.temporal.io/server/tools/gomad3/runner/internal/execution","Test":"TestSimulationTimeLifecycleSuspendedWaitCompletionIsReservedExactlyOnce/resume-before-delivery","Output":"=== RUN   TestSimulationTimeLifecycleSuspendedWaitCompletionIsReservedExactlyOnce/resume-before-delivery\n","OutputType":"frame"}
{"Time":"2026-10-08T09:48:39.419055542Z","Action":"output","Package":"go.temporal.io/server/tools/gomad3/runner/internal/execution","Test":"TestSimulationTimeLifecycleSuspendedWaitCompletionIsReservedExactlyOnce/resume-before-delivery","Output":"--- PASS: TestSimulationTimeLifecycleSuspendedWaitCompletionIsReservedExactlyOnce/resume-before-delivery (0.00s)\n","OutputType":"frame"}
{"Time":"2026-10-08T09:48:39.419057542Z","Action":"pass","Package":"go.temporal.io/server/tools/gomad3/runner/internal/execution","Test":"TestSimulationTimeLifecycleSuspendedWaitCompletionIsReservedExactlyOnce/resume-before-delivery","Elapsed":0}
{"Time":"2026-10-08T09:48:39.419059917Z","Action":"output","Package":"go.temporal.io/server/tools/gomad3/runner/internal/execution","Test":"TestSimulationTimeLifecycleSuspendedWaitCompletionIsReservedExactlyOnce","Output":"--- PASS: TestSimulationTimeLifecycleSuspendedWaitCompletionIsReservedExactlyOnce (0.00s)\n","OutputType":"frame"}
{"Time":"2026-10-08T09:48:39.419065917Z","Action":"pass","Package":"go.temporal.io/server/tools/gomad3/runner/internal/execution","Test":"TestSimulationTimeLifecycleSuspendedWaitCompletionIsReservedExactlyOnce","Elapsed":0}
{"Time":"2026-10-08T09:48:39.419074958Z","Action":"run","Package":"go.temporal.io/server/tools/gomad3/runner/internal/execution","Test":"TestSimulationTimeLifecycleCompletionWithoutAdmissionKeepsDeliveredCredit"}
{"Time":"2026-10-08T09:48:39.419077333Z","Action":"output","Package":"go.temporal.io/server/tools/gomad3/runner/internal/execution","Test":"TestSimulationTimeLifecycleCompletionWithoutAdmissionKeepsDeliveredCredit","Output":"=== RUN   TestSimulationTimeLifecycleCompletionWithoutAdmissionKeepsDeliveredCredit\n","OutputType":"frame"}
{"Time":"2026-10-08T09:48:39.419080042Z","Action":"output","Package":"go.temporal.io/server/tools/gomad3/runner/internal/execution","Test":"TestSimulationTimeLifecycleCompletionWithoutAdmissionKeepsDeliveredCredit","Output":"--- PASS: TestSimulationTimeLifecycleCompletionWithoutAdmissionKeepsDeliveredCredit (0.00s)\n","OutputType":"frame"}
{"Time":"2026-10-08T09:48:39.419087625Z","Action":"pass","Package":"go.temporal.io/server/tools/gomad3/runner/internal/execution","Test":"TestSimulationTimeLifecycleCompletionWithoutAdmissionKeepsDeliveredCredit","Elapsed":0}
{"Time":"2026-10-08T09:48:39.4190895Z","Action":"run","Package":"go.temporal.io/server/tools/gomad3/runner/internal/execution","Test":"TestSimulationTimeLifecycleRejectedResponseStepsLeaveWaiterInstalled"}
{"Time":"2026-10-08T09:48:39.419091708Z","Action":"output","Package":"go.temporal.io/server/tools/gomad3/runner/internal/execution","Test":"TestSimulationTimeLifecycleRejectedResponseStepsLeaveWaiterInstalled","Output":"=== RUN   TestSimulationTimeLifecycleRejectedResponseStepsLeaveWaiterInstalled\n","OutputType":"frame"}
{"Time":"2026-10-08T09:48:39.419093208Z","Action":"run","Package":"go.temporal.io/server/tools/gomad3/runner/internal/execution","Test":"TestSimulationTimeLifecycleRejectedResponseStepsLeaveWaiterInstalled/unknown-suspension"}
{"Time":"2026-10-08T09:48:39.419094792Z","Action":"output","Package":"go.temporal.io/server/tools/gomad3/runner/internal/execution","Test":"TestSimulationTimeLifecycleRejectedResponseStepsLeaveWaiterInstalled/unknown-suspension","Output":"=== RUN   TestSimulationTimeLifecycleRejectedResponseStepsLeaveWaiterInstalled/unknown-suspension\n","OutputType":"frame"}
{"Time":"2026-10-08T09:48:39.419100708Z","Action":"output","Package":"go.temporal.io/server/tools/gomad3/runner/internal/execution","Test":"TestSimulationTimeLifecycleRejectedResponseStepsLeaveWaiterInstalled/unknown-suspension","Output":"--- PASS: TestSimulationTimeLifecycleRejectedResponseStepsLeaveWaiterInstalled/unknown-suspension (0.00s)\n","OutputType":"frame"}
{"Time":"2026-10-08T09:48:39.419103458Z","Action":"pass","Package":"go.temporal.io/server/tools/gomad3/runner/internal/execution","Test":"TestSimulationTimeLifecycleRejectedResponseStepsLeaveWaiterInstalled/unknown-suspension","Elapsed":0}
{"Time":"2026-10-08T09:48:39.419105167Z","Action":"run","Package":"go.temporal.io/server/tools/gomad3/runner/internal/execution","Test":"TestSimulationTimeLifecycleRejectedResponseStepsLeaveWaiterInstalled/unknown-resumption"}
{"Time":"2026-10-08T09:48:39.419106625Z","Action":"output","Package":"go.temporal.io/server/tools/gomad3/runner/internal/execution","Test":"TestSimulationTimeLifecycleRejectedResponseStepsLeaveWaiterInstalled/unknown-resumption","Output":"=== RUN   TestSimulationTimeLifecycleRejectedResponseStepsLeaveWaiterInstalled/unknown-resumption\n","OutputType":"frame"}
{"Time":"2026-10-08T09:48:39.419112Z","Action":"output","Package":"go.temporal.io/server/tools/gomad3/runner/internal/execution","Test":"TestSimulationTimeLifecycleRejectedResponseStepsLeaveWaiterInstalled/unknown-resumption","Output":"--- PASS: TestSimulationTimeLifecycleRejectedResponseStepsLeaveWaiterInstalled/unknown-resumption (0.00s)\n","OutputType":"frame"}
{"Time":"2026-10-08T09:48:39.419113667Z","Action":"pass","Package":"go.temporal.io/server/tools/gomad3/runner/internal/execution","Test":"TestSimulationTimeLifecycleRejectedResponseStepsLeaveWaiterInstalled/unknown-resumption","Elapsed":0}
{"Time":"2026-10-08T09:48:39.419115Z","Action":"run","Package":"go.temporal.io/server/tools/gomad3/runner/internal/execution","Test":"TestSimulationTimeLifecycleRejectedResponseStepsLeaveWaiterInstalled/unknown-delivery"}
{"Time":"2026-10-08T09:48:39.419116458Z","Action":"output","Package":"go.temporal.io/server/tools/gomad3/runner/internal/execution","Test":"TestSimulationTimeLifecycleRejectedResponseStepsLeaveWaiterInstalled/unknown-delivery","Output":"=== RUN   TestSimulationTimeLifecycleRejectedResponseStepsLeaveWaiterInstalled/unknown-delivery\n","OutputType":"frame"}
{"Time":"2026-10-08T09:48:39.419118458Z","Action":"output","Package":"go.temporal.io/server/tools/gomad3/runner/internal/execution","Test":"TestSimulationTimeLifecycleRejectedResponseStepsLeaveWaiterInstalled/unknown-delivery","Output":"--- PASS: TestSimulationTimeLifecycleRejectedResponseStepsLeaveWaiterInstalled/unknown-delivery (0.00s)\n","OutputType":"frame"}
{"Time":"2026-10-08T09:48:39.419120417Z","Action":"pass","Package":"go.temporal.io/server/tools/gomad3/runner/internal/execution","Test":"TestSimulationTimeLifecycleRejectedResponseStepsLeaveWaiterInstalled/unknown-delivery","Elapsed":0}
{"Time":"2026-10-08T09:48:39.419121708Z","Action":"run","Package":"go.temporal.io/server/tools/gomad3/runner/internal/execution","Test":"TestSimulationTimeLifecycleRejectedResponseStepsLeaveWaiterInstalled/unknown-discard-credit"}
{"Time":"2026-10-08T09:48:39.419123042Z","Action":"output","Package":"go.temporal.io/server/tools/gomad3/runner/internal/execution","Test":"TestSimulationTimeLifecycleRejectedResponseStepsLeaveWaiterInstalled/unknown-discard-credit","Output":"=== RUN   TestSimulationTimeLifecycleRejectedResponseStepsLeaveWaiterInstalled/unknown-discard-credit\n","OutputType":"frame"}
{"Time":"2026-10-08T09:48:39.419125Z","Action":"output","Package":"go.temporal.io/server/tools/gomad3/runner/internal/execution","Test":"TestSimulationTimeLifecycleRejectedResponseStepsLeaveWaiterInstalled/unknown-discard-credit","Output":"--- PASS: TestSimulationTimeLifecycleRejectedResponseStepsLeaveWaiterInstalled/unknown-discard-credit (0.00s)\n","OutputType":"frame"}
{"Time":"2026-10-08T09:48:39.419132292Z","Action":"pass","Package":"go.temporal.io/server/tools/gomad3/runner/internal/execution","Test":"TestSimulationTimeLifecycleRejectedResponseStepsLeaveWaiterInstalled/unknown-discard-credit","Elapsed":0}
{"Time":"2026-10-08T09:48:39.419133833Z","Action":"run","Package":"go.temporal.io/server/tools/gomad3/runner/internal/execution","Test":"TestSimulationTimeLifecycleRejectedResponseStepsLeaveWaiterInstalled/unreserved-dispatch"}
{"Time":"2026-10-08T09:48:39.419135042Z","Action":"output","Package":"go.temporal.io/server/tools/gomad3/runner/internal/execution","Test":"TestSimulationTimeLifecycleRejectedResponseStepsLeaveWaiterInstalled/unreserved-dispatch","Output":"=== RUN   TestSimulationTimeLifecycleRejectedResponseStepsLeaveWaiterInstalled/unreserved-dispatch\n","OutputType":"frame"}
{"Time":"2026-10-08T09:48:39.419137708Z","Action":"output","Package":"go.temporal.io/server/tools/gomad3/runner/internal/execution","Test":"TestSimulationTimeLifecycleRejectedResponseStepsLeaveWaiterInstalled/unreserved-dispatch","Output":"--- PASS: TestSimulationTimeLifecycleRejectedResponseStepsLeaveWaiterInstalled/unreserved-dispatch (0.00s)\n","OutputType":"frame"}
{"Time":"2026-10-08T09:48:39.419139083Z","Action":"pass","Package":"go.temporal.io/server/tools/gomad3/runner/internal/execution","Test":"TestSimulationTimeLifecycleRejectedResponseStepsLeaveWaiterInstalled/unreserved-dispatch","Elapsed":0}
{"Time":"2026-10-08T09:48:39.419141042Z","Action":"run","Package":"go.temporal.io/server/tools/gomad3/runner/internal/execution","Test":"TestSimulationTimeLifecycleRejectedResponseStepsLeaveWaiterInstalled/unreserved-unavailable-dispatch"}
{"Time":"2026-10-08T09:48:39.419142375Z","Action":"output","Package":"go.temporal.io/server/tools/gomad3/runner/internal/execution","Test":"TestSimulationTimeLifecycleRejectedResponseStepsLeaveWaiterInstalled/unreserved-unavailable-dispatch","Output":"=== RUN   TestSimulationTimeLifecycleRejectedResponseStepsLeaveWaiterInstalled/unreserved-unavailable-dispatch\n","OutputType":"frame"}
{"Time":"2026-10-08T09:48:39.419144792Z","Action":"output","Package":"go.temporal.io/server/tools/gomad3/runner/internal/execution","Test":"TestSimulationTimeLifecycleRejectedResponseStepsLeaveWaiterInstalled/unreserved-unavailable-dispatch","Output":"--- PASS: TestSimulationTimeLifecycleRejectedResponseStepsLeaveWaiterInstalled/unreserved-unavailable-dispatch (0.00s)\n","OutputType":"frame"}
{"Time":"2026-10-08T09:48:39.419151208Z","Action":"pass","Package":"go.temporal.io/server/tools/gomad3/runner/internal/execution","Test":"TestSimulationTimeLifecycleRejectedResponseStepsLeaveWaiterInstalled/unreserved-unavailable-dispatch","Elapsed":0}
{"Time":"2026-10-08T09:48:39.419154208Z","Action":"output","Package":"go.temporal.io/server/tools/gomad3/runner/internal/execution","Test":"TestSimulationTimeLifecycleRejectedResponseStepsLeaveWaiterInstalled","Output":"--- PASS: TestSimulationTimeLifecycleRejectedResponseStepsLeaveWaiterInstalled (0.00s)\n","OutputType":"frame"}
{"Time":"2026-10-08T09:48:39.419156Z","Action":"pass","Package":"go.temporal.io/server/tools/gomad3/runner/internal/execution","Test":"TestSimulationTimeLifecycleRejectedResponseStepsLeaveWaiterInstalled","Elapsed":0}
{"Time":"2026-10-08T09:48:39.419157333Z","Action":"run","Package":"go.temporal.io/server/tools/gomad3/runner/internal/execution","Test":"TestSimulationTimeLifecycleDuplicateControlForwardPreservesBothParticipants"}
{"Time":"2026-10-08T09:48:39.419158542Z","Action":"output","Package":"go.temporal.io/server/tools/gomad3/runner/internal/execution","Test":"TestSimulationTimeLifecycleDuplicateControlForwardPreservesBothParticipants","Output":"=== RUN   TestSimulationTimeLifecycleDuplicateControlForwardPreservesBothParticipants\n","OutputType":"frame"}
{"Time":"2026-10-08T09:48:39.419162792Z","Action":"output","Package":"go.temporal.io/server/tools/gomad3/runner/internal/execution","Test":"TestSimulationTimeLifecycleDuplicateControlForwardPreservesBothParticipants","Output":"--- PASS: TestSimulationTimeLifecycleDuplicateControlForwardPreservesBothParticipants (0.00s)\n","OutputType":"frame"}
{"Time":"2026-10-08T09:48:39.419164167Z","Action":"pass","Package":"go.temporal.io/server/tools/gomad3/runner/internal/execution","Test":"TestSimulationTimeLifecycleDuplicateControlForwardPreservesBothParticipants","Elapsed":0}
{"Time":"2026-10-08T09:48:39.419165625Z","Action":"run","Package":"go.temporal.io/server/tools/gomad3/runner/internal/execution","Test":"TestSimulationTimeProgressArrivalAtInstalledQuiescence"}
{"Time":"2026-10-08T09:48:39.419166958Z","Action":"output","Package":"go.temporal.io/server/tools/gomad3/runner/internal/execution","Test":"TestSimulationTimeProgressArrivalAtInstalledQuiescence","Output":"=== RUN   TestSimulationTimeProgressArrivalAtInstalledQuiescence\n","OutputType":"frame"}
{"Time":"2026-10-08T09:48:39.419171417Z","Action":"output","Package":"go.temporal.io/server/tools/gomad3/runner/internal/execution","Test":"TestSimulationTimeProgressArrivalAtInstalledQuiescence","Output":"--- PASS: TestSimulationTimeProgressArrivalAtInstalledQuiescence (0.00s)\n","OutputType":"frame"}
{"Time":"2026-10-08T09:48:39.41917275Z","Action":"pass","Package":"go.temporal.io/server/tools/gomad3/runner/internal/execution","Test":"TestSimulationTimeProgressArrivalAtInstalledQuiescence","Elapsed":0}
{"Time":"2026-10-08T09:48:39.419173958Z","Action":"run","Package":"go.temporal.io/server/tools/gomad3/runner/internal/execution","Test":"TestSimulationTimeProgressUnknownAcknowledgementBeforeAdmission"}
{"Time":"2026-10-08T09:48:39.419175375Z","Action":"output","Package":"go.temporal.io/server/tools/gomad3/runner/internal/execution","Test":"TestSimulationTimeProgressUnknownAcknowledgementBeforeAdmission","Output":"=== RUN   TestSimulationTimeProgressUnknownAcknowledgementBeforeAdmission\n","OutputType":"frame"}
{"Time":"2026-10-08T09:48:39.419183833Z","Action":"output","Package":"go.temporal.io/server/tools/gomad3/runner/internal/execution","Test":"TestSimulationTimeProgressUnknownAcknowledgementBeforeAdmission","Output":"--- PASS: TestSimulationTimeProgressUnknownAcknowledgementBeforeAdmission (0.00s)\n","OutputType":"frame"}
{"Time":"2026-10-08T09:48:39.419185292Z","Action":"pass","Package":"go.temporal.io/server/tools/gomad3/runner/internal/execution","Test":"TestSimulationTimeProgressUnknownAcknowledgementBeforeAdmission","Elapsed":0}
{"Time":"2026-10-08T09:48:39.419187Z","Action":"run","Package":"go.temporal.io/server/tools/gomad3/runner/internal/execution","Test":"TestSimulationTimeProgressPartialAcknowledgementKeepsOtherDeliveryRunnable"}
{"Time":"2026-10-08T09:48:39.419188083Z","Action":"output","Package":"go.temporal.io/server/tools/gomad3/runner/internal/execution","Test":"TestSimulationTimeProgressPartialAcknowledgementKeepsOtherDeliveryRunnable","Output":"=== RUN   TestSimulationTimeProgressPartialAcknowledgementKeepsOtherDeliveryRunnable\n","OutputType":"frame"}
{"Time":"2026-10-08T09:48:39.419189792Z","Action":"output","Package":"go.temporal.io/server/tools/gomad3/runner/internal/execution","Test":"TestSimulationTimeProgressPartialAcknowledgementKeepsOtherDeliveryRunnable","Output":"--- PASS: TestSimulationTimeProgressPartialAcknowledgementKeepsOtherDeliveryRunnable (0.00s)\n","OutputType":"frame"}
{"Time":"2026-10-08T09:48:39.419191125Z","Action":"pass","Package":"go.temporal.io/server/tools/gomad3/runner/internal/execution","Test":"TestSimulationTimeProgressPartialAcknowledgementKeepsOtherDeliveryRunnable","Elapsed":0}
{"Time":"2026-10-08T09:48:39.419192417Z","Action":"run","Package":"go.temporal.io/server/tools/gomad3/runner/internal/execution","Test":"TestSimulationTimeProgressUnknownAcknowledgementBeforeForwardAndTransfer"}
{"Time":"2026-10-08T09:48:39.419193667Z","Action":"output","Package":"go.temporal.io/server/tools/gomad3/runner/internal/execution","Test":"TestSimulationTimeProgressUnknownAcknowledgementBeforeForwardAndTransfer","Output":"=== RUN   TestSimulationTimeProgressUnknownAcknowledgementBeforeForwardAndTransfer\n","OutputType":"frame"}
{"Time":"2026-10-08T09:48:39.419195333Z","Action":"output","Package":"go.temporal.io/server/tools/gomad3/runner/internal/execution","Test":"TestSimulationTimeProgressUnknownAcknowledgementBeforeForwardAndTransfer","Output":"--- PASS: TestSimulationTimeProgressUnknownAcknowledgementBeforeForwardAndTransfer (0.00s)\n","OutputType":"frame"}
{"Time":"2026-10-08T09:48:39.419196875Z","Action":"pass","Package":"go.temporal.io/server/tools/gomad3/runner/internal/execution","Test":"TestSimulationTimeProgressUnknownAcknowledgementBeforeForwardAndTransfer","Elapsed":0}
{"Time":"2026-10-08T09:48:39.419200917Z","Action":"run","Package":"go.temporal.io/server/tools/gomad3/runner/internal/execution","Test":"TestSimulationTimeProgressPreexistingMalformedWaitWakesQuiescence"}
{"Time":"2026-10-08T09:48:39.419202292Z","Action":"output","Package":"go.temporal.io/server/tools/gomad3/runner/internal/execution","Test":"TestSimulationTimeProgressPreexistingMalformedWaitWakesQuiescence","Output":"=== RUN   TestSimulationTimeProgressPreexistingMalformedWaitWakesQuiescence\n","OutputType":"frame"}
{"Time":"2026-10-08T09:48:39.419204083Z","Action":"output","Package":"go.temporal.io/server/tools/gomad3/runner/internal/execution","Test":"TestSimulationTimeProgressPreexistingMalformedWaitWakesQuiescence","Output":"--- PASS: TestSimulationTimeProgressPreexistingMalformedWaitWakesQuiescence (0.00s)\n","OutputType":"frame"}
{"Time":"2026-10-08T09:48:39.419210833Z","Action":"pass","Package":"go.temporal.io/server/tools/gomad3/runner/internal/execution","Test":"TestSimulationTimeProgressPreexistingMalformedWaitWakesQuiescence","Elapsed":0}
{"Time":"2026-10-08T09:48:39.419213167Z","Action":"run","Package":"go.temporal.io/server/tools/gomad3/runner/internal/execution","Test":"TestSimulationTimeProgressPreexistingDuplicateAdmissionConsumesArrival"}
{"Time":"2026-10-08T09:48:39.419214542Z","Action":"output","Package":"go.temporal.io/server/tools/gomad3/runner/internal/execution","Test":"TestSimulationTimeProgressPreexistingDuplicateAdmissionConsumesArrival","Output":"=== RUN   TestSimulationTimeProgressPreexistingDuplicateAdmissionConsumesArrival\n","OutputType":"frame"}
{"Time":"2026-10-08T09:48:39.419216875Z","Action":"output","Package":"go.temporal.io/server/tools/gomad3/runner/internal/execution","Test":"TestSimulationTimeProgressPreexistingDuplicateAdmissionConsumesArrival","Output":"--- PASS: TestSimulationTimeProgressPreexistingDuplicateAdmissionConsumesArrival (0.00s)\n","OutputType":"frame"}
{"Time":"2026-10-08T09:48:39.419218417Z","Action":"pass","Package":"go.temporal.io/server/tools/gomad3/runner/internal/execution","Test":"TestSimulationTimeProgressPreexistingDuplicateAdmissionConsumesArrival","Elapsed":0}
{"Time":"2026-10-08T09:48:39.419219792Z","Action":"run","Package":"go.temporal.io/server/tools/gomad3/runner/internal/execution","Test":"TestSimulationTimeProgressDeathAndRestartRejectStaleIncarnation"}
{"Time":"2026-10-08T09:48:39.419221125Z","Action":"output","Package":"go.temporal.io/server/tools/gomad3/runner/internal/execution","Test":"TestSimulationTimeProgressDeathAndRestartRejectStaleIncarnation","Output":"=== RUN   TestSimulationTimeProgressDeathAndRestartRejectStaleIncarnation\n","OutputType":"frame"}
{"Time":"2026-10-08T09:48:39.419222833Z","Action":"output","Package":"go.temporal.io/server/tools/gomad3/runner/internal/execution","Test":"TestSimulationTimeProgressDeathAndRestartRejectStaleIncarnation","Output":"--- PASS: TestSimulationTimeProgressDeathAndRestartRejectStaleIncarnation (0.00s)\n","OutputType":"frame"}
{"Time":"2026-10-08T09:48:39.419229042Z","Action":"pass","Package":"go.temporal.io/server/tools/gomad3/runner/internal/execution","Test":"TestSimulationTimeProgressDeathAndRestartRejectStaleIncarnation","Elapsed":0}
{"Time":"2026-10-08T09:48:39.419230583Z","Action":"run","Package":"go.temporal.io/server/tools/gomad3/runner/internal/execution","Test":"TestSimulationTimeWireRoundTripsFixedFrames"}
{"Time":"2026-10-08T09:48:39.419236875Z","Action":"output","Package":"go.temporal.io/server/tools/gomad3/runner/internal/execution","Test":"TestSimulationTimeWireRoundTripsFixedFrames","Output":"=== RUN   TestSimulationTimeWireRoundTripsFixedFrames\n","OutputType":"frame"}
{"Time":"2026-10-08T09:48:39.41924175Z","Action":"output","Package":"go.temporal.io/server/tools/gomad3/runner/internal/execution","Test":"TestSimulationTimeWireRoundTripsFixedFrames","Output":"--- PASS: TestSimulationTimeWireRoundTripsFixedFrames (0.00s)\n","OutputType":"frame"}
{"Time":"2026-10-08T09:48:39.419243458Z","Action":"pass","Package":"go.temporal.io/server/tools/gomad3/runner/internal/execution","Test":"TestSimulationTimeWireRoundTripsFixedFrames","Elapsed":0}
{"Time":"2026-10-08T09:48:39.419244667Z","Action":"run","Package":"go.temporal.io/server/tools/gomad3/runner/internal/execution","Test":"TestServeSimulationTimeExchangesBoundedFrames"}
{"Time":"2026-10-08T09:48:39.419246Z","Action":"output","Package":"go.temporal.io/server/tools/gomad3/runner/internal/execution","Test":"TestServeSimulationTimeExchangesBoundedFrames","Output":"=== RUN   TestServeSimulationTimeExchangesBoundedFrames\n","OutputType":"frame"}
{"Time":"2026-10-08T09:48:39.4192475Z","Action":"output","Package":"go.temporal.io/server/tools/gomad3/runner/internal/execution","Test":"TestServeSimulationTimeExchangesBoundedFrames","Output":"--- PASS: TestServeSimulationTimeExchangesBoundedFrames (0.00s)\n","OutputType":"frame"}
{"Time":"2026-10-08T09:48:39.419248875Z","Action":"pass","Package":"go.temporal.io/server/tools/gomad3/runner/internal/execution","Test":"TestServeSimulationTimeExchangesBoundedFrames","Elapsed":0}
{"Time":"2026-10-08T09:48:39.419250208Z","Action":"run","Package":"go.temporal.io/server/tools/gomad3/runner/internal/execution","Test":"TestSimulationTimeArbiterAdvancesEveryParticipantToEarliestDeadline"}
{"Time":"2026-10-08T09:48:39.419251583Z","Action":"output","Package":"go.temporal.io/server/tools/gomad3/runner/internal/execution","Test":"TestSimulationTimeArbiterAdvancesEveryParticipantToEarliestDeadline","Output":"=== RUN   TestSimulationTimeArbiterAdvancesEveryParticipantToEarliestDeadline\n","OutputType":"frame"}
{"Time":"2026-10-08T09:48:39.419253167Z","Action":"output","Package":"go.temporal.io/server/tools/gomad3/runner/internal/execution","Test":"TestSimulationTimeArbiterAdvancesEveryParticipantToEarliestDeadline","Output":"--- PASS: TestSimulationTimeArbiterAdvancesEveryParticipantToEarliestDeadline (0.00s)\n","OutputType":"frame"}
{"Time":"2026-10-08T09:48:39.419254333Z","Action":"pass","Package":"go.temporal.io/server/tools/gomad3/runner/internal/execution","Test":"TestSimulationTimeArbiterAdvancesEveryParticipantToEarliestDeadline","Elapsed":0}
{"Time":"2026-10-08T09:48:39.419255417Z","Action":"run","Package":"go.temporal.io/server/tools/gomad3/runner/internal/execution","Test":"TestSimulationTimeArbiterAcceptsForwardTickEpoch"}
{"Time":"2026-10-08T09:48:39.41925675Z","Action":"output","Package":"go.temporal.io/server/tools/gomad3/runner/internal/execution","Test":"TestSimulationTimeArbiterAcceptsForwardTickEpoch","Output":"=== RUN   TestSimulationTimeArbiterAcceptsForwardTickEpoch\n","OutputType":"frame"}
{"Time":"2026-10-08T09:48:39.419258708Z","Action":"output","Package":"go.temporal.io/server/tools/gomad3/runner/internal/execution","Test":"TestSimulationTimeArbiterAcceptsForwardTickEpoch","Output":"--- PASS: TestSimulationTimeArbiterAcceptsForwardTickEpoch (0.00s)\n","OutputType":"frame"}
{"Time":"2026-10-08T09:48:39.419260625Z","Action":"pass","Package":"go.temporal.io/server/tools/gomad3/runner/internal/execution","Test":"TestSimulationTimeArbiterAcceptsForwardTickEpoch","Elapsed":0}
{"Time":"2026-10-08T09:48:39.419262208Z","Action":"run","Package":"go.temporal.io/server/tools/gomad3/runner/internal/execution","Test":"TestSimulationTimeArbiterForwardActivationAdoptsCurrent"}
{"Time":"2026-10-08T09:48:39.41926375Z","Action":"output","Package":"go.temporal.io/server/tools/gomad3/runner/internal/execution","Test":"TestSimulationTimeArbiterForwardActivationAdoptsCurrent","Output":"=== RUN   TestSimulationTimeArbiterForwardActivationAdoptsCurrent\n","OutputType":"frame"}
{"Time":"2026-10-08T09:48:39.419266083Z","Action":"output","Package":"go.temporal.io/server/tools/gomad3/runner/internal/execution","Test":"TestSimulationTimeArbiterForwardActivationAdoptsCurrent","Output":"--- PASS: TestSimulationTimeArbiterForwardActivationAdoptsCurrent (0.00s)\n","OutputType":"frame"}
{"Time":"2026-10-08T09:48:39.419268083Z","Action":"pass","Package":"go.temporal.io/server/tools/gomad3/runner/internal/execution","Test":"TestSimulationTimeArbiterForwardActivationAdoptsCurrent","Elapsed":0}
{"Time":"2026-10-08T09:48:39.419269917Z","Action":"run","Package":"go.temporal.io/server/tools/gomad3/runner/internal/execution","Test":"TestSimulationTimeArbiterStrictActivationRejectsFutureCurrent"}
{"Time":"2026-10-08T09:48:39.419271875Z","Action":"output","Package":"go.temporal.io/server/tools/gomad3/runner/internal/execution","Test":"TestSimulationTimeArbiterStrictActivationRejectsFutureCurrent","Output":"=== RUN   TestSimulationTimeArbiterStrictActivationRejectsFutureCurrent\n","OutputType":"frame"}
{"Time":"2026-10-08T09:48:39.419274458Z","Action":"output","Package":"go.temporal.io/server/tools/gomad3/runner/internal/execution","Test":"TestSimulationTimeArbiterStrictActivationRejectsFutureCurrent","Output":"--- PASS: TestSimulationTimeArbiterStrictActivationRejectsFutureCurrent (0.00s)\n","OutputType":"frame"}
{"Time":"2026-10-08T09:48:39.419282833Z","Action":"pass","Package":"go.temporal.io/server/tools/gomad3/runner/internal/execution","Test":"TestSimulationTimeArbiterStrictActivationRejectsFutureCurrent","Elapsed":0}
{"Time":"2026-10-08T09:48:39.419284292Z","Action":"run","Package":"go.temporal.io/server/tools/gomad3/runner/internal/execution","Test":"TestSimulationTimeArbiterForwardTickEpochIsOrderIndependent"}
{"Time":"2026-10-08T09:48:39.419285583Z","Action":"output","Package":"go.temporal.io/server/tools/gomad3/runner/internal/execution","Test":"TestSimulationTimeArbiterForwardTickEpochIsOrderIndependent","Output":"=== RUN   TestSimulationTimeArbiterForwardTickEpochIsOrderIndependent\n","OutputType":"frame"}
{"Time":"2026-10-08T09:48:39.419286958Z","Action":"run","Package":"go.temporal.io/server/tools/gomad3/runner/internal/execution","Test":"TestSimulationTimeArbiterForwardTickEpochIsOrderIndependent/lower-first"}
{"Time":"2026-10-08T09:48:39.419288167Z","Action":"output","Package":"go.temporal.io/server/tools/gomad3/runner/internal/execution","Test":"TestSimulationTimeArbiterForwardTickEpochIsOrderIndependent/lower-first","Output":"=== RUN   TestSimulationTimeArbiterForwardTickEpochIsOrderIndependent/lower-first\n","OutputType":"frame"}
{"Time":"2026-10-08T09:48:39.419290875Z","Action":"output","Package":"go.temporal.io/server/tools/gomad3/runner/internal/execution","Test":"TestSimulationTimeArbiterForwardTickEpochIsOrderIndependent/lower-first","Output":"--- PASS: TestSimulationTimeArbiterForwardTickEpochIsOrderIndependent/lower-first (0.00s)\n","OutputType":"frame"}
{"Time":"2026-10-08T09:48:39.419293292Z","Action":"pass","Package":"go.temporal.io/server/tools/gomad3/runner/internal/execution","Test":"TestSimulationTimeArbiterForwardTickEpochIsOrderIndependent/lower-first","Elapsed":0}
{"Time":"2026-10-08T09:48:39.419295333Z","Action":"run","Package":"go.temporal.io/server/tools/gomad3/runner/internal/execution","Test":"TestSimulationTimeArbiterForwardTickEpochIsOrderIndependent/higher-first"}
{"Time":"2026-10-08T09:48:39.419302083Z","Action":"output","Package":"go.temporal.io/server/tools/gomad3/runner/internal/execution","Test":"TestSimulationTimeArbiterForwardTickEpochIsOrderIndependent/higher-first","Output":"=== RUN   TestSimulationTimeArbiterForwardTickEpochIsOrderIndependent/higher-first\n","OutputType":"frame"}
{"Time":"2026-10-08T09:48:39.419304042Z","Action":"output","Package":"go.temporal.io/server/tools/gomad3/runner/internal/execution","Test":"TestSimulationTimeArbiterForwardTickEpochIsOrderIndependent/higher-first","Output":"--- PASS: TestSimulationTimeArbiterForwardTickEpochIsOrderIndependent/higher-first (0.00s)\n","OutputType":"frame"}
{"Time":"2026-10-08T09:48:39.4193055Z","Action":"pass","Package":"go.temporal.io/server/tools/gomad3/runner/internal/execution","Test":"TestSimulationTimeArbiterForwardTickEpochIsOrderIndependent/higher-first","Elapsed":0}
{"Time":"2026-10-08T09:48:39.419306958Z","Action":"output","Package":"go.temporal.io/server/tools/gomad3/runner/internal/execution","Test":"TestSimulationTimeArbiterForwardTickEpochIsOrderIndependent","Output":"--- PASS: TestSimulationTimeArbiterForwardTickEpochIsOrderIndependent (0.00s)\n","OutputType":"frame"}
{"Time":"2026-10-08T09:48:39.419327708Z","Action":"pass","Package":"go.temporal.io/server/tools/gomad3/runner/internal/execution","Test":"TestSimulationTimeArbiterForwardTickEpochIsOrderIndependent","Elapsed":0}
{"Time":"2026-10-08T09:48:39.419332Z","Action":"run","Package":"go.temporal.io/server/tools/gomad3/runner/internal/execution","Test":"TestSimulationTimeArbiterRejectsForwardTickEpochPastItsDeadline"}
{"Time":"2026-10-08T09:48:39.419336833Z","Action":"output","Package":"go.temporal.io/server/tools/gomad3/runner/internal/execution","Test":"TestSimulationTimeArbiterRejectsForwardTickEpochPastItsDeadline","Output":"=== RUN   TestSimulationTimeArbiterRejectsForwardTickEpochPastItsDeadline\n","OutputType":"frame"}
{"Time":"2026-10-08T09:48:39.419340875Z","Action":"output","Package":"go.temporal.io/server/tools/gomad3/runner/internal/execution","Test":"TestSimulationTimeArbiterRejectsForwardTickEpochPastItsDeadline","Output":"--- PASS: TestSimulationTimeArbiterRejectsForwardTickEpochPastItsDeadline (0.00s)\n","OutputType":"frame"}
{"Time":"2026-10-08T09:48:39.419342542Z","Action":"pass","Package":"go.temporal.io/server/tools/gomad3/runner/internal/execution","Test":"TestSimulationTimeArbiterRejectsForwardTickEpochPastItsDeadline","Elapsed":0}
{"Time":"2026-10-08T09:48:39.419343875Z","Action":"run","Package":"go.temporal.io/server/tools/gomad3/runner/internal/execution","Test":"TestSimulationTimeArbiterCancelsAnEpochWhenExternalWorkArrives"}
{"Time":"2026-10-08T09:48:39.4193455Z","Action":"output","Package":"go.temporal.io/server/tools/gomad3/runner/internal/execution","Test":"TestSimulationTimeArbiterCancelsAnEpochWhenExternalWorkArrives","Output":"=== RUN   TestSimulationTimeArbiterCancelsAnEpochWhenExternalWorkArrives\n","OutputType":"frame"}
{"Time":"2026-10-08T09:48:39.419347417Z","Action":"output","Package":"go.temporal.io/server/tools/gomad3/runner/internal/execution","Test":"TestSimulationTimeArbiterCancelsAnEpochWhenExternalWorkArrives","Output":"--- PASS: TestSimulationTimeArbiterCancelsAnEpochWhenExternalWorkArrives (0.00s)\n","OutputType":"frame"}
{"Time":"2026-10-08T09:48:39.419348875Z","Action":"pass","Package":"go.temporal.io/server/tools/gomad3/runner/internal/execution","Test":"TestSimulationTimeArbiterCancelsAnEpochWhenExternalWorkArrives","Elapsed":0}
{"Time":"2026-10-08T09:48:39.419350333Z","Action":"run","Package":"go.temporal.io/server/tools/gomad3/runner/internal/execution","Test":"TestSimulationTimeArbiterDoesNotAdvancePastExternalWorkOrInactiveParticipants"}
{"Time":"2026-10-08T09:48:39.419354958Z","Action":"output","Package":"go.temporal.io/server/tools/gomad3/runner/internal/execution","Test":"TestSimulationTimeArbiterDoesNotAdvancePastExternalWorkOrInactiveParticipants","Output":"=== RUN   TestSimulationTimeArbiterDoesNotAdvancePastExternalWorkOrInactiveParticipants\n","OutputType":"frame"}
{"Time":"2026-10-08T09:48:39.419357042Z","Action":"output","Package":"go.temporal.io/server/tools/gomad3/runner/internal/execution","Test":"TestSimulationTimeArbiterDoesNotAdvancePastExternalWorkOrInactiveParticipants","Output":"--- PASS: TestSimulationTimeArbiterDoesNotAdvancePastExternalWorkOrInactiveParticipants (0.00s)\n","OutputType":"frame"}
{"Time":"2026-10-08T09:48:39.419358417Z","Action":"pass","Package":"go.temporal.io/server/tools/gomad3/runner/internal/execution","Test":"TestSimulationTimeArbiterDoesNotAdvancePastExternalWorkOrInactiveParticipants","Elapsed":0}
{"Time":"2026-10-08T09:48:39.419359583Z","Action":"run","Package":"go.temporal.io/server/tools/gomad3/runner/internal/execution","Test":"TestSimulationTimeArbiterExcludesAnExternallyBlockedParticipant"}
{"Time":"2026-10-08T09:48:39.419360833Z","Action":"output","Package":"go.temporal.io/server/tools/gomad3/runner/internal/execution","Test":"TestSimulationTimeArbiterExcludesAnExternallyBlockedParticipant","Output":"=== RUN   TestSimulationTimeArbiterExcludesAnExternallyBlockedParticipant\n","OutputType":"frame"}
{"Time":"2026-10-08T09:48:39.419364833Z","Action":"output","Package":"go.temporal.io/server/tools/gomad3/runner/internal/execution","Test":"TestSimulationTimeArbiterExcludesAnExternallyBlockedParticipant","Output":"--- PASS: TestSimulationTimeArbiterExcludesAnExternallyBlockedParticipant (0.00s)\n","OutputType":"frame"}
{"Time":"2026-10-08T09:48:39.419366208Z","Action":"pass","Package":"go.temporal.io/server/tools/gomad3/runner/internal/execution","Test":"TestSimulationTimeArbiterExcludesAnExternallyBlockedParticipant","Elapsed":0}
{"Time":"2026-10-08T09:48:39.419367458Z","Action":"run","Package":"go.temporal.io/server/tools/gomad3/runner/internal/execution","Test":"TestSimulationTimeArbiterSettlesWhenLastRunnableParticipantBlocksExternally"}
{"Time":"2026-10-08T09:48:39.419370833Z","Action":"output","Package":"go.temporal.io/server/tools/gomad3/runner/internal/execution","Test":"TestSimulationTimeArbiterSettlesWhenLastRunnableParticipantBlocksExternally","Output":"=== RUN   TestSimulationTimeArbiterSettlesWhenLastRunnableParticipantBlocksExternally\n","OutputType":"frame"}
{"Time":"2026-10-08T09:48:39.419372708Z","Action":"output","Package":"go.temporal.io/server/tools/gomad3/runner/internal/execution","Test":"TestSimulationTimeArbiterSettlesWhenLastRunnableParticipantBlocksExternally","Output":"--- PASS: TestSimulationTimeArbiterSettlesWhenLastRunnableParticipantBlocksExternally (0.00s)\n","OutputType":"frame"}
{"Time":"2026-10-08T09:48:39.419374Z","Action":"pass","Package":"go.temporal.io/server/tools/gomad3/runner/internal/execution","Test":"TestSimulationTimeArbiterSettlesWhenLastRunnableParticipantBlocksExternally","Elapsed":0}
{"Time":"2026-10-08T09:48:39.419378458Z","Action":"run","Package":"go.temporal.io/server/tools/gomad3/runner/internal/execution","Test":"TestSimulationTimeArbiterDoesNotSettleWhileExternalRequestIsHandled"}
{"Time":"2026-10-08T09:48:39.419379708Z","Action":"output","Package":"go.temporal.io/server/tools/gomad3/runner/internal/execution","Test":"TestSimulationTimeArbiterDoesNotSettleWhileExternalRequestIsHandled","Output":"=== RUN   TestSimulationTimeArbiterDoesNotSettleWhileExternalRequestIsHandled\n","OutputType":"frame"}
{"Time":"2026-10-08T09:48:39.419381333Z","Action":"output","Package":"go.temporal.io/server/tools/gomad3/runner/internal/execution","Test":"TestSimulationTimeArbiterDoesNotSettleWhileExternalRequestIsHandled","Output":"--- PASS: TestSimulationTimeArbiterDoesNotSettleWhileExternalRequestIsHandled (0.00s)\n","OutputType":"frame"}
{"Time":"2026-10-08T09:48:39.419382667Z","Action":"pass","Package":"go.temporal.io/server/tools/gomad3/runner/internal/execution","Test":"TestSimulationTimeArbiterDoesNotSettleWhileExternalRequestIsHandled","Elapsed":0}
{"Time":"2026-10-08T09:48:39.419383833Z","Action":"run","Package":"go.temporal.io/server/tools/gomad3/runner/internal/execution","Test":"TestSimulationTimeArbiterAdvancesAfterForwardedRequestIsDelivered"}
{"Time":"2026-10-08T09:48:39.419387292Z","Action":"output","Package":"go.temporal.io/server/tools/gomad3/runner/internal/execution","Test":"TestSimulationTimeArbiterAdvancesAfterForwardedRequestIsDelivered","Output":"=== RUN   TestSimulationTimeArbiterAdvancesAfterForwardedRequestIsDelivered\n","OutputType":"frame"}
{"Time":"2026-10-08T09:48:39.419389Z","Action":"output","Package":"go.temporal.io/server/tools/gomad3/runner/internal/execution","Test":"TestSimulationTimeArbiterAdvancesAfterForwardedRequestIsDelivered","Output":"--- PASS: TestSimulationTimeArbiterAdvancesAfterForwardedRequestIsDelivered (0.00s)\n","OutputType":"frame"}
{"Time":"2026-10-08T09:48:39.419390125Z","Action":"pass","Package":"go.temporal.io/server/tools/gomad3/runner/internal/execution","Test":"TestSimulationTimeArbiterAdvancesAfterForwardedRequestIsDelivered","Elapsed":0}
{"Time":"2026-10-08T09:48:39.419393375Z","Action":"run","Package":"go.temporal.io/server/tools/gomad3/runner/internal/execution","Test":"TestSimulationTimeArbiterForwardsExternalRequestAtomically"}
{"Time":"2026-10-08T09:48:39.419394667Z","Action":"output","Package":"go.temporal.io/server/tools/gomad3/runner/internal/execution","Test":"TestSimulationTimeArbiterForwardsExternalRequestAtomically","Output":"=== RUN   TestSimulationTimeArbiterForwardsExternalRequestAtomically\n","OutputType":"frame"}
{"Time":"2026-10-08T09:48:39.419396333Z","Action":"output","Package":"go.temporal.io/server/tools/gomad3/runner/internal/execution","Test":"TestSimulationTimeArbiterForwardsExternalRequestAtomically","Output":"--- PASS: TestSimulationTimeArbiterForwardsExternalRequestAtomically (0.00s)\n","OutputType":"frame"}
{"Time":"2026-10-08T09:48:39.419401375Z","Action":"pass","Package":"go.temporal.io/server/tools/gomad3/runner/internal/execution","Test":"TestSimulationTimeArbiterForwardsExternalRequestAtomically","Elapsed":0}
{"Time":"2026-10-08T09:48:39.419402708Z","Action":"run","Package":"go.temporal.io/server/tools/gomad3/runner/internal/execution","Test":"TestSimulationTimeArbiterTransfersExternalArrivalAtomically"}
{"Time":"2026-10-08T09:48:39.419404Z","Action":"output","Package":"go.temporal.io/server/tools/gomad3/runner/internal/execution","Test":"TestSimulationTimeArbiterTransfersExternalArrivalAtomically","Output":"=== RUN   TestSimulationTimeArbiterTransfersExternalArrivalAtomically\n","OutputType":"frame"}
{"Time":"2026-10-08T09:48:39.419405625Z","Action":"output","Package":"go.temporal.io/server/tools/gomad3/runner/internal/execution","Test":"TestSimulationTimeArbiterTransfersExternalArrivalAtomically","Output":"--- PASS: TestSimulationTimeArbiterTransfersExternalArrivalAtomically (0.00s)\n","OutputType":"frame"}
{"Time":"2026-10-08T09:48:39.419407083Z","Action":"pass","Package":"go.temporal.io/server/tools/gomad3/runner/internal/execution","Test":"TestSimulationTimeArbiterTransfersExternalArrivalAtomically","Elapsed":0}
{"Time":"2026-10-08T09:48:39.419408375Z","Action":"run","Package":"go.temporal.io/server/tools/gomad3/runner/internal/execution","Test":"TestSimulationTimeArbiterWaitsForDeliveredExternalWorkToBeConsumed"}
{"Time":"2026-10-08T09:48:39.4194095Z","Action":"output","Package":"go.temporal.io/server/tools/gomad3/runner/internal/execution","Test":"TestSimulationTimeArbiterWaitsForDeliveredExternalWorkToBeConsumed","Output":"=== RUN   TestSimulationTimeArbiterWaitsForDeliveredExternalWorkToBeConsumed\n","OutputType":"frame"}
{"Time":"2026-10-08T09:48:39.419411167Z","Action":"output","Package":"go.temporal.io/server/tools/gomad3/runner/internal/execution","Test":"TestSimulationTimeArbiterWaitsForDeliveredExternalWorkToBeConsumed","Output":"--- PASS: TestSimulationTimeArbiterWaitsForDeliveredExternalWorkToBeConsumed (0.00s)\n","OutputType":"frame"}
{"Time":"2026-10-08T09:48:39.419412542Z","Action":"pass","Package":"go.temporal.io/server/tools/gomad3/runner/internal/execution","Test":"TestSimulationTimeArbiterWaitsForDeliveredExternalWorkToBeConsumed","Elapsed":0}
{"Time":"2026-10-08T09:48:39.419413917Z","Action":"run","Package":"go.temporal.io/server/tools/gomad3/runner/internal/execution","Test":"TestSimulationTimeArbiterRejoinsAfterExternalWorkArrives"}
{"Time":"2026-10-08T09:48:39.419415333Z","Action":"output","Package":"go.temporal.io/server/tools/gomad3/runner/internal/execution","Test":"TestSimulationTimeArbiterRejoinsAfterExternalWorkArrives","Output":"=== RUN   TestSimulationTimeArbiterRejoinsAfterExternalWorkArrives\n","OutputType":"frame"}
{"Time":"2026-10-08T09:48:39.419417708Z","Action":"output","Package":"go.temporal.io/server/tools/gomad3/runner/internal/execution","Test":"TestSimulationTimeArbiterRejoinsAfterExternalWorkArrives","Output":"--- PASS: TestSimulationTimeArbiterRejoinsAfterExternalWorkArrives (0.00s)\n","OutputType":"frame"}
{"Time":"2026-10-08T09:48:39.419420333Z","Action":"pass","Package":"go.temporal.io/server/tools/gomad3/runner/internal/execution","Test":"TestSimulationTimeArbiterRejoinsAfterExternalWorkArrives","Elapsed":0}
{"Time":"2026-10-08T09:48:39.419422333Z","Action":"run","Package":"go.temporal.io/server/tools/gomad3/runner/internal/execution","Test":"TestSimulationTimeArbiterActivatesRestartAtCurrentTime"}
{"Time":"2026-10-08T09:48:39.419424Z","Action":"output","Package":"go.temporal.io/server/tools/gomad3/runner/internal/execution","Test":"TestSimulationTimeArbiterActivatesRestartAtCurrentTime","Output":"=== RUN   TestSimulationTimeArbiterActivatesRestartAtCurrentTime\n","OutputType":"frame"}
{"Time":"2026-10-08T09:48:39.41942625Z","Action":"output","Package":"go.temporal.io/server/tools/gomad3/runner/internal/execution","Test":"TestSimulationTimeArbiterActivatesRestartAtCurrentTime","Output":"--- PASS: TestSimulationTimeArbiterActivatesRestartAtCurrentTime (0.00s)\n","OutputType":"frame"}
{"Time":"2026-10-08T09:48:39.419429042Z","Action":"pass","Package":"go.temporal.io/server/tools/gomad3/runner/internal/execution","Test":"TestSimulationTimeArbiterActivatesRestartAtCurrentTime","Elapsed":0}
{"Time":"2026-10-08T09:48:39.419437042Z","Action":"run","Package":"go.temporal.io/server/tools/gomad3/runner/internal/execution","Test":"TestSimulationTimeArbiterRejectsForwardTickEpochInStrictMode"}
{"Time":"2026-10-08T09:48:39.4194385Z","Action":"output","Package":"go.temporal.io/server/tools/gomad3/runner/internal/execution","Test":"TestSimulationTimeArbiterRejectsForwardTickEpochInStrictMode","Output":"=== RUN   TestSimulationTimeArbiterRejectsForwardTickEpochInStrictMode\n","OutputType":"frame"}
{"Time":"2026-10-08T09:48:39.419440417Z","Action":"output","Package":"go.temporal.io/server/tools/gomad3/runner/internal/execution","Test":"TestSimulationTimeArbiterRejectsForwardTickEpochInStrictMode","Output":"--- PASS: TestSimulationTimeArbiterRejectsForwardTickEpochInStrictMode (0.00s)\n","OutputType":"frame"}
{"Time":"2026-10-08T09:48:39.419441958Z","Action":"pass","Package":"go.temporal.io/server/tools/gomad3/runner/internal/execution","Test":"TestSimulationTimeArbiterRejectsForwardTickEpochInStrictMode","Elapsed":0}
{"Time":"2026-10-08T09:48:39.41944375Z","Action":"run","Package":"go.temporal.io/server/tools/gomad3/runner/internal/execution","Test":"TestSimulationTimeArbiterForwardTickEarlyResponsesDoNotRewind"}
{"Time":"2026-10-08T09:48:39.419445125Z","Action":"output","Package":"go.temporal.io/server/tools/gomad3/runner/internal/execution","Test":"TestSimulationTimeArbiterForwardTickEarlyResponsesDoNotRewind","Output":"=== RUN   TestSimulationTimeArbiterForwardTickEarlyResponsesDoNotRewind\n","OutputType":"frame"}
{"Time":"2026-10-08T09:48:39.419446708Z","Action":"run","Package":"go.temporal.io/server/tools/gomad3/runner/internal/execution","Test":"TestSimulationTimeArbiterForwardTickEarlyResponsesDoNotRewind/inactive"}
{"Time":"2026-10-08T09:48:39.419448208Z","Action":"output","Package":"go.temporal.io/server/tools/gomad3/runner/internal/execution","Test":"TestSimulationTimeArbiterForwardTickEarlyResponsesDoNotRewind/inactive","Output":"=== RUN   TestSimulationTimeArbiterForwardTickEarlyResponsesDoNotRewind/inactive\n","OutputType":"frame"}
{"Time":"2026-10-08T09:48:39.419450125Z","Action":"output","Package":"go.temporal.io/server/tools/gomad3/runner/internal/execution","Test":"TestSimulationTimeArbiterForwardTickEarlyResponsesDoNotRewind/inactive","Output":"--- PASS: TestSimulationTimeArbiterForwardTickEarlyResponsesDoNotRewind/inactive (0.00s)\n","OutputType":"frame"}
{"Time":"2026-10-08T09:48:39.41945175Z","Action":"pass","Package":"go.temporal.io/server/tools/gomad3/runner/internal/execution","Test":"TestSimulationTimeArbiterForwardTickEarlyResponsesDoNotRewind/inactive","Elapsed":0}
{"Time":"2026-10-08T09:48:39.419452917Z","Action":"run","Package":"go.temporal.io/server/tools/gomad3/runner/internal/execution","Test":"TestSimulationTimeArbiterForwardTickEarlyResponsesDoNotRewind/delivered"}
{"Time":"2026-10-08T09:48:39.419458125Z","Action":"output","Package":"go.temporal.io/server/tools/gomad3/runner/internal/execution","Test":"TestSimulationTimeArbiterForwardTickEarlyResponsesDoNotRewind/delivered","Output":"=== RUN   TestSimulationTimeArbiterForwardTickEarlyResponsesDoNotRewind/delivered\n","OutputType":"frame"}
{"Time":"2026-10-08T09:48:39.419460167Z","Action":"output","Package":"go.temporal.io/server/tools/gomad3/runner/internal/execution","Test":"TestSimulationTimeArbiterForwardTickEarlyResponsesDoNotRewind/delivered","Output":"--- PASS: TestSimulationTimeArbiterForwardTickEarlyResponsesDoNotRewind/delivered (0.00s)\n","OutputType":"frame"}
{"Time":"2026-10-08T09:48:39.419461667Z","Action":"pass","Package":"go.temporal.io/server/tools/gomad3/runner/internal/execution","Test":"TestSimulationTimeArbiterForwardTickEarlyResponsesDoNotRewind/delivered","Elapsed":0}
{"Time":"2026-10-08T09:48:39.419462958Z","Action":"run","Package":"go.temporal.io/server/tools/gomad3/runner/internal/execution","Test":"TestSimulationTimeArbiterForwardTickEarlyResponsesDoNotRewind/external"}
{"Time":"2026-10-08T09:48:39.419464125Z","Action":"output","Package":"go.temporal.io/server/tools/gomad3/runner/internal/execution","Test":"TestSimulationTimeArbiterForwardTickEarlyResponsesDoNotRewind/external","Output":"=== RUN   TestSimulationTimeArbiterForwardTickEarlyResponsesDoNotRewind/external\n","OutputType":"frame"}
{"Time":"2026-10-08T09:48:39.4194665Z","Action":"output","Package":"go.temporal.io/server/tools/gomad3/runner/internal/execution","Test":"TestSimulationTimeArbiterForwardTickEarlyResponsesDoNotRewind/external","Output":"--- PASS: TestSimulationTimeArbiterForwardTickEarlyResponsesDoNotRewind/external (0.00s)\n","OutputType":"frame"}
{"Time":"2026-10-08T09:48:39.419468667Z","Action":"pass","Package":"go.temporal.io/server/tools/gomad3/runner/internal/execution","Test":"TestSimulationTimeArbiterForwardTickEarlyResponsesDoNotRewind/external","Elapsed":0}
{"Time":"2026-10-08T09:48:39.419470708Z","Action":"output","Package":"go.temporal.io/server/tools/gomad3/runner/internal/execution","Test":"TestSimulationTimeArbiterForwardTickEarlyResponsesDoNotRewind","Output":"--- PASS: TestSimulationTimeArbiterForwardTickEarlyResponsesDoNotRewind (0.00s)\n","OutputType":"frame"}
{"Time":"2026-10-08T09:48:39.41947275Z","Action":"pass","Package":"go.temporal.io/server/tools/gomad3/runner/internal/execution","Test":"TestSimulationTimeArbiterForwardTickEarlyResponsesDoNotRewind","Elapsed":0}
{"Time":"2026-10-08T09:48:39.41947475Z","Action":"run","Package":"go.temporal.io/server/tools/gomad3/runner/internal/execution","Test":"TestSimulationTimeArbiterMalformedForwardTickRequestDoesNotAdvance"}
{"Time":"2026-10-08T09:48:39.419476458Z","Action":"output","Package":"go.temporal.io/server/tools/gomad3/runner/internal/execution","Test":"TestSimulationTimeArbiterMalformedForwardTickRequestDoesNotAdvance","Output":"=== RUN   TestSimulationTimeArbiterMalformedForwardTickRequestDoesNotAdvance\n","OutputType":"frame"}
{"Time":"2026-10-08T09:48:39.419478125Z","Action":"output","Package":"go.temporal.io/server/tools/gomad3/runner/internal/execution","Test":"TestSimulationTimeArbiterMalformedForwardTickRequestDoesNotAdvance","Output":"--- PASS: TestSimulationTimeArbiterMalformedForwardTickRequestDoesNotAdvance (0.00s)\n","OutputType":"frame"}
{"Time":"2026-10-08T09:48:39.419480583Z","Action":"pass","Package":"go.temporal.io/server/tools/gomad3/runner/internal/execution","Test":"TestSimulationTimeArbiterMalformedForwardTickRequestDoesNotAdvance","Elapsed":0}
{"Time":"2026-10-08T09:48:39.419482417Z","Action":"run","Package":"go.temporal.io/server/tools/gomad3/runner/internal/execution","Test":"TestSimulationTimeArbiterAdoptsForwardedModelCurrent"}
{"Time":"2026-10-08T09:48:39.419494292Z","Action":"output","Package":"go.temporal.io/server/tools/gomad3/runner/internal/execution","Test":"TestSimulationTimeArbiterAdoptsForwardedModelCurrent","Output":"=== RUN   TestSimulationTimeArbiterAdoptsForwardedModelCurrent\n","OutputType":"frame"}
{"Time":"2026-10-08T09:48:39.419496625Z","Action":"output","Package":"go.temporal.io/server/tools/gomad3/runner/internal/execution","Test":"TestSimulationTimeArbiterAdoptsForwardedModelCurrent","Output":"--- PASS: TestSimulationTimeArbiterAdoptsForwardedModelCurrent (0.00s)\n","OutputType":"frame"}
{"Time":"2026-10-08T09:48:39.419497833Z","Action":"pass","Package":"go.temporal.io/server/tools/gomad3/runner/internal/execution","Test":"TestSimulationTimeArbiterAdoptsForwardedModelCurrent","Elapsed":0}
{"Time":"2026-10-08T09:48:39.419498958Z","Action":"run","Package":"go.temporal.io/server/tools/gomad3/runner/internal/execution","Test":"TestSimulationTimeArbiterRejectsInvalidForwardedModelCurrentWithoutMutation"}
{"Time":"2026-10-08T09:48:39.419500208Z","Action":"output","Package":"go.temporal.io/server/tools/gomad3/runner/internal/execution","Test":"TestSimulationTimeArbiterRejectsInvalidForwardedModelCurrentWithoutMutation","Output":"=== RUN   TestSimulationTimeArbiterRejectsInvalidForwardedModelCurrentWithoutMutation\n","OutputType":"frame"}
{"Time":"2026-10-08T09:48:39.419501667Z","Action":"run","Package":"go.temporal.io/server/tools/gomad3/runner/internal/execution","Test":"TestSimulationTimeArbiterRejectsInvalidForwardedModelCurrentWithoutMutation/strict_future"}
{"Time":"2026-10-08T09:48:39.419502917Z","Action":"output","Package":"go.temporal.io/server/tools/gomad3/runner/internal/execution","Test":"TestSimulationTimeArbiterRejectsInvalidForwardedModelCurrentWithoutMutation/strict_future","Output":"=== RUN   TestSimulationTimeArbiterRejectsInvalidForwardedModelCurrentWithoutMutation/strict_future\n","OutputType":"frame"}
{"Time":"2026-10-08T09:48:39.419504875Z","Action":"output","Package":"go.temporal.io/server/tools/gomad3/runner/internal/execution","Test":"TestSimulationTimeArbiterRejectsInvalidForwardedModelCurrentWithoutMutation/strict_future","Output":"--- PASS: TestSimulationTimeArbiterRejectsInvalidForwardedModelCurrentWithoutMutation/strict_future (0.00s)\n","OutputType":"frame"}
{"Time":"2026-10-08T09:48:39.419509Z","Action":"pass","Package":"go.temporal.io/server/tools/gomad3/runner/internal/execution","Test":"TestSimulationTimeArbiterRejectsInvalidForwardedModelCurrentWithoutMutation/strict_future","Elapsed":0}
{"Time":"2026-10-08T09:48:39.419510292Z","Action":"run","Package":"go.temporal.io/server/tools/gomad3/runner/internal/execution","Test":"TestSimulationTimeArbiterRejectsInvalidForwardedModelCurrentWithoutMutation/unknown_arrival"}
{"Time":"2026-10-08T09:48:39.419511708Z","Action":"output","Package":"go.temporal.io/server/tools/gomad3/runner/internal/execution","Test":"TestSimulationTimeArbiterRejectsInvalidForwardedModelCurrentWithoutMutation/unknown_arrival","Output":"=== RUN   TestSimulationTimeArbiterRejectsInvalidForwardedModelCurrentWithoutMutation/unknown_arrival\n","OutputType":"frame"}
{"Time":"2026-10-08T09:48:39.419513583Z","Action":"output","Package":"go.temporal.io/server/tools/gomad3/runner/internal/execution","Test":"TestSimulationTimeArbiterRejectsInvalidForwardedModelCurrentWithoutMutation/unknown_arrival","Output":"--- PASS: TestSimulationTimeArbiterRejectsInvalidForwardedModelCurrentWithoutMutation/unknown_arrival (0.00s)\n","OutputType":"frame"}
{"Time":"2026-10-08T09:48:39.419518792Z","Action":"pass","Package":"go.temporal.io/server/tools/gomad3/runner/internal/execution","Test":"TestSimulationTimeArbiterRejectsInvalidForwardedModelCurrentWithoutMutation/unknown_arrival","Elapsed":0}
{"Time":"2026-10-08T09:48:39.419520458Z","Action":"output","Package":"go.temporal.io/server/tools/gomad3/runner/internal/execution","Test":"TestSimulationTimeArbiterRejectsInvalidForwardedModelCurrentWithoutMutation","Output":"--- PASS: TestSimulationTimeArbiterRejectsInvalidForwardedModelCurrentWithoutMutation (0.00s)\n","OutputType":"frame"}
{"Time":"2026-10-08T09:48:39.419521792Z","Action":"pass","Package":"go.temporal.io/server/tools/gomad3/runner/internal/execution","Test":"TestSimulationTimeArbiterRejectsInvalidForwardedModelCurrentWithoutMutation","Elapsed":0}
{"Time":"2026-10-08T09:48:39.419523583Z","Action":"run","Package":"go.temporal.io/server/tools/gomad3/runner/internal/execution","Test":"TestSimulationTimeGeneratedVectors"}
{"Time":"2026-10-08T09:48:39.41953075Z","Action":"output","Package":"go.temporal.io/server/tools/gomad3/runner/internal/execution","Test":"TestSimulationTimeGeneratedVectors","Output":"=== RUN   TestSimulationTimeGeneratedVectors\n","OutputType":"frame"}
{"Time":"2026-10-08T09:48:39.419533583Z","Action":"run","Package":"go.temporal.io/server/tools/gomad3/runner/internal/execution","Test":"TestSimulationTimeGeneratedVectors/request/truncated"}
{"Time":"2026-10-08T09:48:39.419535375Z","Action":"output","Package":"go.temporal.io/server/tools/gomad3/runner/internal/execution","Test":"TestSimulationTimeGeneratedVectors/request/truncated","Output":"=== RUN   TestSimulationTimeGeneratedVectors/request/truncated\n","OutputType":"frame"}
{"Time":"2026-10-08T09:48:39.419537542Z","Action":"output","Package":"go.temporal.io/server/tools/gomad3/runner/internal/execution","Test":"TestSimulationTimeGeneratedVectors/request/truncated","Output":"--- PASS: TestSimulationTimeGeneratedVectors/request/truncated (0.00s)\n","OutputType":"frame"}
{"Time":"2026-10-08T09:48:39.41954125Z","Action":"pass","Package":"go.temporal.io/server/tools/gomad3/runner/internal/execution","Test":"TestSimulationTimeGeneratedVectors/request/truncated","Elapsed":0}
{"Time":"2026-10-08T09:48:39.41954275Z","Action":"run","Package":"go.temporal.io/server/tools/gomad3/runner/internal/execution","Test":"TestSimulationTimeGeneratedVectors/request/magic"}
{"Time":"2026-10-08T09:48:39.419544Z","Action":"output","Package":"go.temporal.io/server/tools/gomad3/runner/internal/execution","Test":"TestSimulationTimeGeneratedVectors/request/magic","Output":"=== RUN   TestSimulationTimeGeneratedVectors/request/magic\n","OutputType":"frame"}
{"Time":"2026-10-08T09:48:39.419545958Z","Action":"output","Package":"go.temporal.io/server/tools/gomad3/runner/internal/execution","Test":"TestSimulationTimeGeneratedVectors/request/magic","Output":"--- PASS: TestSimulationTimeGeneratedVectors/request/magic (0.00s)\n","OutputType":"frame"}
{"Time":"2026-10-08T09:48:39.419549667Z","Action":"pass","Package":"go.temporal.io/server/tools/gomad3/runner/internal/execution","Test":"TestSimulationTimeGeneratedVectors/request/magic","Elapsed":0}
{"Time":"2026-10-08T09:48:39.419551083Z","Action":"run","Package":"go.temporal.io/server/tools/gomad3/runner/internal/execution","Test":"TestSimulationTimeGeneratedVectors/request/reserved"}
{"Time":"2026-10-08T09:48:39.41955575Z","Action":"output","Package":"go.temporal.io/server/tools/gomad3/runner/internal/execution","Test":"TestSimulationTimeGeneratedVectors/request/reserved","Output":"=== RUN   TestSimulationTimeGeneratedVectors/request/reserved\n","OutputType":"frame"}
{"Time":"2026-10-08T09:48:39.419562292Z","Action":"output","Package":"go.temporal.io/server/tools/gomad3/runner/internal/execution","Test":"TestSimulationTimeGeneratedVectors/request/reserved","Output":"--- PASS: TestSimulationTimeGeneratedVectors/request/reserved (0.00s)\n","OutputType":"frame"}
{"Time":"2026-10-08T09:48:39.419563708Z","Action":"pass","Package":"go.temporal.io/server/tools/gomad3/runner/internal/execution","Test":"TestSimulationTimeGeneratedVectors/request/reserved","Elapsed":0}
{"Time":"2026-10-08T09:48:39.419564917Z","Action":"run","Package":"go.temporal.io/server/tools/gomad3/runner/internal/execution","Test":"TestSimulationTimeGeneratedVectors/request/generation"}
{"Time":"2026-10-08T09:48:39.419566375Z","Action":"output","Package":"go.temporal.io/server/tools/gomad3/runner/internal/execution","Test":"TestSimulationTimeGeneratedVectors/request/generation","Output":"=== RUN   TestSimulationTimeGeneratedVectors/request/generation\n","OutputType":"frame"}
{"Time":"2026-10-08T09:48:39.419570542Z","Action":"output","Package":"go.temporal.io/server/tools/gomad3/runner/internal/execution","Test":"TestSimulationTimeGeneratedVectors/request/generation","Output":"--- PASS: TestSimulationTimeGeneratedVectors/request/generation (0.00s)\n","OutputType":"frame"}
{"Time":"2026-10-08T09:48:39.419571833Z","Action":"pass","Package":"go.temporal.io/server/tools/gomad3/runner/internal/execution","Test":"TestSimulationTimeGeneratedVectors/request/generation","Elapsed":0}
{"Time":"2026-10-08T09:48:39.4195735Z","Action":"run","Package":"go.temporal.io/server/tools/gomad3/runner/internal/execution","Test":"TestSimulationTimeGeneratedVectors/request/time_regression"}
{"Time":"2026-10-08T09:48:39.419574625Z","Action":"output","Package":"go.temporal.io/server/tools/gomad3/runner/internal/execution","Test":"TestSimulationTimeGeneratedVectors/request/time_regression","Output":"=== RUN   TestSimulationTimeGeneratedVectors/request/time_regression\n","OutputType":"frame"}
{"Time":"2026-10-08T09:48:39.419579083Z","Action":"output","Package":"go.temporal.io/server/tools/gomad3/runner/internal/execution","Test":"TestSimulationTimeGeneratedVectors/request/time_regression","Output":"--- PASS: TestSimulationTimeGeneratedVectors/request/time_regression (0.00s)\n","OutputType":"frame"}
{"Time":"2026-10-08T09:48:39.419580458Z","Action":"pass","Package":"go.temporal.io/server/tools/gomad3/runner/internal/execution","Test":"TestSimulationTimeGeneratedVectors/request/time_regression","Elapsed":0}
{"Time":"2026-10-08T09:48:39.419581542Z","Action":"run","Package":"go.temporal.io/server/tools/gomad3/runner/internal/execution","Test":"TestSimulationTimeGeneratedVectors/response/truncated"}
{"Time":"2026-10-08T09:48:39.419582625Z","Action":"output","Package":"go.temporal.io/server/tools/gomad3/runner/internal/execution","Test":"TestSimulationTimeGeneratedVectors/response/truncated","Output":"=== RUN   TestSimulationTimeGeneratedVectors/response/truncated\n","OutputType":"frame"}
{"Time":"2026-10-08T09:48:39.41958425Z","Action":"output","Package":"go.temporal.io/server/tools/gomad3/runner/internal/execution","Test":"TestSimulationTimeGeneratedVectors/response/truncated","Output":"--- PASS: TestSimulationTimeGeneratedVectors/response/truncated (0.00s)\n","OutputType":"frame"}
{"Time":"2026-10-08T09:48:39.41958775Z","Action":"pass","Package":"go.temporal.io/server/tools/gomad3/runner/internal/execution","Test":"TestSimulationTimeGeneratedVectors/response/truncated","Elapsed":0}
{"Time":"2026-10-08T09:48:39.419588875Z","Action":"run","Package":"go.temporal.io/server/tools/gomad3/runner/internal/execution","Test":"TestSimulationTimeGeneratedVectors/response/magic"}
{"Time":"2026-10-08T09:48:39.419599875Z","Action":"output","Package":"go.temporal.io/server/tools/gomad3/runner/internal/execution","Test":"TestSimulationTimeGeneratedVectors/response/magic","Output":"=== RUN   TestSimulationTimeGeneratedVectors/response/magic\n","OutputType":"frame"}
{"Time":"2026-10-08T09:48:39.41960175Z","Action":"output","Package":"go.temporal.io/server/tools/gomad3/runner/internal/execution","Test":"TestSimulationTimeGeneratedVectors/response/magic","Output":"--- PASS: TestSimulationTimeGeneratedVectors/response/magic (0.00s)\n","OutputType":"frame"}
{"Time":"2026-10-08T09:48:39.419603125Z","Action":"pass","Package":"go.temporal.io/server/tools/gomad3/runner/internal/execution","Test":"TestSimulationTimeGeneratedVectors/response/magic","Elapsed":0}
{"Time":"2026-10-08T09:48:39.419604375Z","Action":"run","Package":"go.temporal.io/server/tools/gomad3/runner/internal/execution","Test":"TestSimulationTimeGeneratedVectors/response/kind"}
{"Time":"2026-10-08T09:48:39.419608208Z","Action":"output","Package":"go.temporal.io/server/tools/gomad3/runner/internal/execution","Test":"TestSimulationTimeGeneratedVectors/response/kind","Output":"=== RUN   TestSimulationTimeGeneratedVectors/response/kind\n","OutputType":"frame"}
{"Time":"2026-10-08T09:48:39.419610458Z","Action":"output","Package":"go.temporal.io/server/tools/gomad3/runner/internal/execution","Test":"TestSimulationTimeGeneratedVectors/response/kind","Output":"--- PASS: TestSimulationTimeGeneratedVectors/response/kind (0.00s)\n","OutputType":"frame"}
{"Time":"2026-10-08T09:48:39.419611792Z","Action":"pass","Package":"go.temporal.io/server/tools/gomad3/runner/internal/execution","Test":"TestSimulationTimeGeneratedVectors/response/kind","Elapsed":0}
{"Time":"2026-10-08T09:48:39.419622042Z","Action":"run","Package":"go.temporal.io/server/tools/gomad3/runner/internal/execution","Test":"TestSimulationTimeGeneratedVectors/response/reserved"}
{"Time":"2026-10-08T09:48:39.419624125Z","Action":"output","Package":"go.temporal.io/server/tools/gomad3/runner/internal/execution","Test":"TestSimulationTimeGeneratedVectors/response/reserved","Output":"=== RUN   TestSimulationTimeGeneratedVectors/response/reserved\n","OutputType":"frame"}
{"Time":"2026-10-08T09:48:39.419626Z","Action":"output","Package":"go.temporal.io/server/tools/gomad3/runner/internal/execution","Test":"TestSimulationTimeGeneratedVectors/response/reserved","Output":"--- PASS: TestSimulationTimeGeneratedVectors/response/reserved (0.00s)\n","OutputType":"frame"}
{"Time":"2026-10-08T09:48:39.419627458Z","Action":"pass","Package":"go.temporal.io/server/tools/gomad3/runner/internal/execution","Test":"TestSimulationTimeGeneratedVectors/response/reserved","Elapsed":0}
{"Time":"2026-10-08T09:48:39.41962875Z","Action":"run","Package":"go.temporal.io/server/tools/gomad3/runner/internal/execution","Test":"TestSimulationTimeGeneratedVectors/response/generation"}
{"Time":"2026-10-08T09:48:39.419630625Z","Action":"output","Package":"go.temporal.io/server/tools/gomad3/runner/internal/execution","Test":"TestSimulationTimeGeneratedVectors/response/generation","Output":"=== RUN   TestSimulationTimeGeneratedVectors/response/generation\n","OutputType":"frame"}
{"Time":"2026-10-08T09:48:39.419634708Z","Action":"output","Package":"go.temporal.io/server/tools/gomad3/runner/internal/execution","Test":"TestSimulationTimeGeneratedVectors/response/generation","Output":"--- PASS: TestSimulationTimeGeneratedVectors/response/generation (0.00s)\n","OutputType":"frame"}
{"Time":"2026-10-08T09:48:39.4196365Z","Action":"pass","Package":"go.temporal.io/server/tools/gomad3/runner/internal/execution","Test":"TestSimulationTimeGeneratedVectors/response/generation","Elapsed":0}
{"Time":"2026-10-08T09:48:39.419637667Z","Action":"run","Package":"go.temporal.io/server/tools/gomad3/runner/internal/execution","Test":"TestSimulationTimeGeneratedVectors/response/time_regression"}
{"Time":"2026-10-08T09:48:39.419638792Z","Action":"output","Package":"go.temporal.io/server/tools/gomad3/runner/internal/execution","Test":"TestSimulationTimeGeneratedVectors/response/time_regression","Output":"=== RUN   TestSimulationTimeGeneratedVectors/response/time_regression\n","OutputType":"frame"}
{"Time":"2026-10-08T09:48:39.419640417Z","Action":"output","Package":"go.temporal.io/server/tools/gomad3/runner/internal/execution","Test":"TestSimulationTimeGeneratedVectors/response/time_regression","Output":"--- PASS: TestSimulationTimeGeneratedVectors/response/time_regression (0.00s)\n","OutputType":"frame"}
{"Time":"2026-10-08T09:48:39.419646333Z","Action":"pass","Package":"go.temporal.io/server/tools/gomad3/runner/internal/execution","Test":"TestSimulationTimeGeneratedVectors/response/time_regression","Elapsed":0}
{"Time":"2026-10-08T09:48:39.419649083Z","Action":"output","Package":"go.temporal.io/server/tools/gomad3/runner/internal/execution","Test":"TestSimulationTimeGeneratedVectors","Output":"--- PASS: TestSimulationTimeGeneratedVectors (0.00s)\n","OutputType":"frame"}
{"Time":"2026-10-08T09:48:39.419650667Z","Action":"pass","Package":"go.temporal.io/server/tools/gomad3/runner/internal/execution","Test":"TestSimulationTimeGeneratedVectors","Elapsed":0}
{"Time":"2026-10-08T09:48:39.41965225Z","Action":"run","Package":"go.temporal.io/server/tools/gomad3/runner/internal/execution","Test":"TestSimulationCoordinatorLimitsForwardEpochsToForwardClockExecutions"}
{"Time":"2026-10-08T09:48:39.419653458Z","Action":"output","Package":"go.temporal.io/server/tools/gomad3/runner/internal/execution","Test":"TestSimulationCoordinatorLimitsForwardEpochsToForwardClockExecutions","Output":"=== RUN   TestSimulationCoordinatorLimitsForwardEpochsToForwardClockExecutions\n","OutputType":"frame"}
{"Time":"2026-10-08T09:48:39.419654917Z","Action":"run","Package":"go.temporal.io/server/tools/gomad3/runner/internal/execution","Test":"TestSimulationCoordinatorLimitsForwardEpochsToForwardClockExecutions/strict"}
{"Time":"2026-10-08T09:48:39.419656042Z","Action":"output","Package":"go.temporal.io/server/tools/gomad3/runner/internal/execution","Test":"TestSimulationCoordinatorLimitsForwardEpochsToForwardClockExecutions/strict","Output":"=== RUN   TestSimulationCoordinatorLimitsForwardEpochsToForwardClockExecutions/strict\n","OutputType":"frame"}
{"Time":"2026-10-08T09:48:39.419657917Z","Action":"output","Package":"go.temporal.io/server/tools/gomad3/runner/internal/execution","Test":"TestSimulationCoordinatorLimitsForwardEpochsToForwardClockExecutions/strict","Output":"--- PASS: TestSimulationCoordinatorLimitsForwardEpochsToForwardClockExecutions/strict (0.00s)\n","OutputType":"frame"}
{"Time":"2026-10-08T09:48:39.4196595Z","Action":"pass","Package":"go.temporal.io/server/tools/gomad3/runner/internal/execution","Test":"TestSimulationCoordinatorLimitsForwardEpochsToForwardClockExecutions/strict","Elapsed":0}
{"Time":"2026-10-08T09:48:39.419660792Z","Action":"run","Package":"go.temporal.io/server/tools/gomad3/runner/internal/execution","Test":"TestSimulationCoordinatorLimitsForwardEpochsToForwardClockExecutions/forward"}
{"Time":"2026-10-08T09:48:39.419662Z","Action":"output","Package":"go.temporal.io/server/tools/gomad3/runner/internal/execution","Test":"TestSimulationCoordinatorLimitsForwardEpochsToForwardClockExecutions/forward","Output":"=== RUN   TestSimulationCoordinatorLimitsForwardEpochsToForwardClockExecutions/forward\n","OutputType":"frame"}
{"Time":"2026-10-08T09:48:39.41966375Z","Action":"output","Package":"go.temporal.io/server/tools/gomad3/runner/internal/execution","Test":"TestSimulationCoordinatorLimitsForwardEpochsToForwardClockExecutions/forward","Output":"--- PASS: TestSimulationCoordinatorLimitsForwardEpochsToForwardClockExecutions/forward (0.00s)\n","OutputType":"frame"}
{"Time":"2026-10-08T09:48:39.419668417Z","Action":"pass","Package":"go.temporal.io/server/tools/gomad3/runner/internal/execution","Test":"TestSimulationCoordinatorLimitsForwardEpochsToForwardClockExecutions/forward","Elapsed":0}
{"Time":"2026-10-08T09:48:39.41967Z","Action":"output","Package":"go.temporal.io/server/tools/gomad3/runner/internal/execution","Test":"TestSimulationCoordinatorLimitsForwardEpochsToForwardClockExecutions","Output":"--- PASS: TestSimulationCoordinatorLimitsForwardEpochsToForwardClockExecutions (0.00s)\n","OutputType":"frame"}
{"Time":"2026-10-08T09:48:39.419671333Z","Action":"pass","Package":"go.temporal.io/server/tools/gomad3/runner/internal/execution","Test":"TestSimulationCoordinatorLimitsForwardEpochsToForwardClockExecutions","Elapsed":0}
{"Time":"2026-10-08T09:48:39.419672458Z","Action":"output","Package":"go.temporal.io/server/tools/gomad3/runner/internal/execution","Output":"PASS\n","OutputType":"frame"}
{"Time":"2026-10-08T09:48:39.419696042Z","Action":"output","Package":"go.temporal.io/server/tools/gomad3/runner/internal/execution","Output":"ok  \tgo.temporal.io/server/tools/gomad3/runner/internal/execution\t0.004s\n"}
{"Time":"2026-10-08T09:48:39.419703375Z","Action":"pass","Package":"go.temporal.io/server/tools/gomad3/runner/internal/execution","Elapsed":0.004}
{"Time":"2026-10-08T09:48:39.614286375Z","Action":"start","Package":"go.temporal.io/server/tools/gomad3/runner"}
{"Time":"2026-10-08T09:48:39.616463958Z","Action":"run","Package":"go.temporal.io/server/tools/gomad3/runner","Test":"TestValidateConfigRecordsOnlyTheForwardClockTick"}
{"Time":"2026-10-08T09:48:39.616518958Z","Action":"output","Package":"go.temporal.io/server/tools/gomad3/runner","Test":"TestValidateConfigRecordsOnlyTheForwardClockTick","Output":"=== RUN   TestValidateConfigRecordsOnlyTheForwardClockTick\n","OutputType":"frame"}
{"Time":"2026-10-08T09:48:39.617308167Z","Action":"output","Package":"go.temporal.io/server/tools/gomad3/runner","Test":"TestValidateConfigRecordsOnlyTheForwardClockTick","Output":"--- PASS: TestValidateConfigRecordsOnlyTheForwardClockTick (0.00s)\n","OutputType":"frame"}
{"Time":"2026-10-08T09:48:39.61732275Z","Action":"pass","Package":"go.temporal.io/server/tools/gomad3/runner","Test":"TestValidateConfigRecordsOnlyTheForwardClockTick","Elapsed":0}
{"Time":"2026-10-08T09:48:39.617467792Z","Action":"output","Package":"go.temporal.io/server/tools/gomad3/runner","Output":"PASS\n","OutputType":"frame"}
{"Time":"2026-10-08T09:48:39.617625667Z","Action":"output","Package":"go.temporal.io/server/tools/gomad3/runner","Output":"ok  \tgo.temporal.io/server/tools/gomad3/runner\t0.003s\n"}
{"Time":"2026-10-08T09:48:39.617639583Z","Action":"pass","Package":"go.temporal.io/server/tools/gomad3/runner","Elapsed":0.003}
{"Time":"2026-10-08T09:48:39.618026458Z","Action":"start","Package":"go.temporal.io/server/tools/gomad3/record"}
{"Time":"2026-10-08T09:48:39.619248667Z","Action":"output","Package":"go.temporal.io/server/tools/gomad3/record","Output":"testing: warning: no tests to run\n"}
{"Time":"2026-10-08T09:48:39.619273042Z","Action":"output","Package":"go.temporal.io/server/tools/gomad3/record","Output":"PASS\n","OutputType":"frame"}
{"Time":"2026-10-08T09:48:39.619289708Z","Action":"output","Package":"go.temporal.io/server/tools/gomad3/record","Output":"ok  \tgo.temporal.io/server/tools/gomad3/record\t0.001s [no tests to run]\n"}
{"Time":"2026-10-08T09:48:39.619299Z","Action":"pass","Package":"go.temporal.io/server/tools/gomad3/record","Elapsed":0.001}
{"Time":"2026-10-08T09:48:39.639491833Z","Action":"start","Package":"go.temporal.io/server/tools/gomad3/qualification"}
{"Time":"2026-10-08T09:48:39.641776667Z","Action":"output","Package":"go.temporal.io/server/tools/gomad3/qualification","Output":"testing: warning: no tests to run\n"}
{"Time":"2026-10-08T09:48:39.641815958Z","Action":"output","Package":"go.temporal.io/server/tools/gomad3/qualification","Output":"PASS\n","OutputType":"frame"}
{"Time":"2026-10-08T09:48:39.641834875Z","Action":"output","Package":"go.temporal.io/server/tools/gomad3/qualification","Output":"ok  \tgo.temporal.io/server/tools/gomad3/qualification\t0.002s [no tests to run]\n"}
{"Time":"2026-10-08T09:48:39.6418425Z","Action":"pass","Package":"go.temporal.io/server/tools/gomad3/qualification","Elapsed":0.002}
{"Time":"2026-10-08T09:48:39.754440708Z","Action":"start","Package":"go.temporal.io/server/tools/gomad3/internal/gomadtool/conformance"}
{"Time":"2026-10-08T09:48:39.755631958Z","Action":"start","Package":"go.temporal.io/server/tools/gomad3"}
{"Time":"2026-10-08T09:48:39.75684075Z","Action":"output","Package":"go.temporal.io/server/tools/gomad3/internal/gomadtool/conformance","Output":"testing: warning: no tests to run\n"}
{"Time":"2026-10-08T09:48:39.756882292Z","Action":"output","Package":"go.temporal.io/server/tools/gomad3/internal/gomadtool/conformance","Output":"PASS\n","OutputType":"frame"}
{"Time":"2026-10-08T09:48:39.7569525Z","Action":"output","Package":"go.temporal.io/server/tools/gomad3/internal/gomadtool/conformance","Output":"ok  \tgo.temporal.io/server/tools/gomad3/internal/gomadtool/conformance\t0.002s [no tests to run]\n"}
{"Time":"2026-10-08T09:48:39.756966708Z","Action":"pass","Package":"go.temporal.io/server/tools/gomad3/internal/gomadtool/conformance","Elapsed":0.003}
{"Time":"2026-10-08T09:48:39.757136042Z","Action":"run","Package":"go.temporal.io/server/tools/gomad3","Test":"TestPackageArchitecture"}
{"Time":"2026-10-08T09:48:39.757163875Z","Action":"output","Package":"go.temporal.io/server/tools/gomad3","Test":"TestPackageArchitecture","Output":"=== RUN   TestPackageArchitecture\n","OutputType":"frame"}
{"Time":"2026-10-08T09:48:40.974570167Z","Action":"output","Package":"go.temporal.io/server/tools/gomad3","Test":"TestPackageArchitecture","Output":"--- PASS: TestPackageArchitecture (1.22s)\n","OutputType":"frame"}
{"Time":"2026-10-08T09:48:40.974672542Z","Action":"pass","Package":"go.temporal.io/server/tools/gomad3","Test":"TestPackageArchitecture","Elapsed":1.22}
{"Time":"2026-10-08T09:48:40.974681876Z","Action":"output","Package":"go.temporal.io/server/tools/gomad3","Output":"PASS\n","OutputType":"frame"}
{"Time":"2026-10-08T09:48:40.974825542Z","Action":"output","Package":"go.temporal.io/server/tools/gomad3","Output":"ok  \tgo.temporal.io/server/tools/gomad3\t1.219s\n"}
{"Time":"2026-10-08T09:48:40.974853334Z","Action":"pass","Package":"go.temporal.io/server/tools/gomad3","Elapsed":1.219}
