=== RUN   TestDeepCopyArrayReferences
--- PASS: TestDeepCopyArrayReferences (0.00s)
=== RUN   TestDeepCopyContainerAndScalarValues
--- PASS: TestDeepCopyContainerAndScalarValues (0.00s)
=== RUN   TestDeepCopyRejectsUnsupportedKinds
=== RUN   TestDeepCopyRejectsUnsupportedKinds/interface/nonnil
=== RUN   TestDeepCopyRejectsUnsupportedKinds/interface/nil
=== RUN   TestDeepCopyRejectsUnsupportedKinds/func/nonnil
=== RUN   TestDeepCopyRejectsUnsupportedKinds/func/nil
=== RUN   TestDeepCopyRejectsUnsupportedKinds/chan/nonnil
=== RUN   TestDeepCopyRejectsUnsupportedKinds/chan/nil
=== RUN   TestDeepCopyRejectsUnsupportedKinds/unsafe.Pointer/nonnil
=== RUN   TestDeepCopyRejectsUnsupportedKinds/unsafe.Pointer/nil
--- PASS: TestDeepCopyRejectsUnsupportedKinds (0.00s)
    --- PASS: TestDeepCopyRejectsUnsupportedKinds/interface/nonnil (0.00s)
    --- PASS: TestDeepCopyRejectsUnsupportedKinds/interface/nil (0.00s)
    --- PASS: TestDeepCopyRejectsUnsupportedKinds/func/nonnil (0.00s)
    --- PASS: TestDeepCopyRejectsUnsupportedKinds/func/nil (0.00s)
    --- PASS: TestDeepCopyRejectsUnsupportedKinds/chan/nonnil (0.00s)
    --- PASS: TestDeepCopyRejectsUnsupportedKinds/chan/nil (0.00s)
    --- PASS: TestDeepCopyRejectsUnsupportedKinds/unsafe.Pointer/nonnil (0.00s)
    --- PASS: TestDeepCopyRejectsUnsupportedKinds/unsafe.Pointer/nil (0.00s)
PASS
ok  	go.temporal.io/server/tools/gomad3/artifact	0.014s
