=== RUN   TestArchitecturePublicSignatureFixtures
=== RUN   TestArchitecturePublicSignatureFixtures/nested-container
=== RUN   TestArchitecturePublicSignatureFixtures/alias
=== RUN   TestArchitecturePublicSignatureFixtures/defined-rhs
=== RUN   TestArchitecturePublicSignatureFixtures/interface-result
=== RUN   TestArchitecturePublicSignatureFixtures/generic-constraint
=== RUN   TestArchitecturePublicSignatureFixtures/foreign-generic-argument
=== RUN   TestArchitecturePublicSignatureFixtures/promoted-method
=== RUN   TestArchitecturePublicSignatureFixtures/private-storage
=== RUN   TestArchitecturePublicSignatureFixtures/private-defined-graph
=== RUN   TestArchitecturePublicSignatureFixtures/recursive-public-graph
--- PASS: TestArchitecturePublicSignatureFixtures (0.36s)
    --- PASS: TestArchitecturePublicSignatureFixtures/nested-container (0.11s)
    --- PASS: TestArchitecturePublicSignatureFixtures/alias (0.05s)
    --- PASS: TestArchitecturePublicSignatureFixtures/defined-rhs (0.03s)
    --- PASS: TestArchitecturePublicSignatureFixtures/interface-result (0.02s)
    --- PASS: TestArchitecturePublicSignatureFixtures/generic-constraint (0.02s)
    --- PASS: TestArchitecturePublicSignatureFixtures/foreign-generic-argument (0.03s)
    --- PASS: TestArchitecturePublicSignatureFixtures/promoted-method (0.02s)
    --- PASS: TestArchitecturePublicSignatureFixtures/private-storage (0.03s)
    --- PASS: TestArchitecturePublicSignatureFixtures/private-defined-graph (0.03s)
    --- PASS: TestArchitecturePublicSignatureFixtures/recursive-public-graph (0.02s)
=== RUN   TestPackageArchitecture
--- PASS: TestPackageArchitecture (2.87s)
=== RUN   TestPublicPackagesDoNotExportTypeAliases
--- PASS: TestPublicPackagesDoNotExportTypeAliases (6.45s)
=== RUN   TestRunnerRequestsCompileInExternalModule
--- PASS: TestRunnerRequestsCompileInExternalModule (0.21s)
=== RUN   TestRunnerExternalConsumerCompiles
--- PASS: TestRunnerExternalConsumerCompiles (0.08s)
PASS
ok  	go.temporal.io/server/tools/gomad3	9.988s
