=== RUN   TestArchitecturePublicSignatureFixtures
=== RUN   TestArchitecturePublicSignatureFixtures/nested-container
=== RUN   TestArchitecturePublicSignatureFixtures/alias
=== RUN   TestArchitecturePublicSignatureFixtures/defined-rhs
=== RUN   TestArchitecturePublicSignatureFixtures/interface-result
=== RUN   TestArchitecturePublicSignatureFixtures/generic-constraint
=== RUN   TestArchitecturePublicSignatureFixtures/foreign-generic-argument
=== RUN   TestArchitecturePublicSignatureFixtures/promoted-method
=== RUN   TestArchitecturePublicSignatureFixtures/private-storage
=== RUN   TestArchitecturePublicSignatureFixtures/private-defined-graph
=== RUN   TestArchitecturePublicSignatureFixtures/recursive-public-graph
--- PASS: TestArchitecturePublicSignatureFixtures (0.42s)
    --- PASS: TestArchitecturePublicSignatureFixtures/nested-container (0.04s)
    --- PASS: TestArchitecturePublicSignatureFixtures/alias (0.03s)
    --- PASS: TestArchitecturePublicSignatureFixtures/defined-rhs (0.04s)
    --- PASS: TestArchitecturePublicSignatureFixtures/interface-result (0.02s)
    --- PASS: TestArchitecturePublicSignatureFixtures/generic-constraint (0.06s)
    --- PASS: TestArchitecturePublicSignatureFixtures/foreign-generic-argument (0.08s)
    --- PASS: TestArchitecturePublicSignatureFixtures/promoted-method (0.04s)
    --- PASS: TestArchitecturePublicSignatureFixtures/private-storage (0.03s)
    --- PASS: TestArchitecturePublicSignatureFixtures/private-defined-graph (0.05s)
    --- PASS: TestArchitecturePublicSignatureFixtures/recursive-public-graph (0.04s)
=== RUN   TestPackageArchitecture
--- PASS: TestPackageArchitecture (5.93s)
=== RUN   TestPublicPackagesDoNotExportTypeAliases
--- PASS: TestPublicPackagesDoNotExportTypeAliases (8.01s)
=== RUN   TestRunnerRequestsCompileInExternalModule
--- PASS: TestRunnerRequestsCompileInExternalModule (0.28s)
=== RUN   TestRunnerExternalConsumerCompiles
--- PASS: TestRunnerExternalConsumerCompiles (0.17s)
PASS
ok  	go.temporal.io/server/tools/gomad3	14.821s
