Lint module tools/gomad3: 55 host packages
make[1]: Entering directory '/Users/stephan/Workspace/skunkworks/.gomad-scripted-and-spin-corrections.gFiXmTVr/fixtures'
[1;36mLinting code...[0m
level=info msg="golangci-lint has version 2.13.0 built with go1.27.1 from (unknown, modified: ?, mod sum: \"h1:n/YR8sCuTAfjwKLHOU0q63X2e4tObi1PCNOz+HXJ3cE=\") on (unknown)"
level=info msg="[config_reader] Used config file ../../.github/.golangci.yml"
level=info msg="[config_reader] Module name \"go.temporal.io/server/tools/gomad3\""
level=info msg="[goenv] Read go env for 2.799791ms: map[string]string{\"GOCACHE\":\"/Users/stephan/Workspace/skunkworks/.gomad-fn10963-admission.Ho6KcW4t/go-cache\", \"GOROOT\":\"/home/agent/go/pkg/mod/golang.org/toolchain@v0.0.1-go1.27.1.linux-arm64\"}"
level=info msg="[lintersdb] Active 13 linters: [depguard errcheck exhaustive forbidigo gci godox goimports govet importas iotamixing revive staticcheck testifylint]"
level=info msg="[loader] Using build tags: [test_dep]"
level=info msg="[loader] Go packages loading at mode 8767 (compiled_files|exports_file|imports|name|types_sizes|deps|files) took 3.806927085s"
level=info msg="[runner/filename_unadjuster] Pre-built 0 adjustments in 126.049709ms"
level=info msg="[linters_context/goanalysis] analyzers took 1m53.400979028s with top 10 stages: revive: 32.659537932s, goimports: 15.745755465s, gci: 6.217718921s, buildir: 5.586645333s, isgenerated: 2.004805209s, forbidigo: 1.99265271s, S1038: 1.664896044s, nilness: 1.604402088s, exhaustive: 1.438776219s, printf: 1.22340434s"
level=info msg="[runner/exclusion_paths] Skipped 0 issues by pattern \"^proto\""
level=info msg="[runner/exclusion_paths] Skipped 0 issues by pattern \"^.git\""
level=info msg="[runner/exclusion_paths] Skipped 0 issues by pattern \"^api\""
level=info msg="[runner/exclusion_rules] Skipped 0 issues by rules: [Text: \"time.Now\", Path: \"chasm/lib/.*_test\\\\.go$\", Linters: \"forbidigo\"]"
level=info msg="[runner/exclusion_rules] Skipped 0 issues by rules: [Text: \"ActiveInCluster\", Path: \"common/namespace/(namespace|replication_resolver)(_test)?\\\\.go$\", Linters: \"forbidigo\"]"
level=info msg="[runner/exclusion_rules] Skipped 1422 issues by rules: [Path: \"^tools\\\\/.+\\\\.go\", Linters: \"revive\"]"
level=info msg="[runner/exclusion_rules] Skipped 3 issues by rules: [Text: \"time.Sleep\", Path Except: \"_test\\\\.go|tests/.+\\\\.go\", Linters: \"forbidigo\"]"
level=info msg="[runner/exclusion_rules] Skipped 7 issues by rules: [Text: \"panic\", Path: \"_test\\\\.go|tests/.+\\\\.go|common/testing/\", Linters: \"forbidigo\"]"
level=info msg="[runner/exclusion_rules] Skipped 0 issues by rules: [Text: \"context.Background\", Path Except: \"tests/.+_test\\\\.go\", Linters: \"forbidigo\"]"
level=info msg="[runner/exclusion_rules] Skipped 10 issues by rules: [Text: \"(dot-imports|unchecked-type-assertion)\", Path: \"_test\\\\.go|tests/.+\\\\.go|common/testing/\", Linters: \"revive\"]"
level=info msg="[runner/exclusion_rules] Skipped 1 issues by rules: [Text: \"Unix|UnixMilli|UnixNano\", Path Except: \"common/persistence/cassandra/.*\\\\.go$\", Linters: \"forbidigo\"]"
level=info msg="[runner/exclusion_rules] Skipped 0 issues by rules: [Text: \"Unix|UnixMilli|UnixNano\", Path: \"_test\\\\.go$\", Linters: \"forbidigo\"]"
level=info msg="[runner/exclusion_rules] Skipped 0 issues by rules: [Text: \"FunctionalTestBase\", Path: \"tests/testcore/.*\\\\.go$\", Linters: \"forbidigo\"]"
level=info msg="[runner/exclusion_rules] Skipped 0 issues by rules: [Text: \"Eventually\", Path: \"tests/(nexus_standalone|nexus_workflow|schedule|schedule_migration)_test\\\\.go$\", Linters: \"forbidigo\"]"
level=info msg="[runner/exclusion_rules] Skipped 0 issues by rules: [Text: \"assert\\\\.CollectT\", Path: \"tests/(nexus_standalone|nexus_workflow)_test\\\\.go$\", Linters: \"forbidigo\"]"
level=info msg="[runner/exclusion_rules] Skipped 0 issues by rules: [Text: \"use of `softassert\\\\.\\\\w+`\", Linters: \"forbidigo\"]"
level=info msg="[runner/exclusion_rules] Skipped 0 issues by rules: [Text: \"SA1019: go.temporal.io/server/service/history/hsm/(callbacks|nexusoperations) is deprecated\", Linters: \"staticcheck\"]"
level=info msg="[runner/exclusion_rules] Skipped 2 issues by rules: [Text: \"^use of `panic` forbidden because \\\"Please avoid using panic in application code\\\"$\", Source: \"^\\\\t\\\\tpanic\\\\(\\\"gomad3: completed (an inactive campaign attempt|a campaign attempt without a classification)\\\"\\\\)$\", Path: \"^tools/gomad3/runner/internal/campaign/controller\\\\.go$\", Linters: \"forbidigo\"]"
level=info msg="[runner/exclusion_rules] Skipped 75 issues by rules: [Text: \"time.Now\", Path Except: \"chasm/lib/.*\\\\.go$\", Linters: \"forbidigo\"]"
level=info msg="[runner/exclusion_rules] Skipped 0 issues by rules: [Text: \"panic\", Path: \"chasm/lib/activity/model/.*\\\\.go$\", Linters: \"forbidigo\"]"
level=info msg="[runner/exclusion_rules] Skipped 262 issues by rules: [Text: \"(cyclomatic|cognitive)\", Path: \"_test\\\\.go|tests/.+\\\\.go|common/testing/\", Linters: \"revive\"]"
level=info msg="[runner] Issues before processing: 1835, after processing: 0"
level=info msg="[runner] Processors filtering stat (in/out): filename_unadjuster: 1835/1835, path_absoluter: 1835/1835, cgo: 1835/1835, invalid_issue: 1835/1835, path_relativity: 1835/1835, generated_file_filter: 1835/1835, nolint_filter: 53/52, diff: 52/0, exclusion_paths: 1835/1835, exclusion_rules: 1835/53"
level=info msg="[runner] processing took 117.113834ms with stages: diff: 65.056917ms, generated_file_filter: 27.699375ms, nolint_filter: 14.921ms, exclusion_rules: 7.410626ms, path_relativity: 1.545874ms, exclusion_paths: 270.417µs, cgo: 119.626µs, invalid_issue: 54.999µs, path_absoluter: 22.834µs, filename_unadjuster: 8.166µs, sort_results: 1.291µs, max_same_issues: 1µs, fixer: 666ns, path_shortener: 250ns, path_prettifier: 208ns, max_per_file_from_linter: 126ns, source_code: 125ns, uniq_by_line: 125ns, max_from_linter: 125ns, severity-rules: 84ns"
level=info msg="[runner] linters took 5.239744211s with stages: goanalysis_metalinter: 5.122545878s"
0 issues.
level=info msg="File cache stats: 1 entries of total size 5.6KiB"
level=info msg="Memory: 93 samples, avg is 353.7MB, max is 892.8MB"
level=info msg="Execution took 9.186474462s"
make[1]: Leaving directory '/Users/stephan/Workspace/skunkworks/.gomad-scripted-and-spin-corrections.gFiXmTVr/fixtures'
