{"Time":"2026-10-10T01:27:57.301917239Z","Action":"start","Package":"go.temporal.io/server/tools/gomad3/runner"}
{"Time":"2026-10-10T01:27:57.302211864Z","Action":"start","Package":"go.temporal.io/server/tools/gomad3/deterministicio"}
{"Time":"2026-10-10T01:27:57.30447953Z","Action":"run","Package":"go.temporal.io/server/tools/gomad3/deterministicio","Test":"TestPortableProfilePublicGuardsRemainFirst"}
{"Time":"2026-10-10T01:27:57.304706614Z","Action":"output","Package":"go.temporal.io/server/tools/gomad3/deterministicio","Test":"TestPortableProfilePublicGuardsRemainFirst","Output":"=== RUN   TestPortableProfilePublicGuardsRemainFirst\n","OutputType":"frame"}
{"Time":"2026-10-10T01:27:57.304794405Z","Action":"run","Package":"go.temporal.io/server/tools/gomad3/deterministicio","Test":"TestPortableProfilePublicGuardsRemainFirst/adapters"}
{"Time":"2026-10-10T01:27:57.30483378Z","Action":"output","Package":"go.temporal.io/server/tools/gomad3/deterministicio","Test":"TestPortableProfilePublicGuardsRemainFirst/adapters","Output":"=== RUN   TestPortableProfilePublicGuardsRemainFirst/adapters\n","OutputType":"frame"}
{"Time":"2026-10-10T01:27:57.304876447Z","Action":"output","Package":"go.temporal.io/server/tools/gomad3/deterministicio","Test":"TestPortableProfilePublicGuardsRemainFirst/adapters","Output":"--- PASS: TestPortableProfilePublicGuardsRemainFirst/adapters (0.00s)\n","OutputType":"frame"}
{"Time":"2026-10-10T01:27:57.304927739Z","Action":"pass","Package":"go.temporal.io/server/tools/gomad3/deterministicio","Test":"TestPortableProfilePublicGuardsRemainFirst/adapters","Elapsed":0}
{"Time":"2026-10-10T01:27:57.30497403Z","Action":"run","Package":"go.temporal.io/server/tools/gomad3/deterministicio","Test":"TestPortableProfilePublicGuardsRemainFirst/requirements"}
{"Time":"2026-10-10T01:27:57.305018655Z","Action":"output","Package":"go.temporal.io/server/tools/gomad3/deterministicio","Test":"TestPortableProfilePublicGuardsRemainFirst/requirements","Output":"=== RUN   TestPortableProfilePublicGuardsRemainFirst/requirements\n","OutputType":"frame"}
{"Time":"2026-10-10T01:27:57.30485178Z","Action":"run","Package":"go.temporal.io/server/tools/gomad3/runner","Test":"TestInjectionCharacterizationIsolatedExploreRejectsEverySubstitution"}
{"Time":"2026-10-10T01:27:57.305129155Z","Action":"output","Package":"go.temporal.io/server/tools/gomad3/runner","Test":"TestInjectionCharacterizationIsolatedExploreRejectsEverySubstitution","Output":"=== RUN   TestInjectionCharacterizationIsolatedExploreRejectsEverySubstitution\n","OutputType":"frame"}
{"Time":"2026-10-10T01:27:57.305169072Z","Action":"run","Package":"go.temporal.io/server/tools/gomad3/runner","Test":"TestInjectionCharacterizationIsolatedExploreRejectsEverySubstitution/preparer"}
{"Time":"2026-10-10T01:27:57.305276614Z","Action":"output","Package":"go.temporal.io/server/tools/gomad3/runner","Test":"TestInjectionCharacterizationIsolatedExploreRejectsEverySubstitution/preparer","Output":"=== RUN   TestInjectionCharacterizationIsolatedExploreRejectsEverySubstitution/preparer\n","OutputType":"frame"}
{"Time":"2026-10-10T01:27:57.30533978Z","Action":"output","Package":"go.temporal.io/server/tools/gomad3/runner","Test":"TestInjectionCharacterizationIsolatedExploreRejectsEverySubstitution/preparer","Output":"--- PASS: TestInjectionCharacterizationIsolatedExploreRejectsEverySubstitution/preparer (0.00s)\n","OutputType":"frame"}
{"Time":"2026-10-10T01:27:57.30538678Z","Action":"pass","Package":"go.temporal.io/server/tools/gomad3/runner","Test":"TestInjectionCharacterizationIsolatedExploreRejectsEverySubstitution/preparer","Elapsed":0}
{"Time":"2026-10-10T01:27:57.305424155Z","Action":"run","Package":"go.temporal.io/server/tools/gomad3/runner","Test":"TestInjectionCharacterizationIsolatedExploreRejectsEverySubstitution/replayer"}
{"Time":"2026-10-10T01:27:57.305459489Z","Action":"output","Package":"go.temporal.io/server/tools/gomad3/runner","Test":"TestInjectionCharacterizationIsolatedExploreRejectsEverySubstitution/replayer","Output":"=== RUN   TestInjectionCharacterizationIsolatedExploreRejectsEverySubstitution/replayer\n","OutputType":"frame"}
{"Time":"2026-10-10T01:27:57.305520864Z","Action":"output","Package":"go.temporal.io/server/tools/gomad3/runner","Test":"TestInjectionCharacterizationIsolatedExploreRejectsEverySubstitution/replayer","Output":"--- PASS: TestInjectionCharacterizationIsolatedExploreRejectsEverySubstitution/replayer (0.00s)\n","OutputType":"frame"}
{"Time":"2026-10-10T01:27:57.305547989Z","Action":"pass","Package":"go.temporal.io/server/tools/gomad3/runner","Test":"TestInjectionCharacterizationIsolatedExploreRejectsEverySubstitution/replayer","Elapsed":0}
{"Time":"2026-10-10T01:27:57.305572155Z","Action":"run","Package":"go.temporal.io/server/tools/gomad3/runner","Test":"TestInjectionCharacterizationIsolatedExploreRejectsEverySubstitution/executor"}
{"Time":"2026-10-10T01:27:57.305598864Z","Action":"output","Package":"go.temporal.io/server/tools/gomad3/runner","Test":"TestInjectionCharacterizationIsolatedExploreRejectsEverySubstitution/executor","Output":"=== RUN   TestInjectionCharacterizationIsolatedExploreRejectsEverySubstitution/executor\n","OutputType":"frame"}
{"Time":"2026-10-10T01:27:57.305041447Z","Action":"output","Package":"go.temporal.io/server/tools/gomad3/deterministicio","Test":"TestPortableProfilePublicGuardsRemainFirst/requirements","Output":"--- PASS: TestPortableProfilePublicGuardsRemainFirst/requirements (0.00s)\n","OutputType":"frame"}
{"Time":"2026-10-10T01:27:57.305653239Z","Action":"pass","Package":"go.temporal.io/server/tools/gomad3/deterministicio","Test":"TestPortableProfilePublicGuardsRemainFirst/requirements","Elapsed":0}
{"Time":"2026-10-10T01:27:57.305676155Z","Action":"run","Package":"go.temporal.io/server/tools/gomad3/deterministicio","Test":"TestPortableProfilePublicGuardsRemainFirst/bootstrap"}
{"Time":"2026-10-10T01:27:57.305688447Z","Action":"output","Package":"go.temporal.io/server/tools/gomad3/deterministicio","Test":"TestPortableProfilePublicGuardsRemainFirst/bootstrap","Output":"=== RUN   TestPortableProfilePublicGuardsRemainFirst/bootstrap\n","OutputType":"frame"}
{"Time":"2026-10-10T01:27:57.305707489Z","Action":"output","Package":"go.temporal.io/server/tools/gomad3/deterministicio","Test":"TestPortableProfilePublicGuardsRemainFirst/bootstrap","Output":"--- PASS: TestPortableProfilePublicGuardsRemainFirst/bootstrap (0.00s)\n","OutputType":"frame"}
{"Time":"2026-10-10T01:27:57.30573003Z","Action":"pass","Package":"go.temporal.io/server/tools/gomad3/deterministicio","Test":"TestPortableProfilePublicGuardsRemainFirst/bootstrap","Elapsed":0}
{"Time":"2026-10-10T01:27:57.305799405Z","Action":"run","Package":"go.temporal.io/server/tools/gomad3/deterministicio","Test":"TestPortableProfilePublicGuardsRemainFirst/prepared"}
{"Time":"2026-10-10T01:27:57.305826864Z","Action":"output","Package":"go.temporal.io/server/tools/gomad3/deterministicio","Test":"TestPortableProfilePublicGuardsRemainFirst/prepared","Output":"=== RUN   TestPortableProfilePublicGuardsRemainFirst/prepared\n","OutputType":"frame"}
{"Time":"2026-10-10T01:27:57.305841572Z","Action":"output","Package":"go.temporal.io/server/tools/gomad3/deterministicio","Test":"TestPortableProfilePublicGuardsRemainFirst/prepared","Output":"--- PASS: TestPortableProfilePublicGuardsRemainFirst/prepared (0.00s)\n","OutputType":"frame"}
{"Time":"2026-10-10T01:27:57.305852572Z","Action":"pass","Package":"go.temporal.io/server/tools/gomad3/deterministicio","Test":"TestPortableProfilePublicGuardsRemainFirst/prepared","Elapsed":0}
{"Time":"2026-10-10T01:27:57.305865822Z","Action":"output","Package":"go.temporal.io/server/tools/gomad3/deterministicio","Test":"TestPortableProfilePublicGuardsRemainFirst","Output":"--- PASS: TestPortableProfilePublicGuardsRemainFirst (0.00s)\n","OutputType":"frame"}
{"Time":"2026-10-10T01:27:57.305878822Z","Action":"pass","Package":"go.temporal.io/server/tools/gomad3/deterministicio","Test":"TestPortableProfilePublicGuardsRemainFirst","Elapsed":0}
{"Time":"2026-10-10T01:27:57.305894197Z","Action":"output","Package":"go.temporal.io/server/tools/gomad3/deterministicio","Output":"PASS\n","OutputType":"frame"}
{"Time":"2026-10-10T01:27:57.305938489Z","Action":"output","Package":"go.temporal.io/server/tools/gomad3/deterministicio","Output":"ok  \tgo.temporal.io/server/tools/gomad3/deterministicio\t0.004s\n"}
{"Time":"2026-10-10T01:27:57.305961697Z","Action":"pass","Package":"go.temporal.io/server/tools/gomad3/deterministicio","Elapsed":0.004}
{"Time":"2026-10-10T01:27:57.30561803Z","Action":"output","Package":"go.temporal.io/server/tools/gomad3/runner","Test":"TestInjectionCharacterizationIsolatedExploreRejectsEverySubstitution/executor","Output":"--- PASS: TestInjectionCharacterizationIsolatedExploreRejectsEverySubstitution/executor (0.00s)\n","OutputType":"frame"}
{"Time":"2026-10-10T01:27:57.306036739Z","Action":"pass","Package":"go.temporal.io/server/tools/gomad3/runner","Test":"TestInjectionCharacterizationIsolatedExploreRejectsEverySubstitution/executor","Elapsed":0}
{"Time":"2026-10-10T01:27:57.306059239Z","Action":"output","Package":"go.temporal.io/server/tools/gomad3/runner","Test":"TestInjectionCharacterizationIsolatedExploreRejectsEverySubstitution","Output":"--- PASS: TestInjectionCharacterizationIsolatedExploreRejectsEverySubstitution (0.00s)\n","OutputType":"frame"}
{"Time":"2026-10-10T01:27:57.306076822Z","Action":"pass","Package":"go.temporal.io/server/tools/gomad3/runner","Test":"TestInjectionCharacterizationIsolatedExploreRejectsEverySubstitution","Elapsed":0}
{"Time":"2026-10-10T01:27:57.306097155Z","Action":"run","Package":"go.temporal.io/server/tools/gomad3/runner","Test":"TestInjectionCharacterizationIsolatedPreparationDependencies"}
{"Time":"2026-10-10T01:27:57.306114072Z","Action":"output","Package":"go.temporal.io/server/tools/gomad3/runner","Test":"TestInjectionCharacterizationIsolatedPreparationDependencies","Output":"=== RUN   TestInjectionCharacterizationIsolatedPreparationDependencies\n","OutputType":"frame"}
{"Time":"2026-10-10T01:27:57.306134739Z","Action":"run","Package":"go.temporal.io/server/tools/gomad3/runner","Test":"TestInjectionCharacterizationIsolatedPreparationDependencies/prepare_only"}
{"Time":"2026-10-10T01:27:57.30615578Z","Action":"output","Package":"go.temporal.io/server/tools/gomad3/runner","Test":"TestInjectionCharacterizationIsolatedPreparationDependencies/prepare_only","Output":"=== RUN   TestInjectionCharacterizationIsolatedPreparationDependencies/prepare_only\n","OutputType":"frame"}
{"Time":"2026-10-10T01:27:57.306174114Z","Action":"output","Package":"go.temporal.io/server/tools/gomad3/runner","Test":"TestInjectionCharacterizationIsolatedPreparationDependencies/prepare_only","Output":"--- PASS: TestInjectionCharacterizationIsolatedPreparationDependencies/prepare_only (0.00s)\n","OutputType":"frame"}
{"Time":"2026-10-10T01:27:57.30621878Z","Action":"pass","Package":"go.temporal.io/server/tools/gomad3/runner","Test":"TestInjectionCharacterizationIsolatedPreparationDependencies/prepare_only","Elapsed":0}
{"Time":"2026-10-10T01:27:57.306252947Z","Action":"run","Package":"go.temporal.io/server/tools/gomad3/runner","Test":"TestInjectionCharacterizationIsolatedPreparationDependencies/bootstrap_only"}
{"Time":"2026-10-10T01:27:57.306267989Z","Action":"output","Package":"go.temporal.io/server/tools/gomad3/runner","Test":"TestInjectionCharacterizationIsolatedPreparationDependencies/bootstrap_only","Output":"=== RUN   TestInjectionCharacterizationIsolatedPreparationDependencies/bootstrap_only\n","OutputType":"frame"}
{"Time":"2026-10-10T01:27:57.306284572Z","Action":"output","Package":"go.temporal.io/server/tools/gomad3/runner","Test":"TestInjectionCharacterizationIsolatedPreparationDependencies/bootstrap_only","Output":"--- PASS: TestInjectionCharacterizationIsolatedPreparationDependencies/bootstrap_only (0.00s)\n","OutputType":"frame"}
{"Time":"2026-10-10T01:27:57.306307114Z","Action":"pass","Package":"go.temporal.io/server/tools/gomad3/runner","Test":"TestInjectionCharacterizationIsolatedPreparationDependencies/bootstrap_only","Elapsed":0}
{"Time":"2026-10-10T01:27:57.306328614Z","Action":"run","Package":"go.temporal.io/server/tools/gomad3/runner","Test":"TestInjectionCharacterizationIsolatedPreparationDependencies/combined"}
{"Time":"2026-10-10T01:27:57.306350614Z","Action":"output","Package":"go.temporal.io/server/tools/gomad3/runner","Test":"TestInjectionCharacterizationIsolatedPreparationDependencies/combined","Output":"=== RUN   TestInjectionCharacterizationIsolatedPreparationDependencies/combined\n","OutputType":"frame"}
{"Time":"2026-10-10T01:27:57.306366364Z","Action":"output","Package":"go.temporal.io/server/tools/gomad3/runner","Test":"TestInjectionCharacterizationIsolatedPreparationDependencies/combined","Output":"--- PASS: TestInjectionCharacterizationIsolatedPreparationDependencies/combined (0.00s)\n","OutputType":"frame"}
{"Time":"2026-10-10T01:27:57.306397905Z","Action":"pass","Package":"go.temporal.io/server/tools/gomad3/runner","Test":"TestInjectionCharacterizationIsolatedPreparationDependencies/combined","Elapsed":0}
{"Time":"2026-10-10T01:27:57.306417822Z","Action":"run","Package":"go.temporal.io/server/tools/gomad3/runner","Test":"TestInjectionCharacterizationIsolatedPreparationDependencies/injection_before_seed_validation"}
{"Time":"2026-10-10T01:27:57.306437905Z","Action":"output","Package":"go.temporal.io/server/tools/gomad3/runner","Test":"TestInjectionCharacterizationIsolatedPreparationDependencies/injection_before_seed_validation","Output":"=== RUN   TestInjectionCharacterizationIsolatedPreparationDependencies/injection_before_seed_validation\n","OutputType":"frame"}
{"Time":"2026-10-10T01:27:57.306458655Z","Action":"output","Package":"go.temporal.io/server/tools/gomad3/runner","Test":"TestInjectionCharacterizationIsolatedPreparationDependencies/injection_before_seed_validation","Output":"--- PASS: TestInjectionCharacterizationIsolatedPreparationDependencies/injection_before_seed_validation (0.00s)\n","OutputType":"frame"}
{"Time":"2026-10-10T01:27:57.30649628Z","Action":"pass","Package":"go.temporal.io/server/tools/gomad3/runner","Test":"TestInjectionCharacterizationIsolatedPreparationDependencies/injection_before_seed_validation","Elapsed":0}
{"Time":"2026-10-10T01:27:57.306512572Z","Action":"run","Package":"go.temporal.io/server/tools/gomad3/runner","Test":"TestInjectionCharacterizationIsolatedPreparationDependencies/resume_preflight_before_injection"}
{"Time":"2026-10-10T01:27:57.306527072Z","Action":"output","Package":"go.temporal.io/server/tools/gomad3/runner","Test":"TestInjectionCharacterizationIsolatedPreparationDependencies/resume_preflight_before_injection","Output":"=== RUN   TestInjectionCharacterizationIsolatedPreparationDependencies/resume_preflight_before_injection\n","OutputType":"frame"}
{"Time":"2026-10-10T01:27:57.306548489Z","Action":"output","Package":"go.temporal.io/server/tools/gomad3/runner","Test":"TestInjectionCharacterizationIsolatedPreparationDependencies/resume_preflight_before_injection","Output":"--- PASS: TestInjectionCharacterizationIsolatedPreparationDependencies/resume_preflight_before_injection (0.00s)\n","OutputType":"frame"}
{"Time":"2026-10-10T01:27:57.306563405Z","Action":"pass","Package":"go.temporal.io/server/tools/gomad3/runner","Test":"TestInjectionCharacterizationIsolatedPreparationDependencies/resume_preflight_before_injection","Elapsed":0}
{"Time":"2026-10-10T01:27:57.306582447Z","Action":"output","Package":"go.temporal.io/server/tools/gomad3/runner","Test":"TestInjectionCharacterizationIsolatedPreparationDependencies","Output":"--- PASS: TestInjectionCharacterizationIsolatedPreparationDependencies (0.00s)\n","OutputType":"frame"}
{"Time":"2026-10-10T01:27:57.30660103Z","Action":"pass","Package":"go.temporal.io/server/tools/gomad3/runner","Test":"TestInjectionCharacterizationIsolatedPreparationDependencies","Elapsed":0}
{"Time":"2026-10-10T01:27:57.306615155Z","Action":"run","Package":"go.temporal.io/server/tools/gomad3/runner","Test":"TestPreparationDependenciesForwardRealFixtureInputs"}
{"Time":"2026-10-10T01:27:57.306628697Z","Action":"output","Package":"go.temporal.io/server/tools/gomad3/runner","Test":"TestPreparationDependenciesForwardRealFixtureInputs","Output":"=== RUN   TestPreparationDependenciesForwardRealFixtureInputs\n","OutputType":"frame"}
{"Time":"2026-10-10T01:27:57.415313614Z","Action":"output","Package":"go.temporal.io/server/tools/gomad3/runner","Test":"TestPreparationDependenciesForwardRealFixtureInputs","Output":"--- PASS: TestPreparationDependenciesForwardRealFixtureInputs (0.11s)\n","OutputType":"frame"}
{"Time":"2026-10-10T01:27:57.41538228Z","Action":"pass","Package":"go.temporal.io/server/tools/gomad3/runner","Test":"TestPreparationDependenciesForwardRealFixtureInputs","Elapsed":0.11}
{"Time":"2026-10-10T01:27:57.41540328Z","Action":"run","Package":"go.temporal.io/server/tools/gomad3/runner","Test":"TestPreparationDependenciesOperationErrorsRemainUnchanged"}
{"Time":"2026-10-10T01:27:57.415422697Z","Action":"output","Package":"go.temporal.io/server/tools/gomad3/runner","Test":"TestPreparationDependenciesOperationErrorsRemainUnchanged","Output":"=== RUN   TestPreparationDependenciesOperationErrorsRemainUnchanged\n","OutputType":"frame"}
{"Time":"2026-10-10T01:27:57.415442822Z","Action":"output","Package":"go.temporal.io/server/tools/gomad3/runner","Test":"TestPreparationDependenciesOperationErrorsRemainUnchanged","Output":"--- PASS: TestPreparationDependenciesOperationErrorsRemainUnchanged (0.00s)\n","OutputType":"frame"}
{"Time":"2026-10-10T01:27:57.415466155Z","Action":"pass","Package":"go.temporal.io/server/tools/gomad3/runner","Test":"TestPreparationDependenciesOperationErrorsRemainUnchanged","Elapsed":0}
{"Time":"2026-10-10T01:27:57.415503155Z","Action":"run","Package":"go.temporal.io/server/tools/gomad3/runner","Test":"TestPreparationDependenciesFailuresStopAtOriginalStages"}
{"Time":"2026-10-10T01:27:57.415525739Z","Action":"output","Package":"go.temporal.io/server/tools/gomad3/runner","Test":"TestPreparationDependenciesFailuresStopAtOriginalStages","Output":"=== RUN   TestPreparationDependenciesFailuresStopAtOriginalStages\n","OutputType":"frame"}
{"Time":"2026-10-10T01:27:57.415572405Z","Action":"run","Package":"go.temporal.io/server/tools/gomad3/runner","Test":"TestPreparationDependenciesFailuresStopAtOriginalStages/prepare"}
{"Time":"2026-10-10T01:27:57.41560328Z","Action":"output","Package":"go.temporal.io/server/tools/gomad3/runner","Test":"TestPreparationDependenciesFailuresStopAtOriginalStages/prepare","Output":"=== RUN   TestPreparationDependenciesFailuresStopAtOriginalStages/prepare\n","OutputType":"frame"}
{"Time":"2026-10-10T01:27:57.420321197Z","Action":"output","Package":"go.temporal.io/server/tools/gomad3/runner","Test":"TestPreparationDependenciesFailuresStopAtOriginalStages/prepare","Output":"--- PASS: TestPreparationDependenciesFailuresStopAtOriginalStages/prepare (0.00s)\n","OutputType":"frame"}
{"Time":"2026-10-10T01:27:57.420368655Z","Action":"pass","Package":"go.temporal.io/server/tools/gomad3/runner","Test":"TestPreparationDependenciesFailuresStopAtOriginalStages/prepare","Elapsed":0}
{"Time":"2026-10-10T01:27:57.420390905Z","Action":"run","Package":"go.temporal.io/server/tools/gomad3/runner","Test":"TestPreparationDependenciesFailuresStopAtOriginalStages/bootstrap"}
{"Time":"2026-10-10T01:27:57.42041053Z","Action":"output","Package":"go.temporal.io/server/tools/gomad3/runner","Test":"TestPreparationDependenciesFailuresStopAtOriginalStages/bootstrap","Output":"=== RUN   TestPreparationDependenciesFailuresStopAtOriginalStages/bootstrap\n","OutputType":"frame"}
{"Time":"2026-10-10T01:27:57.44605678Z","Action":"output","Package":"go.temporal.io/server/tools/gomad3/runner","Test":"TestPreparationDependenciesFailuresStopAtOriginalStages/bootstrap","Output":"--- PASS: TestPreparationDependenciesFailuresStopAtOriginalStages/bootstrap (0.03s)\n","OutputType":"frame"}
{"Time":"2026-10-10T01:27:57.446131697Z","Action":"pass","Package":"go.temporal.io/server/tools/gomad3/runner","Test":"TestPreparationDependenciesFailuresStopAtOriginalStages/bootstrap","Elapsed":0.03}
{"Time":"2026-10-10T01:27:57.446152405Z","Action":"output","Package":"go.temporal.io/server/tools/gomad3/runner","Test":"TestPreparationDependenciesFailuresStopAtOriginalStages","Output":"--- PASS: TestPreparationDependenciesFailuresStopAtOriginalStages (0.03s)\n","OutputType":"frame"}
{"Time":"2026-10-10T01:27:57.44617928Z","Action":"pass","Package":"go.temporal.io/server/tools/gomad3/runner","Test":"TestPreparationDependenciesFailuresStopAtOriginalStages","Elapsed":0.03}
{"Time":"2026-10-10T01:27:57.446205697Z","Action":"run","Package":"go.temporal.io/server/tools/gomad3/runner","Test":"TestPreparationDependenciesKeepRealDefaultsAndBootstrapGuard"}
{"Time":"2026-10-10T01:27:57.446220364Z","Action":"output","Package":"go.temporal.io/server/tools/gomad3/runner","Test":"TestPreparationDependenciesKeepRealDefaultsAndBootstrapGuard","Output":"=== RUN   TestPreparationDependenciesKeepRealDefaultsAndBootstrapGuard\n","OutputType":"frame"}
{"Time":"2026-10-10T01:27:57.446244697Z","Action":"run","Package":"go.temporal.io/server/tools/gomad3/runner","Test":"TestPreparationDependenciesKeepRealDefaultsAndBootstrapGuard/public"}
{"Time":"2026-10-10T01:27:57.446262864Z","Action":"output","Package":"go.temporal.io/server/tools/gomad3/runner","Test":"TestPreparationDependenciesKeepRealDefaultsAndBootstrapGuard/public","Output":"=== RUN   TestPreparationDependenciesKeepRealDefaultsAndBootstrapGuard/public\n","OutputType":"frame"}
{"Time":"2026-10-10T01:27:57.450273697Z","Action":"output","Package":"go.temporal.io/server/tools/gomad3/runner","Test":"TestPreparationDependenciesKeepRealDefaultsAndBootstrapGuard/public","Output":"--- PASS: TestPreparationDependenciesKeepRealDefaultsAndBootstrapGuard/public (0.00s)\n","OutputType":"frame"}
{"Time":"2026-10-10T01:27:57.450326822Z","Action":"pass","Package":"go.temporal.io/server/tools/gomad3/runner","Test":"TestPreparationDependenciesKeepRealDefaultsAndBootstrapGuard/public","Elapsed":0}
{"Time":"2026-10-10T01:27:57.450347864Z","Action":"run","Package":"go.temporal.io/server/tools/gomad3/runner","Test":"TestPreparationDependenciesKeepRealDefaultsAndBootstrapGuard/executor_only"}
{"Time":"2026-10-10T01:27:57.450381655Z","Action":"output","Package":"go.temporal.io/server/tools/gomad3/runner","Test":"TestPreparationDependenciesKeepRealDefaultsAndBootstrapGuard/executor_only","Output":"=== RUN   TestPreparationDependenciesKeepRealDefaultsAndBootstrapGuard/executor_only\n","OutputType":"frame"}
{"Time":"2026-10-10T01:27:57.453133114Z","Action":"output","Package":"go.temporal.io/server/tools/gomad3/runner","Test":"TestPreparationDependenciesKeepRealDefaultsAndBootstrapGuard/executor_only","Output":"--- PASS: TestPreparationDependenciesKeepRealDefaultsAndBootstrapGuard/executor_only (0.00s)\n","OutputType":"frame"}
{"Time":"2026-10-10T01:27:57.45317703Z","Action":"pass","Package":"go.temporal.io/server/tools/gomad3/runner","Test":"TestPreparationDependenciesKeepRealDefaultsAndBootstrapGuard/executor_only","Elapsed":0}
{"Time":"2026-10-10T01:27:57.453195114Z","Action":"run","Package":"go.temporal.io/server/tools/gomad3/runner","Test":"TestPreparationDependenciesKeepRealDefaultsAndBootstrapGuard/prepare_only"}
{"Time":"2026-10-10T01:27:57.453239239Z","Action":"output","Package":"go.temporal.io/server/tools/gomad3/runner","Test":"TestPreparationDependenciesKeepRealDefaultsAndBootstrapGuard/prepare_only","Output":"=== RUN   TestPreparationDependenciesKeepRealDefaultsAndBootstrapGuard/prepare_only\n","OutputType":"frame"}
{"Time":"2026-10-10T01:27:57.47514803Z","Action":"output","Package":"go.temporal.io/server/tools/gomad3/runner","Test":"TestPreparationDependenciesKeepRealDefaultsAndBootstrapGuard/prepare_only","Output":"--- PASS: TestPreparationDependenciesKeepRealDefaultsAndBootstrapGuard/prepare_only (0.02s)\n","OutputType":"frame"}
{"Time":"2026-10-10T01:27:57.47519978Z","Action":"pass","Package":"go.temporal.io/server/tools/gomad3/runner","Test":"TestPreparationDependenciesKeepRealDefaultsAndBootstrapGuard/prepare_only","Elapsed":0.02}
{"Time":"2026-10-10T01:27:57.475223697Z","Action":"output","Package":"go.temporal.io/server/tools/gomad3/runner","Test":"TestPreparationDependenciesKeepRealDefaultsAndBootstrapGuard","Output":"--- PASS: TestPreparationDependenciesKeepRealDefaultsAndBootstrapGuard (0.03s)\n","OutputType":"frame"}
{"Time":"2026-10-10T01:27:57.475247322Z","Action":"pass","Package":"go.temporal.io/server/tools/gomad3/runner","Test":"TestPreparationDependenciesKeepRealDefaultsAndBootstrapGuard","Elapsed":0.03}
{"Time":"2026-10-10T01:27:57.475261072Z","Action":"run","Package":"go.temporal.io/server/tools/gomad3/runner","Test":"TestWaitForProgressStart"}
{"Time":"2026-10-10T01:27:57.475273489Z","Action":"output","Package":"go.temporal.io/server/tools/gomad3/runner","Test":"TestWaitForProgressStart","Output":"=== RUN   TestWaitForProgressStart\n","OutputType":"frame"}
{"Time":"2026-10-10T01:27:57.475289155Z","Action":"run","Package":"go.temporal.io/server/tools/gomad3/runner","Test":"TestWaitForProgressStart/started"}
{"Time":"2026-10-10T01:27:57.475313405Z","Action":"output","Package":"go.temporal.io/server/tools/gomad3/runner","Test":"TestWaitForProgressStart/started","Output":"=== RUN   TestWaitForProgressStart/started\n","OutputType":"frame"}
{"Time":"2026-10-10T01:27:57.475323989Z","Action":"output","Package":"go.temporal.io/server/tools/gomad3/runner","Test":"TestWaitForProgressStart/started","Output":"--- PASS: TestWaitForProgressStart/started (0.00s)\n","OutputType":"frame"}
{"Time":"2026-10-10T01:27:57.475346239Z","Action":"pass","Package":"go.temporal.io/server/tools/gomad3/runner","Test":"TestWaitForProgressStart/started","Elapsed":0}
{"Time":"2026-10-10T01:27:57.475358739Z","Action":"run","Package":"go.temporal.io/server/tools/gomad3/runner","Test":"TestWaitForProgressStart/nil_completion"}
{"Time":"2026-10-10T01:27:57.475373114Z","Action":"output","Package":"go.temporal.io/server/tools/gomad3/runner","Test":"TestWaitForProgressStart/nil_completion","Output":"=== RUN   TestWaitForProgressStart/nil_completion\n","OutputType":"frame"}
{"Time":"2026-10-10T01:27:57.475389905Z","Action":"output","Package":"go.temporal.io/server/tools/gomad3/runner","Test":"TestWaitForProgressStart/nil_completion","Output":"--- PASS: TestWaitForProgressStart/nil_completion (0.00s)\n","OutputType":"frame"}
{"Time":"2026-10-10T01:27:57.475400239Z","Action":"pass","Package":"go.temporal.io/server/tools/gomad3/runner","Test":"TestWaitForProgressStart/nil_completion","Elapsed":0}
{"Time":"2026-10-10T01:27:57.47540903Z","Action":"run","Package":"go.temporal.io/server/tools/gomad3/runner","Test":"TestWaitForProgressStart/deadline"}
{"Time":"2026-10-10T01:27:57.475416822Z","Action":"output","Package":"go.temporal.io/server/tools/gomad3/runner","Test":"TestWaitForProgressStart/deadline","Output":"=== RUN   TestWaitForProgressStart/deadline\n","OutputType":"frame"}
{"Time":"2026-10-10T01:27:57.475427405Z","Action":"output","Package":"go.temporal.io/server/tools/gomad3/runner","Test":"TestWaitForProgressStart/deadline","Output":"--- PASS: TestWaitForProgressStart/deadline (0.00s)\n","OutputType":"frame"}
{"Time":"2026-10-10T01:27:57.475435697Z","Action":"pass","Package":"go.temporal.io/server/tools/gomad3/runner","Test":"TestWaitForProgressStart/deadline","Elapsed":0}
{"Time":"2026-10-10T01:27:57.475445364Z","Action":"output","Package":"go.temporal.io/server/tools/gomad3/runner","Test":"TestWaitForProgressStart","Output":"--- PASS: TestWaitForProgressStart (0.00s)\n","OutputType":"frame"}
{"Time":"2026-10-10T01:27:57.475459197Z","Action":"pass","Package":"go.temporal.io/server/tools/gomad3/runner","Test":"TestWaitForProgressStart","Elapsed":0}
{"Time":"2026-10-10T01:27:57.475472364Z","Action":"run","Package":"go.temporal.io/server/tools/gomad3/runner","Test":"TestWaitForProgressStartObservesPreparationFailure"}
{"Time":"2026-10-10T01:27:57.47548328Z","Action":"output","Package":"go.temporal.io/server/tools/gomad3/runner","Test":"TestWaitForProgressStartObservesPreparationFailure","Output":"=== RUN   TestWaitForProgressStartObservesPreparationFailure\n","OutputType":"frame"}
{"Time":"2026-10-10T01:27:57.478303072Z","Action":"output","Package":"go.temporal.io/server/tools/gomad3/runner","Test":"TestWaitForProgressStartObservesPreparationFailure","Output":"--- PASS: TestWaitForProgressStartObservesPreparationFailure (0.00s)\n","OutputType":"frame"}
{"Time":"2026-10-10T01:27:57.47833753Z","Action":"pass","Package":"go.temporal.io/server/tools/gomad3/runner","Test":"TestWaitForProgressStartObservesPreparationFailure","Elapsed":0}
{"Time":"2026-10-10T01:27:57.47835953Z","Action":"run","Package":"go.temporal.io/server/tools/gomad3/runner","Test":"TestLocalCampaignPreparationShortCircuits"}
{"Time":"2026-10-10T01:27:57.478370405Z","Action":"output","Package":"go.temporal.io/server/tools/gomad3/runner","Test":"TestLocalCampaignPreparationShortCircuits","Output":"=== RUN   TestLocalCampaignPreparationShortCircuits\n","OutputType":"frame"}
{"Time":"2026-10-10T01:27:57.478382572Z","Action":"run","Package":"go.temporal.io/server/tools/gomad3/runner","Test":"TestLocalCampaignPreparationShortCircuits/progress_failure"}
{"Time":"2026-10-10T01:27:57.478391905Z","Action":"output","Package":"go.temporal.io/server/tools/gomad3/runner","Test":"TestLocalCampaignPreparationShortCircuits/progress_failure","Output":"=== RUN   TestLocalCampaignPreparationShortCircuits/progress_failure\n","OutputType":"frame"}
{"Time":"2026-10-10T01:27:57.479493155Z","Action":"output","Package":"go.temporal.io/server/tools/gomad3/runner","Test":"TestLocalCampaignPreparationShortCircuits/progress_failure","Output":"--- PASS: TestLocalCampaignPreparationShortCircuits/progress_failure (0.00s)\n","OutputType":"frame"}
{"Time":"2026-10-10T01:27:57.479524989Z","Action":"pass","Package":"go.temporal.io/server/tools/gomad3/runner","Test":"TestLocalCampaignPreparationShortCircuits/progress_failure","Elapsed":0}
{"Time":"2026-10-10T01:27:57.479544739Z","Action":"run","Package":"go.temporal.io/server/tools/gomad3/runner","Test":"TestLocalCampaignPreparationShortCircuits/parent_cancellation"}
{"Time":"2026-10-10T01:27:57.47955428Z","Action":"output","Package":"go.temporal.io/server/tools/gomad3/runner","Test":"TestLocalCampaignPreparationShortCircuits/parent_cancellation","Output":"=== RUN   TestLocalCampaignPreparationShortCircuits/parent_cancellation\n","OutputType":"frame"}
{"Time":"2026-10-10T01:27:57.481222239Z","Action":"output","Package":"go.temporal.io/server/tools/gomad3/runner","Test":"TestLocalCampaignPreparationShortCircuits/parent_cancellation","Output":"--- PASS: TestLocalCampaignPreparationShortCircuits/parent_cancellation (0.00s)\n","OutputType":"frame"}
{"Time":"2026-10-10T01:27:57.481250405Z","Action":"pass","Package":"go.temporal.io/server/tools/gomad3/runner","Test":"TestLocalCampaignPreparationShortCircuits/parent_cancellation","Elapsed":0}
{"Time":"2026-10-10T01:27:57.481269489Z","Action":"output","Package":"go.temporal.io/server/tools/gomad3/runner","Test":"TestLocalCampaignPreparationShortCircuits","Output":"--- PASS: TestLocalCampaignPreparationShortCircuits (0.00s)\n","OutputType":"frame"}
{"Time":"2026-10-10T01:27:57.48131228Z","Action":"pass","Package":"go.temporal.io/server/tools/gomad3/runner","Test":"TestLocalCampaignPreparationShortCircuits","Elapsed":0}
{"Time":"2026-10-10T01:27:57.481347197Z","Action":"run","Package":"go.temporal.io/server/tools/gomad3/runner","Test":"TestLocalCompletionErrorPrecedence"}
{"Time":"2026-10-10T01:27:57.481365322Z","Action":"output","Package":"go.temporal.io/server/tools/gomad3/runner","Test":"TestLocalCompletionErrorPrecedence","Output":"=== RUN   TestLocalCompletionErrorPrecedence\n","OutputType":"frame"}
{"Time":"2026-10-10T01:27:57.481387489Z","Action":"run","Package":"go.temporal.io/server/tools/gomad3/runner","Test":"TestLocalCompletionErrorPrecedence/cancellation_before_supervision_and_evidence"}
{"Time":"2026-10-10T01:27:57.481403447Z","Action":"output","Package":"go.temporal.io/server/tools/gomad3/runner","Test":"TestLocalCompletionErrorPrecedence/cancellation_before_supervision_and_evidence","Output":"=== RUN   TestLocalCompletionErrorPrecedence/cancellation_before_supervision_and_evidence\n","OutputType":"frame"}
{"Time":"2026-10-10T01:27:57.481424114Z","Action":"output","Package":"go.temporal.io/server/tools/gomad3/runner","Test":"TestLocalCompletionErrorPrecedence/cancellation_before_supervision_and_evidence","Output":"--- PASS: TestLocalCompletionErrorPrecedence/cancellation_before_supervision_and_evidence (0.00s)\n","OutputType":"frame"}
{"Time":"2026-10-10T01:27:57.481466155Z","Action":"pass","Package":"go.temporal.io/server/tools/gomad3/runner","Test":"TestLocalCompletionErrorPrecedence/cancellation_before_supervision_and_evidence","Elapsed":0}
{"Time":"2026-10-10T01:27:57.481488864Z","Action":"run","Package":"go.temporal.io/server/tools/gomad3/runner","Test":"TestLocalCompletionErrorPrecedence/supervision_before_integrity_and_evidence"}
{"Time":"2026-10-10T01:27:57.481508572Z","Action":"output","Package":"go.temporal.io/server/tools/gomad3/runner","Test":"TestLocalCompletionErrorPrecedence/supervision_before_integrity_and_evidence","Output":"=== RUN   TestLocalCompletionErrorPrecedence/supervision_before_integrity_and_evidence\n","OutputType":"frame"}
{"Time":"2026-10-10T01:27:57.481525405Z","Action":"output","Package":"go.temporal.io/server/tools/gomad3/runner","Test":"TestLocalCompletionErrorPrecedence/supervision_before_integrity_and_evidence","Output":"--- PASS: TestLocalCompletionErrorPrecedence/supervision_before_integrity_and_evidence (0.00s)\n","OutputType":"frame"}
{"Time":"2026-10-10T01:27:57.481540197Z","Action":"pass","Package":"go.temporal.io/server/tools/gomad3/runner","Test":"TestLocalCompletionErrorPrecedence/supervision_before_integrity_and_evidence","Elapsed":0}
{"Time":"2026-10-10T01:27:57.481553905Z","Action":"run","Package":"go.temporal.io/server/tools/gomad3/runner","Test":"TestLocalCompletionErrorPrecedence/integrity_before_World_evidence"}
{"Time":"2026-10-10T01:27:57.481566905Z","Action":"output","Package":"go.temporal.io/server/tools/gomad3/runner","Test":"TestLocalCompletionErrorPrecedence/integrity_before_World_evidence","Output":"=== RUN   TestLocalCompletionErrorPrecedence/integrity_before_World_evidence\n","OutputType":"frame"}
{"Time":"2026-10-10T01:27:57.481581614Z","Action":"output","Package":"go.temporal.io/server/tools/gomad3/runner","Test":"TestLocalCompletionErrorPrecedence/integrity_before_World_evidence","Output":"--- PASS: TestLocalCompletionErrorPrecedence/integrity_before_World_evidence (0.00s)\n","OutputType":"frame"}
{"Time":"2026-10-10T01:27:57.481594947Z","Action":"pass","Package":"go.temporal.io/server/tools/gomad3/runner","Test":"TestLocalCompletionErrorPrecedence/integrity_before_World_evidence","Elapsed":0}
{"Time":"2026-10-10T01:27:57.481614864Z","Action":"run","Package":"go.temporal.io/server/tools/gomad3/runner","Test":"TestLocalCompletionErrorPrecedence/World_evidence_before_watchdog_outcome"}
{"Time":"2026-10-10T01:27:57.481629197Z","Action":"output","Package":"go.temporal.io/server/tools/gomad3/runner","Test":"TestLocalCompletionErrorPrecedence/World_evidence_before_watchdog_outcome","Output":"=== RUN   TestLocalCompletionErrorPrecedence/World_evidence_before_watchdog_outcome\n","OutputType":"frame"}
{"Time":"2026-10-10T01:27:57.491168655Z","Action":"output","Package":"go.temporal.io/server/tools/gomad3/runner","Test":"TestLocalCompletionErrorPrecedence/World_evidence_before_watchdog_outcome","Output":"--- PASS: TestLocalCompletionErrorPrecedence/World_evidence_before_watchdog_outcome (0.01s)\n","OutputType":"frame"}
{"Time":"2026-10-10T01:27:57.49125928Z","Action":"pass","Package":"go.temporal.io/server/tools/gomad3/runner","Test":"TestLocalCompletionErrorPrecedence/World_evidence_before_watchdog_outcome","Elapsed":0.01}
{"Time":"2026-10-10T01:27:57.491281155Z","Action":"output","Package":"go.temporal.io/server/tools/gomad3/runner","Test":"TestLocalCompletionErrorPrecedence","Output":"--- PASS: TestLocalCompletionErrorPrecedence (0.01s)\n","OutputType":"frame"}
{"Time":"2026-10-10T01:27:57.491550905Z","Action":"pass","Package":"go.temporal.io/server/tools/gomad3/runner","Test":"TestLocalCompletionErrorPrecedence","Elapsed":0.01}
{"Time":"2026-10-10T01:27:57.491570572Z","Action":"run","Package":"go.temporal.io/server/tools/gomad3/runner","Test":"TestLocalFinalizationPreservesHostFailureBeforePublication"}
{"Time":"2026-10-10T01:27:57.491610155Z","Action":"output","Package":"go.temporal.io/server/tools/gomad3/runner","Test":"TestLocalFinalizationPreservesHostFailureBeforePublication","Output":"=== RUN   TestLocalFinalizationPreservesHostFailureBeforePublication\n","OutputType":"frame"}
{"Time":"2026-10-10T01:27:57.491633697Z","Action":"run","Package":"go.temporal.io/server/tools/gomad3/runner","Test":"TestLocalFinalizationPreservesHostFailureBeforePublication/prior_failure=false"}
{"Time":"2026-10-10T01:27:57.491646155Z","Action":"output","Package":"go.temporal.io/server/tools/gomad3/runner","Test":"TestLocalFinalizationPreservesHostFailureBeforePublication/prior_failure=false","Output":"=== RUN   TestLocalFinalizationPreservesHostFailureBeforePublication/prior_failure=false\n","OutputType":"frame"}
{"Time":"2026-10-10T01:27:57.491658364Z","Action":"output","Package":"go.temporal.io/server/tools/gomad3/runner","Test":"TestLocalFinalizationPreservesHostFailureBeforePublication/prior_failure=false","Output":"--- PASS: TestLocalFinalizationPreservesHostFailureBeforePublication/prior_failure=false (0.00s)\n","OutputType":"frame"}
{"Time":"2026-10-10T01:27:57.491668739Z","Action":"pass","Package":"go.temporal.io/server/tools/gomad3/runner","Test":"TestLocalFinalizationPreservesHostFailureBeforePublication/prior_failure=false","Elapsed":0}
{"Time":"2026-10-10T01:27:57.491678697Z","Action":"run","Package":"go.temporal.io/server/tools/gomad3/runner","Test":"TestLocalFinalizationPreservesHostFailureBeforePublication/prior_failure=true"}
{"Time":"2026-10-10T01:27:57.491880572Z","Action":"output","Package":"go.temporal.io/server/tools/gomad3/runner","Test":"TestLocalFinalizationPreservesHostFailureBeforePublication/prior_failure=true","Output":"=== RUN   TestLocalFinalizationPreservesHostFailureBeforePublication/prior_failure=true\n","OutputType":"frame"}
{"Time":"2026-10-10T01:27:57.49191728Z","Action":"output","Package":"go.temporal.io/server/tools/gomad3/runner","Test":"TestLocalFinalizationPreservesHostFailureBeforePublication/prior_failure=true","Output":"--- PASS: TestLocalFinalizationPreservesHostFailureBeforePublication/prior_failure=true (0.00s)\n","OutputType":"frame"}
{"Time":"2026-10-10T01:27:57.492296155Z","Action":"pass","Package":"go.temporal.io/server/tools/gomad3/runner","Test":"TestLocalFinalizationPreservesHostFailureBeforePublication/prior_failure=true","Elapsed":0}
{"Time":"2026-10-10T01:27:57.492316364Z","Action":"output","Package":"go.temporal.io/server/tools/gomad3/runner","Test":"TestLocalFinalizationPreservesHostFailureBeforePublication","Output":"--- PASS: TestLocalFinalizationPreservesHostFailureBeforePublication (0.00s)\n","OutputType":"frame"}
{"Time":"2026-10-10T01:27:57.492337114Z","Action":"pass","Package":"go.temporal.io/server/tools/gomad3/runner","Test":"TestLocalFinalizationPreservesHostFailureBeforePublication","Elapsed":0}
{"Time":"2026-10-10T01:27:57.492360114Z","Action":"run","Package":"go.temporal.io/server/tools/gomad3/runner","Test":"TestLocalFinalizationClassifiesPublicationFailure"}
{"Time":"2026-10-10T01:27:57.492376572Z","Action":"output","Package":"go.temporal.io/server/tools/gomad3/runner","Test":"TestLocalFinalizationClassifiesPublicationFailure","Output":"=== RUN   TestLocalFinalizationClassifiesPublicationFailure\n","OutputType":"frame"}
{"Time":"2026-10-10T01:27:57.501755364Z","Action":"output","Package":"go.temporal.io/server/tools/gomad3/runner","Test":"TestLocalFinalizationClassifiesPublicationFailure","Output":"--- PASS: TestLocalFinalizationClassifiesPublicationFailure (0.01s)\n","OutputType":"frame"}
{"Time":"2026-10-10T01:27:57.501846239Z","Action":"pass","Package":"go.temporal.io/server/tools/gomad3/runner","Test":"TestLocalFinalizationClassifiesPublicationFailure","Elapsed":0.01}
{"Time":"2026-10-10T01:27:57.50192078Z","Action":"run","Package":"go.temporal.io/server/tools/gomad3/runner","Test":"TestLocalStoppedCancellationPreservesPriorFailure"}
{"Time":"2026-10-10T01:27:57.501947364Z","Action":"output","Package":"go.temporal.io/server/tools/gomad3/runner","Test":"TestLocalStoppedCancellationPreservesPriorFailure","Output":"=== RUN   TestLocalStoppedCancellationPreservesPriorFailure\n","OutputType":"frame"}
{"Time":"2026-10-10T01:27:57.512589447Z","Action":"output","Package":"go.temporal.io/server/tools/gomad3/runner","Test":"TestLocalStoppedCancellationPreservesPriorFailure","Output":"--- PASS: TestLocalStoppedCancellationPreservesPriorFailure (0.01s)\n","OutputType":"frame"}
{"Time":"2026-10-10T01:27:57.512643489Z","Action":"pass","Package":"go.temporal.io/server/tools/gomad3/runner","Test":"TestLocalStoppedCancellationPreservesPriorFailure","Elapsed":0.01}
{"Time":"2026-10-10T01:27:57.512702072Z","Action":"run","Package":"go.temporal.io/server/tools/gomad3/runner","Test":"TestRunPreparesOnceBoundsParallelismAndGroupsMatchingFailures"}
{"Time":"2026-10-10T01:27:57.512750905Z","Action":"output","Package":"go.temporal.io/server/tools/gomad3/runner","Test":"TestRunPreparesOnceBoundsParallelismAndGroupsMatchingFailures","Output":"=== RUN   TestRunPreparesOnceBoundsParallelismAndGroupsMatchingFailures\n","OutputType":"frame"}
{"Time":"2026-10-10T01:27:57.64519228Z","Action":"output","Package":"go.temporal.io/server/tools/gomad3/runner","Test":"TestRunPreparesOnceBoundsParallelismAndGroupsMatchingFailures","Output":"--- PASS: TestRunPreparesOnceBoundsParallelismAndGroupsMatchingFailures (0.13s)\n","OutputType":"frame"}
{"Time":"2026-10-10T01:27:57.645255739Z","Action":"pass","Package":"go.temporal.io/server/tools/gomad3/runner","Test":"TestRunPreparesOnceBoundsParallelismAndGroupsMatchingFailures","Elapsed":0.13}
{"Time":"2026-10-10T01:27:57.645278697Z","Action":"run","Package":"go.temporal.io/server/tools/gomad3/runner","Test":"TestRunReportsPreparationProgressAndCompletedCounts"}
{"Time":"2026-10-10T01:27:57.64529003Z","Action":"output","Package":"go.temporal.io/server/tools/gomad3/runner","Test":"TestRunReportsPreparationProgressAndCompletedCounts","Output":"=== RUN   TestRunReportsPreparationProgressAndCompletedCounts\n","OutputType":"frame"}
{"Time":"2026-10-10T01:27:57.72241578Z","Action":"output","Package":"go.temporal.io/server/tools/gomad3/runner","Test":"TestRunReportsPreparationProgressAndCompletedCounts","Output":"--- PASS: TestRunReportsPreparationProgressAndCompletedCounts (0.08s)\n","OutputType":"frame"}
{"Time":"2026-10-10T01:27:57.722471155Z","Action":"pass","Package":"go.temporal.io/server/tools/gomad3/runner","Test":"TestRunReportsPreparationProgressAndCompletedCounts","Elapsed":0.08}
{"Time":"2026-10-10T01:27:57.72249428Z","Action":"run","Package":"go.temporal.io/server/tools/gomad3/runner","Test":"TestRunReportsPeriodicProgressWhileTargetIsRunning"}
{"Time":"2026-10-10T01:27:57.722505364Z","Action":"output","Package":"go.temporal.io/server/tools/gomad3/runner","Test":"TestRunReportsPeriodicProgressWhileTargetIsRunning","Output":"=== RUN   TestRunReportsPeriodicProgressWhileTargetIsRunning\n","OutputType":"frame"}
{"Time":"2026-10-10T01:27:57.77297053Z","Action":"output","Package":"go.temporal.io/server/tools/gomad3/runner","Test":"TestRunReportsPeriodicProgressWhileTargetIsRunning","Output":"--- PASS: TestRunReportsPeriodicProgressWhileTargetIsRunning (0.05s)\n","OutputType":"frame"}
{"Time":"2026-10-10T01:27:57.773067614Z","Action":"pass","Package":"go.temporal.io/server/tools/gomad3/runner","Test":"TestRunReportsPeriodicProgressWhileTargetIsRunning","Elapsed":0.05}
{"Time":"2026-10-10T01:27:57.773087822Z","Action":"run","Package":"go.temporal.io/server/tools/gomad3/runner","Test":"TestRunReportsPassiveSemanticCoverage"}
{"Time":"2026-10-10T01:27:57.773098822Z","Action":"output","Package":"go.temporal.io/server/tools/gomad3/runner","Test":"TestRunReportsPassiveSemanticCoverage","Output":"=== RUN   TestRunReportsPassiveSemanticCoverage\n","OutputType":"frame"}
{"Time":"2026-10-10T01:27:57.842544739Z","Action":"output","Package":"go.temporal.io/server/tools/gomad3/runner","Test":"TestRunReportsPassiveSemanticCoverage","Output":"--- PASS: TestRunReportsPassiveSemanticCoverage (0.07s)\n","OutputType":"frame"}
{"Time":"2026-10-10T01:27:57.842626947Z","Action":"pass","Package":"go.temporal.io/server/tools/gomad3/runner","Test":"TestRunReportsPassiveSemanticCoverage","Elapsed":0.07}
{"Time":"2026-10-10T01:27:57.842693406Z","Action":"run","Package":"go.temporal.io/server/tools/gomad3/runner","Test":"TestRunFailsWhenRequiredSemanticProbeIsMissing"}
{"Time":"2026-10-10T01:27:57.842712281Z","Action":"output","Package":"go.temporal.io/server/tools/gomad3/runner","Test":"TestRunFailsWhenRequiredSemanticProbeIsMissing","Output":"=== RUN   TestRunFailsWhenRequiredSemanticProbeIsMissing\n","OutputType":"frame"}
{"Time":"2026-10-10T01:27:57.872709072Z","Action":"output","Package":"go.temporal.io/server/tools/gomad3/runner","Test":"TestRunFailsWhenRequiredSemanticProbeIsMissing","Output":"--- PASS: TestRunFailsWhenRequiredSemanticProbeIsMissing (0.03s)\n","OutputType":"frame"}
{"Time":"2026-10-10T01:27:57.872760531Z","Action":"pass","Package":"go.temporal.io/server/tools/gomad3/runner","Test":"TestRunFailsWhenRequiredSemanticProbeIsMissing","Elapsed":0.03}
{"Time":"2026-10-10T01:27:57.872776781Z","Action":"run","Package":"go.temporal.io/server/tools/gomad3/runner","Test":"TestRunRetainsOnlyProbeNovelSuccessesWithinExplicitBounds"}
{"Time":"2026-10-10T01:27:57.872786239Z","Action":"output","Package":"go.temporal.io/server/tools/gomad3/runner","Test":"TestRunRetainsOnlyProbeNovelSuccessesWithinExplicitBounds","Output":"=== RUN   TestRunRetainsOnlyProbeNovelSuccessesWithinExplicitBounds\n","OutputType":"frame"}
{"Time":"2026-10-10T01:27:57.958748406Z","Action":"output","Package":"go.temporal.io/server/tools/gomad3/runner","Test":"TestRunRetainsOnlyProbeNovelSuccessesWithinExplicitBounds","Output":"--- PASS: TestRunRetainsOnlyProbeNovelSuccessesWithinExplicitBounds (0.09s)\n","OutputType":"frame"}
{"Time":"2026-10-10T01:27:57.958815947Z","Action":"pass","Package":"go.temporal.io/server/tools/gomad3/runner","Test":"TestRunRetainsOnlyProbeNovelSuccessesWithinExplicitBounds","Elapsed":0.09}
{"Time":"2026-10-10T01:27:57.958841656Z","Action":"run","Package":"go.temporal.io/server/tools/gomad3/runner","Test":"TestRunRetainsOnlyChoiceNovelSuccessesAndRecordsTheirFeatures"}
{"Time":"2026-10-10T01:27:57.958864947Z","Action":"output","Package":"go.temporal.io/server/tools/gomad3/runner","Test":"TestRunRetainsOnlyChoiceNovelSuccessesAndRecordsTheirFeatures","Output":"=== RUN   TestRunRetainsOnlyChoiceNovelSuccessesAndRecordsTheirFeatures\n","OutputType":"frame"}
{"Time":"2026-10-10T01:27:58.049192322Z","Action":"output","Package":"go.temporal.io/server/tools/gomad3/runner","Test":"TestRunRetainsOnlyChoiceNovelSuccessesAndRecordsTheirFeatures","Output":"--- PASS: TestRunRetainsOnlyChoiceNovelSuccessesAndRecordsTheirFeatures (0.09s)\n","OutputType":"frame"}
{"Time":"2026-10-10T01:27:58.049260364Z","Action":"pass","Package":"go.temporal.io/server/tools/gomad3/runner","Test":"TestRunRetainsOnlyChoiceNovelSuccessesAndRecordsTheirFeatures","Elapsed":0.09}
{"Time":"2026-10-10T01:27:58.049298906Z","Action":"run","Package":"go.temporal.io/server/tools/gomad3/runner","Test":"TestRunMergesParallelCompletionsInSelectionOrdinalOrder"}
{"Time":"2026-10-10T01:27:58.049323322Z","Action":"output","Package":"go.temporal.io/server/tools/gomad3/runner","Test":"TestRunMergesParallelCompletionsInSelectionOrdinalOrder","Output":"=== RUN   TestRunMergesParallelCompletionsInSelectionOrdinalOrder\n","OutputType":"frame"}
{"Time":"2026-10-10T01:27:58.131566864Z","Action":"output","Package":"go.temporal.io/server/tools/gomad3/runner","Test":"TestRunMergesParallelCompletionsInSelectionOrdinalOrder","Output":"--- PASS: TestRunMergesParallelCompletionsInSelectionOrdinalOrder (0.08s)\n","OutputType":"frame"}
{"Time":"2026-10-10T01:27:58.131641697Z","Action":"pass","Package":"go.temporal.io/server/tools/gomad3/runner","Test":"TestRunMergesParallelCompletionsInSelectionOrdinalOrder","Elapsed":0.08}
{"Time":"2026-10-10T01:27:58.131683989Z","Action":"run","Package":"go.temporal.io/server/tools/gomad3/runner","Test":"TestRunFailsClosedWhenSuccessRetentionCountIsExhausted"}
{"Time":"2026-10-10T01:27:58.131705822Z","Action":"output","Package":"go.temporal.io/server/tools/gomad3/runner","Test":"TestRunFailsClosedWhenSuccessRetentionCountIsExhausted","Output":"=== RUN   TestRunFailsClosedWhenSuccessRetentionCountIsExhausted\n","OutputType":"frame"}
{"Time":"2026-10-10T01:27:58.180669156Z","Action":"output","Package":"go.temporal.io/server/tools/gomad3/runner","Test":"TestRunFailsClosedWhenSuccessRetentionCountIsExhausted","Output":"--- PASS: TestRunFailsClosedWhenSuccessRetentionCountIsExhausted (0.05s)\n","OutputType":"frame"}
{"Time":"2026-10-10T01:27:58.180723197Z","Action":"pass","Package":"go.temporal.io/server/tools/gomad3/runner","Test":"TestRunFailsClosedWhenSuccessRetentionCountIsExhausted","Elapsed":0.05}
{"Time":"2026-10-10T01:27:58.180773656Z","Action":"run","Package":"go.temporal.io/server/tools/gomad3/runner","Test":"TestRunRejectsSuccessfulRetentionWithoutReplayTranscript"}
{"Time":"2026-10-10T01:27:58.180798697Z","Action":"output","Package":"go.temporal.io/server/tools/gomad3/runner","Test":"TestRunRejectsSuccessfulRetentionWithoutReplayTranscript","Output":"=== RUN   TestRunRejectsSuccessfulRetentionWithoutReplayTranscript\n","OutputType":"frame"}
{"Time":"2026-10-10T01:27:58.210823822Z","Action":"output","Package":"go.temporal.io/server/tools/gomad3/runner","Test":"TestRunRejectsSuccessfulRetentionWithoutReplayTranscript","Output":"--- PASS: TestRunRejectsSuccessfulRetentionWithoutReplayTranscript (0.03s)\n","OutputType":"frame"}
{"Time":"2026-10-10T01:27:58.210892072Z","Action":"pass","Package":"go.temporal.io/server/tools/gomad3/runner","Test":"TestRunRejectsSuccessfulRetentionWithoutReplayTranscript","Elapsed":0.03}
{"Time":"2026-10-10T01:27:58.210937906Z","Action":"run","Package":"go.temporal.io/server/tools/gomad3/runner","Test":"TestRunCollectsBoundedQualificationEvidenceForOneSeed"}
{"Time":"2026-10-10T01:27:58.210956489Z","Action":"output","Package":"go.temporal.io/server/tools/gomad3/runner","Test":"TestRunCollectsBoundedQualificationEvidenceForOneSeed","Output":"=== RUN   TestRunCollectsBoundedQualificationEvidenceForOneSeed\n","OutputType":"frame"}
{"Time":"2026-10-10T01:27:58.256416739Z","Action":"output","Package":"go.temporal.io/server/tools/gomad3/runner","Test":"TestRunCollectsBoundedQualificationEvidenceForOneSeed","Output":"--- PASS: TestRunCollectsBoundedQualificationEvidenceForOneSeed (0.05s)\n","OutputType":"frame"}
{"Time":"2026-10-10T01:27:58.256479406Z","Action":"pass","Package":"go.temporal.io/server/tools/gomad3/runner","Test":"TestRunCollectsBoundedQualificationEvidenceForOneSeed","Elapsed":0.05}
{"Time":"2026-10-10T01:27:58.256503572Z","Action":"run","Package":"go.temporal.io/server/tools/gomad3/runner","Test":"TestRunPublishesConnectedWorldBundle"}
{"Time":"2026-10-10T01:27:58.256537156Z","Action":"output","Package":"go.temporal.io/server/tools/gomad3/runner","Test":"TestRunPublishesConnectedWorldBundle","Output":"=== RUN   TestRunPublishesConnectedWorldBundle\n","OutputType":"frame"}
{"Time":"2026-10-10T01:27:58.309952364Z","Action":"output","Package":"go.temporal.io/server/tools/gomad3/runner","Test":"TestRunPublishesConnectedWorldBundle","Output":"--- PASS: TestRunPublishesConnectedWorldBundle (0.05s)\n","OutputType":"frame"}
{"Time":"2026-10-10T01:27:58.310044906Z","Action":"pass","Package":"go.temporal.io/server/tools/gomad3/runner","Test":"TestRunPublishesConnectedWorldBundle","Elapsed":0.05}
{"Time":"2026-10-10T01:27:58.310068364Z","Action":"run","Package":"go.temporal.io/server/tools/gomad3/runner","Test":"TestRunClassifiesConnectedWorldDeadlock"}
{"Time":"2026-10-10T01:27:58.310087781Z","Action":"output","Package":"go.temporal.io/server/tools/gomad3/runner","Test":"TestRunClassifiesConnectedWorldDeadlock","Output":"=== RUN   TestRunClassifiesConnectedWorldDeadlock\n","OutputType":"frame"}
{"Time":"2026-10-10T01:27:58.379380447Z","Action":"output","Package":"go.temporal.io/server/tools/gomad3/runner","Test":"TestRunClassifiesConnectedWorldDeadlock","Output":"--- PASS: TestRunClassifiesConnectedWorldDeadlock (0.07s)\n","OutputType":"frame"}
{"Time":"2026-10-10T01:27:58.379460531Z","Action":"pass","Package":"go.temporal.io/server/tools/gomad3/runner","Test":"TestRunClassifiesConnectedWorldDeadlock","Elapsed":0.07}
{"Time":"2026-10-10T01:27:58.379566656Z","Action":"run","Package":"go.temporal.io/server/tools/gomad3/runner","Test":"TestRunCountsConnectedWorldReplayDivergence"}
{"Time":"2026-10-10T01:27:58.379619197Z","Action":"output","Package":"go.temporal.io/server/tools/gomad3/runner","Test":"TestRunCountsConnectedWorldReplayDivergence","Output":"=== RUN   TestRunCountsConnectedWorldReplayDivergence\n","OutputType":"frame"}
{"Time":"2026-10-10T01:27:58.434618156Z","Action":"output","Package":"go.temporal.io/server/tools/gomad3/runner","Test":"TestRunCountsConnectedWorldReplayDivergence","Output":"--- PASS: TestRunCountsConnectedWorldReplayDivergence (0.06s)\n","OutputType":"frame"}
{"Time":"2026-10-10T01:27:58.434675114Z","Action":"pass","Package":"go.temporal.io/server/tools/gomad3/runner","Test":"TestRunCountsConnectedWorldReplayDivergence","Elapsed":0.06}
{"Time":"2026-10-10T01:27:58.434712156Z","Action":"run","Package":"go.temporal.io/server/tools/gomad3/runner","Test":"TestRunRejectsInvalidConnectedWorldBeforePublication"}
{"Time":"2026-10-10T01:27:58.434752656Z","Action":"output","Package":"go.temporal.io/server/tools/gomad3/runner","Test":"TestRunRejectsInvalidConnectedWorldBeforePublication","Output":"=== RUN   TestRunRejectsInvalidConnectedWorldBeforePublication\n","OutputType":"frame"}
{"Time":"2026-10-10T01:27:58.491513906Z","Action":"output","Package":"go.temporal.io/server/tools/gomad3/runner","Test":"TestRunRejectsInvalidConnectedWorldBeforePublication","Output":"--- PASS: TestRunRejectsInvalidConnectedWorldBeforePublication (0.06s)\n","OutputType":"frame"}
{"Time":"2026-10-10T01:27:58.491568114Z","Action":"pass","Package":"go.temporal.io/server/tools/gomad3/runner","Test":"TestRunRejectsInvalidConnectedWorldBeforePublication","Elapsed":0.06}
{"Time":"2026-10-10T01:27:58.491584823Z","Action":"run","Package":"go.temporal.io/server/tools/gomad3/runner","Test":"TestRunRejectsPreparedTargetMutationBeforeFailurePublication"}
{"Time":"2026-10-10T01:27:58.491594573Z","Action":"output","Package":"go.temporal.io/server/tools/gomad3/runner","Test":"TestRunRejectsPreparedTargetMutationBeforeFailurePublication","Output":"=== RUN   TestRunRejectsPreparedTargetMutationBeforeFailurePublication\n","OutputType":"frame"}
{"Time":"2026-10-10T01:27:58.525312239Z","Action":"output","Package":"go.temporal.io/server/tools/gomad3/runner","Test":"TestRunRejectsPreparedTargetMutationBeforeFailurePublication","Output":"--- PASS: TestRunRejectsPreparedTargetMutationBeforeFailurePublication (0.03s)\n","OutputType":"frame"}
{"Time":"2026-10-10T01:27:58.525423489Z","Action":"pass","Package":"go.temporal.io/server/tools/gomad3/runner","Test":"TestRunRejectsPreparedTargetMutationBeforeFailurePublication","Elapsed":0.03}
{"Time":"2026-10-10T01:27:58.525461364Z","Action":"run","Package":"go.temporal.io/server/tools/gomad3/runner","Test":"TestRunPreparationFailureLeavesClassifiedPartial"}
{"Time":"2026-10-10T01:27:58.525475823Z","Action":"output","Package":"go.temporal.io/server/tools/gomad3/runner","Test":"TestRunPreparationFailureLeavesClassifiedPartial","Output":"=== RUN   TestRunPreparationFailureLeavesClassifiedPartial\n","OutputType":"frame"}
{"Time":"2026-10-10T01:27:58.525501781Z","Action":"run","Package":"go.temporal.io/server/tools/gomad3/runner","Test":"TestRunPreparationFailureLeavesClassifiedPartial/build_failure"}
{"Time":"2026-10-10T01:27:58.525516156Z","Action":"output","Package":"go.temporal.io/server/tools/gomad3/runner","Test":"TestRunPreparationFailureLeavesClassifiedPartial/build_failure","Output":"=== RUN   TestRunPreparationFailureLeavesClassifiedPartial/build_failure\n","OutputType":"frame"}
{"Time":"2026-10-10T01:27:58.531359114Z","Action":"output","Package":"go.temporal.io/server/tools/gomad3/runner","Test":"TestRunPreparationFailureLeavesClassifiedPartial/build_failure","Output":"--- PASS: TestRunPreparationFailureLeavesClassifiedPartial/build_failure (0.01s)\n","OutputType":"frame"}
{"Time":"2026-10-10T01:27:58.531398281Z","Action":"pass","Package":"go.temporal.io/server/tools/gomad3/runner","Test":"TestRunPreparationFailureLeavesClassifiedPartial/build_failure","Elapsed":0.01}
{"Time":"2026-10-10T01:27:58.531437656Z","Action":"run","Package":"go.temporal.io/server/tools/gomad3/runner","Test":"TestRunPreparationFailureLeavesClassifiedPartial/cancelled"}
{"Time":"2026-10-10T01:27:58.531471989Z","Action":"output","Package":"go.temporal.io/server/tools/gomad3/runner","Test":"TestRunPreparationFailureLeavesClassifiedPartial/cancelled","Output":"=== RUN   TestRunPreparationFailureLeavesClassifiedPartial/cancelled\n","OutputType":"frame"}
{"Time":"2026-10-10T01:27:58.536760198Z","Action":"output","Package":"go.temporal.io/server/tools/gomad3/runner","Test":"TestRunPreparationFailureLeavesClassifiedPartial/cancelled","Output":"--- PASS: TestRunPreparationFailureLeavesClassifiedPartial/cancelled (0.01s)\n","OutputType":"frame"}
{"Time":"2026-10-10T01:27:58.536794448Z","Action":"pass","Package":"go.temporal.io/server/tools/gomad3/runner","Test":"TestRunPreparationFailureLeavesClassifiedPartial/cancelled","Elapsed":0.01}
{"Time":"2026-10-10T01:27:58.536813948Z","Action":"run","Package":"go.temporal.io/server/tools/gomad3/runner","Test":"TestRunPreparationFailureLeavesClassifiedPartial/overall_timeout"}
{"Time":"2026-10-10T01:27:58.536825406Z","Action":"output","Package":"go.temporal.io/server/tools/gomad3/runner","Test":"TestRunPreparationFailureLeavesClassifiedPartial/overall_timeout","Output":"=== RUN   TestRunPreparationFailureLeavesClassifiedPartial/overall_timeout\n","OutputType":"frame"}
{"Time":"2026-10-10T01:27:58.539291823Z","Action":"output","Package":"go.temporal.io/server/tools/gomad3/runner","Test":"TestRunPreparationFailureLeavesClassifiedPartial/overall_timeout","Output":"--- PASS: TestRunPreparationFailureLeavesClassifiedPartial/overall_timeout (0.00s)\n","OutputType":"frame"}
{"Time":"2026-10-10T01:27:58.539312781Z","Action":"pass","Package":"go.temporal.io/server/tools/gomad3/runner","Test":"TestRunPreparationFailureLeavesClassifiedPartial/overall_timeout","Elapsed":0}
{"Time":"2026-10-10T01:27:58.539325198Z","Action":"output","Package":"go.temporal.io/server/tools/gomad3/runner","Test":"TestRunPreparationFailureLeavesClassifiedPartial","Output":"--- PASS: TestRunPreparationFailureLeavesClassifiedPartial (0.01s)\n","OutputType":"frame"}
{"Time":"2026-10-10T01:27:58.539411448Z","Action":"pass","Package":"go.temporal.io/server/tools/gomad3/runner","Test":"TestRunPreparationFailureLeavesClassifiedPartial","Elapsed":0.01}
{"Time":"2026-10-10T01:27:58.539448114Z","Action":"output","Package":"go.temporal.io/server/tools/gomad3/runner","Output":"PASS\n","OutputType":"frame"}
{"Time":"2026-10-10T01:27:58.540047864Z","Action":"output","Package":"go.temporal.io/server/tools/gomad3/runner","Output":"ok  \tgo.temporal.io/server/tools/gomad3/runner\t1.238s\n"}
{"Time":"2026-10-10T01:27:58.540115364Z","Action":"pass","Package":"go.temporal.io/server/tools/gomad3/runner","Elapsed":1.238}
