{"Time":"2026-10-09T20:19:30.585864747Z","Action":"start","Package":"go.temporal.io/server/tools/gomad3/cmd/gomad/internal/cli"}
{"Time":"2026-10-09T20:19:30.588417539Z","Action":"run","Package":"go.temporal.io/server/tools/gomad3/cmd/gomad/internal/cli","Test":"TestTerminalDiagnosticsPublicFailures"}
{"Time":"2026-10-09T20:19:30.588568372Z","Action":"output","Package":"go.temporal.io/server/tools/gomad3/cmd/gomad/internal/cli","Test":"TestTerminalDiagnosticsPublicFailures","Output":"=== RUN   TestTerminalDiagnosticsPublicFailures\n","OutputType":"frame"}
{"Time":"2026-10-09T20:19:30.588672747Z","Action":"run","Package":"go.temporal.io/server/tools/gomad3/cmd/gomad/internal/cli","Test":"TestTerminalDiagnosticsPublicFailures/usage"}
{"Time":"2026-10-09T20:19:30.588717331Z","Action":"output","Package":"go.temporal.io/server/tools/gomad3/cmd/gomad/internal/cli","Test":"TestTerminalDiagnosticsPublicFailures/usage","Output":"=== RUN   TestTerminalDiagnosticsPublicFailures/usage\n","OutputType":"frame"}
{"Time":"2026-10-09T20:19:30.589365914Z","Action":"output","Package":"go.temporal.io/server/tools/gomad3/cmd/gomad/internal/cli","Test":"TestTerminalDiagnosticsPublicFailures/usage","Output":"--- PASS: TestTerminalDiagnosticsPublicFailures/usage (0.00s)\n","OutputType":"frame"}
{"Time":"2026-10-09T20:19:30.589408539Z","Action":"pass","Package":"go.temporal.io/server/tools/gomad3/cmd/gomad/internal/cli","Test":"TestTerminalDiagnosticsPublicFailures/usage","Elapsed":0}
{"Time":"2026-10-09T20:19:30.589430706Z","Action":"run","Package":"go.temporal.io/server/tools/gomad3/cmd/gomad/internal/cli","Test":"TestTerminalDiagnosticsPublicFailures/unknown"}
{"Time":"2026-10-09T20:19:30.589443622Z","Action":"output","Package":"go.temporal.io/server/tools/gomad3/cmd/gomad/internal/cli","Test":"TestTerminalDiagnosticsPublicFailures/unknown","Output":"=== RUN   TestTerminalDiagnosticsPublicFailures/unknown\n","OutputType":"frame"}
{"Time":"2026-10-09T20:19:30.591724831Z","Action":"output","Package":"go.temporal.io/server/tools/gomad3/cmd/gomad/internal/cli","Test":"TestTerminalDiagnosticsPublicFailures/unknown","Output":"--- PASS: TestTerminalDiagnosticsPublicFailures/unknown (0.00s)\n","OutputType":"frame"}
{"Time":"2026-10-09T20:19:30.591773789Z","Action":"pass","Package":"go.temporal.io/server/tools/gomad3/cmd/gomad/internal/cli","Test":"TestTerminalDiagnosticsPublicFailures/unknown","Elapsed":0}
{"Time":"2026-10-09T20:19:30.591829914Z","Action":"run","Package":"go.temporal.io/server/tools/gomad3/cmd/gomad/internal/cli","Test":"TestTerminalDiagnosticsPublicFailures/doctor_usage"}
{"Time":"2026-10-09T20:19:30.591851622Z","Action":"output","Package":"go.temporal.io/server/tools/gomad3/cmd/gomad/internal/cli","Test":"TestTerminalDiagnosticsPublicFailures/doctor_usage","Output":"=== RUN   TestTerminalDiagnosticsPublicFailures/doctor_usage\n","OutputType":"frame"}
{"Time":"2026-10-09T20:19:30.593173497Z","Action":"output","Package":"go.temporal.io/server/tools/gomad3/cmd/gomad/internal/cli","Test":"TestTerminalDiagnosticsPublicFailures/doctor_usage","Output":"--- PASS: TestTerminalDiagnosticsPublicFailures/doctor_usage (0.00s)\n","OutputType":"frame"}
{"Time":"2026-10-09T20:19:30.593355247Z","Action":"pass","Package":"go.temporal.io/server/tools/gomad3/cmd/gomad/internal/cli","Test":"TestTerminalDiagnosticsPublicFailures/doctor_usage","Elapsed":0}
{"Time":"2026-10-09T20:19:30.593423664Z","Action":"run","Package":"go.temporal.io/server/tools/gomad3/cmd/gomad/internal/cli","Test":"TestTerminalDiagnosticsPublicFailures/replay_usage"}
{"Time":"2026-10-09T20:19:30.593491997Z","Action":"output","Package":"go.temporal.io/server/tools/gomad3/cmd/gomad/internal/cli","Test":"TestTerminalDiagnosticsPublicFailures/replay_usage","Output":"=== RUN   TestTerminalDiagnosticsPublicFailures/replay_usage\n","OutputType":"frame"}
{"Time":"2026-10-09T20:19:30.593881747Z","Action":"output","Package":"go.temporal.io/server/tools/gomad3/cmd/gomad/internal/cli","Test":"TestTerminalDiagnosticsPublicFailures/replay_usage","Output":"--- PASS: TestTerminalDiagnosticsPublicFailures/replay_usage (0.00s)\n","OutputType":"frame"}
{"Time":"2026-10-09T20:19:30.594120706Z","Action":"pass","Package":"go.temporal.io/server/tools/gomad3/cmd/gomad/internal/cli","Test":"TestTerminalDiagnosticsPublicFailures/replay_usage","Elapsed":0}
{"Time":"2026-10-09T20:19:30.594226497Z","Action":"run","Package":"go.temporal.io/server/tools/gomad3/cmd/gomad/internal/cli","Test":"TestTerminalDiagnosticsPublicFailures/shard_usage"}
{"Time":"2026-10-09T20:19:30.594259622Z","Action":"output","Package":"go.temporal.io/server/tools/gomad3/cmd/gomad/internal/cli","Test":"TestTerminalDiagnosticsPublicFailures/shard_usage","Output":"=== RUN   TestTerminalDiagnosticsPublicFailures/shard_usage\n","OutputType":"frame"}
{"Time":"2026-10-09T20:19:30.594679039Z","Action":"output","Package":"go.temporal.io/server/tools/gomad3/cmd/gomad/internal/cli","Test":"TestTerminalDiagnosticsPublicFailures/shard_usage","Output":"--- PASS: TestTerminalDiagnosticsPublicFailures/shard_usage (0.00s)\n","OutputType":"frame"}
{"Time":"2026-10-09T20:19:30.594737206Z","Action":"pass","Package":"go.temporal.io/server/tools/gomad3/cmd/gomad/internal/cli","Test":"TestTerminalDiagnosticsPublicFailures/shard_usage","Elapsed":0}
{"Time":"2026-10-09T20:19:30.594811039Z","Action":"run","Package":"go.temporal.io/server/tools/gomad3/cmd/gomad/internal/cli","Test":"TestTerminalDiagnosticsPublicFailures/shard_syntax"}
{"Time":"2026-10-09T20:19:30.594908997Z","Action":"output","Package":"go.temporal.io/server/tools/gomad3/cmd/gomad/internal/cli","Test":"TestTerminalDiagnosticsPublicFailures/shard_syntax","Output":"=== RUN   TestTerminalDiagnosticsPublicFailures/shard_syntax\n","OutputType":"frame"}
{"Time":"2026-10-09T20:19:30.595075706Z","Action":"output","Package":"go.temporal.io/server/tools/gomad3/cmd/gomad/internal/cli","Test":"TestTerminalDiagnosticsPublicFailures/shard_syntax","Output":"--- PASS: TestTerminalDiagnosticsPublicFailures/shard_syntax (0.00s)\n","OutputType":"frame"}
{"Time":"2026-10-09T20:19:30.595100831Z","Action":"pass","Package":"go.temporal.io/server/tools/gomad3/cmd/gomad/internal/cli","Test":"TestTerminalDiagnosticsPublicFailures/shard_syntax","Elapsed":0}
{"Time":"2026-10-09T20:19:30.595126164Z","Action":"run","Package":"go.temporal.io/server/tools/gomad3/cmd/gomad/internal/cli","Test":"TestTerminalDiagnosticsPublicFailures/merge_usage"}
{"Time":"2026-10-09T20:19:30.595143289Z","Action":"output","Package":"go.temporal.io/server/tools/gomad3/cmd/gomad/internal/cli","Test":"TestTerminalDiagnosticsPublicFailures/merge_usage","Output":"=== RUN   TestTerminalDiagnosticsPublicFailures/merge_usage\n","OutputType":"frame"}
{"Time":"2026-10-09T20:19:30.595460081Z","Action":"output","Package":"go.temporal.io/server/tools/gomad3/cmd/gomad/internal/cli","Test":"TestTerminalDiagnosticsPublicFailures/merge_usage","Output":"--- PASS: TestTerminalDiagnosticsPublicFailures/merge_usage (0.00s)\n","OutputType":"frame"}
{"Time":"2026-10-09T20:19:30.595527497Z","Action":"pass","Package":"go.temporal.io/server/tools/gomad3/cmd/gomad/internal/cli","Test":"TestTerminalDiagnosticsPublicFailures/merge_usage","Elapsed":0}
{"Time":"2026-10-09T20:19:30.595566497Z","Action":"run","Package":"go.temporal.io/server/tools/gomad3/cmd/gomad/internal/cli","Test":"TestTerminalDiagnosticsPublicFailures/merge_invalid_plan"}
{"Time":"2026-10-09T20:19:30.595629497Z","Action":"output","Package":"go.temporal.io/server/tools/gomad3/cmd/gomad/internal/cli","Test":"TestTerminalDiagnosticsPublicFailures/merge_invalid_plan","Output":"=== RUN   TestTerminalDiagnosticsPublicFailures/merge_invalid_plan\n","OutputType":"frame"}
{"Time":"2026-10-09T20:19:30.596331247Z","Action":"output","Package":"go.temporal.io/server/tools/gomad3/cmd/gomad/internal/cli","Test":"TestTerminalDiagnosticsPublicFailures/merge_invalid_plan","Output":"--- PASS: TestTerminalDiagnosticsPublicFailures/merge_invalid_plan (0.00s)\n","OutputType":"frame"}
{"Time":"2026-10-09T20:19:30.596408497Z","Action":"pass","Package":"go.temporal.io/server/tools/gomad3/cmd/gomad/internal/cli","Test":"TestTerminalDiagnosticsPublicFailures/merge_invalid_plan","Elapsed":0}
{"Time":"2026-10-09T20:19:30.596437122Z","Action":"run","Package":"go.temporal.io/server/tools/gomad3/cmd/gomad/internal/cli","Test":"TestTerminalDiagnosticsPublicFailures/explore_output"}
{"Time":"2026-10-09T20:19:30.596480872Z","Action":"output","Package":"go.temporal.io/server/tools/gomad3/cmd/gomad/internal/cli","Test":"TestTerminalDiagnosticsPublicFailures/explore_output","Output":"=== RUN   TestTerminalDiagnosticsPublicFailures/explore_output\n","OutputType":"frame"}
{"Time":"2026-10-09T20:19:30.596763581Z","Action":"output","Package":"go.temporal.io/server/tools/gomad3/cmd/gomad/internal/cli","Test":"TestTerminalDiagnosticsPublicFailures/explore_output","Output":"--- PASS: TestTerminalDiagnosticsPublicFailures/explore_output (0.00s)\n","OutputType":"frame"}
{"Time":"2026-10-09T20:19:30.596826747Z","Action":"pass","Package":"go.temporal.io/server/tools/gomad3/cmd/gomad/internal/cli","Test":"TestTerminalDiagnosticsPublicFailures/explore_output","Elapsed":0}
{"Time":"2026-10-09T20:19:30.596858164Z","Action":"run","Package":"go.temporal.io/server/tools/gomad3/cmd/gomad/internal/cli","Test":"TestTerminalDiagnosticsPublicFailures/explore_capability"}
{"Time":"2026-10-09T20:19:30.596926247Z","Action":"output","Package":"go.temporal.io/server/tools/gomad3/cmd/gomad/internal/cli","Test":"TestTerminalDiagnosticsPublicFailures/explore_capability","Output":"=== RUN   TestTerminalDiagnosticsPublicFailures/explore_capability\n","OutputType":"frame"}
{"Time":"2026-10-09T20:19:30.597149122Z","Action":"output","Package":"go.temporal.io/server/tools/gomad3/cmd/gomad/internal/cli","Test":"TestTerminalDiagnosticsPublicFailures/explore_capability","Output":"--- PASS: TestTerminalDiagnosticsPublicFailures/explore_capability (0.00s)\n","OutputType":"frame"}
{"Time":"2026-10-09T20:19:30.597191206Z","Action":"pass","Package":"go.temporal.io/server/tools/gomad3/cmd/gomad/internal/cli","Test":"TestTerminalDiagnosticsPublicFailures/explore_capability","Elapsed":0}
{"Time":"2026-10-09T20:19:30.597253456Z","Action":"run","Package":"go.temporal.io/server/tools/gomad3/cmd/gomad/internal/cli","Test":"TestTerminalDiagnosticsPublicFailures/explore_strategy"}
{"Time":"2026-10-09T20:19:30.597288331Z","Action":"output","Package":"go.temporal.io/server/tools/gomad3/cmd/gomad/internal/cli","Test":"TestTerminalDiagnosticsPublicFailures/explore_strategy","Output":"=== RUN   TestTerminalDiagnosticsPublicFailures/explore_strategy\n","OutputType":"frame"}
{"Time":"2026-10-09T20:19:30.597507747Z","Action":"output","Package":"go.temporal.io/server/tools/gomad3/cmd/gomad/internal/cli","Test":"TestTerminalDiagnosticsPublicFailures/explore_strategy","Output":"--- PASS: TestTerminalDiagnosticsPublicFailures/explore_strategy (0.00s)\n","OutputType":"frame"}
{"Time":"2026-10-09T20:19:30.597533164Z","Action":"pass","Package":"go.temporal.io/server/tools/gomad3/cmd/gomad/internal/cli","Test":"TestTerminalDiagnosticsPublicFailures/explore_strategy","Elapsed":0}
{"Time":"2026-10-09T20:19:30.597564956Z","Action":"run","Package":"go.temporal.io/server/tools/gomad3/cmd/gomad/internal/cli","Test":"TestTerminalDiagnosticsPublicFailures/explore_seeds"}
{"Time":"2026-10-09T20:19:30.597591664Z","Action":"output","Package":"go.temporal.io/server/tools/gomad3/cmd/gomad/internal/cli","Test":"TestTerminalDiagnosticsPublicFailures/explore_seeds","Output":"=== RUN   TestTerminalDiagnosticsPublicFailures/explore_seeds\n","OutputType":"frame"}
{"Time":"2026-10-09T20:19:30.597933414Z","Action":"output","Package":"go.temporal.io/server/tools/gomad3/cmd/gomad/internal/cli","Test":"TestTerminalDiagnosticsPublicFailures/explore_seeds","Output":"--- PASS: TestTerminalDiagnosticsPublicFailures/explore_seeds (0.00s)\n","OutputType":"frame"}
{"Time":"2026-10-09T20:19:30.597965956Z","Action":"pass","Package":"go.temporal.io/server/tools/gomad3/cmd/gomad/internal/cli","Test":"TestTerminalDiagnosticsPublicFailures/explore_seeds","Elapsed":0}
{"Time":"2026-10-09T20:19:30.597985664Z","Action":"run","Package":"go.temporal.io/server/tools/gomad3/cmd/gomad/internal/cli","Test":"TestTerminalDiagnosticsPublicFailures/explore_regression"}
{"Time":"2026-10-09T20:19:30.598013497Z","Action":"output","Package":"go.temporal.io/server/tools/gomad3/cmd/gomad/internal/cli","Test":"TestTerminalDiagnosticsPublicFailures/explore_regression","Output":"=== RUN   TestTerminalDiagnosticsPublicFailures/explore_regression\n","OutputType":"frame"}
{"Time":"2026-10-09T20:19:30.598351122Z","Action":"output","Package":"go.temporal.io/server/tools/gomad3/cmd/gomad/internal/cli","Test":"TestTerminalDiagnosticsPublicFailures/explore_regression","Output":"--- PASS: TestTerminalDiagnosticsPublicFailures/explore_regression (0.00s)\n","OutputType":"frame"}
{"Time":"2026-10-09T20:19:30.598410164Z","Action":"pass","Package":"go.temporal.io/server/tools/gomad3/cmd/gomad/internal/cli","Test":"TestTerminalDiagnosticsPublicFailures/explore_regression","Elapsed":0}
{"Time":"2026-10-09T20:19:30.598432122Z","Action":"run","Package":"go.temporal.io/server/tools/gomad3/cmd/gomad/internal/cli","Test":"TestTerminalDiagnosticsPublicFailures/explore_guidance"}
{"Time":"2026-10-09T20:19:30.598459081Z","Action":"output","Package":"go.temporal.io/server/tools/gomad3/cmd/gomad/internal/cli","Test":"TestTerminalDiagnosticsPublicFailures/explore_guidance","Output":"=== RUN   TestTerminalDiagnosticsPublicFailures/explore_guidance\n","OutputType":"frame"}
{"Time":"2026-10-09T20:19:30.598775414Z","Action":"output","Package":"go.temporal.io/server/tools/gomad3/cmd/gomad/internal/cli","Test":"TestTerminalDiagnosticsPublicFailures/explore_guidance","Output":"--- PASS: TestTerminalDiagnosticsPublicFailures/explore_guidance (0.00s)\n","OutputType":"frame"}
{"Time":"2026-10-09T20:19:30.598819331Z","Action":"pass","Package":"go.temporal.io/server/tools/gomad3/cmd/gomad/internal/cli","Test":"TestTerminalDiagnosticsPublicFailures/explore_guidance","Elapsed":0}
{"Time":"2026-10-09T20:19:30.598886164Z","Action":"run","Package":"go.temporal.io/server/tools/gomad3/cmd/gomad/internal/cli","Test":"TestTerminalDiagnosticsPublicFailures/explore_coverage"}
{"Time":"2026-10-09T20:19:30.598907497Z","Action":"output","Package":"go.temporal.io/server/tools/gomad3/cmd/gomad/internal/cli","Test":"TestTerminalDiagnosticsPublicFailures/explore_coverage","Output":"=== RUN   TestTerminalDiagnosticsPublicFailures/explore_coverage\n","OutputType":"frame"}
{"Time":"2026-10-09T20:19:30.599125497Z","Action":"output","Package":"go.temporal.io/server/tools/gomad3/cmd/gomad/internal/cli","Test":"TestTerminalDiagnosticsPublicFailures/explore_coverage","Output":"--- PASS: TestTerminalDiagnosticsPublicFailures/explore_coverage (0.00s)\n","OutputType":"frame"}
{"Time":"2026-10-09T20:19:30.599151664Z","Action":"pass","Package":"go.temporal.io/server/tools/gomad3/cmd/gomad/internal/cli","Test":"TestTerminalDiagnosticsPublicFailures/explore_coverage","Elapsed":0}
{"Time":"2026-10-09T20:19:30.599293164Z","Action":"run","Package":"go.temporal.io/server/tools/gomad3/cmd/gomad/internal/cli","Test":"TestTerminalDiagnosticsPublicFailures/explore_choices"}
{"Time":"2026-10-09T20:19:30.599320372Z","Action":"output","Package":"go.temporal.io/server/tools/gomad3/cmd/gomad/internal/cli","Test":"TestTerminalDiagnosticsPublicFailures/explore_choices","Output":"=== RUN   TestTerminalDiagnosticsPublicFailures/explore_choices\n","OutputType":"frame"}
{"Time":"2026-10-09T20:19:30.599549539Z","Action":"output","Package":"go.temporal.io/server/tools/gomad3/cmd/gomad/internal/cli","Test":"TestTerminalDiagnosticsPublicFailures/explore_choices","Output":"--- PASS: TestTerminalDiagnosticsPublicFailures/explore_choices (0.00s)\n","OutputType":"frame"}
{"Time":"2026-10-09T20:19:30.599594497Z","Action":"pass","Package":"go.temporal.io/server/tools/gomad3/cmd/gomad/internal/cli","Test":"TestTerminalDiagnosticsPublicFailures/explore_choices","Elapsed":0}
{"Time":"2026-10-09T20:19:30.599619914Z","Action":"run","Package":"go.temporal.io/server/tools/gomad3/cmd/gomad/internal/cli","Test":"TestTerminalDiagnosticsPublicFailures/explore_target"}
{"Time":"2026-10-09T20:19:30.599634372Z","Action":"output","Package":"go.temporal.io/server/tools/gomad3/cmd/gomad/internal/cli","Test":"TestTerminalDiagnosticsPublicFailures/explore_target","Output":"=== RUN   TestTerminalDiagnosticsPublicFailures/explore_target\n","OutputType":"frame"}
{"Time":"2026-10-09T20:19:30.599990247Z","Action":"output","Package":"go.temporal.io/server/tools/gomad3/cmd/gomad/internal/cli","Test":"TestTerminalDiagnosticsPublicFailures/explore_target","Output":"--- PASS: TestTerminalDiagnosticsPublicFailures/explore_target (0.00s)\n","OutputType":"frame"}
{"Time":"2026-10-09T20:19:30.600013706Z","Action":"pass","Package":"go.temporal.io/server/tools/gomad3/cmd/gomad/internal/cli","Test":"TestTerminalDiagnosticsPublicFailures/explore_target","Elapsed":0}
{"Time":"2026-10-09T20:19:30.600031372Z","Action":"run","Package":"go.temporal.io/server/tools/gomad3/cmd/gomad/internal/cli","Test":"TestTerminalDiagnosticsPublicFailures/explore_working_directory"}
{"Time":"2026-10-09T20:19:30.600050414Z","Action":"output","Package":"go.temporal.io/server/tools/gomad3/cmd/gomad/internal/cli","Test":"TestTerminalDiagnosticsPublicFailures/explore_working_directory","Output":"=== RUN   TestTerminalDiagnosticsPublicFailures/explore_working_directory\n","OutputType":"frame"}
{"Time":"2026-10-09T20:19:30.600683622Z","Action":"output","Package":"go.temporal.io/server/tools/gomad3/cmd/gomad/internal/cli","Test":"TestTerminalDiagnosticsPublicFailures/explore_working_directory","Output":"--- PASS: TestTerminalDiagnosticsPublicFailures/explore_working_directory (0.00s)\n","OutputType":"frame"}
{"Time":"2026-10-09T20:19:30.600708164Z","Action":"pass","Package":"go.temporal.io/server/tools/gomad3/cmd/gomad/internal/cli","Test":"TestTerminalDiagnosticsPublicFailures/explore_working_directory","Elapsed":0}
{"Time":"2026-10-09T20:19:30.600763914Z","Action":"run","Package":"go.temporal.io/server/tools/gomad3/cmd/gomad/internal/cli","Test":"TestTerminalDiagnosticsPublicFailures/qualify_input"}
{"Time":"2026-10-09T20:19:30.600791247Z","Action":"output","Package":"go.temporal.io/server/tools/gomad3/cmd/gomad/internal/cli","Test":"TestTerminalDiagnosticsPublicFailures/qualify_input","Output":"=== RUN   TestTerminalDiagnosticsPublicFailures/qualify_input\n","OutputType":"frame"}
{"Time":"2026-10-09T20:19:30.601146372Z","Action":"output","Package":"go.temporal.io/server/tools/gomad3/cmd/gomad/internal/cli","Test":"TestTerminalDiagnosticsPublicFailures/qualify_input","Output":"--- PASS: TestTerminalDiagnosticsPublicFailures/qualify_input (0.00s)\n","OutputType":"frame"}
{"Time":"2026-10-09T20:19:30.601167414Z","Action":"pass","Package":"go.temporal.io/server/tools/gomad3/cmd/gomad/internal/cli","Test":"TestTerminalDiagnosticsPublicFailures/qualify_input","Elapsed":0}
{"Time":"2026-10-09T20:19:30.601178206Z","Action":"run","Package":"go.temporal.io/server/tools/gomad3/cmd/gomad/internal/cli","Test":"TestTerminalDiagnosticsPublicFailures/resume_input"}
{"Time":"2026-10-09T20:19:30.601188206Z","Action":"output","Package":"go.temporal.io/server/tools/gomad3/cmd/gomad/internal/cli","Test":"TestTerminalDiagnosticsPublicFailures/resume_input","Output":"=== RUN   TestTerminalDiagnosticsPublicFailures/resume_input\n","OutputType":"frame"}
{"Time":"2026-10-09T20:19:30.601536289Z","Action":"output","Package":"go.temporal.io/server/tools/gomad3/cmd/gomad/internal/cli","Test":"TestTerminalDiagnosticsPublicFailures/resume_input","Output":"--- PASS: TestTerminalDiagnosticsPublicFailures/resume_input (0.00s)\n","OutputType":"frame"}
{"Time":"2026-10-09T20:19:30.601566122Z","Action":"pass","Package":"go.temporal.io/server/tools/gomad3/cmd/gomad/internal/cli","Test":"TestTerminalDiagnosticsPublicFailures/resume_input","Elapsed":0}
{"Time":"2026-10-09T20:19:30.601592247Z","Action":"run","Package":"go.temporal.io/server/tools/gomad3/cmd/gomad/internal/cli","Test":"TestTerminalDiagnosticsPublicFailures/replay_installation"}
{"Time":"2026-10-09T20:19:30.601613164Z","Action":"output","Package":"go.temporal.io/server/tools/gomad3/cmd/gomad/internal/cli","Test":"TestTerminalDiagnosticsPublicFailures/replay_installation","Output":"=== RUN   TestTerminalDiagnosticsPublicFailures/replay_installation\n","OutputType":"frame"}
{"Time":"2026-10-09T20:19:30.601948081Z","Action":"output","Package":"go.temporal.io/server/tools/gomad3/cmd/gomad/internal/cli","Test":"TestTerminalDiagnosticsPublicFailures/replay_installation","Output":"--- PASS: TestTerminalDiagnosticsPublicFailures/replay_installation (0.00s)\n","OutputType":"frame"}
{"Time":"2026-10-09T20:19:30.601972581Z","Action":"pass","Package":"go.temporal.io/server/tools/gomad3/cmd/gomad/internal/cli","Test":"TestTerminalDiagnosticsPublicFailures/replay_installation","Elapsed":0}
{"Time":"2026-10-09T20:19:30.601994247Z","Action":"run","Package":"go.temporal.io/server/tools/gomad3/cmd/gomad/internal/cli","Test":"TestTerminalDiagnosticsPublicFailures/shard_installation"}
{"Time":"2026-10-09T20:19:30.602013872Z","Action":"output","Package":"go.temporal.io/server/tools/gomad3/cmd/gomad/internal/cli","Test":"TestTerminalDiagnosticsPublicFailures/shard_installation","Output":"=== RUN   TestTerminalDiagnosticsPublicFailures/shard_installation\n","OutputType":"frame"}
{"Time":"2026-10-09T20:19:30.602329997Z","Action":"output","Package":"go.temporal.io/server/tools/gomad3/cmd/gomad/internal/cli","Test":"TestTerminalDiagnosticsPublicFailures/shard_installation","Output":"--- PASS: TestTerminalDiagnosticsPublicFailures/shard_installation (0.00s)\n","OutputType":"frame"}
{"Time":"2026-10-09T20:19:30.602350456Z","Action":"pass","Package":"go.temporal.io/server/tools/gomad3/cmd/gomad/internal/cli","Test":"TestTerminalDiagnosticsPublicFailures/shard_installation","Elapsed":0}
{"Time":"2026-10-09T20:19:30.602370831Z","Action":"run","Package":"go.temporal.io/server/tools/gomad3/cmd/gomad/internal/cli","Test":"TestTerminalDiagnosticsPublicFailures/explore_installation"}
{"Time":"2026-10-09T20:19:30.602389747Z","Action":"output","Package":"go.temporal.io/server/tools/gomad3/cmd/gomad/internal/cli","Test":"TestTerminalDiagnosticsPublicFailures/explore_installation","Output":"=== RUN   TestTerminalDiagnosticsPublicFailures/explore_installation\n","OutputType":"frame"}
{"Time":"2026-10-09T20:19:30.602827497Z","Action":"output","Package":"go.temporal.io/server/tools/gomad3/cmd/gomad/internal/cli","Test":"TestTerminalDiagnosticsPublicFailures/explore_installation","Output":"--- PASS: TestTerminalDiagnosticsPublicFailures/explore_installation (0.00s)\n","OutputType":"frame"}
{"Time":"2026-10-09T20:19:30.602852456Z","Action":"pass","Package":"go.temporal.io/server/tools/gomad3/cmd/gomad/internal/cli","Test":"TestTerminalDiagnosticsPublicFailures/explore_installation","Elapsed":0}
{"Time":"2026-10-09T20:19:30.602868456Z","Action":"run","Package":"go.temporal.io/server/tools/gomad3/cmd/gomad/internal/cli","Test":"TestTerminalDiagnosticsPublicFailures/qualify_installation"}
{"Time":"2026-10-09T20:19:30.602885081Z","Action":"output","Package":"go.temporal.io/server/tools/gomad3/cmd/gomad/internal/cli","Test":"TestTerminalDiagnosticsPublicFailures/qualify_installation","Output":"=== RUN   TestTerminalDiagnosticsPublicFailures/qualify_installation\n","OutputType":"frame"}
{"Time":"2026-10-09T20:19:30.603299997Z","Action":"output","Package":"go.temporal.io/server/tools/gomad3/cmd/gomad/internal/cli","Test":"TestTerminalDiagnosticsPublicFailures/qualify_installation","Output":"--- PASS: TestTerminalDiagnosticsPublicFailures/qualify_installation (0.00s)\n","OutputType":"frame"}
{"Time":"2026-10-09T20:19:30.603312789Z","Action":"pass","Package":"go.temporal.io/server/tools/gomad3/cmd/gomad/internal/cli","Test":"TestTerminalDiagnosticsPublicFailures/qualify_installation","Elapsed":0}
{"Time":"2026-10-09T20:19:30.603326456Z","Action":"run","Package":"go.temporal.io/server/tools/gomad3/cmd/gomad/internal/cli","Test":"TestTerminalDiagnosticsPublicFailures/resume_installation"}
{"Time":"2026-10-09T20:19:30.603340414Z","Action":"output","Package":"go.temporal.io/server/tools/gomad3/cmd/gomad/internal/cli","Test":"TestTerminalDiagnosticsPublicFailures/resume_installation","Output":"=== RUN   TestTerminalDiagnosticsPublicFailures/resume_installation\n","OutputType":"frame"}
{"Time":"2026-10-09T20:19:30.603677872Z","Action":"output","Package":"go.temporal.io/server/tools/gomad3/cmd/gomad/internal/cli","Test":"TestTerminalDiagnosticsPublicFailures/resume_installation","Output":"--- PASS: TestTerminalDiagnosticsPublicFailures/resume_installation (0.00s)\n","OutputType":"frame"}
{"Time":"2026-10-09T20:19:30.603690539Z","Action":"pass","Package":"go.temporal.io/server/tools/gomad3/cmd/gomad/internal/cli","Test":"TestTerminalDiagnosticsPublicFailures/resume_installation","Elapsed":0}
{"Time":"2026-10-09T20:19:30.603738539Z","Action":"output","Package":"go.temporal.io/server/tools/gomad3/cmd/gomad/internal/cli","Test":"TestTerminalDiagnosticsPublicFailures","Output":"--- PASS: TestTerminalDiagnosticsPublicFailures (0.02s)\n","OutputType":"frame"}
{"Time":"2026-10-09T20:19:30.603755956Z","Action":"pass","Package":"go.temporal.io/server/tools/gomad3/cmd/gomad/internal/cli","Test":"TestTerminalDiagnosticsPublicFailures","Elapsed":0.02}
{"Time":"2026-10-09T20:19:30.603789206Z","Action":"run","Package":"go.temporal.io/server/tools/gomad3/cmd/gomad/internal/cli","Test":"TestTerminalDiagnosticsPrivateDispatch"}
{"Time":"2026-10-09T20:19:30.603810414Z","Action":"output","Package":"go.temporal.io/server/tools/gomad3/cmd/gomad/internal/cli","Test":"TestTerminalDiagnosticsPrivateDispatch","Output":"=== RUN   TestTerminalDiagnosticsPrivateDispatch\n","OutputType":"frame"}
{"Time":"2026-10-09T20:19:30.603831622Z","Action":"run","Package":"go.temporal.io/server/tools/gomad3/cmd/gomad/internal/cli","Test":"TestTerminalDiagnosticsPrivateDispatch/__coordinator"}
{"Time":"2026-10-09T20:19:30.603851789Z","Action":"output","Package":"go.temporal.io/server/tools/gomad3/cmd/gomad/internal/cli","Test":"TestTerminalDiagnosticsPrivateDispatch/__coordinator","Output":"=== RUN   TestTerminalDiagnosticsPrivateDispatch/__coordinator\n","OutputType":"frame"}
{"Time":"2026-10-09T20:19:30.603990706Z","Action":"output","Package":"go.temporal.io/server/tools/gomad3/cmd/gomad/internal/cli","Test":"TestTerminalDiagnosticsPrivateDispatch/__coordinator","Output":"--- PASS: TestTerminalDiagnosticsPrivateDispatch/__coordinator (0.00s)\n","OutputType":"frame"}
{"Time":"2026-10-09T20:19:30.604017914Z","Action":"pass","Package":"go.temporal.io/server/tools/gomad3/cmd/gomad/internal/cli","Test":"TestTerminalDiagnosticsPrivateDispatch/__coordinator","Elapsed":0}
{"Time":"2026-10-09T20:19:30.604036914Z","Action":"run","Package":"go.temporal.io/server/tools/gomad3/cmd/gomad/internal/cli","Test":"TestTerminalDiagnosticsPrivateDispatch/__supervisor"}
{"Time":"2026-10-09T20:19:30.604055997Z","Action":"output","Package":"go.temporal.io/server/tools/gomad3/cmd/gomad/internal/cli","Test":"TestTerminalDiagnosticsPrivateDispatch/__supervisor","Output":"=== RUN   TestTerminalDiagnosticsPrivateDispatch/__supervisor\n","OutputType":"frame"}
{"Time":"2026-10-09T20:19:30.604196581Z","Action":"output","Package":"go.temporal.io/server/tools/gomad3/cmd/gomad/internal/cli","Test":"TestTerminalDiagnosticsPrivateDispatch/__supervisor","Output":"--- PASS: TestTerminalDiagnosticsPrivateDispatch/__supervisor (0.00s)\n","OutputType":"frame"}
{"Time":"2026-10-09T20:19:30.604220122Z","Action":"pass","Package":"go.temporal.io/server/tools/gomad3/cmd/gomad/internal/cli","Test":"TestTerminalDiagnosticsPrivateDispatch/__supervisor","Elapsed":0}
{"Time":"2026-10-09T20:19:30.604240039Z","Action":"run","Package":"go.temporal.io/server/tools/gomad3/cmd/gomad/internal/cli","Test":"TestTerminalDiagnosticsPrivateDispatch/__target_bootstrap"}
{"Time":"2026-10-09T20:19:30.604259539Z","Action":"output","Package":"go.temporal.io/server/tools/gomad3/cmd/gomad/internal/cli","Test":"TestTerminalDiagnosticsPrivateDispatch/__target_bootstrap","Output":"=== RUN   TestTerminalDiagnosticsPrivateDispatch/__target_bootstrap\n","OutputType":"frame"}
{"Time":"2026-10-09T20:19:30.604445039Z","Action":"output","Package":"go.temporal.io/server/tools/gomad3/cmd/gomad/internal/cli","Test":"TestTerminalDiagnosticsPrivateDispatch/__target_bootstrap","Output":"--- PASS: TestTerminalDiagnosticsPrivateDispatch/__target_bootstrap (0.00s)\n","OutputType":"frame"}
{"Time":"2026-10-09T20:19:30.604475664Z","Action":"pass","Package":"go.temporal.io/server/tools/gomad3/cmd/gomad/internal/cli","Test":"TestTerminalDiagnosticsPrivateDispatch/__target_bootstrap","Elapsed":0}
{"Time":"2026-10-09T20:19:30.604495956Z","Action":"output","Package":"go.temporal.io/server/tools/gomad3/cmd/gomad/internal/cli","Test":"TestTerminalDiagnosticsPrivateDispatch","Output":"--- PASS: TestTerminalDiagnosticsPrivateDispatch (0.00s)\n","OutputType":"frame"}
{"Time":"2026-10-09T20:19:30.604516956Z","Action":"pass","Package":"go.temporal.io/server/tools/gomad3/cmd/gomad/internal/cli","Test":"TestTerminalDiagnosticsPrivateDispatch","Elapsed":0}
{"Time":"2026-10-09T20:19:30.604535414Z","Action":"run","Package":"go.temporal.io/server/tools/gomad3/cmd/gomad/internal/cli","Test":"TestTerminalDiagnosticsReplayClassifications"}
{"Time":"2026-10-09T20:19:30.604555122Z","Action":"output","Package":"go.temporal.io/server/tools/gomad3/cmd/gomad/internal/cli","Test":"TestTerminalDiagnosticsReplayClassifications","Output":"=== RUN   TestTerminalDiagnosticsReplayClassifications\n","OutputType":"frame"}
{"Time":"2026-10-09T20:19:30.604577206Z","Action":"run","Package":"go.temporal.io/server/tools/gomad3/cmd/gomad/internal/cli","Test":"TestTerminalDiagnosticsReplayClassifications/preflight"}
{"Time":"2026-10-09T20:19:30.604597372Z","Action":"output","Package":"go.temporal.io/server/tools/gomad3/cmd/gomad/internal/cli","Test":"TestTerminalDiagnosticsReplayClassifications/preflight","Output":"=== RUN   TestTerminalDiagnosticsReplayClassifications/preflight\n","OutputType":"frame"}
{"Time":"2026-10-09T20:19:30.604698456Z","Action":"output","Package":"go.temporal.io/server/tools/gomad3/cmd/gomad/internal/cli","Test":"TestTerminalDiagnosticsReplayClassifications/preflight","Output":"--- PASS: TestTerminalDiagnosticsReplayClassifications/preflight (0.00s)\n","OutputType":"frame"}
{"Time":"2026-10-09T20:19:30.604717664Z","Action":"pass","Package":"go.temporal.io/server/tools/gomad3/cmd/gomad/internal/cli","Test":"TestTerminalDiagnosticsReplayClassifications/preflight","Elapsed":0}
{"Time":"2026-10-09T20:19:30.604730914Z","Action":"run","Package":"go.temporal.io/server/tools/gomad3/cmd/gomad/internal/cli","Test":"TestTerminalDiagnosticsReplayClassifications/host"}
{"Time":"2026-10-09T20:19:30.604747289Z","Action":"output","Package":"go.temporal.io/server/tools/gomad3/cmd/gomad/internal/cli","Test":"TestTerminalDiagnosticsReplayClassifications/host","Output":"=== RUN   TestTerminalDiagnosticsReplayClassifications/host\n","OutputType":"frame"}
{"Time":"2026-10-09T20:19:30.604923664Z","Action":"output","Package":"go.temporal.io/server/tools/gomad3/cmd/gomad/internal/cli","Test":"TestTerminalDiagnosticsReplayClassifications/host","Output":"--- PASS: TestTerminalDiagnosticsReplayClassifications/host (0.00s)\n","OutputType":"frame"}
{"Time":"2026-10-09T20:19:30.604944331Z","Action":"pass","Package":"go.temporal.io/server/tools/gomad3/cmd/gomad/internal/cli","Test":"TestTerminalDiagnosticsReplayClassifications/host","Elapsed":0}
{"Time":"2026-10-09T20:19:30.604969122Z","Action":"output","Package":"go.temporal.io/server/tools/gomad3/cmd/gomad/internal/cli","Test":"TestTerminalDiagnosticsReplayClassifications","Output":"--- PASS: TestTerminalDiagnosticsReplayClassifications (0.00s)\n","OutputType":"frame"}
{"Time":"2026-10-09T20:19:30.604983789Z","Action":"pass","Package":"go.temporal.io/server/tools/gomad3/cmd/gomad/internal/cli","Test":"TestTerminalDiagnosticsReplayClassifications","Elapsed":0}
{"Time":"2026-10-09T20:19:30.605007081Z","Action":"output","Package":"go.temporal.io/server/tools/gomad3/cmd/gomad/internal/cli","Output":"PASS\n","OutputType":"frame"}
{"Time":"2026-10-09T20:19:30.605094122Z","Action":"output","Package":"go.temporal.io/server/tools/gomad3/cmd/gomad/internal/cli","Output":"ok  \tgo.temporal.io/server/tools/gomad3/cmd/gomad/internal/cli\t0.019s\n"}
{"Time":"2026-10-09T20:19:30.605152622Z","Action":"pass","Package":"go.temporal.io/server/tools/gomad3/cmd/gomad/internal/cli","Elapsed":0.019}
