{"Time":"2026-10-08T21:05:35.185568691Z","Action":"start","Package":"go.temporal.io/server/tools/gomad3/internal/preparation"}
{"Time":"2026-10-08T21:05:35.190983691Z","Action":"run","Package":"go.temporal.io/server/tools/gomad3/internal/preparation","Test":"TestPrepareCustomPreparerSkipsAdaptersAndValidates"}
{"Time":"2026-10-08T21:05:35.191040483Z","Action":"output","Package":"go.temporal.io/server/tools/gomad3/internal/preparation","Test":"TestPrepareCustomPreparerSkipsAdaptersAndValidates","Output":"=== RUN   TestPrepareCustomPreparerSkipsAdaptersAndValidates\n","OutputType":"frame"}
{"Time":"2026-10-08T21:05:35.191318941Z","Action":"output","Package":"go.temporal.io/server/tools/gomad3/internal/preparation","Test":"TestPrepareCustomPreparerSkipsAdaptersAndValidates","Output":"    preparation_test.go:46: deterministic I/O requires one of darwin/arm64, linux/amd64; host is linux/arm64\n","OutputType":"error"}
{"Time":"2026-10-08T21:05:35.191542608Z","Action":"output","Package":"go.temporal.io/server/tools/gomad3/internal/preparation","Test":"TestPrepareCustomPreparerSkipsAdaptersAndValidates","Output":"--- FAIL: TestPrepareCustomPreparerSkipsAdaptersAndValidates (0.00s)\n","OutputType":"frame"}
{"Time":"2026-10-08T21:05:35.191561649Z","Action":"fail","Package":"go.temporal.io/server/tools/gomad3/internal/preparation","Test":"TestPrepareCustomPreparerSkipsAdaptersAndValidates","Elapsed":0}
{"Time":"2026-10-08T21:05:35.191595858Z","Action":"run","Package":"go.temporal.io/server/tools/gomad3/internal/preparation","Test":"TestPrepareKeepsTargetFailureStageAndIdentity"}
{"Time":"2026-10-08T21:05:35.191618858Z","Action":"output","Package":"go.temporal.io/server/tools/gomad3/internal/preparation","Test":"TestPrepareKeepsTargetFailureStageAndIdentity","Output":"=== RUN   TestPrepareKeepsTargetFailureStageAndIdentity\n","OutputType":"frame"}
{"Time":"2026-10-08T21:05:35.191826108Z","Action":"output","Package":"go.temporal.io/server/tools/gomad3/internal/preparation","Test":"TestPrepareKeepsTargetFailureStageAndIdentity","Output":"--- PASS: TestPrepareKeepsTargetFailureStageAndIdentity (0.00s)\n","OutputType":"frame"}
{"Time":"2026-10-08T21:05:35.191885816Z","Action":"pass","Package":"go.temporal.io/server/tools/gomad3/internal/preparation","Test":"TestPrepareKeepsTargetFailureStageAndIdentity","Elapsed":0}
{"Time":"2026-10-08T21:05:35.191908483Z","Action":"run","Package":"go.temporal.io/server/tools/gomad3/internal/preparation","Test":"TestPrepareExternalModuleWithLocalReplacement"}
{"Time":"2026-10-08T21:05:35.191923816Z","Action":"output","Package":"go.temporal.io/server/tools/gomad3/internal/preparation","Test":"TestPrepareExternalModuleWithLocalReplacement","Output":"=== RUN   TestPrepareExternalModuleWithLocalReplacement\n","OutputType":"frame"}
{"Time":"2026-10-08T21:05:35.252530025Z","Action":"output","Package":"go.temporal.io/server/tools/gomad3/internal/preparation","Test":"TestPrepareExternalModuleWithLocalReplacement","Output":"    preparation_test.go:93: deterministic I/O requires one of darwin/arm64, linux/amd64; host is linux/arm64\n","OutputType":"error"}
{"Time":"2026-10-08T21:05:35.254159816Z","Action":"output","Package":"go.temporal.io/server/tools/gomad3/internal/preparation","Test":"TestPrepareExternalModuleWithLocalReplacement","Output":"--- FAIL: TestPrepareExternalModuleWithLocalReplacement (0.06s)\n","OutputType":"frame"}
{"Time":"2026-10-08T21:05:35.254370566Z","Action":"fail","Package":"go.temporal.io/server/tools/gomad3/internal/preparation","Test":"TestPrepareExternalModuleWithLocalReplacement","Elapsed":0.06}
{"Time":"2026-10-08T21:05:35.254449233Z","Action":"run","Package":"go.temporal.io/server/tools/gomad3/internal/preparation","Test":"TestPrepareIndependentAdapterTargetsHaveStableIdentityAndCleanWorkspaces"}
{"Time":"2026-10-08T21:05:35.254494525Z","Action":"output","Package":"go.temporal.io/server/tools/gomad3/internal/preparation","Test":"TestPrepareIndependentAdapterTargetsHaveStableIdentityAndCleanWorkspaces","Output":"=== RUN   TestPrepareIndependentAdapterTargetsHaveStableIdentityAndCleanWorkspaces\n","OutputType":"frame"}
{"Time":"2026-10-08T21:05:35.254837525Z","Action":"output","Package":"go.temporal.io/server/tools/gomad3/internal/preparation","Test":"TestPrepareIndependentAdapterTargetsHaveStableIdentityAndCleanWorkspaces","Output":"    preparation_test.go:114: deterministic I/O requires one of darwin/arm64, linux/amd64; host is linux/arm64\n","OutputType":"error"}
{"Time":"2026-10-08T21:05:35.25755215Z","Action":"output","Package":"go.temporal.io/server/tools/gomad3/internal/preparation","Test":"TestPrepareIndependentAdapterTargetsHaveStableIdentityAndCleanWorkspaces","Output":"--- FAIL: TestPrepareIndependentAdapterTargetsHaveStableIdentityAndCleanWorkspaces (0.00s)\n","OutputType":"frame"}
{"Time":"2026-10-08T21:05:35.257612983Z","Action":"fail","Package":"go.temporal.io/server/tools/gomad3/internal/preparation","Test":"TestPrepareIndependentAdapterTargetsHaveStableIdentityAndCleanWorkspaces","Elapsed":0}
{"Time":"2026-10-08T21:05:35.2577024Z","Action":"run","Package":"go.temporal.io/server/tools/gomad3/internal/preparation","Test":"TestPrepareRejectsAdapterSumsAndReplacementConflicts"}
{"Time":"2026-10-08T21:05:35.2577644Z","Action":"output","Package":"go.temporal.io/server/tools/gomad3/internal/preparation","Test":"TestPrepareRejectsAdapterSumsAndReplacementConflicts","Output":"=== RUN   TestPrepareRejectsAdapterSumsAndReplacementConflicts\n","OutputType":"frame"}
{"Time":"2026-10-08T21:05:35.257935775Z","Action":"run","Package":"go.temporal.io/server/tools/gomad3/internal/preparation","Test":"TestPrepareRejectsAdapterSumsAndReplacementConflicts/missing_sum"}
{"Time":"2026-10-08T21:05:35.258094691Z","Action":"output","Package":"go.temporal.io/server/tools/gomad3/internal/preparation","Test":"TestPrepareRejectsAdapterSumsAndReplacementConflicts/missing_sum","Output":"=== RUN   TestPrepareRejectsAdapterSumsAndReplacementConflicts/missing_sum\n","OutputType":"frame"}
{"Time":"2026-10-08T21:05:35.259421816Z","Action":"output","Package":"go.temporal.io/server/tools/gomad3/internal/preparation","Test":"TestPrepareRejectsAdapterSumsAndReplacementConflicts/missing_sum","Output":"    preparation_test.go:169: Prepare() error = deterministic I/O requires one of darwin/arm64, linux/amd64; host is linux/arm64, stage = adapters\n","OutputType":"error"}
{"Time":"2026-10-08T21:05:35.262072775Z","Action":"output","Package":"go.temporal.io/server/tools/gomad3/internal/preparation","Test":"TestPrepareRejectsAdapterSumsAndReplacementConflicts/missing_sum","Output":"--- FAIL: TestPrepareRejectsAdapterSumsAndReplacementConflicts/missing_sum (0.00s)\n","OutputType":"frame"}
{"Time":"2026-10-08T21:05:35.262138566Z","Action":"fail","Package":"go.temporal.io/server/tools/gomad3/internal/preparation","Test":"TestPrepareRejectsAdapterSumsAndReplacementConflicts/missing_sum","Elapsed":0}
{"Time":"2026-10-08T21:05:35.262221525Z","Action":"run","Package":"go.temporal.io/server/tools/gomad3/internal/preparation","Test":"TestPrepareRejectsAdapterSumsAndReplacementConflicts/replacement_conflict"}
{"Time":"2026-10-08T21:05:35.262282358Z","Action":"output","Package":"go.temporal.io/server/tools/gomad3/internal/preparation","Test":"TestPrepareRejectsAdapterSumsAndReplacementConflicts/replacement_conflict","Output":"=== RUN   TestPrepareRejectsAdapterSumsAndReplacementConflicts/replacement_conflict\n","OutputType":"frame"}
{"Time":"2026-10-08T21:05:35.262917525Z","Action":"output","Package":"go.temporal.io/server/tools/gomad3/internal/preparation","Test":"TestPrepareRejectsAdapterSumsAndReplacementConflicts/replacement_conflict","Output":"    preparation_test.go:169: Prepare() error = deterministic I/O requires one of darwin/arm64, linux/amd64; host is linux/arm64, stage = adapters\n","OutputType":"error"}
{"Time":"2026-10-08T21:05:35.2654489Z","Action":"output","Package":"go.temporal.io/server/tools/gomad3/internal/preparation","Test":"TestPrepareRejectsAdapterSumsAndReplacementConflicts/replacement_conflict","Output":"--- FAIL: TestPrepareRejectsAdapterSumsAndReplacementConflicts/replacement_conflict (0.00s)\n","OutputType":"frame"}
{"Time":"2026-10-08T21:05:35.269378941Z","Action":"fail","Package":"go.temporal.io/server/tools/gomad3/internal/preparation","Test":"TestPrepareRejectsAdapterSumsAndReplacementConflicts/replacement_conflict","Elapsed":0}
{"Time":"2026-10-08T21:05:35.269518608Z","Action":"output","Package":"go.temporal.io/server/tools/gomad3/internal/preparation","Test":"TestPrepareRejectsAdapterSumsAndReplacementConflicts","Output":"--- FAIL: TestPrepareRejectsAdapterSumsAndReplacementConflicts (0.01s)\n","OutputType":"frame"}
{"Time":"2026-10-08T21:05:35.269563941Z","Action":"fail","Package":"go.temporal.io/server/tools/gomad3/internal/preparation","Test":"TestPrepareRejectsAdapterSumsAndReplacementConflicts","Elapsed":0.01}
{"Time":"2026-10-08T21:05:35.269603566Z","Action":"run","Package":"go.temporal.io/server/tools/gomad3/internal/preparation","Test":"TestPrepareReportsCleanupFailureAndKeepsPrimaryFailure"}
{"Time":"2026-10-08T21:05:35.269620816Z","Action":"output","Package":"go.temporal.io/server/tools/gomad3/internal/preparation","Test":"TestPrepareReportsCleanupFailureAndKeepsPrimaryFailure","Output":"=== RUN   TestPrepareReportsCleanupFailureAndKeepsPrimaryFailure\n","OutputType":"frame"}
{"Time":"2026-10-08T21:05:35.269644816Z","Action":"run","Package":"go.temporal.io/server/tools/gomad3/internal/preparation","Test":"TestPrepareReportsCleanupFailureAndKeepsPrimaryFailure/successful_target"}
{"Time":"2026-10-08T21:05:35.269661358Z","Action":"output","Package":"go.temporal.io/server/tools/gomad3/internal/preparation","Test":"TestPrepareReportsCleanupFailureAndKeepsPrimaryFailure/successful_target","Output":"=== RUN   TestPrepareReportsCleanupFailureAndKeepsPrimaryFailure/successful_target\n","OutputType":"frame"}
{"Time":"2026-10-08T21:05:35.269676233Z","Action":"output","Package":"go.temporal.io/server/tools/gomad3/internal/preparation","Test":"TestPrepareReportsCleanupFailureAndKeepsPrimaryFailure/successful_target","Output":"    preparation_test.go:204: Prepare() error = deterministic I/O requires one of darwin/arm64, linux/amd64; host is linux/arm64\n","OutputType":"error"}
{"Time":"2026-10-08T21:05:35.269690191Z","Action":"output","Package":"go.temporal.io/server/tools/gomad3/internal/preparation","Test":"TestPrepareReportsCleanupFailureAndKeepsPrimaryFailure/successful_target","Output":"        remove deterministic I/O adapter workspace: cleanup failed, stage = adapters, removed = true\n","OutputType":"error-continue"}
{"Time":"2026-10-08T21:05:35.269705525Z","Action":"output","Package":"go.temporal.io/server/tools/gomad3/internal/preparation","Test":"TestPrepareReportsCleanupFailureAndKeepsPrimaryFailure/successful_target","Output":"--- FAIL: TestPrepareReportsCleanupFailureAndKeepsPrimaryFailure/successful_target (0.00s)\n","OutputType":"frame"}
{"Time":"2026-10-08T21:05:35.269718858Z","Action":"fail","Package":"go.temporal.io/server/tools/gomad3/internal/preparation","Test":"TestPrepareReportsCleanupFailureAndKeepsPrimaryFailure/successful_target","Elapsed":0}
{"Time":"2026-10-08T21:05:35.269736733Z","Action":"run","Package":"go.temporal.io/server/tools/gomad3/internal/preparation","Test":"TestPrepareReportsCleanupFailureAndKeepsPrimaryFailure/failed_target"}
{"Time":"2026-10-08T21:05:35.269750566Z","Action":"output","Package":"go.temporal.io/server/tools/gomad3/internal/preparation","Test":"TestPrepareReportsCleanupFailureAndKeepsPrimaryFailure/failed_target","Output":"=== RUN   TestPrepareReportsCleanupFailureAndKeepsPrimaryFailure/failed_target\n","OutputType":"frame"}
{"Time":"2026-10-08T21:05:35.270708816Z","Action":"output","Package":"go.temporal.io/server/tools/gomad3/internal/preparation","Test":"TestPrepareReportsCleanupFailureAndKeepsPrimaryFailure/failed_target","Output":"    preparation_test.go:204: Prepare() error = deterministic I/O requires one of darwin/arm64, linux/amd64; host is linux/arm64\n","OutputType":"error"}
{"Time":"2026-10-08T21:05:35.270779608Z","Action":"output","Package":"go.temporal.io/server/tools/gomad3/internal/preparation","Test":"TestPrepareReportsCleanupFailureAndKeepsPrimaryFailure/failed_target","Output":"        remove deterministic I/O adapter workspace: cleanup failed, stage = adapters, removed = true\n","OutputType":"error-continue"}
{"Time":"2026-10-08T21:05:35.273064066Z","Action":"output","Package":"go.temporal.io/server/tools/gomad3/internal/preparation","Test":"TestPrepareReportsCleanupFailureAndKeepsPrimaryFailure/failed_target","Output":"--- FAIL: TestPrepareReportsCleanupFailureAndKeepsPrimaryFailure/failed_target (0.01s)\n","OutputType":"frame"}
{"Time":"2026-10-08T21:05:35.273177191Z","Action":"fail","Package":"go.temporal.io/server/tools/gomad3/internal/preparation","Test":"TestPrepareReportsCleanupFailureAndKeepsPrimaryFailure/failed_target","Elapsed":0.01}
{"Time":"2026-10-08T21:05:35.273264441Z","Action":"output","Package":"go.temporal.io/server/tools/gomad3/internal/preparation","Test":"TestPrepareReportsCleanupFailureAndKeepsPrimaryFailure","Output":"--- FAIL: TestPrepareReportsCleanupFailureAndKeepsPrimaryFailure (0.01s)\n","OutputType":"frame"}
{"Time":"2026-10-08T21:05:35.27339065Z","Action":"fail","Package":"go.temporal.io/server/tools/gomad3/internal/preparation","Test":"TestPrepareReportsCleanupFailureAndKeepsPrimaryFailure","Elapsed":0.01}
{"Time":"2026-10-08T21:05:35.273465525Z","Action":"output","Package":"go.temporal.io/server/tools/gomad3/internal/preparation","Output":"FAIL\n","OutputType":"frame"}
{"Time":"2026-10-08T21:05:35.27359615Z","Action":"output","Package":"go.temporal.io/server/tools/gomad3/internal/preparation","Output":"FAIL\tgo.temporal.io/server/tools/gomad3/internal/preparation\t0.088s\n","OutputType":"frame"}
{"Time":"2026-10-08T21:05:35.273894525Z","Action":"fail","Package":"go.temporal.io/server/tools/gomad3/internal/preparation","Elapsed":0.088}
{"Time":"2026-10-08T21:05:35.2838684Z","Action":"start","Package":"go.temporal.io/server/tools/gomad3/runner"}
{"Time":"2026-10-08T21:05:35.292294483Z","Action":"run","Package":"go.temporal.io/server/tools/gomad3/runner","Test":"TestCreateCampaignPlanPreparesAdapterAfterBundleRootExists"}
{"Time":"2026-10-08T21:05:35.292355775Z","Action":"output","Package":"go.temporal.io/server/tools/gomad3/runner","Test":"TestCreateCampaignPlanPreparesAdapterAfterBundleRootExists","Output":"=== RUN   TestCreateCampaignPlanPreparesAdapterAfterBundleRootExists\n","OutputType":"frame"}
{"Time":"2026-10-08T21:05:35.292957858Z","Action":"output","Package":"go.temporal.io/server/tools/gomad3/runner","Test":"TestCreateCampaignPlanPreparesAdapterAfterBundleRootExists","Output":"    preparation_owner_test.go:24: pre-bundle adapter preparation error = deterministic I/O requires one of darwin/arm64, linux/amd64; host is linux/arm64\n","OutputType":"error"}
{"Time":"2026-10-08T21:05:35.293303483Z","Action":"output","Package":"go.temporal.io/server/tools/gomad3/runner","Test":"TestCreateCampaignPlanPreparesAdapterAfterBundleRootExists","Output":"--- FAIL: TestCreateCampaignPlanPreparesAdapterAfterBundleRootExists (0.00s)\n","OutputType":"frame"}
{"Time":"2026-10-08T21:05:35.29332365Z","Action":"fail","Package":"go.temporal.io/server/tools/gomad3/runner","Test":"TestCreateCampaignPlanPreparesAdapterAfterBundleRootExists","Elapsed":0}
{"Time":"2026-10-08T21:05:35.293926816Z","Action":"run","Package":"go.temporal.io/server/tools/gomad3/runner","Test":"TestRunRejectsPreparedTargetMutationBeforeFailurePublication"}
{"Time":"2026-10-08T21:05:35.293967816Z","Action":"output","Package":"go.temporal.io/server/tools/gomad3/runner","Test":"TestRunRejectsPreparedTargetMutationBeforeFailurePublication","Output":"=== RUN   TestRunRejectsPreparedTargetMutationBeforeFailurePublication\n","OutputType":"frame"}
{"Time":"2026-10-08T21:05:35.3107364Z","Action":"output","Package":"go.temporal.io/server/tools/gomad3/runner","Test":"TestRunRejectsPreparedTargetMutationBeforeFailurePublication","Output":"    runner_test.go:706: exploreWith() error = \u0026preparation.stageError{stage:\"validation\", err:(*errors.errorString)(0x70663be9cce0)}\n","OutputType":"error"}
{"Time":"2026-10-08T21:05:35.311948608Z","Action":"output","Package":"go.temporal.io/server/tools/gomad3/runner","Test":"TestRunRejectsPreparedTargetMutationBeforeFailurePublication","Output":"--- FAIL: TestRunRejectsPreparedTargetMutationBeforeFailurePublication (0.02s)\n","OutputType":"frame"}
{"Time":"2026-10-08T21:05:35.312102108Z","Action":"fail","Package":"go.temporal.io/server/tools/gomad3/runner","Test":"TestRunRejectsPreparedTargetMutationBeforeFailurePublication","Elapsed":0.02}
{"Time":"2026-10-08T21:05:35.312193191Z","Action":"run","Package":"go.temporal.io/server/tools/gomad3/runner","Test":"TestRunPreparationFailureLeavesClassifiedPartial"}
{"Time":"2026-10-08T21:05:35.312227816Z","Action":"output","Package":"go.temporal.io/server/tools/gomad3/runner","Test":"TestRunPreparationFailureLeavesClassifiedPartial","Output":"=== RUN   TestRunPreparationFailureLeavesClassifiedPartial\n","OutputType":"frame"}
{"Time":"2026-10-08T21:05:35.312255983Z","Action":"run","Package":"go.temporal.io/server/tools/gomad3/runner","Test":"TestRunPreparationFailureLeavesClassifiedPartial/build_failure"}
{"Time":"2026-10-08T21:05:35.312272733Z","Action":"output","Package":"go.temporal.io/server/tools/gomad3/runner","Test":"TestRunPreparationFailureLeavesClassifiedPartial/build_failure","Output":"=== RUN   TestRunPreparationFailureLeavesClassifiedPartial/build_failure\n","OutputType":"frame"}
{"Time":"2026-10-08T21:05:35.33332715Z","Action":"output","Package":"go.temporal.io/server/tools/gomad3/runner","Test":"TestRunPreparationFailureLeavesClassifiedPartial/build_failure","Output":"--- PASS: TestRunPreparationFailureLeavesClassifiedPartial/build_failure (0.02s)\n","OutputType":"frame"}
{"Time":"2026-10-08T21:05:35.333458233Z","Action":"pass","Package":"go.temporal.io/server/tools/gomad3/runner","Test":"TestRunPreparationFailureLeavesClassifiedPartial/build_failure","Elapsed":0.02}
{"Time":"2026-10-08T21:05:35.33352415Z","Action":"run","Package":"go.temporal.io/server/tools/gomad3/runner","Test":"TestRunPreparationFailureLeavesClassifiedPartial/cancelled"}
{"Time":"2026-10-08T21:05:35.334077983Z","Action":"output","Package":"go.temporal.io/server/tools/gomad3/runner","Test":"TestRunPreparationFailureLeavesClassifiedPartial/cancelled","Output":"=== RUN   TestRunPreparationFailureLeavesClassifiedPartial/cancelled\n","OutputType":"frame"}
{"Time":"2026-10-08T21:05:35.346694775Z","Action":"output","Package":"go.temporal.io/server/tools/gomad3/runner","Test":"TestRunPreparationFailureLeavesClassifiedPartial/cancelled","Output":"--- PASS: TestRunPreparationFailureLeavesClassifiedPartial/cancelled (0.01s)\n","OutputType":"frame"}
{"Time":"2026-10-08T21:05:35.34678965Z","Action":"pass","Package":"go.temporal.io/server/tools/gomad3/runner","Test":"TestRunPreparationFailureLeavesClassifiedPartial/cancelled","Elapsed":0.01}
{"Time":"2026-10-08T21:05:35.346843983Z","Action":"run","Package":"go.temporal.io/server/tools/gomad3/runner","Test":"TestRunPreparationFailureLeavesClassifiedPartial/overall_timeout"}
{"Time":"2026-10-08T21:05:35.346865691Z","Action":"output","Package":"go.temporal.io/server/tools/gomad3/runner","Test":"TestRunPreparationFailureLeavesClassifiedPartial/overall_timeout","Output":"=== RUN   TestRunPreparationFailureLeavesClassifiedPartial/overall_timeout\n","OutputType":"frame"}
{"Time":"2026-10-08T21:05:35.35645765Z","Action":"output","Package":"go.temporal.io/server/tools/gomad3/runner","Test":"TestRunPreparationFailureLeavesClassifiedPartial/overall_timeout","Output":"--- PASS: TestRunPreparationFailureLeavesClassifiedPartial/overall_timeout (0.01s)\n","OutputType":"frame"}
{"Time":"2026-10-08T21:05:35.356494733Z","Action":"pass","Package":"go.temporal.io/server/tools/gomad3/runner","Test":"TestRunPreparationFailureLeavesClassifiedPartial/overall_timeout","Elapsed":0.01}
{"Time":"2026-10-08T21:05:35.356540191Z","Action":"output","Package":"go.temporal.io/server/tools/gomad3/runner","Test":"TestRunPreparationFailureLeavesClassifiedPartial","Output":"--- PASS: TestRunPreparationFailureLeavesClassifiedPartial (0.04s)\n","OutputType":"frame"}
{"Time":"2026-10-08T21:05:35.356560775Z","Action":"pass","Package":"go.temporal.io/server/tools/gomad3/runner","Test":"TestRunPreparationFailureLeavesClassifiedPartial","Elapsed":0.04}
{"Time":"2026-10-08T21:05:35.357169566Z","Action":"output","Package":"go.temporal.io/server/tools/gomad3/runner","Output":"FAIL\n","OutputType":"frame"}
{"Time":"2026-10-08T21:05:35.357529483Z","Action":"output","Package":"go.temporal.io/server/tools/gomad3/runner","Output":"FAIL\tgo.temporal.io/server/tools/gomad3/runner\t0.074s\n","OutputType":"frame"}
{"Time":"2026-10-08T21:05:35.357569566Z","Action":"fail","Package":"go.temporal.io/server/tools/gomad3/runner","Elapsed":0.074}
