{"Time":"2026-10-08T21:20:03.667597772Z","Action":"start","Package":"go.temporal.io/server/tools/gomad3/runner"}
{"Time":"2026-10-08T21:20:03.67609073Z","Action":"run","Package":"go.temporal.io/server/tools/gomad3/runner","Test":"TestPreparationSourceCallerPreservation"}
{"Time":"2026-10-08T21:20:03.676184022Z","Action":"output","Package":"go.temporal.io/server/tools/gomad3/runner","Test":"TestPreparationSourceCallerPreservation","Output":"=== RUN   TestPreparationSourceCallerPreservation\n","OutputType":"frame"}
{"Time":"2026-10-08T21:20:03.676521814Z","Action":"run","Package":"go.temporal.io/server/tools/gomad3/runner","Test":"TestPreparationSourceCallerPreservation/simple/explore"}
{"Time":"2026-10-08T21:20:03.676573522Z","Action":"output","Package":"go.temporal.io/server/tools/gomad3/runner","Test":"TestPreparationSourceCallerPreservation/simple/explore","Output":"=== RUN   TestPreparationSourceCallerPreservation/simple/explore\n","OutputType":"frame"}
{"Time":"2026-10-08T21:20:07.589411149Z","Action":"output","Package":"go.temporal.io/server/tools/gomad3/runner","Test":"TestPreparationSourceCallerPreservation/simple/explore","Output":"--- PASS: TestPreparationSourceCallerPreservation/simple/explore (3.91s)\n","OutputType":"frame"}
{"Time":"2026-10-08T21:20:07.59696894Z","Action":"pass","Package":"go.temporal.io/server/tools/gomad3/runner","Test":"TestPreparationSourceCallerPreservation/simple/explore","Elapsed":3.91}
{"Time":"2026-10-08T21:20:07.603296149Z","Action":"run","Package":"go.temporal.io/server/tools/gomad3/runner","Test":"TestPreparationSourceCallerPreservation/simple/plan"}
{"Time":"2026-10-08T21:20:07.603621899Z","Action":"output","Package":"go.temporal.io/server/tools/gomad3/runner","Test":"TestPreparationSourceCallerPreservation/simple/plan","Output":"=== RUN   TestPreparationSourceCallerPreservation/simple/plan\n","OutputType":"frame"}
{"Time":"2026-10-08T21:20:12.878195276Z","Action":"output","Package":"go.temporal.io/server/tools/gomad3/runner","Test":"TestPreparationSourceCallerPreservation/simple/plan","Output":"--- PASS: TestPreparationSourceCallerPreservation/simple/plan (5.29s)\n","OutputType":"frame"}
{"Time":"2026-10-08T21:20:12.878588901Z","Action":"pass","Package":"go.temporal.io/server/tools/gomad3/runner","Test":"TestPreparationSourceCallerPreservation/simple/plan","Elapsed":5.29}
{"Time":"2026-10-08T21:20:12.87868711Z","Action":"run","Package":"go.temporal.io/server/tools/gomad3/runner","Test":"TestPreparationSourceCallerPreservation/adapter/explore"}
{"Time":"2026-10-08T21:20:12.87872961Z","Action":"output","Package":"go.temporal.io/server/tools/gomad3/runner","Test":"TestPreparationSourceCallerPreservation/adapter/explore","Output":"=== RUN   TestPreparationSourceCallerPreservation/adapter/explore\n","OutputType":"frame"}
{"Time":"2026-10-08T21:20:15.470481444Z","Action":"output","Package":"go.temporal.io/server/tools/gomad3/runner","Test":"TestPreparationSourceCallerPreservation/adapter/explore","Output":"--- PASS: TestPreparationSourceCallerPreservation/adapter/explore (2.59s)\n","OutputType":"frame"}
{"Time":"2026-10-08T21:20:15.470624944Z","Action":"pass","Package":"go.temporal.io/server/tools/gomad3/runner","Test":"TestPreparationSourceCallerPreservation/adapter/explore","Elapsed":2.59}
{"Time":"2026-10-08T21:20:15.470685361Z","Action":"run","Package":"go.temporal.io/server/tools/gomad3/runner","Test":"TestPreparationSourceCallerPreservation/adapter/plan"}
{"Time":"2026-10-08T21:20:15.470729903Z","Action":"output","Package":"go.temporal.io/server/tools/gomad3/runner","Test":"TestPreparationSourceCallerPreservation/adapter/plan","Output":"=== RUN   TestPreparationSourceCallerPreservation/adapter/plan\n","OutputType":"frame"}
{"Time":"2026-10-08T21:20:17.888511654Z","Action":"output","Package":"go.temporal.io/server/tools/gomad3/runner","Test":"TestPreparationSourceCallerPreservation/adapter/plan","Output":"--- PASS: TestPreparationSourceCallerPreservation/adapter/plan (2.42s)\n","OutputType":"frame"}
{"Time":"2026-10-08T21:20:17.888638195Z","Action":"pass","Package":"go.temporal.io/server/tools/gomad3/runner","Test":"TestPreparationSourceCallerPreservation/adapter/plan","Elapsed":2.42}
{"Time":"2026-10-08T21:20:17.889895862Z","Action":"output","Package":"go.temporal.io/server/tools/gomad3/runner","Test":"TestPreparationSourceCallerPreservation","Output":"--- PASS: TestPreparationSourceCallerPreservation (14.21s)\n","OutputType":"frame"}
{"Time":"2026-10-08T21:20:17.890036987Z","Action":"pass","Package":"go.temporal.io/server/tools/gomad3/runner","Test":"TestPreparationSourceCallerPreservation","Elapsed":14.21}
{"Time":"2026-10-08T21:20:17.890101987Z","Action":"output","Package":"go.temporal.io/server/tools/gomad3/runner","Output":"PASS\n","OutputType":"frame"}
{"Time":"2026-10-08T21:20:17.892912779Z","Action":"output","Package":"go.temporal.io/server/tools/gomad3/runner","Output":"ok  \tgo.temporal.io/server/tools/gomad3/runner\t14.225s\n"}
{"Time":"2026-10-08T21:20:17.892982654Z","Action":"pass","Package":"go.temporal.io/server/tools/gomad3/runner","Elapsed":14.225}
