{"Time":"2026-10-08T21:30:35.42781474Z","Action":"start","Package":"go.temporal.io/server/tools/gomad3/deterministicio"}
{"Time":"2026-10-08T21:30:35.428094073Z","Action":"start","Package":"go.temporal.io/server/tools/gomad3/internal/preparation"}
{"Time":"2026-10-08T21:30:35.434904448Z","Action":"run","Package":"go.temporal.io/server/tools/gomad3/internal/preparation","Test":"TestPrepareKeepsTargetFailureStageAndIdentity"}
{"Time":"2026-10-08T21:30:35.435023282Z","Action":"output","Package":"go.temporal.io/server/tools/gomad3/internal/preparation","Test":"TestPrepareKeepsTargetFailureStageAndIdentity","Output":"=== RUN   TestPrepareKeepsTargetFailureStageAndIdentity\n","OutputType":"frame"}
{"Time":"2026-10-08T21:30:35.436921407Z","Action":"run","Package":"go.temporal.io/server/tools/gomad3/deterministicio","Test":"TestPortableProfilePublicGuardsRemainFirst"}
{"Time":"2026-10-08T21:30:35.437002323Z","Action":"output","Package":"go.temporal.io/server/tools/gomad3/deterministicio","Test":"TestPortableProfilePublicGuardsRemainFirst","Output":"=== RUN   TestPortableProfilePublicGuardsRemainFirst\n","OutputType":"frame"}
{"Time":"2026-10-08T21:30:35.437604032Z","Action":"run","Package":"go.temporal.io/server/tools/gomad3/deterministicio","Test":"TestPortableProfilePublicGuardsRemainFirst/adapters"}
{"Time":"2026-10-08T21:30:35.43766224Z","Action":"output","Package":"go.temporal.io/server/tools/gomad3/deterministicio","Test":"TestPortableProfilePublicGuardsRemainFirst/adapters","Output":"=== RUN   TestPortableProfilePublicGuardsRemainFirst/adapters\n","OutputType":"frame"}
{"Time":"2026-10-08T21:30:35.437762657Z","Action":"output","Package":"go.temporal.io/server/tools/gomad3/deterministicio","Test":"TestPortableProfilePublicGuardsRemainFirst/adapters","Output":"--- PASS: TestPortableProfilePublicGuardsRemainFirst/adapters (0.00s)\n","OutputType":"frame"}
{"Time":"2026-10-08T21:30:35.437804823Z","Action":"pass","Package":"go.temporal.io/server/tools/gomad3/deterministicio","Test":"TestPortableProfilePublicGuardsRemainFirst/adapters","Elapsed":0}
{"Time":"2026-10-08T21:30:35.437925782Z","Action":"run","Package":"go.temporal.io/server/tools/gomad3/deterministicio","Test":"TestPortableProfilePublicGuardsRemainFirst/requirements"}
{"Time":"2026-10-08T21:30:35.438001823Z","Action":"output","Package":"go.temporal.io/server/tools/gomad3/deterministicio","Test":"TestPortableProfilePublicGuardsRemainFirst/requirements","Output":"=== RUN   TestPortableProfilePublicGuardsRemainFirst/requirements\n","OutputType":"frame"}
{"Time":"2026-10-08T21:30:35.438043407Z","Action":"output","Package":"go.temporal.io/server/tools/gomad3/internal/preparation","Test":"TestPrepareKeepsTargetFailureStageAndIdentity","Output":"--- PASS: TestPrepareKeepsTargetFailureStageAndIdentity (0.00s)\n","OutputType":"frame"}
{"Time":"2026-10-08T21:30:35.438084032Z","Action":"pass","Package":"go.temporal.io/server/tools/gomad3/internal/preparation","Test":"TestPrepareKeepsTargetFailureStageAndIdentity","Elapsed":0}
{"Time":"2026-10-08T21:30:35.438135448Z","Action":"output","Package":"go.temporal.io/server/tools/gomad3/internal/preparation","Output":"PASS\n","OutputType":"frame"}
{"Time":"2026-10-08T21:30:35.438048573Z","Action":"output","Package":"go.temporal.io/server/tools/gomad3/deterministicio","Test":"TestPortableProfilePublicGuardsRemainFirst/requirements","Output":"--- PASS: TestPortableProfilePublicGuardsRemainFirst/requirements (0.00s)\n","OutputType":"frame"}
{"Time":"2026-10-08T21:30:35.438272157Z","Action":"pass","Package":"go.temporal.io/server/tools/gomad3/deterministicio","Test":"TestPortableProfilePublicGuardsRemainFirst/requirements","Elapsed":0}
{"Time":"2026-10-08T21:30:35.43830924Z","Action":"run","Package":"go.temporal.io/server/tools/gomad3/deterministicio","Test":"TestPortableProfilePublicGuardsRemainFirst/bootstrap"}
{"Time":"2026-10-08T21:30:35.438341698Z","Action":"output","Package":"go.temporal.io/server/tools/gomad3/deterministicio","Test":"TestPortableProfilePublicGuardsRemainFirst/bootstrap","Output":"=== RUN   TestPortableProfilePublicGuardsRemainFirst/bootstrap\n","OutputType":"frame"}
{"Time":"2026-10-08T21:30:35.438408907Z","Action":"output","Package":"go.temporal.io/server/tools/gomad3/deterministicio","Test":"TestPortableProfilePublicGuardsRemainFirst/bootstrap","Output":"--- PASS: TestPortableProfilePublicGuardsRemainFirst/bootstrap (0.00s)\n","OutputType":"frame"}
{"Time":"2026-10-08T21:30:35.438451198Z","Action":"pass","Package":"go.temporal.io/server/tools/gomad3/deterministicio","Test":"TestPortableProfilePublicGuardsRemainFirst/bootstrap","Elapsed":0}
{"Time":"2026-10-08T21:30:35.438468157Z","Action":"run","Package":"go.temporal.io/server/tools/gomad3/deterministicio","Test":"TestPortableProfilePublicGuardsRemainFirst/prepared"}
{"Time":"2026-10-08T21:30:35.438483115Z","Action":"output","Package":"go.temporal.io/server/tools/gomad3/deterministicio","Test":"TestPortableProfilePublicGuardsRemainFirst/prepared","Output":"=== RUN   TestPortableProfilePublicGuardsRemainFirst/prepared\n","OutputType":"frame"}
{"Time":"2026-10-08T21:30:35.438505032Z","Action":"output","Package":"go.temporal.io/server/tools/gomad3/deterministicio","Test":"TestPortableProfilePublicGuardsRemainFirst/prepared","Output":"--- PASS: TestPortableProfilePublicGuardsRemainFirst/prepared (0.00s)\n","OutputType":"frame"}
{"Time":"2026-10-08T21:30:35.438528907Z","Action":"pass","Package":"go.temporal.io/server/tools/gomad3/deterministicio","Test":"TestPortableProfilePublicGuardsRemainFirst/prepared","Elapsed":0}
{"Time":"2026-10-08T21:30:35.43853999Z","Action":"output","Package":"go.temporal.io/server/tools/gomad3/deterministicio","Test":"TestPortableProfilePublicGuardsRemainFirst","Output":"--- PASS: TestPortableProfilePublicGuardsRemainFirst (0.00s)\n","OutputType":"frame"}
{"Time":"2026-10-08T21:30:35.438548907Z","Action":"pass","Package":"go.temporal.io/server/tools/gomad3/deterministicio","Test":"TestPortableProfilePublicGuardsRemainFirst","Elapsed":0}
{"Time":"2026-10-08T21:30:35.43855774Z","Action":"output","Package":"go.temporal.io/server/tools/gomad3/deterministicio","Output":"PASS\n","OutputType":"frame"}
{"Time":"2026-10-08T21:30:35.438210198Z","Action":"output","Package":"go.temporal.io/server/tools/gomad3/internal/preparation","Output":"ok  \tgo.temporal.io/server/tools/gomad3/internal/preparation\t0.010s\n"}
{"Time":"2026-10-08T21:30:35.438609407Z","Action":"pass","Package":"go.temporal.io/server/tools/gomad3/internal/preparation","Elapsed":0.011}
{"Time":"2026-10-08T21:30:35.438580282Z","Action":"output","Package":"go.temporal.io/server/tools/gomad3/deterministicio","Output":"ok  \tgo.temporal.io/server/tools/gomad3/deterministicio\t0.010s\n"}
{"Time":"2026-10-08T21:30:35.438875157Z","Action":"pass","Package":"go.temporal.io/server/tools/gomad3/deterministicio","Elapsed":0.011}
{"Time":"2026-10-08T21:30:35.542499865Z","Action":"start","Package":"go.temporal.io/server/tools/gomad3/runner"}
{"Time":"2026-10-08T21:30:35.549352198Z","Action":"run","Package":"go.temporal.io/server/tools/gomad3/runner","Test":"TestRunPreparationFailureLeavesClassifiedPartial"}
{"Time":"2026-10-08T21:30:35.549409198Z","Action":"output","Package":"go.temporal.io/server/tools/gomad3/runner","Test":"TestRunPreparationFailureLeavesClassifiedPartial","Output":"=== RUN   TestRunPreparationFailureLeavesClassifiedPartial\n","OutputType":"frame"}
{"Time":"2026-10-08T21:30:35.549514032Z","Action":"run","Package":"go.temporal.io/server/tools/gomad3/runner","Test":"TestRunPreparationFailureLeavesClassifiedPartial/build_failure"}
{"Time":"2026-10-08T21:30:35.549549282Z","Action":"output","Package":"go.temporal.io/server/tools/gomad3/runner","Test":"TestRunPreparationFailureLeavesClassifiedPartial/build_failure","Output":"=== RUN   TestRunPreparationFailureLeavesClassifiedPartial/build_failure\n","OutputType":"frame"}
{"Time":"2026-10-08T21:30:35.587872907Z","Action":"output","Package":"go.temporal.io/server/tools/gomad3/runner","Test":"TestRunPreparationFailureLeavesClassifiedPartial/build_failure","Output":"--- PASS: TestRunPreparationFailureLeavesClassifiedPartial/build_failure (0.04s)\n","OutputType":"frame"}
{"Time":"2026-10-08T21:30:35.587930657Z","Action":"pass","Package":"go.temporal.io/server/tools/gomad3/runner","Test":"TestRunPreparationFailureLeavesClassifiedPartial/build_failure","Elapsed":0.04}
{"Time":"2026-10-08T21:30:35.58797024Z","Action":"run","Package":"go.temporal.io/server/tools/gomad3/runner","Test":"TestRunPreparationFailureLeavesClassifiedPartial/cancelled"}
{"Time":"2026-10-08T21:30:35.58798574Z","Action":"output","Package":"go.temporal.io/server/tools/gomad3/runner","Test":"TestRunPreparationFailureLeavesClassifiedPartial/cancelled","Output":"=== RUN   TestRunPreparationFailureLeavesClassifiedPartial/cancelled\n","OutputType":"frame"}
{"Time":"2026-10-08T21:30:35.59957774Z","Action":"output","Package":"go.temporal.io/server/tools/gomad3/runner","Test":"TestRunPreparationFailureLeavesClassifiedPartial/cancelled","Output":"--- PASS: TestRunPreparationFailureLeavesClassifiedPartial/cancelled (0.01s)\n","OutputType":"frame"}
{"Time":"2026-10-08T21:30:35.599624407Z","Action":"pass","Package":"go.temporal.io/server/tools/gomad3/runner","Test":"TestRunPreparationFailureLeavesClassifiedPartial/cancelled","Elapsed":0.01}
{"Time":"2026-10-08T21:30:35.599662073Z","Action":"run","Package":"go.temporal.io/server/tools/gomad3/runner","Test":"TestRunPreparationFailureLeavesClassifiedPartial/overall_timeout"}
{"Time":"2026-10-08T21:30:35.59969574Z","Action":"output","Package":"go.temporal.io/server/tools/gomad3/runner","Test":"TestRunPreparationFailureLeavesClassifiedPartial/overall_timeout","Output":"=== RUN   TestRunPreparationFailureLeavesClassifiedPartial/overall_timeout\n","OutputType":"frame"}
{"Time":"2026-10-08T21:30:35.607720573Z","Action":"output","Package":"go.temporal.io/server/tools/gomad3/runner","Test":"TestRunPreparationFailureLeavesClassifiedPartial/overall_timeout","Output":"--- PASS: TestRunPreparationFailureLeavesClassifiedPartial/overall_timeout (0.01s)\n","OutputType":"frame"}
{"Time":"2026-10-08T21:30:35.607762865Z","Action":"pass","Package":"go.temporal.io/server/tools/gomad3/runner","Test":"TestRunPreparationFailureLeavesClassifiedPartial/overall_timeout","Elapsed":0.01}
{"Time":"2026-10-08T21:30:35.607794782Z","Action":"output","Package":"go.temporal.io/server/tools/gomad3/runner","Test":"TestRunPreparationFailureLeavesClassifiedPartial","Output":"--- PASS: TestRunPreparationFailureLeavesClassifiedPartial (0.06s)\n","OutputType":"frame"}
{"Time":"2026-10-08T21:30:35.607837073Z","Action":"pass","Package":"go.temporal.io/server/tools/gomad3/runner","Test":"TestRunPreparationFailureLeavesClassifiedPartial","Elapsed":0.06}
{"Time":"2026-10-08T21:30:35.608482407Z","Action":"output","Package":"go.temporal.io/server/tools/gomad3/runner","Output":"PASS\n","OutputType":"frame"}
{"Time":"2026-10-08T21:30:35.608876115Z","Action":"output","Package":"go.temporal.io/server/tools/gomad3/runner","Output":"ok  \tgo.temporal.io/server/tools/gomad3/runner\t0.066s\n"}
{"Time":"2026-10-08T21:30:35.608925698Z","Action":"pass","Package":"go.temporal.io/server/tools/gomad3/runner","Elapsed":0.066}
