{"Time":"2026-10-08T21:19:22.682593836Z","Action":"start","Package":"go.temporal.io/server/tools/gomad3/runner"}
{"Time":"2026-10-08T21:19:22.695999794Z","Action":"run","Package":"go.temporal.io/server/tools/gomad3/runner","Test":"TestPreparationSourceCallerPreservation"}
{"Time":"2026-10-08T21:19:22.696094044Z","Action":"output","Package":"go.temporal.io/server/tools/gomad3/runner","Test":"TestPreparationSourceCallerPreservation","Output":"=== RUN   TestPreparationSourceCallerPreservation\n","OutputType":"frame"}
{"Time":"2026-10-08T21:19:22.696137044Z","Action":"run","Package":"go.temporal.io/server/tools/gomad3/runner","Test":"TestPreparationSourceCallerPreservation/simple/explore"}
{"Time":"2026-10-08T21:19:22.696154919Z","Action":"output","Package":"go.temporal.io/server/tools/gomad3/runner","Test":"TestPreparationSourceCallerPreservation/simple/explore","Output":"=== RUN   TestPreparationSourceCallerPreservation/simple/explore\n","OutputType":"frame"}
{"Time":"2026-10-08T21:19:24.746703753Z","Action":"output","Package":"go.temporal.io/server/tools/gomad3/runner","Test":"TestPreparationSourceCallerPreservation/simple/explore","Output":"--- PASS: TestPreparationSourceCallerPreservation/simple/explore (2.05s)\n","OutputType":"frame"}
{"Time":"2026-10-08T21:19:24.746811337Z","Action":"pass","Package":"go.temporal.io/server/tools/gomad3/runner","Test":"TestPreparationSourceCallerPreservation/simple/explore","Elapsed":2.05}
{"Time":"2026-10-08T21:19:24.746869503Z","Action":"run","Package":"go.temporal.io/server/tools/gomad3/runner","Test":"TestPreparationSourceCallerPreservation/simple/plan"}
{"Time":"2026-10-08T21:19:24.746909712Z","Action":"output","Package":"go.temporal.io/server/tools/gomad3/runner","Test":"TestPreparationSourceCallerPreservation/simple/plan","Output":"=== RUN   TestPreparationSourceCallerPreservation/simple/plan\n","OutputType":"frame"}
{"Time":"2026-10-08T21:19:26.639853588Z","Action":"output","Package":"go.temporal.io/server/tools/gomad3/runner","Test":"TestPreparationSourceCallerPreservation/simple/plan","Output":"--- PASS: TestPreparationSourceCallerPreservation/simple/plan (1.89s)\n","OutputType":"frame"}
{"Time":"2026-10-08T21:19:26.639930963Z","Action":"pass","Package":"go.temporal.io/server/tools/gomad3/runner","Test":"TestPreparationSourceCallerPreservation/simple/plan","Elapsed":1.89}
{"Time":"2026-10-08T21:19:26.639986713Z","Action":"run","Package":"go.temporal.io/server/tools/gomad3/runner","Test":"TestPreparationSourceCallerPreservation/adapter/explore"}
{"Time":"2026-10-08T21:19:26.640014588Z","Action":"output","Package":"go.temporal.io/server/tools/gomad3/runner","Test":"TestPreparationSourceCallerPreservation/adapter/explore","Output":"=== RUN   TestPreparationSourceCallerPreservation/adapter/explore\n","OutputType":"frame"}
{"Time":"2026-10-08T21:19:28.84322013Z","Action":"output","Package":"go.temporal.io/server/tools/gomad3/runner","Test":"TestPreparationSourceCallerPreservation/adapter/explore","Output":"--- PASS: TestPreparationSourceCallerPreservation/adapter/explore (2.20s)\n","OutputType":"frame"}
{"Time":"2026-10-08T21:19:28.844339839Z","Action":"pass","Package":"go.temporal.io/server/tools/gomad3/runner","Test":"TestPreparationSourceCallerPreservation/adapter/explore","Elapsed":2.2}
{"Time":"2026-10-08T21:19:28.844388005Z","Action":"run","Package":"go.temporal.io/server/tools/gomad3/runner","Test":"TestPreparationSourceCallerPreservation/adapter/plan"}
{"Time":"2026-10-08T21:19:28.84440413Z","Action":"output","Package":"go.temporal.io/server/tools/gomad3/runner","Test":"TestPreparationSourceCallerPreservation/adapter/plan","Output":"=== RUN   TestPreparationSourceCallerPreservation/adapter/plan\n","OutputType":"frame"}
{"Time":"2026-10-08T21:19:30.891151798Z","Action":"output","Package":"go.temporal.io/server/tools/gomad3/runner","Test":"TestPreparationSourceCallerPreservation/adapter/plan","Output":"--- PASS: TestPreparationSourceCallerPreservation/adapter/plan (2.05s)\n","OutputType":"frame"}
{"Time":"2026-10-08T21:19:30.891282923Z","Action":"pass","Package":"go.temporal.io/server/tools/gomad3/runner","Test":"TestPreparationSourceCallerPreservation/adapter/plan","Elapsed":2.05}
{"Time":"2026-10-08T21:19:30.892200881Z","Action":"output","Package":"go.temporal.io/server/tools/gomad3/runner","Test":"TestPreparationSourceCallerPreservation","Output":"--- PASS: TestPreparationSourceCallerPreservation (8.20s)\n","OutputType":"frame"}
{"Time":"2026-10-08T21:19:30.892232881Z","Action":"pass","Package":"go.temporal.io/server/tools/gomad3/runner","Test":"TestPreparationSourceCallerPreservation","Elapsed":8.2}
{"Time":"2026-10-08T21:19:30.892267006Z","Action":"output","Package":"go.temporal.io/server/tools/gomad3/runner","Output":"PASS\n","OutputType":"frame"}
{"Time":"2026-10-08T21:19:30.894834548Z","Action":"output","Package":"go.temporal.io/server/tools/gomad3/runner","Output":"ok  \tgo.temporal.io/server/tools/gomad3/runner\t8.202s\n"}
{"Time":"2026-10-08T21:19:30.894891756Z","Action":"pass","Package":"go.temporal.io/server/tools/gomad3/runner","Elapsed":8.212}
