{"Time":"2026-10-09T02:14:03.250854992Z","Action":"start","Package":"go.temporal.io/server/tools/gomad3/target/internal/gocommand"}
{"Time":"2026-10-09T02:14:03.298847784Z","Action":"run","Package":"go.temporal.io/server/tools/gomad3/target/internal/gocommand","Test":"TestCompatibilityCallerLifetimeKillsLeaderBeforeDescendants"}
{"Time":"2026-10-09T02:14:03.298986201Z","Action":"output","Package":"go.temporal.io/server/tools/gomad3/target/internal/gocommand","Test":"TestCompatibilityCallerLifetimeKillsLeaderBeforeDescendants","Output":"=== RUN   TestCompatibilityCallerLifetimeKillsLeaderBeforeDescendants\n","OutputType":"frame"}
{"Time":"2026-10-09T02:14:03.299043701Z","Action":"run","Package":"go.temporal.io/server/tools/gomad3/target/internal/gocommand","Test":"TestCompatibilityCallerLifetimeKillsLeaderBeforeDescendants/cancel"}
{"Time":"2026-10-09T02:14:03.299074367Z","Action":"output","Package":"go.temporal.io/server/tools/gomad3/target/internal/gocommand","Test":"TestCompatibilityCallerLifetimeKillsLeaderBeforeDescendants/cancel","Output":"=== RUN   TestCompatibilityCallerLifetimeKillsLeaderBeforeDescendants/cancel\n","OutputType":"frame"}
{"Time":"2026-10-09T02:14:03.428501993Z","Action":"output","Package":"go.temporal.io/server/tools/gomad3/target/internal/gocommand","Test":"TestCompatibilityCallerLifetimeKillsLeaderBeforeDescendants/cancel","Output":"    command_test.go:297: lifetime event: mode=cancel elapsed=128.298333ms caller=context canceled cancelled=true watchdog=false pid=36588 groupGone=true stdout=11 stderr=10 raw=*exec.ExitError signal: killed projected=*exec.ExitError signal: killed\n"}
{"Time":"2026-10-09T02:14:03.454023076Z","Action":"output","Package":"go.temporal.io/server/tools/gomad3/target/internal/gocommand","Test":"TestCompatibilityCallerLifetimeKillsLeaderBeforeDescendants/cancel","Output":"--- PASS: TestCompatibilityCallerLifetimeKillsLeaderBeforeDescendants/cancel (0.16s)\n","OutputType":"frame"}
{"Time":"2026-10-09T02:14:03.454137534Z","Action":"pass","Package":"go.temporal.io/server/tools/gomad3/target/internal/gocommand","Test":"TestCompatibilityCallerLifetimeKillsLeaderBeforeDescendants/cancel","Elapsed":0.16}
{"Time":"2026-10-09T02:14:03.454231368Z","Action":"run","Package":"go.temporal.io/server/tools/gomad3/target/internal/gocommand","Test":"TestCompatibilityCallerLifetimeKillsLeaderBeforeDescendants/deadline"}
{"Time":"2026-10-09T02:14:03.454267409Z","Action":"output","Package":"go.temporal.io/server/tools/gomad3/target/internal/gocommand","Test":"TestCompatibilityCallerLifetimeKillsLeaderBeforeDescendants/deadline","Output":"=== RUN   TestCompatibilityCallerLifetimeKillsLeaderBeforeDescendants/deadline\n","OutputType":"frame"}
{"Time":"2026-10-09T02:14:13.581483706Z","Action":"output","Package":"go.temporal.io/server/tools/gomad3/target/internal/gocommand","Test":"TestCompatibilityCallerLifetimeKillsLeaderBeforeDescendants/deadline","Output":"    command_test.go:297: lifetime event: mode=deadline elapsed=10.110555255s caller=context deadline exceeded cancelled=true watchdog=false pid=36592 groupGone=true stdout=11 stderr=10 raw=*exec.ExitError signal: killed projected=*exec.ExitError signal: killed\n"}
{"Time":"2026-10-09T02:14:13.583920997Z","Action":"output","Package":"go.temporal.io/server/tools/gomad3/target/internal/gocommand","Test":"TestCompatibilityCallerLifetimeKillsLeaderBeforeDescendants/deadline","Output":"--- PASS: TestCompatibilityCallerLifetimeKillsLeaderBeforeDescendants/deadline (10.13s)\n","OutputType":"frame"}
{"Time":"2026-10-09T02:14:13.584117289Z","Action":"pass","Package":"go.temporal.io/server/tools/gomad3/target/internal/gocommand","Test":"TestCompatibilityCallerLifetimeKillsLeaderBeforeDescendants/deadline","Elapsed":10.13}
{"Time":"2026-10-09T02:14:13.584287247Z","Action":"run","Package":"go.temporal.io/server/tools/gomad3/target/internal/gocommand","Test":"TestCompatibilityCallerLifetimeKillsLeaderBeforeDescendants/watchdog"}
{"Time":"2026-10-09T02:14:13.584324581Z","Action":"output","Package":"go.temporal.io/server/tools/gomad3/target/internal/gocommand","Test":"TestCompatibilityCallerLifetimeKillsLeaderBeforeDescendants/watchdog","Output":"=== RUN   TestCompatibilityCallerLifetimeKillsLeaderBeforeDescendants/watchdog\n","OutputType":"frame"}
{"Time":"2026-10-09T02:14:14.691866665Z","Action":"output","Package":"go.temporal.io/server/tools/gomad3/target/internal/gocommand","Test":"TestCompatibilityCallerLifetimeKillsLeaderBeforeDescendants/watchdog","Output":"    command_test.go:297: lifetime event: mode=watchdog elapsed=1.106854584s caller=\u003cnil\u003e cancelled=false watchdog=true pid=36703 groupGone=true stdout=11 stderr=10 raw=*exec.ExitError signal: killed projected=*gocommand.WatchdogError command watchdog exceeded 1s: signal: killed\n"}
{"Time":"2026-10-09T02:14:14.693237915Z","Action":"output","Package":"go.temporal.io/server/tools/gomad3/target/internal/gocommand","Test":"TestCompatibilityCallerLifetimeKillsLeaderBeforeDescendants/watchdog","Output":"--- PASS: TestCompatibilityCallerLifetimeKillsLeaderBeforeDescendants/watchdog (1.11s)\n","OutputType":"frame"}
{"Time":"2026-10-09T02:14:14.693412873Z","Action":"pass","Package":"go.temporal.io/server/tools/gomad3/target/internal/gocommand","Test":"TestCompatibilityCallerLifetimeKillsLeaderBeforeDescendants/watchdog","Elapsed":1.11}
{"Time":"2026-10-09T02:14:14.693512373Z","Action":"run","Package":"go.temporal.io/server/tools/gomad3/target/internal/gocommand","Test":"TestCompatibilityCallerLifetimeKillsLeaderBeforeDescendants/cancel-overflow"}
{"Time":"2026-10-09T02:14:14.69355079Z","Action":"output","Package":"go.temporal.io/server/tools/gomad3/target/internal/gocommand","Test":"TestCompatibilityCallerLifetimeKillsLeaderBeforeDescendants/cancel-overflow","Output":"=== RUN   TestCompatibilityCallerLifetimeKillsLeaderBeforeDescendants/cancel-overflow\n","OutputType":"frame"}
{"Time":"2026-10-09T02:14:14.809712415Z","Action":"output","Package":"go.temporal.io/server/tools/gomad3/target/internal/gocommand","Test":"TestCompatibilityCallerLifetimeKillsLeaderBeforeDescendants/cancel-overflow","Output":"    command_test.go:297: lifetime event: mode=cancel-overflow elapsed=111.667875ms caller=context canceled cancelled=true watchdog=false pid=36740 groupGone=true stdout=11 stderr=10 raw=*exec.ExitError signal: killed projected=*gocommand.OverflowError stdout output exceeds 8 bytes\n"}
{"Time":"2026-10-09T02:14:14.810172415Z","Action":"output","Package":"go.temporal.io/server/tools/gomad3/target/internal/gocommand","Test":"TestCompatibilityCallerLifetimeKillsLeaderBeforeDescendants/cancel-overflow","Output":"--- PASS: TestCompatibilityCallerLifetimeKillsLeaderBeforeDescendants/cancel-overflow (0.12s)\n","OutputType":"frame"}
{"Time":"2026-10-09T02:14:14.810304998Z","Action":"pass","Package":"go.temporal.io/server/tools/gomad3/target/internal/gocommand","Test":"TestCompatibilityCallerLifetimeKillsLeaderBeforeDescendants/cancel-overflow","Elapsed":0.12}
{"Time":"2026-10-09T02:14:14.810376998Z","Action":"run","Package":"go.temporal.io/server/tools/gomad3/target/internal/gocommand","Test":"TestCompatibilityCallerLifetimeKillsLeaderBeforeDescendants/cancel-stderr-overflow"}
{"Time":"2026-10-09T02:14:14.810423206Z","Action":"output","Package":"go.temporal.io/server/tools/gomad3/target/internal/gocommand","Test":"TestCompatibilityCallerLifetimeKillsLeaderBeforeDescendants/cancel-stderr-overflow","Output":"=== RUN   TestCompatibilityCallerLifetimeKillsLeaderBeforeDescendants/cancel-stderr-overflow\n","OutputType":"frame"}
{"Time":"2026-10-09T02:14:14.925719331Z","Action":"output","Package":"go.temporal.io/server/tools/gomad3/target/internal/gocommand","Test":"TestCompatibilityCallerLifetimeKillsLeaderBeforeDescendants/cancel-stderr-overflow","Output":"    command_test.go:297: lifetime event: mode=cancel-stderr-overflow elapsed=113.365417ms caller=context canceled cancelled=true watchdog=false pid=36742 groupGone=true stdout=2 stderr=10 raw=*exec.ExitError signal: killed projected=*gocommand.OverflowError stderr output exceeds 8 bytes\n"}
{"Time":"2026-10-09T02:14:14.927002123Z","Action":"output","Package":"go.temporal.io/server/tools/gomad3/target/internal/gocommand","Test":"TestCompatibilityCallerLifetimeKillsLeaderBeforeDescendants/cancel-stderr-overflow","Output":"--- PASS: TestCompatibilityCallerLifetimeKillsLeaderBeforeDescendants/cancel-stderr-overflow (0.12s)\n","OutputType":"frame"}
{"Time":"2026-10-09T02:14:14.928907581Z","Action":"pass","Package":"go.temporal.io/server/tools/gomad3/target/internal/gocommand","Test":"TestCompatibilityCallerLifetimeKillsLeaderBeforeDescendants/cancel-stderr-overflow","Elapsed":0.12}
{"Time":"2026-10-09T02:14:14.929032456Z","Action":"output","Package":"go.temporal.io/server/tools/gomad3/target/internal/gocommand","Test":"TestCompatibilityCallerLifetimeKillsLeaderBeforeDescendants","Output":"--- PASS: TestCompatibilityCallerLifetimeKillsLeaderBeforeDescendants (11.63s)\n","OutputType":"frame"}
{"Time":"2026-10-09T02:14:14.929354331Z","Action":"pass","Package":"go.temporal.io/server/tools/gomad3/target/internal/gocommand","Test":"TestCompatibilityCallerLifetimeKillsLeaderBeforeDescendants","Elapsed":11.63}
{"Time":"2026-10-09T02:14:14.92991379Z","Action":"run","Package":"go.temporal.io/server/tools/gomad3/target/internal/gocommand","Test":"TestStructuredCancellationRemovesDescendant"}
{"Time":"2026-10-09T02:14:14.930592623Z","Action":"output","Package":"go.temporal.io/server/tools/gomad3/target/internal/gocommand","Test":"TestStructuredCancellationRemovesDescendant","Output":"=== RUN   TestStructuredCancellationRemovesDescendant\n","OutputType":"frame"}
{"Time":"2026-10-09T02:14:14.94100604Z","Action":"output","Package":"go.temporal.io/server/tools/gomad3/target/internal/gocommand","Test":"TestStructuredCancellationRemovesDescendant","Output":"--- PASS: TestStructuredCancellationRemovesDescendant (0.01s)\n","OutputType":"frame"}
{"Time":"2026-10-09T02:14:14.941099248Z","Action":"pass","Package":"go.temporal.io/server/tools/gomad3/target/internal/gocommand","Test":"TestStructuredCancellationRemovesDescendant","Elapsed":0.01}
{"Time":"2026-10-09T02:14:14.941148831Z","Action":"run","Package":"go.temporal.io/server/tools/gomad3/target/internal/gocommand","Test":"TestCommandAcknowledgementRequiresCompletePID"}
{"Time":"2026-10-09T02:14:14.941289665Z","Action":"output","Package":"go.temporal.io/server/tools/gomad3/target/internal/gocommand","Test":"TestCommandAcknowledgementRequiresCompletePID","Output":"=== RUN   TestCommandAcknowledgementRequiresCompletePID\n","OutputType":"frame"}
{"Time":"2026-10-09T02:14:14.943596623Z","Action":"output","Package":"go.temporal.io/server/tools/gomad3/target/internal/gocommand","Test":"TestCommandAcknowledgementRequiresCompletePID","Output":"--- PASS: TestCommandAcknowledgementRequiresCompletePID (0.00s)\n","OutputType":"frame"}
{"Time":"2026-10-09T02:14:14.943652415Z","Action":"pass","Package":"go.temporal.io/server/tools/gomad3/target/internal/gocommand","Test":"TestCommandAcknowledgementRequiresCompletePID","Elapsed":0}
{"Time":"2026-10-09T02:14:14.943736623Z","Action":"output","Package":"go.temporal.io/server/tools/gomad3/target/internal/gocommand","Output":"PASS\n","OutputType":"frame"}
{"Time":"2026-10-09T02:14:14.94397954Z","Action":"output","Package":"go.temporal.io/server/tools/gomad3/target/internal/gocommand","Output":"ok  \tgo.temporal.io/server/tools/gomad3/target/internal/gocommand\t11.693s\n"}
{"Time":"2026-10-09T02:14:14.94401629Z","Action":"pass","Package":"go.temporal.io/server/tools/gomad3/target/internal/gocommand","Elapsed":11.693}
