level=info msg="golangci-lint has version 2.13.0 built with go1.27.1 from (unknown, modified: ?, mod sum: \"h1:n/YR8sCuTAfjwKLHOU0q63X2e4tObi1PCNOz+HXJ3cE=\") on (unknown)"
level=info msg="[config_reader] Used config file ../../.github/.golangci.yml"
level=info msg="[config_reader] Module name \"go.temporal.io/server/tools/gomad3\""
level=info msg="[goenv] Read go env for 1.509583ms: map[string]string{\"GOCACHE\":\"/Users/stephan/Workspace/skunkworks/.gomad-fn1129-cache-EseD1r\", \"GOROOT\":\"/home/agent/go/pkg/mod/golang.org/toolchain@v0.0.1-go1.27.1.linux-arm64\"}"
level=info msg="[lintersdb] Active 13 linters: [depguard errcheck exhaustive forbidigo gci godox goimports govet importas iotamixing revive staticcheck testifylint]"
level=info msg="[loader] Using build tags: [disable_grpc_modules  test_dep ]"
level=info msg="[loader] Go packages loading at mode 8767 (imports|name|deps|exports_file|types_sizes|compiled_files|files) took 515.887459ms"
level=info msg="[runner/filename_unadjuster] Pre-built 0 adjustments in 71.118333ms"
level=info msg="[linters_context/goanalysis] analyzers took 0s with no stages"
level=info msg="[runner/exclusion_paths] Skipped 0 issues by pattern \"^api\""
level=info msg="[runner/exclusion_paths] Skipped 0 issues by pattern \"^proto\""
level=info msg="[runner/exclusion_paths] Skipped 0 issues by pattern \"^.git\""
level=info msg="[runner/exclusion_rules] Skipped 0 issues by rules: [Text: \"time.Now\", Path: \"chasm/lib/.*_test\\\\.go$\", Linters: \"forbidigo\"]"
level=info msg="[runner/exclusion_rules] Skipped 7 issues by rules: [Text: \"panic\", Path: \"_test\\\\.go|tests/.+\\\\.go|common/testing/\", Linters: \"forbidigo\"]"
level=info msg="[runner/exclusion_rules] Skipped 0 issues by rules: [Text: \"ActiveInCluster\", Path: \"common/namespace/(namespace|replication_resolver)(_test)?\\\\.go$\", Linters: \"forbidigo\"]"
level=info msg="[runner/exclusion_rules] Skipped 2 issues by rules: [Text: \"^use of `panic` forbidden because \\\"Please avoid using panic in application code\\\"$\", Source: \"^\\\\t\\\\tpanic\\\\(\\\"gomad3: completed (an inactive campaign attempt|a campaign attempt without a classification)\\\"\\\\)$\", Path: \"^tools/gomad3/runner/internal/campaign/controller\\\\.go$\", Linters: \"forbidigo\"]"
level=info msg="[runner/exclusion_rules] Skipped 0 issues by rules: [Text: \"FunctionalTestBase\", Path: \"tests/testcore/.*\\\\.go$\", Linters: \"forbidigo\"]"
level=info msg="[runner/exclusion_rules] Skipped 0 issues by rules: [Text: \"context.Background\", Path Except: \"tests/.+_test\\\\.go\", Linters: \"forbidigo\"]"
level=info msg="[runner/exclusion_rules] Skipped 0 issues by rules: [Text: \"use of `softassert\\\\.\\\\w+`\", Linters: \"forbidigo\"]"
level=info msg="[runner/exclusion_rules] Skipped 242 issues by rules: [Text: \"(cyclomatic|cognitive)\", Path: \"_test\\\\.go|tests/.+\\\\.go|common/testing/\", Linters: \"revive\"]"
level=info msg="[runner/exclusion_rules] Skipped 3 issues by rules: [Text: \"time.Sleep\", Path Except: \"_test\\\\.go|tests/.+\\\\.go\", Linters: \"forbidigo\"]"
level=info msg="[runner/exclusion_rules] Skipped 75 issues by rules: [Text: \"time.Now\", Path Except: \"chasm/lib/.*\\\\.go$\", Linters: \"forbidigo\"]"
level=info msg="[runner/exclusion_rules] Skipped 0 issues by rules: [Text: \"panic\", Path: \"chasm/lib/activity/model/.*\\\\.go$\", Linters: \"forbidigo\"]"
level=info msg="[runner/exclusion_rules] Skipped 0 issues by rules: [Text: \"Eventually\", Path: \"tests/(nexus_standalone|nexus_workflow|schedule|schedule_migration)_test\\\\.go$\", Linters: \"forbidigo\"]"
level=info msg="[runner/exclusion_rules] Skipped 0 issues by rules: [Text: \"assert\\\\.CollectT\", Path: \"tests/(nexus_standalone|nexus_workflow)_test\\\\.go$\", Linters: \"forbidigo\"]"
level=info msg="[runner/exclusion_rules] Skipped 10 issues by rules: [Text: \"(dot-imports|unchecked-type-assertion)\", Path: \"_test\\\\.go|tests/.+\\\\.go|common/testing/\", Linters: \"revive\"]"
level=info msg="[runner/exclusion_rules] Skipped 1 issues by rules: [Text: \"Unix|UnixMilli|UnixNano\", Path Except: \"common/persistence/cassandra/.*\\\\.go$\", Linters: \"forbidigo\"]"
level=info msg="[runner/exclusion_rules] Skipped 0 issues by rules: [Text: \"Unix|UnixMilli|UnixNano\", Path: \"_test\\\\.go$\", Linters: \"forbidigo\"]"
level=info msg="[runner/exclusion_rules] Skipped 1389 issues by rules: [Path: \"^tools\\\\/.+\\\\.go\", Linters: \"revive\"]"
level=info msg="[runner/exclusion_rules] Skipped 0 issues by rules: [Text: \"SA1019: go.temporal.io/server/service/history/hsm/(callbacks|nexusoperations) is deprecated\", Linters: \"staticcheck\"]"
level=info msg="[runner] Issues before processing: 1875, after processing: 145"
level=info msg="[runner] Processors filtering stat (in/out): nolint_filter: 146/145, fixer: 145/145, max_per_file_from_linter: 145/145, invalid_issue: 1875/1875, exclusion_rules: 1875/146, diff: 145/145, cgo: 1875/1875, max_same_issues: 145/145, source_code: 145/145, severity-rules: 145/145, path_absoluter: 1875/1875, filename_unadjuster: 1875/1875, exclusion_paths: 1875/1875, uniq_by_line: 145/145, max_from_linter: 145/145, path_shortener: 145/145, path_prettifier: 145/145, sort_results: 145/145, path_relativity: 1875/1875, generated_file_filter: 1875/1875"
level=info msg="[runner] processing took 389.905121ms with stages: diff: 333.68025ms, generated_file_filter: 23.583083ms, nolint_filter: 19.7415ms, exclusion_rules: 6.850584ms, source_code: 4.443957ms, path_relativity: 1.129542ms, exclusion_paths: 287.459µs, cgo: 67.333µs, invalid_issue: 43.749µs, uniq_by_line: 27.167µs, path_absoluter: 15.957µs, sort_results: 13.917µs, path_shortener: 8.374µs, filename_unadjuster: 7.292µs, max_per_file_from_linter: 2.625µs, max_same_issues: 1.042µs, path_prettifier: 625ns, fixer: 500ns, severity-rules: 83ns, max_from_linter: 82ns"
level=info msg="[runner] linters took 503.126875ms with stages: goanalysis_metalinter: 113.125667ms"
level=info msg="File cache stats: 44 entries of total size 763.1KiB"
level=info msg="Memory: 13 samples, avg is 76.1MB, max is 122.0MB"
level=info msg="Execution took 1.110937459s"
make[1]: *** [Makefile:505: lint-code] Error 1
lint module tools/gomad3: exit status 2
exit status 1
make: *** [Makefile:498: lint-code-gomad3] Error 1
