{"Time":"2026-10-09T19:54:42.865137204Z","Action":"start","Package":"go.temporal.io/server/tools/gomad3/cmd/gomadtool"}
{"Time":"2026-10-09T19:54:42.868450788Z","Action":"run","Package":"go.temporal.io/server/tools/gomad3/cmd/gomadtool","Test":"TestTerminalDiagnosticsPrimaryStatus"}
{"Time":"2026-10-09T19:54:42.868534038Z","Action":"output","Package":"go.temporal.io/server/tools/gomad3/cmd/gomadtool","Test":"TestTerminalDiagnosticsPrimaryStatus","Output":"=== RUN   TestTerminalDiagnosticsPrimaryStatus\n","OutputType":"frame"}
{"Time":"2026-10-09T19:54:42.868668371Z","Action":"run","Package":"go.temporal.io/server/tools/gomad3/cmd/gomadtool","Test":"TestTerminalDiagnosticsPrimaryStatus/usage"}
{"Time":"2026-10-09T19:54:42.868718538Z","Action":"output","Package":"go.temporal.io/server/tools/gomad3/cmd/gomadtool","Test":"TestTerminalDiagnosticsPrimaryStatus/usage","Output":"=== RUN   TestTerminalDiagnosticsPrimaryStatus/usage\n","OutputType":"frame"}
{"Time":"2026-10-09T19:54:42.868745288Z","Action":"run","Package":"go.temporal.io/server/tools/gomad3/cmd/gomadtool","Test":"TestTerminalDiagnosticsPrimaryStatus/usage/healthy_stderr"}
{"Time":"2026-10-09T19:54:42.868784538Z","Action":"output","Package":"go.temporal.io/server/tools/gomad3/cmd/gomadtool","Test":"TestTerminalDiagnosticsPrimaryStatus/usage/healthy_stderr","Output":"=== RUN   TestTerminalDiagnosticsPrimaryStatus/usage/healthy_stderr\n","OutputType":"frame"}
{"Time":"2026-10-09T19:54:42.868956913Z","Action":"output","Package":"go.temporal.io/server/tools/gomad3/cmd/gomadtool","Test":"TestTerminalDiagnosticsPrimaryStatus/usage/healthy_stderr","Output":"--- PASS: TestTerminalDiagnosticsPrimaryStatus/usage/healthy_stderr (0.00s)\n","OutputType":"frame"}
{"Time":"2026-10-09T19:54:42.868973371Z","Action":"pass","Package":"go.temporal.io/server/tools/gomad3/cmd/gomadtool","Test":"TestTerminalDiagnosticsPrimaryStatus/usage/healthy_stderr","Elapsed":0}
{"Time":"2026-10-09T19:54:42.869007538Z","Action":"run","Package":"go.temporal.io/server/tools/gomad3/cmd/gomadtool","Test":"TestTerminalDiagnosticsPrimaryStatus/usage/EBADF_stderr"}
{"Time":"2026-10-09T19:54:42.869031746Z","Action":"output","Package":"go.temporal.io/server/tools/gomad3/cmd/gomadtool","Test":"TestTerminalDiagnosticsPrimaryStatus/usage/EBADF_stderr","Output":"=== RUN   TestTerminalDiagnosticsPrimaryStatus/usage/EBADF_stderr\n","OutputType":"frame"}
{"Time":"2026-10-09T19:54:42.869180371Z","Action":"output","Package":"go.temporal.io/server/tools/gomad3/cmd/gomadtool","Test":"TestTerminalDiagnosticsPrimaryStatus/usage/EBADF_stderr","Output":"--- PASS: TestTerminalDiagnosticsPrimaryStatus/usage/EBADF_stderr (0.00s)\n","OutputType":"frame"}
{"Time":"2026-10-09T19:54:42.869209121Z","Action":"pass","Package":"go.temporal.io/server/tools/gomad3/cmd/gomadtool","Test":"TestTerminalDiagnosticsPrimaryStatus/usage/EBADF_stderr","Elapsed":0}
{"Time":"2026-10-09T19:54:42.869231246Z","Action":"output","Package":"go.temporal.io/server/tools/gomad3/cmd/gomadtool","Test":"TestTerminalDiagnosticsPrimaryStatus/usage","Output":"--- PASS: TestTerminalDiagnosticsPrimaryStatus/usage (0.00s)\n","OutputType":"frame"}
{"Time":"2026-10-09T19:54:42.869242038Z","Action":"pass","Package":"go.temporal.io/server/tools/gomad3/cmd/gomadtool","Test":"TestTerminalDiagnosticsPrimaryStatus/usage","Elapsed":0}
{"Time":"2026-10-09T19:54:42.869252954Z","Action":"run","Package":"go.temporal.io/server/tools/gomad3/cmd/gomadtool","Test":"TestTerminalDiagnosticsPrimaryStatus/unknown_command"}
{"Time":"2026-10-09T19:54:42.869264079Z","Action":"output","Package":"go.temporal.io/server/tools/gomad3/cmd/gomadtool","Test":"TestTerminalDiagnosticsPrimaryStatus/unknown_command","Output":"=== RUN   TestTerminalDiagnosticsPrimaryStatus/unknown_command\n","OutputType":"frame"}
{"Time":"2026-10-09T19:54:42.869289038Z","Action":"run","Package":"go.temporal.io/server/tools/gomad3/cmd/gomadtool","Test":"TestTerminalDiagnosticsPrimaryStatus/unknown_command/healthy_stderr"}
{"Time":"2026-10-09T19:54:42.869308496Z","Action":"output","Package":"go.temporal.io/server/tools/gomad3/cmd/gomadtool","Test":"TestTerminalDiagnosticsPrimaryStatus/unknown_command/healthy_stderr","Output":"=== RUN   TestTerminalDiagnosticsPrimaryStatus/unknown_command/healthy_stderr\n","OutputType":"frame"}
{"Time":"2026-10-09T19:54:42.869404371Z","Action":"output","Package":"go.temporal.io/server/tools/gomad3/cmd/gomadtool","Test":"TestTerminalDiagnosticsPrimaryStatus/unknown_command/healthy_stderr","Output":"--- PASS: TestTerminalDiagnosticsPrimaryStatus/unknown_command/healthy_stderr (0.00s)\n","OutputType":"frame"}
{"Time":"2026-10-09T19:54:42.869416829Z","Action":"pass","Package":"go.temporal.io/server/tools/gomad3/cmd/gomadtool","Test":"TestTerminalDiagnosticsPrimaryStatus/unknown_command/healthy_stderr","Elapsed":0}
{"Time":"2026-10-09T19:54:42.869430579Z","Action":"run","Package":"go.temporal.io/server/tools/gomad3/cmd/gomadtool","Test":"TestTerminalDiagnosticsPrimaryStatus/unknown_command/EBADF_stderr"}
{"Time":"2026-10-09T19:54:42.869444788Z","Action":"output","Package":"go.temporal.io/server/tools/gomad3/cmd/gomadtool","Test":"TestTerminalDiagnosticsPrimaryStatus/unknown_command/EBADF_stderr","Output":"=== RUN   TestTerminalDiagnosticsPrimaryStatus/unknown_command/EBADF_stderr\n","OutputType":"frame"}
{"Time":"2026-10-09T19:54:42.869606204Z","Action":"output","Package":"go.temporal.io/server/tools/gomad3/cmd/gomadtool","Test":"TestTerminalDiagnosticsPrimaryStatus/unknown_command/EBADF_stderr","Output":"--- PASS: TestTerminalDiagnosticsPrimaryStatus/unknown_command/EBADF_stderr (0.00s)\n","OutputType":"frame"}
{"Time":"2026-10-09T19:54:42.869625788Z","Action":"pass","Package":"go.temporal.io/server/tools/gomad3/cmd/gomadtool","Test":"TestTerminalDiagnosticsPrimaryStatus/unknown_command/EBADF_stderr","Elapsed":0}
{"Time":"2026-10-09T19:54:42.869639704Z","Action":"output","Package":"go.temporal.io/server/tools/gomad3/cmd/gomadtool","Test":"TestTerminalDiagnosticsPrimaryStatus/unknown_command","Output":"--- PASS: TestTerminalDiagnosticsPrimaryStatus/unknown_command (0.00s)\n","OutputType":"frame"}
{"Time":"2026-10-09T19:54:42.869648663Z","Action":"pass","Package":"go.temporal.io/server/tools/gomad3/cmd/gomadtool","Test":"TestTerminalDiagnosticsPrimaryStatus/unknown_command","Elapsed":0}
{"Time":"2026-10-09T19:54:42.869656454Z","Action":"run","Package":"go.temporal.io/server/tools/gomad3/cmd/gomadtool","Test":"TestTerminalDiagnosticsPrimaryStatus/checked_usage"}
{"Time":"2026-10-09T19:54:42.869664371Z","Action":"output","Package":"go.temporal.io/server/tools/gomad3/cmd/gomadtool","Test":"TestTerminalDiagnosticsPrimaryStatus/checked_usage","Output":"=== RUN   TestTerminalDiagnosticsPrimaryStatus/checked_usage\n","OutputType":"frame"}
{"Time":"2026-10-09T19:54:42.869672496Z","Action":"run","Package":"go.temporal.io/server/tools/gomad3/cmd/gomadtool","Test":"TestTerminalDiagnosticsPrimaryStatus/checked_usage/healthy_stderr"}
{"Time":"2026-10-09T19:54:42.869680454Z","Action":"output","Package":"go.temporal.io/server/tools/gomad3/cmd/gomadtool","Test":"TestTerminalDiagnosticsPrimaryStatus/checked_usage/healthy_stderr","Output":"=== RUN   TestTerminalDiagnosticsPrimaryStatus/checked_usage/healthy_stderr\n","OutputType":"frame"}
{"Time":"2026-10-09T19:54:42.869803163Z","Action":"output","Package":"go.temporal.io/server/tools/gomad3/cmd/gomadtool","Test":"TestTerminalDiagnosticsPrimaryStatus/checked_usage/healthy_stderr","Output":"--- PASS: TestTerminalDiagnosticsPrimaryStatus/checked_usage/healthy_stderr (0.00s)\n","OutputType":"frame"}
{"Time":"2026-10-09T19:54:42.869831954Z","Action":"pass","Package":"go.temporal.io/server/tools/gomad3/cmd/gomadtool","Test":"TestTerminalDiagnosticsPrimaryStatus/checked_usage/healthy_stderr","Elapsed":0}
{"Time":"2026-10-09T19:54:42.869853288Z","Action":"run","Package":"go.temporal.io/server/tools/gomad3/cmd/gomadtool","Test":"TestTerminalDiagnosticsPrimaryStatus/checked_usage/EBADF_stderr"}
{"Time":"2026-10-09T19:54:42.869866496Z","Action":"output","Package":"go.temporal.io/server/tools/gomad3/cmd/gomadtool","Test":"TestTerminalDiagnosticsPrimaryStatus/checked_usage/EBADF_stderr","Output":"=== RUN   TestTerminalDiagnosticsPrimaryStatus/checked_usage/EBADF_stderr\n","OutputType":"frame"}
{"Time":"2026-10-09T19:54:42.870001621Z","Action":"output","Package":"go.temporal.io/server/tools/gomad3/cmd/gomadtool","Test":"TestTerminalDiagnosticsPrimaryStatus/checked_usage/EBADF_stderr","Output":"--- PASS: TestTerminalDiagnosticsPrimaryStatus/checked_usage/EBADF_stderr (0.00s)\n","OutputType":"frame"}
{"Time":"2026-10-09T19:54:42.870029163Z","Action":"pass","Package":"go.temporal.io/server/tools/gomad3/cmd/gomadtool","Test":"TestTerminalDiagnosticsPrimaryStatus/checked_usage/EBADF_stderr","Elapsed":0}
{"Time":"2026-10-09T19:54:42.870053079Z","Action":"output","Package":"go.temporal.io/server/tools/gomad3/cmd/gomadtool","Test":"TestTerminalDiagnosticsPrimaryStatus/checked_usage","Output":"--- PASS: TestTerminalDiagnosticsPrimaryStatus/checked_usage (0.00s)\n","OutputType":"frame"}
{"Time":"2026-10-09T19:54:42.870076871Z","Action":"pass","Package":"go.temporal.io/server/tools/gomad3/cmd/gomadtool","Test":"TestTerminalDiagnosticsPrimaryStatus/checked_usage","Elapsed":0}
{"Time":"2026-10-09T19:54:42.870099204Z","Action":"run","Package":"go.temporal.io/server/tools/gomad3/cmd/gomadtool","Test":"TestTerminalDiagnosticsPrimaryStatus/checked_invalid_timeout"}
{"Time":"2026-10-09T19:54:42.870107871Z","Action":"output","Package":"go.temporal.io/server/tools/gomad3/cmd/gomadtool","Test":"TestTerminalDiagnosticsPrimaryStatus/checked_invalid_timeout","Output":"=== RUN   TestTerminalDiagnosticsPrimaryStatus/checked_invalid_timeout\n","OutputType":"frame"}
{"Time":"2026-10-09T19:54:42.870121371Z","Action":"run","Package":"go.temporal.io/server/tools/gomad3/cmd/gomadtool","Test":"TestTerminalDiagnosticsPrimaryStatus/checked_invalid_timeout/healthy_stderr"}
{"Time":"2026-10-09T19:54:42.870129954Z","Action":"output","Package":"go.temporal.io/server/tools/gomad3/cmd/gomadtool","Test":"TestTerminalDiagnosticsPrimaryStatus/checked_invalid_timeout/healthy_stderr","Output":"=== RUN   TestTerminalDiagnosticsPrimaryStatus/checked_invalid_timeout/healthy_stderr\n","OutputType":"frame"}
{"Time":"2026-10-09T19:54:42.870191704Z","Action":"output","Package":"go.temporal.io/server/tools/gomad3/cmd/gomadtool","Test":"TestTerminalDiagnosticsPrimaryStatus/checked_invalid_timeout/healthy_stderr","Output":"--- PASS: TestTerminalDiagnosticsPrimaryStatus/checked_invalid_timeout/healthy_stderr (0.00s)\n","OutputType":"frame"}
{"Time":"2026-10-09T19:54:42.870214538Z","Action":"pass","Package":"go.temporal.io/server/tools/gomad3/cmd/gomadtool","Test":"TestTerminalDiagnosticsPrimaryStatus/checked_invalid_timeout/healthy_stderr","Elapsed":0}
{"Time":"2026-10-09T19:54:42.870231913Z","Action":"run","Package":"go.temporal.io/server/tools/gomad3/cmd/gomadtool","Test":"TestTerminalDiagnosticsPrimaryStatus/checked_invalid_timeout/EBADF_stderr"}
{"Time":"2026-10-09T19:54:42.870247329Z","Action":"output","Package":"go.temporal.io/server/tools/gomad3/cmd/gomadtool","Test":"TestTerminalDiagnosticsPrimaryStatus/checked_invalid_timeout/EBADF_stderr","Output":"=== RUN   TestTerminalDiagnosticsPrimaryStatus/checked_invalid_timeout/EBADF_stderr\n","OutputType":"frame"}
{"Time":"2026-10-09T19:54:42.870401496Z","Action":"output","Package":"go.temporal.io/server/tools/gomad3/cmd/gomadtool","Test":"TestTerminalDiagnosticsPrimaryStatus/checked_invalid_timeout/EBADF_stderr","Output":"--- PASS: TestTerminalDiagnosticsPrimaryStatus/checked_invalid_timeout/EBADF_stderr (0.00s)\n","OutputType":"frame"}
{"Time":"2026-10-09T19:54:42.870428246Z","Action":"pass","Package":"go.temporal.io/server/tools/gomad3/cmd/gomadtool","Test":"TestTerminalDiagnosticsPrimaryStatus/checked_invalid_timeout/EBADF_stderr","Elapsed":0}
{"Time":"2026-10-09T19:54:42.870445621Z","Action":"output","Package":"go.temporal.io/server/tools/gomad3/cmd/gomadtool","Test":"TestTerminalDiagnosticsPrimaryStatus/checked_invalid_timeout","Output":"--- PASS: TestTerminalDiagnosticsPrimaryStatus/checked_invalid_timeout (0.00s)\n","OutputType":"frame"}
{"Time":"2026-10-09T19:54:42.870462996Z","Action":"pass","Package":"go.temporal.io/server/tools/gomad3/cmd/gomadtool","Test":"TestTerminalDiagnosticsPrimaryStatus/checked_invalid_timeout","Elapsed":0}
{"Time":"2026-10-09T19:54:42.870478746Z","Action":"run","Package":"go.temporal.io/server/tools/gomad3/cmd/gomadtool","Test":"TestTerminalDiagnosticsPrimaryStatus/checked_invalid_root"}
{"Time":"2026-10-09T19:54:42.870487621Z","Action":"output","Package":"go.temporal.io/server/tools/gomad3/cmd/gomadtool","Test":"TestTerminalDiagnosticsPrimaryStatus/checked_invalid_root","Output":"=== RUN   TestTerminalDiagnosticsPrimaryStatus/checked_invalid_root\n","OutputType":"frame"}
{"Time":"2026-10-09T19:54:42.870498454Z","Action":"run","Package":"go.temporal.io/server/tools/gomad3/cmd/gomadtool","Test":"TestTerminalDiagnosticsPrimaryStatus/checked_invalid_root/healthy_stderr"}
{"Time":"2026-10-09T19:54:42.870508329Z","Action":"output","Package":"go.temporal.io/server/tools/gomad3/cmd/gomadtool","Test":"TestTerminalDiagnosticsPrimaryStatus/checked_invalid_root/healthy_stderr","Output":"=== RUN   TestTerminalDiagnosticsPrimaryStatus/checked_invalid_root/healthy_stderr\n","OutputType":"frame"}
{"Time":"2026-10-09T19:54:42.870552954Z","Action":"output","Package":"go.temporal.io/server/tools/gomad3/cmd/gomadtool","Test":"TestTerminalDiagnosticsPrimaryStatus/checked_invalid_root/healthy_stderr","Output":"--- PASS: TestTerminalDiagnosticsPrimaryStatus/checked_invalid_root/healthy_stderr (0.00s)\n","OutputType":"frame"}
{"Time":"2026-10-09T19:54:42.870566621Z","Action":"pass","Package":"go.temporal.io/server/tools/gomad3/cmd/gomadtool","Test":"TestTerminalDiagnosticsPrimaryStatus/checked_invalid_root/healthy_stderr","Elapsed":0}
{"Time":"2026-10-09T19:54:42.870575246Z","Action":"run","Package":"go.temporal.io/server/tools/gomad3/cmd/gomadtool","Test":"TestTerminalDiagnosticsPrimaryStatus/checked_invalid_root/EBADF_stderr"}
{"Time":"2026-10-09T19:54:42.870590371Z","Action":"output","Package":"go.temporal.io/server/tools/gomad3/cmd/gomadtool","Test":"TestTerminalDiagnosticsPrimaryStatus/checked_invalid_root/EBADF_stderr","Output":"=== RUN   TestTerminalDiagnosticsPrimaryStatus/checked_invalid_root/EBADF_stderr\n","OutputType":"frame"}
{"Time":"2026-10-09T19:54:42.870735121Z","Action":"output","Package":"go.temporal.io/server/tools/gomad3/cmd/gomadtool","Test":"TestTerminalDiagnosticsPrimaryStatus/checked_invalid_root/EBADF_stderr","Output":"--- PASS: TestTerminalDiagnosticsPrimaryStatus/checked_invalid_root/EBADF_stderr (0.00s)\n","OutputType":"frame"}
{"Time":"2026-10-09T19:54:42.870749288Z","Action":"pass","Package":"go.temporal.io/server/tools/gomad3/cmd/gomadtool","Test":"TestTerminalDiagnosticsPrimaryStatus/checked_invalid_root/EBADF_stderr","Elapsed":0}
{"Time":"2026-10-09T19:54:42.870760871Z","Action":"output","Package":"go.temporal.io/server/tools/gomad3/cmd/gomadtool","Test":"TestTerminalDiagnosticsPrimaryStatus/checked_invalid_root","Output":"--- PASS: TestTerminalDiagnosticsPrimaryStatus/checked_invalid_root (0.00s)\n","OutputType":"frame"}
{"Time":"2026-10-09T19:54:42.870776121Z","Action":"pass","Package":"go.temporal.io/server/tools/gomad3/cmd/gomadtool","Test":"TestTerminalDiagnosticsPrimaryStatus/checked_invalid_root","Elapsed":0}
{"Time":"2026-10-09T19:54:42.870791496Z","Action":"run","Package":"go.temporal.io/server/tools/gomad3/cmd/gomadtool","Test":"TestTerminalDiagnosticsPrimaryStatus/build_key_invalid_identity"}
{"Time":"2026-10-09T19:54:42.870804746Z","Action":"output","Package":"go.temporal.io/server/tools/gomad3/cmd/gomadtool","Test":"TestTerminalDiagnosticsPrimaryStatus/build_key_invalid_identity","Output":"=== RUN   TestTerminalDiagnosticsPrimaryStatus/build_key_invalid_identity\n","OutputType":"frame"}
{"Time":"2026-10-09T19:54:42.870813163Z","Action":"run","Package":"go.temporal.io/server/tools/gomad3/cmd/gomadtool","Test":"TestTerminalDiagnosticsPrimaryStatus/build_key_invalid_identity/healthy_stderr"}
{"Time":"2026-10-09T19:54:42.870821746Z","Action":"output","Package":"go.temporal.io/server/tools/gomad3/cmd/gomadtool","Test":"TestTerminalDiagnosticsPrimaryStatus/build_key_invalid_identity/healthy_stderr","Output":"=== RUN   TestTerminalDiagnosticsPrimaryStatus/build_key_invalid_identity/healthy_stderr\n","OutputType":"frame"}
{"Time":"2026-10-09T19:54:42.870970913Z","Action":"output","Package":"go.temporal.io/server/tools/gomad3/cmd/gomadtool","Test":"TestTerminalDiagnosticsPrimaryStatus/build_key_invalid_identity/healthy_stderr","Output":"--- PASS: TestTerminalDiagnosticsPrimaryStatus/build_key_invalid_identity/healthy_stderr (0.00s)\n","OutputType":"frame"}
{"Time":"2026-10-09T19:54:42.870983538Z","Action":"pass","Package":"go.temporal.io/server/tools/gomad3/cmd/gomadtool","Test":"TestTerminalDiagnosticsPrimaryStatus/build_key_invalid_identity/healthy_stderr","Elapsed":0}
{"Time":"2026-10-09T19:54:42.870997704Z","Action":"run","Package":"go.temporal.io/server/tools/gomad3/cmd/gomadtool","Test":"TestTerminalDiagnosticsPrimaryStatus/build_key_invalid_identity/EBADF_stderr"}
{"Time":"2026-10-09T19:54:42.871012454Z","Action":"output","Package":"go.temporal.io/server/tools/gomad3/cmd/gomadtool","Test":"TestTerminalDiagnosticsPrimaryStatus/build_key_invalid_identity/EBADF_stderr","Output":"=== RUN   TestTerminalDiagnosticsPrimaryStatus/build_key_invalid_identity/EBADF_stderr\n","OutputType":"frame"}
{"Time":"2026-10-09T19:54:42.871168538Z","Action":"output","Package":"go.temporal.io/server/tools/gomad3/cmd/gomadtool","Test":"TestTerminalDiagnosticsPrimaryStatus/build_key_invalid_identity/EBADF_stderr","Output":"--- PASS: TestTerminalDiagnosticsPrimaryStatus/build_key_invalid_identity/EBADF_stderr (0.00s)\n","OutputType":"frame"}
{"Time":"2026-10-09T19:54:42.871184413Z","Action":"pass","Package":"go.temporal.io/server/tools/gomad3/cmd/gomadtool","Test":"TestTerminalDiagnosticsPrimaryStatus/build_key_invalid_identity/EBADF_stderr","Elapsed":0}
{"Time":"2026-10-09T19:54:42.871199579Z","Action":"output","Package":"go.temporal.io/server/tools/gomad3/cmd/gomadtool","Test":"TestTerminalDiagnosticsPrimaryStatus/build_key_invalid_identity","Output":"--- PASS: TestTerminalDiagnosticsPrimaryStatus/build_key_invalid_identity (0.00s)\n","OutputType":"frame"}
{"Time":"2026-10-09T19:54:42.871216246Z","Action":"pass","Package":"go.temporal.io/server/tools/gomad3/cmd/gomadtool","Test":"TestTerminalDiagnosticsPrimaryStatus/build_key_invalid_identity","Elapsed":0}
{"Time":"2026-10-09T19:54:42.871228038Z","Action":"run","Package":"go.temporal.io/server/tools/gomad3/cmd/gomadtool","Test":"TestTerminalDiagnosticsPrimaryStatus/build_key_missing_patch"}
{"Time":"2026-10-09T19:54:42.871246496Z","Action":"output","Package":"go.temporal.io/server/tools/gomad3/cmd/gomadtool","Test":"TestTerminalDiagnosticsPrimaryStatus/build_key_missing_patch","Output":"=== RUN   TestTerminalDiagnosticsPrimaryStatus/build_key_missing_patch\n","OutputType":"frame"}
{"Time":"2026-10-09T19:54:42.871261829Z","Action":"run","Package":"go.temporal.io/server/tools/gomad3/cmd/gomadtool","Test":"TestTerminalDiagnosticsPrimaryStatus/build_key_missing_patch/healthy_stderr"}
{"Time":"2026-10-09T19:54:42.871276496Z","Action":"output","Package":"go.temporal.io/server/tools/gomad3/cmd/gomadtool","Test":"TestTerminalDiagnosticsPrimaryStatus/build_key_missing_patch/healthy_stderr","Output":"=== RUN   TestTerminalDiagnosticsPrimaryStatus/build_key_missing_patch/healthy_stderr\n","OutputType":"frame"}
{"Time":"2026-10-09T19:54:42.871372121Z","Action":"output","Package":"go.temporal.io/server/tools/gomad3/cmd/gomadtool","Test":"TestTerminalDiagnosticsPrimaryStatus/build_key_missing_patch/healthy_stderr","Output":"--- PASS: TestTerminalDiagnosticsPrimaryStatus/build_key_missing_patch/healthy_stderr (0.00s)\n","OutputType":"frame"}
{"Time":"2026-10-09T19:54:42.871388746Z","Action":"pass","Package":"go.temporal.io/server/tools/gomad3/cmd/gomadtool","Test":"TestTerminalDiagnosticsPrimaryStatus/build_key_missing_patch/healthy_stderr","Elapsed":0}
{"Time":"2026-10-09T19:54:42.871404163Z","Action":"run","Package":"go.temporal.io/server/tools/gomad3/cmd/gomadtool","Test":"TestTerminalDiagnosticsPrimaryStatus/build_key_missing_patch/EBADF_stderr"}
{"Time":"2026-10-09T19:54:42.871418121Z","Action":"output","Package":"go.temporal.io/server/tools/gomad3/cmd/gomadtool","Test":"TestTerminalDiagnosticsPrimaryStatus/build_key_missing_patch/EBADF_stderr","Output":"=== RUN   TestTerminalDiagnosticsPrimaryStatus/build_key_missing_patch/EBADF_stderr\n","OutputType":"frame"}
{"Time":"2026-10-09T19:54:42.871540913Z","Action":"output","Package":"go.temporal.io/server/tools/gomad3/cmd/gomadtool","Test":"TestTerminalDiagnosticsPrimaryStatus/build_key_missing_patch/EBADF_stderr","Output":"--- PASS: TestTerminalDiagnosticsPrimaryStatus/build_key_missing_patch/EBADF_stderr (0.00s)\n","OutputType":"frame"}
{"Time":"2026-10-09T19:54:42.871553496Z","Action":"pass","Package":"go.temporal.io/server/tools/gomad3/cmd/gomadtool","Test":"TestTerminalDiagnosticsPrimaryStatus/build_key_missing_patch/EBADF_stderr","Elapsed":0}
{"Time":"2026-10-09T19:54:42.871567246Z","Action":"output","Package":"go.temporal.io/server/tools/gomad3/cmd/gomadtool","Test":"TestTerminalDiagnosticsPrimaryStatus/build_key_missing_patch","Output":"--- PASS: TestTerminalDiagnosticsPrimaryStatus/build_key_missing_patch (0.00s)\n","OutputType":"frame"}
{"Time":"2026-10-09T19:54:42.871582121Z","Action":"pass","Package":"go.temporal.io/server/tools/gomad3/cmd/gomadtool","Test":"TestTerminalDiagnosticsPrimaryStatus/build_key_missing_patch","Elapsed":0}
{"Time":"2026-10-09T19:54:42.871603746Z","Action":"run","Package":"go.temporal.io/server/tools/gomad3/cmd/gomadtool","Test":"TestTerminalDiagnosticsPrimaryStatus/build_key_missing_overlay"}
{"Time":"2026-10-09T19:54:42.871634746Z","Action":"output","Package":"go.temporal.io/server/tools/gomad3/cmd/gomadtool","Test":"TestTerminalDiagnosticsPrimaryStatus/build_key_missing_overlay","Output":"=== RUN   TestTerminalDiagnosticsPrimaryStatus/build_key_missing_overlay\n","OutputType":"frame"}
{"Time":"2026-10-09T19:54:42.871654704Z","Action":"run","Package":"go.temporal.io/server/tools/gomad3/cmd/gomadtool","Test":"TestTerminalDiagnosticsPrimaryStatus/build_key_missing_overlay/healthy_stderr"}
{"Time":"2026-10-09T19:54:42.871663788Z","Action":"output","Package":"go.temporal.io/server/tools/gomad3/cmd/gomadtool","Test":"TestTerminalDiagnosticsPrimaryStatus/build_key_missing_overlay/healthy_stderr","Output":"=== RUN   TestTerminalDiagnosticsPrimaryStatus/build_key_missing_overlay/healthy_stderr\n","OutputType":"frame"}
{"Time":"2026-10-09T19:54:42.871742329Z","Action":"output","Package":"go.temporal.io/server/tools/gomad3/cmd/gomadtool","Test":"TestTerminalDiagnosticsPrimaryStatus/build_key_missing_overlay/healthy_stderr","Output":"--- PASS: TestTerminalDiagnosticsPrimaryStatus/build_key_missing_overlay/healthy_stderr (0.00s)\n","OutputType":"frame"}
{"Time":"2026-10-09T19:54:42.871756663Z","Action":"pass","Package":"go.temporal.io/server/tools/gomad3/cmd/gomadtool","Test":"TestTerminalDiagnosticsPrimaryStatus/build_key_missing_overlay/healthy_stderr","Elapsed":0}
{"Time":"2026-10-09T19:54:42.871765996Z","Action":"run","Package":"go.temporal.io/server/tools/gomad3/cmd/gomadtool","Test":"TestTerminalDiagnosticsPrimaryStatus/build_key_missing_overlay/EBADF_stderr"}
{"Time":"2026-10-09T19:54:42.871773746Z","Action":"output","Package":"go.temporal.io/server/tools/gomad3/cmd/gomadtool","Test":"TestTerminalDiagnosticsPrimaryStatus/build_key_missing_overlay/EBADF_stderr","Output":"=== RUN   TestTerminalDiagnosticsPrimaryStatus/build_key_missing_overlay/EBADF_stderr\n","OutputType":"frame"}
{"Time":"2026-10-09T19:54:42.871918454Z","Action":"output","Package":"go.temporal.io/server/tools/gomad3/cmd/gomadtool","Test":"TestTerminalDiagnosticsPrimaryStatus/build_key_missing_overlay/EBADF_stderr","Output":"--- PASS: TestTerminalDiagnosticsPrimaryStatus/build_key_missing_overlay/EBADF_stderr (0.00s)\n","OutputType":"frame"}
{"Time":"2026-10-09T19:54:42.871963621Z","Action":"pass","Package":"go.temporal.io/server/tools/gomad3/cmd/gomadtool","Test":"TestTerminalDiagnosticsPrimaryStatus/build_key_missing_overlay/EBADF_stderr","Elapsed":0}
{"Time":"2026-10-09T19:54:42.871981829Z","Action":"output","Package":"go.temporal.io/server/tools/gomad3/cmd/gomadtool","Test":"TestTerminalDiagnosticsPrimaryStatus/build_key_missing_overlay","Output":"--- PASS: TestTerminalDiagnosticsPrimaryStatus/build_key_missing_overlay (0.00s)\n","OutputType":"frame"}
{"Time":"2026-10-09T19:54:42.871994079Z","Action":"pass","Package":"go.temporal.io/server/tools/gomad3/cmd/gomadtool","Test":"TestTerminalDiagnosticsPrimaryStatus/build_key_missing_overlay","Elapsed":0}
{"Time":"2026-10-09T19:54:42.872002579Z","Action":"run","Package":"go.temporal.io/server/tools/gomad3/cmd/gomadtool","Test":"TestTerminalDiagnosticsPrimaryStatus/patch_validation"}
{"Time":"2026-10-09T19:54:42.872010913Z","Action":"output","Package":"go.temporal.io/server/tools/gomad3/cmd/gomadtool","Test":"TestTerminalDiagnosticsPrimaryStatus/patch_validation","Output":"=== RUN   TestTerminalDiagnosticsPrimaryStatus/patch_validation\n","OutputType":"frame"}
{"Time":"2026-10-09T19:54:42.872020413Z","Action":"run","Package":"go.temporal.io/server/tools/gomad3/cmd/gomadtool","Test":"TestTerminalDiagnosticsPrimaryStatus/patch_validation/healthy_stderr"}
{"Time":"2026-10-09T19:54:42.872041246Z","Action":"output","Package":"go.temporal.io/server/tools/gomad3/cmd/gomadtool","Test":"TestTerminalDiagnosticsPrimaryStatus/patch_validation/healthy_stderr","Output":"=== RUN   TestTerminalDiagnosticsPrimaryStatus/patch_validation/healthy_stderr\n","OutputType":"frame"}
{"Time":"2026-10-09T19:54:42.872124996Z","Action":"output","Package":"go.temporal.io/server/tools/gomad3/cmd/gomadtool","Test":"TestTerminalDiagnosticsPrimaryStatus/patch_validation/healthy_stderr","Output":"--- PASS: TestTerminalDiagnosticsPrimaryStatus/patch_validation/healthy_stderr (0.00s)\n","OutputType":"frame"}
{"Time":"2026-10-09T19:54:42.872138038Z","Action":"pass","Package":"go.temporal.io/server/tools/gomad3/cmd/gomadtool","Test":"TestTerminalDiagnosticsPrimaryStatus/patch_validation/healthy_stderr","Elapsed":0}
{"Time":"2026-10-09T19:54:42.872150871Z","Action":"run","Package":"go.temporal.io/server/tools/gomad3/cmd/gomadtool","Test":"TestTerminalDiagnosticsPrimaryStatus/patch_validation/EBADF_stderr"}
{"Time":"2026-10-09T19:54:42.872163913Z","Action":"output","Package":"go.temporal.io/server/tools/gomad3/cmd/gomadtool","Test":"TestTerminalDiagnosticsPrimaryStatus/patch_validation/EBADF_stderr","Output":"=== RUN   TestTerminalDiagnosticsPrimaryStatus/patch_validation/EBADF_stderr\n","OutputType":"frame"}
{"Time":"2026-10-09T19:54:42.872295663Z","Action":"output","Package":"go.temporal.io/server/tools/gomad3/cmd/gomadtool","Test":"TestTerminalDiagnosticsPrimaryStatus/patch_validation/EBADF_stderr","Output":"--- PASS: TestTerminalDiagnosticsPrimaryStatus/patch_validation/EBADF_stderr (0.00s)\n","OutputType":"frame"}
{"Time":"2026-10-09T19:54:42.872307621Z","Action":"pass","Package":"go.temporal.io/server/tools/gomad3/cmd/gomadtool","Test":"TestTerminalDiagnosticsPrimaryStatus/patch_validation/EBADF_stderr","Elapsed":0}
{"Time":"2026-10-09T19:54:42.872333663Z","Action":"output","Package":"go.temporal.io/server/tools/gomad3/cmd/gomadtool","Test":"TestTerminalDiagnosticsPrimaryStatus/patch_validation","Output":"--- PASS: TestTerminalDiagnosticsPrimaryStatus/patch_validation (0.00s)\n","OutputType":"frame"}
{"Time":"2026-10-09T19:54:42.872354954Z","Action":"pass","Package":"go.temporal.io/server/tools/gomad3/cmd/gomadtool","Test":"TestTerminalDiagnosticsPrimaryStatus/patch_validation","Elapsed":0}
{"Time":"2026-10-09T19:54:42.872363038Z","Action":"run","Package":"go.temporal.io/server/tools/gomad3/cmd/gomadtool","Test":"TestTerminalDiagnosticsPrimaryStatus/script_validation"}
{"Time":"2026-10-09T19:54:42.872370954Z","Action":"output","Package":"go.temporal.io/server/tools/gomad3/cmd/gomadtool","Test":"TestTerminalDiagnosticsPrimaryStatus/script_validation","Output":"=== RUN   TestTerminalDiagnosticsPrimaryStatus/script_validation\n","OutputType":"frame"}
{"Time":"2026-10-09T19:54:42.872379454Z","Action":"run","Package":"go.temporal.io/server/tools/gomad3/cmd/gomadtool","Test":"TestTerminalDiagnosticsPrimaryStatus/script_validation/healthy_stderr"}
{"Time":"2026-10-09T19:54:42.872386913Z","Action":"output","Package":"go.temporal.io/server/tools/gomad3/cmd/gomadtool","Test":"TestTerminalDiagnosticsPrimaryStatus/script_validation/healthy_stderr","Output":"=== RUN   TestTerminalDiagnosticsPrimaryStatus/script_validation/healthy_stderr\n","OutputType":"frame"}
{"Time":"2026-10-09T19:54:42.872485704Z","Action":"output","Package":"go.temporal.io/server/tools/gomad3/cmd/gomadtool","Test":"TestTerminalDiagnosticsPrimaryStatus/script_validation/healthy_stderr","Output":"--- PASS: TestTerminalDiagnosticsPrimaryStatus/script_validation/healthy_stderr (0.00s)\n","OutputType":"frame"}
{"Time":"2026-10-09T19:54:42.872497579Z","Action":"pass","Package":"go.temporal.io/server/tools/gomad3/cmd/gomadtool","Test":"TestTerminalDiagnosticsPrimaryStatus/script_validation/healthy_stderr","Elapsed":0}
{"Time":"2026-10-09T19:54:42.872506079Z","Action":"run","Package":"go.temporal.io/server/tools/gomad3/cmd/gomadtool","Test":"TestTerminalDiagnosticsPrimaryStatus/script_validation/EBADF_stderr"}
{"Time":"2026-10-09T19:54:42.872514871Z","Action":"output","Package":"go.temporal.io/server/tools/gomad3/cmd/gomadtool","Test":"TestTerminalDiagnosticsPrimaryStatus/script_validation/EBADF_stderr","Output":"=== RUN   TestTerminalDiagnosticsPrimaryStatus/script_validation/EBADF_stderr\n","OutputType":"frame"}
{"Time":"2026-10-09T19:54:42.872727246Z","Action":"output","Package":"go.temporal.io/server/tools/gomad3/cmd/gomadtool","Test":"TestTerminalDiagnosticsPrimaryStatus/script_validation/EBADF_stderr","Output":"--- PASS: TestTerminalDiagnosticsPrimaryStatus/script_validation/EBADF_stderr (0.00s)\n","OutputType":"frame"}
{"Time":"2026-10-09T19:54:42.872765121Z","Action":"pass","Package":"go.temporal.io/server/tools/gomad3/cmd/gomadtool","Test":"TestTerminalDiagnosticsPrimaryStatus/script_validation/EBADF_stderr","Elapsed":0}
{"Time":"2026-10-09T19:54:42.872784954Z","Action":"output","Package":"go.temporal.io/server/tools/gomad3/cmd/gomadtool","Test":"TestTerminalDiagnosticsPrimaryStatus/script_validation","Output":"--- PASS: TestTerminalDiagnosticsPrimaryStatus/script_validation (0.00s)\n","OutputType":"frame"}
{"Time":"2026-10-09T19:54:42.872807788Z","Action":"pass","Package":"go.temporal.io/server/tools/gomad3/cmd/gomadtool","Test":"TestTerminalDiagnosticsPrimaryStatus/script_validation","Elapsed":0}
{"Time":"2026-10-09T19:54:42.872829829Z","Action":"run","Package":"go.temporal.io/server/tools/gomad3/cmd/gomadtool","Test":"TestTerminalDiagnosticsPrimaryStatus/patch_materialize"}
{"Time":"2026-10-09T19:54:42.872849413Z","Action":"output","Package":"go.temporal.io/server/tools/gomad3/cmd/gomadtool","Test":"TestTerminalDiagnosticsPrimaryStatus/patch_materialize","Output":"=== RUN   TestTerminalDiagnosticsPrimaryStatus/patch_materialize\n","OutputType":"frame"}
{"Time":"2026-10-09T19:54:42.872864913Z","Action":"run","Package":"go.temporal.io/server/tools/gomad3/cmd/gomadtool","Test":"TestTerminalDiagnosticsPrimaryStatus/patch_materialize/healthy_stderr"}
{"Time":"2026-10-09T19:54:42.872884371Z","Action":"output","Package":"go.temporal.io/server/tools/gomad3/cmd/gomadtool","Test":"TestTerminalDiagnosticsPrimaryStatus/patch_materialize/healthy_stderr","Output":"=== RUN   TestTerminalDiagnosticsPrimaryStatus/patch_materialize/healthy_stderr\n","OutputType":"frame"}
{"Time":"2026-10-09T19:54:42.872903954Z","Action":"output","Package":"go.temporal.io/server/tools/gomad3/cmd/gomadtool","Test":"TestTerminalDiagnosticsPrimaryStatus/patch_materialize/healthy_stderr","Output":"--- PASS: TestTerminalDiagnosticsPrimaryStatus/patch_materialize/healthy_stderr (0.00s)\n","OutputType":"frame"}
{"Time":"2026-10-09T19:54:42.872922579Z","Action":"pass","Package":"go.temporal.io/server/tools/gomad3/cmd/gomadtool","Test":"TestTerminalDiagnosticsPrimaryStatus/patch_materialize/healthy_stderr","Elapsed":0}
{"Time":"2026-10-09T19:54:42.872943204Z","Action":"run","Package":"go.temporal.io/server/tools/gomad3/cmd/gomadtool","Test":"TestTerminalDiagnosticsPrimaryStatus/patch_materialize/EBADF_stderr"}
{"Time":"2026-10-09T19:54:42.872962413Z","Action":"output","Package":"go.temporal.io/server/tools/gomad3/cmd/gomadtool","Test":"TestTerminalDiagnosticsPrimaryStatus/patch_materialize/EBADF_stderr","Output":"=== RUN   TestTerminalDiagnosticsPrimaryStatus/patch_materialize/EBADF_stderr\n","OutputType":"frame"}
{"Time":"2026-10-09T19:54:42.873002329Z","Action":"output","Package":"go.temporal.io/server/tools/gomad3/cmd/gomadtool","Test":"TestTerminalDiagnosticsPrimaryStatus/patch_materialize/EBADF_stderr","Output":"--- PASS: TestTerminalDiagnosticsPrimaryStatus/patch_materialize/EBADF_stderr (0.00s)\n","OutputType":"frame"}
{"Time":"2026-10-09T19:54:42.873021371Z","Action":"pass","Package":"go.temporal.io/server/tools/gomad3/cmd/gomadtool","Test":"TestTerminalDiagnosticsPrimaryStatus/patch_materialize/EBADF_stderr","Elapsed":0}
{"Time":"2026-10-09T19:54:42.873036954Z","Action":"output","Package":"go.temporal.io/server/tools/gomad3/cmd/gomadtool","Test":"TestTerminalDiagnosticsPrimaryStatus/patch_materialize","Output":"--- PASS: TestTerminalDiagnosticsPrimaryStatus/patch_materialize (0.00s)\n","OutputType":"frame"}
{"Time":"2026-10-09T19:54:42.873059829Z","Action":"pass","Package":"go.temporal.io/server/tools/gomad3/cmd/gomadtool","Test":"TestTerminalDiagnosticsPrimaryStatus/patch_materialize","Elapsed":0}
{"Time":"2026-10-09T19:54:42.873078496Z","Action":"run","Package":"go.temporal.io/server/tools/gomad3/cmd/gomadtool","Test":"TestTerminalDiagnosticsPrimaryStatus/patch_regenerate"}
{"Time":"2026-10-09T19:54:42.873098163Z","Action":"output","Package":"go.temporal.io/server/tools/gomad3/cmd/gomadtool","Test":"TestTerminalDiagnosticsPrimaryStatus/patch_regenerate","Output":"=== RUN   TestTerminalDiagnosticsPrimaryStatus/patch_regenerate\n","OutputType":"frame"}
{"Time":"2026-10-09T19:54:42.873117246Z","Action":"run","Package":"go.temporal.io/server/tools/gomad3/cmd/gomadtool","Test":"TestTerminalDiagnosticsPrimaryStatus/patch_regenerate/healthy_stderr"}
{"Time":"2026-10-09T19:54:42.873136704Z","Action":"output","Package":"go.temporal.io/server/tools/gomad3/cmd/gomadtool","Test":"TestTerminalDiagnosticsPrimaryStatus/patch_regenerate/healthy_stderr","Output":"=== RUN   TestTerminalDiagnosticsPrimaryStatus/patch_regenerate/healthy_stderr\n","OutputType":"frame"}
{"Time":"2026-10-09T19:54:42.873186954Z","Action":"output","Package":"go.temporal.io/server/tools/gomad3/cmd/gomadtool","Test":"TestTerminalDiagnosticsPrimaryStatus/patch_regenerate/healthy_stderr","Output":"--- PASS: TestTerminalDiagnosticsPrimaryStatus/patch_regenerate/healthy_stderr (0.00s)\n","OutputType":"frame"}
{"Time":"2026-10-09T19:54:42.873211413Z","Action":"pass","Package":"go.temporal.io/server/tools/gomad3/cmd/gomadtool","Test":"TestTerminalDiagnosticsPrimaryStatus/patch_regenerate/healthy_stderr","Elapsed":0}
{"Time":"2026-10-09T19:54:42.873232579Z","Action":"run","Package":"go.temporal.io/server/tools/gomad3/cmd/gomadtool","Test":"TestTerminalDiagnosticsPrimaryStatus/patch_regenerate/EBADF_stderr"}
{"Time":"2026-10-09T19:54:42.873247329Z","Action":"output","Package":"go.temporal.io/server/tools/gomad3/cmd/gomadtool","Test":"TestTerminalDiagnosticsPrimaryStatus/patch_regenerate/EBADF_stderr","Output":"=== RUN   TestTerminalDiagnosticsPrimaryStatus/patch_regenerate/EBADF_stderr\n","OutputType":"frame"}
{"Time":"2026-10-09T19:54:42.873357954Z","Action":"output","Package":"go.temporal.io/server/tools/gomad3/cmd/gomadtool","Test":"TestTerminalDiagnosticsPrimaryStatus/patch_regenerate/EBADF_stderr","Output":"--- PASS: TestTerminalDiagnosticsPrimaryStatus/patch_regenerate/EBADF_stderr (0.00s)\n","OutputType":"frame"}
{"Time":"2026-10-09T19:54:42.873376371Z","Action":"pass","Package":"go.temporal.io/server/tools/gomad3/cmd/gomadtool","Test":"TestTerminalDiagnosticsPrimaryStatus/patch_regenerate/EBADF_stderr","Elapsed":0}
{"Time":"2026-10-09T19:54:42.873390038Z","Action":"output","Package":"go.temporal.io/server/tools/gomad3/cmd/gomadtool","Test":"TestTerminalDiagnosticsPrimaryStatus/patch_regenerate","Output":"--- PASS: TestTerminalDiagnosticsPrimaryStatus/patch_regenerate (0.00s)\n","OutputType":"frame"}
{"Time":"2026-10-09T19:54:42.873406579Z","Action":"pass","Package":"go.temporal.io/server/tools/gomad3/cmd/gomadtool","Test":"TestTerminalDiagnosticsPrimaryStatus/patch_regenerate","Elapsed":0}
{"Time":"2026-10-09T19:54:42.873419329Z","Action":"run","Package":"go.temporal.io/server/tools/gomad3/cmd/gomadtool","Test":"TestTerminalDiagnosticsPrimaryStatus/toolchain_ordinary_failure"}
{"Time":"2026-10-09T19:54:42.873435079Z","Action":"output","Package":"go.temporal.io/server/tools/gomad3/cmd/gomadtool","Test":"TestTerminalDiagnosticsPrimaryStatus/toolchain_ordinary_failure","Output":"=== RUN   TestTerminalDiagnosticsPrimaryStatus/toolchain_ordinary_failure\n","OutputType":"frame"}
{"Time":"2026-10-09T19:54:42.873447788Z","Action":"run","Package":"go.temporal.io/server/tools/gomad3/cmd/gomadtool","Test":"TestTerminalDiagnosticsPrimaryStatus/toolchain_ordinary_failure/healthy_stderr"}
{"Time":"2026-10-09T19:54:42.873460496Z","Action":"output","Package":"go.temporal.io/server/tools/gomad3/cmd/gomadtool","Test":"TestTerminalDiagnosticsPrimaryStatus/toolchain_ordinary_failure/healthy_stderr","Output":"=== RUN   TestTerminalDiagnosticsPrimaryStatus/toolchain_ordinary_failure/healthy_stderr\n","OutputType":"frame"}
{"Time":"2026-10-09T19:54:42.873530329Z","Action":"output","Package":"go.temporal.io/server/tools/gomad3/cmd/gomadtool","Test":"TestTerminalDiagnosticsPrimaryStatus/toolchain_ordinary_failure/healthy_stderr","Output":"--- PASS: TestTerminalDiagnosticsPrimaryStatus/toolchain_ordinary_failure/healthy_stderr (0.00s)\n","OutputType":"frame"}
{"Time":"2026-10-09T19:54:42.873542413Z","Action":"pass","Package":"go.temporal.io/server/tools/gomad3/cmd/gomadtool","Test":"TestTerminalDiagnosticsPrimaryStatus/toolchain_ordinary_failure/healthy_stderr","Elapsed":0}
{"Time":"2026-10-09T19:54:42.873550454Z","Action":"run","Package":"go.temporal.io/server/tools/gomad3/cmd/gomadtool","Test":"TestTerminalDiagnosticsPrimaryStatus/toolchain_ordinary_failure/EBADF_stderr"}
{"Time":"2026-10-09T19:54:42.873562954Z","Action":"output","Package":"go.temporal.io/server/tools/gomad3/cmd/gomadtool","Test":"TestTerminalDiagnosticsPrimaryStatus/toolchain_ordinary_failure/EBADF_stderr","Output":"=== RUN   TestTerminalDiagnosticsPrimaryStatus/toolchain_ordinary_failure/EBADF_stderr\n","OutputType":"frame"}
{"Time":"2026-10-09T19:54:42.873705454Z","Action":"output","Package":"go.temporal.io/server/tools/gomad3/cmd/gomadtool","Test":"TestTerminalDiagnosticsPrimaryStatus/toolchain_ordinary_failure/EBADF_stderr","Output":"--- PASS: TestTerminalDiagnosticsPrimaryStatus/toolchain_ordinary_failure/EBADF_stderr (0.00s)\n","OutputType":"frame"}
{"Time":"2026-10-09T19:54:42.873720121Z","Action":"pass","Package":"go.temporal.io/server/tools/gomad3/cmd/gomadtool","Test":"TestTerminalDiagnosticsPrimaryStatus/toolchain_ordinary_failure/EBADF_stderr","Elapsed":0}
{"Time":"2026-10-09T19:54:42.873733329Z","Action":"output","Package":"go.temporal.io/server/tools/gomad3/cmd/gomadtool","Test":"TestTerminalDiagnosticsPrimaryStatus/toolchain_ordinary_failure","Output":"--- PASS: TestTerminalDiagnosticsPrimaryStatus/toolchain_ordinary_failure (0.00s)\n","OutputType":"frame"}
{"Time":"2026-10-09T19:54:42.873741871Z","Action":"pass","Package":"go.temporal.io/server/tools/gomad3/cmd/gomadtool","Test":"TestTerminalDiagnosticsPrimaryStatus/toolchain_ordinary_failure","Elapsed":0}
{"Time":"2026-10-09T19:54:42.873754871Z","Action":"run","Package":"go.temporal.io/server/tools/gomad3/cmd/gomadtool","Test":"TestTerminalDiagnosticsPrimaryStatus/test_patch_failure"}
{"Time":"2026-10-09T19:54:42.873768371Z","Action":"output","Package":"go.temporal.io/server/tools/gomad3/cmd/gomadtool","Test":"TestTerminalDiagnosticsPrimaryStatus/test_patch_failure","Output":"=== RUN   TestTerminalDiagnosticsPrimaryStatus/test_patch_failure\n","OutputType":"frame"}
{"Time":"2026-10-09T19:54:42.873809829Z","Action":"run","Package":"go.temporal.io/server/tools/gomad3/cmd/gomadtool","Test":"TestTerminalDiagnosticsPrimaryStatus/test_patch_failure/healthy_stderr"}
{"Time":"2026-10-09T19:54:42.873830579Z","Action":"output","Package":"go.temporal.io/server/tools/gomad3/cmd/gomadtool","Test":"TestTerminalDiagnosticsPrimaryStatus/test_patch_failure/healthy_stderr","Output":"=== RUN   TestTerminalDiagnosticsPrimaryStatus/test_patch_failure/healthy_stderr\n","OutputType":"frame"}
{"Time":"2026-10-09T19:54:42.873885621Z","Action":"output","Package":"go.temporal.io/server/tools/gomad3/cmd/gomadtool","Test":"TestTerminalDiagnosticsPrimaryStatus/test_patch_failure/healthy_stderr","Output":"--- PASS: TestTerminalDiagnosticsPrimaryStatus/test_patch_failure/healthy_stderr (0.00s)\n","OutputType":"frame"}
{"Time":"2026-10-09T19:54:42.873915454Z","Action":"pass","Package":"go.temporal.io/server/tools/gomad3/cmd/gomadtool","Test":"TestTerminalDiagnosticsPrimaryStatus/test_patch_failure/healthy_stderr","Elapsed":0}
{"Time":"2026-10-09T19:54:42.873937121Z","Action":"run","Package":"go.temporal.io/server/tools/gomad3/cmd/gomadtool","Test":"TestTerminalDiagnosticsPrimaryStatus/test_patch_failure/EBADF_stderr"}
{"Time":"2026-10-09T19:54:42.873949538Z","Action":"output","Package":"go.temporal.io/server/tools/gomad3/cmd/gomadtool","Test":"TestTerminalDiagnosticsPrimaryStatus/test_patch_failure/EBADF_stderr","Output":"=== RUN   TestTerminalDiagnosticsPrimaryStatus/test_patch_failure/EBADF_stderr\n","OutputType":"frame"}
{"Time":"2026-10-09T19:54:42.874057121Z","Action":"output","Package":"go.temporal.io/server/tools/gomad3/cmd/gomadtool","Test":"TestTerminalDiagnosticsPrimaryStatus/test_patch_failure/EBADF_stderr","Output":"--- PASS: TestTerminalDiagnosticsPrimaryStatus/test_patch_failure/EBADF_stderr (0.00s)\n","OutputType":"frame"}
{"Time":"2026-10-09T19:54:42.874070246Z","Action":"pass","Package":"go.temporal.io/server/tools/gomad3/cmd/gomadtool","Test":"TestTerminalDiagnosticsPrimaryStatus/test_patch_failure/EBADF_stderr","Elapsed":0}
{"Time":"2026-10-09T19:54:42.874083496Z","Action":"output","Package":"go.temporal.io/server/tools/gomad3/cmd/gomadtool","Test":"TestTerminalDiagnosticsPrimaryStatus/test_patch_failure","Output":"--- PASS: TestTerminalDiagnosticsPrimaryStatus/test_patch_failure (0.00s)\n","OutputType":"frame"}
{"Time":"2026-10-09T19:54:42.874096246Z","Action":"pass","Package":"go.temporal.io/server/tools/gomad3/cmd/gomadtool","Test":"TestTerminalDiagnosticsPrimaryStatus/test_patch_failure","Elapsed":0}
{"Time":"2026-10-09T19:54:42.874113954Z","Action":"run","Package":"go.temporal.io/server/tools/gomad3/cmd/gomadtool","Test":"TestTerminalDiagnosticsPrimaryStatus/diagnostic_usage"}
{"Time":"2026-10-09T19:54:42.874126371Z","Action":"output","Package":"go.temporal.io/server/tools/gomad3/cmd/gomadtool","Test":"TestTerminalDiagnosticsPrimaryStatus/diagnostic_usage","Output":"=== RUN   TestTerminalDiagnosticsPrimaryStatus/diagnostic_usage\n","OutputType":"frame"}
{"Time":"2026-10-09T19:54:42.874139246Z","Action":"run","Package":"go.temporal.io/server/tools/gomad3/cmd/gomadtool","Test":"TestTerminalDiagnosticsPrimaryStatus/diagnostic_usage/healthy_stderr"}
{"Time":"2026-10-09T19:54:42.874147329Z","Action":"output","Package":"go.temporal.io/server/tools/gomad3/cmd/gomadtool","Test":"TestTerminalDiagnosticsPrimaryStatus/diagnostic_usage/healthy_stderr","Output":"=== RUN   TestTerminalDiagnosticsPrimaryStatus/diagnostic_usage/healthy_stderr\n","OutputType":"frame"}
{"Time":"2026-10-09T19:54:42.874230038Z","Action":"output","Package":"go.temporal.io/server/tools/gomad3/cmd/gomadtool","Test":"TestTerminalDiagnosticsPrimaryStatus/diagnostic_usage/healthy_stderr","Output":"--- PASS: TestTerminalDiagnosticsPrimaryStatus/diagnostic_usage/healthy_stderr (0.00s)\n","OutputType":"frame"}
{"Time":"2026-10-09T19:54:42.874243496Z","Action":"pass","Package":"go.temporal.io/server/tools/gomad3/cmd/gomadtool","Test":"TestTerminalDiagnosticsPrimaryStatus/diagnostic_usage/healthy_stderr","Elapsed":0}
{"Time":"2026-10-09T19:54:42.874256621Z","Action":"run","Package":"go.temporal.io/server/tools/gomad3/cmd/gomadtool","Test":"TestTerminalDiagnosticsPrimaryStatus/diagnostic_usage/EBADF_stderr"}
{"Time":"2026-10-09T19:54:42.874269038Z","Action":"output","Package":"go.temporal.io/server/tools/gomad3/cmd/gomadtool","Test":"TestTerminalDiagnosticsPrimaryStatus/diagnostic_usage/EBADF_stderr","Output":"=== RUN   TestTerminalDiagnosticsPrimaryStatus/diagnostic_usage/EBADF_stderr\n","OutputType":"frame"}
{"Time":"2026-10-09T19:54:42.874406954Z","Action":"output","Package":"go.temporal.io/server/tools/gomad3/cmd/gomadtool","Test":"TestTerminalDiagnosticsPrimaryStatus/diagnostic_usage/EBADF_stderr","Output":"--- PASS: TestTerminalDiagnosticsPrimaryStatus/diagnostic_usage/EBADF_stderr (0.00s)\n","OutputType":"frame"}
{"Time":"2026-10-09T19:54:42.874422288Z","Action":"pass","Package":"go.temporal.io/server/tools/gomad3/cmd/gomadtool","Test":"TestTerminalDiagnosticsPrimaryStatus/diagnostic_usage/EBADF_stderr","Elapsed":0}
{"Time":"2026-10-09T19:54:42.874431788Z","Action":"output","Package":"go.temporal.io/server/tools/gomad3/cmd/gomadtool","Test":"TestTerminalDiagnosticsPrimaryStatus/diagnostic_usage","Output":"--- PASS: TestTerminalDiagnosticsPrimaryStatus/diagnostic_usage (0.00s)\n","OutputType":"frame"}
{"Time":"2026-10-09T19:54:42.874444413Z","Action":"pass","Package":"go.temporal.io/server/tools/gomad3/cmd/gomadtool","Test":"TestTerminalDiagnosticsPrimaryStatus/diagnostic_usage","Elapsed":0}
{"Time":"2026-10-09T19:54:42.874456913Z","Action":"run","Package":"go.temporal.io/server/tools/gomad3/cmd/gomadtool","Test":"TestTerminalDiagnosticsPrimaryStatus/diagnostic_missing_expected"}
{"Time":"2026-10-09T19:54:42.874470288Z","Action":"output","Package":"go.temporal.io/server/tools/gomad3/cmd/gomadtool","Test":"TestTerminalDiagnosticsPrimaryStatus/diagnostic_missing_expected","Output":"=== RUN   TestTerminalDiagnosticsPrimaryStatus/diagnostic_missing_expected\n","OutputType":"frame"}
{"Time":"2026-10-09T19:54:42.874488163Z","Action":"run","Package":"go.temporal.io/server/tools/gomad3/cmd/gomadtool","Test":"TestTerminalDiagnosticsPrimaryStatus/diagnostic_missing_expected/healthy_stderr"}
{"Time":"2026-10-09T19:54:42.874500829Z","Action":"output","Package":"go.temporal.io/server/tools/gomad3/cmd/gomadtool","Test":"TestTerminalDiagnosticsPrimaryStatus/diagnostic_missing_expected/healthy_stderr","Output":"=== RUN   TestTerminalDiagnosticsPrimaryStatus/diagnostic_missing_expected/healthy_stderr\n","OutputType":"frame"}
{"Time":"2026-10-09T19:54:42.874567038Z","Action":"output","Package":"go.temporal.io/server/tools/gomad3/cmd/gomadtool","Test":"TestTerminalDiagnosticsPrimaryStatus/diagnostic_missing_expected/healthy_stderr","Output":"--- PASS: TestTerminalDiagnosticsPrimaryStatus/diagnostic_missing_expected/healthy_stderr (0.00s)\n","OutputType":"frame"}
{"Time":"2026-10-09T19:54:42.874580704Z","Action":"pass","Package":"go.temporal.io/server/tools/gomad3/cmd/gomadtool","Test":"TestTerminalDiagnosticsPrimaryStatus/diagnostic_missing_expected/healthy_stderr","Elapsed":0}
{"Time":"2026-10-09T19:54:42.874593788Z","Action":"run","Package":"go.temporal.io/server/tools/gomad3/cmd/gomadtool","Test":"TestTerminalDiagnosticsPrimaryStatus/diagnostic_missing_expected/EBADF_stderr"}
{"Time":"2026-10-09T19:54:42.874606204Z","Action":"output","Package":"go.temporal.io/server/tools/gomad3/cmd/gomadtool","Test":"TestTerminalDiagnosticsPrimaryStatus/diagnostic_missing_expected/EBADF_stderr","Output":"=== RUN   TestTerminalDiagnosticsPrimaryStatus/diagnostic_missing_expected/EBADF_stderr\n","OutputType":"frame"}
{"Time":"2026-10-09T19:54:42.874739246Z","Action":"output","Package":"go.temporal.io/server/tools/gomad3/cmd/gomadtool","Test":"TestTerminalDiagnosticsPrimaryStatus/diagnostic_missing_expected/EBADF_stderr","Output":"--- PASS: TestTerminalDiagnosticsPrimaryStatus/diagnostic_missing_expected/EBADF_stderr (0.00s)\n","OutputType":"frame"}
{"Time":"2026-10-09T19:54:42.874752288Z","Action":"pass","Package":"go.temporal.io/server/tools/gomad3/cmd/gomadtool","Test":"TestTerminalDiagnosticsPrimaryStatus/diagnostic_missing_expected/EBADF_stderr","Elapsed":0}
{"Time":"2026-10-09T19:54:42.874765788Z","Action":"output","Package":"go.temporal.io/server/tools/gomad3/cmd/gomadtool","Test":"TestTerminalDiagnosticsPrimaryStatus/diagnostic_missing_expected","Output":"--- PASS: TestTerminalDiagnosticsPrimaryStatus/diagnostic_missing_expected (0.00s)\n","OutputType":"frame"}
{"Time":"2026-10-09T19:54:42.874793163Z","Action":"pass","Package":"go.temporal.io/server/tools/gomad3/cmd/gomadtool","Test":"TestTerminalDiagnosticsPrimaryStatus/diagnostic_missing_expected","Elapsed":0}
{"Time":"2026-10-09T19:54:42.874805996Z","Action":"run","Package":"go.temporal.io/server/tools/gomad3/cmd/gomadtool","Test":"TestTerminalDiagnosticsPrimaryStatus/diagnostic_missing_actual"}
{"Time":"2026-10-09T19:54:42.874819579Z","Action":"output","Package":"go.temporal.io/server/tools/gomad3/cmd/gomadtool","Test":"TestTerminalDiagnosticsPrimaryStatus/diagnostic_missing_actual","Output":"=== RUN   TestTerminalDiagnosticsPrimaryStatus/diagnostic_missing_actual\n","OutputType":"frame"}
{"Time":"2026-10-09T19:54:42.874832413Z","Action":"run","Package":"go.temporal.io/server/tools/gomad3/cmd/gomadtool","Test":"TestTerminalDiagnosticsPrimaryStatus/diagnostic_missing_actual/healthy_stderr"}
{"Time":"2026-10-09T19:54:42.874846663Z","Action":"output","Package":"go.temporal.io/server/tools/gomad3/cmd/gomadtool","Test":"TestTerminalDiagnosticsPrimaryStatus/diagnostic_missing_actual/healthy_stderr","Output":"=== RUN   TestTerminalDiagnosticsPrimaryStatus/diagnostic_missing_actual/healthy_stderr\n","OutputType":"frame"}
{"Time":"2026-10-09T19:54:42.874935079Z","Action":"output","Package":"go.temporal.io/server/tools/gomad3/cmd/gomadtool","Test":"TestTerminalDiagnosticsPrimaryStatus/diagnostic_missing_actual/healthy_stderr","Output":"--- PASS: TestTerminalDiagnosticsPrimaryStatus/diagnostic_missing_actual/healthy_stderr (0.00s)\n","OutputType":"frame"}
{"Time":"2026-10-09T19:54:42.874948288Z","Action":"pass","Package":"go.temporal.io/server/tools/gomad3/cmd/gomadtool","Test":"TestTerminalDiagnosticsPrimaryStatus/diagnostic_missing_actual/healthy_stderr","Elapsed":0}
{"Time":"2026-10-09T19:54:42.874961371Z","Action":"run","Package":"go.temporal.io/server/tools/gomad3/cmd/gomadtool","Test":"TestTerminalDiagnosticsPrimaryStatus/diagnostic_missing_actual/EBADF_stderr"}
{"Time":"2026-10-09T19:54:42.874973746Z","Action":"output","Package":"go.temporal.io/server/tools/gomad3/cmd/gomadtool","Test":"TestTerminalDiagnosticsPrimaryStatus/diagnostic_missing_actual/EBADF_stderr","Output":"=== RUN   TestTerminalDiagnosticsPrimaryStatus/diagnostic_missing_actual/EBADF_stderr\n","OutputType":"frame"}
{"Time":"2026-10-09T19:54:42.875108538Z","Action":"output","Package":"go.temporal.io/server/tools/gomad3/cmd/gomadtool","Test":"TestTerminalDiagnosticsPrimaryStatus/diagnostic_missing_actual/EBADF_stderr","Output":"--- PASS: TestTerminalDiagnosticsPrimaryStatus/diagnostic_missing_actual/EBADF_stderr (0.00s)\n","OutputType":"frame"}
{"Time":"2026-10-09T19:54:42.875125663Z","Action":"pass","Package":"go.temporal.io/server/tools/gomad3/cmd/gomadtool","Test":"TestTerminalDiagnosticsPrimaryStatus/diagnostic_missing_actual/EBADF_stderr","Elapsed":0}
{"Time":"2026-10-09T19:54:42.875138788Z","Action":"output","Package":"go.temporal.io/server/tools/gomad3/cmd/gomadtool","Test":"TestTerminalDiagnosticsPrimaryStatus/diagnostic_missing_actual","Output":"--- PASS: TestTerminalDiagnosticsPrimaryStatus/diagnostic_missing_actual (0.00s)\n","OutputType":"frame"}
{"Time":"2026-10-09T19:54:42.875151496Z","Action":"pass","Package":"go.temporal.io/server/tools/gomad3/cmd/gomadtool","Test":"TestTerminalDiagnosticsPrimaryStatus/diagnostic_missing_actual","Elapsed":0}
{"Time":"2026-10-09T19:54:42.875163788Z","Action":"run","Package":"go.temporal.io/server/tools/gomad3/cmd/gomadtool","Test":"TestTerminalDiagnosticsPrimaryStatus/diagnostic_invalid_actual"}
{"Time":"2026-10-09T19:54:42.875171204Z","Action":"output","Package":"go.temporal.io/server/tools/gomad3/cmd/gomadtool","Test":"TestTerminalDiagnosticsPrimaryStatus/diagnostic_invalid_actual","Output":"=== RUN   TestTerminalDiagnosticsPrimaryStatus/diagnostic_invalid_actual\n","OutputType":"frame"}
{"Time":"2026-10-09T19:54:42.875184621Z","Action":"run","Package":"go.temporal.io/server/tools/gomad3/cmd/gomadtool","Test":"TestTerminalDiagnosticsPrimaryStatus/diagnostic_invalid_actual/healthy_stderr"}
{"Time":"2026-10-09T19:54:42.875200079Z","Action":"output","Package":"go.temporal.io/server/tools/gomad3/cmd/gomadtool","Test":"TestTerminalDiagnosticsPrimaryStatus/diagnostic_invalid_actual/healthy_stderr","Output":"=== RUN   TestTerminalDiagnosticsPrimaryStatus/diagnostic_invalid_actual/healthy_stderr\n","OutputType":"frame"}
{"Time":"2026-10-09T19:54:42.875287288Z","Action":"output","Package":"go.temporal.io/server/tools/gomad3/cmd/gomadtool","Test":"TestTerminalDiagnosticsPrimaryStatus/diagnostic_invalid_actual/healthy_stderr","Output":"--- PASS: TestTerminalDiagnosticsPrimaryStatus/diagnostic_invalid_actual/healthy_stderr (0.00s)\n","OutputType":"frame"}
{"Time":"2026-10-09T19:54:42.875300663Z","Action":"pass","Package":"go.temporal.io/server/tools/gomad3/cmd/gomadtool","Test":"TestTerminalDiagnosticsPrimaryStatus/diagnostic_invalid_actual/healthy_stderr","Elapsed":0}
{"Time":"2026-10-09T19:54:42.875318829Z","Action":"run","Package":"go.temporal.io/server/tools/gomad3/cmd/gomadtool","Test":"TestTerminalDiagnosticsPrimaryStatus/diagnostic_invalid_actual/EBADF_stderr"}
{"Time":"2026-10-09T19:54:42.875331371Z","Action":"output","Package":"go.temporal.io/server/tools/gomad3/cmd/gomadtool","Test":"TestTerminalDiagnosticsPrimaryStatus/diagnostic_invalid_actual/EBADF_stderr","Output":"=== RUN   TestTerminalDiagnosticsPrimaryStatus/diagnostic_invalid_actual/EBADF_stderr\n","OutputType":"frame"}
{"Time":"2026-10-09T19:54:42.875468829Z","Action":"output","Package":"go.temporal.io/server/tools/gomad3/cmd/gomadtool","Test":"TestTerminalDiagnosticsPrimaryStatus/diagnostic_invalid_actual/EBADF_stderr","Output":"--- PASS: TestTerminalDiagnosticsPrimaryStatus/diagnostic_invalid_actual/EBADF_stderr (0.00s)\n","OutputType":"frame"}
{"Time":"2026-10-09T19:54:42.875481746Z","Action":"pass","Package":"go.temporal.io/server/tools/gomad3/cmd/gomadtool","Test":"TestTerminalDiagnosticsPrimaryStatus/diagnostic_invalid_actual/EBADF_stderr","Elapsed":0}
{"Time":"2026-10-09T19:54:42.875494746Z","Action":"output","Package":"go.temporal.io/server/tools/gomad3/cmd/gomadtool","Test":"TestTerminalDiagnosticsPrimaryStatus/diagnostic_invalid_actual","Output":"--- PASS: TestTerminalDiagnosticsPrimaryStatus/diagnostic_invalid_actual (0.00s)\n","OutputType":"frame"}
{"Time":"2026-10-09T19:54:42.875507663Z","Action":"pass","Package":"go.temporal.io/server/tools/gomad3/cmd/gomadtool","Test":"TestTerminalDiagnosticsPrimaryStatus/diagnostic_invalid_actual","Elapsed":0}
{"Time":"2026-10-09T19:54:42.875520163Z","Action":"run","Package":"go.temporal.io/server/tools/gomad3/cmd/gomadtool","Test":"TestTerminalDiagnosticsPrimaryStatus/pack_discover_invalid_paths"}
{"Time":"2026-10-09T19:54:42.875532579Z","Action":"output","Package":"go.temporal.io/server/tools/gomad3/cmd/gomadtool","Test":"TestTerminalDiagnosticsPrimaryStatus/pack_discover_invalid_paths","Output":"=== RUN   TestTerminalDiagnosticsPrimaryStatus/pack_discover_invalid_paths\n","OutputType":"frame"}
{"Time":"2026-10-09T19:54:42.875545288Z","Action":"run","Package":"go.temporal.io/server/tools/gomad3/cmd/gomadtool","Test":"TestTerminalDiagnosticsPrimaryStatus/pack_discover_invalid_paths/healthy_stderr"}
{"Time":"2026-10-09T19:54:42.875557746Z","Action":"output","Package":"go.temporal.io/server/tools/gomad3/cmd/gomadtool","Test":"TestTerminalDiagnosticsPrimaryStatus/pack_discover_invalid_paths/healthy_stderr","Output":"=== RUN   TestTerminalDiagnosticsPrimaryStatus/pack_discover_invalid_paths/healthy_stderr\n","OutputType":"frame"}
{"Time":"2026-10-09T19:54:42.875660246Z","Action":"output","Package":"go.temporal.io/server/tools/gomad3/cmd/gomadtool","Test":"TestTerminalDiagnosticsPrimaryStatus/pack_discover_invalid_paths/healthy_stderr","Output":"--- PASS: TestTerminalDiagnosticsPrimaryStatus/pack_discover_invalid_paths/healthy_stderr (0.00s)\n","OutputType":"frame"}
{"Time":"2026-10-09T19:54:42.875674038Z","Action":"pass","Package":"go.temporal.io/server/tools/gomad3/cmd/gomadtool","Test":"TestTerminalDiagnosticsPrimaryStatus/pack_discover_invalid_paths/healthy_stderr","Elapsed":0}
{"Time":"2026-10-09T19:54:42.875690496Z","Action":"run","Package":"go.temporal.io/server/tools/gomad3/cmd/gomadtool","Test":"TestTerminalDiagnosticsPrimaryStatus/pack_discover_invalid_paths/EBADF_stderr"}
{"Time":"2026-10-09T19:54:42.875702996Z","Action":"output","Package":"go.temporal.io/server/tools/gomad3/cmd/gomadtool","Test":"TestTerminalDiagnosticsPrimaryStatus/pack_discover_invalid_paths/EBADF_stderr","Output":"=== RUN   TestTerminalDiagnosticsPrimaryStatus/pack_discover_invalid_paths/EBADF_stderr\n","OutputType":"frame"}
{"Time":"2026-10-09T19:54:42.876184913Z","Action":"output","Package":"go.temporal.io/server/tools/gomad3/cmd/gomadtool","Test":"TestTerminalDiagnosticsPrimaryStatus/pack_discover_invalid_paths/EBADF_stderr","Output":"--- PASS: TestTerminalDiagnosticsPrimaryStatus/pack_discover_invalid_paths/EBADF_stderr (0.00s)\n","OutputType":"frame"}
{"Time":"2026-10-09T19:54:42.876358996Z","Action":"pass","Package":"go.temporal.io/server/tools/gomad3/cmd/gomadtool","Test":"TestTerminalDiagnosticsPrimaryStatus/pack_discover_invalid_paths/EBADF_stderr","Elapsed":0}
{"Time":"2026-10-09T19:54:42.876384246Z","Action":"output","Package":"go.temporal.io/server/tools/gomad3/cmd/gomadtool","Test":"TestTerminalDiagnosticsPrimaryStatus/pack_discover_invalid_paths","Output":"--- PASS: TestTerminalDiagnosticsPrimaryStatus/pack_discover_invalid_paths (0.00s)\n","OutputType":"frame"}
{"Time":"2026-10-09T19:54:42.876398579Z","Action":"pass","Package":"go.temporal.io/server/tools/gomad3/cmd/gomadtool","Test":"TestTerminalDiagnosticsPrimaryStatus/pack_discover_invalid_paths","Elapsed":0}
{"Time":"2026-10-09T19:54:42.876413663Z","Action":"run","Package":"go.temporal.io/server/tools/gomad3/cmd/gomadtool","Test":"TestTerminalDiagnosticsPrimaryStatus/pack_discover_missing_request"}
{"Time":"2026-10-09T19:54:42.876427621Z","Action":"output","Package":"go.temporal.io/server/tools/gomad3/cmd/gomadtool","Test":"TestTerminalDiagnosticsPrimaryStatus/pack_discover_missing_request","Output":"=== RUN   TestTerminalDiagnosticsPrimaryStatus/pack_discover_missing_request\n","OutputType":"frame"}
{"Time":"2026-10-09T19:54:42.876449621Z","Action":"run","Package":"go.temporal.io/server/tools/gomad3/cmd/gomadtool","Test":"TestTerminalDiagnosticsPrimaryStatus/pack_discover_missing_request/healthy_stderr"}
{"Time":"2026-10-09T19:54:42.876473246Z","Action":"output","Package":"go.temporal.io/server/tools/gomad3/cmd/gomadtool","Test":"TestTerminalDiagnosticsPrimaryStatus/pack_discover_missing_request/healthy_stderr","Output":"=== RUN   TestTerminalDiagnosticsPrimaryStatus/pack_discover_missing_request/healthy_stderr\n","OutputType":"frame"}
{"Time":"2026-10-09T19:54:42.876726121Z","Action":"output","Package":"go.temporal.io/server/tools/gomad3/cmd/gomadtool","Test":"TestTerminalDiagnosticsPrimaryStatus/pack_discover_missing_request/healthy_stderr","Output":"--- PASS: TestTerminalDiagnosticsPrimaryStatus/pack_discover_missing_request/healthy_stderr (0.00s)\n","OutputType":"frame"}
{"Time":"2026-10-09T19:54:42.876798246Z","Action":"pass","Package":"go.temporal.io/server/tools/gomad3/cmd/gomadtool","Test":"TestTerminalDiagnosticsPrimaryStatus/pack_discover_missing_request/healthy_stderr","Elapsed":0}
{"Time":"2026-10-09T19:54:42.876822246Z","Action":"run","Package":"go.temporal.io/server/tools/gomad3/cmd/gomadtool","Test":"TestTerminalDiagnosticsPrimaryStatus/pack_discover_missing_request/EBADF_stderr"}
{"Time":"2026-10-09T19:54:42.876841829Z","Action":"output","Package":"go.temporal.io/server/tools/gomad3/cmd/gomadtool","Test":"TestTerminalDiagnosticsPrimaryStatus/pack_discover_missing_request/EBADF_stderr","Output":"=== RUN   TestTerminalDiagnosticsPrimaryStatus/pack_discover_missing_request/EBADF_stderr\n","OutputType":"frame"}
{"Time":"2026-10-09T19:54:42.876932538Z","Action":"output","Package":"go.temporal.io/server/tools/gomad3/cmd/gomadtool","Test":"TestTerminalDiagnosticsPrimaryStatus/pack_discover_missing_request/EBADF_stderr","Output":"--- PASS: TestTerminalDiagnosticsPrimaryStatus/pack_discover_missing_request/EBADF_stderr (0.00s)\n","OutputType":"frame"}
{"Time":"2026-10-09T19:54:42.876963871Z","Action":"pass","Package":"go.temporal.io/server/tools/gomad3/cmd/gomadtool","Test":"TestTerminalDiagnosticsPrimaryStatus/pack_discover_missing_request/EBADF_stderr","Elapsed":0}
{"Time":"2026-10-09T19:54:42.876984788Z","Action":"output","Package":"go.temporal.io/server/tools/gomad3/cmd/gomadtool","Test":"TestTerminalDiagnosticsPrimaryStatus/pack_discover_missing_request","Output":"--- PASS: TestTerminalDiagnosticsPrimaryStatus/pack_discover_missing_request (0.00s)\n","OutputType":"frame"}
{"Time":"2026-10-09T19:54:42.877004246Z","Action":"pass","Package":"go.temporal.io/server/tools/gomad3/cmd/gomadtool","Test":"TestTerminalDiagnosticsPrimaryStatus/pack_discover_missing_request","Elapsed":0}
{"Time":"2026-10-09T19:54:42.877024663Z","Action":"run","Package":"go.temporal.io/server/tools/gomad3/cmd/gomadtool","Test":"TestTerminalDiagnosticsPrimaryStatus/pack_review_invalid_output"}
{"Time":"2026-10-09T19:54:42.877043121Z","Action":"output","Package":"go.temporal.io/server/tools/gomad3/cmd/gomadtool","Test":"TestTerminalDiagnosticsPrimaryStatus/pack_review_invalid_output","Output":"=== RUN   TestTerminalDiagnosticsPrimaryStatus/pack_review_invalid_output\n","OutputType":"frame"}
{"Time":"2026-10-09T19:54:42.877062954Z","Action":"run","Package":"go.temporal.io/server/tools/gomad3/cmd/gomadtool","Test":"TestTerminalDiagnosticsPrimaryStatus/pack_review_invalid_output/healthy_stderr"}
{"Time":"2026-10-09T19:54:42.877081913Z","Action":"output","Package":"go.temporal.io/server/tools/gomad3/cmd/gomadtool","Test":"TestTerminalDiagnosticsPrimaryStatus/pack_review_invalid_output/healthy_stderr","Output":"=== RUN   TestTerminalDiagnosticsPrimaryStatus/pack_review_invalid_output/healthy_stderr\n","OutputType":"frame"}
{"Time":"2026-10-09T19:54:42.877129329Z","Action":"output","Package":"go.temporal.io/server/tools/gomad3/cmd/gomadtool","Test":"TestTerminalDiagnosticsPrimaryStatus/pack_review_invalid_output/healthy_stderr","Output":"--- PASS: TestTerminalDiagnosticsPrimaryStatus/pack_review_invalid_output/healthy_stderr (0.00s)\n","OutputType":"frame"}
{"Time":"2026-10-09T19:54:42.877151204Z","Action":"pass","Package":"go.temporal.io/server/tools/gomad3/cmd/gomadtool","Test":"TestTerminalDiagnosticsPrimaryStatus/pack_review_invalid_output/healthy_stderr","Elapsed":0}
{"Time":"2026-10-09T19:54:42.877170871Z","Action":"run","Package":"go.temporal.io/server/tools/gomad3/cmd/gomadtool","Test":"TestTerminalDiagnosticsPrimaryStatus/pack_review_invalid_output/EBADF_stderr"}
{"Time":"2026-10-09T19:54:42.877190038Z","Action":"output","Package":"go.temporal.io/server/tools/gomad3/cmd/gomadtool","Test":"TestTerminalDiagnosticsPrimaryStatus/pack_review_invalid_output/EBADF_stderr","Output":"=== RUN   TestTerminalDiagnosticsPrimaryStatus/pack_review_invalid_output/EBADF_stderr\n","OutputType":"frame"}
{"Time":"2026-10-09T19:54:42.877329204Z","Action":"output","Package":"go.temporal.io/server/tools/gomad3/cmd/gomadtool","Test":"TestTerminalDiagnosticsPrimaryStatus/pack_review_invalid_output/EBADF_stderr","Output":"--- PASS: TestTerminalDiagnosticsPrimaryStatus/pack_review_invalid_output/EBADF_stderr (0.00s)\n","OutputType":"frame"}
{"Time":"2026-10-09T19:54:42.877345871Z","Action":"pass","Package":"go.temporal.io/server/tools/gomad3/cmd/gomadtool","Test":"TestTerminalDiagnosticsPrimaryStatus/pack_review_invalid_output/EBADF_stderr","Elapsed":0}
{"Time":"2026-10-09T19:54:42.877365496Z","Action":"output","Package":"go.temporal.io/server/tools/gomad3/cmd/gomadtool","Test":"TestTerminalDiagnosticsPrimaryStatus/pack_review_invalid_output","Output":"--- PASS: TestTerminalDiagnosticsPrimaryStatus/pack_review_invalid_output (0.00s)\n","OutputType":"frame"}
{"Time":"2026-10-09T19:54:42.877384163Z","Action":"pass","Package":"go.temporal.io/server/tools/gomad3/cmd/gomadtool","Test":"TestTerminalDiagnosticsPrimaryStatus/pack_review_invalid_output","Elapsed":0}
{"Time":"2026-10-09T19:54:42.877403079Z","Action":"run","Package":"go.temporal.io/server/tools/gomad3/cmd/gomadtool","Test":"TestTerminalDiagnosticsPrimaryStatus/pack_review_invalid_request"}
{"Time":"2026-10-09T19:54:42.877438204Z","Action":"output","Package":"go.temporal.io/server/tools/gomad3/cmd/gomadtool","Test":"TestTerminalDiagnosticsPrimaryStatus/pack_review_invalid_request","Output":"=== RUN   TestTerminalDiagnosticsPrimaryStatus/pack_review_invalid_request\n","OutputType":"frame"}
{"Time":"2026-10-09T19:54:42.877457913Z","Action":"run","Package":"go.temporal.io/server/tools/gomad3/cmd/gomadtool","Test":"TestTerminalDiagnosticsPrimaryStatus/pack_review_invalid_request/healthy_stderr"}
{"Time":"2026-10-09T19:54:42.877476204Z","Action":"output","Package":"go.temporal.io/server/tools/gomad3/cmd/gomadtool","Test":"TestTerminalDiagnosticsPrimaryStatus/pack_review_invalid_request/healthy_stderr","Output":"=== RUN   TestTerminalDiagnosticsPrimaryStatus/pack_review_invalid_request/healthy_stderr\n","OutputType":"frame"}
{"Time":"2026-10-09T19:54:42.877553038Z","Action":"output","Package":"go.temporal.io/server/tools/gomad3/cmd/gomadtool","Test":"TestTerminalDiagnosticsPrimaryStatus/pack_review_invalid_request/healthy_stderr","Output":"--- PASS: TestTerminalDiagnosticsPrimaryStatus/pack_review_invalid_request/healthy_stderr (0.00s)\n","OutputType":"frame"}
{"Time":"2026-10-09T19:54:42.877573913Z","Action":"pass","Package":"go.temporal.io/server/tools/gomad3/cmd/gomadtool","Test":"TestTerminalDiagnosticsPrimaryStatus/pack_review_invalid_request/healthy_stderr","Elapsed":0}
{"Time":"2026-10-09T19:54:42.877593663Z","Action":"run","Package":"go.temporal.io/server/tools/gomad3/cmd/gomadtool","Test":"TestTerminalDiagnosticsPrimaryStatus/pack_review_invalid_request/EBADF_stderr"}
{"Time":"2026-10-09T19:54:42.877611704Z","Action":"output","Package":"go.temporal.io/server/tools/gomad3/cmd/gomadtool","Test":"TestTerminalDiagnosticsPrimaryStatus/pack_review_invalid_request/EBADF_stderr","Output":"=== RUN   TestTerminalDiagnosticsPrimaryStatus/pack_review_invalid_request/EBADF_stderr\n","OutputType":"frame"}
{"Time":"2026-10-09T19:54:42.877742704Z","Action":"output","Package":"go.temporal.io/server/tools/gomad3/cmd/gomadtool","Test":"TestTerminalDiagnosticsPrimaryStatus/pack_review_invalid_request/EBADF_stderr","Output":"--- PASS: TestTerminalDiagnosticsPrimaryStatus/pack_review_invalid_request/EBADF_stderr (0.00s)\n","OutputType":"frame"}
{"Time":"2026-10-09T19:54:42.877763121Z","Action":"pass","Package":"go.temporal.io/server/tools/gomad3/cmd/gomadtool","Test":"TestTerminalDiagnosticsPrimaryStatus/pack_review_invalid_request/EBADF_stderr","Elapsed":0}
{"Time":"2026-10-09T19:54:42.87778258Z","Action":"output","Package":"go.temporal.io/server/tools/gomad3/cmd/gomadtool","Test":"TestTerminalDiagnosticsPrimaryStatus/pack_review_invalid_request","Output":"--- PASS: TestTerminalDiagnosticsPrimaryStatus/pack_review_invalid_request (0.00s)\n","OutputType":"frame"}
{"Time":"2026-10-09T19:54:42.877801413Z","Action":"pass","Package":"go.temporal.io/server/tools/gomad3/cmd/gomadtool","Test":"TestTerminalDiagnosticsPrimaryStatus/pack_review_invalid_request","Elapsed":0}
{"Time":"2026-10-09T19:54:42.877820371Z","Action":"run","Package":"go.temporal.io/server/tools/gomad3/cmd/gomadtool","Test":"TestTerminalDiagnosticsPrimaryStatus/pack_generate_outside_request"}
{"Time":"2026-10-09T19:54:42.877838746Z","Action":"output","Package":"go.temporal.io/server/tools/gomad3/cmd/gomadtool","Test":"TestTerminalDiagnosticsPrimaryStatus/pack_generate_outside_request","Output":"=== RUN   TestTerminalDiagnosticsPrimaryStatus/pack_generate_outside_request\n","OutputType":"frame"}
{"Time":"2026-10-09T19:54:42.877857996Z","Action":"run","Package":"go.temporal.io/server/tools/gomad3/cmd/gomadtool","Test":"TestTerminalDiagnosticsPrimaryStatus/pack_generate_outside_request/healthy_stderr"}
{"Time":"2026-10-09T19:54:42.87787683Z","Action":"output","Package":"go.temporal.io/server/tools/gomad3/cmd/gomadtool","Test":"TestTerminalDiagnosticsPrimaryStatus/pack_generate_outside_request/healthy_stderr","Output":"=== RUN   TestTerminalDiagnosticsPrimaryStatus/pack_generate_outside_request/healthy_stderr\n","OutputType":"frame"}
{"Time":"2026-10-09T19:54:42.877913955Z","Action":"output","Package":"go.temporal.io/server/tools/gomad3/cmd/gomadtool","Test":"TestTerminalDiagnosticsPrimaryStatus/pack_generate_outside_request/healthy_stderr","Output":"--- PASS: TestTerminalDiagnosticsPrimaryStatus/pack_generate_outside_request/healthy_stderr (0.00s)\n","OutputType":"frame"}
{"Time":"2026-10-09T19:54:42.877935371Z","Action":"pass","Package":"go.temporal.io/server/tools/gomad3/cmd/gomadtool","Test":"TestTerminalDiagnosticsPrimaryStatus/pack_generate_outside_request/healthy_stderr","Elapsed":0}
{"Time":"2026-10-09T19:54:42.877952663Z","Action":"run","Package":"go.temporal.io/server/tools/gomad3/cmd/gomadtool","Test":"TestTerminalDiagnosticsPrimaryStatus/pack_generate_outside_request/EBADF_stderr"}
{"Time":"2026-10-09T19:54:42.877971288Z","Action":"output","Package":"go.temporal.io/server/tools/gomad3/cmd/gomadtool","Test":"TestTerminalDiagnosticsPrimaryStatus/pack_generate_outside_request/EBADF_stderr","Output":"=== RUN   TestTerminalDiagnosticsPrimaryStatus/pack_generate_outside_request/EBADF_stderr\n","OutputType":"frame"}
{"Time":"2026-10-09T19:54:42.878106163Z","Action":"output","Package":"go.temporal.io/server/tools/gomad3/cmd/gomadtool","Test":"TestTerminalDiagnosticsPrimaryStatus/pack_generate_outside_request/EBADF_stderr","Output":"--- PASS: TestTerminalDiagnosticsPrimaryStatus/pack_generate_outside_request/EBADF_stderr (0.00s)\n","OutputType":"frame"}
{"Time":"2026-10-09T19:54:42.878126663Z","Action":"pass","Package":"go.temporal.io/server/tools/gomad3/cmd/gomadtool","Test":"TestTerminalDiagnosticsPrimaryStatus/pack_generate_outside_request/EBADF_stderr","Elapsed":0}
{"Time":"2026-10-09T19:54:42.878146163Z","Action":"output","Package":"go.temporal.io/server/tools/gomad3/cmd/gomadtool","Test":"TestTerminalDiagnosticsPrimaryStatus/pack_generate_outside_request","Output":"--- PASS: TestTerminalDiagnosticsPrimaryStatus/pack_generate_outside_request (0.00s)\n","OutputType":"frame"}
{"Time":"2026-10-09T19:54:42.878164538Z","Action":"pass","Package":"go.temporal.io/server/tools/gomad3/cmd/gomadtool","Test":"TestTerminalDiagnosticsPrimaryStatus/pack_generate_outside_request","Elapsed":0}
{"Time":"2026-10-09T19:54:42.878183038Z","Action":"run","Package":"go.temporal.io/server/tools/gomad3/cmd/gomadtool","Test":"TestTerminalDiagnosticsPrimaryStatus/pack_qualify_outside_request"}
{"Time":"2026-10-09T19:54:42.878201538Z","Action":"output","Package":"go.temporal.io/server/tools/gomad3/cmd/gomadtool","Test":"TestTerminalDiagnosticsPrimaryStatus/pack_qualify_outside_request","Output":"=== RUN   TestTerminalDiagnosticsPrimaryStatus/pack_qualify_outside_request\n","OutputType":"frame"}
{"Time":"2026-10-09T19:54:42.878220996Z","Action":"run","Package":"go.temporal.io/server/tools/gomad3/cmd/gomadtool","Test":"TestTerminalDiagnosticsPrimaryStatus/pack_qualify_outside_request/healthy_stderr"}
{"Time":"2026-10-09T19:54:42.87823908Z","Action":"output","Package":"go.temporal.io/server/tools/gomad3/cmd/gomadtool","Test":"TestTerminalDiagnosticsPrimaryStatus/pack_qualify_outside_request/healthy_stderr","Output":"=== RUN   TestTerminalDiagnosticsPrimaryStatus/pack_qualify_outside_request/healthy_stderr\n","OutputType":"frame"}
{"Time":"2026-10-09T19:54:42.878297913Z","Action":"output","Package":"go.temporal.io/server/tools/gomad3/cmd/gomadtool","Test":"TestTerminalDiagnosticsPrimaryStatus/pack_qualify_outside_request/healthy_stderr","Output":"--- PASS: TestTerminalDiagnosticsPrimaryStatus/pack_qualify_outside_request/healthy_stderr (0.00s)\n","OutputType":"frame"}
{"Time":"2026-10-09T19:54:42.878318871Z","Action":"pass","Package":"go.temporal.io/server/tools/gomad3/cmd/gomadtool","Test":"TestTerminalDiagnosticsPrimaryStatus/pack_qualify_outside_request/healthy_stderr","Elapsed":0}
{"Time":"2026-10-09T19:54:42.878338455Z","Action":"run","Package":"go.temporal.io/server/tools/gomad3/cmd/gomadtool","Test":"TestTerminalDiagnosticsPrimaryStatus/pack_qualify_outside_request/EBADF_stderr"}
{"Time":"2026-10-09T19:54:42.878356746Z","Action":"output","Package":"go.temporal.io/server/tools/gomad3/cmd/gomadtool","Test":"TestTerminalDiagnosticsPrimaryStatus/pack_qualify_outside_request/EBADF_stderr","Output":"=== RUN   TestTerminalDiagnosticsPrimaryStatus/pack_qualify_outside_request/EBADF_stderr\n","OutputType":"frame"}
{"Time":"2026-10-09T19:54:42.878501788Z","Action":"output","Package":"go.temporal.io/server/tools/gomad3/cmd/gomadtool","Test":"TestTerminalDiagnosticsPrimaryStatus/pack_qualify_outside_request/EBADF_stderr","Output":"--- PASS: TestTerminalDiagnosticsPrimaryStatus/pack_qualify_outside_request/EBADF_stderr (0.00s)\n","OutputType":"frame"}
{"Time":"2026-10-09T19:54:42.878523746Z","Action":"pass","Package":"go.temporal.io/server/tools/gomad3/cmd/gomadtool","Test":"TestTerminalDiagnosticsPrimaryStatus/pack_qualify_outside_request/EBADF_stderr","Elapsed":0}
{"Time":"2026-10-09T19:54:42.878543746Z","Action":"output","Package":"go.temporal.io/server/tools/gomad3/cmd/gomadtool","Test":"TestTerminalDiagnosticsPrimaryStatus/pack_qualify_outside_request","Output":"--- PASS: TestTerminalDiagnosticsPrimaryStatus/pack_qualify_outside_request (0.00s)\n","OutputType":"frame"}
{"Time":"2026-10-09T19:54:42.878562205Z","Action":"pass","Package":"go.temporal.io/server/tools/gomad3/cmd/gomadtool","Test":"TestTerminalDiagnosticsPrimaryStatus/pack_qualify_outside_request","Elapsed":0}
{"Time":"2026-10-09T19:54:42.878581746Z","Action":"run","Package":"go.temporal.io/server/tools/gomad3/cmd/gomadtool","Test":"TestTerminalDiagnosticsPrimaryStatus/pack_invalid_override"}
{"Time":"2026-10-09T19:54:42.878600455Z","Action":"output","Package":"go.temporal.io/server/tools/gomad3/cmd/gomadtool","Test":"TestTerminalDiagnosticsPrimaryStatus/pack_invalid_override","Output":"=== RUN   TestTerminalDiagnosticsPrimaryStatus/pack_invalid_override\n","OutputType":"frame"}
{"Time":"2026-10-09T19:54:42.878625038Z","Action":"run","Package":"go.temporal.io/server/tools/gomad3/cmd/gomadtool","Test":"TestTerminalDiagnosticsPrimaryStatus/pack_invalid_override/healthy_stderr"}
{"Time":"2026-10-09T19:54:42.878642455Z","Action":"output","Package":"go.temporal.io/server/tools/gomad3/cmd/gomadtool","Test":"TestTerminalDiagnosticsPrimaryStatus/pack_invalid_override/healthy_stderr","Output":"=== RUN   TestTerminalDiagnosticsPrimaryStatus/pack_invalid_override/healthy_stderr\n","OutputType":"frame"}
{"Time":"2026-10-09T19:54:42.87869608Z","Action":"output","Package":"go.temporal.io/server/tools/gomad3/cmd/gomadtool","Test":"TestTerminalDiagnosticsPrimaryStatus/pack_invalid_override/healthy_stderr","Output":"--- PASS: TestTerminalDiagnosticsPrimaryStatus/pack_invalid_override/healthy_stderr (0.00s)\n","OutputType":"frame"}
{"Time":"2026-10-09T19:54:42.878717371Z","Action":"pass","Package":"go.temporal.io/server/tools/gomad3/cmd/gomadtool","Test":"TestTerminalDiagnosticsPrimaryStatus/pack_invalid_override/healthy_stderr","Elapsed":0}
{"Time":"2026-10-09T19:54:42.878736455Z","Action":"run","Package":"go.temporal.io/server/tools/gomad3/cmd/gomadtool","Test":"TestTerminalDiagnosticsPrimaryStatus/pack_invalid_override/EBADF_stderr"}
{"Time":"2026-10-09T19:54:42.878754621Z","Action":"output","Package":"go.temporal.io/server/tools/gomad3/cmd/gomadtool","Test":"TestTerminalDiagnosticsPrimaryStatus/pack_invalid_override/EBADF_stderr","Output":"=== RUN   TestTerminalDiagnosticsPrimaryStatus/pack_invalid_override/EBADF_stderr\n","OutputType":"frame"}
{"Time":"2026-10-09T19:54:42.878878205Z","Action":"output","Package":"go.temporal.io/server/tools/gomad3/cmd/gomadtool","Test":"TestTerminalDiagnosticsPrimaryStatus/pack_invalid_override/EBADF_stderr","Output":"--- PASS: TestTerminalDiagnosticsPrimaryStatus/pack_invalid_override/EBADF_stderr (0.00s)\n","OutputType":"frame"}
{"Time":"2026-10-09T19:54:42.87889883Z","Action":"pass","Package":"go.temporal.io/server/tools/gomad3/cmd/gomadtool","Test":"TestTerminalDiagnosticsPrimaryStatus/pack_invalid_override/EBADF_stderr","Elapsed":0}
{"Time":"2026-10-09T19:54:42.878918663Z","Action":"output","Package":"go.temporal.io/server/tools/gomad3/cmd/gomadtool","Test":"TestTerminalDiagnosticsPrimaryStatus/pack_invalid_override","Output":"--- PASS: TestTerminalDiagnosticsPrimaryStatus/pack_invalid_override (0.00s)\n","OutputType":"frame"}
{"Time":"2026-10-09T19:54:42.87893683Z","Action":"pass","Package":"go.temporal.io/server/tools/gomad3/cmd/gomadtool","Test":"TestTerminalDiagnosticsPrimaryStatus/pack_invalid_override","Elapsed":0}
{"Time":"2026-10-09T19:54:42.878955621Z","Action":"run","Package":"go.temporal.io/server/tools/gomad3/cmd/gomadtool","Test":"TestTerminalDiagnosticsPrimaryStatus/upgrade_missing_baseline_root"}
{"Time":"2026-10-09T19:54:42.878973955Z","Action":"output","Package":"go.temporal.io/server/tools/gomad3/cmd/gomadtool","Test":"TestTerminalDiagnosticsPrimaryStatus/upgrade_missing_baseline_root","Output":"=== RUN   TestTerminalDiagnosticsPrimaryStatus/upgrade_missing_baseline_root\n","OutputType":"frame"}
{"Time":"2026-10-09T19:54:42.878993913Z","Action":"run","Package":"go.temporal.io/server/tools/gomad3/cmd/gomadtool","Test":"TestTerminalDiagnosticsPrimaryStatus/upgrade_missing_baseline_root/healthy_stderr"}
{"Time":"2026-10-09T19:54:42.879012038Z","Action":"output","Package":"go.temporal.io/server/tools/gomad3/cmd/gomadtool","Test":"TestTerminalDiagnosticsPrimaryStatus/upgrade_missing_baseline_root/healthy_stderr","Output":"=== RUN   TestTerminalDiagnosticsPrimaryStatus/upgrade_missing_baseline_root/healthy_stderr\n","OutputType":"frame"}
{"Time":"2026-10-09T19:54:42.879871788Z","Action":"output","Package":"go.temporal.io/server/tools/gomad3/cmd/gomadtool","Test":"TestTerminalDiagnosticsPrimaryStatus/upgrade_missing_baseline_root/healthy_stderr","Output":"--- PASS: TestTerminalDiagnosticsPrimaryStatus/upgrade_missing_baseline_root/healthy_stderr (0.00s)\n","OutputType":"frame"}
{"Time":"2026-10-09T19:54:42.87989383Z","Action":"pass","Package":"go.temporal.io/server/tools/gomad3/cmd/gomadtool","Test":"TestTerminalDiagnosticsPrimaryStatus/upgrade_missing_baseline_root/healthy_stderr","Elapsed":0}
{"Time":"2026-10-09T19:54:42.879925788Z","Action":"run","Package":"go.temporal.io/server/tools/gomad3/cmd/gomadtool","Test":"TestTerminalDiagnosticsPrimaryStatus/upgrade_missing_baseline_root/EBADF_stderr"}
{"Time":"2026-10-09T19:54:42.879948288Z","Action":"output","Package":"go.temporal.io/server/tools/gomad3/cmd/gomadtool","Test":"TestTerminalDiagnosticsPrimaryStatus/upgrade_missing_baseline_root/EBADF_stderr","Output":"=== RUN   TestTerminalDiagnosticsPrimaryStatus/upgrade_missing_baseline_root/EBADF_stderr\n","OutputType":"frame"}
{"Time":"2026-10-09T19:54:42.880832538Z","Action":"output","Package":"go.temporal.io/server/tools/gomad3/cmd/gomadtool","Test":"TestTerminalDiagnosticsPrimaryStatus/upgrade_missing_baseline_root/EBADF_stderr","Output":"--- PASS: TestTerminalDiagnosticsPrimaryStatus/upgrade_missing_baseline_root/EBADF_stderr (0.00s)\n","OutputType":"frame"}
{"Time":"2026-10-09T19:54:42.89216308Z","Action":"pass","Package":"go.temporal.io/server/tools/gomad3/cmd/gomadtool","Test":"TestTerminalDiagnosticsPrimaryStatus/upgrade_missing_baseline_root/EBADF_stderr","Elapsed":0}
{"Time":"2026-10-09T19:54:42.892319496Z","Action":"output","Package":"go.temporal.io/server/tools/gomad3/cmd/gomadtool","Test":"TestTerminalDiagnosticsPrimaryStatus/upgrade_missing_baseline_root","Output":"--- PASS: TestTerminalDiagnosticsPrimaryStatus/upgrade_missing_baseline_root (0.00s)\n","OutputType":"frame"}
{"Time":"2026-10-09T19:54:42.892480455Z","Action":"pass","Package":"go.temporal.io/server/tools/gomad3/cmd/gomadtool","Test":"TestTerminalDiagnosticsPrimaryStatus/upgrade_missing_baseline_root","Elapsed":0}
{"Time":"2026-10-09T19:54:42.892530621Z","Action":"output","Package":"go.temporal.io/server/tools/gomad3/cmd/gomadtool","Test":"TestTerminalDiagnosticsPrimaryStatus","Output":"--- PASS: TestTerminalDiagnosticsPrimaryStatus (0.01s)\n","OutputType":"frame"}
{"Time":"2026-10-09T19:54:42.892575038Z","Action":"pass","Package":"go.temporal.io/server/tools/gomad3/cmd/gomadtool","Test":"TestTerminalDiagnosticsPrimaryStatus","Elapsed":0.01}
{"Time":"2026-10-09T19:54:42.892677413Z","Action":"run","Package":"go.temporal.io/server/tools/gomad3/cmd/gomadtool","Test":"TestTerminalDiagnosticsPackQualificationClassification"}
{"Time":"2026-10-09T19:54:42.892741996Z","Action":"output","Package":"go.temporal.io/server/tools/gomad3/cmd/gomadtool","Test":"TestTerminalDiagnosticsPackQualificationClassification","Output":"=== RUN   TestTerminalDiagnosticsPackQualificationClassification\n","OutputType":"frame"}
{"Time":"2026-10-09T19:54:42.892777413Z","Action":"run","Package":"go.temporal.io/server/tools/gomad3/cmd/gomadtool","Test":"TestTerminalDiagnosticsPackQualificationClassification/missing_requests"}
{"Time":"2026-10-09T19:54:42.89282858Z","Action":"output","Package":"go.temporal.io/server/tools/gomad3/cmd/gomadtool","Test":"TestTerminalDiagnosticsPackQualificationClassification/missing_requests","Output":"=== RUN   TestTerminalDiagnosticsPackQualificationClassification/missing_requests\n","OutputType":"frame"}
{"Time":"2026-10-09T19:54:42.892942205Z","Action":"output","Package":"go.temporal.io/server/tools/gomad3/cmd/gomadtool","Test":"TestTerminalDiagnosticsPackQualificationClassification/missing_requests","Output":"--- PASS: TestTerminalDiagnosticsPackQualificationClassification/missing_requests (0.00s)\n","OutputType":"frame"}
{"Time":"2026-10-09T19:54:42.892974871Z","Action":"pass","Package":"go.temporal.io/server/tools/gomad3/cmd/gomadtool","Test":"TestTerminalDiagnosticsPackQualificationClassification/missing_requests","Elapsed":0}
{"Time":"2026-10-09T19:54:42.89300583Z","Action":"run","Package":"go.temporal.io/server/tools/gomad3/cmd/gomadtool","Test":"TestTerminalDiagnosticsPackQualificationClassification/missing_table"}
{"Time":"2026-10-09T19:54:42.893019996Z","Action":"output","Package":"go.temporal.io/server/tools/gomad3/cmd/gomadtool","Test":"TestTerminalDiagnosticsPackQualificationClassification/missing_table","Output":"=== RUN   TestTerminalDiagnosticsPackQualificationClassification/missing_table\n","OutputType":"frame"}
{"Time":"2026-10-09T19:54:42.89303533Z","Action":"output","Package":"go.temporal.io/server/tools/gomad3/cmd/gomadtool","Test":"TestTerminalDiagnosticsPackQualificationClassification/missing_table","Output":"--- PASS: TestTerminalDiagnosticsPackQualificationClassification/missing_table (0.00s)\n","OutputType":"frame"}
{"Time":"2026-10-09T19:54:42.893050371Z","Action":"pass","Package":"go.temporal.io/server/tools/gomad3/cmd/gomadtool","Test":"TestTerminalDiagnosticsPackQualificationClassification/missing_table","Elapsed":0}
{"Time":"2026-10-09T19:54:42.893068705Z","Action":"run","Package":"go.temporal.io/server/tools/gomad3/cmd/gomadtool","Test":"TestTerminalDiagnosticsPackQualificationClassification/invalid_request_entry"}
{"Time":"2026-10-09T19:54:42.89308633Z","Action":"output","Package":"go.temporal.io/server/tools/gomad3/cmd/gomadtool","Test":"TestTerminalDiagnosticsPackQualificationClassification/invalid_request_entry","Output":"=== RUN   TestTerminalDiagnosticsPackQualificationClassification/invalid_request_entry\n","OutputType":"frame"}
{"Time":"2026-10-09T19:54:42.893105205Z","Action":"output","Package":"go.temporal.io/server/tools/gomad3/cmd/gomadtool","Test":"TestTerminalDiagnosticsPackQualificationClassification/invalid_request_entry","Output":"--- PASS: TestTerminalDiagnosticsPackQualificationClassification/invalid_request_entry (0.00s)\n","OutputType":"frame"}
{"Time":"2026-10-09T19:54:42.893124788Z","Action":"pass","Package":"go.temporal.io/server/tools/gomad3/cmd/gomadtool","Test":"TestTerminalDiagnosticsPackQualificationClassification/invalid_request_entry","Elapsed":0}
{"Time":"2026-10-09T19:54:42.893146163Z","Action":"run","Package":"go.temporal.io/server/tools/gomad3/cmd/gomadtool","Test":"TestTerminalDiagnosticsPackQualificationClassification/invalid_table"}
{"Time":"2026-10-09T19:54:42.893165663Z","Action":"output","Package":"go.temporal.io/server/tools/gomad3/cmd/gomadtool","Test":"TestTerminalDiagnosticsPackQualificationClassification/invalid_table","Output":"=== RUN   TestTerminalDiagnosticsPackQualificationClassification/invalid_table\n","OutputType":"frame"}
{"Time":"2026-10-09T19:54:42.893189455Z","Action":"output","Package":"go.temporal.io/server/tools/gomad3/cmd/gomadtool","Test":"TestTerminalDiagnosticsPackQualificationClassification/invalid_table","Output":"--- PASS: TestTerminalDiagnosticsPackQualificationClassification/invalid_table (0.00s)\n","OutputType":"frame"}
{"Time":"2026-10-09T19:54:42.89321583Z","Action":"pass","Package":"go.temporal.io/server/tools/gomad3/cmd/gomadtool","Test":"TestTerminalDiagnosticsPackQualificationClassification/invalid_table","Elapsed":0}
{"Time":"2026-10-09T19:54:42.89323833Z","Action":"run","Package":"go.temporal.io/server/tools/gomad3/cmd/gomadtool","Test":"TestTerminalDiagnosticsPackQualificationClassification/empty_table"}
{"Time":"2026-10-09T19:54:42.893260371Z","Action":"output","Package":"go.temporal.io/server/tools/gomad3/cmd/gomadtool","Test":"TestTerminalDiagnosticsPackQualificationClassification/empty_table","Output":"=== RUN   TestTerminalDiagnosticsPackQualificationClassification/empty_table\n","OutputType":"frame"}
{"Time":"2026-10-09T19:54:42.893286955Z","Action":"output","Package":"go.temporal.io/server/tools/gomad3/cmd/gomadtool","Test":"TestTerminalDiagnosticsPackQualificationClassification/empty_table","Output":"--- PASS: TestTerminalDiagnosticsPackQualificationClassification/empty_table (0.00s)\n","OutputType":"frame"}
{"Time":"2026-10-09T19:54:42.89329958Z","Action":"pass","Package":"go.temporal.io/server/tools/gomad3/cmd/gomadtool","Test":"TestTerminalDiagnosticsPackQualificationClassification/empty_table","Elapsed":0}
{"Time":"2026-10-09T19:54:42.893321455Z","Action":"output","Package":"go.temporal.io/server/tools/gomad3/cmd/gomadtool","Test":"TestTerminalDiagnosticsPackQualificationClassification","Output":"--- PASS: TestTerminalDiagnosticsPackQualificationClassification (0.00s)\n","OutputType":"frame"}
{"Time":"2026-10-09T19:54:42.893351163Z","Action":"pass","Package":"go.temporal.io/server/tools/gomad3/cmd/gomadtool","Test":"TestTerminalDiagnosticsPackQualificationClassification","Elapsed":0}
{"Time":"2026-10-09T19:54:42.893409413Z","Action":"run","Package":"go.temporal.io/server/tools/gomad3/cmd/gomadtool","Test":"TestTerminalDiagnosticsCheckedRunSequence"}
{"Time":"2026-10-09T19:54:42.893440621Z","Action":"output","Package":"go.temporal.io/server/tools/gomad3/cmd/gomadtool","Test":"TestTerminalDiagnosticsCheckedRunSequence","Output":"=== RUN   TestTerminalDiagnosticsCheckedRunSequence\n","OutputType":"frame"}
{"Time":"2026-10-09T19:54:42.893457663Z","Action":"run","Package":"go.temporal.io/server/tools/gomad3/cmd/gomadtool","Test":"TestTerminalDiagnosticsCheckedRunSequence/both_payloads"}
{"Time":"2026-10-09T19:54:42.893492496Z","Action":"output","Package":"go.temporal.io/server/tools/gomad3/cmd/gomadtool","Test":"TestTerminalDiagnosticsCheckedRunSequence/both_payloads","Output":"=== RUN   TestTerminalDiagnosticsCheckedRunSequence/both_payloads\n","OutputType":"frame"}
{"Time":"2026-10-09T19:54:42.895927788Z","Action":"output","Package":"go.temporal.io/server/tools/gomad3/cmd/gomadtool","Test":"TestTerminalDiagnosticsCheckedRunSequence/both_payloads","Output":"--- PASS: TestTerminalDiagnosticsCheckedRunSequence/both_payloads (0.01s)\n","OutputType":"frame"}
{"Time":"2026-10-09T19:54:42.895963871Z","Action":"pass","Package":"go.temporal.io/server/tools/gomad3/cmd/gomadtool","Test":"TestTerminalDiagnosticsCheckedRunSequence/both_payloads","Elapsed":0.01}
{"Time":"2026-10-09T19:54:42.895985663Z","Action":"run","Package":"go.temporal.io/server/tools/gomad3/cmd/gomadtool","Test":"TestTerminalDiagnosticsCheckedRunSequence/stdout_only"}
{"Time":"2026-10-09T19:54:42.896005705Z","Action":"output","Package":"go.temporal.io/server/tools/gomad3/cmd/gomadtool","Test":"TestTerminalDiagnosticsCheckedRunSequence/stdout_only","Output":"=== RUN   TestTerminalDiagnosticsCheckedRunSequence/stdout_only\n","OutputType":"frame"}
{"Time":"2026-10-09T19:54:42.89921483Z","Action":"output","Package":"go.temporal.io/server/tools/gomad3/cmd/gomadtool","Test":"TestTerminalDiagnosticsCheckedRunSequence/stdout_only","Output":"--- PASS: TestTerminalDiagnosticsCheckedRunSequence/stdout_only (0.00s)\n","OutputType":"frame"}
{"Time":"2026-10-09T19:54:42.899245205Z","Action":"pass","Package":"go.temporal.io/server/tools/gomad3/cmd/gomadtool","Test":"TestTerminalDiagnosticsCheckedRunSequence/stdout_only","Elapsed":0}
{"Time":"2026-10-09T19:54:42.899267538Z","Action":"run","Package":"go.temporal.io/server/tools/gomad3/cmd/gomadtool","Test":"TestTerminalDiagnosticsCheckedRunSequence/stderr_only"}
{"Time":"2026-10-09T19:54:42.899286621Z","Action":"output","Package":"go.temporal.io/server/tools/gomad3/cmd/gomadtool","Test":"TestTerminalDiagnosticsCheckedRunSequence/stderr_only","Output":"=== RUN   TestTerminalDiagnosticsCheckedRunSequence/stderr_only\n","OutputType":"frame"}
{"Time":"2026-10-09T19:54:42.902412955Z","Action":"output","Package":"go.temporal.io/server/tools/gomad3/cmd/gomadtool","Test":"TestTerminalDiagnosticsCheckedRunSequence/stderr_only","Output":"--- PASS: TestTerminalDiagnosticsCheckedRunSequence/stderr_only (0.00s)\n","OutputType":"frame"}
{"Time":"2026-10-09T19:54:42.902448705Z","Action":"pass","Package":"go.temporal.io/server/tools/gomad3/cmd/gomadtool","Test":"TestTerminalDiagnosticsCheckedRunSequence/stderr_only","Elapsed":0}
{"Time":"2026-10-09T19:54:42.902469371Z","Action":"run","Package":"go.temporal.io/server/tools/gomad3/cmd/gomadtool","Test":"TestTerminalDiagnosticsCheckedRunSequence/no_payload"}
{"Time":"2026-10-09T19:54:42.902490871Z","Action":"output","Package":"go.temporal.io/server/tools/gomad3/cmd/gomadtool","Test":"TestTerminalDiagnosticsCheckedRunSequence/no_payload","Output":"=== RUN   TestTerminalDiagnosticsCheckedRunSequence/no_payload\n","OutputType":"frame"}
{"Time":"2026-10-09T19:54:42.906003913Z","Action":"output","Package":"go.temporal.io/server/tools/gomad3/cmd/gomadtool","Test":"TestTerminalDiagnosticsCheckedRunSequence/no_payload","Output":"--- PASS: TestTerminalDiagnosticsCheckedRunSequence/no_payload (0.00s)\n","OutputType":"frame"}
{"Time":"2026-10-09T19:54:42.906047205Z","Action":"pass","Package":"go.temporal.io/server/tools/gomad3/cmd/gomadtool","Test":"TestTerminalDiagnosticsCheckedRunSequence/no_payload","Elapsed":0}
{"Time":"2026-10-09T19:54:42.906069121Z","Action":"run","Package":"go.temporal.io/server/tools/gomad3/cmd/gomadtool","Test":"TestTerminalDiagnosticsCheckedRunSequence/false_timeout"}
{"Time":"2026-10-09T19:54:42.906084038Z","Action":"output","Package":"go.temporal.io/server/tools/gomad3/cmd/gomadtool","Test":"TestTerminalDiagnosticsCheckedRunSequence/false_timeout","Output":"=== RUN   TestTerminalDiagnosticsCheckedRunSequence/false_timeout\n","OutputType":"frame"}
{"Time":"2026-10-09T19:54:42.909526621Z","Action":"output","Package":"go.temporal.io/server/tools/gomad3/cmd/gomadtool","Test":"TestTerminalDiagnosticsCheckedRunSequence/false_timeout","Output":"--- PASS: TestTerminalDiagnosticsCheckedRunSequence/false_timeout (0.00s)\n","OutputType":"frame"}
{"Time":"2026-10-09T19:54:42.909559663Z","Action":"pass","Package":"go.temporal.io/server/tools/gomad3/cmd/gomadtool","Test":"TestTerminalDiagnosticsCheckedRunSequence/false_timeout","Elapsed":0}
{"Time":"2026-10-09T19:54:42.909583288Z","Action":"output","Package":"go.temporal.io/server/tools/gomad3/cmd/gomadtool","Test":"TestTerminalDiagnosticsCheckedRunSequence","Output":"--- PASS: TestTerminalDiagnosticsCheckedRunSequence (0.03s)\n","OutputType":"frame"}
{"Time":"2026-10-09T19:54:42.909601746Z","Action":"pass","Package":"go.temporal.io/server/tools/gomad3/cmd/gomadtool","Test":"TestTerminalDiagnosticsCheckedRunSequence","Elapsed":0.03}
{"Time":"2026-10-09T19:54:42.909619996Z","Action":"run","Package":"go.temporal.io/server/tools/gomad3/cmd/gomadtool","Test":"TestTerminalDiagnosticsDiffSummary"}
{"Time":"2026-10-09T19:54:42.909637705Z","Action":"output","Package":"go.temporal.io/server/tools/gomad3/cmd/gomadtool","Test":"TestTerminalDiagnosticsDiffSummary","Output":"=== RUN   TestTerminalDiagnosticsDiffSummary\n","OutputType":"frame"}
{"Time":"2026-10-09T19:54:42.912153038Z","Action":"output","Package":"go.temporal.io/server/tools/gomad3/cmd/gomadtool","Test":"TestTerminalDiagnosticsDiffSummary","Output":"--- PASS: TestTerminalDiagnosticsDiffSummary (0.00s)\n","OutputType":"frame"}
{"Time":"2026-10-09T19:54:42.912173788Z","Action":"pass","Package":"go.temporal.io/server/tools/gomad3/cmd/gomadtool","Test":"TestTerminalDiagnosticsDiffSummary","Elapsed":0}
{"Time":"2026-10-09T19:54:42.912192038Z","Action":"run","Package":"go.temporal.io/server/tools/gomad3/cmd/gomadtool","Test":"TestTerminalDiagnosticsConformanceSequence"}
{"Time":"2026-10-09T19:54:42.91220758Z","Action":"output","Package":"go.temporal.io/server/tools/gomad3/cmd/gomadtool","Test":"TestTerminalDiagnosticsConformanceSequence","Output":"=== RUN   TestTerminalDiagnosticsConformanceSequence\n","OutputType":"frame"}
{"Time":"2026-10-09T19:54:43.041250538Z","Action":"output","Package":"go.temporal.io/server/tools/gomad3/cmd/gomadtool","Test":"TestTerminalDiagnosticsConformanceSequence","Output":"--- PASS: TestTerminalDiagnosticsConformanceSequence (0.13s)\n","OutputType":"frame"}
{"Time":"2026-10-09T19:54:43.041351663Z","Action":"pass","Package":"go.temporal.io/server/tools/gomad3/cmd/gomadtool","Test":"TestTerminalDiagnosticsConformanceSequence","Elapsed":0.13}
{"Time":"2026-10-09T19:54:43.041379746Z","Action":"output","Package":"go.temporal.io/server/tools/gomad3/cmd/gomadtool","Output":"PASS\n","OutputType":"frame"}
{"Time":"2026-10-09T19:54:43.041674996Z","Action":"output","Package":"go.temporal.io/server/tools/gomad3/cmd/gomadtool","Output":"ok  \tgo.temporal.io/server/tools/gomad3/cmd/gomadtool\t0.176s\n"}
{"Time":"2026-10-09T19:54:43.041716955Z","Action":"pass","Package":"go.temporal.io/server/tools/gomad3/cmd/gomadtool","Elapsed":0.177}
