{"Time":"2026-10-09T19:53:58.965052684Z","Action":"start","Package":"go.temporal.io/server/tools/gomad3/cmd/gomadtool"}
{"Time":"2026-10-09T19:53:58.970125017Z","Action":"run","Package":"go.temporal.io/server/tools/gomad3/cmd/gomadtool","Test":"TestTerminalDiagnosticsPrimaryStatus"}
{"Time":"2026-10-09T19:53:58.970280767Z","Action":"output","Package":"go.temporal.io/server/tools/gomad3/cmd/gomadtool","Test":"TestTerminalDiagnosticsPrimaryStatus","Output":"=== RUN   TestTerminalDiagnosticsPrimaryStatus\n","OutputType":"frame"}
{"Time":"2026-10-09T19:53:58.970758934Z","Action":"run","Package":"go.temporal.io/server/tools/gomad3/cmd/gomadtool","Test":"TestTerminalDiagnosticsPrimaryStatus/usage"}
{"Time":"2026-10-09T19:53:58.970795392Z","Action":"output","Package":"go.temporal.io/server/tools/gomad3/cmd/gomadtool","Test":"TestTerminalDiagnosticsPrimaryStatus/usage","Output":"=== RUN   TestTerminalDiagnosticsPrimaryStatus/usage\n","OutputType":"frame"}
{"Time":"2026-10-09T19:53:58.970838809Z","Action":"run","Package":"go.temporal.io/server/tools/gomad3/cmd/gomadtool","Test":"TestTerminalDiagnosticsPrimaryStatus/usage/healthy_stderr"}
{"Time":"2026-10-09T19:53:58.970863309Z","Action":"output","Package":"go.temporal.io/server/tools/gomad3/cmd/gomadtool","Test":"TestTerminalDiagnosticsPrimaryStatus/usage/healthy_stderr","Output":"=== RUN   TestTerminalDiagnosticsPrimaryStatus/usage/healthy_stderr\n","OutputType":"frame"}
{"Time":"2026-10-09T19:53:58.971131184Z","Action":"output","Package":"go.temporal.io/server/tools/gomad3/cmd/gomadtool","Test":"TestTerminalDiagnosticsPrimaryStatus/usage/healthy_stderr","Output":"--- PASS: TestTerminalDiagnosticsPrimaryStatus/usage/healthy_stderr (0.00s)\n","OutputType":"frame"}
{"Time":"2026-10-09T19:53:58.971183184Z","Action":"pass","Package":"go.temporal.io/server/tools/gomad3/cmd/gomadtool","Test":"TestTerminalDiagnosticsPrimaryStatus/usage/healthy_stderr","Elapsed":0}
{"Time":"2026-10-09T19:53:58.971232517Z","Action":"run","Package":"go.temporal.io/server/tools/gomad3/cmd/gomadtool","Test":"TestTerminalDiagnosticsPrimaryStatus/usage/EBADF_stderr"}
{"Time":"2026-10-09T19:53:58.971268017Z","Action":"output","Package":"go.temporal.io/server/tools/gomad3/cmd/gomadtool","Test":"TestTerminalDiagnosticsPrimaryStatus/usage/EBADF_stderr","Output":"=== RUN   TestTerminalDiagnosticsPrimaryStatus/usage/EBADF_stderr\n","OutputType":"frame"}
{"Time":"2026-10-09T19:53:58.97138585Z","Action":"output","Package":"go.temporal.io/server/tools/gomad3/cmd/gomadtool","Test":"TestTerminalDiagnosticsPrimaryStatus/usage/EBADF_stderr","Output":"--- PASS: TestTerminalDiagnosticsPrimaryStatus/usage/EBADF_stderr (0.00s)\n","OutputType":"frame"}
{"Time":"2026-10-09T19:53:58.97143885Z","Action":"pass","Package":"go.temporal.io/server/tools/gomad3/cmd/gomadtool","Test":"TestTerminalDiagnosticsPrimaryStatus/usage/EBADF_stderr","Elapsed":0}
{"Time":"2026-10-09T19:53:58.971477475Z","Action":"output","Package":"go.temporal.io/server/tools/gomad3/cmd/gomadtool","Test":"TestTerminalDiagnosticsPrimaryStatus/usage","Output":"--- PASS: TestTerminalDiagnosticsPrimaryStatus/usage (0.00s)\n","OutputType":"frame"}
{"Time":"2026-10-09T19:53:58.971589975Z","Action":"pass","Package":"go.temporal.io/server/tools/gomad3/cmd/gomadtool","Test":"TestTerminalDiagnosticsPrimaryStatus/usage","Elapsed":0}
{"Time":"2026-10-09T19:53:58.971617975Z","Action":"run","Package":"go.temporal.io/server/tools/gomad3/cmd/gomadtool","Test":"TestTerminalDiagnosticsPrimaryStatus/unknown_command"}
{"Time":"2026-10-09T19:53:58.971657434Z","Action":"output","Package":"go.temporal.io/server/tools/gomad3/cmd/gomadtool","Test":"TestTerminalDiagnosticsPrimaryStatus/unknown_command","Output":"=== RUN   TestTerminalDiagnosticsPrimaryStatus/unknown_command\n","OutputType":"frame"}
{"Time":"2026-10-09T19:53:58.971712684Z","Action":"run","Package":"go.temporal.io/server/tools/gomad3/cmd/gomadtool","Test":"TestTerminalDiagnosticsPrimaryStatus/unknown_command/healthy_stderr"}
{"Time":"2026-10-09T19:53:58.971741559Z","Action":"output","Package":"go.temporal.io/server/tools/gomad3/cmd/gomadtool","Test":"TestTerminalDiagnosticsPrimaryStatus/unknown_command/healthy_stderr","Output":"=== RUN   TestTerminalDiagnosticsPrimaryStatus/unknown_command/healthy_stderr\n","OutputType":"frame"}
{"Time":"2026-10-09T19:53:58.971814642Z","Action":"output","Package":"go.temporal.io/server/tools/gomad3/cmd/gomadtool","Test":"TestTerminalDiagnosticsPrimaryStatus/unknown_command/healthy_stderr","Output":"--- PASS: TestTerminalDiagnosticsPrimaryStatus/unknown_command/healthy_stderr (0.00s)\n","OutputType":"frame"}
{"Time":"2026-10-09T19:53:58.971831392Z","Action":"pass","Package":"go.temporal.io/server/tools/gomad3/cmd/gomadtool","Test":"TestTerminalDiagnosticsPrimaryStatus/unknown_command/healthy_stderr","Elapsed":0}
{"Time":"2026-10-09T19:53:58.9718516Z","Action":"run","Package":"go.temporal.io/server/tools/gomad3/cmd/gomadtool","Test":"TestTerminalDiagnosticsPrimaryStatus/unknown_command/EBADF_stderr"}
{"Time":"2026-10-09T19:53:58.971870684Z","Action":"output","Package":"go.temporal.io/server/tools/gomad3/cmd/gomadtool","Test":"TestTerminalDiagnosticsPrimaryStatus/unknown_command/EBADF_stderr","Output":"=== RUN   TestTerminalDiagnosticsPrimaryStatus/unknown_command/EBADF_stderr\n","OutputType":"frame"}
{"Time":"2026-10-09T19:53:58.972099184Z","Action":"output","Package":"go.temporal.io/server/tools/gomad3/cmd/gomadtool","Test":"TestTerminalDiagnosticsPrimaryStatus/unknown_command/EBADF_stderr","Output":"--- PASS: TestTerminalDiagnosticsPrimaryStatus/unknown_command/EBADF_stderr (0.00s)\n","OutputType":"frame"}
{"Time":"2026-10-09T19:53:58.972144559Z","Action":"pass","Package":"go.temporal.io/server/tools/gomad3/cmd/gomadtool","Test":"TestTerminalDiagnosticsPrimaryStatus/unknown_command/EBADF_stderr","Elapsed":0}
{"Time":"2026-10-09T19:53:58.972211184Z","Action":"output","Package":"go.temporal.io/server/tools/gomad3/cmd/gomadtool","Test":"TestTerminalDiagnosticsPrimaryStatus/unknown_command","Output":"--- PASS: TestTerminalDiagnosticsPrimaryStatus/unknown_command (0.00s)\n","OutputType":"frame"}
{"Time":"2026-10-09T19:53:58.9722566Z","Action":"pass","Package":"go.temporal.io/server/tools/gomad3/cmd/gomadtool","Test":"TestTerminalDiagnosticsPrimaryStatus/unknown_command","Elapsed":0}
{"Time":"2026-10-09T19:53:58.972297309Z","Action":"run","Package":"go.temporal.io/server/tools/gomad3/cmd/gomadtool","Test":"TestTerminalDiagnosticsPrimaryStatus/checked_usage"}
{"Time":"2026-10-09T19:53:58.972330017Z","Action":"output","Package":"go.temporal.io/server/tools/gomad3/cmd/gomadtool","Test":"TestTerminalDiagnosticsPrimaryStatus/checked_usage","Output":"=== RUN   TestTerminalDiagnosticsPrimaryStatus/checked_usage\n","OutputType":"frame"}
{"Time":"2026-10-09T19:53:58.972357517Z","Action":"run","Package":"go.temporal.io/server/tools/gomad3/cmd/gomadtool","Test":"TestTerminalDiagnosticsPrimaryStatus/checked_usage/healthy_stderr"}
{"Time":"2026-10-09T19:53:58.972400517Z","Action":"output","Package":"go.temporal.io/server/tools/gomad3/cmd/gomadtool","Test":"TestTerminalDiagnosticsPrimaryStatus/checked_usage/healthy_stderr","Output":"=== RUN   TestTerminalDiagnosticsPrimaryStatus/checked_usage/healthy_stderr\n","OutputType":"frame"}
{"Time":"2026-10-09T19:53:58.972683017Z","Action":"output","Package":"go.temporal.io/server/tools/gomad3/cmd/gomadtool","Test":"TestTerminalDiagnosticsPrimaryStatus/checked_usage/healthy_stderr","Output":"--- PASS: TestTerminalDiagnosticsPrimaryStatus/checked_usage/healthy_stderr (0.00s)\n","OutputType":"frame"}
{"Time":"2026-10-09T19:53:58.972712725Z","Action":"pass","Package":"go.temporal.io/server/tools/gomad3/cmd/gomadtool","Test":"TestTerminalDiagnosticsPrimaryStatus/checked_usage/healthy_stderr","Elapsed":0}
{"Time":"2026-10-09T19:53:58.972735892Z","Action":"run","Package":"go.temporal.io/server/tools/gomad3/cmd/gomadtool","Test":"TestTerminalDiagnosticsPrimaryStatus/checked_usage/EBADF_stderr"}
{"Time":"2026-10-09T19:53:58.972770059Z","Action":"output","Package":"go.temporal.io/server/tools/gomad3/cmd/gomadtool","Test":"TestTerminalDiagnosticsPrimaryStatus/checked_usage/EBADF_stderr","Output":"=== RUN   TestTerminalDiagnosticsPrimaryStatus/checked_usage/EBADF_stderr\n","OutputType":"frame"}
{"Time":"2026-10-09T19:53:58.97315985Z","Action":"output","Package":"go.temporal.io/server/tools/gomad3/cmd/gomadtool","Test":"TestTerminalDiagnosticsPrimaryStatus/checked_usage/EBADF_stderr","Output":"--- PASS: TestTerminalDiagnosticsPrimaryStatus/checked_usage/EBADF_stderr (0.00s)\n","OutputType":"frame"}
{"Time":"2026-10-09T19:53:58.973181725Z","Action":"pass","Package":"go.temporal.io/server/tools/gomad3/cmd/gomadtool","Test":"TestTerminalDiagnosticsPrimaryStatus/checked_usage/EBADF_stderr","Elapsed":0}
{"Time":"2026-10-09T19:53:58.973209767Z","Action":"output","Package":"go.temporal.io/server/tools/gomad3/cmd/gomadtool","Test":"TestTerminalDiagnosticsPrimaryStatus/checked_usage","Output":"--- PASS: TestTerminalDiagnosticsPrimaryStatus/checked_usage (0.00s)\n","OutputType":"frame"}
{"Time":"2026-10-09T19:53:58.97323085Z","Action":"pass","Package":"go.temporal.io/server/tools/gomad3/cmd/gomadtool","Test":"TestTerminalDiagnosticsPrimaryStatus/checked_usage","Elapsed":0}
{"Time":"2026-10-09T19:53:58.973253725Z","Action":"run","Package":"go.temporal.io/server/tools/gomad3/cmd/gomadtool","Test":"TestTerminalDiagnosticsPrimaryStatus/checked_invalid_timeout"}
{"Time":"2026-10-09T19:53:58.973276142Z","Action":"output","Package":"go.temporal.io/server/tools/gomad3/cmd/gomadtool","Test":"TestTerminalDiagnosticsPrimaryStatus/checked_invalid_timeout","Output":"=== RUN   TestTerminalDiagnosticsPrimaryStatus/checked_invalid_timeout\n","OutputType":"frame"}
{"Time":"2026-10-09T19:53:58.973305767Z","Action":"run","Package":"go.temporal.io/server/tools/gomad3/cmd/gomadtool","Test":"TestTerminalDiagnosticsPrimaryStatus/checked_invalid_timeout/healthy_stderr"}
{"Time":"2026-10-09T19:53:58.973329392Z","Action":"output","Package":"go.temporal.io/server/tools/gomad3/cmd/gomadtool","Test":"TestTerminalDiagnosticsPrimaryStatus/checked_invalid_timeout/healthy_stderr","Output":"=== RUN   TestTerminalDiagnosticsPrimaryStatus/checked_invalid_timeout/healthy_stderr\n","OutputType":"frame"}
{"Time":"2026-10-09T19:53:58.973689017Z","Action":"output","Package":"go.temporal.io/server/tools/gomad3/cmd/gomadtool","Test":"TestTerminalDiagnosticsPrimaryStatus/checked_invalid_timeout/healthy_stderr","Output":"--- PASS: TestTerminalDiagnosticsPrimaryStatus/checked_invalid_timeout/healthy_stderr (0.00s)\n","OutputType":"frame"}
{"Time":"2026-10-09T19:53:58.973720517Z","Action":"pass","Package":"go.temporal.io/server/tools/gomad3/cmd/gomadtool","Test":"TestTerminalDiagnosticsPrimaryStatus/checked_invalid_timeout/healthy_stderr","Elapsed":0}
{"Time":"2026-10-09T19:53:58.973767559Z","Action":"run","Package":"go.temporal.io/server/tools/gomad3/cmd/gomadtool","Test":"TestTerminalDiagnosticsPrimaryStatus/checked_invalid_timeout/EBADF_stderr"}
{"Time":"2026-10-09T19:53:58.973795975Z","Action":"output","Package":"go.temporal.io/server/tools/gomad3/cmd/gomadtool","Test":"TestTerminalDiagnosticsPrimaryStatus/checked_invalid_timeout/EBADF_stderr","Output":"=== RUN   TestTerminalDiagnosticsPrimaryStatus/checked_invalid_timeout/EBADF_stderr\n","OutputType":"frame"}
{"Time":"2026-10-09T19:53:58.974078767Z","Action":"output","Package":"go.temporal.io/server/tools/gomad3/cmd/gomadtool","Test":"TestTerminalDiagnosticsPrimaryStatus/checked_invalid_timeout/EBADF_stderr","Output":"--- PASS: TestTerminalDiagnosticsPrimaryStatus/checked_invalid_timeout/EBADF_stderr (0.00s)\n","OutputType":"frame"}
{"Time":"2026-10-09T19:53:58.974107059Z","Action":"pass","Package":"go.temporal.io/server/tools/gomad3/cmd/gomadtool","Test":"TestTerminalDiagnosticsPrimaryStatus/checked_invalid_timeout/EBADF_stderr","Elapsed":0}
{"Time":"2026-10-09T19:53:58.974129309Z","Action":"output","Package":"go.temporal.io/server/tools/gomad3/cmd/gomadtool","Test":"TestTerminalDiagnosticsPrimaryStatus/checked_invalid_timeout","Output":"--- PASS: TestTerminalDiagnosticsPrimaryStatus/checked_invalid_timeout (0.00s)\n","OutputType":"frame"}
{"Time":"2026-10-09T19:53:58.974150309Z","Action":"pass","Package":"go.temporal.io/server/tools/gomad3/cmd/gomadtool","Test":"TestTerminalDiagnosticsPrimaryStatus/checked_invalid_timeout","Elapsed":0}
{"Time":"2026-10-09T19:53:58.97417285Z","Action":"run","Package":"go.temporal.io/server/tools/gomad3/cmd/gomadtool","Test":"TestTerminalDiagnosticsPrimaryStatus/checked_invalid_root"}
{"Time":"2026-10-09T19:53:58.974191392Z","Action":"output","Package":"go.temporal.io/server/tools/gomad3/cmd/gomadtool","Test":"TestTerminalDiagnosticsPrimaryStatus/checked_invalid_root","Output":"=== RUN   TestTerminalDiagnosticsPrimaryStatus/checked_invalid_root\n","OutputType":"frame"}
{"Time":"2026-10-09T19:53:58.974206434Z","Action":"run","Package":"go.temporal.io/server/tools/gomad3/cmd/gomadtool","Test":"TestTerminalDiagnosticsPrimaryStatus/checked_invalid_root/healthy_stderr"}
{"Time":"2026-10-09T19:53:58.974281559Z","Action":"output","Package":"go.temporal.io/server/tools/gomad3/cmd/gomadtool","Test":"TestTerminalDiagnosticsPrimaryStatus/checked_invalid_root/healthy_stderr","Output":"=== RUN   TestTerminalDiagnosticsPrimaryStatus/checked_invalid_root/healthy_stderr\n","OutputType":"frame"}
{"Time":"2026-10-09T19:53:58.974371684Z","Action":"output","Package":"go.temporal.io/server/tools/gomad3/cmd/gomadtool","Test":"TestTerminalDiagnosticsPrimaryStatus/checked_invalid_root/healthy_stderr","Output":"--- PASS: TestTerminalDiagnosticsPrimaryStatus/checked_invalid_root/healthy_stderr (0.00s)\n","OutputType":"frame"}
{"Time":"2026-10-09T19:53:58.974401475Z","Action":"pass","Package":"go.temporal.io/server/tools/gomad3/cmd/gomadtool","Test":"TestTerminalDiagnosticsPrimaryStatus/checked_invalid_root/healthy_stderr","Elapsed":0}
{"Time":"2026-10-09T19:53:58.974421684Z","Action":"run","Package":"go.temporal.io/server/tools/gomad3/cmd/gomadtool","Test":"TestTerminalDiagnosticsPrimaryStatus/checked_invalid_root/EBADF_stderr"}
{"Time":"2026-10-09T19:53:58.974442142Z","Action":"output","Package":"go.temporal.io/server/tools/gomad3/cmd/gomadtool","Test":"TestTerminalDiagnosticsPrimaryStatus/checked_invalid_root/EBADF_stderr","Output":"=== RUN   TestTerminalDiagnosticsPrimaryStatus/checked_invalid_root/EBADF_stderr\n","OutputType":"frame"}
{"Time":"2026-10-09T19:53:58.975062767Z","Action":"output","Package":"go.temporal.io/server/tools/gomad3/cmd/gomadtool","Test":"TestTerminalDiagnosticsPrimaryStatus/checked_invalid_root/EBADF_stderr","Output":"--- PASS: TestTerminalDiagnosticsPrimaryStatus/checked_invalid_root/EBADF_stderr (0.00s)\n","OutputType":"frame"}
{"Time":"2026-10-09T19:53:58.97509035Z","Action":"pass","Package":"go.temporal.io/server/tools/gomad3/cmd/gomadtool","Test":"TestTerminalDiagnosticsPrimaryStatus/checked_invalid_root/EBADF_stderr","Elapsed":0}
{"Time":"2026-10-09T19:53:58.975117559Z","Action":"output","Package":"go.temporal.io/server/tools/gomad3/cmd/gomadtool","Test":"TestTerminalDiagnosticsPrimaryStatus/checked_invalid_root","Output":"--- PASS: TestTerminalDiagnosticsPrimaryStatus/checked_invalid_root (0.00s)\n","OutputType":"frame"}
{"Time":"2026-10-09T19:53:58.975138059Z","Action":"pass","Package":"go.temporal.io/server/tools/gomad3/cmd/gomadtool","Test":"TestTerminalDiagnosticsPrimaryStatus/checked_invalid_root","Elapsed":0}
{"Time":"2026-10-09T19:53:58.975198642Z","Action":"run","Package":"go.temporal.io/server/tools/gomad3/cmd/gomadtool","Test":"TestTerminalDiagnosticsPrimaryStatus/build_key_invalid_identity"}
{"Time":"2026-10-09T19:53:58.975223434Z","Action":"output","Package":"go.temporal.io/server/tools/gomad3/cmd/gomadtool","Test":"TestTerminalDiagnosticsPrimaryStatus/build_key_invalid_identity","Output":"=== RUN   TestTerminalDiagnosticsPrimaryStatus/build_key_invalid_identity\n","OutputType":"frame"}
{"Time":"2026-10-09T19:53:58.9752461Z","Action":"run","Package":"go.temporal.io/server/tools/gomad3/cmd/gomadtool","Test":"TestTerminalDiagnosticsPrimaryStatus/build_key_invalid_identity/healthy_stderr"}
{"Time":"2026-10-09T19:53:58.975261559Z","Action":"output","Package":"go.temporal.io/server/tools/gomad3/cmd/gomadtool","Test":"TestTerminalDiagnosticsPrimaryStatus/build_key_invalid_identity/healthy_stderr","Output":"=== RUN   TestTerminalDiagnosticsPrimaryStatus/build_key_invalid_identity/healthy_stderr\n","OutputType":"frame"}
{"Time":"2026-10-09T19:53:58.975531392Z","Action":"output","Package":"go.temporal.io/server/tools/gomad3/cmd/gomadtool","Test":"TestTerminalDiagnosticsPrimaryStatus/build_key_invalid_identity/healthy_stderr","Output":"--- PASS: TestTerminalDiagnosticsPrimaryStatus/build_key_invalid_identity/healthy_stderr (0.00s)\n","OutputType":"frame"}
{"Time":"2026-10-09T19:53:58.975558184Z","Action":"pass","Package":"go.temporal.io/server/tools/gomad3/cmd/gomadtool","Test":"TestTerminalDiagnosticsPrimaryStatus/build_key_invalid_identity/healthy_stderr","Elapsed":0}
{"Time":"2026-10-09T19:53:58.975573475Z","Action":"run","Package":"go.temporal.io/server/tools/gomad3/cmd/gomadtool","Test":"TestTerminalDiagnosticsPrimaryStatus/build_key_invalid_identity/EBADF_stderr"}
{"Time":"2026-10-09T19:53:58.9755841Z","Action":"output","Package":"go.temporal.io/server/tools/gomad3/cmd/gomadtool","Test":"TestTerminalDiagnosticsPrimaryStatus/build_key_invalid_identity/EBADF_stderr","Output":"=== RUN   TestTerminalDiagnosticsPrimaryStatus/build_key_invalid_identity/EBADF_stderr\n","OutputType":"frame"}
{"Time":"2026-10-09T19:53:58.975894059Z","Action":"output","Package":"go.temporal.io/server/tools/gomad3/cmd/gomadtool","Test":"TestTerminalDiagnosticsPrimaryStatus/build_key_invalid_identity/EBADF_stderr","Output":"--- PASS: TestTerminalDiagnosticsPrimaryStatus/build_key_invalid_identity/EBADF_stderr (0.00s)\n","OutputType":"frame"}
{"Time":"2026-10-09T19:53:58.975933809Z","Action":"pass","Package":"go.temporal.io/server/tools/gomad3/cmd/gomadtool","Test":"TestTerminalDiagnosticsPrimaryStatus/build_key_invalid_identity/EBADF_stderr","Elapsed":0}
{"Time":"2026-10-09T19:53:58.975950392Z","Action":"output","Package":"go.temporal.io/server/tools/gomad3/cmd/gomadtool","Test":"TestTerminalDiagnosticsPrimaryStatus/build_key_invalid_identity","Output":"--- PASS: TestTerminalDiagnosticsPrimaryStatus/build_key_invalid_identity (0.00s)\n","OutputType":"frame"}
{"Time":"2026-10-09T19:53:58.975966684Z","Action":"pass","Package":"go.temporal.io/server/tools/gomad3/cmd/gomadtool","Test":"TestTerminalDiagnosticsPrimaryStatus/build_key_invalid_identity","Elapsed":0}
{"Time":"2026-10-09T19:53:58.975996184Z","Action":"run","Package":"go.temporal.io/server/tools/gomad3/cmd/gomadtool","Test":"TestTerminalDiagnosticsPrimaryStatus/build_key_missing_patch"}
{"Time":"2026-10-09T19:53:58.976019684Z","Action":"output","Package":"go.temporal.io/server/tools/gomad3/cmd/gomadtool","Test":"TestTerminalDiagnosticsPrimaryStatus/build_key_missing_patch","Output":"=== RUN   TestTerminalDiagnosticsPrimaryStatus/build_key_missing_patch\n","OutputType":"frame"}
{"Time":"2026-10-09T19:53:58.976043434Z","Action":"run","Package":"go.temporal.io/server/tools/gomad3/cmd/gomadtool","Test":"TestTerminalDiagnosticsPrimaryStatus/build_key_missing_patch/healthy_stderr"}
{"Time":"2026-10-09T19:53:58.976104767Z","Action":"output","Package":"go.temporal.io/server/tools/gomad3/cmd/gomadtool","Test":"TestTerminalDiagnosticsPrimaryStatus/build_key_missing_patch/healthy_stderr","Output":"=== RUN   TestTerminalDiagnosticsPrimaryStatus/build_key_missing_patch/healthy_stderr\n","OutputType":"frame"}
{"Time":"2026-10-09T19:53:58.976238892Z","Action":"output","Package":"go.temporal.io/server/tools/gomad3/cmd/gomadtool","Test":"TestTerminalDiagnosticsPrimaryStatus/build_key_missing_patch/healthy_stderr","Output":"--- PASS: TestTerminalDiagnosticsPrimaryStatus/build_key_missing_patch/healthy_stderr (0.00s)\n","OutputType":"frame"}
{"Time":"2026-10-09T19:53:58.976280017Z","Action":"pass","Package":"go.temporal.io/server/tools/gomad3/cmd/gomadtool","Test":"TestTerminalDiagnosticsPrimaryStatus/build_key_missing_patch/healthy_stderr","Elapsed":0}
{"Time":"2026-10-09T19:53:58.976303559Z","Action":"run","Package":"go.temporal.io/server/tools/gomad3/cmd/gomadtool","Test":"TestTerminalDiagnosticsPrimaryStatus/build_key_missing_patch/EBADF_stderr"}
{"Time":"2026-10-09T19:53:58.976339184Z","Action":"output","Package":"go.temporal.io/server/tools/gomad3/cmd/gomadtool","Test":"TestTerminalDiagnosticsPrimaryStatus/build_key_missing_patch/EBADF_stderr","Output":"=== RUN   TestTerminalDiagnosticsPrimaryStatus/build_key_missing_patch/EBADF_stderr\n","OutputType":"frame"}
{"Time":"2026-10-09T19:53:58.976484267Z","Action":"output","Package":"go.temporal.io/server/tools/gomad3/cmd/gomadtool","Test":"TestTerminalDiagnosticsPrimaryStatus/build_key_missing_patch/EBADF_stderr","Output":"--- PASS: TestTerminalDiagnosticsPrimaryStatus/build_key_missing_patch/EBADF_stderr (0.00s)\n","OutputType":"frame"}
{"Time":"2026-10-09T19:53:58.976519267Z","Action":"pass","Package":"go.temporal.io/server/tools/gomad3/cmd/gomadtool","Test":"TestTerminalDiagnosticsPrimaryStatus/build_key_missing_patch/EBADF_stderr","Elapsed":0}
{"Time":"2026-10-09T19:53:58.976572392Z","Action":"output","Package":"go.temporal.io/server/tools/gomad3/cmd/gomadtool","Test":"TestTerminalDiagnosticsPrimaryStatus/build_key_missing_patch","Output":"--- PASS: TestTerminalDiagnosticsPrimaryStatus/build_key_missing_patch (0.00s)\n","OutputType":"frame"}
{"Time":"2026-10-09T19:53:58.976621642Z","Action":"pass","Package":"go.temporal.io/server/tools/gomad3/cmd/gomadtool","Test":"TestTerminalDiagnosticsPrimaryStatus/build_key_missing_patch","Elapsed":0}
{"Time":"2026-10-09T19:53:58.976647559Z","Action":"run","Package":"go.temporal.io/server/tools/gomad3/cmd/gomadtool","Test":"TestTerminalDiagnosticsPrimaryStatus/build_key_missing_overlay"}
{"Time":"2026-10-09T19:53:58.976690684Z","Action":"output","Package":"go.temporal.io/server/tools/gomad3/cmd/gomadtool","Test":"TestTerminalDiagnosticsPrimaryStatus/build_key_missing_overlay","Output":"=== RUN   TestTerminalDiagnosticsPrimaryStatus/build_key_missing_overlay\n","OutputType":"frame"}
{"Time":"2026-10-09T19:53:58.976719392Z","Action":"run","Package":"go.temporal.io/server/tools/gomad3/cmd/gomadtool","Test":"TestTerminalDiagnosticsPrimaryStatus/build_key_missing_overlay/healthy_stderr"}
{"Time":"2026-10-09T19:53:58.976775142Z","Action":"output","Package":"go.temporal.io/server/tools/gomad3/cmd/gomadtool","Test":"TestTerminalDiagnosticsPrimaryStatus/build_key_missing_overlay/healthy_stderr","Output":"=== RUN   TestTerminalDiagnosticsPrimaryStatus/build_key_missing_overlay/healthy_stderr\n","OutputType":"frame"}
{"Time":"2026-10-09T19:53:58.976846725Z","Action":"output","Package":"go.temporal.io/server/tools/gomad3/cmd/gomadtool","Test":"TestTerminalDiagnosticsPrimaryStatus/build_key_missing_overlay/healthy_stderr","Output":"--- PASS: TestTerminalDiagnosticsPrimaryStatus/build_key_missing_overlay/healthy_stderr (0.00s)\n","OutputType":"frame"}
{"Time":"2026-10-09T19:53:58.976882975Z","Action":"pass","Package":"go.temporal.io/server/tools/gomad3/cmd/gomadtool","Test":"TestTerminalDiagnosticsPrimaryStatus/build_key_missing_overlay/healthy_stderr","Elapsed":0}
{"Time":"2026-10-09T19:53:58.976896809Z","Action":"run","Package":"go.temporal.io/server/tools/gomad3/cmd/gomadtool","Test":"TestTerminalDiagnosticsPrimaryStatus/build_key_missing_overlay/EBADF_stderr"}
{"Time":"2026-10-09T19:53:58.976920892Z","Action":"output","Package":"go.temporal.io/server/tools/gomad3/cmd/gomadtool","Test":"TestTerminalDiagnosticsPrimaryStatus/build_key_missing_overlay/EBADF_stderr","Output":"=== RUN   TestTerminalDiagnosticsPrimaryStatus/build_key_missing_overlay/EBADF_stderr\n","OutputType":"frame"}
{"Time":"2026-10-09T19:53:58.9771286Z","Action":"output","Package":"go.temporal.io/server/tools/gomad3/cmd/gomadtool","Test":"TestTerminalDiagnosticsPrimaryStatus/build_key_missing_overlay/EBADF_stderr","Output":"--- PASS: TestTerminalDiagnosticsPrimaryStatus/build_key_missing_overlay/EBADF_stderr (0.00s)\n","OutputType":"frame"}
{"Time":"2026-10-09T19:53:58.9771886Z","Action":"pass","Package":"go.temporal.io/server/tools/gomad3/cmd/gomadtool","Test":"TestTerminalDiagnosticsPrimaryStatus/build_key_missing_overlay/EBADF_stderr","Elapsed":0}
{"Time":"2026-10-09T19:53:58.977212767Z","Action":"output","Package":"go.temporal.io/server/tools/gomad3/cmd/gomadtool","Test":"TestTerminalDiagnosticsPrimaryStatus/build_key_missing_overlay","Output":"--- PASS: TestTerminalDiagnosticsPrimaryStatus/build_key_missing_overlay (0.00s)\n","OutputType":"frame"}
{"Time":"2026-10-09T19:53:58.977238142Z","Action":"pass","Package":"go.temporal.io/server/tools/gomad3/cmd/gomadtool","Test":"TestTerminalDiagnosticsPrimaryStatus/build_key_missing_overlay","Elapsed":0}
{"Time":"2026-10-09T19:53:58.97725835Z","Action":"run","Package":"go.temporal.io/server/tools/gomad3/cmd/gomadtool","Test":"TestTerminalDiagnosticsPrimaryStatus/patch_validation"}
{"Time":"2026-10-09T19:53:58.977277809Z","Action":"output","Package":"go.temporal.io/server/tools/gomad3/cmd/gomadtool","Test":"TestTerminalDiagnosticsPrimaryStatus/patch_validation","Output":"=== RUN   TestTerminalDiagnosticsPrimaryStatus/patch_validation\n","OutputType":"frame"}
{"Time":"2026-10-09T19:53:58.977299267Z","Action":"run","Package":"go.temporal.io/server/tools/gomad3/cmd/gomadtool","Test":"TestTerminalDiagnosticsPrimaryStatus/patch_validation/healthy_stderr"}
{"Time":"2026-10-09T19:53:58.977320392Z","Action":"output","Package":"go.temporal.io/server/tools/gomad3/cmd/gomadtool","Test":"TestTerminalDiagnosticsPrimaryStatus/patch_validation/healthy_stderr","Output":"=== RUN   TestTerminalDiagnosticsPrimaryStatus/patch_validation/healthy_stderr\n","OutputType":"frame"}
{"Time":"2026-10-09T19:53:58.97741635Z","Action":"output","Package":"go.temporal.io/server/tools/gomad3/cmd/gomadtool","Test":"TestTerminalDiagnosticsPrimaryStatus/patch_validation/healthy_stderr","Output":"--- PASS: TestTerminalDiagnosticsPrimaryStatus/patch_validation/healthy_stderr (0.00s)\n","OutputType":"frame"}
{"Time":"2026-10-09T19:53:58.977438684Z","Action":"pass","Package":"go.temporal.io/server/tools/gomad3/cmd/gomadtool","Test":"TestTerminalDiagnosticsPrimaryStatus/patch_validation/healthy_stderr","Elapsed":0}
{"Time":"2026-10-09T19:53:58.977459809Z","Action":"run","Package":"go.temporal.io/server/tools/gomad3/cmd/gomadtool","Test":"TestTerminalDiagnosticsPrimaryStatus/patch_validation/EBADF_stderr"}
{"Time":"2026-10-09T19:53:58.977480225Z","Action":"output","Package":"go.temporal.io/server/tools/gomad3/cmd/gomadtool","Test":"TestTerminalDiagnosticsPrimaryStatus/patch_validation/EBADF_stderr","Output":"=== RUN   TestTerminalDiagnosticsPrimaryStatus/patch_validation/EBADF_stderr\n","OutputType":"frame"}
{"Time":"2026-10-09T19:53:58.977832725Z","Action":"output","Package":"go.temporal.io/server/tools/gomad3/cmd/gomadtool","Test":"TestTerminalDiagnosticsPrimaryStatus/patch_validation/EBADF_stderr","Output":"--- PASS: TestTerminalDiagnosticsPrimaryStatus/patch_validation/EBADF_stderr (0.00s)\n","OutputType":"frame"}
{"Time":"2026-10-09T19:53:58.977859517Z","Action":"pass","Package":"go.temporal.io/server/tools/gomad3/cmd/gomadtool","Test":"TestTerminalDiagnosticsPrimaryStatus/patch_validation/EBADF_stderr","Elapsed":0}
{"Time":"2026-10-09T19:53:58.977899267Z","Action":"output","Package":"go.temporal.io/server/tools/gomad3/cmd/gomadtool","Test":"TestTerminalDiagnosticsPrimaryStatus/patch_validation","Output":"--- PASS: TestTerminalDiagnosticsPrimaryStatus/patch_validation (0.00s)\n","OutputType":"frame"}
{"Time":"2026-10-09T19:53:58.977923434Z","Action":"pass","Package":"go.temporal.io/server/tools/gomad3/cmd/gomadtool","Test":"TestTerminalDiagnosticsPrimaryStatus/patch_validation","Elapsed":0}
{"Time":"2026-10-09T19:53:58.977947559Z","Action":"run","Package":"go.temporal.io/server/tools/gomad3/cmd/gomadtool","Test":"TestTerminalDiagnosticsPrimaryStatus/patch_materialize"}
{"Time":"2026-10-09T19:53:58.977967725Z","Action":"output","Package":"go.temporal.io/server/tools/gomad3/cmd/gomadtool","Test":"TestTerminalDiagnosticsPrimaryStatus/patch_materialize","Output":"=== RUN   TestTerminalDiagnosticsPrimaryStatus/patch_materialize\n","OutputType":"frame"}
{"Time":"2026-10-09T19:53:58.977987767Z","Action":"run","Package":"go.temporal.io/server/tools/gomad3/cmd/gomadtool","Test":"TestTerminalDiagnosticsPrimaryStatus/patch_materialize/healthy_stderr"}
{"Time":"2026-10-09T19:53:58.978010225Z","Action":"output","Package":"go.temporal.io/server/tools/gomad3/cmd/gomadtool","Test":"TestTerminalDiagnosticsPrimaryStatus/patch_materialize/healthy_stderr","Output":"=== RUN   TestTerminalDiagnosticsPrimaryStatus/patch_materialize/healthy_stderr\n","OutputType":"frame"}
{"Time":"2026-10-09T19:53:58.978102559Z","Action":"output","Package":"go.temporal.io/server/tools/gomad3/cmd/gomadtool","Test":"TestTerminalDiagnosticsPrimaryStatus/patch_materialize/healthy_stderr","Output":"--- PASS: TestTerminalDiagnosticsPrimaryStatus/patch_materialize/healthy_stderr (0.00s)\n","OutputType":"frame"}
{"Time":"2026-10-09T19:53:58.978126934Z","Action":"pass","Package":"go.temporal.io/server/tools/gomad3/cmd/gomadtool","Test":"TestTerminalDiagnosticsPrimaryStatus/patch_materialize/healthy_stderr","Elapsed":0}
{"Time":"2026-10-09T19:53:58.978153934Z","Action":"run","Package":"go.temporal.io/server/tools/gomad3/cmd/gomadtool","Test":"TestTerminalDiagnosticsPrimaryStatus/patch_materialize/EBADF_stderr"}
{"Time":"2026-10-09T19:53:58.978173684Z","Action":"output","Package":"go.temporal.io/server/tools/gomad3/cmd/gomadtool","Test":"TestTerminalDiagnosticsPrimaryStatus/patch_materialize/EBADF_stderr","Output":"=== RUN   TestTerminalDiagnosticsPrimaryStatus/patch_materialize/EBADF_stderr\n","OutputType":"frame"}
{"Time":"2026-10-09T19:53:58.978320017Z","Action":"output","Package":"go.temporal.io/server/tools/gomad3/cmd/gomadtool","Test":"TestTerminalDiagnosticsPrimaryStatus/patch_materialize/EBADF_stderr","Output":"--- PASS: TestTerminalDiagnosticsPrimaryStatus/patch_materialize/EBADF_stderr (0.00s)\n","OutputType":"frame"}
{"Time":"2026-10-09T19:53:58.978348725Z","Action":"pass","Package":"go.temporal.io/server/tools/gomad3/cmd/gomadtool","Test":"TestTerminalDiagnosticsPrimaryStatus/patch_materialize/EBADF_stderr","Elapsed":0}
{"Time":"2026-10-09T19:53:58.97836835Z","Action":"output","Package":"go.temporal.io/server/tools/gomad3/cmd/gomadtool","Test":"TestTerminalDiagnosticsPrimaryStatus/patch_materialize","Output":"--- PASS: TestTerminalDiagnosticsPrimaryStatus/patch_materialize (0.00s)\n","OutputType":"frame"}
{"Time":"2026-10-09T19:53:58.978384642Z","Action":"pass","Package":"go.temporal.io/server/tools/gomad3/cmd/gomadtool","Test":"TestTerminalDiagnosticsPrimaryStatus/patch_materialize","Elapsed":0}
{"Time":"2026-10-09T19:53:58.978412267Z","Action":"run","Package":"go.temporal.io/server/tools/gomad3/cmd/gomadtool","Test":"TestTerminalDiagnosticsPrimaryStatus/patch_regenerate"}
{"Time":"2026-10-09T19:53:58.97843585Z","Action":"output","Package":"go.temporal.io/server/tools/gomad3/cmd/gomadtool","Test":"TestTerminalDiagnosticsPrimaryStatus/patch_regenerate","Output":"=== RUN   TestTerminalDiagnosticsPrimaryStatus/patch_regenerate\n","OutputType":"frame"}
{"Time":"2026-10-09T19:53:58.978476809Z","Action":"run","Package":"go.temporal.io/server/tools/gomad3/cmd/gomadtool","Test":"TestTerminalDiagnosticsPrimaryStatus/patch_regenerate/healthy_stderr"}
{"Time":"2026-10-09T19:53:58.978502934Z","Action":"output","Package":"go.temporal.io/server/tools/gomad3/cmd/gomadtool","Test":"TestTerminalDiagnosticsPrimaryStatus/patch_regenerate/healthy_stderr","Output":"=== RUN   TestTerminalDiagnosticsPrimaryStatus/patch_regenerate/healthy_stderr\n","OutputType":"frame"}
{"Time":"2026-10-09T19:53:58.978646975Z","Action":"output","Package":"go.temporal.io/server/tools/gomad3/cmd/gomadtool","Test":"TestTerminalDiagnosticsPrimaryStatus/patch_regenerate/healthy_stderr","Output":"--- PASS: TestTerminalDiagnosticsPrimaryStatus/patch_regenerate/healthy_stderr (0.00s)\n","OutputType":"frame"}
{"Time":"2026-10-09T19:53:58.978673725Z","Action":"pass","Package":"go.temporal.io/server/tools/gomad3/cmd/gomadtool","Test":"TestTerminalDiagnosticsPrimaryStatus/patch_regenerate/healthy_stderr","Elapsed":0}
{"Time":"2026-10-09T19:53:58.978691434Z","Action":"run","Package":"go.temporal.io/server/tools/gomad3/cmd/gomadtool","Test":"TestTerminalDiagnosticsPrimaryStatus/patch_regenerate/EBADF_stderr"}
{"Time":"2026-10-09T19:53:58.978702642Z","Action":"output","Package":"go.temporal.io/server/tools/gomad3/cmd/gomadtool","Test":"TestTerminalDiagnosticsPrimaryStatus/patch_regenerate/EBADF_stderr","Output":"=== RUN   TestTerminalDiagnosticsPrimaryStatus/patch_regenerate/EBADF_stderr\n","OutputType":"frame"}
{"Time":"2026-10-09T19:53:58.9789116Z","Action":"output","Package":"go.temporal.io/server/tools/gomad3/cmd/gomadtool","Test":"TestTerminalDiagnosticsPrimaryStatus/patch_regenerate/EBADF_stderr","Output":"--- PASS: TestTerminalDiagnosticsPrimaryStatus/patch_regenerate/EBADF_stderr (0.00s)\n","OutputType":"frame"}
{"Time":"2026-10-09T19:53:58.9789361Z","Action":"pass","Package":"go.temporal.io/server/tools/gomad3/cmd/gomadtool","Test":"TestTerminalDiagnosticsPrimaryStatus/patch_regenerate/EBADF_stderr","Elapsed":0}
{"Time":"2026-10-09T19:53:58.97895835Z","Action":"output","Package":"go.temporal.io/server/tools/gomad3/cmd/gomadtool","Test":"TestTerminalDiagnosticsPrimaryStatus/patch_regenerate","Output":"--- PASS: TestTerminalDiagnosticsPrimaryStatus/patch_regenerate (0.00s)\n","OutputType":"frame"}
{"Time":"2026-10-09T19:53:58.978978559Z","Action":"pass","Package":"go.temporal.io/server/tools/gomad3/cmd/gomadtool","Test":"TestTerminalDiagnosticsPrimaryStatus/patch_regenerate","Elapsed":0}
{"Time":"2026-10-09T19:53:58.978996934Z","Action":"run","Package":"go.temporal.io/server/tools/gomad3/cmd/gomadtool","Test":"TestTerminalDiagnosticsPrimaryStatus/toolchain_ordinary_failure"}
{"Time":"2026-10-09T19:53:58.979016267Z","Action":"output","Package":"go.temporal.io/server/tools/gomad3/cmd/gomadtool","Test":"TestTerminalDiagnosticsPrimaryStatus/toolchain_ordinary_failure","Output":"=== RUN   TestTerminalDiagnosticsPrimaryStatus/toolchain_ordinary_failure\n","OutputType":"frame"}
{"Time":"2026-10-09T19:53:58.979036309Z","Action":"run","Package":"go.temporal.io/server/tools/gomad3/cmd/gomadtool","Test":"TestTerminalDiagnosticsPrimaryStatus/toolchain_ordinary_failure/healthy_stderr"}
{"Time":"2026-10-09T19:53:58.979057142Z","Action":"output","Package":"go.temporal.io/server/tools/gomad3/cmd/gomadtool","Test":"TestTerminalDiagnosticsPrimaryStatus/toolchain_ordinary_failure/healthy_stderr","Output":"=== RUN   TestTerminalDiagnosticsPrimaryStatus/toolchain_ordinary_failure/healthy_stderr\n","OutputType":"frame"}
{"Time":"2026-10-09T19:53:58.979190392Z","Action":"output","Package":"go.temporal.io/server/tools/gomad3/cmd/gomadtool","Test":"TestTerminalDiagnosticsPrimaryStatus/toolchain_ordinary_failure/healthy_stderr","Output":"--- PASS: TestTerminalDiagnosticsPrimaryStatus/toolchain_ordinary_failure/healthy_stderr (0.00s)\n","OutputType":"frame"}
{"Time":"2026-10-09T19:53:58.979208892Z","Action":"pass","Package":"go.temporal.io/server/tools/gomad3/cmd/gomadtool","Test":"TestTerminalDiagnosticsPrimaryStatus/toolchain_ordinary_failure/healthy_stderr","Elapsed":0}
{"Time":"2026-10-09T19:53:58.979242684Z","Action":"run","Package":"go.temporal.io/server/tools/gomad3/cmd/gomadtool","Test":"TestTerminalDiagnosticsPrimaryStatus/toolchain_ordinary_failure/EBADF_stderr"}
{"Time":"2026-10-09T19:53:58.979264934Z","Action":"output","Package":"go.temporal.io/server/tools/gomad3/cmd/gomadtool","Test":"TestTerminalDiagnosticsPrimaryStatus/toolchain_ordinary_failure/EBADF_stderr","Output":"=== RUN   TestTerminalDiagnosticsPrimaryStatus/toolchain_ordinary_failure/EBADF_stderr\n","OutputType":"frame"}
{"Time":"2026-10-09T19:53:58.97939985Z","Action":"output","Package":"go.temporal.io/server/tools/gomad3/cmd/gomadtool","Test":"TestTerminalDiagnosticsPrimaryStatus/toolchain_ordinary_failure/EBADF_stderr","Output":"--- PASS: TestTerminalDiagnosticsPrimaryStatus/toolchain_ordinary_failure/EBADF_stderr (0.00s)\n","OutputType":"frame"}
{"Time":"2026-10-09T19:53:58.979431184Z","Action":"pass","Package":"go.temporal.io/server/tools/gomad3/cmd/gomadtool","Test":"TestTerminalDiagnosticsPrimaryStatus/toolchain_ordinary_failure/EBADF_stderr","Elapsed":0}
{"Time":"2026-10-09T19:53:58.9794546Z","Action":"output","Package":"go.temporal.io/server/tools/gomad3/cmd/gomadtool","Test":"TestTerminalDiagnosticsPrimaryStatus/toolchain_ordinary_failure","Output":"--- PASS: TestTerminalDiagnosticsPrimaryStatus/toolchain_ordinary_failure (0.00s)\n","OutputType":"frame"}
{"Time":"2026-10-09T19:53:58.97947435Z","Action":"pass","Package":"go.temporal.io/server/tools/gomad3/cmd/gomadtool","Test":"TestTerminalDiagnosticsPrimaryStatus/toolchain_ordinary_failure","Elapsed":0}
{"Time":"2026-10-09T19:53:58.979493767Z","Action":"run","Package":"go.temporal.io/server/tools/gomad3/cmd/gomadtool","Test":"TestTerminalDiagnosticsPrimaryStatus/test_patch_failure"}
{"Time":"2026-10-09T19:53:58.979506725Z","Action":"output","Package":"go.temporal.io/server/tools/gomad3/cmd/gomadtool","Test":"TestTerminalDiagnosticsPrimaryStatus/test_patch_failure","Output":"=== RUN   TestTerminalDiagnosticsPrimaryStatus/test_patch_failure\n","OutputType":"frame"}
{"Time":"2026-10-09T19:53:58.979534517Z","Action":"run","Package":"go.temporal.io/server/tools/gomad3/cmd/gomadtool","Test":"TestTerminalDiagnosticsPrimaryStatus/test_patch_failure/healthy_stderr"}
{"Time":"2026-10-09T19:53:58.979559934Z","Action":"output","Package":"go.temporal.io/server/tools/gomad3/cmd/gomadtool","Test":"TestTerminalDiagnosticsPrimaryStatus/test_patch_failure/healthy_stderr","Output":"=== RUN   TestTerminalDiagnosticsPrimaryStatus/test_patch_failure/healthy_stderr\n","OutputType":"frame"}
{"Time":"2026-10-09T19:53:58.979733767Z","Action":"output","Package":"go.temporal.io/server/tools/gomad3/cmd/gomadtool","Test":"TestTerminalDiagnosticsPrimaryStatus/test_patch_failure/healthy_stderr","Output":"--- PASS: TestTerminalDiagnosticsPrimaryStatus/test_patch_failure/healthy_stderr (0.00s)\n","OutputType":"frame"}
{"Time":"2026-10-09T19:53:58.979754517Z","Action":"pass","Package":"go.temporal.io/server/tools/gomad3/cmd/gomadtool","Test":"TestTerminalDiagnosticsPrimaryStatus/test_patch_failure/healthy_stderr","Elapsed":0}
{"Time":"2026-10-09T19:53:58.9797756Z","Action":"run","Package":"go.temporal.io/server/tools/gomad3/cmd/gomadtool","Test":"TestTerminalDiagnosticsPrimaryStatus/test_patch_failure/EBADF_stderr"}
{"Time":"2026-10-09T19:53:58.979797767Z","Action":"output","Package":"go.temporal.io/server/tools/gomad3/cmd/gomadtool","Test":"TestTerminalDiagnosticsPrimaryStatus/test_patch_failure/EBADF_stderr","Output":"=== RUN   TestTerminalDiagnosticsPrimaryStatus/test_patch_failure/EBADF_stderr\n","OutputType":"frame"}
{"Time":"2026-10-09T19:53:58.980113267Z","Action":"output","Package":"go.temporal.io/server/tools/gomad3/cmd/gomadtool","Test":"TestTerminalDiagnosticsPrimaryStatus/test_patch_failure/EBADF_stderr","Output":"--- PASS: TestTerminalDiagnosticsPrimaryStatus/test_patch_failure/EBADF_stderr (0.00s)\n","OutputType":"frame"}
{"Time":"2026-10-09T19:53:58.9801821Z","Action":"pass","Package":"go.temporal.io/server/tools/gomad3/cmd/gomadtool","Test":"TestTerminalDiagnosticsPrimaryStatus/test_patch_failure/EBADF_stderr","Elapsed":0}
{"Time":"2026-10-09T19:53:58.9802026Z","Action":"output","Package":"go.temporal.io/server/tools/gomad3/cmd/gomadtool","Test":"TestTerminalDiagnosticsPrimaryStatus/test_patch_failure","Output":"--- PASS: TestTerminalDiagnosticsPrimaryStatus/test_patch_failure (0.00s)\n","OutputType":"frame"}
{"Time":"2026-10-09T19:53:58.980222934Z","Action":"pass","Package":"go.temporal.io/server/tools/gomad3/cmd/gomadtool","Test":"TestTerminalDiagnosticsPrimaryStatus/test_patch_failure","Elapsed":0}
{"Time":"2026-10-09T19:53:58.980241017Z","Action":"run","Package":"go.temporal.io/server/tools/gomad3/cmd/gomadtool","Test":"TestTerminalDiagnosticsPrimaryStatus/diagnostic_usage"}
{"Time":"2026-10-09T19:53:58.980259642Z","Action":"output","Package":"go.temporal.io/server/tools/gomad3/cmd/gomadtool","Test":"TestTerminalDiagnosticsPrimaryStatus/diagnostic_usage","Output":"=== RUN   TestTerminalDiagnosticsPrimaryStatus/diagnostic_usage\n","OutputType":"frame"}
{"Time":"2026-10-09T19:53:58.980275475Z","Action":"run","Package":"go.temporal.io/server/tools/gomad3/cmd/gomadtool","Test":"TestTerminalDiagnosticsPrimaryStatus/diagnostic_usage/healthy_stderr"}
{"Time":"2026-10-09T19:53:58.980291142Z","Action":"output","Package":"go.temporal.io/server/tools/gomad3/cmd/gomadtool","Test":"TestTerminalDiagnosticsPrimaryStatus/diagnostic_usage/healthy_stderr","Output":"=== RUN   TestTerminalDiagnosticsPrimaryStatus/diagnostic_usage/healthy_stderr\n","OutputType":"frame"}
{"Time":"2026-10-09T19:53:58.980399934Z","Action":"output","Package":"go.temporal.io/server/tools/gomad3/cmd/gomadtool","Test":"TestTerminalDiagnosticsPrimaryStatus/diagnostic_usage/healthy_stderr","Output":"--- PASS: TestTerminalDiagnosticsPrimaryStatus/diagnostic_usage/healthy_stderr (0.00s)\n","OutputType":"frame"}
{"Time":"2026-10-09T19:53:58.980428559Z","Action":"pass","Package":"go.temporal.io/server/tools/gomad3/cmd/gomadtool","Test":"TestTerminalDiagnosticsPrimaryStatus/diagnostic_usage/healthy_stderr","Elapsed":0}
{"Time":"2026-10-09T19:53:58.980453475Z","Action":"run","Package":"go.temporal.io/server/tools/gomad3/cmd/gomadtool","Test":"TestTerminalDiagnosticsPrimaryStatus/diagnostic_usage/EBADF_stderr"}
{"Time":"2026-10-09T19:53:58.980471517Z","Action":"output","Package":"go.temporal.io/server/tools/gomad3/cmd/gomadtool","Test":"TestTerminalDiagnosticsPrimaryStatus/diagnostic_usage/EBADF_stderr","Output":"=== RUN   TestTerminalDiagnosticsPrimaryStatus/diagnostic_usage/EBADF_stderr\n","OutputType":"frame"}
{"Time":"2026-10-09T19:53:58.980849559Z","Action":"output","Package":"go.temporal.io/server/tools/gomad3/cmd/gomadtool","Test":"TestTerminalDiagnosticsPrimaryStatus/diagnostic_usage/EBADF_stderr","Output":"--- PASS: TestTerminalDiagnosticsPrimaryStatus/diagnostic_usage/EBADF_stderr (0.00s)\n","OutputType":"frame"}
{"Time":"2026-10-09T19:53:58.980868475Z","Action":"pass","Package":"go.temporal.io/server/tools/gomad3/cmd/gomadtool","Test":"TestTerminalDiagnosticsPrimaryStatus/diagnostic_usage/EBADF_stderr","Elapsed":0}
{"Time":"2026-10-09T19:53:58.98089185Z","Action":"output","Package":"go.temporal.io/server/tools/gomad3/cmd/gomadtool","Test":"TestTerminalDiagnosticsPrimaryStatus/diagnostic_usage","Output":"--- PASS: TestTerminalDiagnosticsPrimaryStatus/diagnostic_usage (0.00s)\n","OutputType":"frame"}
{"Time":"2026-10-09T19:53:58.980913059Z","Action":"pass","Package":"go.temporal.io/server/tools/gomad3/cmd/gomadtool","Test":"TestTerminalDiagnosticsPrimaryStatus/diagnostic_usage","Elapsed":0}
{"Time":"2026-10-09T19:53:58.980935184Z","Action":"run","Package":"go.temporal.io/server/tools/gomad3/cmd/gomadtool","Test":"TestTerminalDiagnosticsPrimaryStatus/diagnostic_missing_expected"}
{"Time":"2026-10-09T19:53:58.98095535Z","Action":"output","Package":"go.temporal.io/server/tools/gomad3/cmd/gomadtool","Test":"TestTerminalDiagnosticsPrimaryStatus/diagnostic_missing_expected","Output":"=== RUN   TestTerminalDiagnosticsPrimaryStatus/diagnostic_missing_expected\n","OutputType":"frame"}
{"Time":"2026-10-09T19:53:58.980984184Z","Action":"run","Package":"go.temporal.io/server/tools/gomad3/cmd/gomadtool","Test":"TestTerminalDiagnosticsPrimaryStatus/diagnostic_missing_expected/healthy_stderr"}
{"Time":"2026-10-09T19:53:58.98100335Z","Action":"output","Package":"go.temporal.io/server/tools/gomad3/cmd/gomadtool","Test":"TestTerminalDiagnosticsPrimaryStatus/diagnostic_missing_expected/healthy_stderr","Output":"=== RUN   TestTerminalDiagnosticsPrimaryStatus/diagnostic_missing_expected/healthy_stderr\n","OutputType":"frame"}
{"Time":"2026-10-09T19:53:58.981341934Z","Action":"output","Package":"go.temporal.io/server/tools/gomad3/cmd/gomadtool","Test":"TestTerminalDiagnosticsPrimaryStatus/diagnostic_missing_expected/healthy_stderr","Output":"--- PASS: TestTerminalDiagnosticsPrimaryStatus/diagnostic_missing_expected/healthy_stderr (0.00s)\n","OutputType":"frame"}
{"Time":"2026-10-09T19:53:58.981361934Z","Action":"pass","Package":"go.temporal.io/server/tools/gomad3/cmd/gomadtool","Test":"TestTerminalDiagnosticsPrimaryStatus/diagnostic_missing_expected/healthy_stderr","Elapsed":0}
{"Time":"2026-10-09T19:53:58.981385892Z","Action":"run","Package":"go.temporal.io/server/tools/gomad3/cmd/gomadtool","Test":"TestTerminalDiagnosticsPrimaryStatus/diagnostic_missing_expected/EBADF_stderr"}
{"Time":"2026-10-09T19:53:58.981412684Z","Action":"output","Package":"go.temporal.io/server/tools/gomad3/cmd/gomadtool","Test":"TestTerminalDiagnosticsPrimaryStatus/diagnostic_missing_expected/EBADF_stderr","Output":"=== RUN   TestTerminalDiagnosticsPrimaryStatus/diagnostic_missing_expected/EBADF_stderr\n","OutputType":"frame"}
{"Time":"2026-10-09T19:53:58.981733767Z","Action":"output","Package":"go.temporal.io/server/tools/gomad3/cmd/gomadtool","Test":"TestTerminalDiagnosticsPrimaryStatus/diagnostic_missing_expected/EBADF_stderr","Output":"--- PASS: TestTerminalDiagnosticsPrimaryStatus/diagnostic_missing_expected/EBADF_stderr (0.00s)\n","OutputType":"frame"}
{"Time":"2026-10-09T19:53:58.981750225Z","Action":"pass","Package":"go.temporal.io/server/tools/gomad3/cmd/gomadtool","Test":"TestTerminalDiagnosticsPrimaryStatus/diagnostic_missing_expected/EBADF_stderr","Elapsed":0}
{"Time":"2026-10-09T19:53:58.981760684Z","Action":"output","Package":"go.temporal.io/server/tools/gomad3/cmd/gomadtool","Test":"TestTerminalDiagnosticsPrimaryStatus/diagnostic_missing_expected","Output":"--- PASS: TestTerminalDiagnosticsPrimaryStatus/diagnostic_missing_expected (0.00s)\n","OutputType":"frame"}
{"Time":"2026-10-09T19:53:58.981771434Z","Action":"pass","Package":"go.temporal.io/server/tools/gomad3/cmd/gomadtool","Test":"TestTerminalDiagnosticsPrimaryStatus/diagnostic_missing_expected","Elapsed":0}
{"Time":"2026-10-09T19:53:58.981793225Z","Action":"run","Package":"go.temporal.io/server/tools/gomad3/cmd/gomadtool","Test":"TestTerminalDiagnosticsPrimaryStatus/diagnostic_missing_actual"}
{"Time":"2026-10-09T19:53:58.98181335Z","Action":"output","Package":"go.temporal.io/server/tools/gomad3/cmd/gomadtool","Test":"TestTerminalDiagnosticsPrimaryStatus/diagnostic_missing_actual","Output":"=== RUN   TestTerminalDiagnosticsPrimaryStatus/diagnostic_missing_actual\n","OutputType":"frame"}
{"Time":"2026-10-09T19:53:58.98183485Z","Action":"run","Package":"go.temporal.io/server/tools/gomad3/cmd/gomadtool","Test":"TestTerminalDiagnosticsPrimaryStatus/diagnostic_missing_actual/healthy_stderr"}
{"Time":"2026-10-09T19:53:58.981851975Z","Action":"output","Package":"go.temporal.io/server/tools/gomad3/cmd/gomadtool","Test":"TestTerminalDiagnosticsPrimaryStatus/diagnostic_missing_actual/healthy_stderr","Output":"=== RUN   TestTerminalDiagnosticsPrimaryStatus/diagnostic_missing_actual/healthy_stderr\n","OutputType":"frame"}
{"Time":"2026-10-09T19:53:58.981978184Z","Action":"output","Package":"go.temporal.io/server/tools/gomad3/cmd/gomadtool","Test":"TestTerminalDiagnosticsPrimaryStatus/diagnostic_missing_actual/healthy_stderr","Output":"--- PASS: TestTerminalDiagnosticsPrimaryStatus/diagnostic_missing_actual/healthy_stderr (0.00s)\n","OutputType":"frame"}
{"Time":"2026-10-09T19:53:58.982007684Z","Action":"pass","Package":"go.temporal.io/server/tools/gomad3/cmd/gomadtool","Test":"TestTerminalDiagnosticsPrimaryStatus/diagnostic_missing_actual/healthy_stderr","Elapsed":0}
{"Time":"2026-10-09T19:53:58.982029267Z","Action":"run","Package":"go.temporal.io/server/tools/gomad3/cmd/gomadtool","Test":"TestTerminalDiagnosticsPrimaryStatus/diagnostic_missing_actual/EBADF_stderr"}
{"Time":"2026-10-09T19:53:58.982048017Z","Action":"output","Package":"go.temporal.io/server/tools/gomad3/cmd/gomadtool","Test":"TestTerminalDiagnosticsPrimaryStatus/diagnostic_missing_actual/EBADF_stderr","Output":"=== RUN   TestTerminalDiagnosticsPrimaryStatus/diagnostic_missing_actual/EBADF_stderr\n","OutputType":"frame"}
{"Time":"2026-10-09T19:53:58.982205059Z","Action":"output","Package":"go.temporal.io/server/tools/gomad3/cmd/gomadtool","Test":"TestTerminalDiagnosticsPrimaryStatus/diagnostic_missing_actual/EBADF_stderr","Output":"--- PASS: TestTerminalDiagnosticsPrimaryStatus/diagnostic_missing_actual/EBADF_stderr (0.00s)\n","OutputType":"frame"}
{"Time":"2026-10-09T19:53:58.982236892Z","Action":"pass","Package":"go.temporal.io/server/tools/gomad3/cmd/gomadtool","Test":"TestTerminalDiagnosticsPrimaryStatus/diagnostic_missing_actual/EBADF_stderr","Elapsed":0}
{"Time":"2026-10-09T19:53:58.98225635Z","Action":"output","Package":"go.temporal.io/server/tools/gomad3/cmd/gomadtool","Test":"TestTerminalDiagnosticsPrimaryStatus/diagnostic_missing_actual","Output":"--- PASS: TestTerminalDiagnosticsPrimaryStatus/diagnostic_missing_actual (0.00s)\n","OutputType":"frame"}
{"Time":"2026-10-09T19:53:58.982551642Z","Action":"pass","Package":"go.temporal.io/server/tools/gomad3/cmd/gomadtool","Test":"TestTerminalDiagnosticsPrimaryStatus/diagnostic_missing_actual","Elapsed":0}
{"Time":"2026-10-09T19:53:58.982606267Z","Action":"run","Package":"go.temporal.io/server/tools/gomad3/cmd/gomadtool","Test":"TestTerminalDiagnosticsPrimaryStatus/diagnostic_invalid_actual"}
{"Time":"2026-10-09T19:53:58.982628892Z","Action":"output","Package":"go.temporal.io/server/tools/gomad3/cmd/gomadtool","Test":"TestTerminalDiagnosticsPrimaryStatus/diagnostic_invalid_actual","Output":"=== RUN   TestTerminalDiagnosticsPrimaryStatus/diagnostic_invalid_actual\n","OutputType":"frame"}
{"Time":"2026-10-09T19:53:58.982654059Z","Action":"run","Package":"go.temporal.io/server/tools/gomad3/cmd/gomadtool","Test":"TestTerminalDiagnosticsPrimaryStatus/diagnostic_invalid_actual/healthy_stderr"}
{"Time":"2026-10-09T19:53:58.98266935Z","Action":"output","Package":"go.temporal.io/server/tools/gomad3/cmd/gomadtool","Test":"TestTerminalDiagnosticsPrimaryStatus/diagnostic_invalid_actual/healthy_stderr","Output":"=== RUN   TestTerminalDiagnosticsPrimaryStatus/diagnostic_invalid_actual/healthy_stderr\n","OutputType":"frame"}
{"Time":"2026-10-09T19:53:58.982983642Z","Action":"output","Package":"go.temporal.io/server/tools/gomad3/cmd/gomadtool","Test":"TestTerminalDiagnosticsPrimaryStatus/diagnostic_invalid_actual/healthy_stderr","Output":"--- PASS: TestTerminalDiagnosticsPrimaryStatus/diagnostic_invalid_actual/healthy_stderr (0.00s)\n","OutputType":"frame"}
{"Time":"2026-10-09T19:53:58.983009975Z","Action":"pass","Package":"go.temporal.io/server/tools/gomad3/cmd/gomadtool","Test":"TestTerminalDiagnosticsPrimaryStatus/diagnostic_invalid_actual/healthy_stderr","Elapsed":0}
{"Time":"2026-10-09T19:53:58.9830266Z","Action":"run","Package":"go.temporal.io/server/tools/gomad3/cmd/gomadtool","Test":"TestTerminalDiagnosticsPrimaryStatus/diagnostic_invalid_actual/EBADF_stderr"}
{"Time":"2026-10-09T19:53:58.983048517Z","Action":"output","Package":"go.temporal.io/server/tools/gomad3/cmd/gomadtool","Test":"TestTerminalDiagnosticsPrimaryStatus/diagnostic_invalid_actual/EBADF_stderr","Output":"=== RUN   TestTerminalDiagnosticsPrimaryStatus/diagnostic_invalid_actual/EBADF_stderr\n","OutputType":"frame"}
{"Time":"2026-10-09T19:53:58.983259809Z","Action":"output","Package":"go.temporal.io/server/tools/gomad3/cmd/gomadtool","Test":"TestTerminalDiagnosticsPrimaryStatus/diagnostic_invalid_actual/EBADF_stderr","Output":"--- PASS: TestTerminalDiagnosticsPrimaryStatus/diagnostic_invalid_actual/EBADF_stderr (0.00s)\n","OutputType":"frame"}
{"Time":"2026-10-09T19:53:58.983287725Z","Action":"pass","Package":"go.temporal.io/server/tools/gomad3/cmd/gomadtool","Test":"TestTerminalDiagnosticsPrimaryStatus/diagnostic_invalid_actual/EBADF_stderr","Elapsed":0}
{"Time":"2026-10-09T19:53:58.983304975Z","Action":"output","Package":"go.temporal.io/server/tools/gomad3/cmd/gomadtool","Test":"TestTerminalDiagnosticsPrimaryStatus/diagnostic_invalid_actual","Output":"--- PASS: TestTerminalDiagnosticsPrimaryStatus/diagnostic_invalid_actual (0.00s)\n","OutputType":"frame"}
{"Time":"2026-10-09T19:53:58.983326059Z","Action":"pass","Package":"go.temporal.io/server/tools/gomad3/cmd/gomadtool","Test":"TestTerminalDiagnosticsPrimaryStatus/diagnostic_invalid_actual","Elapsed":0}
{"Time":"2026-10-09T19:53:58.983346809Z","Action":"run","Package":"go.temporal.io/server/tools/gomad3/cmd/gomadtool","Test":"TestTerminalDiagnosticsPrimaryStatus/pack_discover_invalid_paths"}
{"Time":"2026-10-09T19:53:58.983368559Z","Action":"output","Package":"go.temporal.io/server/tools/gomad3/cmd/gomadtool","Test":"TestTerminalDiagnosticsPrimaryStatus/pack_discover_invalid_paths","Output":"=== RUN   TestTerminalDiagnosticsPrimaryStatus/pack_discover_invalid_paths\n","OutputType":"frame"}
{"Time":"2026-10-09T19:53:58.983397642Z","Action":"run","Package":"go.temporal.io/server/tools/gomad3/cmd/gomadtool","Test":"TestTerminalDiagnosticsPrimaryStatus/pack_discover_invalid_paths/healthy_stderr"}
{"Time":"2026-10-09T19:53:58.983422267Z","Action":"output","Package":"go.temporal.io/server/tools/gomad3/cmd/gomadtool","Test":"TestTerminalDiagnosticsPrimaryStatus/pack_discover_invalid_paths/healthy_stderr","Output":"=== RUN   TestTerminalDiagnosticsPrimaryStatus/pack_discover_invalid_paths/healthy_stderr\n","OutputType":"frame"}
{"Time":"2026-10-09T19:53:58.98349035Z","Action":"output","Package":"go.temporal.io/server/tools/gomad3/cmd/gomadtool","Test":"TestTerminalDiagnosticsPrimaryStatus/pack_discover_invalid_paths/healthy_stderr","Output":"--- PASS: TestTerminalDiagnosticsPrimaryStatus/pack_discover_invalid_paths/healthy_stderr (0.00s)\n","OutputType":"frame"}
{"Time":"2026-10-09T19:53:58.983510184Z","Action":"pass","Package":"go.temporal.io/server/tools/gomad3/cmd/gomadtool","Test":"TestTerminalDiagnosticsPrimaryStatus/pack_discover_invalid_paths/healthy_stderr","Elapsed":0}
{"Time":"2026-10-09T19:53:58.983531809Z","Action":"run","Package":"go.temporal.io/server/tools/gomad3/cmd/gomadtool","Test":"TestTerminalDiagnosticsPrimaryStatus/pack_discover_invalid_paths/EBADF_stderr"}
{"Time":"2026-10-09T19:53:58.9835526Z","Action":"output","Package":"go.temporal.io/server/tools/gomad3/cmd/gomadtool","Test":"TestTerminalDiagnosticsPrimaryStatus/pack_discover_invalid_paths/EBADF_stderr","Output":"=== RUN   TestTerminalDiagnosticsPrimaryStatus/pack_discover_invalid_paths/EBADF_stderr\n","OutputType":"frame"}
{"Time":"2026-10-09T19:53:58.983768642Z","Action":"output","Package":"go.temporal.io/server/tools/gomad3/cmd/gomadtool","Test":"TestTerminalDiagnosticsPrimaryStatus/pack_discover_invalid_paths/EBADF_stderr","Output":"--- PASS: TestTerminalDiagnosticsPrimaryStatus/pack_discover_invalid_paths/EBADF_stderr (0.00s)\n","OutputType":"frame"}
{"Time":"2026-10-09T19:53:58.983794684Z","Action":"pass","Package":"go.temporal.io/server/tools/gomad3/cmd/gomadtool","Test":"TestTerminalDiagnosticsPrimaryStatus/pack_discover_invalid_paths/EBADF_stderr","Elapsed":0}
{"Time":"2026-10-09T19:53:58.983810809Z","Action":"output","Package":"go.temporal.io/server/tools/gomad3/cmd/gomadtool","Test":"TestTerminalDiagnosticsPrimaryStatus/pack_discover_invalid_paths","Output":"--- PASS: TestTerminalDiagnosticsPrimaryStatus/pack_discover_invalid_paths (0.00s)\n","OutputType":"frame"}
{"Time":"2026-10-09T19:53:58.983825934Z","Action":"pass","Package":"go.temporal.io/server/tools/gomad3/cmd/gomadtool","Test":"TestTerminalDiagnosticsPrimaryStatus/pack_discover_invalid_paths","Elapsed":0}
{"Time":"2026-10-09T19:53:58.983844475Z","Action":"run","Package":"go.temporal.io/server/tools/gomad3/cmd/gomadtool","Test":"TestTerminalDiagnosticsPrimaryStatus/pack_discover_missing_request"}
{"Time":"2026-10-09T19:53:58.983863309Z","Action":"output","Package":"go.temporal.io/server/tools/gomad3/cmd/gomadtool","Test":"TestTerminalDiagnosticsPrimaryStatus/pack_discover_missing_request","Output":"=== RUN   TestTerminalDiagnosticsPrimaryStatus/pack_discover_missing_request\n","OutputType":"frame"}
{"Time":"2026-10-09T19:53:58.98388085Z","Action":"run","Package":"go.temporal.io/server/tools/gomad3/cmd/gomadtool","Test":"TestTerminalDiagnosticsPrimaryStatus/pack_discover_missing_request/healthy_stderr"}
{"Time":"2026-10-09T19:53:58.983896725Z","Action":"output","Package":"go.temporal.io/server/tools/gomad3/cmd/gomadtool","Test":"TestTerminalDiagnosticsPrimaryStatus/pack_discover_missing_request/healthy_stderr","Output":"=== RUN   TestTerminalDiagnosticsPrimaryStatus/pack_discover_missing_request/healthy_stderr\n","OutputType":"frame"}
{"Time":"2026-10-09T19:53:58.984013225Z","Action":"output","Package":"go.temporal.io/server/tools/gomad3/cmd/gomadtool","Test":"TestTerminalDiagnosticsPrimaryStatus/pack_discover_missing_request/healthy_stderr","Output":"--- PASS: TestTerminalDiagnosticsPrimaryStatus/pack_discover_missing_request/healthy_stderr (0.00s)\n","OutputType":"frame"}
{"Time":"2026-10-09T19:53:58.984036517Z","Action":"pass","Package":"go.temporal.io/server/tools/gomad3/cmd/gomadtool","Test":"TestTerminalDiagnosticsPrimaryStatus/pack_discover_missing_request/healthy_stderr","Elapsed":0}
{"Time":"2026-10-09T19:53:58.984053642Z","Action":"run","Package":"go.temporal.io/server/tools/gomad3/cmd/gomadtool","Test":"TestTerminalDiagnosticsPrimaryStatus/pack_discover_missing_request/EBADF_stderr"}
{"Time":"2026-10-09T19:53:58.984069725Z","Action":"output","Package":"go.temporal.io/server/tools/gomad3/cmd/gomadtool","Test":"TestTerminalDiagnosticsPrimaryStatus/pack_discover_missing_request/EBADF_stderr","Output":"=== RUN   TestTerminalDiagnosticsPrimaryStatus/pack_discover_missing_request/EBADF_stderr\n","OutputType":"frame"}
{"Time":"2026-10-09T19:53:58.984593809Z","Action":"output","Package":"go.temporal.io/server/tools/gomad3/cmd/gomadtool","Test":"TestTerminalDiagnosticsPrimaryStatus/pack_discover_missing_request/EBADF_stderr","Output":"--- PASS: TestTerminalDiagnosticsPrimaryStatus/pack_discover_missing_request/EBADF_stderr (0.00s)\n","OutputType":"frame"}
{"Time":"2026-10-09T19:53:58.984742392Z","Action":"pass","Package":"go.temporal.io/server/tools/gomad3/cmd/gomadtool","Test":"TestTerminalDiagnosticsPrimaryStatus/pack_discover_missing_request/EBADF_stderr","Elapsed":0}
{"Time":"2026-10-09T19:53:58.984770059Z","Action":"output","Package":"go.temporal.io/server/tools/gomad3/cmd/gomadtool","Test":"TestTerminalDiagnosticsPrimaryStatus/pack_discover_missing_request","Output":"--- PASS: TestTerminalDiagnosticsPrimaryStatus/pack_discover_missing_request (0.00s)\n","OutputType":"frame"}
{"Time":"2026-10-09T19:53:58.9847926Z","Action":"pass","Package":"go.temporal.io/server/tools/gomad3/cmd/gomadtool","Test":"TestTerminalDiagnosticsPrimaryStatus/pack_discover_missing_request","Elapsed":0}
{"Time":"2026-10-09T19:53:58.984806142Z","Action":"run","Package":"go.temporal.io/server/tools/gomad3/cmd/gomadtool","Test":"TestTerminalDiagnosticsPrimaryStatus/pack_review_invalid_output"}
{"Time":"2026-10-09T19:53:58.984819392Z","Action":"output","Package":"go.temporal.io/server/tools/gomad3/cmd/gomadtool","Test":"TestTerminalDiagnosticsPrimaryStatus/pack_review_invalid_output","Output":"=== RUN   TestTerminalDiagnosticsPrimaryStatus/pack_review_invalid_output\n","OutputType":"frame"}
{"Time":"2026-10-09T19:53:58.984828767Z","Action":"run","Package":"go.temporal.io/server/tools/gomad3/cmd/gomadtool","Test":"TestTerminalDiagnosticsPrimaryStatus/pack_review_invalid_output/healthy_stderr"}
{"Time":"2026-10-09T19:53:58.98483835Z","Action":"output","Package":"go.temporal.io/server/tools/gomad3/cmd/gomadtool","Test":"TestTerminalDiagnosticsPrimaryStatus/pack_review_invalid_output/healthy_stderr","Output":"=== RUN   TestTerminalDiagnosticsPrimaryStatus/pack_review_invalid_output/healthy_stderr\n","OutputType":"frame"}
{"Time":"2026-10-09T19:53:58.985028225Z","Action":"output","Package":"go.temporal.io/server/tools/gomad3/cmd/gomadtool","Test":"TestTerminalDiagnosticsPrimaryStatus/pack_review_invalid_output/healthy_stderr","Output":"--- PASS: TestTerminalDiagnosticsPrimaryStatus/pack_review_invalid_output/healthy_stderr (0.00s)\n","OutputType":"frame"}
{"Time":"2026-10-09T19:53:58.985046184Z","Action":"pass","Package":"go.temporal.io/server/tools/gomad3/cmd/gomadtool","Test":"TestTerminalDiagnosticsPrimaryStatus/pack_review_invalid_output/healthy_stderr","Elapsed":0}
{"Time":"2026-10-09T19:53:58.985061142Z","Action":"run","Package":"go.temporal.io/server/tools/gomad3/cmd/gomadtool","Test":"TestTerminalDiagnosticsPrimaryStatus/pack_review_invalid_output/EBADF_stderr"}
{"Time":"2026-10-09T19:53:58.985076809Z","Action":"output","Package":"go.temporal.io/server/tools/gomad3/cmd/gomadtool","Test":"TestTerminalDiagnosticsPrimaryStatus/pack_review_invalid_output/EBADF_stderr","Output":"=== RUN   TestTerminalDiagnosticsPrimaryStatus/pack_review_invalid_output/EBADF_stderr\n","OutputType":"frame"}
{"Time":"2026-10-09T19:53:58.985281725Z","Action":"output","Package":"go.temporal.io/server/tools/gomad3/cmd/gomadtool","Test":"TestTerminalDiagnosticsPrimaryStatus/pack_review_invalid_output/EBADF_stderr","Output":"--- PASS: TestTerminalDiagnosticsPrimaryStatus/pack_review_invalid_output/EBADF_stderr (0.00s)\n","OutputType":"frame"}
{"Time":"2026-10-09T19:53:58.985302475Z","Action":"pass","Package":"go.temporal.io/server/tools/gomad3/cmd/gomadtool","Test":"TestTerminalDiagnosticsPrimaryStatus/pack_review_invalid_output/EBADF_stderr","Elapsed":0}
{"Time":"2026-10-09T19:53:58.985317142Z","Action":"output","Package":"go.temporal.io/server/tools/gomad3/cmd/gomadtool","Test":"TestTerminalDiagnosticsPrimaryStatus/pack_review_invalid_output","Output":"--- PASS: TestTerminalDiagnosticsPrimaryStatus/pack_review_invalid_output (0.00s)\n","OutputType":"frame"}
{"Time":"2026-10-09T19:53:58.985330975Z","Action":"pass","Package":"go.temporal.io/server/tools/gomad3/cmd/gomadtool","Test":"TestTerminalDiagnosticsPrimaryStatus/pack_review_invalid_output","Elapsed":0}
{"Time":"2026-10-09T19:53:58.98535735Z","Action":"run","Package":"go.temporal.io/server/tools/gomad3/cmd/gomadtool","Test":"TestTerminalDiagnosticsPrimaryStatus/pack_review_invalid_request"}
{"Time":"2026-10-09T19:53:58.98538185Z","Action":"output","Package":"go.temporal.io/server/tools/gomad3/cmd/gomadtool","Test":"TestTerminalDiagnosticsPrimaryStatus/pack_review_invalid_request","Output":"=== RUN   TestTerminalDiagnosticsPrimaryStatus/pack_review_invalid_request\n","OutputType":"frame"}
{"Time":"2026-10-09T19:53:58.985399059Z","Action":"run","Package":"go.temporal.io/server/tools/gomad3/cmd/gomadtool","Test":"TestTerminalDiagnosticsPrimaryStatus/pack_review_invalid_request/healthy_stderr"}
{"Time":"2026-10-09T19:53:58.985415809Z","Action":"output","Package":"go.temporal.io/server/tools/gomad3/cmd/gomadtool","Test":"TestTerminalDiagnosticsPrimaryStatus/pack_review_invalid_request/healthy_stderr","Output":"=== RUN   TestTerminalDiagnosticsPrimaryStatus/pack_review_invalid_request/healthy_stderr\n","OutputType":"frame"}
{"Time":"2026-10-09T19:53:58.985526809Z","Action":"output","Package":"go.temporal.io/server/tools/gomad3/cmd/gomadtool","Test":"TestTerminalDiagnosticsPrimaryStatus/pack_review_invalid_request/healthy_stderr","Output":"--- PASS: TestTerminalDiagnosticsPrimaryStatus/pack_review_invalid_request/healthy_stderr (0.00s)\n","OutputType":"frame"}
{"Time":"2026-10-09T19:53:58.985541059Z","Action":"pass","Package":"go.temporal.io/server/tools/gomad3/cmd/gomadtool","Test":"TestTerminalDiagnosticsPrimaryStatus/pack_review_invalid_request/healthy_stderr","Elapsed":0}
{"Time":"2026-10-09T19:53:58.985556059Z","Action":"run","Package":"go.temporal.io/server/tools/gomad3/cmd/gomadtool","Test":"TestTerminalDiagnosticsPrimaryStatus/pack_review_invalid_request/EBADF_stderr"}
{"Time":"2026-10-09T19:53:58.985570184Z","Action":"output","Package":"go.temporal.io/server/tools/gomad3/cmd/gomadtool","Test":"TestTerminalDiagnosticsPrimaryStatus/pack_review_invalid_request/EBADF_stderr","Output":"=== RUN   TestTerminalDiagnosticsPrimaryStatus/pack_review_invalid_request/EBADF_stderr\n","OutputType":"frame"}
{"Time":"2026-10-09T19:53:58.985749767Z","Action":"output","Package":"go.temporal.io/server/tools/gomad3/cmd/gomadtool","Test":"TestTerminalDiagnosticsPrimaryStatus/pack_review_invalid_request/EBADF_stderr","Output":"--- PASS: TestTerminalDiagnosticsPrimaryStatus/pack_review_invalid_request/EBADF_stderr (0.00s)\n","OutputType":"frame"}
{"Time":"2026-10-09T19:53:58.985768267Z","Action":"pass","Package":"go.temporal.io/server/tools/gomad3/cmd/gomadtool","Test":"TestTerminalDiagnosticsPrimaryStatus/pack_review_invalid_request/EBADF_stderr","Elapsed":0}
{"Time":"2026-10-09T19:53:58.985782517Z","Action":"output","Package":"go.temporal.io/server/tools/gomad3/cmd/gomadtool","Test":"TestTerminalDiagnosticsPrimaryStatus/pack_review_invalid_request","Output":"--- PASS: TestTerminalDiagnosticsPrimaryStatus/pack_review_invalid_request (0.00s)\n","OutputType":"frame"}
{"Time":"2026-10-09T19:53:58.985795559Z","Action":"pass","Package":"go.temporal.io/server/tools/gomad3/cmd/gomadtool","Test":"TestTerminalDiagnosticsPrimaryStatus/pack_review_invalid_request","Elapsed":0}
{"Time":"2026-10-09T19:53:58.985819642Z","Action":"run","Package":"go.temporal.io/server/tools/gomad3/cmd/gomadtool","Test":"TestTerminalDiagnosticsPrimaryStatus/pack_generate_outside_request"}
{"Time":"2026-10-09T19:53:58.985845892Z","Action":"output","Package":"go.temporal.io/server/tools/gomad3/cmd/gomadtool","Test":"TestTerminalDiagnosticsPrimaryStatus/pack_generate_outside_request","Output":"=== RUN   TestTerminalDiagnosticsPrimaryStatus/pack_generate_outside_request\n","OutputType":"frame"}
{"Time":"2026-10-09T19:53:58.985865809Z","Action":"run","Package":"go.temporal.io/server/tools/gomad3/cmd/gomadtool","Test":"TestTerminalDiagnosticsPrimaryStatus/pack_generate_outside_request/healthy_stderr"}
{"Time":"2026-10-09T19:53:58.985881142Z","Action":"output","Package":"go.temporal.io/server/tools/gomad3/cmd/gomadtool","Test":"TestTerminalDiagnosticsPrimaryStatus/pack_generate_outside_request/healthy_stderr","Output":"=== RUN   TestTerminalDiagnosticsPrimaryStatus/pack_generate_outside_request/healthy_stderr\n","OutputType":"frame"}
{"Time":"2026-10-09T19:53:58.985961059Z","Action":"output","Package":"go.temporal.io/server/tools/gomad3/cmd/gomadtool","Test":"TestTerminalDiagnosticsPrimaryStatus/pack_generate_outside_request/healthy_stderr","Output":"--- PASS: TestTerminalDiagnosticsPrimaryStatus/pack_generate_outside_request/healthy_stderr (0.00s)\n","OutputType":"frame"}
{"Time":"2026-10-09T19:53:58.985972684Z","Action":"pass","Package":"go.temporal.io/server/tools/gomad3/cmd/gomadtool","Test":"TestTerminalDiagnosticsPrimaryStatus/pack_generate_outside_request/healthy_stderr","Elapsed":0}
{"Time":"2026-10-09T19:53:58.985994434Z","Action":"run","Package":"go.temporal.io/server/tools/gomad3/cmd/gomadtool","Test":"TestTerminalDiagnosticsPrimaryStatus/pack_generate_outside_request/EBADF_stderr"}
{"Time":"2026-10-09T19:53:58.986014267Z","Action":"output","Package":"go.temporal.io/server/tools/gomad3/cmd/gomadtool","Test":"TestTerminalDiagnosticsPrimaryStatus/pack_generate_outside_request/EBADF_stderr","Output":"=== RUN   TestTerminalDiagnosticsPrimaryStatus/pack_generate_outside_request/EBADF_stderr\n","OutputType":"frame"}
{"Time":"2026-10-09T19:53:58.986195642Z","Action":"output","Package":"go.temporal.io/server/tools/gomad3/cmd/gomadtool","Test":"TestTerminalDiagnosticsPrimaryStatus/pack_generate_outside_request/EBADF_stderr","Output":"--- PASS: TestTerminalDiagnosticsPrimaryStatus/pack_generate_outside_request/EBADF_stderr (0.00s)\n","OutputType":"frame"}
{"Time":"2026-10-09T19:53:58.986211475Z","Action":"pass","Package":"go.temporal.io/server/tools/gomad3/cmd/gomadtool","Test":"TestTerminalDiagnosticsPrimaryStatus/pack_generate_outside_request/EBADF_stderr","Elapsed":0}
{"Time":"2026-10-09T19:53:58.986221392Z","Action":"output","Package":"go.temporal.io/server/tools/gomad3/cmd/gomadtool","Test":"TestTerminalDiagnosticsPrimaryStatus/pack_generate_outside_request","Output":"--- PASS: TestTerminalDiagnosticsPrimaryStatus/pack_generate_outside_request (0.00s)\n","OutputType":"frame"}
{"Time":"2026-10-09T19:53:58.986238725Z","Action":"pass","Package":"go.temporal.io/server/tools/gomad3/cmd/gomadtool","Test":"TestTerminalDiagnosticsPrimaryStatus/pack_generate_outside_request","Elapsed":0}
{"Time":"2026-10-09T19:53:58.98625835Z","Action":"run","Package":"go.temporal.io/server/tools/gomad3/cmd/gomadtool","Test":"TestTerminalDiagnosticsPrimaryStatus/pack_qualify_outside_request"}
{"Time":"2026-10-09T19:53:58.98627735Z","Action":"output","Package":"go.temporal.io/server/tools/gomad3/cmd/gomadtool","Test":"TestTerminalDiagnosticsPrimaryStatus/pack_qualify_outside_request","Output":"=== RUN   TestTerminalDiagnosticsPrimaryStatus/pack_qualify_outside_request\n","OutputType":"frame"}
{"Time":"2026-10-09T19:53:58.986288142Z","Action":"run","Package":"go.temporal.io/server/tools/gomad3/cmd/gomadtool","Test":"TestTerminalDiagnosticsPrimaryStatus/pack_qualify_outside_request/healthy_stderr"}
{"Time":"2026-10-09T19:53:58.986313975Z","Action":"output","Package":"go.temporal.io/server/tools/gomad3/cmd/gomadtool","Test":"TestTerminalDiagnosticsPrimaryStatus/pack_qualify_outside_request/healthy_stderr","Output":"=== RUN   TestTerminalDiagnosticsPrimaryStatus/pack_qualify_outside_request/healthy_stderr\n","OutputType":"frame"}
{"Time":"2026-10-09T19:53:58.986402892Z","Action":"output","Package":"go.temporal.io/server/tools/gomad3/cmd/gomadtool","Test":"TestTerminalDiagnosticsPrimaryStatus/pack_qualify_outside_request/healthy_stderr","Output":"--- PASS: TestTerminalDiagnosticsPrimaryStatus/pack_qualify_outside_request/healthy_stderr (0.00s)\n","OutputType":"frame"}
{"Time":"2026-10-09T19:53:58.9864146Z","Action":"pass","Package":"go.temporal.io/server/tools/gomad3/cmd/gomadtool","Test":"TestTerminalDiagnosticsPrimaryStatus/pack_qualify_outside_request/healthy_stderr","Elapsed":0}
{"Time":"2026-10-09T19:53:58.986424225Z","Action":"run","Package":"go.temporal.io/server/tools/gomad3/cmd/gomadtool","Test":"TestTerminalDiagnosticsPrimaryStatus/pack_qualify_outside_request/EBADF_stderr"}
{"Time":"2026-10-09T19:53:58.986465392Z","Action":"output","Package":"go.temporal.io/server/tools/gomad3/cmd/gomadtool","Test":"TestTerminalDiagnosticsPrimaryStatus/pack_qualify_outside_request/EBADF_stderr","Output":"=== RUN   TestTerminalDiagnosticsPrimaryStatus/pack_qualify_outside_request/EBADF_stderr\n","OutputType":"frame"}
{"Time":"2026-10-09T19:53:58.986629725Z","Action":"output","Package":"go.temporal.io/server/tools/gomad3/cmd/gomadtool","Test":"TestTerminalDiagnosticsPrimaryStatus/pack_qualify_outside_request/EBADF_stderr","Output":"--- PASS: TestTerminalDiagnosticsPrimaryStatus/pack_qualify_outside_request/EBADF_stderr (0.00s)\n","OutputType":"frame"}
{"Time":"2026-10-09T19:53:58.986658517Z","Action":"pass","Package":"go.temporal.io/server/tools/gomad3/cmd/gomadtool","Test":"TestTerminalDiagnosticsPrimaryStatus/pack_qualify_outside_request/EBADF_stderr","Elapsed":0}
{"Time":"2026-10-09T19:53:58.986681434Z","Action":"output","Package":"go.temporal.io/server/tools/gomad3/cmd/gomadtool","Test":"TestTerminalDiagnosticsPrimaryStatus/pack_qualify_outside_request","Output":"--- PASS: TestTerminalDiagnosticsPrimaryStatus/pack_qualify_outside_request (0.00s)\n","OutputType":"frame"}
{"Time":"2026-10-09T19:53:58.986697934Z","Action":"pass","Package":"go.temporal.io/server/tools/gomad3/cmd/gomadtool","Test":"TestTerminalDiagnosticsPrimaryStatus/pack_qualify_outside_request","Elapsed":0}
{"Time":"2026-10-09T19:53:58.986710892Z","Action":"run","Package":"go.temporal.io/server/tools/gomad3/cmd/gomadtool","Test":"TestTerminalDiagnosticsPrimaryStatus/pack_invalid_override"}
{"Time":"2026-10-09T19:53:58.986721767Z","Action":"output","Package":"go.temporal.io/server/tools/gomad3/cmd/gomadtool","Test":"TestTerminalDiagnosticsPrimaryStatus/pack_invalid_override","Output":"=== RUN   TestTerminalDiagnosticsPrimaryStatus/pack_invalid_override\n","OutputType":"frame"}
{"Time":"2026-10-09T19:53:58.986731434Z","Action":"run","Package":"go.temporal.io/server/tools/gomad3/cmd/gomadtool","Test":"TestTerminalDiagnosticsPrimaryStatus/pack_invalid_override/healthy_stderr"}
{"Time":"2026-10-09T19:53:58.9867391Z","Action":"output","Package":"go.temporal.io/server/tools/gomad3/cmd/gomadtool","Test":"TestTerminalDiagnosticsPrimaryStatus/pack_invalid_override/healthy_stderr","Output":"=== RUN   TestTerminalDiagnosticsPrimaryStatus/pack_invalid_override/healthy_stderr\n","OutputType":"frame"}
{"Time":"2026-10-09T19:53:58.986837184Z","Action":"output","Package":"go.temporal.io/server/tools/gomad3/cmd/gomadtool","Test":"TestTerminalDiagnosticsPrimaryStatus/pack_invalid_override/healthy_stderr","Output":"--- PASS: TestTerminalDiagnosticsPrimaryStatus/pack_invalid_override/healthy_stderr (0.00s)\n","OutputType":"frame"}
{"Time":"2026-10-09T19:53:58.986851184Z","Action":"pass","Package":"go.temporal.io/server/tools/gomad3/cmd/gomadtool","Test":"TestTerminalDiagnosticsPrimaryStatus/pack_invalid_override/healthy_stderr","Elapsed":0}
{"Time":"2026-10-09T19:53:58.986870725Z","Action":"run","Package":"go.temporal.io/server/tools/gomad3/cmd/gomadtool","Test":"TestTerminalDiagnosticsPrimaryStatus/pack_invalid_override/EBADF_stderr"}
{"Time":"2026-10-09T19:53:58.986891517Z","Action":"output","Package":"go.temporal.io/server/tools/gomad3/cmd/gomadtool","Test":"TestTerminalDiagnosticsPrimaryStatus/pack_invalid_override/EBADF_stderr","Output":"=== RUN   TestTerminalDiagnosticsPrimaryStatus/pack_invalid_override/EBADF_stderr\n","OutputType":"frame"}
{"Time":"2026-10-09T19:53:58.987054725Z","Action":"output","Package":"go.temporal.io/server/tools/gomad3/cmd/gomadtool","Test":"TestTerminalDiagnosticsPrimaryStatus/pack_invalid_override/EBADF_stderr","Output":"--- PASS: TestTerminalDiagnosticsPrimaryStatus/pack_invalid_override/EBADF_stderr (0.00s)\n","OutputType":"frame"}
{"Time":"2026-10-09T19:53:58.987072809Z","Action":"pass","Package":"go.temporal.io/server/tools/gomad3/cmd/gomadtool","Test":"TestTerminalDiagnosticsPrimaryStatus/pack_invalid_override/EBADF_stderr","Elapsed":0}
{"Time":"2026-10-09T19:53:58.987086809Z","Action":"output","Package":"go.temporal.io/server/tools/gomad3/cmd/gomadtool","Test":"TestTerminalDiagnosticsPrimaryStatus/pack_invalid_override","Output":"--- PASS: TestTerminalDiagnosticsPrimaryStatus/pack_invalid_override (0.00s)\n","OutputType":"frame"}
{"Time":"2026-10-09T19:53:58.987100767Z","Action":"pass","Package":"go.temporal.io/server/tools/gomad3/cmd/gomadtool","Test":"TestTerminalDiagnosticsPrimaryStatus/pack_invalid_override","Elapsed":0}
{"Time":"2026-10-09T19:53:58.987171184Z","Action":"output","Package":"go.temporal.io/server/tools/gomad3/cmd/gomadtool","Test":"TestTerminalDiagnosticsPrimaryStatus","Output":"--- PASS: TestTerminalDiagnosticsPrimaryStatus (0.02s)\n","OutputType":"frame"}
{"Time":"2026-10-09T19:53:58.987188684Z","Action":"pass","Package":"go.temporal.io/server/tools/gomad3/cmd/gomadtool","Test":"TestTerminalDiagnosticsPrimaryStatus","Elapsed":0.02}
{"Time":"2026-10-09T19:53:58.987214809Z","Action":"run","Package":"go.temporal.io/server/tools/gomad3/cmd/gomadtool","Test":"TestTerminalDiagnosticsCheckedRunSequence"}
{"Time":"2026-10-09T19:53:58.987233559Z","Action":"output","Package":"go.temporal.io/server/tools/gomad3/cmd/gomadtool","Test":"TestTerminalDiagnosticsCheckedRunSequence","Output":"=== RUN   TestTerminalDiagnosticsCheckedRunSequence\n","OutputType":"frame"}
{"Time":"2026-10-09T19:53:58.987259392Z","Action":"run","Package":"go.temporal.io/server/tools/gomad3/cmd/gomadtool","Test":"TestTerminalDiagnosticsCheckedRunSequence/both_payloads"}
{"Time":"2026-10-09T19:53:58.987282309Z","Action":"output","Package":"go.temporal.io/server/tools/gomad3/cmd/gomadtool","Test":"TestTerminalDiagnosticsCheckedRunSequence/both_payloads","Output":"=== RUN   TestTerminalDiagnosticsCheckedRunSequence/both_payloads\n","OutputType":"frame"}
{"Time":"2026-10-09T19:53:58.991493642Z","Action":"output","Package":"go.temporal.io/server/tools/gomad3/cmd/gomadtool","Test":"TestTerminalDiagnosticsCheckedRunSequence/both_payloads","Output":"--- PASS: TestTerminalDiagnosticsCheckedRunSequence/both_payloads (0.00s)\n","OutputType":"frame"}
{"Time":"2026-10-09T19:53:58.9915196Z","Action":"pass","Package":"go.temporal.io/server/tools/gomad3/cmd/gomadtool","Test":"TestTerminalDiagnosticsCheckedRunSequence/both_payloads","Elapsed":0}
{"Time":"2026-10-09T19:53:58.991539434Z","Action":"run","Package":"go.temporal.io/server/tools/gomad3/cmd/gomadtool","Test":"TestTerminalDiagnosticsCheckedRunSequence/stdout_only"}
{"Time":"2026-10-09T19:53:58.991558684Z","Action":"output","Package":"go.temporal.io/server/tools/gomad3/cmd/gomadtool","Test":"TestTerminalDiagnosticsCheckedRunSequence/stdout_only","Output":"=== RUN   TestTerminalDiagnosticsCheckedRunSequence/stdout_only\n","OutputType":"frame"}
{"Time":"2026-10-09T19:53:58.9955146Z","Action":"output","Package":"go.temporal.io/server/tools/gomad3/cmd/gomadtool","Test":"TestTerminalDiagnosticsCheckedRunSequence/stdout_only","Output":"--- PASS: TestTerminalDiagnosticsCheckedRunSequence/stdout_only (0.00s)\n","OutputType":"frame"}
{"Time":"2026-10-09T19:53:58.995549309Z","Action":"pass","Package":"go.temporal.io/server/tools/gomad3/cmd/gomadtool","Test":"TestTerminalDiagnosticsCheckedRunSequence/stdout_only","Elapsed":0}
{"Time":"2026-10-09T19:53:58.995571767Z","Action":"run","Package":"go.temporal.io/server/tools/gomad3/cmd/gomadtool","Test":"TestTerminalDiagnosticsCheckedRunSequence/stderr_only"}
{"Time":"2026-10-09T19:53:58.995592892Z","Action":"output","Package":"go.temporal.io/server/tools/gomad3/cmd/gomadtool","Test":"TestTerminalDiagnosticsCheckedRunSequence/stderr_only","Output":"=== RUN   TestTerminalDiagnosticsCheckedRunSequence/stderr_only\n","OutputType":"frame"}
{"Time":"2026-10-09T19:53:58.99924235Z","Action":"output","Package":"go.temporal.io/server/tools/gomad3/cmd/gomadtool","Test":"TestTerminalDiagnosticsCheckedRunSequence/stderr_only","Output":"--- PASS: TestTerminalDiagnosticsCheckedRunSequence/stderr_only (0.00s)\n","OutputType":"frame"}
{"Time":"2026-10-09T19:53:58.999270809Z","Action":"pass","Package":"go.temporal.io/server/tools/gomad3/cmd/gomadtool","Test":"TestTerminalDiagnosticsCheckedRunSequence/stderr_only","Elapsed":0}
{"Time":"2026-10-09T19:53:58.999309934Z","Action":"run","Package":"go.temporal.io/server/tools/gomad3/cmd/gomadtool","Test":"TestTerminalDiagnosticsCheckedRunSequence/no_payload"}
{"Time":"2026-10-09T19:53:58.999332184Z","Action":"output","Package":"go.temporal.io/server/tools/gomad3/cmd/gomadtool","Test":"TestTerminalDiagnosticsCheckedRunSequence/no_payload","Output":"=== RUN   TestTerminalDiagnosticsCheckedRunSequence/no_payload\n","OutputType":"frame"}
{"Time":"2026-10-09T19:53:59.004803392Z","Action":"output","Package":"go.temporal.io/server/tools/gomad3/cmd/gomadtool","Test":"TestTerminalDiagnosticsCheckedRunSequence/no_payload","Output":"--- PASS: TestTerminalDiagnosticsCheckedRunSequence/no_payload (0.01s)\n","OutputType":"frame"}
{"Time":"2026-10-09T19:53:59.004915725Z","Action":"pass","Package":"go.temporal.io/server/tools/gomad3/cmd/gomadtool","Test":"TestTerminalDiagnosticsCheckedRunSequence/no_payload","Elapsed":0.01}
{"Time":"2026-10-09T19:53:59.005440559Z","Action":"run","Package":"go.temporal.io/server/tools/gomad3/cmd/gomadtool","Test":"TestTerminalDiagnosticsCheckedRunSequence/false_timeout"}
{"Time":"2026-10-09T19:53:59.007050017Z","Action":"output","Package":"go.temporal.io/server/tools/gomad3/cmd/gomadtool","Test":"TestTerminalDiagnosticsCheckedRunSequence/false_timeout","Output":"=== RUN   TestTerminalDiagnosticsCheckedRunSequence/false_timeout\n","OutputType":"frame"}
{"Time":"2026-10-09T19:53:59.0126236Z","Action":"output","Package":"go.temporal.io/server/tools/gomad3/cmd/gomadtool","Test":"TestTerminalDiagnosticsCheckedRunSequence/false_timeout","Output":"--- PASS: TestTerminalDiagnosticsCheckedRunSequence/false_timeout (0.01s)\n","OutputType":"frame"}
{"Time":"2026-10-09T19:53:59.0126941Z","Action":"pass","Package":"go.temporal.io/server/tools/gomad3/cmd/gomadtool","Test":"TestTerminalDiagnosticsCheckedRunSequence/false_timeout","Elapsed":0.01}
{"Time":"2026-10-09T19:53:59.012741684Z","Action":"output","Package":"go.temporal.io/server/tools/gomad3/cmd/gomadtool","Test":"TestTerminalDiagnosticsCheckedRunSequence","Output":"--- PASS: TestTerminalDiagnosticsCheckedRunSequence (0.03s)\n","OutputType":"frame"}
{"Time":"2026-10-09T19:53:59.012760892Z","Action":"pass","Package":"go.temporal.io/server/tools/gomad3/cmd/gomadtool","Test":"TestTerminalDiagnosticsCheckedRunSequence","Elapsed":0.03}
{"Time":"2026-10-09T19:53:59.012773642Z","Action":"run","Package":"go.temporal.io/server/tools/gomad3/cmd/gomadtool","Test":"TestTerminalDiagnosticsDiffSummary"}
{"Time":"2026-10-09T19:53:59.0128176Z","Action":"output","Package":"go.temporal.io/server/tools/gomad3/cmd/gomadtool","Test":"TestTerminalDiagnosticsDiffSummary","Output":"=== RUN   TestTerminalDiagnosticsDiffSummary\n","OutputType":"frame"}
{"Time":"2026-10-09T19:53:59.021206059Z","Action":"output","Package":"go.temporal.io/server/tools/gomad3/cmd/gomadtool","Test":"TestTerminalDiagnosticsDiffSummary","Output":"--- PASS: TestTerminalDiagnosticsDiffSummary (0.01s)\n","OutputType":"frame"}
{"Time":"2026-10-09T19:53:59.021261142Z","Action":"pass","Package":"go.temporal.io/server/tools/gomad3/cmd/gomadtool","Test":"TestTerminalDiagnosticsDiffSummary","Elapsed":0.01}
{"Time":"2026-10-09T19:53:59.021290934Z","Action":"run","Package":"go.temporal.io/server/tools/gomad3/cmd/gomadtool","Test":"TestTerminalDiagnosticsConformanceSequence"}
{"Time":"2026-10-09T19:53:59.021304767Z","Action":"output","Package":"go.temporal.io/server/tools/gomad3/cmd/gomadtool","Test":"TestTerminalDiagnosticsConformanceSequence","Output":"=== RUN   TestTerminalDiagnosticsConformanceSequence\n","OutputType":"frame"}
{"Time":"2026-10-09T19:53:59.138508767Z","Action":"output","Package":"go.temporal.io/server/tools/gomad3/cmd/gomadtool","Test":"TestTerminalDiagnosticsConformanceSequence","Output":"--- PASS: TestTerminalDiagnosticsConformanceSequence (0.12s)\n","OutputType":"frame"}
{"Time":"2026-10-09T19:53:59.138591225Z","Action":"pass","Package":"go.temporal.io/server/tools/gomad3/cmd/gomadtool","Test":"TestTerminalDiagnosticsConformanceSequence","Elapsed":0.12}
{"Time":"2026-10-09T19:53:59.138627809Z","Action":"output","Package":"go.temporal.io/server/tools/gomad3/cmd/gomadtool","Output":"PASS\n","OutputType":"frame"}
{"Time":"2026-10-09T19:53:59.139133059Z","Action":"output","Package":"go.temporal.io/server/tools/gomad3/cmd/gomadtool","Output":"ok  \tgo.temporal.io/server/tools/gomad3/cmd/gomadtool\t0.172s\n"}
{"Time":"2026-10-09T19:53:59.139171184Z","Action":"pass","Package":"go.temporal.io/server/tools/gomad3/cmd/gomadtool","Elapsed":0.174}
