{"Time":"2026-10-09T19:53:28.374892211Z","Action":"start","Package":"go.temporal.io/server/tools/gomad3/cmd/gomadtool"}
{"Time":"2026-10-09T19:53:28.378971877Z","Action":"run","Package":"go.temporal.io/server/tools/gomad3/cmd/gomadtool","Test":"TestTerminalDiagnosticsPrimaryStatus"}
{"Time":"2026-10-09T19:53:28.379058377Z","Action":"output","Package":"go.temporal.io/server/tools/gomad3/cmd/gomadtool","Test":"TestTerminalDiagnosticsPrimaryStatus","Output":"=== RUN   TestTerminalDiagnosticsPrimaryStatus\n","OutputType":"frame"}
{"Time":"2026-10-09T19:53:28.379459002Z","Action":"run","Package":"go.temporal.io/server/tools/gomad3/cmd/gomadtool","Test":"TestTerminalDiagnosticsPrimaryStatus/usage"}
{"Time":"2026-10-09T19:53:28.379484002Z","Action":"output","Package":"go.temporal.io/server/tools/gomad3/cmd/gomadtool","Test":"TestTerminalDiagnosticsPrimaryStatus/usage","Output":"=== RUN   TestTerminalDiagnosticsPrimaryStatus/usage\n","OutputType":"frame"}
{"Time":"2026-10-09T19:53:28.379506919Z","Action":"run","Package":"go.temporal.io/server/tools/gomad3/cmd/gomadtool","Test":"TestTerminalDiagnosticsPrimaryStatus/usage/healthy_stderr"}
{"Time":"2026-10-09T19:53:28.379521919Z","Action":"output","Package":"go.temporal.io/server/tools/gomad3/cmd/gomadtool","Test":"TestTerminalDiagnosticsPrimaryStatus/usage/healthy_stderr","Output":"=== RUN   TestTerminalDiagnosticsPrimaryStatus/usage/healthy_stderr\n","OutputType":"frame"}
{"Time":"2026-10-09T19:53:28.379858419Z","Action":"output","Package":"go.temporal.io/server/tools/gomad3/cmd/gomadtool","Test":"TestTerminalDiagnosticsPrimaryStatus/usage/healthy_stderr","Output":"--- PASS: TestTerminalDiagnosticsPrimaryStatus/usage/healthy_stderr (0.00s)\n","OutputType":"frame"}
{"Time":"2026-10-09T19:53:28.379878502Z","Action":"pass","Package":"go.temporal.io/server/tools/gomad3/cmd/gomadtool","Test":"TestTerminalDiagnosticsPrimaryStatus/usage/healthy_stderr","Elapsed":0}
{"Time":"2026-10-09T19:53:28.379894544Z","Action":"run","Package":"go.temporal.io/server/tools/gomad3/cmd/gomadtool","Test":"TestTerminalDiagnosticsPrimaryStatus/usage/EBADF_stderr"}
{"Time":"2026-10-09T19:53:28.379907669Z","Action":"output","Package":"go.temporal.io/server/tools/gomad3/cmd/gomadtool","Test":"TestTerminalDiagnosticsPrimaryStatus/usage/EBADF_stderr","Output":"=== RUN   TestTerminalDiagnosticsPrimaryStatus/usage/EBADF_stderr\n","OutputType":"frame"}
{"Time":"2026-10-09T19:53:28.380102086Z","Action":"output","Package":"go.temporal.io/server/tools/gomad3/cmd/gomadtool","Test":"TestTerminalDiagnosticsPrimaryStatus/usage/EBADF_stderr","Output":"--- PASS: TestTerminalDiagnosticsPrimaryStatus/usage/EBADF_stderr (0.00s)\n","OutputType":"frame"}
{"Time":"2026-10-09T19:53:28.380115294Z","Action":"pass","Package":"go.temporal.io/server/tools/gomad3/cmd/gomadtool","Test":"TestTerminalDiagnosticsPrimaryStatus/usage/EBADF_stderr","Elapsed":0}
{"Time":"2026-10-09T19:53:28.380125502Z","Action":"output","Package":"go.temporal.io/server/tools/gomad3/cmd/gomadtool","Test":"TestTerminalDiagnosticsPrimaryStatus/usage","Output":"--- PASS: TestTerminalDiagnosticsPrimaryStatus/usage (0.00s)\n","OutputType":"frame"}
{"Time":"2026-10-09T19:53:28.380136419Z","Action":"pass","Package":"go.temporal.io/server/tools/gomad3/cmd/gomadtool","Test":"TestTerminalDiagnosticsPrimaryStatus/usage","Elapsed":0}
{"Time":"2026-10-09T19:53:28.380146752Z","Action":"run","Package":"go.temporal.io/server/tools/gomad3/cmd/gomadtool","Test":"TestTerminalDiagnosticsPrimaryStatus/unknown_command"}
{"Time":"2026-10-09T19:53:28.380155419Z","Action":"output","Package":"go.temporal.io/server/tools/gomad3/cmd/gomadtool","Test":"TestTerminalDiagnosticsPrimaryStatus/unknown_command","Output":"=== RUN   TestTerminalDiagnosticsPrimaryStatus/unknown_command\n","OutputType":"frame"}
{"Time":"2026-10-09T19:53:28.380164711Z","Action":"run","Package":"go.temporal.io/server/tools/gomad3/cmd/gomadtool","Test":"TestTerminalDiagnosticsPrimaryStatus/unknown_command/healthy_stderr"}
{"Time":"2026-10-09T19:53:28.380173336Z","Action":"output","Package":"go.temporal.io/server/tools/gomad3/cmd/gomadtool","Test":"TestTerminalDiagnosticsPrimaryStatus/unknown_command/healthy_stderr","Output":"=== RUN   TestTerminalDiagnosticsPrimaryStatus/unknown_command/healthy_stderr\n","OutputType":"frame"}
{"Time":"2026-10-09T19:53:28.380342169Z","Action":"output","Package":"go.temporal.io/server/tools/gomad3/cmd/gomadtool","Test":"TestTerminalDiagnosticsPrimaryStatus/unknown_command/healthy_stderr","Output":"--- PASS: TestTerminalDiagnosticsPrimaryStatus/unknown_command/healthy_stderr (0.00s)\n","OutputType":"frame"}
{"Time":"2026-10-09T19:53:28.380354711Z","Action":"pass","Package":"go.temporal.io/server/tools/gomad3/cmd/gomadtool","Test":"TestTerminalDiagnosticsPrimaryStatus/unknown_command/healthy_stderr","Elapsed":0}
{"Time":"2026-10-09T19:53:28.380363169Z","Action":"run","Package":"go.temporal.io/server/tools/gomad3/cmd/gomadtool","Test":"TestTerminalDiagnosticsPrimaryStatus/unknown_command/EBADF_stderr"}
{"Time":"2026-10-09T19:53:28.380372586Z","Action":"output","Package":"go.temporal.io/server/tools/gomad3/cmd/gomadtool","Test":"TestTerminalDiagnosticsPrimaryStatus/unknown_command/EBADF_stderr","Output":"=== RUN   TestTerminalDiagnosticsPrimaryStatus/unknown_command/EBADF_stderr\n","OutputType":"frame"}
{"Time":"2026-10-09T19:53:28.380550169Z","Action":"output","Package":"go.temporal.io/server/tools/gomad3/cmd/gomadtool","Test":"TestTerminalDiagnosticsPrimaryStatus/unknown_command/EBADF_stderr","Output":"--- PASS: TestTerminalDiagnosticsPrimaryStatus/unknown_command/EBADF_stderr (0.00s)\n","OutputType":"frame"}
{"Time":"2026-10-09T19:53:28.380568086Z","Action":"pass","Package":"go.temporal.io/server/tools/gomad3/cmd/gomadtool","Test":"TestTerminalDiagnosticsPrimaryStatus/unknown_command/EBADF_stderr","Elapsed":0}
{"Time":"2026-10-09T19:53:28.380578919Z","Action":"output","Package":"go.temporal.io/server/tools/gomad3/cmd/gomadtool","Test":"TestTerminalDiagnosticsPrimaryStatus/unknown_command","Output":"--- PASS: TestTerminalDiagnosticsPrimaryStatus/unknown_command (0.00s)\n","OutputType":"frame"}
{"Time":"2026-10-09T19:53:28.380588627Z","Action":"pass","Package":"go.temporal.io/server/tools/gomad3/cmd/gomadtool","Test":"TestTerminalDiagnosticsPrimaryStatus/unknown_command","Elapsed":0}
{"Time":"2026-10-09T19:53:28.380597127Z","Action":"run","Package":"go.temporal.io/server/tools/gomad3/cmd/gomadtool","Test":"TestTerminalDiagnosticsPrimaryStatus/checked_usage"}
{"Time":"2026-10-09T19:53:28.380605127Z","Action":"output","Package":"go.temporal.io/server/tools/gomad3/cmd/gomadtool","Test":"TestTerminalDiagnosticsPrimaryStatus/checked_usage","Output":"=== RUN   TestTerminalDiagnosticsPrimaryStatus/checked_usage\n","OutputType":"frame"}
{"Time":"2026-10-09T19:53:28.380615044Z","Action":"run","Package":"go.temporal.io/server/tools/gomad3/cmd/gomadtool","Test":"TestTerminalDiagnosticsPrimaryStatus/checked_usage/healthy_stderr"}
{"Time":"2026-10-09T19:53:28.380624502Z","Action":"output","Package":"go.temporal.io/server/tools/gomad3/cmd/gomadtool","Test":"TestTerminalDiagnosticsPrimaryStatus/checked_usage/healthy_stderr","Output":"=== RUN   TestTerminalDiagnosticsPrimaryStatus/checked_usage/healthy_stderr\n","OutputType":"frame"}
{"Time":"2026-10-09T19:53:28.380792669Z","Action":"output","Package":"go.temporal.io/server/tools/gomad3/cmd/gomadtool","Test":"TestTerminalDiagnosticsPrimaryStatus/checked_usage/healthy_stderr","Output":"--- PASS: TestTerminalDiagnosticsPrimaryStatus/checked_usage/healthy_stderr (0.00s)\n","OutputType":"frame"}
{"Time":"2026-10-09T19:53:28.380813544Z","Action":"pass","Package":"go.temporal.io/server/tools/gomad3/cmd/gomadtool","Test":"TestTerminalDiagnosticsPrimaryStatus/checked_usage/healthy_stderr","Elapsed":0}
{"Time":"2026-10-09T19:53:28.380824794Z","Action":"run","Package":"go.temporal.io/server/tools/gomad3/cmd/gomadtool","Test":"TestTerminalDiagnosticsPrimaryStatus/checked_usage/EBADF_stderr"}
{"Time":"2026-10-09T19:53:28.380833294Z","Action":"output","Package":"go.temporal.io/server/tools/gomad3/cmd/gomadtool","Test":"TestTerminalDiagnosticsPrimaryStatus/checked_usage/EBADF_stderr","Output":"=== RUN   TestTerminalDiagnosticsPrimaryStatus/checked_usage/EBADF_stderr\n","OutputType":"frame"}
{"Time":"2026-10-09T19:53:28.381006627Z","Action":"output","Package":"go.temporal.io/server/tools/gomad3/cmd/gomadtool","Test":"TestTerminalDiagnosticsPrimaryStatus/checked_usage/EBADF_stderr","Output":"--- PASS: TestTerminalDiagnosticsPrimaryStatus/checked_usage/EBADF_stderr (0.00s)\n","OutputType":"frame"}
{"Time":"2026-10-09T19:53:28.381022377Z","Action":"pass","Package":"go.temporal.io/server/tools/gomad3/cmd/gomadtool","Test":"TestTerminalDiagnosticsPrimaryStatus/checked_usage/EBADF_stderr","Elapsed":0}
{"Time":"2026-10-09T19:53:28.381034252Z","Action":"output","Package":"go.temporal.io/server/tools/gomad3/cmd/gomadtool","Test":"TestTerminalDiagnosticsPrimaryStatus/checked_usage","Output":"--- PASS: TestTerminalDiagnosticsPrimaryStatus/checked_usage (0.00s)\n","OutputType":"frame"}
{"Time":"2026-10-09T19:53:28.381045669Z","Action":"pass","Package":"go.temporal.io/server/tools/gomad3/cmd/gomadtool","Test":"TestTerminalDiagnosticsPrimaryStatus/checked_usage","Elapsed":0}
{"Time":"2026-10-09T19:53:28.381055169Z","Action":"run","Package":"go.temporal.io/server/tools/gomad3/cmd/gomadtool","Test":"TestTerminalDiagnosticsPrimaryStatus/checked_invalid_timeout"}
{"Time":"2026-10-09T19:53:28.381063002Z","Action":"output","Package":"go.temporal.io/server/tools/gomad3/cmd/gomadtool","Test":"TestTerminalDiagnosticsPrimaryStatus/checked_invalid_timeout","Output":"=== RUN   TestTerminalDiagnosticsPrimaryStatus/checked_invalid_timeout\n","OutputType":"frame"}
{"Time":"2026-10-09T19:53:28.381072211Z","Action":"run","Package":"go.temporal.io/server/tools/gomad3/cmd/gomadtool","Test":"TestTerminalDiagnosticsPrimaryStatus/checked_invalid_timeout/healthy_stderr"}
{"Time":"2026-10-09T19:53:28.381081211Z","Action":"output","Package":"go.temporal.io/server/tools/gomad3/cmd/gomadtool","Test":"TestTerminalDiagnosticsPrimaryStatus/checked_invalid_timeout/healthy_stderr","Output":"=== RUN   TestTerminalDiagnosticsPrimaryStatus/checked_invalid_timeout/healthy_stderr\n","OutputType":"frame"}
{"Time":"2026-10-09T19:53:28.381262169Z","Action":"output","Package":"go.temporal.io/server/tools/gomad3/cmd/gomadtool","Test":"TestTerminalDiagnosticsPrimaryStatus/checked_invalid_timeout/healthy_stderr","Output":"--- PASS: TestTerminalDiagnosticsPrimaryStatus/checked_invalid_timeout/healthy_stderr (0.00s)\n","OutputType":"frame"}
{"Time":"2026-10-09T19:53:28.381275294Z","Action":"pass","Package":"go.temporal.io/server/tools/gomad3/cmd/gomadtool","Test":"TestTerminalDiagnosticsPrimaryStatus/checked_invalid_timeout/healthy_stderr","Elapsed":0}
{"Time":"2026-10-09T19:53:28.381288586Z","Action":"run","Package":"go.temporal.io/server/tools/gomad3/cmd/gomadtool","Test":"TestTerminalDiagnosticsPrimaryStatus/checked_invalid_timeout/EBADF_stderr"}
{"Time":"2026-10-09T19:53:28.381296586Z","Action":"output","Package":"go.temporal.io/server/tools/gomad3/cmd/gomadtool","Test":"TestTerminalDiagnosticsPrimaryStatus/checked_invalid_timeout/EBADF_stderr","Output":"=== RUN   TestTerminalDiagnosticsPrimaryStatus/checked_invalid_timeout/EBADF_stderr\n","OutputType":"frame"}
{"Time":"2026-10-09T19:53:28.381473669Z","Action":"output","Package":"go.temporal.io/server/tools/gomad3/cmd/gomadtool","Test":"TestTerminalDiagnosticsPrimaryStatus/checked_invalid_timeout/EBADF_stderr","Output":"--- PASS: TestTerminalDiagnosticsPrimaryStatus/checked_invalid_timeout/EBADF_stderr (0.00s)\n","OutputType":"frame"}
{"Time":"2026-10-09T19:53:28.381485252Z","Action":"pass","Package":"go.temporal.io/server/tools/gomad3/cmd/gomadtool","Test":"TestTerminalDiagnosticsPrimaryStatus/checked_invalid_timeout/EBADF_stderr","Elapsed":0}
{"Time":"2026-10-09T19:53:28.381494252Z","Action":"output","Package":"go.temporal.io/server/tools/gomad3/cmd/gomadtool","Test":"TestTerminalDiagnosticsPrimaryStatus/checked_invalid_timeout","Output":"--- PASS: TestTerminalDiagnosticsPrimaryStatus/checked_invalid_timeout (0.00s)\n","OutputType":"frame"}
{"Time":"2026-10-09T19:53:28.381502419Z","Action":"pass","Package":"go.temporal.io/server/tools/gomad3/cmd/gomadtool","Test":"TestTerminalDiagnosticsPrimaryStatus/checked_invalid_timeout","Elapsed":0}
{"Time":"2026-10-09T19:53:28.381515461Z","Action":"run","Package":"go.temporal.io/server/tools/gomad3/cmd/gomadtool","Test":"TestTerminalDiagnosticsPrimaryStatus/checked_invalid_root"}
{"Time":"2026-10-09T19:53:28.381523002Z","Action":"output","Package":"go.temporal.io/server/tools/gomad3/cmd/gomadtool","Test":"TestTerminalDiagnosticsPrimaryStatus/checked_invalid_root","Output":"=== RUN   TestTerminalDiagnosticsPrimaryStatus/checked_invalid_root\n","OutputType":"frame"}
{"Time":"2026-10-09T19:53:28.381530627Z","Action":"run","Package":"go.temporal.io/server/tools/gomad3/cmd/gomadtool","Test":"TestTerminalDiagnosticsPrimaryStatus/checked_invalid_root/healthy_stderr"}
{"Time":"2026-10-09T19:53:28.381538002Z","Action":"output","Package":"go.temporal.io/server/tools/gomad3/cmd/gomadtool","Test":"TestTerminalDiagnosticsPrimaryStatus/checked_invalid_root/healthy_stderr","Output":"=== RUN   TestTerminalDiagnosticsPrimaryStatus/checked_invalid_root/healthy_stderr\n","OutputType":"frame"}
{"Time":"2026-10-09T19:53:28.381663336Z","Action":"output","Package":"go.temporal.io/server/tools/gomad3/cmd/gomadtool","Test":"TestTerminalDiagnosticsPrimaryStatus/checked_invalid_root/healthy_stderr","Output":"--- PASS: TestTerminalDiagnosticsPrimaryStatus/checked_invalid_root/healthy_stderr (0.00s)\n","OutputType":"frame"}
{"Time":"2026-10-09T19:53:28.381677002Z","Action":"pass","Package":"go.temporal.io/server/tools/gomad3/cmd/gomadtool","Test":"TestTerminalDiagnosticsPrimaryStatus/checked_invalid_root/healthy_stderr","Elapsed":0}
{"Time":"2026-10-09T19:53:28.381686586Z","Action":"run","Package":"go.temporal.io/server/tools/gomad3/cmd/gomadtool","Test":"TestTerminalDiagnosticsPrimaryStatus/checked_invalid_root/EBADF_stderr"}
{"Time":"2026-10-09T19:53:28.381696211Z","Action":"output","Package":"go.temporal.io/server/tools/gomad3/cmd/gomadtool","Test":"TestTerminalDiagnosticsPrimaryStatus/checked_invalid_root/EBADF_stderr","Output":"=== RUN   TestTerminalDiagnosticsPrimaryStatus/checked_invalid_root/EBADF_stderr\n","OutputType":"frame"}
{"Time":"2026-10-09T19:53:28.381885627Z","Action":"output","Package":"go.temporal.io/server/tools/gomad3/cmd/gomadtool","Test":"TestTerminalDiagnosticsPrimaryStatus/checked_invalid_root/EBADF_stderr","Output":"--- PASS: TestTerminalDiagnosticsPrimaryStatus/checked_invalid_root/EBADF_stderr (0.00s)\n","OutputType":"frame"}
{"Time":"2026-10-09T19:53:28.381896919Z","Action":"pass","Package":"go.temporal.io/server/tools/gomad3/cmd/gomadtool","Test":"TestTerminalDiagnosticsPrimaryStatus/checked_invalid_root/EBADF_stderr","Elapsed":0}
{"Time":"2026-10-09T19:53:28.381937711Z","Action":"output","Package":"go.temporal.io/server/tools/gomad3/cmd/gomadtool","Test":"TestTerminalDiagnosticsPrimaryStatus/checked_invalid_root","Output":"--- PASS: TestTerminalDiagnosticsPrimaryStatus/checked_invalid_root (0.00s)\n","OutputType":"frame"}
{"Time":"2026-10-09T19:53:28.381955794Z","Action":"pass","Package":"go.temporal.io/server/tools/gomad3/cmd/gomadtool","Test":"TestTerminalDiagnosticsPrimaryStatus/checked_invalid_root","Elapsed":0}
{"Time":"2026-10-09T19:53:28.381964544Z","Action":"run","Package":"go.temporal.io/server/tools/gomad3/cmd/gomadtool","Test":"TestTerminalDiagnosticsPrimaryStatus/build_key_invalid_identity"}
{"Time":"2026-10-09T19:53:28.381972211Z","Action":"output","Package":"go.temporal.io/server/tools/gomad3/cmd/gomadtool","Test":"TestTerminalDiagnosticsPrimaryStatus/build_key_invalid_identity","Output":"=== RUN   TestTerminalDiagnosticsPrimaryStatus/build_key_invalid_identity\n","OutputType":"frame"}
{"Time":"2026-10-09T19:53:28.381981377Z","Action":"run","Package":"go.temporal.io/server/tools/gomad3/cmd/gomadtool","Test":"TestTerminalDiagnosticsPrimaryStatus/build_key_invalid_identity/healthy_stderr"}
{"Time":"2026-10-09T19:53:28.381990044Z","Action":"output","Package":"go.temporal.io/server/tools/gomad3/cmd/gomadtool","Test":"TestTerminalDiagnosticsPrimaryStatus/build_key_invalid_identity/healthy_stderr","Output":"=== RUN   TestTerminalDiagnosticsPrimaryStatus/build_key_invalid_identity/healthy_stderr\n","OutputType":"frame"}
{"Time":"2026-10-09T19:53:28.382235461Z","Action":"output","Package":"go.temporal.io/server/tools/gomad3/cmd/gomadtool","Test":"TestTerminalDiagnosticsPrimaryStatus/build_key_invalid_identity/healthy_stderr","Output":"--- PASS: TestTerminalDiagnosticsPrimaryStatus/build_key_invalid_identity/healthy_stderr (0.00s)\n","OutputType":"frame"}
{"Time":"2026-10-09T19:53:28.382254627Z","Action":"pass","Package":"go.temporal.io/server/tools/gomad3/cmd/gomadtool","Test":"TestTerminalDiagnosticsPrimaryStatus/build_key_invalid_identity/healthy_stderr","Elapsed":0}
{"Time":"2026-10-09T19:53:28.382262627Z","Action":"run","Package":"go.temporal.io/server/tools/gomad3/cmd/gomadtool","Test":"TestTerminalDiagnosticsPrimaryStatus/build_key_invalid_identity/EBADF_stderr"}
{"Time":"2026-10-09T19:53:28.382270086Z","Action":"output","Package":"go.temporal.io/server/tools/gomad3/cmd/gomadtool","Test":"TestTerminalDiagnosticsPrimaryStatus/build_key_invalid_identity/EBADF_stderr","Output":"=== RUN   TestTerminalDiagnosticsPrimaryStatus/build_key_invalid_identity/EBADF_stderr\n","OutputType":"frame"}
{"Time":"2026-10-09T19:53:28.382481794Z","Action":"output","Package":"go.temporal.io/server/tools/gomad3/cmd/gomadtool","Test":"TestTerminalDiagnosticsPrimaryStatus/build_key_invalid_identity/EBADF_stderr","Output":"--- PASS: TestTerminalDiagnosticsPrimaryStatus/build_key_invalid_identity/EBADF_stderr (0.00s)\n","OutputType":"frame"}
{"Time":"2026-10-09T19:53:28.382521252Z","Action":"pass","Package":"go.temporal.io/server/tools/gomad3/cmd/gomadtool","Test":"TestTerminalDiagnosticsPrimaryStatus/build_key_invalid_identity/EBADF_stderr","Elapsed":0}
{"Time":"2026-10-09T19:53:28.382540336Z","Action":"output","Package":"go.temporal.io/server/tools/gomad3/cmd/gomadtool","Test":"TestTerminalDiagnosticsPrimaryStatus/build_key_invalid_identity","Output":"--- PASS: TestTerminalDiagnosticsPrimaryStatus/build_key_invalid_identity (0.00s)\n","OutputType":"frame"}
{"Time":"2026-10-09T19:53:28.382550794Z","Action":"pass","Package":"go.temporal.io/server/tools/gomad3/cmd/gomadtool","Test":"TestTerminalDiagnosticsPrimaryStatus/build_key_invalid_identity","Elapsed":0}
{"Time":"2026-10-09T19:53:28.382572377Z","Action":"run","Package":"go.temporal.io/server/tools/gomad3/cmd/gomadtool","Test":"TestTerminalDiagnosticsPrimaryStatus/build_key_missing_patch"}
{"Time":"2026-10-09T19:53:28.382596377Z","Action":"output","Package":"go.temporal.io/server/tools/gomad3/cmd/gomadtool","Test":"TestTerminalDiagnosticsPrimaryStatus/build_key_missing_patch","Output":"=== RUN   TestTerminalDiagnosticsPrimaryStatus/build_key_missing_patch\n","OutputType":"frame"}
{"Time":"2026-10-09T19:53:28.382613961Z","Action":"run","Package":"go.temporal.io/server/tools/gomad3/cmd/gomadtool","Test":"TestTerminalDiagnosticsPrimaryStatus/build_key_missing_patch/healthy_stderr"}
{"Time":"2026-10-09T19:53:28.382639461Z","Action":"output","Package":"go.temporal.io/server/tools/gomad3/cmd/gomadtool","Test":"TestTerminalDiagnosticsPrimaryStatus/build_key_missing_patch/healthy_stderr","Output":"=== RUN   TestTerminalDiagnosticsPrimaryStatus/build_key_missing_patch/healthy_stderr\n","OutputType":"frame"}
{"Time":"2026-10-09T19:53:28.382715294Z","Action":"output","Package":"go.temporal.io/server/tools/gomad3/cmd/gomadtool","Test":"TestTerminalDiagnosticsPrimaryStatus/build_key_missing_patch/healthy_stderr","Output":"--- PASS: TestTerminalDiagnosticsPrimaryStatus/build_key_missing_patch/healthy_stderr (0.00s)\n","OutputType":"frame"}
{"Time":"2026-10-09T19:53:28.382736669Z","Action":"pass","Package":"go.temporal.io/server/tools/gomad3/cmd/gomadtool","Test":"TestTerminalDiagnosticsPrimaryStatus/build_key_missing_patch/healthy_stderr","Elapsed":0}
{"Time":"2026-10-09T19:53:28.382749669Z","Action":"run","Package":"go.temporal.io/server/tools/gomad3/cmd/gomadtool","Test":"TestTerminalDiagnosticsPrimaryStatus/build_key_missing_patch/EBADF_stderr"}
{"Time":"2026-10-09T19:53:28.382759669Z","Action":"output","Package":"go.temporal.io/server/tools/gomad3/cmd/gomadtool","Test":"TestTerminalDiagnosticsPrimaryStatus/build_key_missing_patch/EBADF_stderr","Output":"=== RUN   TestTerminalDiagnosticsPrimaryStatus/build_key_missing_patch/EBADF_stderr\n","OutputType":"frame"}
{"Time":"2026-10-09T19:53:28.382948794Z","Action":"output","Package":"go.temporal.io/server/tools/gomad3/cmd/gomadtool","Test":"TestTerminalDiagnosticsPrimaryStatus/build_key_missing_patch/EBADF_stderr","Output":"--- PASS: TestTerminalDiagnosticsPrimaryStatus/build_key_missing_patch/EBADF_stderr (0.00s)\n","OutputType":"frame"}
{"Time":"2026-10-09T19:53:28.382970794Z","Action":"pass","Package":"go.temporal.io/server/tools/gomad3/cmd/gomadtool","Test":"TestTerminalDiagnosticsPrimaryStatus/build_key_missing_patch/EBADF_stderr","Elapsed":0}
{"Time":"2026-10-09T19:53:28.382980627Z","Action":"output","Package":"go.temporal.io/server/tools/gomad3/cmd/gomadtool","Test":"TestTerminalDiagnosticsPrimaryStatus/build_key_missing_patch","Output":"--- PASS: TestTerminalDiagnosticsPrimaryStatus/build_key_missing_patch (0.00s)\n","OutputType":"frame"}
{"Time":"2026-10-09T19:53:28.383002336Z","Action":"pass","Package":"go.temporal.io/server/tools/gomad3/cmd/gomadtool","Test":"TestTerminalDiagnosticsPrimaryStatus/build_key_missing_patch","Elapsed":0}
{"Time":"2026-10-09T19:53:28.383019961Z","Action":"run","Package":"go.temporal.io/server/tools/gomad3/cmd/gomadtool","Test":"TestTerminalDiagnosticsPrimaryStatus/build_key_missing_overlay"}
{"Time":"2026-10-09T19:53:28.383034711Z","Action":"output","Package":"go.temporal.io/server/tools/gomad3/cmd/gomadtool","Test":"TestTerminalDiagnosticsPrimaryStatus/build_key_missing_overlay","Output":"=== RUN   TestTerminalDiagnosticsPrimaryStatus/build_key_missing_overlay\n","OutputType":"frame"}
{"Time":"2026-10-09T19:53:28.383049044Z","Action":"run","Package":"go.temporal.io/server/tools/gomad3/cmd/gomadtool","Test":"TestTerminalDiagnosticsPrimaryStatus/build_key_missing_overlay/healthy_stderr"}
{"Time":"2026-10-09T19:53:28.383063419Z","Action":"output","Package":"go.temporal.io/server/tools/gomad3/cmd/gomadtool","Test":"TestTerminalDiagnosticsPrimaryStatus/build_key_missing_overlay/healthy_stderr","Output":"=== RUN   TestTerminalDiagnosticsPrimaryStatus/build_key_missing_overlay/healthy_stderr\n","OutputType":"frame"}
{"Time":"2026-10-09T19:53:28.383175336Z","Action":"output","Package":"go.temporal.io/server/tools/gomad3/cmd/gomadtool","Test":"TestTerminalDiagnosticsPrimaryStatus/build_key_missing_overlay/healthy_stderr","Output":"--- PASS: TestTerminalDiagnosticsPrimaryStatus/build_key_missing_overlay/healthy_stderr (0.00s)\n","OutputType":"frame"}
{"Time":"2026-10-09T19:53:28.383192461Z","Action":"pass","Package":"go.temporal.io/server/tools/gomad3/cmd/gomadtool","Test":"TestTerminalDiagnosticsPrimaryStatus/build_key_missing_overlay/healthy_stderr","Elapsed":0}
{"Time":"2026-10-09T19:53:28.383205461Z","Action":"run","Package":"go.temporal.io/server/tools/gomad3/cmd/gomadtool","Test":"TestTerminalDiagnosticsPrimaryStatus/build_key_missing_overlay/EBADF_stderr"}
{"Time":"2026-10-09T19:53:28.383218002Z","Action":"output","Package":"go.temporal.io/server/tools/gomad3/cmd/gomadtool","Test":"TestTerminalDiagnosticsPrimaryStatus/build_key_missing_overlay/EBADF_stderr","Output":"=== RUN   TestTerminalDiagnosticsPrimaryStatus/build_key_missing_overlay/EBADF_stderr\n","OutputType":"frame"}
{"Time":"2026-10-09T19:53:28.383393127Z","Action":"output","Package":"go.temporal.io/server/tools/gomad3/cmd/gomadtool","Test":"TestTerminalDiagnosticsPrimaryStatus/build_key_missing_overlay/EBADF_stderr","Output":"--- PASS: TestTerminalDiagnosticsPrimaryStatus/build_key_missing_overlay/EBADF_stderr (0.00s)\n","OutputType":"frame"}
{"Time":"2026-10-09T19:53:28.383412002Z","Action":"pass","Package":"go.temporal.io/server/tools/gomad3/cmd/gomadtool","Test":"TestTerminalDiagnosticsPrimaryStatus/build_key_missing_overlay/EBADF_stderr","Elapsed":0}
{"Time":"2026-10-09T19:53:28.383426711Z","Action":"output","Package":"go.temporal.io/server/tools/gomad3/cmd/gomadtool","Test":"TestTerminalDiagnosticsPrimaryStatus/build_key_missing_overlay","Output":"--- PASS: TestTerminalDiagnosticsPrimaryStatus/build_key_missing_overlay (0.00s)\n","OutputType":"frame"}
{"Time":"2026-10-09T19:53:28.383448711Z","Action":"pass","Package":"go.temporal.io/server/tools/gomad3/cmd/gomadtool","Test":"TestTerminalDiagnosticsPrimaryStatus/build_key_missing_overlay","Elapsed":0}
{"Time":"2026-10-09T19:53:28.383462752Z","Action":"run","Package":"go.temporal.io/server/tools/gomad3/cmd/gomadtool","Test":"TestTerminalDiagnosticsPrimaryStatus/patch_validation"}
{"Time":"2026-10-09T19:53:28.383491044Z","Action":"output","Package":"go.temporal.io/server/tools/gomad3/cmd/gomadtool","Test":"TestTerminalDiagnosticsPrimaryStatus/patch_validation","Output":"=== RUN   TestTerminalDiagnosticsPrimaryStatus/patch_validation\n","OutputType":"frame"}
{"Time":"2026-10-09T19:53:28.383508919Z","Action":"run","Package":"go.temporal.io/server/tools/gomad3/cmd/gomadtool","Test":"TestTerminalDiagnosticsPrimaryStatus/patch_validation/healthy_stderr"}
{"Time":"2026-10-09T19:53:28.383524586Z","Action":"output","Package":"go.temporal.io/server/tools/gomad3/cmd/gomadtool","Test":"TestTerminalDiagnosticsPrimaryStatus/patch_validation/healthy_stderr","Output":"=== RUN   TestTerminalDiagnosticsPrimaryStatus/patch_validation/healthy_stderr\n","OutputType":"frame"}
{"Time":"2026-10-09T19:53:28.383692044Z","Action":"output","Package":"go.temporal.io/server/tools/gomad3/cmd/gomadtool","Test":"TestTerminalDiagnosticsPrimaryStatus/patch_validation/healthy_stderr","Output":"--- PASS: TestTerminalDiagnosticsPrimaryStatus/patch_validation/healthy_stderr (0.00s)\n","OutputType":"frame"}
{"Time":"2026-10-09T19:53:28.383733377Z","Action":"pass","Package":"go.temporal.io/server/tools/gomad3/cmd/gomadtool","Test":"TestTerminalDiagnosticsPrimaryStatus/patch_validation/healthy_stderr","Elapsed":0}
{"Time":"2026-10-09T19:53:28.383770794Z","Action":"run","Package":"go.temporal.io/server/tools/gomad3/cmd/gomadtool","Test":"TestTerminalDiagnosticsPrimaryStatus/patch_validation/EBADF_stderr"}
{"Time":"2026-10-09T19:53:28.383789377Z","Action":"output","Package":"go.temporal.io/server/tools/gomad3/cmd/gomadtool","Test":"TestTerminalDiagnosticsPrimaryStatus/patch_validation/EBADF_stderr","Output":"=== RUN   TestTerminalDiagnosticsPrimaryStatus/patch_validation/EBADF_stderr\n","OutputType":"frame"}
{"Time":"2026-10-09T19:53:28.383901877Z","Action":"output","Package":"go.temporal.io/server/tools/gomad3/cmd/gomadtool","Test":"TestTerminalDiagnosticsPrimaryStatus/patch_validation/EBADF_stderr","Output":"--- PASS: TestTerminalDiagnosticsPrimaryStatus/patch_validation/EBADF_stderr (0.00s)\n","OutputType":"frame"}
{"Time":"2026-10-09T19:53:28.383931752Z","Action":"pass","Package":"go.temporal.io/server/tools/gomad3/cmd/gomadtool","Test":"TestTerminalDiagnosticsPrimaryStatus/patch_validation/EBADF_stderr","Elapsed":0}
{"Time":"2026-10-09T19:53:28.383948669Z","Action":"output","Package":"go.temporal.io/server/tools/gomad3/cmd/gomadtool","Test":"TestTerminalDiagnosticsPrimaryStatus/patch_validation","Output":"--- PASS: TestTerminalDiagnosticsPrimaryStatus/patch_validation (0.00s)\n","OutputType":"frame"}
{"Time":"2026-10-09T19:53:28.383962336Z","Action":"pass","Package":"go.temporal.io/server/tools/gomad3/cmd/gomadtool","Test":"TestTerminalDiagnosticsPrimaryStatus/patch_validation","Elapsed":0}
{"Time":"2026-10-09T19:53:28.383980461Z","Action":"run","Package":"go.temporal.io/server/tools/gomad3/cmd/gomadtool","Test":"TestTerminalDiagnosticsPrimaryStatus/patch_materialize"}
{"Time":"2026-10-09T19:53:28.383993961Z","Action":"output","Package":"go.temporal.io/server/tools/gomad3/cmd/gomadtool","Test":"TestTerminalDiagnosticsPrimaryStatus/patch_materialize","Output":"=== RUN   TestTerminalDiagnosticsPrimaryStatus/patch_materialize\n","OutputType":"frame"}
{"Time":"2026-10-09T19:53:28.384005419Z","Action":"run","Package":"go.temporal.io/server/tools/gomad3/cmd/gomadtool","Test":"TestTerminalDiagnosticsPrimaryStatus/patch_materialize/healthy_stderr"}
{"Time":"2026-10-09T19:53:28.384014336Z","Action":"output","Package":"go.temporal.io/server/tools/gomad3/cmd/gomadtool","Test":"TestTerminalDiagnosticsPrimaryStatus/patch_materialize/healthy_stderr","Output":"=== RUN   TestTerminalDiagnosticsPrimaryStatus/patch_materialize/healthy_stderr\n","OutputType":"frame"}
{"Time":"2026-10-09T19:53:28.384108377Z","Action":"output","Package":"go.temporal.io/server/tools/gomad3/cmd/gomadtool","Test":"TestTerminalDiagnosticsPrimaryStatus/patch_materialize/healthy_stderr","Output":"--- PASS: TestTerminalDiagnosticsPrimaryStatus/patch_materialize/healthy_stderr (0.00s)\n","OutputType":"frame"}
{"Time":"2026-10-09T19:53:28.384130377Z","Action":"pass","Package":"go.temporal.io/server/tools/gomad3/cmd/gomadtool","Test":"TestTerminalDiagnosticsPrimaryStatus/patch_materialize/healthy_stderr","Elapsed":0}
{"Time":"2026-10-09T19:53:28.384148419Z","Action":"run","Package":"go.temporal.io/server/tools/gomad3/cmd/gomadtool","Test":"TestTerminalDiagnosticsPrimaryStatus/patch_materialize/EBADF_stderr"}
{"Time":"2026-10-09T19:53:28.384158669Z","Action":"output","Package":"go.temporal.io/server/tools/gomad3/cmd/gomadtool","Test":"TestTerminalDiagnosticsPrimaryStatus/patch_materialize/EBADF_stderr","Output":"=== RUN   TestTerminalDiagnosticsPrimaryStatus/patch_materialize/EBADF_stderr\n","OutputType":"frame"}
{"Time":"2026-10-09T19:53:28.384314252Z","Action":"output","Package":"go.temporal.io/server/tools/gomad3/cmd/gomadtool","Test":"TestTerminalDiagnosticsPrimaryStatus/patch_materialize/EBADF_stderr","Output":"--- PASS: TestTerminalDiagnosticsPrimaryStatus/patch_materialize/EBADF_stderr (0.00s)\n","OutputType":"frame"}
{"Time":"2026-10-09T19:53:28.384331044Z","Action":"pass","Package":"go.temporal.io/server/tools/gomad3/cmd/gomadtool","Test":"TestTerminalDiagnosticsPrimaryStatus/patch_materialize/EBADF_stderr","Elapsed":0}
{"Time":"2026-10-09T19:53:28.384346961Z","Action":"output","Package":"go.temporal.io/server/tools/gomad3/cmd/gomadtool","Test":"TestTerminalDiagnosticsPrimaryStatus/patch_materialize","Output":"--- PASS: TestTerminalDiagnosticsPrimaryStatus/patch_materialize (0.00s)\n","OutputType":"frame"}
{"Time":"2026-10-09T19:53:28.384360919Z","Action":"pass","Package":"go.temporal.io/server/tools/gomad3/cmd/gomadtool","Test":"TestTerminalDiagnosticsPrimaryStatus/patch_materialize","Elapsed":0}
{"Time":"2026-10-09T19:53:28.384374919Z","Action":"run","Package":"go.temporal.io/server/tools/gomad3/cmd/gomadtool","Test":"TestTerminalDiagnosticsPrimaryStatus/patch_regenerate"}
{"Time":"2026-10-09T19:53:28.384387377Z","Action":"output","Package":"go.temporal.io/server/tools/gomad3/cmd/gomadtool","Test":"TestTerminalDiagnosticsPrimaryStatus/patch_regenerate","Output":"=== RUN   TestTerminalDiagnosticsPrimaryStatus/patch_regenerate\n","OutputType":"frame"}
{"Time":"2026-10-09T19:53:28.384408211Z","Action":"run","Package":"go.temporal.io/server/tools/gomad3/cmd/gomadtool","Test":"TestTerminalDiagnosticsPrimaryStatus/patch_regenerate/healthy_stderr"}
{"Time":"2026-10-09T19:53:28.384420877Z","Action":"output","Package":"go.temporal.io/server/tools/gomad3/cmd/gomadtool","Test":"TestTerminalDiagnosticsPrimaryStatus/patch_regenerate/healthy_stderr","Output":"=== RUN   TestTerminalDiagnosticsPrimaryStatus/patch_regenerate/healthy_stderr\n","OutputType":"frame"}
{"Time":"2026-10-09T19:53:28.384548336Z","Action":"output","Package":"go.temporal.io/server/tools/gomad3/cmd/gomadtool","Test":"TestTerminalDiagnosticsPrimaryStatus/patch_regenerate/healthy_stderr","Output":"--- PASS: TestTerminalDiagnosticsPrimaryStatus/patch_regenerate/healthy_stderr (0.00s)\n","OutputType":"frame"}
{"Time":"2026-10-09T19:53:28.384568419Z","Action":"pass","Package":"go.temporal.io/server/tools/gomad3/cmd/gomadtool","Test":"TestTerminalDiagnosticsPrimaryStatus/patch_regenerate/healthy_stderr","Elapsed":0}
{"Time":"2026-10-09T19:53:28.384582794Z","Action":"run","Package":"go.temporal.io/server/tools/gomad3/cmd/gomadtool","Test":"TestTerminalDiagnosticsPrimaryStatus/patch_regenerate/EBADF_stderr"}
{"Time":"2026-10-09T19:53:28.384599586Z","Action":"output","Package":"go.temporal.io/server/tools/gomad3/cmd/gomadtool","Test":"TestTerminalDiagnosticsPrimaryStatus/patch_regenerate/EBADF_stderr","Output":"=== RUN   TestTerminalDiagnosticsPrimaryStatus/patch_regenerate/EBADF_stderr\n","OutputType":"frame"}
{"Time":"2026-10-09T19:53:28.384806919Z","Action":"output","Package":"go.temporal.io/server/tools/gomad3/cmd/gomadtool","Test":"TestTerminalDiagnosticsPrimaryStatus/patch_regenerate/EBADF_stderr","Output":"--- PASS: TestTerminalDiagnosticsPrimaryStatus/patch_regenerate/EBADF_stderr (0.00s)\n","OutputType":"frame"}
{"Time":"2026-10-09T19:53:28.384821002Z","Action":"pass","Package":"go.temporal.io/server/tools/gomad3/cmd/gomadtool","Test":"TestTerminalDiagnosticsPrimaryStatus/patch_regenerate/EBADF_stderr","Elapsed":0}
{"Time":"2026-10-09T19:53:28.384830169Z","Action":"output","Package":"go.temporal.io/server/tools/gomad3/cmd/gomadtool","Test":"TestTerminalDiagnosticsPrimaryStatus/patch_regenerate","Output":"--- PASS: TestTerminalDiagnosticsPrimaryStatus/patch_regenerate (0.00s)\n","OutputType":"frame"}
{"Time":"2026-10-09T19:53:28.384839711Z","Action":"pass","Package":"go.temporal.io/server/tools/gomad3/cmd/gomadtool","Test":"TestTerminalDiagnosticsPrimaryStatus/patch_regenerate","Elapsed":0}
{"Time":"2026-10-09T19:53:28.384862502Z","Action":"run","Package":"go.temporal.io/server/tools/gomad3/cmd/gomadtool","Test":"TestTerminalDiagnosticsPrimaryStatus/toolchain_ordinary_failure"}
{"Time":"2026-10-09T19:53:28.384880836Z","Action":"output","Package":"go.temporal.io/server/tools/gomad3/cmd/gomadtool","Test":"TestTerminalDiagnosticsPrimaryStatus/toolchain_ordinary_failure","Output":"=== RUN   TestTerminalDiagnosticsPrimaryStatus/toolchain_ordinary_failure\n","OutputType":"frame"}
{"Time":"2026-10-09T19:53:28.384892086Z","Action":"run","Package":"go.temporal.io/server/tools/gomad3/cmd/gomadtool","Test":"TestTerminalDiagnosticsPrimaryStatus/toolchain_ordinary_failure/healthy_stderr"}
{"Time":"2026-10-09T19:53:28.384902211Z","Action":"output","Package":"go.temporal.io/server/tools/gomad3/cmd/gomadtool","Test":"TestTerminalDiagnosticsPrimaryStatus/toolchain_ordinary_failure/healthy_stderr","Output":"=== RUN   TestTerminalDiagnosticsPrimaryStatus/toolchain_ordinary_failure/healthy_stderr\n","OutputType":"frame"}
{"Time":"2026-10-09T19:53:28.384990627Z","Action":"output","Package":"go.temporal.io/server/tools/gomad3/cmd/gomadtool","Test":"TestTerminalDiagnosticsPrimaryStatus/toolchain_ordinary_failure/healthy_stderr","Output":"    terminal_diagnostics_test.go:130: attempts = [\"gomad3 module root must be an absolute non-root directory\\n\"], want [\"gomad3 builder root must be an absolute non-root directory\\n\"]\n","OutputType":"error"}
{"Time":"2026-10-09T19:53:28.385031961Z","Action":"output","Package":"go.temporal.io/server/tools/gomad3/cmd/gomadtool","Test":"TestTerminalDiagnosticsPrimaryStatus/toolchain_ordinary_failure/healthy_stderr","Output":"--- FAIL: TestTerminalDiagnosticsPrimaryStatus/toolchain_ordinary_failure/healthy_stderr (0.00s)\n","OutputType":"frame"}
{"Time":"2026-10-09T19:53:28.385046752Z","Action":"fail","Package":"go.temporal.io/server/tools/gomad3/cmd/gomadtool","Test":"TestTerminalDiagnosticsPrimaryStatus/toolchain_ordinary_failure/healthy_stderr","Elapsed":0}
{"Time":"2026-10-09T19:53:28.385058336Z","Action":"run","Package":"go.temporal.io/server/tools/gomad3/cmd/gomadtool","Test":"TestTerminalDiagnosticsPrimaryStatus/toolchain_ordinary_failure/EBADF_stderr"}
{"Time":"2026-10-09T19:53:28.385067586Z","Action":"output","Package":"go.temporal.io/server/tools/gomad3/cmd/gomadtool","Test":"TestTerminalDiagnosticsPrimaryStatus/toolchain_ordinary_failure/EBADF_stderr","Output":"=== RUN   TestTerminalDiagnosticsPrimaryStatus/toolchain_ordinary_failure/EBADF_stderr\n","OutputType":"frame"}
{"Time":"2026-10-09T19:53:28.385205169Z","Action":"output","Package":"go.temporal.io/server/tools/gomad3/cmd/gomadtool","Test":"TestTerminalDiagnosticsPrimaryStatus/toolchain_ordinary_failure/EBADF_stderr","Output":"    terminal_diagnostics_test.go:130: attempts = [\"gomad3 module root must be an absolute non-root directory\\n\"], want [\"gomad3 builder root must be an absolute non-root directory\\n\"]\n","OutputType":"error"}
{"Time":"2026-10-09T19:53:28.385299336Z","Action":"output","Package":"go.temporal.io/server/tools/gomad3/cmd/gomadtool","Test":"TestTerminalDiagnosticsPrimaryStatus/toolchain_ordinary_failure/EBADF_stderr","Output":"--- FAIL: TestTerminalDiagnosticsPrimaryStatus/toolchain_ordinary_failure/EBADF_stderr (0.00s)\n","OutputType":"frame"}
{"Time":"2026-10-09T19:53:28.385313461Z","Action":"fail","Package":"go.temporal.io/server/tools/gomad3/cmd/gomadtool","Test":"TestTerminalDiagnosticsPrimaryStatus/toolchain_ordinary_failure/EBADF_stderr","Elapsed":0}
{"Time":"2026-10-09T19:53:28.385323544Z","Action":"output","Package":"go.temporal.io/server/tools/gomad3/cmd/gomadtool","Test":"TestTerminalDiagnosticsPrimaryStatus/toolchain_ordinary_failure","Output":"--- FAIL: TestTerminalDiagnosticsPrimaryStatus/toolchain_ordinary_failure (0.00s)\n","OutputType":"frame"}
{"Time":"2026-10-09T19:53:28.385338086Z","Action":"fail","Package":"go.temporal.io/server/tools/gomad3/cmd/gomadtool","Test":"TestTerminalDiagnosticsPrimaryStatus/toolchain_ordinary_failure","Elapsed":0}
{"Time":"2026-10-09T19:53:28.385352002Z","Action":"run","Package":"go.temporal.io/server/tools/gomad3/cmd/gomadtool","Test":"TestTerminalDiagnosticsPrimaryStatus/test_patch_failure"}
{"Time":"2026-10-09T19:53:28.385364836Z","Action":"output","Package":"go.temporal.io/server/tools/gomad3/cmd/gomadtool","Test":"TestTerminalDiagnosticsPrimaryStatus/test_patch_failure","Output":"=== RUN   TestTerminalDiagnosticsPrimaryStatus/test_patch_failure\n","OutputType":"frame"}
{"Time":"2026-10-09T19:53:28.385380252Z","Action":"run","Package":"go.temporal.io/server/tools/gomad3/cmd/gomadtool","Test":"TestTerminalDiagnosticsPrimaryStatus/test_patch_failure/healthy_stderr"}
{"Time":"2026-10-09T19:53:28.385392627Z","Action":"output","Package":"go.temporal.io/server/tools/gomad3/cmd/gomadtool","Test":"TestTerminalDiagnosticsPrimaryStatus/test_patch_failure/healthy_stderr","Output":"=== RUN   TestTerminalDiagnosticsPrimaryStatus/test_patch_failure/healthy_stderr\n","OutputType":"frame"}
{"Time":"2026-10-09T19:53:28.385516502Z","Action":"output","Package":"go.temporal.io/server/tools/gomad3/cmd/gomadtool","Test":"TestTerminalDiagnosticsPrimaryStatus/test_patch_failure/healthy_stderr","Output":"--- PASS: TestTerminalDiagnosticsPrimaryStatus/test_patch_failure/healthy_stderr (0.00s)\n","OutputType":"frame"}
{"Time":"2026-10-09T19:53:28.385528002Z","Action":"pass","Package":"go.temporal.io/server/tools/gomad3/cmd/gomadtool","Test":"TestTerminalDiagnosticsPrimaryStatus/test_patch_failure/healthy_stderr","Elapsed":0}
{"Time":"2026-10-09T19:53:28.385539377Z","Action":"run","Package":"go.temporal.io/server/tools/gomad3/cmd/gomadtool","Test":"TestTerminalDiagnosticsPrimaryStatus/test_patch_failure/EBADF_stderr"}
{"Time":"2026-10-09T19:53:28.385547502Z","Action":"output","Package":"go.temporal.io/server/tools/gomad3/cmd/gomadtool","Test":"TestTerminalDiagnosticsPrimaryStatus/test_patch_failure/EBADF_stderr","Output":"=== RUN   TestTerminalDiagnosticsPrimaryStatus/test_patch_failure/EBADF_stderr\n","OutputType":"frame"}
{"Time":"2026-10-09T19:53:28.385742544Z","Action":"output","Package":"go.temporal.io/server/tools/gomad3/cmd/gomadtool","Test":"TestTerminalDiagnosticsPrimaryStatus/test_patch_failure/EBADF_stderr","Output":"--- PASS: TestTerminalDiagnosticsPrimaryStatus/test_patch_failure/EBADF_stderr (0.00s)\n","OutputType":"frame"}
{"Time":"2026-10-09T19:53:28.385756669Z","Action":"pass","Package":"go.temporal.io/server/tools/gomad3/cmd/gomadtool","Test":"TestTerminalDiagnosticsPrimaryStatus/test_patch_failure/EBADF_stderr","Elapsed":0}
{"Time":"2026-10-09T19:53:28.385767377Z","Action":"output","Package":"go.temporal.io/server/tools/gomad3/cmd/gomadtool","Test":"TestTerminalDiagnosticsPrimaryStatus/test_patch_failure","Output":"--- PASS: TestTerminalDiagnosticsPrimaryStatus/test_patch_failure (0.00s)\n","OutputType":"frame"}
{"Time":"2026-10-09T19:53:28.385779169Z","Action":"pass","Package":"go.temporal.io/server/tools/gomad3/cmd/gomadtool","Test":"TestTerminalDiagnosticsPrimaryStatus/test_patch_failure","Elapsed":0}
{"Time":"2026-10-09T19:53:28.385793211Z","Action":"run","Package":"go.temporal.io/server/tools/gomad3/cmd/gomadtool","Test":"TestTerminalDiagnosticsPrimaryStatus/diagnostic_usage"}
{"Time":"2026-10-09T19:53:28.385801919Z","Action":"output","Package":"go.temporal.io/server/tools/gomad3/cmd/gomadtool","Test":"TestTerminalDiagnosticsPrimaryStatus/diagnostic_usage","Output":"=== RUN   TestTerminalDiagnosticsPrimaryStatus/diagnostic_usage\n","OutputType":"frame"}
{"Time":"2026-10-09T19:53:28.385809752Z","Action":"run","Package":"go.temporal.io/server/tools/gomad3/cmd/gomadtool","Test":"TestTerminalDiagnosticsPrimaryStatus/diagnostic_usage/healthy_stderr"}
{"Time":"2026-10-09T19:53:28.385817502Z","Action":"output","Package":"go.temporal.io/server/tools/gomad3/cmd/gomadtool","Test":"TestTerminalDiagnosticsPrimaryStatus/diagnostic_usage/healthy_stderr","Output":"=== RUN   TestTerminalDiagnosticsPrimaryStatus/diagnostic_usage/healthy_stderr\n","OutputType":"frame"}
{"Time":"2026-10-09T19:53:28.385976252Z","Action":"output","Package":"go.temporal.io/server/tools/gomad3/cmd/gomadtool","Test":"TestTerminalDiagnosticsPrimaryStatus/diagnostic_usage/healthy_stderr","Output":"--- PASS: TestTerminalDiagnosticsPrimaryStatus/diagnostic_usage/healthy_stderr (0.00s)\n","OutputType":"frame"}
{"Time":"2026-10-09T19:53:28.385991669Z","Action":"pass","Package":"go.temporal.io/server/tools/gomad3/cmd/gomadtool","Test":"TestTerminalDiagnosticsPrimaryStatus/diagnostic_usage/healthy_stderr","Elapsed":0}
{"Time":"2026-10-09T19:53:28.386004836Z","Action":"run","Package":"go.temporal.io/server/tools/gomad3/cmd/gomadtool","Test":"TestTerminalDiagnosticsPrimaryStatus/diagnostic_usage/EBADF_stderr"}
{"Time":"2026-10-09T19:53:28.386017711Z","Action":"output","Package":"go.temporal.io/server/tools/gomad3/cmd/gomadtool","Test":"TestTerminalDiagnosticsPrimaryStatus/diagnostic_usage/EBADF_stderr","Output":"=== RUN   TestTerminalDiagnosticsPrimaryStatus/diagnostic_usage/EBADF_stderr\n","OutputType":"frame"}
{"Time":"2026-10-09T19:53:28.386184669Z","Action":"output","Package":"go.temporal.io/server/tools/gomad3/cmd/gomadtool","Test":"TestTerminalDiagnosticsPrimaryStatus/diagnostic_usage/EBADF_stderr","Output":"--- PASS: TestTerminalDiagnosticsPrimaryStatus/diagnostic_usage/EBADF_stderr (0.00s)\n","OutputType":"frame"}
{"Time":"2026-10-09T19:53:28.386199419Z","Action":"pass","Package":"go.temporal.io/server/tools/gomad3/cmd/gomadtool","Test":"TestTerminalDiagnosticsPrimaryStatus/diagnostic_usage/EBADF_stderr","Elapsed":0}
{"Time":"2026-10-09T19:53:28.386216669Z","Action":"output","Package":"go.temporal.io/server/tools/gomad3/cmd/gomadtool","Test":"TestTerminalDiagnosticsPrimaryStatus/diagnostic_usage","Output":"--- PASS: TestTerminalDiagnosticsPrimaryStatus/diagnostic_usage (0.00s)\n","OutputType":"frame"}
{"Time":"2026-10-09T19:53:28.386232294Z","Action":"pass","Package":"go.temporal.io/server/tools/gomad3/cmd/gomadtool","Test":"TestTerminalDiagnosticsPrimaryStatus/diagnostic_usage","Elapsed":0}
{"Time":"2026-10-09T19:53:28.386241877Z","Action":"run","Package":"go.temporal.io/server/tools/gomad3/cmd/gomadtool","Test":"TestTerminalDiagnosticsPrimaryStatus/diagnostic_missing_expected"}
{"Time":"2026-10-09T19:53:28.386256211Z","Action":"output","Package":"go.temporal.io/server/tools/gomad3/cmd/gomadtool","Test":"TestTerminalDiagnosticsPrimaryStatus/diagnostic_missing_expected","Output":"=== RUN   TestTerminalDiagnosticsPrimaryStatus/diagnostic_missing_expected\n","OutputType":"frame"}
{"Time":"2026-10-09T19:53:28.386271836Z","Action":"run","Package":"go.temporal.io/server/tools/gomad3/cmd/gomadtool","Test":"TestTerminalDiagnosticsPrimaryStatus/diagnostic_missing_expected/healthy_stderr"}
{"Time":"2026-10-09T19:53:28.386284294Z","Action":"output","Package":"go.temporal.io/server/tools/gomad3/cmd/gomadtool","Test":"TestTerminalDiagnosticsPrimaryStatus/diagnostic_missing_expected/healthy_stderr","Output":"=== RUN   TestTerminalDiagnosticsPrimaryStatus/diagnostic_missing_expected/healthy_stderr\n","OutputType":"frame"}
{"Time":"2026-10-09T19:53:28.386412294Z","Action":"output","Package":"go.temporal.io/server/tools/gomad3/cmd/gomadtool","Test":"TestTerminalDiagnosticsPrimaryStatus/diagnostic_missing_expected/healthy_stderr","Output":"--- PASS: TestTerminalDiagnosticsPrimaryStatus/diagnostic_missing_expected/healthy_stderr (0.00s)\n","OutputType":"frame"}
{"Time":"2026-10-09T19:53:28.386427711Z","Action":"pass","Package":"go.temporal.io/server/tools/gomad3/cmd/gomadtool","Test":"TestTerminalDiagnosticsPrimaryStatus/diagnostic_missing_expected/healthy_stderr","Elapsed":0}
{"Time":"2026-10-09T19:53:28.386435336Z","Action":"run","Package":"go.temporal.io/server/tools/gomad3/cmd/gomadtool","Test":"TestTerminalDiagnosticsPrimaryStatus/diagnostic_missing_expected/EBADF_stderr"}
{"Time":"2026-10-09T19:53:28.386448002Z","Action":"output","Package":"go.temporal.io/server/tools/gomad3/cmd/gomadtool","Test":"TestTerminalDiagnosticsPrimaryStatus/diagnostic_missing_expected/EBADF_stderr","Output":"=== RUN   TestTerminalDiagnosticsPrimaryStatus/diagnostic_missing_expected/EBADF_stderr\n","OutputType":"frame"}
{"Time":"2026-10-09T19:53:28.386620002Z","Action":"output","Package":"go.temporal.io/server/tools/gomad3/cmd/gomadtool","Test":"TestTerminalDiagnosticsPrimaryStatus/diagnostic_missing_expected/EBADF_stderr","Output":"--- PASS: TestTerminalDiagnosticsPrimaryStatus/diagnostic_missing_expected/EBADF_stderr (0.00s)\n","OutputType":"frame"}
{"Time":"2026-10-09T19:53:28.386633711Z","Action":"pass","Package":"go.temporal.io/server/tools/gomad3/cmd/gomadtool","Test":"TestTerminalDiagnosticsPrimaryStatus/diagnostic_missing_expected/EBADF_stderr","Elapsed":0}
{"Time":"2026-10-09T19:53:28.386648794Z","Action":"output","Package":"go.temporal.io/server/tools/gomad3/cmd/gomadtool","Test":"TestTerminalDiagnosticsPrimaryStatus/diagnostic_missing_expected","Output":"--- PASS: TestTerminalDiagnosticsPrimaryStatus/diagnostic_missing_expected (0.00s)\n","OutputType":"frame"}
{"Time":"2026-10-09T19:53:28.386658836Z","Action":"pass","Package":"go.temporal.io/server/tools/gomad3/cmd/gomadtool","Test":"TestTerminalDiagnosticsPrimaryStatus/diagnostic_missing_expected","Elapsed":0}
{"Time":"2026-10-09T19:53:28.386669211Z","Action":"run","Package":"go.temporal.io/server/tools/gomad3/cmd/gomadtool","Test":"TestTerminalDiagnosticsPrimaryStatus/diagnostic_missing_actual"}
{"Time":"2026-10-09T19:53:28.386677502Z","Action":"output","Package":"go.temporal.io/server/tools/gomad3/cmd/gomadtool","Test":"TestTerminalDiagnosticsPrimaryStatus/diagnostic_missing_actual","Output":"=== RUN   TestTerminalDiagnosticsPrimaryStatus/diagnostic_missing_actual\n","OutputType":"frame"}
{"Time":"2026-10-09T19:53:28.386690211Z","Action":"run","Package":"go.temporal.io/server/tools/gomad3/cmd/gomadtool","Test":"TestTerminalDiagnosticsPrimaryStatus/diagnostic_missing_actual/healthy_stderr"}
{"Time":"2026-10-09T19:53:28.386699836Z","Action":"output","Package":"go.temporal.io/server/tools/gomad3/cmd/gomadtool","Test":"TestTerminalDiagnosticsPrimaryStatus/diagnostic_missing_actual/healthy_stderr","Output":"=== RUN   TestTerminalDiagnosticsPrimaryStatus/diagnostic_missing_actual/healthy_stderr\n","OutputType":"frame"}
{"Time":"2026-10-09T19:53:28.386839377Z","Action":"output","Package":"go.temporal.io/server/tools/gomad3/cmd/gomadtool","Test":"TestTerminalDiagnosticsPrimaryStatus/diagnostic_missing_actual/healthy_stderr","Output":"--- PASS: TestTerminalDiagnosticsPrimaryStatus/diagnostic_missing_actual/healthy_stderr (0.00s)\n","OutputType":"frame"}
{"Time":"2026-10-09T19:53:28.386859127Z","Action":"pass","Package":"go.temporal.io/server/tools/gomad3/cmd/gomadtool","Test":"TestTerminalDiagnosticsPrimaryStatus/diagnostic_missing_actual/healthy_stderr","Elapsed":0}
{"Time":"2026-10-09T19:53:28.386872336Z","Action":"run","Package":"go.temporal.io/server/tools/gomad3/cmd/gomadtool","Test":"TestTerminalDiagnosticsPrimaryStatus/diagnostic_missing_actual/EBADF_stderr"}
{"Time":"2026-10-09T19:53:28.386886794Z","Action":"output","Package":"go.temporal.io/server/tools/gomad3/cmd/gomadtool","Test":"TestTerminalDiagnosticsPrimaryStatus/diagnostic_missing_actual/EBADF_stderr","Output":"=== RUN   TestTerminalDiagnosticsPrimaryStatus/diagnostic_missing_actual/EBADF_stderr\n","OutputType":"frame"}
{"Time":"2026-10-09T19:53:28.387195669Z","Action":"output","Package":"go.temporal.io/server/tools/gomad3/cmd/gomadtool","Test":"TestTerminalDiagnosticsPrimaryStatus/diagnostic_missing_actual/EBADF_stderr","Output":"--- PASS: TestTerminalDiagnosticsPrimaryStatus/diagnostic_missing_actual/EBADF_stderr (0.00s)\n","OutputType":"frame"}
{"Time":"2026-10-09T19:53:28.387234502Z","Action":"pass","Package":"go.temporal.io/server/tools/gomad3/cmd/gomadtool","Test":"TestTerminalDiagnosticsPrimaryStatus/diagnostic_missing_actual/EBADF_stderr","Elapsed":0}
{"Time":"2026-10-09T19:53:28.387262794Z","Action":"output","Package":"go.temporal.io/server/tools/gomad3/cmd/gomadtool","Test":"TestTerminalDiagnosticsPrimaryStatus/diagnostic_missing_actual","Output":"--- PASS: TestTerminalDiagnosticsPrimaryStatus/diagnostic_missing_actual (0.00s)\n","OutputType":"frame"}
{"Time":"2026-10-09T19:53:28.387281711Z","Action":"pass","Package":"go.temporal.io/server/tools/gomad3/cmd/gomadtool","Test":"TestTerminalDiagnosticsPrimaryStatus/diagnostic_missing_actual","Elapsed":0}
{"Time":"2026-10-09T19:53:28.387300627Z","Action":"run","Package":"go.temporal.io/server/tools/gomad3/cmd/gomadtool","Test":"TestTerminalDiagnosticsPrimaryStatus/diagnostic_invalid_actual"}
{"Time":"2026-10-09T19:53:28.387317627Z","Action":"output","Package":"go.temporal.io/server/tools/gomad3/cmd/gomadtool","Test":"TestTerminalDiagnosticsPrimaryStatus/diagnostic_invalid_actual","Output":"=== RUN   TestTerminalDiagnosticsPrimaryStatus/diagnostic_invalid_actual\n","OutputType":"frame"}
{"Time":"2026-10-09T19:53:28.387337336Z","Action":"run","Package":"go.temporal.io/server/tools/gomad3/cmd/gomadtool","Test":"TestTerminalDiagnosticsPrimaryStatus/diagnostic_invalid_actual/healthy_stderr"}
{"Time":"2026-10-09T19:53:28.387356961Z","Action":"output","Package":"go.temporal.io/server/tools/gomad3/cmd/gomadtool","Test":"TestTerminalDiagnosticsPrimaryStatus/diagnostic_invalid_actual/healthy_stderr","Output":"=== RUN   TestTerminalDiagnosticsPrimaryStatus/diagnostic_invalid_actual/healthy_stderr\n","OutputType":"frame"}
{"Time":"2026-10-09T19:53:28.387525919Z","Action":"output","Package":"go.temporal.io/server/tools/gomad3/cmd/gomadtool","Test":"TestTerminalDiagnosticsPrimaryStatus/diagnostic_invalid_actual/healthy_stderr","Output":"--- PASS: TestTerminalDiagnosticsPrimaryStatus/diagnostic_invalid_actual/healthy_stderr (0.00s)\n","OutputType":"frame"}
{"Time":"2026-10-09T19:53:28.387545961Z","Action":"pass","Package":"go.temporal.io/server/tools/gomad3/cmd/gomadtool","Test":"TestTerminalDiagnosticsPrimaryStatus/diagnostic_invalid_actual/healthy_stderr","Elapsed":0}
{"Time":"2026-10-09T19:53:28.387559836Z","Action":"run","Package":"go.temporal.io/server/tools/gomad3/cmd/gomadtool","Test":"TestTerminalDiagnosticsPrimaryStatus/diagnostic_invalid_actual/EBADF_stderr"}
{"Time":"2026-10-09T19:53:28.387573127Z","Action":"output","Package":"go.temporal.io/server/tools/gomad3/cmd/gomadtool","Test":"TestTerminalDiagnosticsPrimaryStatus/diagnostic_invalid_actual/EBADF_stderr","Output":"=== RUN   TestTerminalDiagnosticsPrimaryStatus/diagnostic_invalid_actual/EBADF_stderr\n","OutputType":"frame"}
{"Time":"2026-10-09T19:53:28.387812419Z","Action":"output","Package":"go.temporal.io/server/tools/gomad3/cmd/gomadtool","Test":"TestTerminalDiagnosticsPrimaryStatus/diagnostic_invalid_actual/EBADF_stderr","Output":"--- PASS: TestTerminalDiagnosticsPrimaryStatus/diagnostic_invalid_actual/EBADF_stderr (0.00s)\n","OutputType":"frame"}
{"Time":"2026-10-09T19:53:28.387836877Z","Action":"pass","Package":"go.temporal.io/server/tools/gomad3/cmd/gomadtool","Test":"TestTerminalDiagnosticsPrimaryStatus/diagnostic_invalid_actual/EBADF_stderr","Elapsed":0}
{"Time":"2026-10-09T19:53:28.387856002Z","Action":"output","Package":"go.temporal.io/server/tools/gomad3/cmd/gomadtool","Test":"TestTerminalDiagnosticsPrimaryStatus/diagnostic_invalid_actual","Output":"--- PASS: TestTerminalDiagnosticsPrimaryStatus/diagnostic_invalid_actual (0.00s)\n","OutputType":"frame"}
{"Time":"2026-10-09T19:53:28.387868836Z","Action":"pass","Package":"go.temporal.io/server/tools/gomad3/cmd/gomadtool","Test":"TestTerminalDiagnosticsPrimaryStatus/diagnostic_invalid_actual","Elapsed":0}
{"Time":"2026-10-09T19:53:28.387883711Z","Action":"run","Package":"go.temporal.io/server/tools/gomad3/cmd/gomadtool","Test":"TestTerminalDiagnosticsPrimaryStatus/pack_discover_invalid_paths"}
{"Time":"2026-10-09T19:53:28.387896252Z","Action":"output","Package":"go.temporal.io/server/tools/gomad3/cmd/gomadtool","Test":"TestTerminalDiagnosticsPrimaryStatus/pack_discover_invalid_paths","Output":"=== RUN   TestTerminalDiagnosticsPrimaryStatus/pack_discover_invalid_paths\n","OutputType":"frame"}
{"Time":"2026-10-09T19:53:28.387910377Z","Action":"run","Package":"go.temporal.io/server/tools/gomad3/cmd/gomadtool","Test":"TestTerminalDiagnosticsPrimaryStatus/pack_discover_invalid_paths/healthy_stderr"}
{"Time":"2026-10-09T19:53:28.387923961Z","Action":"output","Package":"go.temporal.io/server/tools/gomad3/cmd/gomadtool","Test":"TestTerminalDiagnosticsPrimaryStatus/pack_discover_invalid_paths/healthy_stderr","Output":"=== RUN   TestTerminalDiagnosticsPrimaryStatus/pack_discover_invalid_paths/healthy_stderr\n","OutputType":"frame"}
{"Time":"2026-10-09T19:53:28.388086752Z","Action":"output","Package":"go.temporal.io/server/tools/gomad3/cmd/gomadtool","Test":"TestTerminalDiagnosticsPrimaryStatus/pack_discover_invalid_paths/healthy_stderr","Output":"--- PASS: TestTerminalDiagnosticsPrimaryStatus/pack_discover_invalid_paths/healthy_stderr (0.00s)\n","OutputType":"frame"}
{"Time":"2026-10-09T19:53:28.388112669Z","Action":"pass","Package":"go.temporal.io/server/tools/gomad3/cmd/gomadtool","Test":"TestTerminalDiagnosticsPrimaryStatus/pack_discover_invalid_paths/healthy_stderr","Elapsed":0}
{"Time":"2026-10-09T19:53:28.388134627Z","Action":"run","Package":"go.temporal.io/server/tools/gomad3/cmd/gomadtool","Test":"TestTerminalDiagnosticsPrimaryStatus/pack_discover_invalid_paths/EBADF_stderr"}
{"Time":"2026-10-09T19:53:28.388147336Z","Action":"output","Package":"go.temporal.io/server/tools/gomad3/cmd/gomadtool","Test":"TestTerminalDiagnosticsPrimaryStatus/pack_discover_invalid_paths/EBADF_stderr","Output":"=== RUN   TestTerminalDiagnosticsPrimaryStatus/pack_discover_invalid_paths/EBADF_stderr\n","OutputType":"frame"}
{"Time":"2026-10-09T19:53:28.388384502Z","Action":"output","Package":"go.temporal.io/server/tools/gomad3/cmd/gomadtool","Test":"TestTerminalDiagnosticsPrimaryStatus/pack_discover_invalid_paths/EBADF_stderr","Output":"--- PASS: TestTerminalDiagnosticsPrimaryStatus/pack_discover_invalid_paths/EBADF_stderr (0.00s)\n","OutputType":"frame"}
{"Time":"2026-10-09T19:53:28.388401544Z","Action":"pass","Package":"go.temporal.io/server/tools/gomad3/cmd/gomadtool","Test":"TestTerminalDiagnosticsPrimaryStatus/pack_discover_invalid_paths/EBADF_stderr","Elapsed":0}
{"Time":"2026-10-09T19:53:28.388416711Z","Action":"output","Package":"go.temporal.io/server/tools/gomad3/cmd/gomadtool","Test":"TestTerminalDiagnosticsPrimaryStatus/pack_discover_invalid_paths","Output":"--- PASS: TestTerminalDiagnosticsPrimaryStatus/pack_discover_invalid_paths (0.00s)\n","OutputType":"frame"}
{"Time":"2026-10-09T19:53:28.388430377Z","Action":"pass","Package":"go.temporal.io/server/tools/gomad3/cmd/gomadtool","Test":"TestTerminalDiagnosticsPrimaryStatus/pack_discover_invalid_paths","Elapsed":0}
{"Time":"2026-10-09T19:53:28.388447377Z","Action":"run","Package":"go.temporal.io/server/tools/gomad3/cmd/gomadtool","Test":"TestTerminalDiagnosticsPrimaryStatus/pack_discover_missing_request"}
{"Time":"2026-10-09T19:53:28.388466211Z","Action":"output","Package":"go.temporal.io/server/tools/gomad3/cmd/gomadtool","Test":"TestTerminalDiagnosticsPrimaryStatus/pack_discover_missing_request","Output":"=== RUN   TestTerminalDiagnosticsPrimaryStatus/pack_discover_missing_request\n","OutputType":"frame"}
{"Time":"2026-10-09T19:53:28.388488919Z","Action":"run","Package":"go.temporal.io/server/tools/gomad3/cmd/gomadtool","Test":"TestTerminalDiagnosticsPrimaryStatus/pack_discover_missing_request/healthy_stderr"}
{"Time":"2026-10-09T19:53:28.388502627Z","Action":"output","Package":"go.temporal.io/server/tools/gomad3/cmd/gomadtool","Test":"TestTerminalDiagnosticsPrimaryStatus/pack_discover_missing_request/healthy_stderr","Output":"=== RUN   TestTerminalDiagnosticsPrimaryStatus/pack_discover_missing_request/healthy_stderr\n","OutputType":"frame"}
{"Time":"2026-10-09T19:53:28.388616086Z","Action":"output","Package":"go.temporal.io/server/tools/gomad3/cmd/gomadtool","Test":"TestTerminalDiagnosticsPrimaryStatus/pack_discover_missing_request/healthy_stderr","Output":"--- PASS: TestTerminalDiagnosticsPrimaryStatus/pack_discover_missing_request/healthy_stderr (0.00s)\n","OutputType":"frame"}
{"Time":"2026-10-09T19:53:28.388632586Z","Action":"pass","Package":"go.temporal.io/server/tools/gomad3/cmd/gomadtool","Test":"TestTerminalDiagnosticsPrimaryStatus/pack_discover_missing_request/healthy_stderr","Elapsed":0}
{"Time":"2026-10-09T19:53:28.388657086Z","Action":"run","Package":"go.temporal.io/server/tools/gomad3/cmd/gomadtool","Test":"TestTerminalDiagnosticsPrimaryStatus/pack_discover_missing_request/EBADF_stderr"}
{"Time":"2026-10-09T19:53:28.388680919Z","Action":"output","Package":"go.temporal.io/server/tools/gomad3/cmd/gomadtool","Test":"TestTerminalDiagnosticsPrimaryStatus/pack_discover_missing_request/EBADF_stderr","Output":"=== RUN   TestTerminalDiagnosticsPrimaryStatus/pack_discover_missing_request/EBADF_stderr\n","OutputType":"frame"}
{"Time":"2026-10-09T19:53:28.388834752Z","Action":"output","Package":"go.temporal.io/server/tools/gomad3/cmd/gomadtool","Test":"TestTerminalDiagnosticsPrimaryStatus/pack_discover_missing_request/EBADF_stderr","Output":"--- PASS: TestTerminalDiagnosticsPrimaryStatus/pack_discover_missing_request/EBADF_stderr (0.00s)\n","OutputType":"frame"}
{"Time":"2026-10-09T19:53:28.388846752Z","Action":"pass","Package":"go.temporal.io/server/tools/gomad3/cmd/gomadtool","Test":"TestTerminalDiagnosticsPrimaryStatus/pack_discover_missing_request/EBADF_stderr","Elapsed":0}
{"Time":"2026-10-09T19:53:28.388861711Z","Action":"output","Package":"go.temporal.io/server/tools/gomad3/cmd/gomadtool","Test":"TestTerminalDiagnosticsPrimaryStatus/pack_discover_missing_request","Output":"--- PASS: TestTerminalDiagnosticsPrimaryStatus/pack_discover_missing_request (0.00s)\n","OutputType":"frame"}
{"Time":"2026-10-09T19:53:28.388876419Z","Action":"pass","Package":"go.temporal.io/server/tools/gomad3/cmd/gomadtool","Test":"TestTerminalDiagnosticsPrimaryStatus/pack_discover_missing_request","Elapsed":0}
{"Time":"2026-10-09T19:53:28.388889294Z","Action":"run","Package":"go.temporal.io/server/tools/gomad3/cmd/gomadtool","Test":"TestTerminalDiagnosticsPrimaryStatus/pack_review_invalid_output"}
{"Time":"2026-10-09T19:53:28.388915752Z","Action":"output","Package":"go.temporal.io/server/tools/gomad3/cmd/gomadtool","Test":"TestTerminalDiagnosticsPrimaryStatus/pack_review_invalid_output","Output":"=== RUN   TestTerminalDiagnosticsPrimaryStatus/pack_review_invalid_output\n","OutputType":"frame"}
{"Time":"2026-10-09T19:53:28.388938252Z","Action":"run","Package":"go.temporal.io/server/tools/gomad3/cmd/gomadtool","Test":"TestTerminalDiagnosticsPrimaryStatus/pack_review_invalid_output/healthy_stderr"}
{"Time":"2026-10-09T19:53:28.388950836Z","Action":"output","Package":"go.temporal.io/server/tools/gomad3/cmd/gomadtool","Test":"TestTerminalDiagnosticsPrimaryStatus/pack_review_invalid_output/healthy_stderr","Output":"=== RUN   TestTerminalDiagnosticsPrimaryStatus/pack_review_invalid_output/healthy_stderr\n","OutputType":"frame"}
{"Time":"2026-10-09T19:53:28.389308836Z","Action":"output","Package":"go.temporal.io/server/tools/gomad3/cmd/gomadtool","Test":"TestTerminalDiagnosticsPrimaryStatus/pack_review_invalid_output/healthy_stderr","Output":"--- PASS: TestTerminalDiagnosticsPrimaryStatus/pack_review_invalid_output/healthy_stderr (0.00s)\n","OutputType":"frame"}
{"Time":"2026-10-09T19:53:28.389333377Z","Action":"pass","Package":"go.temporal.io/server/tools/gomad3/cmd/gomadtool","Test":"TestTerminalDiagnosticsPrimaryStatus/pack_review_invalid_output/healthy_stderr","Elapsed":0}
{"Time":"2026-10-09T19:53:28.389363211Z","Action":"run","Package":"go.temporal.io/server/tools/gomad3/cmd/gomadtool","Test":"TestTerminalDiagnosticsPrimaryStatus/pack_review_invalid_output/EBADF_stderr"}
{"Time":"2026-10-09T19:53:28.389399377Z","Action":"output","Package":"go.temporal.io/server/tools/gomad3/cmd/gomadtool","Test":"TestTerminalDiagnosticsPrimaryStatus/pack_review_invalid_output/EBADF_stderr","Output":"=== RUN   TestTerminalDiagnosticsPrimaryStatus/pack_review_invalid_output/EBADF_stderr\n","OutputType":"frame"}
{"Time":"2026-10-09T19:53:28.392035169Z","Action":"output","Package":"go.temporal.io/server/tools/gomad3/cmd/gomadtool","Test":"TestTerminalDiagnosticsPrimaryStatus/pack_review_invalid_output/EBADF_stderr","Output":"--- PASS: TestTerminalDiagnosticsPrimaryStatus/pack_review_invalid_output/EBADF_stderr (0.00s)\n","OutputType":"frame"}
{"Time":"2026-10-09T19:53:28.392069836Z","Action":"pass","Package":"go.temporal.io/server/tools/gomad3/cmd/gomadtool","Test":"TestTerminalDiagnosticsPrimaryStatus/pack_review_invalid_output/EBADF_stderr","Elapsed":0}
{"Time":"2026-10-09T19:53:28.392092586Z","Action":"output","Package":"go.temporal.io/server/tools/gomad3/cmd/gomadtool","Test":"TestTerminalDiagnosticsPrimaryStatus/pack_review_invalid_output","Output":"--- PASS: TestTerminalDiagnosticsPrimaryStatus/pack_review_invalid_output (0.00s)\n","OutputType":"frame"}
{"Time":"2026-10-09T19:53:28.392115711Z","Action":"pass","Package":"go.temporal.io/server/tools/gomad3/cmd/gomadtool","Test":"TestTerminalDiagnosticsPrimaryStatus/pack_review_invalid_output","Elapsed":0}
{"Time":"2026-10-09T19:53:28.392135336Z","Action":"run","Package":"go.temporal.io/server/tools/gomad3/cmd/gomadtool","Test":"TestTerminalDiagnosticsPrimaryStatus/pack_review_invalid_request"}
{"Time":"2026-10-09T19:53:28.392158211Z","Action":"output","Package":"go.temporal.io/server/tools/gomad3/cmd/gomadtool","Test":"TestTerminalDiagnosticsPrimaryStatus/pack_review_invalid_request","Output":"=== RUN   TestTerminalDiagnosticsPrimaryStatus/pack_review_invalid_request\n","OutputType":"frame"}
{"Time":"2026-10-09T19:53:28.392181502Z","Action":"run","Package":"go.temporal.io/server/tools/gomad3/cmd/gomadtool","Test":"TestTerminalDiagnosticsPrimaryStatus/pack_review_invalid_request/healthy_stderr"}
{"Time":"2026-10-09T19:53:28.392201627Z","Action":"output","Package":"go.temporal.io/server/tools/gomad3/cmd/gomadtool","Test":"TestTerminalDiagnosticsPrimaryStatus/pack_review_invalid_request/healthy_stderr","Output":"=== RUN   TestTerminalDiagnosticsPrimaryStatus/pack_review_invalid_request/healthy_stderr\n","OutputType":"frame"}
{"Time":"2026-10-09T19:53:28.392611877Z","Action":"output","Package":"go.temporal.io/server/tools/gomad3/cmd/gomadtool","Test":"TestTerminalDiagnosticsPrimaryStatus/pack_review_invalid_request/healthy_stderr","Output":"    terminal_diagnostics_test.go:130: attempts = [\"decode compatibility-pack request: unexpected trailing JSON token {\\n\"], want [\"compatibility-pack request has trailing data\\n\"]\n","OutputType":"error"}
{"Time":"2026-10-09T19:53:28.392691502Z","Action":"output","Package":"go.temporal.io/server/tools/gomad3/cmd/gomadtool","Test":"TestTerminalDiagnosticsPrimaryStatus/pack_review_invalid_request/healthy_stderr","Output":"--- FAIL: TestTerminalDiagnosticsPrimaryStatus/pack_review_invalid_request/healthy_stderr (0.00s)\n","OutputType":"frame"}
{"Time":"2026-10-09T19:53:28.392711794Z","Action":"fail","Package":"go.temporal.io/server/tools/gomad3/cmd/gomadtool","Test":"TestTerminalDiagnosticsPrimaryStatus/pack_review_invalid_request/healthy_stderr","Elapsed":0}
{"Time":"2026-10-09T19:53:28.392726627Z","Action":"run","Package":"go.temporal.io/server/tools/gomad3/cmd/gomadtool","Test":"TestTerminalDiagnosticsPrimaryStatus/pack_review_invalid_request/EBADF_stderr"}
{"Time":"2026-10-09T19:53:28.394693961Z","Action":"output","Package":"go.temporal.io/server/tools/gomad3/cmd/gomadtool","Test":"TestTerminalDiagnosticsPrimaryStatus/pack_review_invalid_request/EBADF_stderr","Output":"=== RUN   TestTerminalDiagnosticsPrimaryStatus/pack_review_invalid_request/EBADF_stderr\n","OutputType":"frame"}
{"Time":"2026-10-09T19:53:28.394779794Z","Action":"output","Package":"go.temporal.io/server/tools/gomad3/cmd/gomadtool","Test":"TestTerminalDiagnosticsPrimaryStatus/pack_review_invalid_request/EBADF_stderr","Output":"    terminal_diagnostics_test.go:130: attempts = [\"decode compatibility-pack request: unexpected trailing JSON token {\\n\"], want [\"compatibility-pack request has trailing data\\n\"]\n","OutputType":"error"}
{"Time":"2026-10-09T19:53:28.394807752Z","Action":"output","Package":"go.temporal.io/server/tools/gomad3/cmd/gomadtool","Test":"TestTerminalDiagnosticsPrimaryStatus/pack_review_invalid_request/EBADF_stderr","Output":"--- FAIL: TestTerminalDiagnosticsPrimaryStatus/pack_review_invalid_request/EBADF_stderr (0.00s)\n","OutputType":"frame"}
{"Time":"2026-10-09T19:53:28.394828669Z","Action":"fail","Package":"go.temporal.io/server/tools/gomad3/cmd/gomadtool","Test":"TestTerminalDiagnosticsPrimaryStatus/pack_review_invalid_request/EBADF_stderr","Elapsed":0}
{"Time":"2026-10-09T19:53:28.394851419Z","Action":"output","Package":"go.temporal.io/server/tools/gomad3/cmd/gomadtool","Test":"TestTerminalDiagnosticsPrimaryStatus/pack_review_invalid_request","Output":"--- FAIL: TestTerminalDiagnosticsPrimaryStatus/pack_review_invalid_request (0.00s)\n","OutputType":"frame"}
{"Time":"2026-10-09T19:53:28.394867169Z","Action":"fail","Package":"go.temporal.io/server/tools/gomad3/cmd/gomadtool","Test":"TestTerminalDiagnosticsPrimaryStatus/pack_review_invalid_request","Elapsed":0}
{"Time":"2026-10-09T19:53:28.394880377Z","Action":"run","Package":"go.temporal.io/server/tools/gomad3/cmd/gomadtool","Test":"TestTerminalDiagnosticsPrimaryStatus/pack_generate_outside_request"}
{"Time":"2026-10-09T19:53:28.394895086Z","Action":"output","Package":"go.temporal.io/server/tools/gomad3/cmd/gomadtool","Test":"TestTerminalDiagnosticsPrimaryStatus/pack_generate_outside_request","Output":"=== RUN   TestTerminalDiagnosticsPrimaryStatus/pack_generate_outside_request\n","OutputType":"frame"}
{"Time":"2026-10-09T19:53:28.394917502Z","Action":"run","Package":"go.temporal.io/server/tools/gomad3/cmd/gomadtool","Test":"TestTerminalDiagnosticsPrimaryStatus/pack_generate_outside_request/healthy_stderr"}
{"Time":"2026-10-09T19:53:28.394939461Z","Action":"output","Package":"go.temporal.io/server/tools/gomad3/cmd/gomadtool","Test":"TestTerminalDiagnosticsPrimaryStatus/pack_generate_outside_request/healthy_stderr","Output":"=== RUN   TestTerminalDiagnosticsPrimaryStatus/pack_generate_outside_request/healthy_stderr\n","OutputType":"frame"}
{"Time":"2026-10-09T19:53:28.395096169Z","Action":"output","Package":"go.temporal.io/server/tools/gomad3/cmd/gomadtool","Test":"TestTerminalDiagnosticsPrimaryStatus/pack_generate_outside_request/healthy_stderr","Output":"--- PASS: TestTerminalDiagnosticsPrimaryStatus/pack_generate_outside_request/healthy_stderr (0.00s)\n","OutputType":"frame"}
{"Time":"2026-10-09T19:53:28.395117377Z","Action":"pass","Package":"go.temporal.io/server/tools/gomad3/cmd/gomadtool","Test":"TestTerminalDiagnosticsPrimaryStatus/pack_generate_outside_request/healthy_stderr","Elapsed":0}
{"Time":"2026-10-09T19:53:28.395137419Z","Action":"run","Package":"go.temporal.io/server/tools/gomad3/cmd/gomadtool","Test":"TestTerminalDiagnosticsPrimaryStatus/pack_generate_outside_request/EBADF_stderr"}
{"Time":"2026-10-09T19:53:28.395156461Z","Action":"output","Package":"go.temporal.io/server/tools/gomad3/cmd/gomadtool","Test":"TestTerminalDiagnosticsPrimaryStatus/pack_generate_outside_request/EBADF_stderr","Output":"=== RUN   TestTerminalDiagnosticsPrimaryStatus/pack_generate_outside_request/EBADF_stderr\n","OutputType":"frame"}
{"Time":"2026-10-09T19:53:28.395320044Z","Action":"output","Package":"go.temporal.io/server/tools/gomad3/cmd/gomadtool","Test":"TestTerminalDiagnosticsPrimaryStatus/pack_generate_outside_request/EBADF_stderr","Output":"--- PASS: TestTerminalDiagnosticsPrimaryStatus/pack_generate_outside_request/EBADF_stderr (0.00s)\n","OutputType":"frame"}
{"Time":"2026-10-09T19:53:28.395345586Z","Action":"pass","Package":"go.temporal.io/server/tools/gomad3/cmd/gomadtool","Test":"TestTerminalDiagnosticsPrimaryStatus/pack_generate_outside_request/EBADF_stderr","Elapsed":0}
{"Time":"2026-10-09T19:53:28.395367419Z","Action":"output","Package":"go.temporal.io/server/tools/gomad3/cmd/gomadtool","Test":"TestTerminalDiagnosticsPrimaryStatus/pack_generate_outside_request","Output":"--- PASS: TestTerminalDiagnosticsPrimaryStatus/pack_generate_outside_request (0.00s)\n","OutputType":"frame"}
{"Time":"2026-10-09T19:53:28.395387502Z","Action":"pass","Package":"go.temporal.io/server/tools/gomad3/cmd/gomadtool","Test":"TestTerminalDiagnosticsPrimaryStatus/pack_generate_outside_request","Elapsed":0}
{"Time":"2026-10-09T19:53:28.395407627Z","Action":"run","Package":"go.temporal.io/server/tools/gomad3/cmd/gomadtool","Test":"TestTerminalDiagnosticsPrimaryStatus/pack_qualify_outside_request"}
{"Time":"2026-10-09T19:53:28.395426377Z","Action":"output","Package":"go.temporal.io/server/tools/gomad3/cmd/gomadtool","Test":"TestTerminalDiagnosticsPrimaryStatus/pack_qualify_outside_request","Output":"=== RUN   TestTerminalDiagnosticsPrimaryStatus/pack_qualify_outside_request\n","OutputType":"frame"}
{"Time":"2026-10-09T19:53:28.395445544Z","Action":"run","Package":"go.temporal.io/server/tools/gomad3/cmd/gomadtool","Test":"TestTerminalDiagnosticsPrimaryStatus/pack_qualify_outside_request/healthy_stderr"}
{"Time":"2026-10-09T19:53:28.395461377Z","Action":"output","Package":"go.temporal.io/server/tools/gomad3/cmd/gomadtool","Test":"TestTerminalDiagnosticsPrimaryStatus/pack_qualify_outside_request/healthy_stderr","Output":"=== RUN   TestTerminalDiagnosticsPrimaryStatus/pack_qualify_outside_request/healthy_stderr\n","OutputType":"frame"}
{"Time":"2026-10-09T19:53:28.395626794Z","Action":"output","Package":"go.temporal.io/server/tools/gomad3/cmd/gomadtool","Test":"TestTerminalDiagnosticsPrimaryStatus/pack_qualify_outside_request/healthy_stderr","Output":"--- PASS: TestTerminalDiagnosticsPrimaryStatus/pack_qualify_outside_request/healthy_stderr (0.00s)\n","OutputType":"frame"}
{"Time":"2026-10-09T19:53:28.395647877Z","Action":"pass","Package":"go.temporal.io/server/tools/gomad3/cmd/gomadtool","Test":"TestTerminalDiagnosticsPrimaryStatus/pack_qualify_outside_request/healthy_stderr","Elapsed":0}
{"Time":"2026-10-09T19:53:28.395667461Z","Action":"run","Package":"go.temporal.io/server/tools/gomad3/cmd/gomadtool","Test":"TestTerminalDiagnosticsPrimaryStatus/pack_qualify_outside_request/EBADF_stderr"}
{"Time":"2026-10-09T19:53:28.395685836Z","Action":"output","Package":"go.temporal.io/server/tools/gomad3/cmd/gomadtool","Test":"TestTerminalDiagnosticsPrimaryStatus/pack_qualify_outside_request/EBADF_stderr","Output":"=== RUN   TestTerminalDiagnosticsPrimaryStatus/pack_qualify_outside_request/EBADF_stderr\n","OutputType":"frame"}
{"Time":"2026-10-09T19:53:28.395844919Z","Action":"output","Package":"go.temporal.io/server/tools/gomad3/cmd/gomadtool","Test":"TestTerminalDiagnosticsPrimaryStatus/pack_qualify_outside_request/EBADF_stderr","Output":"--- PASS: TestTerminalDiagnosticsPrimaryStatus/pack_qualify_outside_request/EBADF_stderr (0.00s)\n","OutputType":"frame"}
{"Time":"2026-10-09T19:53:28.395875544Z","Action":"pass","Package":"go.temporal.io/server/tools/gomad3/cmd/gomadtool","Test":"TestTerminalDiagnosticsPrimaryStatus/pack_qualify_outside_request/EBADF_stderr","Elapsed":0}
{"Time":"2026-10-09T19:53:28.395894127Z","Action":"output","Package":"go.temporal.io/server/tools/gomad3/cmd/gomadtool","Test":"TestTerminalDiagnosticsPrimaryStatus/pack_qualify_outside_request","Output":"--- PASS: TestTerminalDiagnosticsPrimaryStatus/pack_qualify_outside_request (0.00s)\n","OutputType":"frame"}
{"Time":"2026-10-09T19:53:28.395911752Z","Action":"pass","Package":"go.temporal.io/server/tools/gomad3/cmd/gomadtool","Test":"TestTerminalDiagnosticsPrimaryStatus/pack_qualify_outside_request","Elapsed":0}
{"Time":"2026-10-09T19:53:28.395930544Z","Action":"run","Package":"go.temporal.io/server/tools/gomad3/cmd/gomadtool","Test":"TestTerminalDiagnosticsPrimaryStatus/pack_invalid_override"}
{"Time":"2026-10-09T19:53:28.395947086Z","Action":"output","Package":"go.temporal.io/server/tools/gomad3/cmd/gomadtool","Test":"TestTerminalDiagnosticsPrimaryStatus/pack_invalid_override","Output":"=== RUN   TestTerminalDiagnosticsPrimaryStatus/pack_invalid_override\n","OutputType":"frame"}
{"Time":"2026-10-09T19:53:28.395962919Z","Action":"run","Package":"go.temporal.io/server/tools/gomad3/cmd/gomadtool","Test":"TestTerminalDiagnosticsPrimaryStatus/pack_invalid_override/healthy_stderr"}
{"Time":"2026-10-09T19:53:28.395978836Z","Action":"output","Package":"go.temporal.io/server/tools/gomad3/cmd/gomadtool","Test":"TestTerminalDiagnosticsPrimaryStatus/pack_invalid_override/healthy_stderr","Output":"=== RUN   TestTerminalDiagnosticsPrimaryStatus/pack_invalid_override/healthy_stderr\n","OutputType":"frame"}
{"Time":"2026-10-09T19:53:28.396039044Z","Action":"output","Package":"go.temporal.io/server/tools/gomad3/cmd/gomadtool","Test":"TestTerminalDiagnosticsPrimaryStatus/pack_invalid_override/healthy_stderr","Output":"--- PASS: TestTerminalDiagnosticsPrimaryStatus/pack_invalid_override/healthy_stderr (0.00s)\n","OutputType":"frame"}
{"Time":"2026-10-09T19:53:28.396057086Z","Action":"pass","Package":"go.temporal.io/server/tools/gomad3/cmd/gomadtool","Test":"TestTerminalDiagnosticsPrimaryStatus/pack_invalid_override/healthy_stderr","Elapsed":0}
{"Time":"2026-10-09T19:53:28.396071627Z","Action":"run","Package":"go.temporal.io/server/tools/gomad3/cmd/gomadtool","Test":"TestTerminalDiagnosticsPrimaryStatus/pack_invalid_override/EBADF_stderr"}
{"Time":"2026-10-09T19:53:28.396084419Z","Action":"output","Package":"go.temporal.io/server/tools/gomad3/cmd/gomadtool","Test":"TestTerminalDiagnosticsPrimaryStatus/pack_invalid_override/EBADF_stderr","Output":"=== RUN   TestTerminalDiagnosticsPrimaryStatus/pack_invalid_override/EBADF_stderr\n","OutputType":"frame"}
{"Time":"2026-10-09T19:53:28.396248294Z","Action":"output","Package":"go.temporal.io/server/tools/gomad3/cmd/gomadtool","Test":"TestTerminalDiagnosticsPrimaryStatus/pack_invalid_override/EBADF_stderr","Output":"--- PASS: TestTerminalDiagnosticsPrimaryStatus/pack_invalid_override/EBADF_stderr (0.00s)\n","OutputType":"frame"}
{"Time":"2026-10-09T19:53:28.396261002Z","Action":"pass","Package":"go.temporal.io/server/tools/gomad3/cmd/gomadtool","Test":"TestTerminalDiagnosticsPrimaryStatus/pack_invalid_override/EBADF_stderr","Elapsed":0}
{"Time":"2026-10-09T19:53:28.396270711Z","Action":"output","Package":"go.temporal.io/server/tools/gomad3/cmd/gomadtool","Test":"TestTerminalDiagnosticsPrimaryStatus/pack_invalid_override","Output":"--- PASS: TestTerminalDiagnosticsPrimaryStatus/pack_invalid_override (0.00s)\n","OutputType":"frame"}
{"Time":"2026-10-09T19:53:28.396287169Z","Action":"pass","Package":"go.temporal.io/server/tools/gomad3/cmd/gomadtool","Test":"TestTerminalDiagnosticsPrimaryStatus/pack_invalid_override","Elapsed":0}
{"Time":"2026-10-09T19:53:28.396362544Z","Action":"output","Package":"go.temporal.io/server/tools/gomad3/cmd/gomadtool","Test":"TestTerminalDiagnosticsPrimaryStatus","Output":"--- FAIL: TestTerminalDiagnosticsPrimaryStatus (0.02s)\n","OutputType":"frame"}
{"Time":"2026-10-09T19:53:28.396375502Z","Action":"fail","Package":"go.temporal.io/server/tools/gomad3/cmd/gomadtool","Test":"TestTerminalDiagnosticsPrimaryStatus","Elapsed":0.02}
{"Time":"2026-10-09T19:53:28.396408544Z","Action":"run","Package":"go.temporal.io/server/tools/gomad3/cmd/gomadtool","Test":"TestTerminalDiagnosticsCheckedRunSequence"}
{"Time":"2026-10-09T19:53:28.396434502Z","Action":"output","Package":"go.temporal.io/server/tools/gomad3/cmd/gomadtool","Test":"TestTerminalDiagnosticsCheckedRunSequence","Output":"=== RUN   TestTerminalDiagnosticsCheckedRunSequence\n","OutputType":"frame"}
{"Time":"2026-10-09T19:53:28.396450294Z","Action":"run","Package":"go.temporal.io/server/tools/gomad3/cmd/gomadtool","Test":"TestTerminalDiagnosticsCheckedRunSequence/both_payloads"}
{"Time":"2026-10-09T19:53:28.396464461Z","Action":"output","Package":"go.temporal.io/server/tools/gomad3/cmd/gomadtool","Test":"TestTerminalDiagnosticsCheckedRunSequence/both_payloads","Output":"=== RUN   TestTerminalDiagnosticsCheckedRunSequence/both_payloads\n","OutputType":"frame"}
{"Time":"2026-10-09T19:53:28.401351502Z","Action":"output","Package":"go.temporal.io/server/tools/gomad3/cmd/gomadtool","Test":"TestTerminalDiagnosticsCheckedRunSequence/both_payloads","Output":"--- PASS: TestTerminalDiagnosticsCheckedRunSequence/both_payloads (0.00s)\n","OutputType":"frame"}
{"Time":"2026-10-09T19:53:28.401384961Z","Action":"pass","Package":"go.temporal.io/server/tools/gomad3/cmd/gomadtool","Test":"TestTerminalDiagnosticsCheckedRunSequence/both_payloads","Elapsed":0}
{"Time":"2026-10-09T19:53:28.401405669Z","Action":"run","Package":"go.temporal.io/server/tools/gomad3/cmd/gomadtool","Test":"TestTerminalDiagnosticsCheckedRunSequence/stdout_only"}
{"Time":"2026-10-09T19:53:28.401422211Z","Action":"output","Package":"go.temporal.io/server/tools/gomad3/cmd/gomadtool","Test":"TestTerminalDiagnosticsCheckedRunSequence/stdout_only","Output":"=== RUN   TestTerminalDiagnosticsCheckedRunSequence/stdout_only\n","OutputType":"frame"}
{"Time":"2026-10-09T19:53:28.404959044Z","Action":"output","Package":"go.temporal.io/server/tools/gomad3/cmd/gomadtool","Test":"TestTerminalDiagnosticsCheckedRunSequence/stdout_only","Output":"--- PASS: TestTerminalDiagnosticsCheckedRunSequence/stdout_only (0.00s)\n","OutputType":"frame"}
{"Time":"2026-10-09T19:53:28.404987794Z","Action":"pass","Package":"go.temporal.io/server/tools/gomad3/cmd/gomadtool","Test":"TestTerminalDiagnosticsCheckedRunSequence/stdout_only","Elapsed":0}
{"Time":"2026-10-09T19:53:28.405009586Z","Action":"run","Package":"go.temporal.io/server/tools/gomad3/cmd/gomadtool","Test":"TestTerminalDiagnosticsCheckedRunSequence/stderr_only"}
{"Time":"2026-10-09T19:53:28.405025377Z","Action":"output","Package":"go.temporal.io/server/tools/gomad3/cmd/gomadtool","Test":"TestTerminalDiagnosticsCheckedRunSequence/stderr_only","Output":"=== RUN   TestTerminalDiagnosticsCheckedRunSequence/stderr_only\n","OutputType":"frame"}
{"Time":"2026-10-09T19:53:28.407866211Z","Action":"output","Package":"go.temporal.io/server/tools/gomad3/cmd/gomadtool","Test":"TestTerminalDiagnosticsCheckedRunSequence/stderr_only","Output":"--- PASS: TestTerminalDiagnosticsCheckedRunSequence/stderr_only (0.00s)\n","OutputType":"frame"}
{"Time":"2026-10-09T19:53:28.407889336Z","Action":"pass","Package":"go.temporal.io/server/tools/gomad3/cmd/gomadtool","Test":"TestTerminalDiagnosticsCheckedRunSequence/stderr_only","Elapsed":0}
{"Time":"2026-10-09T19:53:28.407901461Z","Action":"run","Package":"go.temporal.io/server/tools/gomad3/cmd/gomadtool","Test":"TestTerminalDiagnosticsCheckedRunSequence/no_payload"}
{"Time":"2026-10-09T19:53:28.407912086Z","Action":"output","Package":"go.temporal.io/server/tools/gomad3/cmd/gomadtool","Test":"TestTerminalDiagnosticsCheckedRunSequence/no_payload","Output":"=== RUN   TestTerminalDiagnosticsCheckedRunSequence/no_payload\n","OutputType":"frame"}
{"Time":"2026-10-09T19:53:28.411129377Z","Action":"output","Package":"go.temporal.io/server/tools/gomad3/cmd/gomadtool","Test":"TestTerminalDiagnosticsCheckedRunSequence/no_payload","Output":"--- PASS: TestTerminalDiagnosticsCheckedRunSequence/no_payload (0.00s)\n","OutputType":"frame"}
{"Time":"2026-10-09T19:53:28.411160169Z","Action":"pass","Package":"go.temporal.io/server/tools/gomad3/cmd/gomadtool","Test":"TestTerminalDiagnosticsCheckedRunSequence/no_payload","Elapsed":0}
{"Time":"2026-10-09T19:53:28.411192086Z","Action":"run","Package":"go.temporal.io/server/tools/gomad3/cmd/gomadtool","Test":"TestTerminalDiagnosticsCheckedRunSequence/false_timeout"}
{"Time":"2026-10-09T19:53:28.411204919Z","Action":"output","Package":"go.temporal.io/server/tools/gomad3/cmd/gomadtool","Test":"TestTerminalDiagnosticsCheckedRunSequence/false_timeout","Output":"=== RUN   TestTerminalDiagnosticsCheckedRunSequence/false_timeout\n","OutputType":"frame"}
{"Time":"2026-10-09T19:53:28.415098252Z","Action":"output","Package":"go.temporal.io/server/tools/gomad3/cmd/gomadtool","Test":"TestTerminalDiagnosticsCheckedRunSequence/false_timeout","Output":"--- PASS: TestTerminalDiagnosticsCheckedRunSequence/false_timeout (0.00s)\n","OutputType":"frame"}
{"Time":"2026-10-09T19:53:28.415128544Z","Action":"pass","Package":"go.temporal.io/server/tools/gomad3/cmd/gomadtool","Test":"TestTerminalDiagnosticsCheckedRunSequence/false_timeout","Elapsed":0}
{"Time":"2026-10-09T19:53:28.415147002Z","Action":"output","Package":"go.temporal.io/server/tools/gomad3/cmd/gomadtool","Test":"TestTerminalDiagnosticsCheckedRunSequence","Output":"--- PASS: TestTerminalDiagnosticsCheckedRunSequence (0.02s)\n","OutputType":"frame"}
{"Time":"2026-10-09T19:53:28.415161627Z","Action":"pass","Package":"go.temporal.io/server/tools/gomad3/cmd/gomadtool","Test":"TestTerminalDiagnosticsCheckedRunSequence","Elapsed":0.02}
{"Time":"2026-10-09T19:53:28.415171127Z","Action":"run","Package":"go.temporal.io/server/tools/gomad3/cmd/gomadtool","Test":"TestTerminalDiagnosticsDiffSummary"}
{"Time":"2026-10-09T19:53:28.415184502Z","Action":"output","Package":"go.temporal.io/server/tools/gomad3/cmd/gomadtool","Test":"TestTerminalDiagnosticsDiffSummary","Output":"=== RUN   TestTerminalDiagnosticsDiffSummary\n","OutputType":"frame"}
{"Time":"2026-10-09T19:53:28.416127961Z","Action":"output","Package":"go.temporal.io/server/tools/gomad3/cmd/gomadtool","Test":"TestTerminalDiagnosticsDiffSummary","Output":"--- PASS: TestTerminalDiagnosticsDiffSummary (0.00s)\n","OutputType":"frame"}
{"Time":"2026-10-09T19:53:28.416152127Z","Action":"pass","Package":"go.temporal.io/server/tools/gomad3/cmd/gomadtool","Test":"TestTerminalDiagnosticsDiffSummary","Elapsed":0}
{"Time":"2026-10-09T19:53:28.416173419Z","Action":"run","Package":"go.temporal.io/server/tools/gomad3/cmd/gomadtool","Test":"TestTerminalDiagnosticsConformanceSequence"}
{"Time":"2026-10-09T19:53:28.416192627Z","Action":"output","Package":"go.temporal.io/server/tools/gomad3/cmd/gomadtool","Test":"TestTerminalDiagnosticsConformanceSequence","Output":"=== RUN   TestTerminalDiagnosticsConformanceSequence\n","OutputType":"frame"}
{"Time":"2026-10-09T19:53:28.545610169Z","Action":"output","Package":"go.temporal.io/server/tools/gomad3/cmd/gomadtool","Test":"TestTerminalDiagnosticsConformanceSequence","Output":"--- PASS: TestTerminalDiagnosticsConformanceSequence (0.13s)\n","OutputType":"frame"}
{"Time":"2026-10-09T19:53:28.545705669Z","Action":"pass","Package":"go.temporal.io/server/tools/gomad3/cmd/gomadtool","Test":"TestTerminalDiagnosticsConformanceSequence","Elapsed":0.13}
{"Time":"2026-10-09T19:53:28.545736002Z","Action":"output","Package":"go.temporal.io/server/tools/gomad3/cmd/gomadtool","Output":"FAIL\n","OutputType":"frame"}
{"Time":"2026-10-09T19:53:28.546010669Z","Action":"output","Package":"go.temporal.io/server/tools/gomad3/cmd/gomadtool","Output":"FAIL\tgo.temporal.io/server/tools/gomad3/cmd/gomadtool\t0.171s\n","OutputType":"frame"}
{"Time":"2026-10-09T19:53:28.546053711Z","Action":"fail","Package":"go.temporal.io/server/tools/gomad3/cmd/gomadtool","Elapsed":0.171}
