level=info msg="golangci-lint has version 2.13.0 built with go1.27.1 from (unknown, modified: ?, mod sum: \"h1:n/YR8sCuTAfjwKLHOU0q63X2e4tObi1PCNOz+HXJ3cE=\") on (unknown)"
level=info msg="[config_reader] Used config file ../../.github/.golangci.yml"
level=info msg="[config_reader] Module name \"go.temporal.io/server/tools/gomad3\""
level=info msg="[goenv] Read go env for 3.190042ms: map[string]string{\"GOCACHE\":\"/Users/stephan/Workspace/skunkworks/.gomad-fn10963-admission.Ho6KcW4t/go-cache\", \"GOROOT\":\"/home/agent/go/pkg/mod/golang.org/toolchain@v0.0.1-go1.27.1.linux-arm64\"}"
level=info msg="[lintersdb] Active 13 linters: [depguard errcheck exhaustive forbidigo gci godox goimports govet importas iotamixing revive staticcheck testifylint]"
level=info msg="[loader] Using build tags: [test_dep]"
level=info msg="[loader] Go packages loading at mode 8767 (files|imports|name|types_sizes|deps|exports_file|compiled_files) took 5.728367794s"
level=info msg="[runner/filename_unadjuster] Pre-built 0 adjustments in 710.993626ms"
level=info msg="[linters_context/goanalysis] analyzers took 27.453373287s with top 10 stages: revive: 11.125143839s, goimports: 4.000094585s, buildir: 2.782256701s, exhaustive: 1.333138828s, nilness: 1.066372246s, printf: 724.187041ms, fact_purity: 616.005167ms, inline: 553.708789ms, ctrlflow: 543.336754ms, gci: 535.279708ms"
level=info msg="[runner/exclusion_paths] Skipped 0 issues by pattern \"^api\""
level=info msg="[runner/exclusion_paths] Skipped 0 issues by pattern \"^proto\""
level=info msg="[runner/exclusion_paths] Skipped 0 issues by pattern \"^.git\""
level=info msg="[runner/exclusion_rules] Skipped 0 issues by rules: [Text: \"assert\\\\.CollectT\", Path: \"tests/(nexus_standalone|nexus_workflow)_test\\\\.go$\", Linters: \"forbidigo\"]"
level=info msg="[runner/exclusion_rules] Skipped 0 issues by rules: [Text: \"use of `softassert\\\\.\\\\w+`\", Linters: \"forbidigo\"]"
level=info msg="[runner/exclusion_rules] Skipped 34 issues by rules: [Text: \"time.Now\", Path Except: \"chasm/lib/.*\\\\.go$\", Linters: \"forbidigo\"]"
level=info msg="[runner/exclusion_rules] Skipped 0 issues by rules: [Text: \"panic\", Path: \"chasm/lib/activity/model/.*\\\\.go$\", Linters: \"forbidigo\"]"
level=info msg="[runner/exclusion_rules] Skipped 0 issues by rules: [Text: \"context.Background\", Path Except: \"tests/.+_test\\\\.go\", Linters: \"forbidigo\"]"
level=info msg="[runner/exclusion_rules] Skipped 0 issues by rules: [Text: \"Eventually\", Path: \"tests/(nexus_standalone|nexus_workflow|schedule|schedule_migration)_test\\\\.go$\", Linters: \"forbidigo\"]"
level=info msg="[runner/exclusion_rules] Skipped 168 issues by rules: [Path: \"^tools\\\\/.+\\\\.go\", Linters: \"revive\"]"
level=info msg="[runner/exclusion_rules] Skipped 0 issues by rules: [Text: \"^use of `panic` forbidden because \\\"Please avoid using panic in application code\\\"$\", Source: \"^\\\\t\\\\tpanic\\\\(\\\"gomad3: completed (an inactive campaign attempt|a campaign attempt without a classification)\\\"\\\\)$\", Path: \"^tools/gomad3/runner/internal/campaign/controller\\\\.go$\", Linters: \"forbidigo\"]"
level=info msg="[runner/exclusion_rules] Skipped 0 issues by rules: [Text: \"time.Sleep\", Path Except: \"_test\\\\.go|tests/.+\\\\.go\", Linters: \"forbidigo\"]"
level=info msg="[runner/exclusion_rules] Skipped 0 issues by rules: [Text: \"Unix|UnixMilli|UnixNano\", Path Except: \"common/persistence/cassandra/.*\\\\.go$\", Linters: \"forbidigo\"]"
level=info msg="[runner/exclusion_rules] Skipped 0 issues by rules: [Text: \"FunctionalTestBase\", Path: \"tests/testcore/.*\\\\.go$\", Linters: \"forbidigo\"]"
level=info msg="[runner/exclusion_rules] Skipped 0 issues by rules: [Text: \"ActiveInCluster\", Path: \"common/namespace/(namespace|replication_resolver)(_test)?\\\\.go$\", Linters: \"forbidigo\"]"
level=info msg="[runner/exclusion_rules] Skipped 37 issues by rules: [Text: \"(cyclomatic|cognitive)\", Path: \"_test\\\\.go|tests/.+\\\\.go|common/testing/\", Linters: \"revive\"]"
level=info msg="[runner/exclusion_rules] Skipped 0 issues by rules: [Text: \"SA1019: go.temporal.io/server/service/history/hsm/(callbacks|nexusoperations) is deprecated\", Linters: \"staticcheck\"]"
level=info msg="[runner/exclusion_rules] Skipped 0 issues by rules: [Text: \"time.Now\", Path: \"chasm/lib/.*_test\\\\.go$\", Linters: \"forbidigo\"]"
level=info msg="[runner/exclusion_rules] Skipped 0 issues by rules: [Text: \"Unix|UnixMilli|UnixNano\", Path: \"_test\\\\.go$\", Linters: \"forbidigo\"]"
level=info msg="[runner/exclusion_rules] Skipped 2 issues by rules: [Text: \"panic\", Path: \"_test\\\\.go|tests/.+\\\\.go|common/testing/\", Linters: \"forbidigo\"]"
level=info msg="[runner/exclusion_rules] Skipped 2 issues by rules: [Text: \"(dot-imports|unchecked-type-assertion)\", Path: \"_test\\\\.go|tests/.+\\\\.go|common/testing/\", Linters: \"revive\"]"
level=info msg="[runner] Issues before processing: 249, after processing: 6"
level=info msg="[runner] Processors filtering stat (in/out): uniq_by_line: 6/6, max_same_issues: 6/6, path_shortener: 6/6, path_prettifier: 6/6, sort_results: 6/6, path_absoluter: 249/249, cgo: 249/249, path_relativity: 249/249, exclusion_paths: 249/249, diff: 6/6, max_per_file_from_linter: 6/6, invalid_issue: 249/249, generated_file_filter: 249/249, source_code: 6/6, fixer: 6/6, max_from_linter: 6/6, severity-rules: 6/6, filename_unadjuster: 249/249, exclusion_rules: 249/6, nolint_filter: 6/6"
level=info msg="[runner] processing took 136.510291ms with stages: generated_file_filter: 105.896249ms, exclusion_rules: 12.916333ms, exclusion_paths: 9.065ms, nolint_filter: 5.418333ms, source_code: 2.93875ms, path_relativity: 224.083µs, cgo: 15.042µs, invalid_issue: 13.334µs, sort_results: 6.958µs, uniq_by_line: 6.417µs, path_absoluter: 2.375µs, filename_unadjuster: 1.709µs, path_shortener: 1.291µs, max_same_issues: 1.249µs, max_per_file_from_linter: 1.126µs, fixer: 708ns, path_prettifier: 500ns, diff: 417ns, max_from_linter: 334ns, severity-rules: 83ns"
level=info msg="[runner] linters took 15.93860055s with stages: goanalysis_metalinter: 15.801462674s"
tools/gomad3/runner/campaign.go:11:4: use of `panic` forbidden because "Please avoid using panic in application code" (forbidigo)
			panic("gomad3: duplicate execution completion")
			^
tools/gomad3/runner/campaign.go:25:3: use of `panic` forbidden because "Please avoid using panic in application code" (forbidigo)
		panic("gomad3: execution completion order has an unresolved gap")
		^
tools/gomad3/runner/completion.go:39:10: ST1005: error strings should not be capitalized (staticcheck)
			err = fmt.Errorf("World record seed or schema does not match seed %d", seed)
			      ^
tools/gomad3/runner/inspect.go:647:3: use of `panic` forbidden because "Please avoid using panic in application code" (forbidigo)
		panic(fmt.Sprintf("unknown validated choice kind %d", kind))
		^
tools/gomad3/runner/replay_operation.go:483:15: ST1005: error strings should not be capitalized (staticcheck)
		return nil, fmt.Errorf("World seed does not match target seed")
		            ^
tools/gomad3/runner/runner.go:401:33: ST1005: error strings should not be capitalized (staticcheck)
			return SeedSelection{}, nil, fmt.Errorf("Runner build identity is required for campaign resume")
			                             ^
6 issues:
* forbidigo: 3
* staticcheck: 3
level=info msg="File cache stats: 5 entries of total size 121.8KiB"
level=info msg="Memory: 208 samples, avg is 207.6MB, max is 345.4MB"
level=info msg="Execution took 22.475636928s"
