{"Time":"2026-10-08T23:54:27.111515518Z","Action":"start","Package":"go.temporal.io/server/tools/gomad3/target"}
{"Time":"2026-10-08T23:54:27.116061601Z","Action":"run","Package":"go.temporal.io/server/tools/gomad3/target","Test":"TestGoCommandSourcePreparationRestoresWholeIdentity"}
{"Time":"2026-10-08T23:54:27.116110643Z","Action":"output","Package":"go.temporal.io/server/tools/gomad3/target","Test":"TestGoCommandSourcePreparationRestoresWholeIdentity","Output":"=== RUN   TestGoCommandSourcePreparationRestoresWholeIdentity\n","OutputType":"frame"}
{"Time":"2026-10-08T23:54:27.122674726Z","Action":"run","Package":"go.temporal.io/server/tools/gomad3/target","Test":"TestGoCommandSourcePreparationRestoresWholeIdentity/fresh"}
{"Time":"2026-10-08T23:54:27.122713268Z","Action":"output","Package":"go.temporal.io/server/tools/gomad3/target","Test":"TestGoCommandSourcePreparationRestoresWholeIdentity/fresh","Output":"=== RUN   TestGoCommandSourcePreparationRestoresWholeIdentity/fresh\n","OutputType":"frame"}
{"Time":"2026-10-08T23:54:27.623318685Z","Action":"output","Package":"go.temporal.io/server/tools/gomad3/target","Test":"TestGoCommandSourcePreparationRestoresWholeIdentity/fresh","Output":"--- PASS: TestGoCommandSourcePreparationRestoresWholeIdentity/fresh (0.50s)\n","OutputType":"frame"}
{"Time":"2026-10-08T23:54:27.624551102Z","Action":"pass","Package":"go.temporal.io/server/tools/gomad3/target","Test":"TestGoCommandSourcePreparationRestoresWholeIdentity/fresh","Elapsed":0.5}
{"Time":"2026-10-08T23:54:27.624744893Z","Action":"run","Package":"go.temporal.io/server/tools/gomad3/target","Test":"TestGoCommandSourcePreparationRestoresWholeIdentity/restored"}
{"Time":"2026-10-08T23:54:27.624881018Z","Action":"output","Package":"go.temporal.io/server/tools/gomad3/target","Test":"TestGoCommandSourcePreparationRestoresWholeIdentity/restored","Output":"=== RUN   TestGoCommandSourcePreparationRestoresWholeIdentity/restored\n","OutputType":"frame"}
{"Time":"2026-10-08T23:54:27.690581435Z","Action":"output","Package":"go.temporal.io/server/tools/gomad3/target","Test":"TestGoCommandSourcePreparationRestoresWholeIdentity/restored","Output":"--- PASS: TestGoCommandSourcePreparationRestoresWholeIdentity/restored (0.07s)\n","OutputType":"frame"}
{"Time":"2026-10-08T23:54:27.69655731Z","Action":"pass","Package":"go.temporal.io/server/tools/gomad3/target","Test":"TestGoCommandSourcePreparationRestoresWholeIdentity/restored","Elapsed":0.07}
{"Time":"2026-10-08T23:54:27.696971393Z","Action":"run","Package":"go.temporal.io/server/tools/gomad3/target","Test":"TestGoCommandSourcePreparationRestoresWholeIdentity/changed_source"}
{"Time":"2026-10-08T23:54:27.697123852Z","Action":"output","Package":"go.temporal.io/server/tools/gomad3/target","Test":"TestGoCommandSourcePreparationRestoresWholeIdentity/changed_source","Output":"=== RUN   TestGoCommandSourcePreparationRestoresWholeIdentity/changed_source\n","OutputType":"frame"}
{"Time":"2026-10-08T23:54:27.96045331Z","Action":"output","Package":"go.temporal.io/server/tools/gomad3/target","Test":"TestGoCommandSourcePreparationRestoresWholeIdentity/changed_source","Output":"--- PASS: TestGoCommandSourcePreparationRestoresWholeIdentity/changed_source (0.27s)\n","OutputType":"frame"}
{"Time":"2026-10-08T23:54:27.960533352Z","Action":"pass","Package":"go.temporal.io/server/tools/gomad3/target","Test":"TestGoCommandSourcePreparationRestoresWholeIdentity/changed_source","Elapsed":0.27}
{"Time":"2026-10-08T23:54:27.990249852Z","Action":"output","Package":"go.temporal.io/server/tools/gomad3/target","Test":"TestGoCommandSourcePreparationRestoresWholeIdentity","Output":"--- PASS: TestGoCommandSourcePreparationRestoresWholeIdentity (0.87s)\n","OutputType":"frame"}
{"Time":"2026-10-08T23:54:27.99093481Z","Action":"pass","Package":"go.temporal.io/server/tools/gomad3/target","Test":"TestGoCommandSourcePreparationRestoresWholeIdentity","Elapsed":0.87}
{"Time":"2026-10-08T23:54:27.991020185Z","Action":"run","Package":"go.temporal.io/server/tools/gomad3/target","Test":"TestGoCommandSourceBuildReleasesCacheForEveryOutcome"}
{"Time":"2026-10-08T23:54:27.991082852Z","Action":"output","Package":"go.temporal.io/server/tools/gomad3/target","Test":"TestGoCommandSourceBuildReleasesCacheForEveryOutcome","Output":"=== RUN   TestGoCommandSourceBuildReleasesCacheForEveryOutcome\n","OutputType":"frame"}
{"Time":"2026-10-08T23:54:27.991739352Z","Action":"run","Package":"go.temporal.io/server/tools/gomad3/target","Test":"TestGoCommandSourceBuildReleasesCacheForEveryOutcome/success"}
{"Time":"2026-10-08T23:54:27.991787144Z","Action":"output","Package":"go.temporal.io/server/tools/gomad3/target","Test":"TestGoCommandSourceBuildReleasesCacheForEveryOutcome/success","Output":"=== RUN   TestGoCommandSourceBuildReleasesCacheForEveryOutcome/success\n","OutputType":"frame"}
{"Time":"2026-10-08T23:54:28.012046019Z","Action":"output","Package":"go.temporal.io/server/tools/gomad3/target","Test":"TestGoCommandSourceBuildReleasesCacheForEveryOutcome/success","Output":"--- PASS: TestGoCommandSourceBuildReleasesCacheForEveryOutcome/success (0.02s)\n","OutputType":"frame"}
{"Time":"2026-10-08T23:54:28.01569106Z","Action":"pass","Package":"go.temporal.io/server/tools/gomad3/target","Test":"TestGoCommandSourceBuildReleasesCacheForEveryOutcome/success","Elapsed":0.02}
{"Time":"2026-10-08T23:54:28.020142352Z","Action":"run","Package":"go.temporal.io/server/tools/gomad3/target","Test":"TestGoCommandSourceBuildReleasesCacheForEveryOutcome/compiler"}
{"Time":"2026-10-08T23:54:28.02102556Z","Action":"output","Package":"go.temporal.io/server/tools/gomad3/target","Test":"TestGoCommandSourceBuildReleasesCacheForEveryOutcome/compiler","Output":"=== RUN   TestGoCommandSourceBuildReleasesCacheForEveryOutcome/compiler\n","OutputType":"frame"}
{"Time":"2026-10-08T23:54:28.03277806Z","Action":"output","Package":"go.temporal.io/server/tools/gomad3/target","Test":"TestGoCommandSourceBuildReleasesCacheForEveryOutcome/compiler","Output":"--- PASS: TestGoCommandSourceBuildReleasesCacheForEveryOutcome/compiler (0.02s)\n","OutputType":"frame"}
{"Time":"2026-10-08T23:54:28.033146477Z","Action":"pass","Package":"go.temporal.io/server/tools/gomad3/target","Test":"TestGoCommandSourceBuildReleasesCacheForEveryOutcome/compiler","Elapsed":0.02}
{"Time":"2026-10-08T23:54:28.034236769Z","Action":"run","Package":"go.temporal.io/server/tools/gomad3/target","Test":"TestGoCommandSourceBuildReleasesCacheForEveryOutcome/cancel"}
{"Time":"2026-10-08T23:54:28.034435769Z","Action":"output","Package":"go.temporal.io/server/tools/gomad3/target","Test":"TestGoCommandSourceBuildReleasesCacheForEveryOutcome/cancel","Output":"=== RUN   TestGoCommandSourceBuildReleasesCacheForEveryOutcome/cancel\n","OutputType":"frame"}
{"Time":"2026-10-08T23:54:28.05406281Z","Action":"output","Package":"go.temporal.io/server/tools/gomad3/target","Test":"TestGoCommandSourceBuildReleasesCacheForEveryOutcome/cancel","Output":"--- PASS: TestGoCommandSourceBuildReleasesCacheForEveryOutcome/cancel (0.02s)\n","OutputType":"frame"}
{"Time":"2026-10-08T23:54:28.05415931Z","Action":"pass","Package":"go.temporal.io/server/tools/gomad3/target","Test":"TestGoCommandSourceBuildReleasesCacheForEveryOutcome/cancel","Elapsed":0.02}
{"Time":"2026-10-08T23:54:28.054208352Z","Action":"run","Package":"go.temporal.io/server/tools/gomad3/target","Test":"TestGoCommandSourceBuildReleasesCacheForEveryOutcome/timeout"}
{"Time":"2026-10-08T23:54:28.054255352Z","Action":"output","Package":"go.temporal.io/server/tools/gomad3/target","Test":"TestGoCommandSourceBuildReleasesCacheForEveryOutcome/timeout","Output":"=== RUN   TestGoCommandSourceBuildReleasesCacheForEveryOutcome/timeout\n","OutputType":"frame"}
{"Time":"2026-10-08T23:54:28.085625269Z","Action":"output","Package":"go.temporal.io/server/tools/gomad3/target","Test":"TestGoCommandSourceBuildReleasesCacheForEveryOutcome/timeout","Output":"--- PASS: TestGoCommandSourceBuildReleasesCacheForEveryOutcome/timeout (0.03s)\n","OutputType":"frame"}
{"Time":"2026-10-08T23:54:28.086273185Z","Action":"pass","Package":"go.temporal.io/server/tools/gomad3/target","Test":"TestGoCommandSourceBuildReleasesCacheForEveryOutcome/timeout","Elapsed":0.03}
{"Time":"2026-10-08T23:54:28.086886644Z","Action":"run","Package":"go.temporal.io/server/tools/gomad3/target","Test":"TestGoCommandSourceBuildReleasesCacheForEveryOutcome/infrastructure"}
{"Time":"2026-10-08T23:54:28.087061227Z","Action":"output","Package":"go.temporal.io/server/tools/gomad3/target","Test":"TestGoCommandSourceBuildReleasesCacheForEveryOutcome/infrastructure","Output":"=== RUN   TestGoCommandSourceBuildReleasesCacheForEveryOutcome/infrastructure\n","OutputType":"frame"}
{"Time":"2026-10-08T23:54:28.117361894Z","Action":"output","Package":"go.temporal.io/server/tools/gomad3/target","Test":"TestGoCommandSourceBuildReleasesCacheForEveryOutcome/infrastructure","Output":"--- PASS: TestGoCommandSourceBuildReleasesCacheForEveryOutcome/infrastructure (0.03s)\n","OutputType":"frame"}
{"Time":"2026-10-08T23:54:28.12191531Z","Action":"pass","Package":"go.temporal.io/server/tools/gomad3/target","Test":"TestGoCommandSourceBuildReleasesCacheForEveryOutcome/infrastructure","Elapsed":0.03}
{"Time":"2026-10-08T23:54:28.133569227Z","Action":"output","Package":"go.temporal.io/server/tools/gomad3/target","Test":"TestGoCommandSourceBuildReleasesCacheForEveryOutcome","Output":"--- PASS: TestGoCommandSourceBuildReleasesCacheForEveryOutcome (0.13s)\n","OutputType":"frame"}
{"Time":"2026-10-08T23:54:28.134588477Z","Action":"pass","Package":"go.temporal.io/server/tools/gomad3/target","Test":"TestGoCommandSourceBuildReleasesCacheForEveryOutcome","Elapsed":0.13}
{"Time":"2026-10-08T23:54:28.13553181Z","Action":"run","Package":"go.temporal.io/server/tools/gomad3/target","Test":"TestGoCommandSourcePublicQueries"}
{"Time":"2026-10-08T23:54:28.137701685Z","Action":"output","Package":"go.temporal.io/server/tools/gomad3/target","Test":"TestGoCommandSourcePublicQueries","Output":"=== RUN   TestGoCommandSourcePublicQueries\n","OutputType":"frame"}
{"Time":"2026-10-08T23:54:28.139976727Z","Action":"run","Package":"go.temporal.io/server/tools/gomad3/target","Test":"TestGoCommandSourcePublicQueries/cache"}
{"Time":"2026-10-08T23:54:28.140045852Z","Action":"output","Package":"go.temporal.io/server/tools/gomad3/target","Test":"TestGoCommandSourcePublicQueries/cache","Output":"=== RUN   TestGoCommandSourcePublicQueries/cache\n","OutputType":"frame"}
{"Time":"2026-10-08T23:54:28.141202394Z","Action":"output","Package":"go.temporal.io/server/tools/gomad3/target","Test":"TestGoCommandSourcePublicQueries/cache","Output":"--- PASS: TestGoCommandSourcePublicQueries/cache (0.02s)\n","OutputType":"frame"}
{"Time":"2026-10-08T23:54:28.142102394Z","Action":"pass","Package":"go.temporal.io/server/tools/gomad3/target","Test":"TestGoCommandSourcePublicQueries/cache","Elapsed":0.02}
{"Time":"2026-10-08T23:54:28.142186685Z","Action":"run","Package":"go.temporal.io/server/tools/gomad3/target","Test":"TestGoCommandSourcePublicQueries/relative_cache"}
{"Time":"2026-10-08T23:54:28.142232685Z","Action":"output","Package":"go.temporal.io/server/tools/gomad3/target","Test":"TestGoCommandSourcePublicQueries/relative_cache","Output":"=== RUN   TestGoCommandSourcePublicQueries/relative_cache\n","OutputType":"frame"}
{"Time":"2026-10-08T23:54:28.153612435Z","Action":"output","Package":"go.temporal.io/server/tools/gomad3/target","Test":"TestGoCommandSourcePublicQueries/relative_cache","Output":"--- PASS: TestGoCommandSourcePublicQueries/relative_cache (0.01s)\n","OutputType":"frame"}
{"Time":"2026-10-08T23:54:28.153674685Z","Action":"pass","Package":"go.temporal.io/server/tools/gomad3/target","Test":"TestGoCommandSourcePublicQueries/relative_cache","Elapsed":0.01}
{"Time":"2026-10-08T23:54:28.153828852Z","Action":"run","Package":"go.temporal.io/server/tools/gomad3/target","Test":"TestGoCommandSourcePublicQueries/multiple_cache_lines"}
{"Time":"2026-10-08T23:54:28.153934977Z","Action":"output","Package":"go.temporal.io/server/tools/gomad3/target","Test":"TestGoCommandSourcePublicQueries/multiple_cache_lines","Output":"=== RUN   TestGoCommandSourcePublicQueries/multiple_cache_lines\n","OutputType":"frame"}
{"Time":"2026-10-08T23:54:28.165578852Z","Action":"output","Package":"go.temporal.io/server/tools/gomad3/target","Test":"TestGoCommandSourcePublicQueries/multiple_cache_lines","Output":"--- PASS: TestGoCommandSourcePublicQueries/multiple_cache_lines (0.01s)\n","OutputType":"frame"}
{"Time":"2026-10-08T23:54:28.16578881Z","Action":"pass","Package":"go.temporal.io/server/tools/gomad3/target","Test":"TestGoCommandSourcePublicQueries/multiple_cache_lines","Elapsed":0.01}
{"Time":"2026-10-08T23:54:28.165930477Z","Action":"run","Package":"go.temporal.io/server/tools/gomad3/target","Test":"TestGoCommandSourcePublicQueries/missing_cache"}
{"Time":"2026-10-08T23:54:28.166328227Z","Action":"output","Package":"go.temporal.io/server/tools/gomad3/target","Test":"TestGoCommandSourcePublicQueries/missing_cache","Output":"=== RUN   TestGoCommandSourcePublicQueries/missing_cache\n","OutputType":"frame"}
{"Time":"2026-10-08T23:54:28.175086519Z","Action":"output","Package":"go.temporal.io/server/tools/gomad3/target","Test":"TestGoCommandSourcePublicQueries/missing_cache","Output":"--- PASS: TestGoCommandSourcePublicQueries/missing_cache (0.01s)\n","OutputType":"frame"}
{"Time":"2026-10-08T23:54:28.176683102Z","Action":"pass","Package":"go.temporal.io/server/tools/gomad3/target","Test":"TestGoCommandSourcePublicQueries/missing_cache","Elapsed":0.01}
{"Time":"2026-10-08T23:54:28.176755102Z","Action":"run","Package":"go.temporal.io/server/tools/gomad3/target","Test":"TestGoCommandSourcePublicQueries/download"}
{"Time":"2026-10-08T23:54:28.177661852Z","Action":"output","Package":"go.temporal.io/server/tools/gomad3/target","Test":"TestGoCommandSourcePublicQueries/download","Output":"=== RUN   TestGoCommandSourcePublicQueries/download\n","OutputType":"frame"}
{"Time":"2026-10-08T23:54:28.186183435Z","Action":"output","Package":"go.temporal.io/server/tools/gomad3/target","Test":"TestGoCommandSourcePublicQueries/download","Output":"--- PASS: TestGoCommandSourcePublicQueries/download (0.01s)\n","OutputType":"frame"}
{"Time":"2026-10-08T23:54:28.186293435Z","Action":"pass","Package":"go.temporal.io/server/tools/gomad3/target","Test":"TestGoCommandSourcePublicQueries/download","Elapsed":0.01}
{"Time":"2026-10-08T23:54:28.187329852Z","Action":"run","Package":"go.temporal.io/server/tools/gomad3/target","Test":"TestGoCommandSourcePublicQueries/checksum"}
{"Time":"2026-10-08T23:54:28.18889281Z","Action":"output","Package":"go.temporal.io/server/tools/gomad3/target","Test":"TestGoCommandSourcePublicQueries/checksum","Output":"=== RUN   TestGoCommandSourcePublicQueries/checksum\n","OutputType":"frame"}
{"Time":"2026-10-08T23:54:28.198237644Z","Action":"output","Package":"go.temporal.io/server/tools/gomad3/target","Test":"TestGoCommandSourcePublicQueries/checksum","Output":"--- PASS: TestGoCommandSourcePublicQueries/checksum (0.01s)\n","OutputType":"frame"}
{"Time":"2026-10-08T23:54:28.19912756Z","Action":"pass","Package":"go.temporal.io/server/tools/gomad3/target","Test":"TestGoCommandSourcePublicQueries/checksum","Elapsed":0.01}
{"Time":"2026-10-08T23:54:28.200590394Z","Action":"run","Package":"go.temporal.io/server/tools/gomad3/target","Test":"TestGoCommandSourcePublicQueries/reported_download_error"}
{"Time":"2026-10-08T23:54:28.200656644Z","Action":"output","Package":"go.temporal.io/server/tools/gomad3/target","Test":"TestGoCommandSourcePublicQueries/reported_download_error","Output":"=== RUN   TestGoCommandSourcePublicQueries/reported_download_error\n","OutputType":"frame"}
{"Time":"2026-10-08T23:54:28.207677019Z","Action":"output","Package":"go.temporal.io/server/tools/gomad3/target","Test":"TestGoCommandSourcePublicQueries/reported_download_error","Output":"--- PASS: TestGoCommandSourcePublicQueries/reported_download_error (0.01s)\n","OutputType":"frame"}
{"Time":"2026-10-08T23:54:28.207761894Z","Action":"pass","Package":"go.temporal.io/server/tools/gomad3/target","Test":"TestGoCommandSourcePublicQueries/reported_download_error","Elapsed":0.01}
{"Time":"2026-10-08T23:54:28.207983769Z","Action":"run","Package":"go.temporal.io/server/tools/gomad3/target","Test":"TestGoCommandSourcePublicQueries/command_error"}
{"Time":"2026-10-08T23:54:28.208068644Z","Action":"output","Package":"go.temporal.io/server/tools/gomad3/target","Test":"TestGoCommandSourcePublicQueries/command_error","Output":"=== RUN   TestGoCommandSourcePublicQueries/command_error\n","OutputType":"frame"}
{"Time":"2026-10-08T23:54:28.21566231Z","Action":"output","Package":"go.temporal.io/server/tools/gomad3/target","Test":"TestGoCommandSourcePublicQueries/command_error","Output":"--- PASS: TestGoCommandSourcePublicQueries/command_error (0.01s)\n","OutputType":"frame"}
{"Time":"2026-10-08T23:54:28.215782935Z","Action":"pass","Package":"go.temporal.io/server/tools/gomad3/target","Test":"TestGoCommandSourcePublicQueries/command_error","Elapsed":0.01}
{"Time":"2026-10-08T23:54:28.215966435Z","Action":"run","Package":"go.temporal.io/server/tools/gomad3/target","Test":"TestGoCommandSourcePublicQueries/malformed_and_command_error"}
{"Time":"2026-10-08T23:54:28.216789602Z","Action":"output","Package":"go.temporal.io/server/tools/gomad3/target","Test":"TestGoCommandSourcePublicQueries/malformed_and_command_error","Output":"=== RUN   TestGoCommandSourcePublicQueries/malformed_and_command_error\n","OutputType":"frame"}
{"Time":"2026-10-08T23:54:28.223535144Z","Action":"output","Package":"go.temporal.io/server/tools/gomad3/target","Test":"TestGoCommandSourcePublicQueries/malformed_and_command_error","Output":"--- PASS: TestGoCommandSourcePublicQueries/malformed_and_command_error (0.01s)\n","OutputType":"frame"}
{"Time":"2026-10-08T23:54:28.223979935Z","Action":"pass","Package":"go.temporal.io/server/tools/gomad3/target","Test":"TestGoCommandSourcePublicQueries/malformed_and_command_error","Elapsed":0.01}
{"Time":"2026-10-08T23:54:28.246648769Z","Action":"output","Package":"go.temporal.io/server/tools/gomad3/target","Test":"TestGoCommandSourcePublicQueries","Output":"--- PASS: TestGoCommandSourcePublicQueries (0.13s)\n","OutputType":"frame"}
{"Time":"2026-10-08T23:54:28.246772269Z","Action":"pass","Package":"go.temporal.io/server/tools/gomad3/target","Test":"TestGoCommandSourcePublicQueries","Elapsed":0.13}
{"Time":"2026-10-08T23:54:28.246845477Z","Action":"run","Package":"go.temporal.io/server/tools/gomad3/target","Test":"TestGoCommandSourceDownloadCancellationPreservesDecoderPrecedence"}
{"Time":"2026-10-08T23:54:28.246882644Z","Action":"output","Package":"go.temporal.io/server/tools/gomad3/target","Test":"TestGoCommandSourceDownloadCancellationPreservesDecoderPrecedence","Output":"=== RUN   TestGoCommandSourceDownloadCancellationPreservesDecoderPrecedence\n","OutputType":"frame"}
{"Time":"2026-10-08T23:54:28.246956602Z","Action":"run","Package":"go.temporal.io/server/tools/gomad3/target","Test":"TestGoCommandSourceDownloadCancellationPreservesDecoderPrecedence/before_cancellation"}
{"Time":"2026-10-08T23:54:28.247047727Z","Action":"output","Package":"go.temporal.io/server/tools/gomad3/target","Test":"TestGoCommandSourceDownloadCancellationPreservesDecoderPrecedence/before_cancellation","Output":"=== RUN   TestGoCommandSourceDownloadCancellationPreservesDecoderPrecedence/before_cancellation\n","OutputType":"frame"}
{"Time":"2026-10-08T23:54:28.27653181Z","Action":"output","Package":"go.temporal.io/server/tools/gomad3/target","Test":"TestGoCommandSourceDownloadCancellationPreservesDecoderPrecedence/before_cancellation","Output":"--- PASS: TestGoCommandSourceDownloadCancellationPreservesDecoderPrecedence/before_cancellation (0.03s)\n","OutputType":"frame"}
{"Time":"2026-10-08T23:54:28.27665456Z","Action":"pass","Package":"go.temporal.io/server/tools/gomad3/target","Test":"TestGoCommandSourceDownloadCancellationPreservesDecoderPrecedence/before_cancellation","Elapsed":0.03}
{"Time":"2026-10-08T23:54:28.276842185Z","Action":"run","Package":"go.temporal.io/server/tools/gomad3/target","Test":"TestGoCommandSourceDownloadCancellationPreservesDecoderPrecedence/acknowledged_cancellation"}
{"Time":"2026-10-08T23:54:28.277033519Z","Action":"output","Package":"go.temporal.io/server/tools/gomad3/target","Test":"TestGoCommandSourceDownloadCancellationPreservesDecoderPrecedence/acknowledged_cancellation","Output":"=== RUN   TestGoCommandSourceDownloadCancellationPreservesDecoderPrecedence/acknowledged_cancellation\n","OutputType":"frame"}
{"Time":"2026-10-08T23:54:28.296067227Z","Action":"output","Package":"go.temporal.io/server/tools/gomad3/target","Test":"TestGoCommandSourceDownloadCancellationPreservesDecoderPrecedence/acknowledged_cancellation","Output":"--- PASS: TestGoCommandSourceDownloadCancellationPreservesDecoderPrecedence/acknowledged_cancellation (0.02s)\n","OutputType":"frame"}
{"Time":"2026-10-08T23:54:28.296768477Z","Action":"pass","Package":"go.temporal.io/server/tools/gomad3/target","Test":"TestGoCommandSourceDownloadCancellationPreservesDecoderPrecedence/acknowledged_cancellation","Elapsed":0.02}
{"Time":"2026-10-08T23:54:28.296897394Z","Action":"run","Package":"go.temporal.io/server/tools/gomad3/target","Test":"TestGoCommandSourceDownloadCancellationPreservesDecoderPrecedence/acknowledged_deadline"}
{"Time":"2026-10-08T23:54:28.29693056Z","Action":"output","Package":"go.temporal.io/server/tools/gomad3/target","Test":"TestGoCommandSourceDownloadCancellationPreservesDecoderPrecedence/acknowledged_deadline","Output":"=== RUN   TestGoCommandSourceDownloadCancellationPreservesDecoderPrecedence/acknowledged_deadline\n","OutputType":"frame"}
{"Time":"2026-10-08T23:54:29.298649061Z","Action":"output","Package":"go.temporal.io/server/tools/gomad3/target","Test":"TestGoCommandSourceDownloadCancellationPreservesDecoderPrecedence/acknowledged_deadline","Output":"--- PASS: TestGoCommandSourceDownloadCancellationPreservesDecoderPrecedence/acknowledged_deadline (1.00s)\n","OutputType":"frame"}
{"Time":"2026-10-08T23:54:29.298735644Z","Action":"pass","Package":"go.temporal.io/server/tools/gomad3/target","Test":"TestGoCommandSourceDownloadCancellationPreservesDecoderPrecedence/acknowledged_deadline","Elapsed":1}
{"Time":"2026-10-08T23:54:29.298765644Z","Action":"output","Package":"go.temporal.io/server/tools/gomad3/target","Test":"TestGoCommandSourceDownloadCancellationPreservesDecoderPrecedence","Output":"--- PASS: TestGoCommandSourceDownloadCancellationPreservesDecoderPrecedence (1.05s)\n","OutputType":"frame"}
{"Time":"2026-10-08T23:54:29.298789894Z","Action":"pass","Package":"go.temporal.io/server/tools/gomad3/target","Test":"TestGoCommandSourceDownloadCancellationPreservesDecoderPrecedence","Elapsed":1.05}
{"Time":"2026-10-08T23:54:29.298815061Z","Action":"run","Package":"go.temporal.io/server/tools/gomad3/target","Test":"TestGoCommandSourceQueryOutputPreservesRawExit"}
{"Time":"2026-10-08T23:54:29.298830019Z","Action":"output","Package":"go.temporal.io/server/tools/gomad3/target","Test":"TestGoCommandSourceQueryOutputPreservesRawExit","Output":"=== RUN   TestGoCommandSourceQueryOutputPreservesRawExit\n","OutputType":"frame"}
{"Time":"2026-10-08T23:54:29.298871977Z","Action":"run","Package":"go.temporal.io/server/tools/gomad3/target","Test":"TestGoCommandSourceQueryOutputPreservesRawExit/identity_capacity=false"}
{"Time":"2026-10-08T23:54:29.298898269Z","Action":"output","Package":"go.temporal.io/server/tools/gomad3/target","Test":"TestGoCommandSourceQueryOutputPreservesRawExit/identity_capacity=false","Output":"=== RUN   TestGoCommandSourceQueryOutputPreservesRawExit/identity_capacity=false\n","OutputType":"frame"}
{"Time":"2026-10-08T23:54:29.302639936Z","Action":"output","Package":"go.temporal.io/server/tools/gomad3/target","Test":"TestGoCommandSourceQueryOutputPreservesRawExit/identity_capacity=false","Output":"--- PASS: TestGoCommandSourceQueryOutputPreservesRawExit/identity_capacity=false (0.00s)\n","OutputType":"frame"}
{"Time":"2026-10-08T23:54:29.302687186Z","Action":"pass","Package":"go.temporal.io/server/tools/gomad3/target","Test":"TestGoCommandSourceQueryOutputPreservesRawExit/identity_capacity=false","Elapsed":0}
{"Time":"2026-10-08T23:54:29.302713019Z","Action":"run","Package":"go.temporal.io/server/tools/gomad3/target","Test":"TestGoCommandSourceQueryOutputPreservesRawExit/identity_capacity=true"}
{"Time":"2026-10-08T23:54:29.302733477Z","Action":"output","Package":"go.temporal.io/server/tools/gomad3/target","Test":"TestGoCommandSourceQueryOutputPreservesRawExit/identity_capacity=true","Output":"=== RUN   TestGoCommandSourceQueryOutputPreservesRawExit/identity_capacity=true\n","OutputType":"frame"}
{"Time":"2026-10-08T23:54:29.306249061Z","Action":"output","Package":"go.temporal.io/server/tools/gomad3/target","Test":"TestGoCommandSourceQueryOutputPreservesRawExit/identity_capacity=true","Output":"--- PASS: TestGoCommandSourceQueryOutputPreservesRawExit/identity_capacity=true (0.00s)\n","OutputType":"frame"}
{"Time":"2026-10-08T23:54:29.306291936Z","Action":"pass","Package":"go.temporal.io/server/tools/gomad3/target","Test":"TestGoCommandSourceQueryOutputPreservesRawExit/identity_capacity=true","Elapsed":0}
{"Time":"2026-10-08T23:54:29.306315811Z","Action":"run","Package":"go.temporal.io/server/tools/gomad3/target","Test":"TestGoCommandSourceQueryOutputPreservesRawExit/cache_capacity=false"}
{"Time":"2026-10-08T23:54:29.306358019Z","Action":"output","Package":"go.temporal.io/server/tools/gomad3/target","Test":"TestGoCommandSourceQueryOutputPreservesRawExit/cache_capacity=false","Output":"=== RUN   TestGoCommandSourceQueryOutputPreservesRawExit/cache_capacity=false\n","OutputType":"frame"}
{"Time":"2026-10-08T23:54:29.308154477Z","Action":"output","Package":"go.temporal.io/server/tools/gomad3/target","Test":"TestGoCommandSourceQueryOutputPreservesRawExit/cache_capacity=false","Output":"--- PASS: TestGoCommandSourceQueryOutputPreservesRawExit/cache_capacity=false (0.00s)\n","OutputType":"frame"}
{"Time":"2026-10-08T23:54:29.308178519Z","Action":"pass","Package":"go.temporal.io/server/tools/gomad3/target","Test":"TestGoCommandSourceQueryOutputPreservesRawExit/cache_capacity=false","Elapsed":0}
{"Time":"2026-10-08T23:54:29.308190977Z","Action":"run","Package":"go.temporal.io/server/tools/gomad3/target","Test":"TestGoCommandSourceQueryOutputPreservesRawExit/cache_capacity=true"}
{"Time":"2026-10-08T23:54:29.308203061Z","Action":"output","Package":"go.temporal.io/server/tools/gomad3/target","Test":"TestGoCommandSourceQueryOutputPreservesRawExit/cache_capacity=true","Output":"=== RUN   TestGoCommandSourceQueryOutputPreservesRawExit/cache_capacity=true\n","OutputType":"frame"}
{"Time":"2026-10-08T23:54:29.310850727Z","Action":"output","Package":"go.temporal.io/server/tools/gomad3/target","Test":"TestGoCommandSourceQueryOutputPreservesRawExit/cache_capacity=true","Output":"--- PASS: TestGoCommandSourceQueryOutputPreservesRawExit/cache_capacity=true (0.00s)\n","OutputType":"frame"}
{"Time":"2026-10-08T23:54:29.310874352Z","Action":"pass","Package":"go.temporal.io/server/tools/gomad3/target","Test":"TestGoCommandSourceQueryOutputPreservesRawExit/cache_capacity=true","Elapsed":0}
{"Time":"2026-10-08T23:54:29.310914144Z","Action":"output","Package":"go.temporal.io/server/tools/gomad3/target","Test":"TestGoCommandSourceQueryOutputPreservesRawExit","Output":"--- PASS: TestGoCommandSourceQueryOutputPreservesRawExit (0.01s)\n","OutputType":"frame"}
{"Time":"2026-10-08T23:54:29.310934936Z","Action":"pass","Package":"go.temporal.io/server/tools/gomad3/target","Test":"TestGoCommandSourceQueryOutputPreservesRawExit","Elapsed":0.01}
{"Time":"2026-10-08T23:54:29.310955311Z","Action":"run","Package":"go.temporal.io/server/tools/gomad3/target","Test":"TestGoCommandSourceBuildPreservesRawOrderedDiagnostics"}
{"Time":"2026-10-08T23:54:29.310976561Z","Action":"output","Package":"go.temporal.io/server/tools/gomad3/target","Test":"TestGoCommandSourceBuildPreservesRawOrderedDiagnostics","Output":"=== RUN   TestGoCommandSourceBuildPreservesRawOrderedDiagnostics\n","OutputType":"frame"}
{"Time":"2026-10-08T23:54:29.314773811Z","Action":"output","Package":"go.temporal.io/server/tools/gomad3/target","Test":"TestGoCommandSourceBuildPreservesRawOrderedDiagnostics","Output":"--- PASS: TestGoCommandSourceBuildPreservesRawOrderedDiagnostics (0.00s)\n","OutputType":"frame"}
{"Time":"2026-10-08T23:54:29.314801936Z","Action":"pass","Package":"go.temporal.io/server/tools/gomad3/target","Test":"TestGoCommandSourceBuildPreservesRawOrderedDiagnostics","Elapsed":0}
{"Time":"2026-10-08T23:54:29.314824436Z","Action":"run","Package":"go.temporal.io/server/tools/gomad3/target","Test":"TestGoCommandSourcePreparationIdentityKeepsBackgroundTiming"}
{"Time":"2026-10-08T23:54:29.314845311Z","Action":"output","Package":"go.temporal.io/server/tools/gomad3/target","Test":"TestGoCommandSourcePreparationIdentityKeepsBackgroundTiming","Output":"=== RUN   TestGoCommandSourcePreparationIdentityKeepsBackgroundTiming\n","OutputType":"frame"}
{"Time":"2026-10-08T23:54:29.317123186Z","Action":"output","Package":"go.temporal.io/server/tools/gomad3/target","Test":"TestGoCommandSourcePreparationIdentityKeepsBackgroundTiming","Output":"--- PASS: TestGoCommandSourcePreparationIdentityKeepsBackgroundTiming (0.00s)\n","OutputType":"frame"}
{"Time":"2026-10-08T23:54:29.317144102Z","Action":"pass","Package":"go.temporal.io/server/tools/gomad3/target","Test":"TestGoCommandSourcePreparationIdentityKeepsBackgroundTiming","Elapsed":0}
{"Time":"2026-10-08T23:54:29.317162436Z","Action":"output","Package":"go.temporal.io/server/tools/gomad3/target","Output":"PASS\n","OutputType":"frame"}
{"Time":"2026-10-08T23:54:29.317588977Z","Action":"output","Package":"go.temporal.io/server/tools/gomad3/target","Output":"ok  \tgo.temporal.io/server/tools/gomad3/target\t2.206s\n"}
{"Time":"2026-10-08T23:54:29.317619519Z","Action":"pass","Package":"go.temporal.io/server/tools/gomad3/target","Elapsed":2.206}
