{"Time":"2026-10-08T23:23:31.48318405Z","Action":"start","Package":"go.temporal.io/server/tools/gomad3/target"}
{"Time":"2026-10-08T23:23:31.492037258Z","Action":"run","Package":"go.temporal.io/server/tools/gomad3/target","Test":"TestGoCommandSourcePreparationRestoresWholeIdentity"}
{"Time":"2026-10-08T23:23:31.492142217Z","Action":"output","Package":"go.temporal.io/server/tools/gomad3/target","Test":"TestGoCommandSourcePreparationRestoresWholeIdentity","Output":"=== RUN   TestGoCommandSourcePreparationRestoresWholeIdentity\n","OutputType":"frame"}
{"Time":"2026-10-08T23:23:31.5020993Z","Action":"run","Package":"go.temporal.io/server/tools/gomad3/target","Test":"TestGoCommandSourcePreparationRestoresWholeIdentity/fresh"}
{"Time":"2026-10-08T23:23:31.502150258Z","Action":"output","Package":"go.temporal.io/server/tools/gomad3/target","Test":"TestGoCommandSourcePreparationRestoresWholeIdentity/fresh","Output":"=== RUN   TestGoCommandSourcePreparationRestoresWholeIdentity/fresh\n","OutputType":"frame"}
{"Time":"2026-10-08T23:23:32.065052884Z","Action":"output","Package":"go.temporal.io/server/tools/gomad3/target","Test":"TestGoCommandSourcePreparationRestoresWholeIdentity/fresh","Output":"--- PASS: TestGoCommandSourcePreparationRestoresWholeIdentity/fresh (0.56s)\n","OutputType":"frame"}
{"Time":"2026-10-08T23:23:32.065338717Z","Action":"pass","Package":"go.temporal.io/server/tools/gomad3/target","Test":"TestGoCommandSourcePreparationRestoresWholeIdentity/fresh","Elapsed":0.56}
{"Time":"2026-10-08T23:23:32.065466259Z","Action":"run","Package":"go.temporal.io/server/tools/gomad3/target","Test":"TestGoCommandSourcePreparationRestoresWholeIdentity/restored"}
{"Time":"2026-10-08T23:23:32.065517009Z","Action":"output","Package":"go.temporal.io/server/tools/gomad3/target","Test":"TestGoCommandSourcePreparationRestoresWholeIdentity/restored","Output":"=== RUN   TestGoCommandSourcePreparationRestoresWholeIdentity/restored\n","OutputType":"frame"}
{"Time":"2026-10-08T23:23:32.106786592Z","Action":"output","Package":"go.temporal.io/server/tools/gomad3/target","Test":"TestGoCommandSourcePreparationRestoresWholeIdentity/restored","Output":"--- PASS: TestGoCommandSourcePreparationRestoresWholeIdentity/restored (0.04s)\n","OutputType":"frame"}
{"Time":"2026-10-08T23:23:32.106879134Z","Action":"pass","Package":"go.temporal.io/server/tools/gomad3/target","Test":"TestGoCommandSourcePreparationRestoresWholeIdentity/restored","Elapsed":0.04}
{"Time":"2026-10-08T23:23:32.106942634Z","Action":"run","Package":"go.temporal.io/server/tools/gomad3/target","Test":"TestGoCommandSourcePreparationRestoresWholeIdentity/changed_source"}
{"Time":"2026-10-08T23:23:32.106993217Z","Action":"output","Package":"go.temporal.io/server/tools/gomad3/target","Test":"TestGoCommandSourcePreparationRestoresWholeIdentity/changed_source","Output":"=== RUN   TestGoCommandSourcePreparationRestoresWholeIdentity/changed_source\n","OutputType":"frame"}
{"Time":"2026-10-08T23:23:32.308452884Z","Action":"output","Package":"go.temporal.io/server/tools/gomad3/target","Test":"TestGoCommandSourcePreparationRestoresWholeIdentity/changed_source","Output":"--- PASS: TestGoCommandSourcePreparationRestoresWholeIdentity/changed_source (0.20s)\n","OutputType":"frame"}
{"Time":"2026-10-08T23:23:32.308677425Z","Action":"pass","Package":"go.temporal.io/server/tools/gomad3/target","Test":"TestGoCommandSourcePreparationRestoresWholeIdentity/changed_source","Elapsed":0.2}
{"Time":"2026-10-08T23:23:32.315374425Z","Action":"output","Package":"go.temporal.io/server/tools/gomad3/target","Test":"TestGoCommandSourcePreparationRestoresWholeIdentity","Output":"--- PASS: TestGoCommandSourcePreparationRestoresWholeIdentity (0.82s)\n","OutputType":"frame"}
{"Time":"2026-10-08T23:23:32.315508134Z","Action":"pass","Package":"go.temporal.io/server/tools/gomad3/target","Test":"TestGoCommandSourcePreparationRestoresWholeIdentity","Elapsed":0.82}
{"Time":"2026-10-08T23:23:32.315700509Z","Action":"run","Package":"go.temporal.io/server/tools/gomad3/target","Test":"TestGoCommandSourceBuildReleasesCacheForEveryOutcome"}
{"Time":"2026-10-08T23:23:32.316027675Z","Action":"output","Package":"go.temporal.io/server/tools/gomad3/target","Test":"TestGoCommandSourceBuildReleasesCacheForEveryOutcome","Output":"=== RUN   TestGoCommandSourceBuildReleasesCacheForEveryOutcome\n","OutputType":"frame"}
{"Time":"2026-10-08T23:23:32.316081884Z","Action":"run","Package":"go.temporal.io/server/tools/gomad3/target","Test":"TestGoCommandSourceBuildReleasesCacheForEveryOutcome/success"}
{"Time":"2026-10-08T23:23:32.316161092Z","Action":"output","Package":"go.temporal.io/server/tools/gomad3/target","Test":"TestGoCommandSourceBuildReleasesCacheForEveryOutcome/success","Output":"=== RUN   TestGoCommandSourceBuildReleasesCacheForEveryOutcome/success\n","OutputType":"frame"}
{"Time":"2026-10-08T23:23:32.325997509Z","Action":"output","Package":"go.temporal.io/server/tools/gomad3/target","Test":"TestGoCommandSourceBuildReleasesCacheForEveryOutcome/success","Output":"--- PASS: TestGoCommandSourceBuildReleasesCacheForEveryOutcome/success (0.01s)\n","OutputType":"frame"}
{"Time":"2026-10-08T23:23:32.32613905Z","Action":"pass","Package":"go.temporal.io/server/tools/gomad3/target","Test":"TestGoCommandSourceBuildReleasesCacheForEveryOutcome/success","Elapsed":0.01}
{"Time":"2026-10-08T23:23:32.326330342Z","Action":"run","Package":"go.temporal.io/server/tools/gomad3/target","Test":"TestGoCommandSourceBuildReleasesCacheForEveryOutcome/compiler"}
{"Time":"2026-10-08T23:23:32.326808967Z","Action":"output","Package":"go.temporal.io/server/tools/gomad3/target","Test":"TestGoCommandSourceBuildReleasesCacheForEveryOutcome/compiler","Output":"=== RUN   TestGoCommandSourceBuildReleasesCacheForEveryOutcome/compiler\n","OutputType":"frame"}
{"Time":"2026-10-08T23:23:32.334403884Z","Action":"output","Package":"go.temporal.io/server/tools/gomad3/target","Test":"TestGoCommandSourceBuildReleasesCacheForEveryOutcome/compiler","Output":"--- PASS: TestGoCommandSourceBuildReleasesCacheForEveryOutcome/compiler (0.01s)\n","OutputType":"frame"}
{"Time":"2026-10-08T23:23:32.335195009Z","Action":"pass","Package":"go.temporal.io/server/tools/gomad3/target","Test":"TestGoCommandSourceBuildReleasesCacheForEveryOutcome/compiler","Elapsed":0.01}
{"Time":"2026-10-08T23:23:32.3352283Z","Action":"run","Package":"go.temporal.io/server/tools/gomad3/target","Test":"TestGoCommandSourceBuildReleasesCacheForEveryOutcome/cancel"}
{"Time":"2026-10-08T23:23:32.335265717Z","Action":"output","Package":"go.temporal.io/server/tools/gomad3/target","Test":"TestGoCommandSourceBuildReleasesCacheForEveryOutcome/cancel","Output":"=== RUN   TestGoCommandSourceBuildReleasesCacheForEveryOutcome/cancel\n","OutputType":"frame"}
{"Time":"2026-10-08T23:23:32.340807675Z","Action":"output","Package":"go.temporal.io/server/tools/gomad3/target","Test":"TestGoCommandSourceBuildReleasesCacheForEveryOutcome/cancel","Output":"--- PASS: TestGoCommandSourceBuildReleasesCacheForEveryOutcome/cancel (0.01s)\n","OutputType":"frame"}
{"Time":"2026-10-08T23:23:32.341256384Z","Action":"pass","Package":"go.temporal.io/server/tools/gomad3/target","Test":"TestGoCommandSourceBuildReleasesCacheForEveryOutcome/cancel","Elapsed":0.01}
{"Time":"2026-10-08T23:23:32.341690092Z","Action":"run","Package":"go.temporal.io/server/tools/gomad3/target","Test":"TestGoCommandSourceBuildReleasesCacheForEveryOutcome/timeout"}
{"Time":"2026-10-08T23:23:32.341829342Z","Action":"output","Package":"go.temporal.io/server/tools/gomad3/target","Test":"TestGoCommandSourceBuildReleasesCacheForEveryOutcome/timeout","Output":"=== RUN   TestGoCommandSourceBuildReleasesCacheForEveryOutcome/timeout\n","OutputType":"frame"}
{"Time":"2026-10-08T23:23:32.34723805Z","Action":"output","Package":"go.temporal.io/server/tools/gomad3/target","Test":"TestGoCommandSourceBuildReleasesCacheForEveryOutcome/timeout","Output":"--- PASS: TestGoCommandSourceBuildReleasesCacheForEveryOutcome/timeout (0.01s)\n","OutputType":"frame"}
{"Time":"2026-10-08T23:23:32.347489259Z","Action":"pass","Package":"go.temporal.io/server/tools/gomad3/target","Test":"TestGoCommandSourceBuildReleasesCacheForEveryOutcome/timeout","Elapsed":0.01}
{"Time":"2026-10-08T23:23:32.347607967Z","Action":"run","Package":"go.temporal.io/server/tools/gomad3/target","Test":"TestGoCommandSourceBuildReleasesCacheForEveryOutcome/infrastructure"}
{"Time":"2026-10-08T23:23:32.347766925Z","Action":"output","Package":"go.temporal.io/server/tools/gomad3/target","Test":"TestGoCommandSourceBuildReleasesCacheForEveryOutcome/infrastructure","Output":"=== RUN   TestGoCommandSourceBuildReleasesCacheForEveryOutcome/infrastructure\n","OutputType":"frame"}
{"Time":"2026-10-08T23:23:32.353035509Z","Action":"output","Package":"go.temporal.io/server/tools/gomad3/target","Test":"TestGoCommandSourceBuildReleasesCacheForEveryOutcome/infrastructure","Output":"--- PASS: TestGoCommandSourceBuildReleasesCacheForEveryOutcome/infrastructure (0.01s)\n","OutputType":"frame"}
{"Time":"2026-10-08T23:23:32.353166925Z","Action":"pass","Package":"go.temporal.io/server/tools/gomad3/target","Test":"TestGoCommandSourceBuildReleasesCacheForEveryOutcome/infrastructure","Elapsed":0.01}
{"Time":"2026-10-08T23:23:32.3532593Z","Action":"output","Package":"go.temporal.io/server/tools/gomad3/target","Test":"TestGoCommandSourceBuildReleasesCacheForEveryOutcome","Output":"--- PASS: TestGoCommandSourceBuildReleasesCacheForEveryOutcome (0.04s)\n","OutputType":"frame"}
{"Time":"2026-10-08T23:23:32.353364467Z","Action":"pass","Package":"go.temporal.io/server/tools/gomad3/target","Test":"TestGoCommandSourceBuildReleasesCacheForEveryOutcome","Elapsed":0.04}
{"Time":"2026-10-08T23:23:32.353389217Z","Action":"output","Package":"go.temporal.io/server/tools/gomad3/target","Output":"PASS\n","OutputType":"frame"}
{"Time":"2026-10-08T23:23:32.354565509Z","Action":"output","Package":"go.temporal.io/server/tools/gomad3/target","Output":"ok  \tgo.temporal.io/server/tools/gomad3/target\t0.871s\n"}
{"Time":"2026-10-08T23:23:32.354646967Z","Action":"pass","Package":"go.temporal.io/server/tools/gomad3/target","Elapsed":0.871}
