{"Time":"2026-10-08T23:39:01.77302666Z","Action":"start","Package":"go.temporal.io/server/tools/gomad3/target"}
{"Time":"2026-10-08T23:39:01.778906285Z","Action":"run","Package":"go.temporal.io/server/tools/gomad3/target","Test":"TestGoCommandSourcePublicQueries"}
{"Time":"2026-10-08T23:39:01.77909441Z","Action":"output","Package":"go.temporal.io/server/tools/gomad3/target","Test":"TestGoCommandSourcePublicQueries","Output":"=== RUN   TestGoCommandSourcePublicQueries\n","OutputType":"frame"}
{"Time":"2026-10-08T23:39:01.782579785Z","Action":"run","Package":"go.temporal.io/server/tools/gomad3/target","Test":"TestGoCommandSourcePublicQueries/cache"}
{"Time":"2026-10-08T23:39:01.782617494Z","Action":"output","Package":"go.temporal.io/server/tools/gomad3/target","Test":"TestGoCommandSourcePublicQueries/cache","Output":"=== RUN   TestGoCommandSourcePublicQueries/cache\n","OutputType":"frame"}
{"Time":"2026-10-08T23:39:01.793728827Z","Action":"output","Package":"go.temporal.io/server/tools/gomad3/target","Test":"TestGoCommandSourcePublicQueries/cache","Output":"--- PASS: TestGoCommandSourcePublicQueries/cache (0.01s)\n","OutputType":"frame"}
{"Time":"2026-10-08T23:39:01.793857452Z","Action":"pass","Package":"go.temporal.io/server/tools/gomad3/target","Test":"TestGoCommandSourcePublicQueries/cache","Elapsed":0.01}
{"Time":"2026-10-08T23:39:01.793917994Z","Action":"run","Package":"go.temporal.io/server/tools/gomad3/target","Test":"TestGoCommandSourcePublicQueries/relative_cache"}
{"Time":"2026-10-08T23:39:01.793982744Z","Action":"output","Package":"go.temporal.io/server/tools/gomad3/target","Test":"TestGoCommandSourcePublicQueries/relative_cache","Output":"=== RUN   TestGoCommandSourcePublicQueries/relative_cache\n","OutputType":"frame"}
{"Time":"2026-10-08T23:39:01.796184619Z","Action":"output","Package":"go.temporal.io/server/tools/gomad3/target","Test":"TestGoCommandSourcePublicQueries/relative_cache","Output":"--- PASS: TestGoCommandSourcePublicQueries/relative_cache (0.00s)\n","OutputType":"frame"}
{"Time":"2026-10-08T23:39:01.796314577Z","Action":"pass","Package":"go.temporal.io/server/tools/gomad3/target","Test":"TestGoCommandSourcePublicQueries/relative_cache","Elapsed":0}
{"Time":"2026-10-08T23:39:01.796426702Z","Action":"run","Package":"go.temporal.io/server/tools/gomad3/target","Test":"TestGoCommandSourcePublicQueries/multiple_cache_lines"}
{"Time":"2026-10-08T23:39:01.796450702Z","Action":"output","Package":"go.temporal.io/server/tools/gomad3/target","Test":"TestGoCommandSourcePublicQueries/multiple_cache_lines","Output":"=== RUN   TestGoCommandSourcePublicQueries/multiple_cache_lines\n","OutputType":"frame"}
{"Time":"2026-10-08T23:39:01.798089535Z","Action":"output","Package":"go.temporal.io/server/tools/gomad3/target","Test":"TestGoCommandSourcePublicQueries/multiple_cache_lines","Output":"--- PASS: TestGoCommandSourcePublicQueries/multiple_cache_lines (0.00s)\n","OutputType":"frame"}
{"Time":"2026-10-08T23:39:01.798131327Z","Action":"pass","Package":"go.temporal.io/server/tools/gomad3/target","Test":"TestGoCommandSourcePublicQueries/multiple_cache_lines","Elapsed":0}
{"Time":"2026-10-08T23:39:01.798192035Z","Action":"run","Package":"go.temporal.io/server/tools/gomad3/target","Test":"TestGoCommandSourcePublicQueries/missing_cache"}
{"Time":"2026-10-08T23:39:01.798219202Z","Action":"output","Package":"go.temporal.io/server/tools/gomad3/target","Test":"TestGoCommandSourcePublicQueries/missing_cache","Output":"=== RUN   TestGoCommandSourcePublicQueries/missing_cache\n","OutputType":"frame"}
{"Time":"2026-10-08T23:39:01.799771077Z","Action":"output","Package":"go.temporal.io/server/tools/gomad3/target","Test":"TestGoCommandSourcePublicQueries/missing_cache","Output":"--- PASS: TestGoCommandSourcePublicQueries/missing_cache (0.00s)\n","OutputType":"frame"}
{"Time":"2026-10-08T23:39:01.799876994Z","Action":"pass","Package":"go.temporal.io/server/tools/gomad3/target","Test":"TestGoCommandSourcePublicQueries/missing_cache","Elapsed":0}
{"Time":"2026-10-08T23:39:01.79991691Z","Action":"run","Package":"go.temporal.io/server/tools/gomad3/target","Test":"TestGoCommandSourcePublicQueries/download"}
{"Time":"2026-10-08T23:39:01.800025619Z","Action":"output","Package":"go.temporal.io/server/tools/gomad3/target","Test":"TestGoCommandSourcePublicQueries/download","Output":"=== RUN   TestGoCommandSourcePublicQueries/download\n","OutputType":"frame"}
{"Time":"2026-10-08T23:39:01.802546035Z","Action":"output","Package":"go.temporal.io/server/tools/gomad3/target","Test":"TestGoCommandSourcePublicQueries/download","Output":"--- PASS: TestGoCommandSourcePublicQueries/download (0.00s)\n","OutputType":"frame"}
{"Time":"2026-10-08T23:39:01.802606035Z","Action":"pass","Package":"go.temporal.io/server/tools/gomad3/target","Test":"TestGoCommandSourcePublicQueries/download","Elapsed":0}
{"Time":"2026-10-08T23:39:01.802673035Z","Action":"run","Package":"go.temporal.io/server/tools/gomad3/target","Test":"TestGoCommandSourcePublicQueries/checksum"}
{"Time":"2026-10-08T23:39:01.802689535Z","Action":"output","Package":"go.temporal.io/server/tools/gomad3/target","Test":"TestGoCommandSourcePublicQueries/checksum","Output":"=== RUN   TestGoCommandSourcePublicQueries/checksum\n","OutputType":"frame"}
{"Time":"2026-10-08T23:39:01.805059369Z","Action":"output","Package":"go.temporal.io/server/tools/gomad3/target","Test":"TestGoCommandSourcePublicQueries/checksum","Output":"--- PASS: TestGoCommandSourcePublicQueries/checksum (0.00s)\n","OutputType":"frame"}
{"Time":"2026-10-08T23:39:01.805140577Z","Action":"pass","Package":"go.temporal.io/server/tools/gomad3/target","Test":"TestGoCommandSourcePublicQueries/checksum","Elapsed":0}
{"Time":"2026-10-08T23:39:01.805190577Z","Action":"run","Package":"go.temporal.io/server/tools/gomad3/target","Test":"TestGoCommandSourcePublicQueries/reported_download_error"}
{"Time":"2026-10-08T23:39:01.805241744Z","Action":"output","Package":"go.temporal.io/server/tools/gomad3/target","Test":"TestGoCommandSourcePublicQueries/reported_download_error","Output":"=== RUN   TestGoCommandSourcePublicQueries/reported_download_error\n","OutputType":"frame"}
{"Time":"2026-10-08T23:39:01.808023452Z","Action":"output","Package":"go.temporal.io/server/tools/gomad3/target","Test":"TestGoCommandSourcePublicQueries/reported_download_error","Output":"--- PASS: TestGoCommandSourcePublicQueries/reported_download_error (0.00s)\n","OutputType":"frame"}
{"Time":"2026-10-08T23:39:01.808056327Z","Action":"pass","Package":"go.temporal.io/server/tools/gomad3/target","Test":"TestGoCommandSourcePublicQueries/reported_download_error","Elapsed":0}
{"Time":"2026-10-08T23:39:01.808121952Z","Action":"run","Package":"go.temporal.io/server/tools/gomad3/target","Test":"TestGoCommandSourcePublicQueries/command_error"}
{"Time":"2026-10-08T23:39:01.80814741Z","Action":"output","Package":"go.temporal.io/server/tools/gomad3/target","Test":"TestGoCommandSourcePublicQueries/command_error","Output":"=== RUN   TestGoCommandSourcePublicQueries/command_error\n","OutputType":"frame"}
{"Time":"2026-10-08T23:39:01.810346202Z","Action":"output","Package":"go.temporal.io/server/tools/gomad3/target","Test":"TestGoCommandSourcePublicQueries/command_error","Output":"    go_command_source_test.go:269: download causes = *errors.joinError download pinned module example.com/m@v1.0.0: exit status 7: diagnostic\n","OutputType":"error"}
{"Time":"2026-10-08T23:39:01.81037341Z","Action":"output","Package":"go.temporal.io/server/tools/gomad3/target","Test":"TestGoCommandSourcePublicQueries/command_error","Output":"--- FAIL: TestGoCommandSourcePublicQueries/command_error (0.00s)\n","OutputType":"frame"}
{"Time":"2026-10-08T23:39:01.810394035Z","Action":"fail","Package":"go.temporal.io/server/tools/gomad3/target","Test":"TestGoCommandSourcePublicQueries/command_error","Elapsed":0}
{"Time":"2026-10-08T23:39:01.810425827Z","Action":"run","Package":"go.temporal.io/server/tools/gomad3/target","Test":"TestGoCommandSourcePublicQueries/malformed_and_command_error"}
{"Time":"2026-10-08T23:39:01.810437827Z","Action":"output","Package":"go.temporal.io/server/tools/gomad3/target","Test":"TestGoCommandSourcePublicQueries/malformed_and_command_error","Output":"=== RUN   TestGoCommandSourcePublicQueries/malformed_and_command_error\n","OutputType":"frame"}
{"Time":"2026-10-08T23:39:01.813344619Z","Action":"output","Package":"go.temporal.io/server/tools/gomad3/target","Test":"TestGoCommandSourcePublicQueries/malformed_and_command_error","Output":"    go_command_source_test.go:269: download causes = *errors.joinError download pinned module example.com/m@v1.0.0: exit status 7\n","OutputType":"error"}
{"Time":"2026-10-08T23:39:01.813447577Z","Action":"output","Package":"go.temporal.io/server/tools/gomad3/target","Test":"TestGoCommandSourcePublicQueries/malformed_and_command_error","Output":"        invalid character 'b' looking for beginning of object key string: diagnostic\n","OutputType":"error-continue"}
{"Time":"2026-10-08T23:39:01.813488785Z","Action":"output","Package":"go.temporal.io/server/tools/gomad3/target","Test":"TestGoCommandSourcePublicQueries/malformed_and_command_error","Output":"--- FAIL: TestGoCommandSourcePublicQueries/malformed_and_command_error (0.00s)\n","OutputType":"frame"}
{"Time":"2026-10-08T23:39:01.81353591Z","Action":"fail","Package":"go.temporal.io/server/tools/gomad3/target","Test":"TestGoCommandSourcePublicQueries/malformed_and_command_error","Elapsed":0}
{"Time":"2026-10-08T23:39:01.817415077Z","Action":"output","Package":"go.temporal.io/server/tools/gomad3/target","Test":"TestGoCommandSourcePublicQueries","Output":"--- FAIL: TestGoCommandSourcePublicQueries (0.04s)\n","OutputType":"frame"}
{"Time":"2026-10-08T23:39:01.81749341Z","Action":"fail","Package":"go.temporal.io/server/tools/gomad3/target","Test":"TestGoCommandSourcePublicQueries","Elapsed":0.04}
{"Time":"2026-10-08T23:39:01.817591119Z","Action":"run","Package":"go.temporal.io/server/tools/gomad3/target","Test":"TestGoCommandSourceDownloadCancellationPreservesDecoderPrecedence"}
{"Time":"2026-10-08T23:39:01.817612327Z","Action":"output","Package":"go.temporal.io/server/tools/gomad3/target","Test":"TestGoCommandSourceDownloadCancellationPreservesDecoderPrecedence","Output":"=== RUN   TestGoCommandSourceDownloadCancellationPreservesDecoderPrecedence\n","OutputType":"frame"}
{"Time":"2026-10-08T23:39:01.81762891Z","Action":"run","Package":"go.temporal.io/server/tools/gomad3/target","Test":"TestGoCommandSourceDownloadCancellationPreservesDecoderPrecedence/before_cancellation"}
{"Time":"2026-10-08T23:39:01.81764591Z","Action":"output","Package":"go.temporal.io/server/tools/gomad3/target","Test":"TestGoCommandSourceDownloadCancellationPreservesDecoderPrecedence/before_cancellation","Output":"=== RUN   TestGoCommandSourceDownloadCancellationPreservesDecoderPrecedence/before_cancellation\n","OutputType":"frame"}
{"Time":"2026-10-08T23:39:01.819765452Z","Action":"output","Package":"go.temporal.io/server/tools/gomad3/target","Test":"TestGoCommandSourceDownloadCancellationPreservesDecoderPrecedence/before_cancellation","Output":"    go_command_source_test.go:351: before cancellation = *errors.joinError download pinned module example.com/m@v1.0.0: context canceled\n","OutputType":"error"}
{"Time":"2026-10-08T23:39:01.820082869Z","Action":"output","Package":"go.temporal.io/server/tools/gomad3/target","Test":"TestGoCommandSourceDownloadCancellationPreservesDecoderPrecedence/before_cancellation","Output":"--- FAIL: TestGoCommandSourceDownloadCancellationPreservesDecoderPrecedence/before_cancellation (0.00s)\n","OutputType":"frame"}
{"Time":"2026-10-08T23:39:01.820188369Z","Action":"fail","Package":"go.temporal.io/server/tools/gomad3/target","Test":"TestGoCommandSourceDownloadCancellationPreservesDecoderPrecedence/before_cancellation","Elapsed":0}
{"Time":"2026-10-08T23:39:01.820244119Z","Action":"run","Package":"go.temporal.io/server/tools/gomad3/target","Test":"TestGoCommandSourceDownloadCancellationPreservesDecoderPrecedence/acknowledged_cancellation"}
{"Time":"2026-10-08T23:39:01.820315035Z","Action":"output","Package":"go.temporal.io/server/tools/gomad3/target","Test":"TestGoCommandSourceDownloadCancellationPreservesDecoderPrecedence/acknowledged_cancellation","Output":"=== RUN   TestGoCommandSourceDownloadCancellationPreservesDecoderPrecedence/acknowledged_cancellation\n","OutputType":"frame"}
{"Time":"2026-10-08T23:39:01.832193327Z","Action":"output","Package":"go.temporal.io/server/tools/gomad3/target","Test":"TestGoCommandSourceDownloadCancellationPreservesDecoderPrecedence/acknowledged_cancellation","Output":"    go_command_source_test.go:354: reported module error lost precedence = *errors.joinError download pinned module example.com/m@v1.0.0: context canceled\n","OutputType":"error"}
{"Time":"2026-10-08T23:39:01.832672035Z","Action":"output","Package":"go.temporal.io/server/tools/gomad3/target","Test":"TestGoCommandSourceDownloadCancellationPreservesDecoderPrecedence/acknowledged_cancellation","Output":"--- FAIL: TestGoCommandSourceDownloadCancellationPreservesDecoderPrecedence/acknowledged_cancellation (0.01s)\n","OutputType":"frame"}
{"Time":"2026-10-08T23:39:01.832724744Z","Action":"fail","Package":"go.temporal.io/server/tools/gomad3/target","Test":"TestGoCommandSourceDownloadCancellationPreservesDecoderPrecedence/acknowledged_cancellation","Elapsed":0.01}
{"Time":"2026-10-08T23:39:01.832760994Z","Action":"run","Package":"go.temporal.io/server/tools/gomad3/target","Test":"TestGoCommandSourceDownloadCancellationPreservesDecoderPrecedence/acknowledged_deadline"}
{"Time":"2026-10-08T23:39:01.832827244Z","Action":"output","Package":"go.temporal.io/server/tools/gomad3/target","Test":"TestGoCommandSourceDownloadCancellationPreservesDecoderPrecedence/acknowledged_deadline","Output":"=== RUN   TestGoCommandSourceDownloadCancellationPreservesDecoderPrecedence/acknowledged_deadline\n","OutputType":"frame"}
{"Time":"2026-10-08T23:39:02.843939036Z","Action":"output","Package":"go.temporal.io/server/tools/gomad3/target","Test":"TestGoCommandSourceDownloadCancellationPreservesDecoderPrecedence/acknowledged_deadline","Output":"    go_command_source_test.go:354: reported module error lost precedence = *errors.joinError download pinned module example.com/m@v1.0.0: context deadline exceeded\n","OutputType":"error"}
{"Time":"2026-10-08T23:39:02.845781869Z","Action":"output","Package":"go.temporal.io/server/tools/gomad3/target","Test":"TestGoCommandSourceDownloadCancellationPreservesDecoderPrecedence/acknowledged_deadline","Output":"--- FAIL: TestGoCommandSourceDownloadCancellationPreservesDecoderPrecedence/acknowledged_deadline (1.01s)\n","OutputType":"frame"}
{"Time":"2026-10-08T23:39:02.846179494Z","Action":"fail","Package":"go.temporal.io/server/tools/gomad3/target","Test":"TestGoCommandSourceDownloadCancellationPreservesDecoderPrecedence/acknowledged_deadline","Elapsed":1.01}
{"Time":"2026-10-08T23:39:02.846327869Z","Action":"output","Package":"go.temporal.io/server/tools/gomad3/target","Test":"TestGoCommandSourceDownloadCancellationPreservesDecoderPrecedence","Output":"--- FAIL: TestGoCommandSourceDownloadCancellationPreservesDecoderPrecedence (1.03s)\n","OutputType":"frame"}
{"Time":"2026-10-08T23:39:02.846409494Z","Action":"fail","Package":"go.temporal.io/server/tools/gomad3/target","Test":"TestGoCommandSourceDownloadCancellationPreservesDecoderPrecedence","Elapsed":1.03}
{"Time":"2026-10-08T23:39:02.846482202Z","Action":"output","Package":"go.temporal.io/server/tools/gomad3/target","Output":"FAIL\n","OutputType":"frame"}
{"Time":"2026-10-08T23:39:02.849227952Z","Action":"output","Package":"go.temporal.io/server/tools/gomad3/target","Output":"FAIL\tgo.temporal.io/server/tools/gomad3/target\t1.076s\n","OutputType":"frame"}
{"Time":"2026-10-08T23:39:02.849445536Z","Action":"fail","Package":"go.temporal.io/server/tools/gomad3/target","Elapsed":1.076}
