{"Time":"2026-10-09T00:30:30.708624008Z","Action":"start","Package":"go.temporal.io/server/tools/gomad3/toolchain"}
{"Time":"2026-10-09T00:30:30.712642925Z","Action":"run","Package":"go.temporal.io/server/tools/gomad3/toolchain","Test":"TestBuildPublishesAndReusesImmutableToolchain"}
{"Time":"2026-10-09T00:30:30.712710966Z","Action":"output","Package":"go.temporal.io/server/tools/gomad3/toolchain","Test":"TestBuildPublishesAndReusesImmutableToolchain","Output":"=== RUN   TestBuildPublishesAndReusesImmutableToolchain\n","OutputType":"frame"}
{"Time":"2026-10-09T00:30:30.827247591Z","Action":"output","Package":"go.temporal.io/server/tools/gomad3/toolchain","Test":"TestBuildPublishesAndReusesImmutableToolchain","Output":"--- PASS: TestBuildPublishesAndReusesImmutableToolchain (0.11s)\n","OutputType":"frame"}
{"Time":"2026-10-09T00:30:30.827332508Z","Action":"pass","Package":"go.temporal.io/server/tools/gomad3/toolchain","Test":"TestBuildPublishesAndReusesImmutableToolchain","Elapsed":0.11}
{"Time":"2026-10-09T00:30:30.827372341Z","Action":"run","Package":"go.temporal.io/server/tools/gomad3/toolchain","Test":"TestBuildSerializesConcurrentSameKey"}
{"Time":"2026-10-09T00:30:30.827399883Z","Action":"output","Package":"go.temporal.io/server/tools/gomad3/toolchain","Test":"TestBuildSerializesConcurrentSameKey","Output":"=== RUN   TestBuildSerializesConcurrentSameKey\n","OutputType":"frame"}
{"Time":"2026-10-09T00:30:30.934397717Z","Action":"output","Package":"go.temporal.io/server/tools/gomad3/toolchain","Test":"TestBuildSerializesConcurrentSameKey","Output":"--- PASS: TestBuildSerializesConcurrentSameKey (0.11s)\n","OutputType":"frame"}
{"Time":"2026-10-09T00:30:30.934457675Z","Action":"pass","Package":"go.temporal.io/server/tools/gomad3/toolchain","Test":"TestBuildSerializesConcurrentSameKey","Elapsed":0.11}
{"Time":"2026-10-09T00:30:30.934499133Z","Action":"run","Package":"go.temporal.io/server/tools/gomad3/toolchain","Test":"TestBuildInjectedFailuresLeaveNoTemporaryState"}
{"Time":"2026-10-09T00:30:30.934545425Z","Action":"output","Package":"go.temporal.io/server/tools/gomad3/toolchain","Test":"TestBuildInjectedFailuresLeaveNoTemporaryState","Output":"=== RUN   TestBuildInjectedFailuresLeaveNoTemporaryState\n","OutputType":"frame"}
{"Time":"2026-10-09T00:30:30.93458355Z","Action":"run","Package":"go.temporal.io/server/tools/gomad3/toolchain","Test":"TestBuildInjectedFailuresLeaveNoTemporaryState/after-lock"}
{"Time":"2026-10-09T00:30:30.9346333Z","Action":"output","Package":"go.temporal.io/server/tools/gomad3/toolchain","Test":"TestBuildInjectedFailuresLeaveNoTemporaryState/after-lock","Output":"=== RUN   TestBuildInjectedFailuresLeaveNoTemporaryState/after-lock\n","OutputType":"frame"}
{"Time":"2026-10-09T00:30:30.945186592Z","Action":"output","Package":"go.temporal.io/server/tools/gomad3/toolchain","Test":"TestBuildInjectedFailuresLeaveNoTemporaryState/after-lock","Output":"--- PASS: TestBuildInjectedFailuresLeaveNoTemporaryState/after-lock (0.01s)\n","OutputType":"frame"}
{"Time":"2026-10-09T00:30:30.945267592Z","Action":"pass","Package":"go.temporal.io/server/tools/gomad3/toolchain","Test":"TestBuildInjectedFailuresLeaveNoTemporaryState/after-lock","Elapsed":0.01}
{"Time":"2026-10-09T00:30:30.945286258Z","Action":"run","Package":"go.temporal.io/server/tools/gomad3/toolchain","Test":"TestBuildInjectedFailuresLeaveNoTemporaryState/after-extract"}
{"Time":"2026-10-09T00:30:30.9453298Z","Action":"output","Package":"go.temporal.io/server/tools/gomad3/toolchain","Test":"TestBuildInjectedFailuresLeaveNoTemporaryState/after-extract","Output":"=== RUN   TestBuildInjectedFailuresLeaveNoTemporaryState/after-extract\n","OutputType":"frame"}
{"Time":"2026-10-09T00:30:30.954289758Z","Action":"output","Package":"go.temporal.io/server/tools/gomad3/toolchain","Test":"TestBuildInjectedFailuresLeaveNoTemporaryState/after-extract","Output":"--- PASS: TestBuildInjectedFailuresLeaveNoTemporaryState/after-extract (0.01s)\n","OutputType":"frame"}
{"Time":"2026-10-09T00:30:30.954330008Z","Action":"pass","Package":"go.temporal.io/server/tools/gomad3/toolchain","Test":"TestBuildInjectedFailuresLeaveNoTemporaryState/after-extract","Elapsed":0.01}
{"Time":"2026-10-09T00:30:30.954373717Z","Action":"run","Package":"go.temporal.io/server/tools/gomad3/toolchain","Test":"TestBuildInjectedFailuresLeaveNoTemporaryState/after-patch"}
{"Time":"2026-10-09T00:30:30.9543903Z","Action":"output","Package":"go.temporal.io/server/tools/gomad3/toolchain","Test":"TestBuildInjectedFailuresLeaveNoTemporaryState/after-patch","Output":"=== RUN   TestBuildInjectedFailuresLeaveNoTemporaryState/after-patch\n","OutputType":"frame"}
{"Time":"2026-10-09T00:30:30.961004925Z","Action":"output","Package":"go.temporal.io/server/tools/gomad3/toolchain","Test":"TestBuildInjectedFailuresLeaveNoTemporaryState/after-patch","Output":"--- PASS: TestBuildInjectedFailuresLeaveNoTemporaryState/after-patch (0.01s)\n","OutputType":"frame"}
{"Time":"2026-10-09T00:30:30.961036217Z","Action":"pass","Package":"go.temporal.io/server/tools/gomad3/toolchain","Test":"TestBuildInjectedFailuresLeaveNoTemporaryState/after-patch","Elapsed":0.01}
{"Time":"2026-10-09T00:30:30.961054133Z","Action":"run","Package":"go.temporal.io/server/tools/gomad3/toolchain","Test":"TestBuildInjectedFailuresLeaveNoTemporaryState/after-overlay"}
{"Time":"2026-10-09T00:30:30.961070258Z","Action":"output","Package":"go.temporal.io/server/tools/gomad3/toolchain","Test":"TestBuildInjectedFailuresLeaveNoTemporaryState/after-overlay","Output":"=== RUN   TestBuildInjectedFailuresLeaveNoTemporaryState/after-overlay\n","OutputType":"frame"}
{"Time":"2026-10-09T00:30:30.969584008Z","Action":"output","Package":"go.temporal.io/server/tools/gomad3/toolchain","Test":"TestBuildInjectedFailuresLeaveNoTemporaryState/after-overlay","Output":"--- PASS: TestBuildInjectedFailuresLeaveNoTemporaryState/after-overlay (0.01s)\n","OutputType":"frame"}
{"Time":"2026-10-09T00:30:30.969614717Z","Action":"pass","Package":"go.temporal.io/server/tools/gomad3/toolchain","Test":"TestBuildInjectedFailuresLeaveNoTemporaryState/after-overlay","Elapsed":0.01}
{"Time":"2026-10-09T00:30:30.9696338Z","Action":"run","Package":"go.temporal.io/server/tools/gomad3/toolchain","Test":"TestBuildInjectedFailuresLeaveNoTemporaryState/after-compile"}
{"Time":"2026-10-09T00:30:30.969650217Z","Action":"output","Package":"go.temporal.io/server/tools/gomad3/toolchain","Test":"TestBuildInjectedFailuresLeaveNoTemporaryState/after-compile","Output":"=== RUN   TestBuildInjectedFailuresLeaveNoTemporaryState/after-compile\n","OutputType":"frame"}
{"Time":"2026-10-09T00:30:30.980354258Z","Action":"output","Package":"go.temporal.io/server/tools/gomad3/toolchain","Test":"TestBuildInjectedFailuresLeaveNoTemporaryState/after-compile","Output":"--- PASS: TestBuildInjectedFailuresLeaveNoTemporaryState/after-compile (0.01s)\n","OutputType":"frame"}
{"Time":"2026-10-09T00:30:30.980381925Z","Action":"pass","Package":"go.temporal.io/server/tools/gomad3/toolchain","Test":"TestBuildInjectedFailuresLeaveNoTemporaryState/after-compile","Elapsed":0.01}
{"Time":"2026-10-09T00:30:30.980395883Z","Action":"run","Package":"go.temporal.io/server/tools/gomad3/toolchain","Test":"TestBuildInjectedFailuresLeaveNoTemporaryState/after-build-publish"}
{"Time":"2026-10-09T00:30:30.980408258Z","Action":"output","Package":"go.temporal.io/server/tools/gomad3/toolchain","Test":"TestBuildInjectedFailuresLeaveNoTemporaryState/after-build-publish","Output":"=== RUN   TestBuildInjectedFailuresLeaveNoTemporaryState/after-build-publish\n","OutputType":"frame"}
{"Time":"2026-10-09T00:30:31.041875217Z","Action":"output","Package":"go.temporal.io/server/tools/gomad3/toolchain","Test":"TestBuildInjectedFailuresLeaveNoTemporaryState/after-build-publish","Output":"--- PASS: TestBuildInjectedFailuresLeaveNoTemporaryState/after-build-publish (0.06s)\n","OutputType":"frame"}
{"Time":"2026-10-09T00:30:31.041934467Z","Action":"pass","Package":"go.temporal.io/server/tools/gomad3/toolchain","Test":"TestBuildInjectedFailuresLeaveNoTemporaryState/after-build-publish","Elapsed":0.06}
{"Time":"2026-10-09T00:30:31.042010133Z","Action":"run","Package":"go.temporal.io/server/tools/gomad3/toolchain","Test":"TestBuildInjectedFailuresLeaveNoTemporaryState/after-stamp-publish"}
{"Time":"2026-10-09T00:30:31.042061967Z","Action":"output","Package":"go.temporal.io/server/tools/gomad3/toolchain","Test":"TestBuildInjectedFailuresLeaveNoTemporaryState/after-stamp-publish","Output":"=== RUN   TestBuildInjectedFailuresLeaveNoTemporaryState/after-stamp-publish\n","OutputType":"frame"}
{"Time":"2026-10-09T00:30:31.111742967Z","Action":"output","Package":"go.temporal.io/server/tools/gomad3/toolchain","Test":"TestBuildInjectedFailuresLeaveNoTemporaryState/after-stamp-publish","Output":"--- PASS: TestBuildInjectedFailuresLeaveNoTemporaryState/after-stamp-publish (0.07s)\n","OutputType":"frame"}
{"Time":"2026-10-09T00:30:31.1118043Z","Action":"pass","Package":"go.temporal.io/server/tools/gomad3/toolchain","Test":"TestBuildInjectedFailuresLeaveNoTemporaryState/after-stamp-publish","Elapsed":0.07}
{"Time":"2026-10-09T00:30:31.11183455Z","Action":"run","Package":"go.temporal.io/server/tools/gomad3/toolchain","Test":"TestBuildInjectedFailuresLeaveNoTemporaryState/after-launcher-publish"}
{"Time":"2026-10-09T00:30:31.11187305Z","Action":"output","Package":"go.temporal.io/server/tools/gomad3/toolchain","Test":"TestBuildInjectedFailuresLeaveNoTemporaryState/after-launcher-publish","Output":"=== RUN   TestBuildInjectedFailuresLeaveNoTemporaryState/after-launcher-publish\n","OutputType":"frame"}
{"Time":"2026-10-09T00:30:31.180142092Z","Action":"output","Package":"go.temporal.io/server/tools/gomad3/toolchain","Test":"TestBuildInjectedFailuresLeaveNoTemporaryState/after-launcher-publish","Output":"--- PASS: TestBuildInjectedFailuresLeaveNoTemporaryState/after-launcher-publish (0.07s)\n","OutputType":"frame"}
{"Time":"2026-10-09T00:30:31.180195967Z","Action":"pass","Package":"go.temporal.io/server/tools/gomad3/toolchain","Test":"TestBuildInjectedFailuresLeaveNoTemporaryState/after-launcher-publish","Elapsed":0.07}
{"Time":"2026-10-09T00:30:31.180227967Z","Action":"output","Package":"go.temporal.io/server/tools/gomad3/toolchain","Test":"TestBuildInjectedFailuresLeaveNoTemporaryState","Output":"--- PASS: TestBuildInjectedFailuresLeaveNoTemporaryState (0.25s)\n","OutputType":"frame"}
{"Time":"2026-10-09T00:30:31.180253008Z","Action":"pass","Package":"go.temporal.io/server/tools/gomad3/toolchain","Test":"TestBuildInjectedFailuresLeaveNoTemporaryState","Elapsed":0.25}
{"Time":"2026-10-09T00:30:31.18027655Z","Action":"run","Package":"go.temporal.io/server/tools/gomad3/toolchain","Test":"TestBuildRejectsOverlayCollisionBeforePatching"}
{"Time":"2026-10-09T00:30:31.180296675Z","Action":"output","Package":"go.temporal.io/server/tools/gomad3/toolchain","Test":"TestBuildRejectsOverlayCollisionBeforePatching","Output":"=== RUN   TestBuildRejectsOverlayCollisionBeforePatching\n","OutputType":"frame"}
{"Time":"2026-10-09T00:30:31.188098092Z","Action":"output","Package":"go.temporal.io/server/tools/gomad3/toolchain","Test":"TestBuildRejectsOverlayCollisionBeforePatching","Output":"--- PASS: TestBuildRejectsOverlayCollisionBeforePatching (0.01s)\n","OutputType":"frame"}
{"Time":"2026-10-09T00:30:31.188133467Z","Action":"pass","Package":"go.temporal.io/server/tools/gomad3/toolchain","Test":"TestBuildRejectsOverlayCollisionBeforePatching","Elapsed":0.01}
{"Time":"2026-10-09T00:30:31.188164383Z","Action":"run","Package":"go.temporal.io/server/tools/gomad3/toolchain","Test":"TestBuildRejectsUnguardedFailureInjection"}
{"Time":"2026-10-09T00:30:31.188182967Z","Action":"output","Package":"go.temporal.io/server/tools/gomad3/toolchain","Test":"TestBuildRejectsUnguardedFailureInjection","Output":"=== RUN   TestBuildRejectsUnguardedFailureInjection\n","OutputType":"frame"}
{"Time":"2026-10-09T00:30:31.192998717Z","Action":"output","Package":"go.temporal.io/server/tools/gomad3/toolchain","Test":"TestBuildRejectsUnguardedFailureInjection","Output":"--- PASS: TestBuildRejectsUnguardedFailureInjection (0.00s)\n","OutputType":"frame"}
{"Time":"2026-10-09T00:30:31.19303855Z","Action":"pass","Package":"go.temporal.io/server/tools/gomad3/toolchain","Test":"TestBuildRejectsUnguardedFailureInjection","Elapsed":0}
{"Time":"2026-10-09T00:30:31.193072092Z","Action":"run","Package":"go.temporal.io/server/tools/gomad3/toolchain","Test":"TestSourceCleanupPublicationRetriesAndCache"}
{"Time":"2026-10-09T00:30:31.193097717Z","Action":"output","Package":"go.temporal.io/server/tools/gomad3/toolchain","Test":"TestSourceCleanupPublicationRetriesAndCache","Output":"=== RUN   TestSourceCleanupPublicationRetriesAndCache\n","OutputType":"frame"}
{"Time":"2026-10-09T00:30:31.193127592Z","Action":"run","Package":"go.temporal.io/server/tools/gomad3/toolchain","Test":"TestSourceCleanupPublicationRetriesAndCache/one"}
{"Time":"2026-10-09T00:30:31.193142425Z","Action":"output","Package":"go.temporal.io/server/tools/gomad3/toolchain","Test":"TestSourceCleanupPublicationRetriesAndCache/one","Output":"=== RUN   TestSourceCleanupPublicationRetriesAndCache/one\n","OutputType":"frame"}
{"Time":"2026-10-09T00:30:31.197888217Z","Action":"output","Package":"go.temporal.io/server/tools/gomad3/toolchain","Test":"TestSourceCleanupPublicationRetriesAndCache/one","Output":"--- PASS: TestSourceCleanupPublicationRetriesAndCache/one (0.00s)\n","OutputType":"frame"}
{"Time":"2026-10-09T00:30:31.1979208Z","Action":"pass","Package":"go.temporal.io/server/tools/gomad3/toolchain","Test":"TestSourceCleanupPublicationRetriesAndCache/one","Elapsed":0}
{"Time":"2026-10-09T00:30:31.197954925Z","Action":"run","Package":"go.temporal.io/server/tools/gomad3/toolchain","Test":"TestSourceCleanupPublicationRetriesAndCache/explicit"}
{"Time":"2026-10-09T00:30:31.197987092Z","Action":"output","Package":"go.temporal.io/server/tools/gomad3/toolchain","Test":"TestSourceCleanupPublicationRetriesAndCache/explicit","Output":"=== RUN   TestSourceCleanupPublicationRetriesAndCache/explicit\n","OutputType":"frame"}
{"Time":"2026-10-09T00:30:31.204709425Z","Action":"output","Package":"go.temporal.io/server/tools/gomad3/toolchain","Test":"TestSourceCleanupPublicationRetriesAndCache/explicit","Output":"--- PASS: TestSourceCleanupPublicationRetriesAndCache/explicit (0.01s)\n","OutputType":"frame"}
{"Time":"2026-10-09T00:30:31.204756633Z","Action":"pass","Package":"go.temporal.io/server/tools/gomad3/toolchain","Test":"TestSourceCleanupPublicationRetriesAndCache/explicit","Elapsed":0.01}
{"Time":"2026-10-09T00:30:31.2047788Z","Action":"run","Package":"go.temporal.io/server/tools/gomad3/toolchain","Test":"TestSourceCleanupPublicationRetriesAndCache/default"}
{"Time":"2026-10-09T00:30:31.204795758Z","Action":"output","Package":"go.temporal.io/server/tools/gomad3/toolchain","Test":"TestSourceCleanupPublicationRetriesAndCache/default","Output":"=== RUN   TestSourceCleanupPublicationRetriesAndCache/default\n","OutputType":"frame"}
{"Time":"2026-10-09T00:30:31.21361605Z","Action":"output","Package":"go.temporal.io/server/tools/gomad3/toolchain","Test":"TestSourceCleanupPublicationRetriesAndCache/default","Output":"--- PASS: TestSourceCleanupPublicationRetriesAndCache/default (0.01s)\n","OutputType":"frame"}
{"Time":"2026-10-09T00:30:31.213648592Z","Action":"pass","Package":"go.temporal.io/server/tools/gomad3/toolchain","Test":"TestSourceCleanupPublicationRetriesAndCache/default","Elapsed":0.01}
{"Time":"2026-10-09T00:30:31.213666008Z","Action":"run","Package":"go.temporal.io/server/tools/gomad3/toolchain","Test":"TestSourceCleanupPublicationRetriesAndCache/later-success"}
{"Time":"2026-10-09T00:30:31.213680592Z","Action":"output","Package":"go.temporal.io/server/tools/gomad3/toolchain","Test":"TestSourceCleanupPublicationRetriesAndCache/later-success","Output":"=== RUN   TestSourceCleanupPublicationRetriesAndCache/later-success\n","OutputType":"frame"}
{"Time":"2026-10-09T00:30:31.220689133Z","Action":"output","Package":"go.temporal.io/server/tools/gomad3/toolchain","Test":"TestSourceCleanupPublicationRetriesAndCache/later-success","Output":"--- PASS: TestSourceCleanupPublicationRetriesAndCache/later-success (0.01s)\n","OutputType":"frame"}
{"Time":"2026-10-09T00:30:31.22072705Z","Action":"pass","Package":"go.temporal.io/server/tools/gomad3/toolchain","Test":"TestSourceCleanupPublicationRetriesAndCache/later-success","Elapsed":0.01}
{"Time":"2026-10-09T00:30:31.220769675Z","Action":"run","Package":"go.temporal.io/server/tools/gomad3/toolchain","Test":"TestSourceCleanupPublicationRetriesAndCache/healthy"}
{"Time":"2026-10-09T00:30:31.220790133Z","Action":"output","Package":"go.temporal.io/server/tools/gomad3/toolchain","Test":"TestSourceCleanupPublicationRetriesAndCache/healthy","Output":"=== RUN   TestSourceCleanupPublicationRetriesAndCache/healthy\n","OutputType":"frame"}
{"Time":"2026-10-09T00:30:31.222891758Z","Action":"output","Package":"go.temporal.io/server/tools/gomad3/toolchain","Test":"TestSourceCleanupPublicationRetriesAndCache/healthy","Output":"--- PASS: TestSourceCleanupPublicationRetriesAndCache/healthy (0.00s)\n","OutputType":"frame"}
{"Time":"2026-10-09T00:30:31.222924258Z","Action":"pass","Package":"go.temporal.io/server/tools/gomad3/toolchain","Test":"TestSourceCleanupPublicationRetriesAndCache/healthy","Elapsed":0}
{"Time":"2026-10-09T00:30:31.222940717Z","Action":"output","Package":"go.temporal.io/server/tools/gomad3/toolchain","Test":"TestSourceCleanupPublicationRetriesAndCache","Output":"--- PASS: TestSourceCleanupPublicationRetriesAndCache (0.03s)\n","OutputType":"frame"}
{"Time":"2026-10-09T00:30:31.222957092Z","Action":"pass","Package":"go.temporal.io/server/tools/gomad3/toolchain","Test":"TestSourceCleanupPublicationRetriesAndCache","Elapsed":0.03}
{"Time":"2026-10-09T00:30:31.222984092Z","Action":"run","Package":"go.temporal.io/server/tools/gomad3/toolchain","Test":"TestSourceCleanupClosesTemporaryBeforeFormattingPrimary"}
{"Time":"2026-10-09T00:30:31.222998508Z","Action":"output","Package":"go.temporal.io/server/tools/gomad3/toolchain","Test":"TestSourceCleanupClosesTemporaryBeforeFormattingPrimary","Output":"=== RUN   TestSourceCleanupClosesTemporaryBeforeFormattingPrimary\n","OutputType":"frame"}
{"Time":"2026-10-09T00:30:31.223748592Z","Action":"output","Package":"go.temporal.io/server/tools/gomad3/toolchain","Test":"TestSourceCleanupClosesTemporaryBeforeFormattingPrimary","Output":"--- PASS: TestSourceCleanupClosesTemporaryBeforeFormattingPrimary (0.00s)\n","OutputType":"frame"}
{"Time":"2026-10-09T00:30:31.223777717Z","Action":"pass","Package":"go.temporal.io/server/tools/gomad3/toolchain","Test":"TestSourceCleanupClosesTemporaryBeforeFormattingPrimary","Elapsed":0}
{"Time":"2026-10-09T00:30:31.223812675Z","Action":"run","Package":"go.temporal.io/server/tools/gomad3/toolchain","Test":"TestSourceCleanupPrimaryErrors"}
{"Time":"2026-10-09T00:30:31.223830633Z","Action":"output","Package":"go.temporal.io/server/tools/gomad3/toolchain","Test":"TestSourceCleanupPrimaryErrors","Output":"=== RUN   TestSourceCleanupPrimaryErrors\n","OutputType":"frame"}
{"Time":"2026-10-09T00:30:31.223845425Z","Action":"run","Package":"go.temporal.io/server/tools/gomad3/toolchain","Test":"TestSourceCleanupPrimaryErrors/http/failed-close=false"}
{"Time":"2026-10-09T00:30:31.223855008Z","Action":"output","Package":"go.temporal.io/server/tools/gomad3/toolchain","Test":"TestSourceCleanupPrimaryErrors/http/failed-close=false","Output":"=== RUN   TestSourceCleanupPrimaryErrors/http/failed-close=false\n","OutputType":"frame"}
{"Time":"2026-10-09T00:30:31.226398967Z","Action":"output","Package":"go.temporal.io/server/tools/gomad3/toolchain","Test":"TestSourceCleanupPrimaryErrors/http/failed-close=false","Output":"--- PASS: TestSourceCleanupPrimaryErrors/http/failed-close=false (0.00s)\n","OutputType":"frame"}
{"Time":"2026-10-09T00:30:31.2264313Z","Action":"pass","Package":"go.temporal.io/server/tools/gomad3/toolchain","Test":"TestSourceCleanupPrimaryErrors/http/failed-close=false","Elapsed":0}
{"Time":"2026-10-09T00:30:31.226452008Z","Action":"run","Package":"go.temporal.io/server/tools/gomad3/toolchain","Test":"TestSourceCleanupPrimaryErrors/http/failed-close=true"}
{"Time":"2026-10-09T00:30:31.226465842Z","Action":"output","Package":"go.temporal.io/server/tools/gomad3/toolchain","Test":"TestSourceCleanupPrimaryErrors/http/failed-close=true","Output":"=== RUN   TestSourceCleanupPrimaryErrors/http/failed-close=true\n","OutputType":"frame"}
{"Time":"2026-10-09T00:30:31.22700205Z","Action":"output","Package":"go.temporal.io/server/tools/gomad3/toolchain","Test":"TestSourceCleanupPrimaryErrors/http/failed-close=true","Output":"--- PASS: TestSourceCleanupPrimaryErrors/http/failed-close=true (0.00s)\n","OutputType":"frame"}
{"Time":"2026-10-09T00:30:31.227026633Z","Action":"pass","Package":"go.temporal.io/server/tools/gomad3/toolchain","Test":"TestSourceCleanupPrimaryErrors/http/failed-close=true","Elapsed":0}
{"Time":"2026-10-09T00:30:31.227046258Z","Action":"run","Package":"go.temporal.io/server/tools/gomad3/toolchain","Test":"TestSourceCleanupPrimaryErrors/read/failed-close=false"}
{"Time":"2026-10-09T00:30:31.227065592Z","Action":"output","Package":"go.temporal.io/server/tools/gomad3/toolchain","Test":"TestSourceCleanupPrimaryErrors/read/failed-close=false","Output":"=== RUN   TestSourceCleanupPrimaryErrors/read/failed-close=false\n","OutputType":"frame"}
{"Time":"2026-10-09T00:30:31.228183467Z","Action":"output","Package":"go.temporal.io/server/tools/gomad3/toolchain","Test":"TestSourceCleanupPrimaryErrors/read/failed-close=false","Output":"--- PASS: TestSourceCleanupPrimaryErrors/read/failed-close=false (0.00s)\n","OutputType":"frame"}
{"Time":"2026-10-09T00:30:31.228211592Z","Action":"pass","Package":"go.temporal.io/server/tools/gomad3/toolchain","Test":"TestSourceCleanupPrimaryErrors/read/failed-close=false","Elapsed":0}
{"Time":"2026-10-09T00:30:31.228228133Z","Action":"run","Package":"go.temporal.io/server/tools/gomad3/toolchain","Test":"TestSourceCleanupPrimaryErrors/read/failed-close=true"}
{"Time":"2026-10-09T00:30:31.2282428Z","Action":"output","Package":"go.temporal.io/server/tools/gomad3/toolchain","Test":"TestSourceCleanupPrimaryErrors/read/failed-close=true","Output":"=== RUN   TestSourceCleanupPrimaryErrors/read/failed-close=true\n","OutputType":"frame"}
{"Time":"2026-10-09T00:30:31.231215675Z","Action":"output","Package":"go.temporal.io/server/tools/gomad3/toolchain","Test":"TestSourceCleanupPrimaryErrors/read/failed-close=true","Output":"--- PASS: TestSourceCleanupPrimaryErrors/read/failed-close=true (0.00s)\n","OutputType":"frame"}
{"Time":"2026-10-09T00:30:31.231243717Z","Action":"pass","Package":"go.temporal.io/server/tools/gomad3/toolchain","Test":"TestSourceCleanupPrimaryErrors/read/failed-close=true","Elapsed":0}
{"Time":"2026-10-09T00:30:31.231273342Z","Action":"run","Package":"go.temporal.io/server/tools/gomad3/toolchain","Test":"TestSourceCleanupPrimaryErrors/checksum/failed-close=false"}
{"Time":"2026-10-09T00:30:31.231292092Z","Action":"output","Package":"go.temporal.io/server/tools/gomad3/toolchain","Test":"TestSourceCleanupPrimaryErrors/checksum/failed-close=false","Output":"=== RUN   TestSourceCleanupPrimaryErrors/checksum/failed-close=false\n","OutputType":"frame"}
{"Time":"2026-10-09T00:30:31.231940175Z","Action":"output","Package":"go.temporal.io/server/tools/gomad3/toolchain","Test":"TestSourceCleanupPrimaryErrors/checksum/failed-close=false","Output":"--- PASS: TestSourceCleanupPrimaryErrors/checksum/failed-close=false (0.00s)\n","OutputType":"frame"}
{"Time":"2026-10-09T00:30:31.231967883Z","Action":"pass","Package":"go.temporal.io/server/tools/gomad3/toolchain","Test":"TestSourceCleanupPrimaryErrors/checksum/failed-close=false","Elapsed":0}
{"Time":"2026-10-09T00:30:31.231984092Z","Action":"run","Package":"go.temporal.io/server/tools/gomad3/toolchain","Test":"TestSourceCleanupPrimaryErrors/checksum/failed-close=true"}
{"Time":"2026-10-09T00:30:31.231998008Z","Action":"output","Package":"go.temporal.io/server/tools/gomad3/toolchain","Test":"TestSourceCleanupPrimaryErrors/checksum/failed-close=true","Output":"=== RUN   TestSourceCleanupPrimaryErrors/checksum/failed-close=true\n","OutputType":"frame"}
{"Time":"2026-10-09T00:30:31.238976717Z","Action":"output","Package":"go.temporal.io/server/tools/gomad3/toolchain","Test":"TestSourceCleanupPrimaryErrors/checksum/failed-close=true","Output":"--- PASS: TestSourceCleanupPrimaryErrors/checksum/failed-close=true (0.01s)\n","OutputType":"frame"}
{"Time":"2026-10-09T00:30:31.239037008Z","Action":"pass","Package":"go.temporal.io/server/tools/gomad3/toolchain","Test":"TestSourceCleanupPrimaryErrors/checksum/failed-close=true","Elapsed":0.01}
{"Time":"2026-10-09T00:30:31.239052175Z","Action":"run","Package":"go.temporal.io/server/tools/gomad3/toolchain","Test":"TestSourceCleanupPrimaryErrors/cancel/failed-close=false"}
{"Time":"2026-10-09T00:30:31.239063925Z","Action":"output","Package":"go.temporal.io/server/tools/gomad3/toolchain","Test":"TestSourceCleanupPrimaryErrors/cancel/failed-close=false","Output":"=== RUN   TestSourceCleanupPrimaryErrors/cancel/failed-close=false\n","OutputType":"frame"}
{"Time":"2026-10-09T00:30:31.240383758Z","Action":"output","Package":"go.temporal.io/server/tools/gomad3/toolchain","Test":"TestSourceCleanupPrimaryErrors/cancel/failed-close=false","Output":"--- PASS: TestSourceCleanupPrimaryErrors/cancel/failed-close=false (0.00s)\n","OutputType":"frame"}
{"Time":"2026-10-09T00:30:31.240402092Z","Action":"pass","Package":"go.temporal.io/server/tools/gomad3/toolchain","Test":"TestSourceCleanupPrimaryErrors/cancel/failed-close=false","Elapsed":0}
{"Time":"2026-10-09T00:30:31.240413508Z","Action":"run","Package":"go.temporal.io/server/tools/gomad3/toolchain","Test":"TestSourceCleanupPrimaryErrors/cancel/failed-close=true"}
{"Time":"2026-10-09T00:30:31.240431008Z","Action":"output","Package":"go.temporal.io/server/tools/gomad3/toolchain","Test":"TestSourceCleanupPrimaryErrors/cancel/failed-close=true","Output":"=== RUN   TestSourceCleanupPrimaryErrors/cancel/failed-close=true\n","OutputType":"frame"}
{"Time":"2026-10-09T00:30:31.242442925Z","Action":"output","Package":"go.temporal.io/server/tools/gomad3/toolchain","Test":"TestSourceCleanupPrimaryErrors/cancel/failed-close=true","Output":"--- PASS: TestSourceCleanupPrimaryErrors/cancel/failed-close=true (0.00s)\n","OutputType":"frame"}
{"Time":"2026-10-09T00:30:31.242517092Z","Action":"pass","Package":"go.temporal.io/server/tools/gomad3/toolchain","Test":"TestSourceCleanupPrimaryErrors/cancel/failed-close=true","Elapsed":0}
{"Time":"2026-10-09T00:30:31.242535758Z","Action":"output","Package":"go.temporal.io/server/tools/gomad3/toolchain","Test":"TestSourceCleanupPrimaryErrors","Output":"--- PASS: TestSourceCleanupPrimaryErrors (0.02s)\n","OutputType":"frame"}
{"Time":"2026-10-09T00:30:31.242549342Z","Action":"pass","Package":"go.temporal.io/server/tools/gomad3/toolchain","Test":"TestSourceCleanupPrimaryErrors","Elapsed":0.02}
{"Time":"2026-10-09T00:30:31.242560342Z","Action":"run","Package":"go.temporal.io/server/tools/gomad3/toolchain","Test":"TestSourceCleanupRemoveFailure"}
{"Time":"2026-10-09T00:30:31.242569842Z","Action":"output","Package":"go.temporal.io/server/tools/gomad3/toolchain","Test":"TestSourceCleanupRemoveFailure","Output":"=== RUN   TestSourceCleanupRemoveFailure\n","OutputType":"frame"}
{"Time":"2026-10-09T00:30:31.242587758Z","Action":"run","Package":"go.temporal.io/server/tools/gomad3/toolchain","Test":"TestSourceCleanupRemoveFailure/failed-close=false"}
{"Time":"2026-10-09T00:30:31.242598675Z","Action":"output","Package":"go.temporal.io/server/tools/gomad3/toolchain","Test":"TestSourceCleanupRemoveFailure/failed-close=false","Output":"=== RUN   TestSourceCleanupRemoveFailure/failed-close=false\n","OutputType":"frame"}
{"Time":"2026-10-09T00:30:31.244508258Z","Action":"output","Package":"go.temporal.io/server/tools/gomad3/toolchain","Test":"TestSourceCleanupRemoveFailure/failed-close=false","Output":"--- PASS: TestSourceCleanupRemoveFailure/failed-close=false (0.00s)\n","OutputType":"frame"}
{"Time":"2026-10-09T00:30:31.244544883Z","Action":"pass","Package":"go.temporal.io/server/tools/gomad3/toolchain","Test":"TestSourceCleanupRemoveFailure/failed-close=false","Elapsed":0}
{"Time":"2026-10-09T00:30:31.244562342Z","Action":"run","Package":"go.temporal.io/server/tools/gomad3/toolchain","Test":"TestSourceCleanupRemoveFailure/failed-close=true"}
{"Time":"2026-10-09T00:30:31.244590175Z","Action":"output","Package":"go.temporal.io/server/tools/gomad3/toolchain","Test":"TestSourceCleanupRemoveFailure/failed-close=true","Output":"=== RUN   TestSourceCleanupRemoveFailure/failed-close=true\n","OutputType":"frame"}
{"Time":"2026-10-09T00:30:31.246344217Z","Action":"output","Package":"go.temporal.io/server/tools/gomad3/toolchain","Test":"TestSourceCleanupRemoveFailure/failed-close=true","Output":"--- PASS: TestSourceCleanupRemoveFailure/failed-close=true (0.00s)\n","OutputType":"frame"}
{"Time":"2026-10-09T00:30:31.246364633Z","Action":"pass","Package":"go.temporal.io/server/tools/gomad3/toolchain","Test":"TestSourceCleanupRemoveFailure/failed-close=true","Elapsed":0}
{"Time":"2026-10-09T00:30:31.246377717Z","Action":"output","Package":"go.temporal.io/server/tools/gomad3/toolchain","Test":"TestSourceCleanupRemoveFailure","Output":"--- PASS: TestSourceCleanupRemoveFailure (0.00s)\n","OutputType":"frame"}
{"Time":"2026-10-09T00:30:31.246390383Z","Action":"pass","Package":"go.temporal.io/server/tools/gomad3/toolchain","Test":"TestSourceCleanupRemoveFailure","Elapsed":0}
{"Time":"2026-10-09T00:30:31.246405217Z","Action":"run","Package":"go.temporal.io/server/tools/gomad3/toolchain","Test":"TestSourceCleanupCancellationBetweenAttempts"}
{"Time":"2026-10-09T00:30:31.246416133Z","Action":"output","Package":"go.temporal.io/server/tools/gomad3/toolchain","Test":"TestSourceCleanupCancellationBetweenAttempts","Output":"=== RUN   TestSourceCleanupCancellationBetweenAttempts\n","OutputType":"frame"}
{"Time":"2026-10-09T00:30:31.2482143Z","Action":"output","Package":"go.temporal.io/server/tools/gomad3/toolchain","Test":"TestSourceCleanupCancellationBetweenAttempts","Output":"--- PASS: TestSourceCleanupCancellationBetweenAttempts (0.00s)\n","OutputType":"frame"}
{"Time":"2026-10-09T00:30:31.248233258Z","Action":"pass","Package":"go.temporal.io/server/tools/gomad3/toolchain","Test":"TestSourceCleanupCancellationBetweenAttempts","Elapsed":0}
{"Time":"2026-10-09T00:30:31.248246633Z","Action":"run","Package":"go.temporal.io/server/tools/gomad3/toolchain","Test":"TestSourceCleanupLegacyTarNormalization"}
{"Time":"2026-10-09T00:30:31.248265383Z","Action":"output","Package":"go.temporal.io/server/tools/gomad3/toolchain","Test":"TestSourceCleanupLegacyTarNormalization","Output":"=== RUN   TestSourceCleanupLegacyTarNormalization\n","OutputType":"frame"}
{"Time":"2026-10-09T00:30:31.248279967Z","Action":"run","Package":"go.temporal.io/server/tools/gomad3/toolchain","Test":"TestSourceCleanupLegacyTarNormalization/regular"}
{"Time":"2026-10-09T00:30:31.248291175Z","Action":"output","Package":"go.temporal.io/server/tools/gomad3/toolchain","Test":"TestSourceCleanupLegacyTarNormalization/regular","Output":"=== RUN   TestSourceCleanupLegacyTarNormalization/regular\n","OutputType":"frame"}
{"Time":"2026-10-09T00:30:31.250241092Z","Action":"output","Package":"go.temporal.io/server/tools/gomad3/toolchain","Test":"TestSourceCleanupLegacyTarNormalization/regular","Output":"--- PASS: TestSourceCleanupLegacyTarNormalization/regular (0.00s)\n","OutputType":"frame"}
{"Time":"2026-10-09T00:30:31.250272883Z","Action":"pass","Package":"go.temporal.io/server/tools/gomad3/toolchain","Test":"TestSourceCleanupLegacyTarNormalization/regular","Elapsed":0}
{"Time":"2026-10-09T00:30:31.25030305Z","Action":"run","Package":"go.temporal.io/server/tools/gomad3/toolchain","Test":"TestSourceCleanupLegacyTarNormalization/directory"}
{"Time":"2026-10-09T00:30:31.250322675Z","Action":"output","Package":"go.temporal.io/server/tools/gomad3/toolchain","Test":"TestSourceCleanupLegacyTarNormalization/directory","Output":"=== RUN   TestSourceCleanupLegacyTarNormalization/directory\n","OutputType":"frame"}
{"Time":"2026-10-09T00:30:31.2513878Z","Action":"output","Package":"go.temporal.io/server/tools/gomad3/toolchain","Test":"TestSourceCleanupLegacyTarNormalization/directory","Output":"--- PASS: TestSourceCleanupLegacyTarNormalization/directory (0.00s)\n","OutputType":"frame"}
{"Time":"2026-10-09T00:30:31.2514168Z","Action":"pass","Package":"go.temporal.io/server/tools/gomad3/toolchain","Test":"TestSourceCleanupLegacyTarNormalization/directory","Elapsed":0}
{"Time":"2026-10-09T00:30:31.251475717Z","Action":"output","Package":"go.temporal.io/server/tools/gomad3/toolchain","Test":"TestSourceCleanupLegacyTarNormalization","Output":"--- PASS: TestSourceCleanupLegacyTarNormalization (0.00s)\n","OutputType":"frame"}
{"Time":"2026-10-09T00:30:31.251496592Z","Action":"pass","Package":"go.temporal.io/server/tools/gomad3/toolchain","Test":"TestSourceCleanupLegacyTarNormalization","Elapsed":0}
{"Time":"2026-10-09T00:30:31.251512092Z","Action":"run","Package":"go.temporal.io/server/tools/gomad3/toolchain","Test":"TestSourceCleanupCorruptDeflateReadAndClose"}
{"Time":"2026-10-09T00:30:31.251525717Z","Action":"output","Package":"go.temporal.io/server/tools/gomad3/toolchain","Test":"TestSourceCleanupCorruptDeflateReadAndClose","Output":"=== RUN   TestSourceCleanupCorruptDeflateReadAndClose\n","OutputType":"frame"}
{"Time":"2026-10-09T00:30:31.253043967Z","Action":"output","Package":"go.temporal.io/server/tools/gomad3/toolchain","Test":"TestSourceCleanupCorruptDeflateReadAndClose","Output":"--- PASS: TestSourceCleanupCorruptDeflateReadAndClose (0.00s)\n","OutputType":"frame"}
{"Time":"2026-10-09T00:30:31.253073508Z","Action":"pass","Package":"go.temporal.io/server/tools/gomad3/toolchain","Test":"TestSourceCleanupCorruptDeflateReadAndClose","Elapsed":0}
{"Time":"2026-10-09T00:30:31.253090383Z","Action":"run","Package":"go.temporal.io/server/tools/gomad3/toolchain","Test":"TestSourceCleanupCacheAndExtractionErrors"}
{"Time":"2026-10-09T00:30:31.253100675Z","Action":"output","Package":"go.temporal.io/server/tools/gomad3/toolchain","Test":"TestSourceCleanupCacheAndExtractionErrors","Output":"=== RUN   TestSourceCleanupCacheAndExtractionErrors\n","OutputType":"frame"}
{"Time":"2026-10-09T00:30:31.253272967Z","Action":"run","Package":"go.temporal.io/server/tools/gomad3/toolchain","Test":"TestSourceCleanupCacheAndExtractionErrors/missing"}
{"Time":"2026-10-09T00:30:31.253291092Z","Action":"output","Package":"go.temporal.io/server/tools/gomad3/toolchain","Test":"TestSourceCleanupCacheAndExtractionErrors/missing","Output":"=== RUN   TestSourceCleanupCacheAndExtractionErrors/missing\n","OutputType":"frame"}
{"Time":"2026-10-09T00:30:31.254081258Z","Action":"output","Package":"go.temporal.io/server/tools/gomad3/toolchain","Test":"TestSourceCleanupCacheAndExtractionErrors/missing","Output":"--- PASS: TestSourceCleanupCacheAndExtractionErrors/missing (0.00s)\n","OutputType":"frame"}
{"Time":"2026-10-09T00:30:31.254108758Z","Action":"pass","Package":"go.temporal.io/server/tools/gomad3/toolchain","Test":"TestSourceCleanupCacheAndExtractionErrors/missing","Elapsed":0}
{"Time":"2026-10-09T00:30:31.254130633Z","Action":"run","Package":"go.temporal.io/server/tools/gomad3/toolchain","Test":"TestSourceCleanupCacheAndExtractionErrors/gzip"}
{"Time":"2026-10-09T00:30:31.254147342Z","Action":"output","Package":"go.temporal.io/server/tools/gomad3/toolchain","Test":"TestSourceCleanupCacheAndExtractionErrors/gzip","Output":"=== RUN   TestSourceCleanupCacheAndExtractionErrors/gzip\n","OutputType":"frame"}
{"Time":"2026-10-09T00:30:31.254883133Z","Action":"output","Package":"go.temporal.io/server/tools/gomad3/toolchain","Test":"TestSourceCleanupCacheAndExtractionErrors/gzip","Output":"--- PASS: TestSourceCleanupCacheAndExtractionErrors/gzip (0.00s)\n","OutputType":"frame"}
{"Time":"2026-10-09T00:30:31.254910842Z","Action":"pass","Package":"go.temporal.io/server/tools/gomad3/toolchain","Test":"TestSourceCleanupCacheAndExtractionErrors/gzip","Elapsed":0}
{"Time":"2026-10-09T00:30:31.255039467Z","Action":"output","Package":"go.temporal.io/server/tools/gomad3/toolchain","Test":"TestSourceCleanupCacheAndExtractionErrors","Output":"--- PASS: TestSourceCleanupCacheAndExtractionErrors (0.00s)\n","OutputType":"frame"}
{"Time":"2026-10-09T00:30:31.255060633Z","Action":"pass","Package":"go.temporal.io/server/tools/gomad3/toolchain","Test":"TestSourceCleanupCacheAndExtractionErrors","Elapsed":0}
{"Time":"2026-10-09T00:30:31.255167258Z","Action":"output","Package":"go.temporal.io/server/tools/gomad3/toolchain","Output":"PASS\n","OutputType":"frame"}
{"Time":"2026-10-09T00:30:31.255512425Z","Action":"output","Package":"go.temporal.io/server/tools/gomad3/toolchain","Output":"ok  \tgo.temporal.io/server/tools/gomad3/toolchain\t0.547s\n"}
{"Time":"2026-10-09T00:30:31.255551967Z","Action":"pass","Package":"go.temporal.io/server/tools/gomad3/toolchain","Elapsed":0.547}
