{"Time":"2026-10-09T00:30:27.319457965Z","Action":"start","Package":"go.temporal.io/server/tools/gomad3/internal/gomadtool/conformance"}
{"Time":"2026-10-09T00:30:27.322971173Z","Action":"run","Package":"go.temporal.io/server/tools/gomad3/internal/gomadtool/conformance","Test":"TestRunUpstreamExecutesTypedGatesInOrder"}
{"Time":"2026-10-09T00:30:27.323017798Z","Action":"output","Package":"go.temporal.io/server/tools/gomad3/internal/gomadtool/conformance","Test":"TestRunUpstreamExecutesTypedGatesInOrder","Output":"=== RUN   TestRunUpstreamExecutesTypedGatesInOrder\n","OutputType":"frame"}
{"Time":"2026-10-09T00:30:27.361246007Z","Action":"output","Package":"go.temporal.io/server/tools/gomad3/internal/gomadtool/conformance","Test":"TestRunUpstreamExecutesTypedGatesInOrder","Output":"--- PASS: TestRunUpstreamExecutesTypedGatesInOrder (0.04s)\n","OutputType":"frame"}
{"Time":"2026-10-09T00:30:27.361337507Z","Action":"pass","Package":"go.temporal.io/server/tools/gomad3/internal/gomadtool/conformance","Test":"TestRunUpstreamExecutesTypedGatesInOrder","Elapsed":0.04}
{"Time":"2026-10-09T00:30:27.361385715Z","Action":"run","Package":"go.temporal.io/server/tools/gomad3/internal/gomadtool/conformance","Test":"TestRunBuilderExecutesTypedPackageGate"}
{"Time":"2026-10-09T00:30:27.361409965Z","Action":"output","Package":"go.temporal.io/server/tools/gomad3/internal/gomadtool/conformance","Test":"TestRunBuilderExecutesTypedPackageGate","Output":"=== RUN   TestRunBuilderExecutesTypedPackageGate\n","OutputType":"frame"}
{"Time":"2026-10-09T00:30:27.362870465Z","Action":"output","Package":"go.temporal.io/server/tools/gomad3/internal/gomadtool/conformance","Test":"TestRunBuilderExecutesTypedPackageGate","Output":"--- PASS: TestRunBuilderExecutesTypedPackageGate (0.00s)\n","OutputType":"frame"}
{"Time":"2026-10-09T00:30:27.362913048Z","Action":"pass","Package":"go.temporal.io/server/tools/gomad3/internal/gomadtool/conformance","Test":"TestRunBuilderExecutesTypedPackageGate","Elapsed":0}
{"Time":"2026-10-09T00:30:27.362932757Z","Action":"run","Package":"go.temporal.io/server/tools/gomad3/internal/gomadtool/conformance","Test":"TestRunLiveCapabilityExecutesPinnedSemanticFixtures"}
{"Time":"2026-10-09T00:30:27.362981882Z","Action":"output","Package":"go.temporal.io/server/tools/gomad3/internal/gomadtool/conformance","Test":"TestRunLiveCapabilityExecutesPinnedSemanticFixtures","Output":"=== RUN   TestRunLiveCapabilityExecutesPinnedSemanticFixtures\n","OutputType":"frame"}
{"Time":"2026-10-09T00:30:27.364726007Z","Action":"output","Package":"go.temporal.io/server/tools/gomad3/internal/gomadtool/conformance","Test":"TestRunLiveCapabilityExecutesPinnedSemanticFixtures","Output":"--- PASS: TestRunLiveCapabilityExecutesPinnedSemanticFixtures (0.00s)\n","OutputType":"frame"}
{"Time":"2026-10-09T00:30:27.364789715Z","Action":"pass","Package":"go.temporal.io/server/tools/gomad3/internal/gomadtool/conformance","Test":"TestRunLiveCapabilityExecutesPinnedSemanticFixtures","Elapsed":0}
{"Time":"2026-10-09T00:30:27.36492109Z","Action":"run","Package":"go.temporal.io/server/tools/gomad3/internal/gomadtool/conformance","Test":"TestRunAcceptsExecutableSymlink"}
{"Time":"2026-10-09T00:30:27.365023465Z","Action":"output","Package":"go.temporal.io/server/tools/gomad3/internal/gomadtool/conformance","Test":"TestRunAcceptsExecutableSymlink","Output":"=== RUN   TestRunAcceptsExecutableSymlink\n","OutputType":"frame"}
{"Time":"2026-10-09T00:30:27.366743632Z","Action":"output","Package":"go.temporal.io/server/tools/gomad3/internal/gomadtool/conformance","Test":"TestRunAcceptsExecutableSymlink","Output":"--- PASS: TestRunAcceptsExecutableSymlink (0.00s)\n","OutputType":"frame"}
{"Time":"2026-10-09T00:30:27.36679409Z","Action":"pass","Package":"go.temporal.io/server/tools/gomad3/internal/gomadtool/conformance","Test":"TestRunAcceptsExecutableSymlink","Elapsed":0}
{"Time":"2026-10-09T00:30:27.366828215Z","Action":"run","Package":"go.temporal.io/server/tools/gomad3/internal/gomadtool/conformance","Test":"TestRunUpstreamStopsAtFailedGateWithBoundedEvidence"}
{"Time":"2026-10-09T00:30:27.366854132Z","Action":"output","Package":"go.temporal.io/server/tools/gomad3/internal/gomadtool/conformance","Test":"TestRunUpstreamStopsAtFailedGateWithBoundedEvidence","Output":"=== RUN   TestRunUpstreamStopsAtFailedGateWithBoundedEvidence\n","OutputType":"frame"}
{"Time":"2026-10-09T00:30:27.368632423Z","Action":"output","Package":"go.temporal.io/server/tools/gomad3/internal/gomadtool/conformance","Test":"TestRunUpstreamStopsAtFailedGateWithBoundedEvidence","Output":"--- PASS: TestRunUpstreamStopsAtFailedGateWithBoundedEvidence (0.00s)\n","OutputType":"frame"}
{"Time":"2026-10-09T00:30:27.368652965Z","Action":"pass","Package":"go.temporal.io/server/tools/gomad3/internal/gomadtool/conformance","Test":"TestRunUpstreamStopsAtFailedGateWithBoundedEvidence","Elapsed":0}
{"Time":"2026-10-09T00:30:27.36868609Z","Action":"run","Package":"go.temporal.io/server/tools/gomad3/internal/gomadtool/conformance","Test":"TestRunRejectsUnknownModeAndMissingToolchain"}
{"Time":"2026-10-09T00:30:27.368699757Z","Action":"output","Package":"go.temporal.io/server/tools/gomad3/internal/gomadtool/conformance","Test":"TestRunRejectsUnknownModeAndMissingToolchain","Output":"=== RUN   TestRunRejectsUnknownModeAndMissingToolchain\n","OutputType":"frame"}
{"Time":"2026-10-09T00:30:27.369110632Z","Action":"run","Package":"go.temporal.io/server/tools/gomad3/internal/gomadtool/conformance","Test":"TestRunRejectsUnknownModeAndMissingToolchain/mode"}
{"Time":"2026-10-09T00:30:27.36912409Z","Action":"output","Package":"go.temporal.io/server/tools/gomad3/internal/gomadtool/conformance","Test":"TestRunRejectsUnknownModeAndMissingToolchain/mode","Output":"=== RUN   TestRunRejectsUnknownModeAndMissingToolchain/mode\n","OutputType":"frame"}
{"Time":"2026-10-09T00:30:27.369133965Z","Action":"output","Package":"go.temporal.io/server/tools/gomad3/internal/gomadtool/conformance","Test":"TestRunRejectsUnknownModeAndMissingToolchain/mode","Output":"--- PASS: TestRunRejectsUnknownModeAndMissingToolchain/mode (0.00s)\n","OutputType":"frame"}
{"Time":"2026-10-09T00:30:27.369145715Z","Action":"pass","Package":"go.temporal.io/server/tools/gomad3/internal/gomadtool/conformance","Test":"TestRunRejectsUnknownModeAndMissingToolchain/mode","Elapsed":0}
{"Time":"2026-10-09T00:30:27.369155215Z","Action":"run","Package":"go.temporal.io/server/tools/gomad3/internal/gomadtool/conformance","Test":"TestRunRejectsUnknownModeAndMissingToolchain/toolchain"}
{"Time":"2026-10-09T00:30:27.369163173Z","Action":"output","Package":"go.temporal.io/server/tools/gomad3/internal/gomadtool/conformance","Test":"TestRunRejectsUnknownModeAndMissingToolchain/toolchain","Output":"=== RUN   TestRunRejectsUnknownModeAndMissingToolchain/toolchain\n","OutputType":"frame"}
{"Time":"2026-10-09T00:30:27.369175423Z","Action":"output","Package":"go.temporal.io/server/tools/gomad3/internal/gomadtool/conformance","Test":"TestRunRejectsUnknownModeAndMissingToolchain/toolchain","Output":"--- PASS: TestRunRejectsUnknownModeAndMissingToolchain/toolchain (0.00s)\n","OutputType":"frame"}
{"Time":"2026-10-09T00:30:27.369185257Z","Action":"pass","Package":"go.temporal.io/server/tools/gomad3/internal/gomadtool/conformance","Test":"TestRunRejectsUnknownModeAndMissingToolchain/toolchain","Elapsed":0}
{"Time":"2026-10-09T00:30:27.36927284Z","Action":"output","Package":"go.temporal.io/server/tools/gomad3/internal/gomadtool/conformance","Test":"TestRunRejectsUnknownModeAndMissingToolchain","Output":"--- PASS: TestRunRejectsUnknownModeAndMissingToolchain (0.00s)\n","OutputType":"frame"}
{"Time":"2026-10-09T00:30:27.369301132Z","Action":"pass","Package":"go.temporal.io/server/tools/gomad3/internal/gomadtool/conformance","Test":"TestRunRejectsUnknownModeAndMissingToolchain","Elapsed":0}
{"Time":"2026-10-09T00:30:27.36932809Z","Action":"run","Package":"go.temporal.io/server/tools/gomad3/internal/gomadtool/conformance","Test":"TestRunReportsInfrastructureError"}
{"Time":"2026-10-09T00:30:27.36934759Z","Action":"output","Package":"go.temporal.io/server/tools/gomad3/internal/gomadtool/conformance","Test":"TestRunReportsInfrastructureError","Output":"=== RUN   TestRunReportsInfrastructureError\n","OutputType":"frame"}
{"Time":"2026-10-09T00:30:27.37113534Z","Action":"output","Package":"go.temporal.io/server/tools/gomad3/internal/gomadtool/conformance","Test":"TestRunReportsInfrastructureError","Output":"--- PASS: TestRunReportsInfrastructureError (0.00s)\n","OutputType":"frame"}
{"Time":"2026-10-09T00:30:27.371159423Z","Action":"pass","Package":"go.temporal.io/server/tools/gomad3/internal/gomadtool/conformance","Test":"TestRunReportsInfrastructureError","Elapsed":0}
{"Time":"2026-10-09T00:30:27.371175382Z","Action":"run","Package":"go.temporal.io/server/tools/gomad3/internal/gomadtool/conformance","Test":"TestRunInterceptionExecutesManifestDrivenCompilerCases"}
{"Time":"2026-10-09T00:30:27.37119034Z","Action":"output","Package":"go.temporal.io/server/tools/gomad3/internal/gomadtool/conformance","Test":"TestRunInterceptionExecutesManifestDrivenCompilerCases","Output":"=== RUN   TestRunInterceptionExecutesManifestDrivenCompilerCases\n","OutputType":"frame"}
{"Time":"2026-10-09T00:30:27.376247965Z","Action":"output","Package":"go.temporal.io/server/tools/gomad3/internal/gomadtool/conformance","Test":"TestRunInterceptionExecutesManifestDrivenCompilerCases","Output":"--- PASS: TestRunInterceptionExecutesManifestDrivenCompilerCases (0.01s)\n","OutputType":"frame"}
{"Time":"2026-10-09T00:30:27.376275048Z","Action":"pass","Package":"go.temporal.io/server/tools/gomad3/internal/gomadtool/conformance","Test":"TestRunInterceptionExecutesManifestDrivenCompilerCases","Elapsed":0.01}
{"Time":"2026-10-09T00:30:27.376298298Z","Action":"run","Package":"go.temporal.io/server/tools/gomad3/internal/gomadtool/conformance","Test":"TestRunInterceptionRejectsMissingCompiler"}
{"Time":"2026-10-09T00:30:27.37631659Z","Action":"output","Package":"go.temporal.io/server/tools/gomad3/internal/gomadtool/conformance","Test":"TestRunInterceptionRejectsMissingCompiler","Output":"=== RUN   TestRunInterceptionRejectsMissingCompiler\n","OutputType":"frame"}
{"Time":"2026-10-09T00:30:27.37658959Z","Action":"output","Package":"go.temporal.io/server/tools/gomad3/internal/gomadtool/conformance","Test":"TestRunInterceptionRejectsMissingCompiler","Output":"--- PASS: TestRunInterceptionRejectsMissingCompiler (0.00s)\n","OutputType":"frame"}
{"Time":"2026-10-09T00:30:27.376605673Z","Action":"pass","Package":"go.temporal.io/server/tools/gomad3/internal/gomadtool/conformance","Test":"TestRunInterceptionRejectsMissingCompiler","Elapsed":0}
{"Time":"2026-10-09T00:30:27.376617173Z","Action":"run","Package":"go.temporal.io/server/tools/gomad3/internal/gomadtool/conformance","Test":"TestExecWrapperIsStrictPOSIX"}
{"Time":"2026-10-09T00:30:27.376632048Z","Action":"output","Package":"go.temporal.io/server/tools/gomad3/internal/gomadtool/conformance","Test":"TestExecWrapperIsStrictPOSIX","Output":"=== RUN   TestExecWrapperIsStrictPOSIX\n","OutputType":"frame"}
{"Time":"2026-10-09T00:30:27.380306423Z","Action":"output","Package":"go.temporal.io/server/tools/gomad3/internal/gomadtool/conformance","Test":"TestExecWrapperIsStrictPOSIX","Output":"--- PASS: TestExecWrapperIsStrictPOSIX (0.00s)\n","OutputType":"frame"}
{"Time":"2026-10-09T00:30:27.380406632Z","Action":"pass","Package":"go.temporal.io/server/tools/gomad3/internal/gomadtool/conformance","Test":"TestExecWrapperIsStrictPOSIX","Elapsed":0}
{"Time":"2026-10-09T00:30:27.380524965Z","Action":"output","Package":"go.temporal.io/server/tools/gomad3/internal/gomadtool/conformance","Output":"PASS\n","OutputType":"frame"}
{"Time":"2026-10-09T00:30:27.380631632Z","Action":"output","Package":"go.temporal.io/server/tools/gomad3/internal/gomadtool/conformance","Output":"ok  \tgo.temporal.io/server/tools/gomad3/internal/gomadtool/conformance\t0.061s\n"}
{"Time":"2026-10-09T00:30:27.380663632Z","Action":"pass","Package":"go.temporal.io/server/tools/gomad3/internal/gomadtool/conformance","Elapsed":0.061}
