{"Time":"2026-10-09T00:35:44.126725074Z","Action":"start","Package":"go.temporal.io/server/tools/gomad3/target"}
{"Time":"2026-10-09T00:35:44.141947283Z","Action":"run","Package":"go.temporal.io/server/tools/gomad3/target","Test":"TestReviewCapabilitiesSourceCommandBoundary"}
{"Time":"2026-10-09T00:35:44.142075658Z","Action":"output","Package":"go.temporal.io/server/tools/gomad3/target","Test":"TestReviewCapabilitiesSourceCommandBoundary","Output":"=== RUN   TestReviewCapabilitiesSourceCommandBoundary\n","OutputType":"frame"}
{"Time":"2026-10-09T00:35:44.142259033Z","Action":"run","Package":"go.temporal.io/server/tools/gomad3/target","Test":"TestReviewCapabilitiesSourceCommandBoundary/closure"}
{"Time":"2026-10-09T00:35:44.142341824Z","Action":"output","Package":"go.temporal.io/server/tools/gomad3/target","Test":"TestReviewCapabilitiesSourceCommandBoundary/closure","Output":"=== RUN   TestReviewCapabilitiesSourceCommandBoundary/closure\n","OutputType":"frame"}
{"Time":"2026-10-09T00:35:44.160229366Z","Action":"output","Package":"go.temporal.io/server/tools/gomad3/target","Test":"TestReviewCapabilitiesSourceCommandBoundary/closure","Output":"--- PASS: TestReviewCapabilitiesSourceCommandBoundary/closure (0.02s)\n","OutputType":"frame"}
{"Time":"2026-10-09T00:35:44.160340574Z","Action":"pass","Package":"go.temporal.io/server/tools/gomad3/target","Test":"TestReviewCapabilitiesSourceCommandBoundary/closure","Elapsed":0.02}
{"Time":"2026-10-09T00:35:44.160381991Z","Action":"run","Package":"go.temporal.io/server/tools/gomad3/target","Test":"TestReviewCapabilitiesSourceCommandBoundary/linked_run"}
{"Time":"2026-10-09T00:35:44.160408658Z","Action":"output","Package":"go.temporal.io/server/tools/gomad3/target","Test":"TestReviewCapabilitiesSourceCommandBoundary/linked_run","Output":"=== RUN   TestReviewCapabilitiesSourceCommandBoundary/linked_run\n","OutputType":"frame"}
{"Time":"2026-10-09T00:35:44.181573116Z","Action":"output","Package":"go.temporal.io/server/tools/gomad3/target","Test":"TestReviewCapabilitiesSourceCommandBoundary/linked_run","Output":"--- PASS: TestReviewCapabilitiesSourceCommandBoundary/linked_run (0.02s)\n","OutputType":"frame"}
{"Time":"2026-10-09T00:35:44.181668866Z","Action":"pass","Package":"go.temporal.io/server/tools/gomad3/target","Test":"TestReviewCapabilitiesSourceCommandBoundary/linked_run","Elapsed":0.02}
{"Time":"2026-10-09T00:35:44.181709158Z","Action":"run","Package":"go.temporal.io/server/tools/gomad3/target","Test":"TestReviewCapabilitiesSourceCommandBoundary/linked_test"}
{"Time":"2026-10-09T00:35:44.181756283Z","Action":"output","Package":"go.temporal.io/server/tools/gomad3/target","Test":"TestReviewCapabilitiesSourceCommandBoundary/linked_test","Output":"=== RUN   TestReviewCapabilitiesSourceCommandBoundary/linked_test\n","OutputType":"frame"}
{"Time":"2026-10-09T00:35:44.198524741Z","Action":"output","Package":"go.temporal.io/server/tools/gomad3/target","Test":"TestReviewCapabilitiesSourceCommandBoundary/linked_test","Output":"--- PASS: TestReviewCapabilitiesSourceCommandBoundary/linked_test (0.02s)\n","OutputType":"frame"}
{"Time":"2026-10-09T00:35:44.198832908Z","Action":"pass","Package":"go.temporal.io/server/tools/gomad3/target","Test":"TestReviewCapabilitiesSourceCommandBoundary/linked_test","Elapsed":0.02}
{"Time":"2026-10-09T00:35:44.201072741Z","Action":"run","Package":"go.temporal.io/server/tools/gomad3/target","Test":"TestReviewCapabilitiesSourceCommandBoundary/guarded"}
{"Time":"2026-10-09T00:35:44.205507033Z","Action":"output","Package":"go.temporal.io/server/tools/gomad3/target","Test":"TestReviewCapabilitiesSourceCommandBoundary/guarded","Output":"=== RUN   TestReviewCapabilitiesSourceCommandBoundary/guarded\n","OutputType":"frame"}
{"Time":"2026-10-09T00:35:44.221113949Z","Action":"output","Package":"go.temporal.io/server/tools/gomad3/target","Test":"TestReviewCapabilitiesSourceCommandBoundary/guarded","Output":"--- PASS: TestReviewCapabilitiesSourceCommandBoundary/guarded (0.02s)\n","OutputType":"frame"}
{"Time":"2026-10-09T00:35:44.221439533Z","Action":"pass","Package":"go.temporal.io/server/tools/gomad3/target","Test":"TestReviewCapabilitiesSourceCommandBoundary/guarded","Elapsed":0.02}
{"Time":"2026-10-09T00:35:44.221511324Z","Action":"run","Package":"go.temporal.io/server/tools/gomad3/target","Test":"TestReviewCapabilitiesSourceCommandBoundary/malformed_linked"}
{"Time":"2026-10-09T00:35:44.221526699Z","Action":"output","Package":"go.temporal.io/server/tools/gomad3/target","Test":"TestReviewCapabilitiesSourceCommandBoundary/malformed_linked","Output":"=== RUN   TestReviewCapabilitiesSourceCommandBoundary/malformed_linked\n","OutputType":"frame"}
{"Time":"2026-10-09T00:35:44.239143116Z","Action":"output","Package":"go.temporal.io/server/tools/gomad3/target","Test":"TestReviewCapabilitiesSourceCommandBoundary/malformed_linked","Output":"--- PASS: TestReviewCapabilitiesSourceCommandBoundary/malformed_linked (0.02s)\n","OutputType":"frame"}
{"Time":"2026-10-09T00:35:44.239370033Z","Action":"pass","Package":"go.temporal.io/server/tools/gomad3/target","Test":"TestReviewCapabilitiesSourceCommandBoundary/malformed_linked","Elapsed":0.02}
{"Time":"2026-10-09T00:35:44.239671324Z","Action":"run","Package":"go.temporal.io/server/tools/gomad3/target","Test":"TestReviewCapabilitiesSourceCommandBoundary/unsupported_linked_capacity"}
{"Time":"2026-10-09T00:35:44.240664491Z","Action":"output","Package":"go.temporal.io/server/tools/gomad3/target","Test":"TestReviewCapabilitiesSourceCommandBoundary/unsupported_linked_capacity","Output":"=== RUN   TestReviewCapabilitiesSourceCommandBoundary/unsupported_linked_capacity\n","OutputType":"frame"}
{"Time":"2026-10-09T00:35:44.256693574Z","Action":"output","Package":"go.temporal.io/server/tools/gomad3/target","Test":"TestReviewCapabilitiesSourceCommandBoundary/unsupported_linked_capacity","Output":"--- PASS: TestReviewCapabilitiesSourceCommandBoundary/unsupported_linked_capacity (0.02s)\n","OutputType":"frame"}
{"Time":"2026-10-09T00:35:44.258414324Z","Action":"pass","Package":"go.temporal.io/server/tools/gomad3/target","Test":"TestReviewCapabilitiesSourceCommandBoundary/unsupported_linked_capacity","Elapsed":0.02}
{"Time":"2026-10-09T00:35:44.258696533Z","Action":"output","Package":"go.temporal.io/server/tools/gomad3/target","Test":"TestReviewCapabilitiesSourceCommandBoundary","Output":"--- PASS: TestReviewCapabilitiesSourceCommandBoundary (0.11s)\n","OutputType":"frame"}
{"Time":"2026-10-09T00:35:44.258897949Z","Action":"pass","Package":"go.temporal.io/server/tools/gomad3/target","Test":"TestReviewCapabilitiesSourceCommandBoundary","Elapsed":0.11}
{"Time":"2026-10-09T00:35:44.258948866Z","Action":"output","Package":"go.temporal.io/server/tools/gomad3/target","Output":"PASS\n","OutputType":"frame"}
{"Time":"2026-10-09T00:35:44.259000116Z","Action":"output","Package":"go.temporal.io/server/tools/gomad3/target","Output":"ok  \tgo.temporal.io/server/tools/gomad3/target\t0.132s\n"}
{"Time":"2026-10-09T00:35:44.259018949Z","Action":"pass","Package":"go.temporal.io/server/tools/gomad3/target","Elapsed":0.132}
