{"Time":"2026-10-09T00:32:07.484614346Z","Action":"start","Package":"go.temporal.io/server/tools/gomad3/qualification/set"}
{"Time":"2026-10-09T00:32:07.485030179Z","Action":"start","Package":"go.temporal.io/server/tools/gomad3/qualification/soak"}
{"Time":"2026-10-09T00:32:07.489907346Z","Action":"run","Package":"go.temporal.io/server/tools/gomad3/qualification/soak","Test":"TestClassifyBatchKeepsOverflowAndInfrastructureApartFromDivergence"}
{"Time":"2026-10-09T00:32:07.490056971Z","Action":"output","Package":"go.temporal.io/server/tools/gomad3/qualification/soak","Test":"TestClassifyBatchKeepsOverflowAndInfrastructureApartFromDivergence","Output":"=== RUN   TestClassifyBatchKeepsOverflowAndInfrastructureApartFromDivergence\n","OutputType":"frame"}
{"Time":"2026-10-09T00:32:07.490114596Z","Action":"run","Package":"go.temporal.io/server/tools/gomad3/qualification/soak","Test":"TestClassifyBatchKeepsOverflowAndInfrastructureApartFromDivergence/qualified"}
{"Time":"2026-10-09T00:32:07.490171138Z","Action":"output","Package":"go.temporal.io/server/tools/gomad3/qualification/soak","Test":"TestClassifyBatchKeepsOverflowAndInfrastructureApartFromDivergence/qualified","Output":"=== RUN   TestClassifyBatchKeepsOverflowAndInfrastructureApartFromDivergence/qualified\n","OutputType":"frame"}
{"Time":"2026-10-09T00:32:07.490270554Z","Action":"output","Package":"go.temporal.io/server/tools/gomad3/qualification/soak","Test":"TestClassifyBatchKeepsOverflowAndInfrastructureApartFromDivergence/qualified","Output":"--- PASS: TestClassifyBatchKeepsOverflowAndInfrastructureApartFromDivergence/qualified (0.00s)\n","OutputType":"frame"}
{"Time":"2026-10-09T00:32:07.490313679Z","Action":"pass","Package":"go.temporal.io/server/tools/gomad3/qualification/soak","Test":"TestClassifyBatchKeepsOverflowAndInfrastructureApartFromDivergence/qualified","Elapsed":0}
{"Time":"2026-10-09T00:32:07.490338721Z","Action":"run","Package":"go.temporal.io/server/tools/gomad3/qualification/soak","Test":"TestClassifyBatchKeepsOverflowAndInfrastructureApartFromDivergence/fresh_runs_disagree"}
{"Time":"2026-10-09T00:32:07.490460929Z","Action":"output","Package":"go.temporal.io/server/tools/gomad3/qualification/soak","Test":"TestClassifyBatchKeepsOverflowAndInfrastructureApartFromDivergence/fresh_runs_disagree","Output":"=== RUN   TestClassifyBatchKeepsOverflowAndInfrastructureApartFromDivergence/fresh_runs_disagree\n","OutputType":"frame"}
{"Time":"2026-10-09T00:32:07.490498763Z","Action":"output","Package":"go.temporal.io/server/tools/gomad3/qualification/soak","Test":"TestClassifyBatchKeepsOverflowAndInfrastructureApartFromDivergence/fresh_runs_disagree","Output":"--- PASS: TestClassifyBatchKeepsOverflowAndInfrastructureApartFromDivergence/fresh_runs_disagree (0.00s)\n","OutputType":"frame"}
{"Time":"2026-10-09T00:32:07.490535221Z","Action":"pass","Package":"go.temporal.io/server/tools/gomad3/qualification/soak","Test":"TestClassifyBatchKeepsOverflowAndInfrastructureApartFromDivergence/fresh_runs_disagree","Elapsed":0}
{"Time":"2026-10-09T00:32:07.490556346Z","Action":"run","Package":"go.temporal.io/server/tools/gomad3/qualification/soak","Test":"TestClassifyBatchKeepsOverflowAndInfrastructureApartFromDivergence/overflow_before_divergence"}
{"Time":"2026-10-09T00:32:07.490575346Z","Action":"output","Package":"go.temporal.io/server/tools/gomad3/qualification/soak","Test":"TestClassifyBatchKeepsOverflowAndInfrastructureApartFromDivergence/overflow_before_divergence","Output":"=== RUN   TestClassifyBatchKeepsOverflowAndInfrastructureApartFromDivergence/overflow_before_divergence\n","OutputType":"frame"}
{"Time":"2026-10-09T00:32:07.490629304Z","Action":"output","Package":"go.temporal.io/server/tools/gomad3/qualification/soak","Test":"TestClassifyBatchKeepsOverflowAndInfrastructureApartFromDivergence/overflow_before_divergence","Output":"--- PASS: TestClassifyBatchKeepsOverflowAndInfrastructureApartFromDivergence/overflow_before_divergence (0.00s)\n","OutputType":"frame"}
{"Time":"2026-10-09T00:32:07.490704263Z","Action":"pass","Package":"go.temporal.io/server/tools/gomad3/qualification/soak","Test":"TestClassifyBatchKeepsOverflowAndInfrastructureApartFromDivergence/overflow_before_divergence","Elapsed":0}
{"Time":"2026-10-09T00:32:07.490827304Z","Action":"run","Package":"go.temporal.io/server/tools/gomad3/qualification/soak","Test":"TestClassifyBatchKeepsOverflowAndInfrastructureApartFromDivergence/runner_failure"}
{"Time":"2026-10-09T00:32:07.491075304Z","Action":"output","Package":"go.temporal.io/server/tools/gomad3/qualification/soak","Test":"TestClassifyBatchKeepsOverflowAndInfrastructureApartFromDivergence/runner_failure","Output":"=== RUN   TestClassifyBatchKeepsOverflowAndInfrastructureApartFromDivergence/runner_failure\n","OutputType":"frame"}
{"Time":"2026-10-09T00:32:07.491101929Z","Action":"output","Package":"go.temporal.io/server/tools/gomad3/qualification/soak","Test":"TestClassifyBatchKeepsOverflowAndInfrastructureApartFromDivergence/runner_failure","Output":"--- PASS: TestClassifyBatchKeepsOverflowAndInfrastructureApartFromDivergence/runner_failure (0.00s)\n","OutputType":"frame"}
{"Time":"2026-10-09T00:32:07.491688263Z","Action":"pass","Package":"go.temporal.io/server/tools/gomad3/qualification/soak","Test":"TestClassifyBatchKeepsOverflowAndInfrastructureApartFromDivergence/runner_failure","Elapsed":0}
{"Time":"2026-10-09T00:32:07.491709929Z","Action":"run","Package":"go.temporal.io/server/tools/gomad3/qualification/soak","Test":"TestClassifyBatchKeepsOverflowAndInfrastructureApartFromDivergence/overall_timeout"}
{"Time":"2026-10-09T00:32:07.491739846Z","Action":"output","Package":"go.temporal.io/server/tools/gomad3/qualification/soak","Test":"TestClassifyBatchKeepsOverflowAndInfrastructureApartFromDivergence/overall_timeout","Output":"=== RUN   TestClassifyBatchKeepsOverflowAndInfrastructureApartFromDivergence/overall_timeout\n","OutputType":"frame"}
{"Time":"2026-10-09T00:32:07.491762679Z","Action":"output","Package":"go.temporal.io/server/tools/gomad3/qualification/soak","Test":"TestClassifyBatchKeepsOverflowAndInfrastructureApartFromDivergence/overall_timeout","Output":"--- PASS: TestClassifyBatchKeepsOverflowAndInfrastructureApartFromDivergence/overall_timeout (0.00s)\n","OutputType":"frame"}
{"Time":"2026-10-09T00:32:07.491779846Z","Action":"pass","Package":"go.temporal.io/server/tools/gomad3/qualification/soak","Test":"TestClassifyBatchKeepsOverflowAndInfrastructureApartFromDivergence/overall_timeout","Elapsed":0}
{"Time":"2026-10-09T00:32:07.491815638Z","Action":"run","Package":"go.temporal.io/server/tools/gomad3/qualification/soak","Test":"TestClassifyBatchKeepsOverflowAndInfrastructureApartFromDivergence/deterministic_target_failure"}
{"Time":"2026-10-09T00:32:07.491838179Z","Action":"output","Package":"go.temporal.io/server/tools/gomad3/qualification/soak","Test":"TestClassifyBatchKeepsOverflowAndInfrastructureApartFromDivergence/deterministic_target_failure","Output":"=== RUN   TestClassifyBatchKeepsOverflowAndInfrastructureApartFromDivergence/deterministic_target_failure\n","OutputType":"frame"}
{"Time":"2026-10-09T00:32:07.491858679Z","Action":"output","Package":"go.temporal.io/server/tools/gomad3/qualification/soak","Test":"TestClassifyBatchKeepsOverflowAndInfrastructureApartFromDivergence/deterministic_target_failure","Output":"--- PASS: TestClassifyBatchKeepsOverflowAndInfrastructureApartFromDivergence/deterministic_target_failure (0.00s)\n","OutputType":"frame"}
{"Time":"2026-10-09T00:32:07.491878429Z","Action":"pass","Package":"go.temporal.io/server/tools/gomad3/qualification/soak","Test":"TestClassifyBatchKeepsOverflowAndInfrastructureApartFromDivergence/deterministic_target_failure","Elapsed":0}
{"Time":"2026-10-09T00:32:07.491899388Z","Action":"output","Package":"go.temporal.io/server/tools/gomad3/qualification/soak","Test":"TestClassifyBatchKeepsOverflowAndInfrastructureApartFromDivergence","Output":"--- PASS: TestClassifyBatchKeepsOverflowAndInfrastructureApartFromDivergence (0.00s)\n","OutputType":"frame"}
{"Time":"2026-10-09T00:32:07.491917221Z","Action":"pass","Package":"go.temporal.io/server/tools/gomad3/qualification/soak","Test":"TestClassifyBatchKeepsOverflowAndInfrastructureApartFromDivergence","Elapsed":0}
{"Time":"2026-10-09T00:32:07.491943679Z","Action":"run","Package":"go.temporal.io/server/tools/gomad3/qualification/soak","Test":"TestInfrastructureFailureIsNotAPassOrADivergence"}
{"Time":"2026-10-09T00:32:07.491959013Z","Action":"output","Package":"go.temporal.io/server/tools/gomad3/qualification/soak","Test":"TestInfrastructureFailureIsNotAPassOrADivergence","Output":"=== RUN   TestInfrastructureFailureIsNotAPassOrADivergence\n","OutputType":"frame"}
{"Time":"2026-10-09T00:32:07.491981721Z","Action":"run","Package":"go.temporal.io/server/tools/gomad3/qualification/set","Test":"TestRunCountsRetainedRunnerFailureAsInfrastructure"}
{"Time":"2026-10-09T00:32:07.492013054Z","Action":"output","Package":"go.temporal.io/server/tools/gomad3/qualification/set","Test":"TestRunCountsRetainedRunnerFailureAsInfrastructure","Output":"=== RUN   TestRunCountsRetainedRunnerFailureAsInfrastructure\n","OutputType":"frame"}
{"Time":"2026-10-09T00:32:07.494972263Z","Action":"output","Package":"go.temporal.io/server/tools/gomad3/qualification/soak","Test":"TestInfrastructureFailureIsNotAPassOrADivergence","Output":"--- PASS: TestInfrastructureFailureIsNotAPassOrADivergence (0.00s)\n","OutputType":"frame"}
{"Time":"2026-10-09T00:32:07.496762179Z","Action":"pass","Package":"go.temporal.io/server/tools/gomad3/qualification/soak","Test":"TestInfrastructureFailureIsNotAPassOrADivergence","Elapsed":0}
{"Time":"2026-10-09T00:32:07.496796638Z","Action":"run","Package":"go.temporal.io/server/tools/gomad3/qualification/soak","Test":"TestExhaustedBudgetIsReportedAsInfrastructure"}
{"Time":"2026-10-09T00:32:07.496839638Z","Action":"output","Package":"go.temporal.io/server/tools/gomad3/qualification/soak","Test":"TestExhaustedBudgetIsReportedAsInfrastructure","Output":"=== RUN   TestExhaustedBudgetIsReportedAsInfrastructure\n","OutputType":"frame"}
{"Time":"2026-10-09T00:32:07.529110054Z","Action":"output","Package":"go.temporal.io/server/tools/gomad3/qualification/soak","Test":"TestExhaustedBudgetIsReportedAsInfrastructure","Output":"--- PASS: TestExhaustedBudgetIsReportedAsInfrastructure (0.03s)\n","OutputType":"frame"}
{"Time":"2026-10-09T00:32:07.529153471Z","Action":"pass","Package":"go.temporal.io/server/tools/gomad3/qualification/soak","Test":"TestExhaustedBudgetIsReportedAsInfrastructure","Elapsed":0.03}
{"Time":"2026-10-09T00:32:07.529174388Z","Action":"run","Package":"go.temporal.io/server/tools/gomad3/qualification/soak","Test":"TestFailedBaselineRetentionIsInfrastructureAndLeavesNoBaseline"}
{"Time":"2026-10-09T00:32:07.529185263Z","Action":"output","Package":"go.temporal.io/server/tools/gomad3/qualification/soak","Test":"TestFailedBaselineRetentionIsInfrastructureAndLeavesNoBaseline","Output":"=== RUN   TestFailedBaselineRetentionIsInfrastructureAndLeavesNoBaseline\n","OutputType":"frame"}
{"Time":"2026-10-09T00:32:07.529312679Z","Action":"output","Package":"go.temporal.io/server/tools/gomad3/qualification/soak","Test":"TestFailedBaselineRetentionIsInfrastructureAndLeavesNoBaseline","Output":"--- PASS: TestFailedBaselineRetentionIsInfrastructureAndLeavesNoBaseline (0.00s)\n","OutputType":"frame"}
{"Time":"2026-10-09T00:32:07.529350638Z","Action":"pass","Package":"go.temporal.io/server/tools/gomad3/qualification/soak","Test":"TestFailedBaselineRetentionIsInfrastructureAndLeavesNoBaseline","Elapsed":0}
{"Time":"2026-10-09T00:32:07.529375096Z","Action":"output","Package":"go.temporal.io/server/tools/gomad3/qualification/soak","Output":"PASS\n","OutputType":"frame"}
{"Time":"2026-10-09T00:32:07.529452346Z","Action":"output","Package":"go.temporal.io/server/tools/gomad3/qualification/soak","Output":"ok  \tgo.temporal.io/server/tools/gomad3/qualification/soak\t0.044s\n"}
{"Time":"2026-10-09T00:32:07.529474929Z","Action":"pass","Package":"go.temporal.io/server/tools/gomad3/qualification/soak","Elapsed":0.044}
{"Time":"2026-10-09T00:32:07.545645304Z","Action":"output","Package":"go.temporal.io/server/tools/gomad3/qualification/set","Test":"TestRunCountsRetainedRunnerFailureAsInfrastructure","Output":"--- PASS: TestRunCountsRetainedRunnerFailureAsInfrastructure (0.06s)\n","OutputType":"frame"}
{"Time":"2026-10-09T00:32:07.545707138Z","Action":"pass","Package":"go.temporal.io/server/tools/gomad3/qualification/set","Test":"TestRunCountsRetainedRunnerFailureAsInfrastructure","Elapsed":0.06}
{"Time":"2026-10-09T00:32:07.545728929Z","Action":"run","Package":"go.temporal.io/server/tools/gomad3/qualification/set","Test":"TestAnalysisCommandBoundsAnalysisByWorkloadBudget"}
{"Time":"2026-10-09T00:32:07.545748096Z","Action":"output","Package":"go.temporal.io/server/tools/gomad3/qualification/set","Test":"TestAnalysisCommandBoundsAnalysisByWorkloadBudget","Output":"=== RUN   TestAnalysisCommandBoundsAnalysisByWorkloadBudget\n","OutputType":"frame"}
{"Time":"2026-10-09T00:32:07.545763763Z","Action":"run","Package":"go.temporal.io/server/tools/gomad3/qualification/set","Test":"TestAnalysisCommandBoundsAnalysisByWorkloadBudget/manifest"}
{"Time":"2026-10-09T00:32:07.545779554Z","Action":"output","Package":"go.temporal.io/server/tools/gomad3/qualification/set","Test":"TestAnalysisCommandBoundsAnalysisByWorkloadBudget/manifest","Output":"=== RUN   TestAnalysisCommandBoundsAnalysisByWorkloadBudget/manifest\n","OutputType":"frame"}
{"Time":"2026-10-09T00:32:07.545796679Z","Action":"output","Package":"go.temporal.io/server/tools/gomad3/qualification/set","Test":"TestAnalysisCommandBoundsAnalysisByWorkloadBudget/manifest","Output":"--- PASS: TestAnalysisCommandBoundsAnalysisByWorkloadBudget/manifest (0.00s)\n","OutputType":"frame"}
{"Time":"2026-10-09T00:32:07.545811763Z","Action":"pass","Package":"go.temporal.io/server/tools/gomad3/qualification/set","Test":"TestAnalysisCommandBoundsAnalysisByWorkloadBudget/manifest","Elapsed":0}
{"Time":"2026-10-09T00:32:07.545831888Z","Action":"run","Package":"go.temporal.io/server/tools/gomad3/qualification/set","Test":"TestAnalysisCommandBoundsAnalysisByWorkloadBudget/workload_override"}
{"Time":"2026-10-09T00:32:07.545847596Z","Action":"output","Package":"go.temporal.io/server/tools/gomad3/qualification/set","Test":"TestAnalysisCommandBoundsAnalysisByWorkloadBudget/workload_override","Output":"=== RUN   TestAnalysisCommandBoundsAnalysisByWorkloadBudget/workload_override\n","OutputType":"frame"}
{"Time":"2026-10-09T00:32:07.545863346Z","Action":"output","Package":"go.temporal.io/server/tools/gomad3/qualification/set","Test":"TestAnalysisCommandBoundsAnalysisByWorkloadBudget/workload_override","Output":"--- PASS: TestAnalysisCommandBoundsAnalysisByWorkloadBudget/workload_override (0.00s)\n","OutputType":"frame"}
{"Time":"2026-10-09T00:32:07.545878804Z","Action":"pass","Package":"go.temporal.io/server/tools/gomad3/qualification/set","Test":"TestAnalysisCommandBoundsAnalysisByWorkloadBudget/workload_override","Elapsed":0}
{"Time":"2026-10-09T00:32:07.545904429Z","Action":"run","Package":"go.temporal.io/server/tools/gomad3/qualification/set","Test":"TestAnalysisCommandBoundsAnalysisByWorkloadBudget/analyzer_maximum"}
{"Time":"2026-10-09T00:32:07.545928638Z","Action":"output","Package":"go.temporal.io/server/tools/gomad3/qualification/set","Test":"TestAnalysisCommandBoundsAnalysisByWorkloadBudget/analyzer_maximum","Output":"=== RUN   TestAnalysisCommandBoundsAnalysisByWorkloadBudget/analyzer_maximum\n","OutputType":"frame"}
{"Time":"2026-10-09T00:32:07.545946804Z","Action":"output","Package":"go.temporal.io/server/tools/gomad3/qualification/set","Test":"TestAnalysisCommandBoundsAnalysisByWorkloadBudget/analyzer_maximum","Output":"--- PASS: TestAnalysisCommandBoundsAnalysisByWorkloadBudget/analyzer_maximum (0.00s)\n","OutputType":"frame"}
{"Time":"2026-10-09T00:32:07.545969304Z","Action":"pass","Package":"go.temporal.io/server/tools/gomad3/qualification/set","Test":"TestAnalysisCommandBoundsAnalysisByWorkloadBudget/analyzer_maximum","Elapsed":0}
{"Time":"2026-10-09T00:32:07.545988888Z","Action":"output","Package":"go.temporal.io/server/tools/gomad3/qualification/set","Test":"TestAnalysisCommandBoundsAnalysisByWorkloadBudget","Output":"--- PASS: TestAnalysisCommandBoundsAnalysisByWorkloadBudget (0.00s)\n","OutputType":"frame"}
{"Time":"2026-10-09T00:32:07.546016388Z","Action":"pass","Package":"go.temporal.io/server/tools/gomad3/qualification/set","Test":"TestAnalysisCommandBoundsAnalysisByWorkloadBudget","Elapsed":0}
{"Time":"2026-10-09T00:32:07.546031804Z","Action":"run","Package":"go.temporal.io/server/tools/gomad3/qualification/set","Test":"TestWorkloadCommandCarriesTheClockTick"}
{"Time":"2026-10-09T00:32:07.546046679Z","Action":"output","Package":"go.temporal.io/server/tools/gomad3/qualification/set","Test":"TestWorkloadCommandCarriesTheClockTick","Output":"=== RUN   TestWorkloadCommandCarriesTheClockTick\n","OutputType":"frame"}
{"Time":"2026-10-09T00:32:07.546061763Z","Action":"output","Package":"go.temporal.io/server/tools/gomad3/qualification/set","Test":"TestWorkloadCommandCarriesTheClockTick","Output":"--- PASS: TestWorkloadCommandCarriesTheClockTick (0.00s)\n","OutputType":"frame"}
{"Time":"2026-10-09T00:32:07.546076138Z","Action":"pass","Package":"go.temporal.io/server/tools/gomad3/qualification/set","Test":"TestWorkloadCommandCarriesTheClockTick","Elapsed":0}
{"Time":"2026-10-09T00:32:07.546089096Z","Action":"run","Package":"go.temporal.io/server/tools/gomad3/qualification/set","Test":"TestRunClassifiesEveryWorkloadWhenAnalysisFails"}
{"Time":"2026-10-09T00:32:07.546101429Z","Action":"output","Package":"go.temporal.io/server/tools/gomad3/qualification/set","Test":"TestRunClassifiesEveryWorkloadWhenAnalysisFails","Output":"=== RUN   TestRunClassifiesEveryWorkloadWhenAnalysisFails\n","OutputType":"frame"}
{"Time":"2026-10-09T00:32:07.555197888Z","Action":"output","Package":"go.temporal.io/server/tools/gomad3/qualification/set","Test":"TestRunClassifiesEveryWorkloadWhenAnalysisFails","Output":"--- PASS: TestRunClassifiesEveryWorkloadWhenAnalysisFails (0.01s)\n","OutputType":"frame"}
{"Time":"2026-10-09T00:32:07.555240304Z","Action":"pass","Package":"go.temporal.io/server/tools/gomad3/qualification/set","Test":"TestRunClassifiesEveryWorkloadWhenAnalysisFails","Elapsed":0.01}
{"Time":"2026-10-09T00:32:07.555281846Z","Action":"output","Package":"go.temporal.io/server/tools/gomad3/qualification/set","Output":"PASS\n","OutputType":"frame"}
{"Time":"2026-10-09T00:32:07.555501096Z","Action":"output","Package":"go.temporal.io/server/tools/gomad3/qualification/set","Output":"ok  \tgo.temporal.io/server/tools/gomad3/qualification/set\t0.070s\n"}
{"Time":"2026-10-09T00:32:07.555530346Z","Action":"pass","Package":"go.temporal.io/server/tools/gomad3/qualification/set","Elapsed":0.071}
