Lint module tools/gomad3: 55 host packages
make[1]: Entering directory '/Users/stephan/Workspace/skunkworks/gomad/temporal'
[1;36mLinting code...[0m
tools/gomad3/artifact/manifest_copy.go:59:3: use of `panic` forbidden because "Please avoid using panic in application code" (forbidigo)
		panic(fmt.Sprintf("artifact manifest cannot copy a %s field", source.Kind()))
		^
tools/gomad3/cmd/gomad/internal/cli/application.go:88:15: Error return value of `fmt.Fprintln` is not checked (errcheck)
		fmt.Fprintln(stderr, err)
		            ^
tools/gomad3/cmd/gomad/internal/cli/application.go:185:14: ST1005: error strings should not be capitalized (staticcheck)
		return "", fmt.Errorf("Runner is not a regular executable: %s", path)
		           ^
tools/gomad3/cmd/gomad/internal/cli/cli.go:369:15: Error return value of `fmt.Fprintln` is not checked (errcheck)
		fmt.Fprintln(stderr, err)
		            ^
tools/gomad3/cmd/gomad/internal/cli/cli.go:374:15: Error return value of `fmt.Fprintln` is not checked (errcheck)
		fmt.Fprintln(stderr, err)
		            ^
tools/gomad3/cmd/gomad/internal/cli/cli.go:442:15: Error return value of `fmt.Fprintln` is not checked (errcheck)
		fmt.Fprintln(stderr, err)
		            ^
tools/gomad3/cmd/gomad/internal/cli/cli.go:477:16: Error return value of `fmt.Fprintln` is not checked (errcheck)
			fmt.Fprintln(stderr, writeErr)
			            ^
tools/gomad3/cmd/gomad/internal/cli/cli.go:486:16: Error return value of `fmt.Fprintln` is not checked (errcheck)
			fmt.Fprintln(stderr, writeErr)
			            ^
tools/gomad3/cmd/gomad/internal/cli/cli.go:494:16: Error return value of `fmt.Fprintln` is not checked (errcheck)
			fmt.Fprintln(stderr, err)
			            ^
tools/gomad3/cmd/gomadtool/compatibility_pack.go:227:16: Error return value of `fmt.Fprintln` is not checked (errcheck)
			fmt.Fprintln(stderr, err)
			            ^
tools/gomad3/cmd/gomadtool/compatibility_pack.go:278:15: Error return value of `fmt.Fprintln` is not checked (errcheck)
		fmt.Fprintln(stderr, err)
		            ^
tools/gomad3/cmd/gomadtool/compatibility_pack.go:283:15: Error return value of `fmt.Fprintln` is not checked (errcheck)
		fmt.Fprintln(stderr, err)
		            ^
tools/gomad3/cmd/gomadtool/compatibility_pack.go:288:15: Error return value of `fmt.Fprintln` is not checked (errcheck)
		fmt.Fprintln(stderr, err)
		            ^
tools/gomad3/cmd/gomadtool/compatibility_pack.go:313:14: Error return value of `fmt.Fprintf` is not checked (errcheck)
		fmt.Fprintf(stderr, "no compatibility-pack request names %s\n", platform)
		           ^
tools/gomad3/cmd/gomadtool/soak.go:37:15: Error return value of `fmt.Fprintln` is not checked (errcheck)
		fmt.Fprintln(stderr, "usage: gomadtool soak --manifest=FILE --gomad=FILE --work=DIR --ledger=DIR --output=DIR [flags]")
		            ^
tools/gomad3/cmd/gomadtool/soak.go:47:16: Error return value of `fmt.Fprintf` is not checked (errcheck)
				fmt.Fprintf(stderr, "invalid --seed %q\n", value)
				           ^
tools/gomad3/cmd/gomadtool/soak.go:55:15: Error return value of `fmt.Fprintln` is not checked (errcheck)
		fmt.Fprintln(stderr, err)
		            ^
tools/gomad3/cmd/gomadtool/soak.go:62:15: Error return value of `fmt.Fprintln` is not checked (errcheck)
		fmt.Fprintln(stderr, err)
		            ^
tools/gomad3/internal/gomadtool/architecture/initialization.go:123:14: Error return value of `fmt.Fprintf` is not checked (errcheck)
		fmt.Fprintf(digest, "%x  %s\n", sha256.Sum256(data), entry.Name())
		           ^
tools/gomad3/internal/gomadtool/architecture/standard.go:392:14: Error return value of `fmt.Fprintf` is not checked (errcheck)
		fmt.Fprintf(digest, "%x  %s\n", sha256.Sum256(data), entry.Name())
		           ^
tools/gomad3/runner/internal/execution/descriptor_dup_linux_test.go:15:21: Error return value of `syscall.Close` is not checked (errcheck)
	defer syscall.Close(descriptors[0])
	                   ^
tools/gomad3/runner/internal/execution/descriptor_dup_linux_test.go:16:21: Error return value of `syscall.Close` is not checked (errcheck)
	defer syscall.Close(descriptors[1])
	                   ^
tools/gomad3/runner/replay_operation.go:483:15: ST1005: error strings should not be capitalized (staticcheck)
		return nil, fmt.Errorf("World seed does not match target seed")
		            ^
tools/gomad3/target/go_command_source_test.go:318:4: QF1003: could use tagged switch on name (staticcheck)
			if name == "before cancellation" {
			^
tools/gomad3/world/recording.go:95:23: ST1005: error strings should not be capitalized (staticcheck)
		return Recording{}, fmt.Errorf("World error terminal kind is required")
		                    ^
25 issues:
* errcheck: 20
* forbidigo: 1
* staticcheck: 4
make[1]: Leaving directory '/Users/stephan/Workspace/skunkworks/gomad/temporal'
