{"Time":"2026-10-08T23:36:15.400023248Z","Action":"start","Package":"go.temporal.io/server/tools/gomad3/target"}
{"Time":"2026-10-08T23:36:15.404570414Z","Action":"run","Package":"go.temporal.io/server/tools/gomad3/target","Test":"TestProjectBuildInfoCanonicalizesModuleAndSettings"}
{"Time":"2026-10-08T23:36:15.404644623Z","Action":"output","Package":"go.temporal.io/server/tools/gomad3/target","Test":"TestProjectBuildInfoCanonicalizesModuleAndSettings","Output":"=== RUN   TestProjectBuildInfoCanonicalizesModuleAndSettings\n","OutputType":"frame"}
{"Time":"2026-10-08T23:36:15.404700831Z","Action":"output","Package":"go.temporal.io/server/tools/gomad3/target","Test":"TestProjectBuildInfoCanonicalizesModuleAndSettings","Output":"--- PASS: TestProjectBuildInfoCanonicalizesModuleAndSettings (0.00s)\n","OutputType":"frame"}
{"Time":"2026-10-08T23:36:15.404724789Z","Action":"pass","Package":"go.temporal.io/server/tools/gomad3/target","Test":"TestProjectBuildInfoCanonicalizesModuleAndSettings","Elapsed":0}
{"Time":"2026-10-08T23:36:15.404749331Z","Action":"run","Package":"go.temporal.io/server/tools/gomad3/target","Test":"TestNormalizeCapabilityModeUsesClosedVocabulary"}
{"Time":"2026-10-08T23:36:15.404772831Z","Action":"output","Package":"go.temporal.io/server/tools/gomad3/target","Test":"TestNormalizeCapabilityModeUsesClosedVocabulary","Output":"=== RUN   TestNormalizeCapabilityModeUsesClosedVocabulary\n","OutputType":"frame"}
{"Time":"2026-10-08T23:36:15.404801248Z","Action":"output","Package":"go.temporal.io/server/tools/gomad3/target","Test":"TestNormalizeCapabilityModeUsesClosedVocabulary","Output":"--- PASS: TestNormalizeCapabilityModeUsesClosedVocabulary (0.00s)\n","OutputType":"frame"}
{"Time":"2026-10-08T23:36:15.404818831Z","Action":"pass","Package":"go.temporal.io/server/tools/gomad3/target","Test":"TestNormalizeCapabilityModeUsesClosedVocabulary","Elapsed":0}
{"Time":"2026-10-08T23:36:15.404837456Z","Action":"run","Package":"go.temporal.io/server/tools/gomad3/target","Test":"TestPreparationBuildEnvironmentIsolatesAmbientGoCache"}
{"Time":"2026-10-08T23:36:15.404853789Z","Action":"output","Package":"go.temporal.io/server/tools/gomad3/target","Test":"TestPreparationBuildEnvironmentIsolatesAmbientGoCache","Output":"=== RUN   TestPreparationBuildEnvironmentIsolatesAmbientGoCache\n","OutputType":"frame"}
{"Time":"2026-10-08T23:36:15.404873873Z","Action":"output","Package":"go.temporal.io/server/tools/gomad3/target","Test":"TestPreparationBuildEnvironmentIsolatesAmbientGoCache","Output":"--- PASS: TestPreparationBuildEnvironmentIsolatesAmbientGoCache (0.00s)\n","OutputType":"frame"}
{"Time":"2026-10-08T23:36:15.404927539Z","Action":"pass","Package":"go.temporal.io/server/tools/gomad3/target","Test":"TestPreparationBuildEnvironmentIsolatesAmbientGoCache","Elapsed":0}
{"Time":"2026-10-08T23:36:15.404943331Z","Action":"run","Package":"go.temporal.io/server/tools/gomad3/target","Test":"TestPreparedRecordProjectionDefensivelyCopiesIdentity"}
{"Time":"2026-10-08T23:36:15.404959956Z","Action":"output","Package":"go.temporal.io/server/tools/gomad3/target","Test":"TestPreparedRecordProjectionDefensivelyCopiesIdentity","Output":"=== RUN   TestPreparedRecordProjectionDefensivelyCopiesIdentity\n","OutputType":"frame"}
{"Time":"2026-10-08T23:36:15.404980289Z","Action":"output","Package":"go.temporal.io/server/tools/gomad3/target","Test":"TestPreparedRecordProjectionDefensivelyCopiesIdentity","Output":"--- PASS: TestPreparedRecordProjectionDefensivelyCopiesIdentity (0.00s)\n","OutputType":"frame"}
{"Time":"2026-10-08T23:36:15.404998456Z","Action":"pass","Package":"go.temporal.io/server/tools/gomad3/target","Test":"TestPreparedRecordProjectionDefensivelyCopiesIdentity","Elapsed":0}
{"Time":"2026-10-08T23:36:15.405052789Z","Action":"run","Package":"go.temporal.io/server/tools/gomad3/target","Test":"TestReadProvenanceRoundTripsValidatedDocument"}
{"Time":"2026-10-08T23:36:15.405079539Z","Action":"output","Package":"go.temporal.io/server/tools/gomad3/target","Test":"TestReadProvenanceRoundTripsValidatedDocument","Output":"=== RUN   TestReadProvenanceRoundTripsValidatedDocument\n","OutputType":"frame"}
{"Time":"2026-10-08T23:36:15.426421623Z","Action":"output","Package":"go.temporal.io/server/tools/gomad3/target","Test":"TestReadProvenanceRoundTripsValidatedDocument","Output":"--- PASS: TestReadProvenanceRoundTripsValidatedDocument (0.02s)\n","OutputType":"frame"}
{"Time":"2026-10-08T23:36:15.426517206Z","Action":"pass","Package":"go.temporal.io/server/tools/gomad3/target","Test":"TestReadProvenanceRoundTripsValidatedDocument","Elapsed":0.02}
{"Time":"2026-10-08T23:36:15.426566498Z","Action":"run","Package":"go.temporal.io/server/tools/gomad3/target","Test":"TestValidateProvenanceRejectsUnsupportedBuildModes"}
{"Time":"2026-10-08T23:36:15.426609706Z","Action":"output","Package":"go.temporal.io/server/tools/gomad3/target","Test":"TestValidateProvenanceRejectsUnsupportedBuildModes","Output":"=== RUN   TestValidateProvenanceRejectsUnsupportedBuildModes\n","OutputType":"frame"}
{"Time":"2026-10-08T23:36:15.426638039Z","Action":"run","Package":"go.temporal.io/server/tools/gomad3/target","Test":"TestValidateProvenanceRejectsUnsupportedBuildModes/race"}
{"Time":"2026-10-08T23:36:15.426814539Z","Action":"output","Package":"go.temporal.io/server/tools/gomad3/target","Test":"TestValidateProvenanceRejectsUnsupportedBuildModes/race","Output":"=== RUN   TestValidateProvenanceRejectsUnsupportedBuildModes/race\n","OutputType":"frame"}
{"Time":"2026-10-08T23:36:15.426863373Z","Action":"output","Package":"go.temporal.io/server/tools/gomad3/target","Test":"TestValidateProvenanceRejectsUnsupportedBuildModes/race","Output":"--- PASS: TestValidateProvenanceRejectsUnsupportedBuildModes/race (0.00s)\n","OutputType":"frame"}
{"Time":"2026-10-08T23:36:15.426878831Z","Action":"pass","Package":"go.temporal.io/server/tools/gomad3/target","Test":"TestValidateProvenanceRejectsUnsupportedBuildModes/race","Elapsed":0}
{"Time":"2026-10-08T23:36:15.426891956Z","Action":"run","Package":"go.temporal.io/server/tools/gomad3/target","Test":"TestValidateProvenanceRejectsUnsupportedBuildModes/coverage"}
{"Time":"2026-10-08T23:36:15.426902123Z","Action":"output","Package":"go.temporal.io/server/tools/gomad3/target","Test":"TestValidateProvenanceRejectsUnsupportedBuildModes/coverage","Output":"=== RUN   TestValidateProvenanceRejectsUnsupportedBuildModes/coverage\n","OutputType":"frame"}
{"Time":"2026-10-08T23:36:15.426954914Z","Action":"output","Package":"go.temporal.io/server/tools/gomad3/target","Test":"TestValidateProvenanceRejectsUnsupportedBuildModes/coverage","Output":"--- PASS: TestValidateProvenanceRejectsUnsupportedBuildModes/coverage (0.00s)\n","OutputType":"frame"}
{"Time":"2026-10-08T23:36:15.426990789Z","Action":"pass","Package":"go.temporal.io/server/tools/gomad3/target","Test":"TestValidateProvenanceRejectsUnsupportedBuildModes/coverage","Elapsed":0}
{"Time":"2026-10-08T23:36:15.427021831Z","Action":"run","Package":"go.temporal.io/server/tools/gomad3/target","Test":"TestValidateProvenanceRejectsUnsupportedBuildModes/plugin"}
{"Time":"2026-10-08T23:36:15.427042123Z","Action":"output","Package":"go.temporal.io/server/tools/gomad3/target","Test":"TestValidateProvenanceRejectsUnsupportedBuildModes/plugin","Output":"=== RUN   TestValidateProvenanceRejectsUnsupportedBuildModes/plugin\n","OutputType":"frame"}
{"Time":"2026-10-08T23:36:15.427079998Z","Action":"output","Package":"go.temporal.io/server/tools/gomad3/target","Test":"TestValidateProvenanceRejectsUnsupportedBuildModes/plugin","Output":"--- PASS: TestValidateProvenanceRejectsUnsupportedBuildModes/plugin (0.00s)\n","OutputType":"frame"}
{"Time":"2026-10-08T23:36:15.427112831Z","Action":"pass","Package":"go.temporal.io/server/tools/gomad3/target","Test":"TestValidateProvenanceRejectsUnsupportedBuildModes/plugin","Elapsed":0}
{"Time":"2026-10-08T23:36:15.427126873Z","Action":"run","Package":"go.temporal.io/server/tools/gomad3/target","Test":"TestValidateProvenanceRejectsUnsupportedBuildModes/linkshared"}
{"Time":"2026-10-08T23:36:15.427140748Z","Action":"output","Package":"go.temporal.io/server/tools/gomad3/target","Test":"TestValidateProvenanceRejectsUnsupportedBuildModes/linkshared","Output":"=== RUN   TestValidateProvenanceRejectsUnsupportedBuildModes/linkshared\n","OutputType":"frame"}
{"Time":"2026-10-08T23:36:15.427171748Z","Action":"output","Package":"go.temporal.io/server/tools/gomad3/target","Test":"TestValidateProvenanceRejectsUnsupportedBuildModes/linkshared","Output":"--- PASS: TestValidateProvenanceRejectsUnsupportedBuildModes/linkshared (0.00s)\n","OutputType":"frame"}
{"Time":"2026-10-08T23:36:15.427186706Z","Action":"pass","Package":"go.temporal.io/server/tools/gomad3/target","Test":"TestValidateProvenanceRejectsUnsupportedBuildModes/linkshared","Elapsed":0}
{"Time":"2026-10-08T23:36:15.427205498Z","Action":"run","Package":"go.temporal.io/server/tools/gomad3/target","Test":"TestValidateProvenanceRejectsUnsupportedBuildModes/external"}
{"Time":"2026-10-08T23:36:15.427223414Z","Action":"output","Package":"go.temporal.io/server/tools/gomad3/target","Test":"TestValidateProvenanceRejectsUnsupportedBuildModes/external","Output":"=== RUN   TestValidateProvenanceRejectsUnsupportedBuildModes/external\n","OutputType":"frame"}
{"Time":"2026-10-08T23:36:15.427238539Z","Action":"output","Package":"go.temporal.io/server/tools/gomad3/target","Test":"TestValidateProvenanceRejectsUnsupportedBuildModes/external","Output":"--- PASS: TestValidateProvenanceRejectsUnsupportedBuildModes/external (0.00s)\n","OutputType":"frame"}
{"Time":"2026-10-08T23:36:15.427258914Z","Action":"pass","Package":"go.temporal.io/server/tools/gomad3/target","Test":"TestValidateProvenanceRejectsUnsupportedBuildModes/external","Elapsed":0}
{"Time":"2026-10-08T23:36:15.427268664Z","Action":"run","Package":"go.temporal.io/server/tools/gomad3/target","Test":"TestValidateProvenanceRejectsUnsupportedBuildModes/cgo"}
{"Time":"2026-10-08T23:36:15.427278748Z","Action":"output","Package":"go.temporal.io/server/tools/gomad3/target","Test":"TestValidateProvenanceRejectsUnsupportedBuildModes/cgo","Output":"=== RUN   TestValidateProvenanceRejectsUnsupportedBuildModes/cgo\n","OutputType":"frame"}
{"Time":"2026-10-08T23:36:15.427287373Z","Action":"output","Package":"go.temporal.io/server/tools/gomad3/target","Test":"TestValidateProvenanceRejectsUnsupportedBuildModes/cgo","Output":"--- PASS: TestValidateProvenanceRejectsUnsupportedBuildModes/cgo (0.00s)\n","OutputType":"frame"}
{"Time":"2026-10-08T23:36:15.427299164Z","Action":"pass","Package":"go.temporal.io/server/tools/gomad3/target","Test":"TestValidateProvenanceRejectsUnsupportedBuildModes/cgo","Elapsed":0}
{"Time":"2026-10-08T23:36:15.427309164Z","Action":"output","Package":"go.temporal.io/server/tools/gomad3/target","Test":"TestValidateProvenanceRejectsUnsupportedBuildModes","Output":"--- PASS: TestValidateProvenanceRejectsUnsupportedBuildModes (0.00s)\n","OutputType":"frame"}
{"Time":"2026-10-08T23:36:15.427319414Z","Action":"pass","Package":"go.temporal.io/server/tools/gomad3/target","Test":"TestValidateProvenanceRejectsUnsupportedBuildModes","Elapsed":0}
{"Time":"2026-10-08T23:36:15.427353914Z","Action":"run","Package":"go.temporal.io/server/tools/gomad3/target","Test":"TestValidateProvenanceRejectsClosurelessAttestation"}
{"Time":"2026-10-08T23:36:15.427362956Z","Action":"output","Package":"go.temporal.io/server/tools/gomad3/target","Test":"TestValidateProvenanceRejectsClosurelessAttestation","Output":"=== RUN   TestValidateProvenanceRejectsClosurelessAttestation\n","OutputType":"frame"}
{"Time":"2026-10-08T23:36:15.427385498Z","Action":"output","Package":"go.temporal.io/server/tools/gomad3/target","Test":"TestValidateProvenanceRejectsClosurelessAttestation","Output":"--- PASS: TestValidateProvenanceRejectsClosurelessAttestation (0.00s)\n","OutputType":"frame"}
{"Time":"2026-10-08T23:36:15.427402456Z","Action":"pass","Package":"go.temporal.io/server/tools/gomad3/target","Test":"TestValidateProvenanceRejectsClosurelessAttestation","Elapsed":0}
{"Time":"2026-10-08T23:36:15.427411081Z","Action":"run","Package":"go.temporal.io/server/tools/gomad3/target","Test":"TestValidateExecCapabilityModulesMatchesBuildInfo"}
{"Time":"2026-10-08T23:36:15.427433373Z","Action":"output","Package":"go.temporal.io/server/tools/gomad3/target","Test":"TestValidateExecCapabilityModulesMatchesBuildInfo","Output":"=== RUN   TestValidateExecCapabilityModulesMatchesBuildInfo\n","OutputType":"frame"}
{"Time":"2026-10-08T23:36:15.427473164Z","Action":"output","Package":"go.temporal.io/server/tools/gomad3/target","Test":"TestValidateExecCapabilityModulesMatchesBuildInfo","Output":"--- PASS: TestValidateExecCapabilityModulesMatchesBuildInfo (0.00s)\n","OutputType":"frame"}
{"Time":"2026-10-08T23:36:15.427494456Z","Action":"pass","Package":"go.temporal.io/server/tools/gomad3/target","Test":"TestValidateExecCapabilityModulesMatchesBuildInfo","Elapsed":0}
{"Time":"2026-10-08T23:36:15.427503456Z","Action":"output","Package":"go.temporal.io/server/tools/gomad3/target","Output":"PASS\n","OutputType":"frame"}
{"Time":"2026-10-08T23:36:15.427551039Z","Action":"output","Package":"go.temporal.io/server/tools/gomad3/target","Output":"ok  \tgo.temporal.io/server/tools/gomad3/target\t0.027s\n"}
{"Time":"2026-10-08T23:36:15.427565998Z","Action":"pass","Package":"go.temporal.io/server/tools/gomad3/target","Elapsed":0.028}
