{"Time":"2026-10-08T23:41:52.172033158Z","Action":"start","Package":"go.temporal.io/server/tools/gomad3/target"}
{"Time":"2026-10-08T23:41:52.176134783Z","Action":"run","Package":"go.temporal.io/server/tools/gomad3/target","Test":"TestGoCommandSourceQueryOutputPreservesRawExit"}
{"Time":"2026-10-08T23:41:52.176199575Z","Action":"output","Package":"go.temporal.io/server/tools/gomad3/target","Test":"TestGoCommandSourceQueryOutputPreservesRawExit","Output":"=== RUN   TestGoCommandSourceQueryOutputPreservesRawExit\n","OutputType":"frame"}
{"Time":"2026-10-08T23:41:52.17623395Z","Action":"run","Package":"go.temporal.io/server/tools/gomad3/target","Test":"TestGoCommandSourceQueryOutputPreservesRawExit/identity_capacity=false"}
{"Time":"2026-10-08T23:41:52.176251575Z","Action":"output","Package":"go.temporal.io/server/tools/gomad3/target","Test":"TestGoCommandSourceQueryOutputPreservesRawExit/identity_capacity=false","Output":"=== RUN   TestGoCommandSourceQueryOutputPreservesRawExit/identity_capacity=false\n","OutputType":"frame"}
{"Time":"2026-10-08T23:41:52.178568991Z","Action":"output","Package":"go.temporal.io/server/tools/gomad3/target","Test":"TestGoCommandSourceQueryOutputPreservesRawExit/identity_capacity=false","Output":"    go_command_source_test.go:392: query lost actual exit/stderr = *fmt.wrapError query pinned Go command: exit status 7\n","OutputType":"error"}
{"Time":"2026-10-08T23:41:52.179129616Z","Action":"output","Package":"go.temporal.io/server/tools/gomad3/target","Test":"TestGoCommandSourceQueryOutputPreservesRawExit/identity_capacity=false","Output":"--- FAIL: TestGoCommandSourceQueryOutputPreservesRawExit/identity_capacity=false (0.00s)\n","OutputType":"frame"}
{"Time":"2026-10-08T23:41:52.179150283Z","Action":"fail","Package":"go.temporal.io/server/tools/gomad3/target","Test":"TestGoCommandSourceQueryOutputPreservesRawExit/identity_capacity=false","Elapsed":0}
{"Time":"2026-10-08T23:41:52.179166991Z","Action":"run","Package":"go.temporal.io/server/tools/gomad3/target","Test":"TestGoCommandSourceQueryOutputPreservesRawExit/identity_capacity=true"}
{"Time":"2026-10-08T23:41:52.179199325Z","Action":"output","Package":"go.temporal.io/server/tools/gomad3/target","Test":"TestGoCommandSourceQueryOutputPreservesRawExit/identity_capacity=true","Output":"=== RUN   TestGoCommandSourceQueryOutputPreservesRawExit/identity_capacity=true\n","OutputType":"frame"}
{"Time":"2026-10-08T23:41:52.181052116Z","Action":"output","Package":"go.temporal.io/server/tools/gomad3/target","Test":"TestGoCommandSourceQueryOutputPreservesRawExit/identity_capacity=true","Output":"    go_command_source_test.go:392: query lost actual exit/stderr = *fmt.wrapError query pinned Go command: exit status 7\n","OutputType":"error"}
{"Time":"2026-10-08T23:41:52.181583741Z","Action":"output","Package":"go.temporal.io/server/tools/gomad3/target","Test":"TestGoCommandSourceQueryOutputPreservesRawExit/identity_capacity=true","Output":"--- FAIL: TestGoCommandSourceQueryOutputPreservesRawExit/identity_capacity=true (0.00s)\n","OutputType":"frame"}
{"Time":"2026-10-08T23:41:52.181609616Z","Action":"fail","Package":"go.temporal.io/server/tools/gomad3/target","Test":"TestGoCommandSourceQueryOutputPreservesRawExit/identity_capacity=true","Elapsed":0}
{"Time":"2026-10-08T23:41:52.1816287Z","Action":"run","Package":"go.temporal.io/server/tools/gomad3/target","Test":"TestGoCommandSourceQueryOutputPreservesRawExit/cache_capacity=false"}
{"Time":"2026-10-08T23:41:52.181655283Z","Action":"output","Package":"go.temporal.io/server/tools/gomad3/target","Test":"TestGoCommandSourceQueryOutputPreservesRawExit/cache_capacity=false","Output":"=== RUN   TestGoCommandSourceQueryOutputPreservesRawExit/cache_capacity=false\n","OutputType":"frame"}
{"Time":"2026-10-08T23:41:52.183705991Z","Action":"output","Package":"go.temporal.io/server/tools/gomad3/target","Test":"TestGoCommandSourceQueryOutputPreservesRawExit/cache_capacity=false","Output":"    go_command_source_test.go:392: query lost actual exit/stderr = *fmt.wrapError query pinned module cache: exit status 7\n","OutputType":"error"}
{"Time":"2026-10-08T23:41:52.184288908Z","Action":"output","Package":"go.temporal.io/server/tools/gomad3/target","Test":"TestGoCommandSourceQueryOutputPreservesRawExit/cache_capacity=false","Output":"--- FAIL: TestGoCommandSourceQueryOutputPreservesRawExit/cache_capacity=false (0.00s)\n","OutputType":"frame"}
{"Time":"2026-10-08T23:41:52.18431845Z","Action":"fail","Package":"go.temporal.io/server/tools/gomad3/target","Test":"TestGoCommandSourceQueryOutputPreservesRawExit/cache_capacity=false","Elapsed":0}
{"Time":"2026-10-08T23:41:52.1843402Z","Action":"run","Package":"go.temporal.io/server/tools/gomad3/target","Test":"TestGoCommandSourceQueryOutputPreservesRawExit/cache_capacity=true"}
{"Time":"2026-10-08T23:41:52.184354908Z","Action":"output","Package":"go.temporal.io/server/tools/gomad3/target","Test":"TestGoCommandSourceQueryOutputPreservesRawExit/cache_capacity=true","Output":"=== RUN   TestGoCommandSourceQueryOutputPreservesRawExit/cache_capacity=true\n","OutputType":"frame"}
{"Time":"2026-10-08T23:41:52.186016866Z","Action":"output","Package":"go.temporal.io/server/tools/gomad3/target","Test":"TestGoCommandSourceQueryOutputPreservesRawExit/cache_capacity=true","Output":"    go_command_source_test.go:392: query lost actual exit/stderr = *fmt.wrapError query pinned module cache: exit status 7\n","OutputType":"error"}
{"Time":"2026-10-08T23:41:52.186571575Z","Action":"output","Package":"go.temporal.io/server/tools/gomad3/target","Test":"TestGoCommandSourceQueryOutputPreservesRawExit/cache_capacity=true","Output":"--- FAIL: TestGoCommandSourceQueryOutputPreservesRawExit/cache_capacity=true (0.00s)\n","OutputType":"frame"}
{"Time":"2026-10-08T23:41:52.186612991Z","Action":"fail","Package":"go.temporal.io/server/tools/gomad3/target","Test":"TestGoCommandSourceQueryOutputPreservesRawExit/cache_capacity=true","Elapsed":0}
{"Time":"2026-10-08T23:41:52.186634075Z","Action":"output","Package":"go.temporal.io/server/tools/gomad3/target","Test":"TestGoCommandSourceQueryOutputPreservesRawExit","Output":"--- FAIL: TestGoCommandSourceQueryOutputPreservesRawExit (0.01s)\n","OutputType":"frame"}
{"Time":"2026-10-08T23:41:52.186685533Z","Action":"fail","Package":"go.temporal.io/server/tools/gomad3/target","Test":"TestGoCommandSourceQueryOutputPreservesRawExit","Elapsed":0.01}
{"Time":"2026-10-08T23:41:52.1867632Z","Action":"output","Package":"go.temporal.io/server/tools/gomad3/target","Output":"FAIL\n","OutputType":"frame"}
{"Time":"2026-10-08T23:41:52.1869112Z","Action":"output","Package":"go.temporal.io/server/tools/gomad3/target","Output":"FAIL\tgo.temporal.io/server/tools/gomad3/target\t0.015s\n","OutputType":"frame"}
{"Time":"2026-10-08T23:41:52.186932866Z","Action":"fail","Package":"go.temporal.io/server/tools/gomad3/target","Elapsed":0.015}
