{"Time":"2026-10-08T23:43:43.156764919Z","Action":"start","Package":"go.temporal.io/server/tools/gomad3/target"}
{"Time":"2026-10-08T23:43:43.156983253Z","Action":"start","Package":"go.temporal.io/server/tools/gomad3/target/internal/gocommand"}
{"Time":"2026-10-08T23:43:43.160277544Z","Action":"run","Package":"go.temporal.io/server/tools/gomad3/target/internal/gocommand","Test":"TestStructuredCommandSeparatesOperationAndCommandOutcomes"}
{"Time":"2026-10-08T23:43:43.160343086Z","Action":"output","Package":"go.temporal.io/server/tools/gomad3/target/internal/gocommand","Test":"TestStructuredCommandSeparatesOperationAndCommandOutcomes","Output":"=== RUN   TestStructuredCommandSeparatesOperationAndCommandOutcomes\n","OutputType":"frame"}
{"Time":"2026-10-08T23:43:43.160374461Z","Action":"run","Package":"go.temporal.io/server/tools/gomad3/target/internal/gocommand","Test":"TestStructuredCommandSeparatesOperationAndCommandOutcomes/success"}
{"Time":"2026-10-08T23:43:43.160397294Z","Action":"output","Package":"go.temporal.io/server/tools/gomad3/target/internal/gocommand","Test":"TestStructuredCommandSeparatesOperationAndCommandOutcomes/success","Output":"=== RUN   TestStructuredCommandSeparatesOperationAndCommandOutcomes/success\n","OutputType":"frame"}
{"Time":"2026-10-08T23:43:43.160497669Z","Action":"output","Package":"go.temporal.io/server/tools/gomad3/target/internal/gocommand","Test":"TestStructuredCommandSeparatesOperationAndCommandOutcomes/success","Output":"--- PASS: TestStructuredCommandSeparatesOperationAndCommandOutcomes/success (0.00s)\n","OutputType":"frame"}
{"Time":"2026-10-08T23:43:43.160549336Z","Action":"pass","Package":"go.temporal.io/server/tools/gomad3/target/internal/gocommand","Test":"TestStructuredCommandSeparatesOperationAndCommandOutcomes/success","Elapsed":0}
{"Time":"2026-10-08T23:43:43.160577419Z","Action":"run","Package":"go.temporal.io/server/tools/gomad3/target/internal/gocommand","Test":"TestStructuredCommandSeparatesOperationAndCommandOutcomes/command"}
{"Time":"2026-10-08T23:43:43.160597128Z","Action":"output","Package":"go.temporal.io/server/tools/gomad3/target/internal/gocommand","Test":"TestStructuredCommandSeparatesOperationAndCommandOutcomes/command","Output":"=== RUN   TestStructuredCommandSeparatesOperationAndCommandOutcomes/command\n","OutputType":"frame"}
{"Time":"2026-10-08T23:43:43.160618544Z","Action":"output","Package":"go.temporal.io/server/tools/gomad3/target/internal/gocommand","Test":"TestStructuredCommandSeparatesOperationAndCommandOutcomes/command","Output":"--- PASS: TestStructuredCommandSeparatesOperationAndCommandOutcomes/command (0.00s)\n","OutputType":"frame"}
{"Time":"2026-10-08T23:43:43.160635086Z","Action":"pass","Package":"go.temporal.io/server/tools/gomad3/target/internal/gocommand","Test":"TestStructuredCommandSeparatesOperationAndCommandOutcomes/command","Elapsed":0}
{"Time":"2026-10-08T23:43:43.160651961Z","Action":"run","Package":"go.temporal.io/server/tools/gomad3/target/internal/gocommand","Test":"TestStructuredCommandSeparatesOperationAndCommandOutcomes/caller_cancellation"}
{"Time":"2026-10-08T23:43:43.160695336Z","Action":"output","Package":"go.temporal.io/server/tools/gomad3/target/internal/gocommand","Test":"TestStructuredCommandSeparatesOperationAndCommandOutcomes/caller_cancellation","Output":"=== RUN   TestStructuredCommandSeparatesOperationAndCommandOutcomes/caller_cancellation\n","OutputType":"frame"}
{"Time":"2026-10-08T23:43:43.160723794Z","Action":"output","Package":"go.temporal.io/server/tools/gomad3/target/internal/gocommand","Test":"TestStructuredCommandSeparatesOperationAndCommandOutcomes/caller_cancellation","Output":"--- PASS: TestStructuredCommandSeparatesOperationAndCommandOutcomes/caller_cancellation (0.00s)\n","OutputType":"frame"}
{"Time":"2026-10-08T23:43:43.160749711Z","Action":"pass","Package":"go.temporal.io/server/tools/gomad3/target/internal/gocommand","Test":"TestStructuredCommandSeparatesOperationAndCommandOutcomes/caller_cancellation","Elapsed":0}
{"Time":"2026-10-08T23:43:43.160768336Z","Action":"run","Package":"go.temporal.io/server/tools/gomad3/target/internal/gocommand","Test":"TestStructuredCommandSeparatesOperationAndCommandOutcomes/stdout_overflow"}
{"Time":"2026-10-08T23:43:43.160805794Z","Action":"output","Package":"go.temporal.io/server/tools/gomad3/target/internal/gocommand","Test":"TestStructuredCommandSeparatesOperationAndCommandOutcomes/stdout_overflow","Output":"=== RUN   TestStructuredCommandSeparatesOperationAndCommandOutcomes/stdout_overflow\n","OutputType":"frame"}
{"Time":"2026-10-08T23:43:43.160828378Z","Action":"output","Package":"go.temporal.io/server/tools/gomad3/target/internal/gocommand","Test":"TestStructuredCommandSeparatesOperationAndCommandOutcomes/stdout_overflow","Output":"--- PASS: TestStructuredCommandSeparatesOperationAndCommandOutcomes/stdout_overflow (0.00s)\n","OutputType":"frame"}
{"Time":"2026-10-08T23:43:43.160846919Z","Action":"pass","Package":"go.temporal.io/server/tools/gomad3/target/internal/gocommand","Test":"TestStructuredCommandSeparatesOperationAndCommandOutcomes/stdout_overflow","Elapsed":0}
{"Time":"2026-10-08T23:43:43.160875461Z","Action":"run","Package":"go.temporal.io/server/tools/gomad3/target/internal/gocommand","Test":"TestStructuredCommandSeparatesOperationAndCommandOutcomes/stderr_overflow"}
{"Time":"2026-10-08T23:43:43.161137878Z","Action":"output","Package":"go.temporal.io/server/tools/gomad3/target/internal/gocommand","Test":"TestStructuredCommandSeparatesOperationAndCommandOutcomes/stderr_overflow","Output":"=== RUN   TestStructuredCommandSeparatesOperationAndCommandOutcomes/stderr_overflow\n","OutputType":"frame"}
{"Time":"2026-10-08T23:43:43.161163919Z","Action":"output","Package":"go.temporal.io/server/tools/gomad3/target/internal/gocommand","Test":"TestStructuredCommandSeparatesOperationAndCommandOutcomes/stderr_overflow","Output":"--- PASS: TestStructuredCommandSeparatesOperationAndCommandOutcomes/stderr_overflow (0.00s)\n","OutputType":"frame"}
{"Time":"2026-10-08T23:43:43.161186211Z","Action":"pass","Package":"go.temporal.io/server/tools/gomad3/target/internal/gocommand","Test":"TestStructuredCommandSeparatesOperationAndCommandOutcomes/stderr_overflow","Elapsed":0}
{"Time":"2026-10-08T23:43:43.161196586Z","Action":"run","Package":"go.temporal.io/server/tools/gomad3/target/internal/gocommand","Test":"TestStructuredCommandSeparatesOperationAndCommandOutcomes/dual_overflow"}
{"Time":"2026-10-08T23:43:43.161206086Z","Action":"output","Package":"go.temporal.io/server/tools/gomad3/target/internal/gocommand","Test":"TestStructuredCommandSeparatesOperationAndCommandOutcomes/dual_overflow","Output":"=== RUN   TestStructuredCommandSeparatesOperationAndCommandOutcomes/dual_overflow\n","OutputType":"frame"}
{"Time":"2026-10-08T23:43:43.161217378Z","Action":"output","Package":"go.temporal.io/server/tools/gomad3/target/internal/gocommand","Test":"TestStructuredCommandSeparatesOperationAndCommandOutcomes/dual_overflow","Output":"--- PASS: TestStructuredCommandSeparatesOperationAndCommandOutcomes/dual_overflow (0.00s)\n","OutputType":"frame"}
{"Time":"2026-10-08T23:43:43.161239961Z","Action":"pass","Package":"go.temporal.io/server/tools/gomad3/target/internal/gocommand","Test":"TestStructuredCommandSeparatesOperationAndCommandOutcomes/dual_overflow","Elapsed":0}
{"Time":"2026-10-08T23:43:43.161257919Z","Action":"run","Package":"go.temporal.io/server/tools/gomad3/target/internal/gocommand","Test":"TestStructuredCommandSeparatesOperationAndCommandOutcomes/infrastructure_before_overflow"}
{"Time":"2026-10-08T23:43:43.161277753Z","Action":"output","Package":"go.temporal.io/server/tools/gomad3/target/internal/gocommand","Test":"TestStructuredCommandSeparatesOperationAndCommandOutcomes/infrastructure_before_overflow","Output":"=== RUN   TestStructuredCommandSeparatesOperationAndCommandOutcomes/infrastructure_before_overflow\n","OutputType":"frame"}
{"Time":"2026-10-08T23:43:43.161311503Z","Action":"output","Package":"go.temporal.io/server/tools/gomad3/target/internal/gocommand","Test":"TestStructuredCommandSeparatesOperationAndCommandOutcomes/infrastructure_before_overflow","Output":"--- PASS: TestStructuredCommandSeparatesOperationAndCommandOutcomes/infrastructure_before_overflow (0.00s)\n","OutputType":"frame"}
{"Time":"2026-10-08T23:43:43.161348294Z","Action":"pass","Package":"go.temporal.io/server/tools/gomad3/target/internal/gocommand","Test":"TestStructuredCommandSeparatesOperationAndCommandOutcomes/infrastructure_before_overflow","Elapsed":0}
{"Time":"2026-10-08T23:43:43.161373128Z","Action":"run","Package":"go.temporal.io/server/tools/gomad3/target/internal/gocommand","Test":"TestStructuredCommandSeparatesOperationAndCommandOutcomes/watchdog"}
{"Time":"2026-10-08T23:43:43.161393628Z","Action":"output","Package":"go.temporal.io/server/tools/gomad3/target/internal/gocommand","Test":"TestStructuredCommandSeparatesOperationAndCommandOutcomes/watchdog","Output":"=== RUN   TestStructuredCommandSeparatesOperationAndCommandOutcomes/watchdog\n","OutputType":"frame"}
{"Time":"2026-10-08T23:43:43.161409711Z","Action":"output","Package":"go.temporal.io/server/tools/gomad3/target/internal/gocommand","Test":"TestStructuredCommandSeparatesOperationAndCommandOutcomes/watchdog","Output":"--- PASS: TestStructuredCommandSeparatesOperationAndCommandOutcomes/watchdog (0.00s)\n","OutputType":"frame"}
{"Time":"2026-10-08T23:43:43.161462419Z","Action":"pass","Package":"go.temporal.io/server/tools/gomad3/target/internal/gocommand","Test":"TestStructuredCommandSeparatesOperationAndCommandOutcomes/watchdog","Elapsed":0}
{"Time":"2026-10-08T23:43:43.161486919Z","Action":"run","Package":"go.temporal.io/server/tools/gomad3/target/internal/gocommand","Test":"TestStructuredCommandSeparatesOperationAndCommandOutcomes/overflow_before_watchdog"}
{"Time":"2026-10-08T23:43:43.161591544Z","Action":"output","Package":"go.temporal.io/server/tools/gomad3/target/internal/gocommand","Test":"TestStructuredCommandSeparatesOperationAndCommandOutcomes/overflow_before_watchdog","Output":"=== RUN   TestStructuredCommandSeparatesOperationAndCommandOutcomes/overflow_before_watchdog\n","OutputType":"frame"}
{"Time":"2026-10-08T23:43:43.161612711Z","Action":"output","Package":"go.temporal.io/server/tools/gomad3/target/internal/gocommand","Test":"TestStructuredCommandSeparatesOperationAndCommandOutcomes/overflow_before_watchdog","Output":"--- PASS: TestStructuredCommandSeparatesOperationAndCommandOutcomes/overflow_before_watchdog (0.00s)\n","OutputType":"frame"}
{"Time":"2026-10-08T23:43:43.161627086Z","Action":"pass","Package":"go.temporal.io/server/tools/gomad3/target/internal/gocommand","Test":"TestStructuredCommandSeparatesOperationAndCommandOutcomes/overflow_before_watchdog","Elapsed":0}
{"Time":"2026-10-08T23:43:43.161648253Z","Action":"output","Package":"go.temporal.io/server/tools/gomad3/target/internal/gocommand","Test":"TestStructuredCommandSeparatesOperationAndCommandOutcomes","Output":"--- PASS: TestStructuredCommandSeparatesOperationAndCommandOutcomes (0.00s)\n","OutputType":"frame"}
{"Time":"2026-10-08T23:43:43.161671086Z","Action":"pass","Package":"go.temporal.io/server/tools/gomad3/target/internal/gocommand","Test":"TestStructuredCommandSeparatesOperationAndCommandOutcomes","Elapsed":0}
{"Time":"2026-10-08T23:43:43.161681878Z","Action":"run","Package":"go.temporal.io/server/tools/gomad3/target/internal/gocommand","Test":"TestStructuredCommandKeepsActualExitAndRejectsPartialStreams"}
{"Time":"2026-10-08T23:43:43.161690919Z","Action":"output","Package":"go.temporal.io/server/tools/gomad3/target/internal/gocommand","Test":"TestStructuredCommandKeepsActualExitAndRejectsPartialStreams","Output":"=== RUN   TestStructuredCommandKeepsActualExitAndRejectsPartialStreams\n","OutputType":"frame"}
{"Time":"2026-10-08T23:43:43.161712711Z","Action":"run","Package":"go.temporal.io/server/tools/gomad3/target/internal/gocommand","Test":"TestStructuredCommandKeepsActualExitAndRejectsPartialStreams/complete_nonzero"}
{"Time":"2026-10-08T23:43:43.161739794Z","Action":"output","Package":"go.temporal.io/server/tools/gomad3/target/internal/gocommand","Test":"TestStructuredCommandKeepsActualExitAndRejectsPartialStreams/complete_nonzero","Output":"=== RUN   TestStructuredCommandKeepsActualExitAndRejectsPartialStreams/complete_nonzero\n","OutputType":"frame"}
{"Time":"2026-10-08T23:43:43.161777294Z","Action":"run","Package":"go.temporal.io/server/tools/gomad3/target","Test":"TestGoCommandSourcePreparationRestoresWholeIdentity"}
{"Time":"2026-10-08T23:43:43.161809669Z","Action":"output","Package":"go.temporal.io/server/tools/gomad3/target","Test":"TestGoCommandSourcePreparationRestoresWholeIdentity","Output":"=== RUN   TestGoCommandSourcePreparationRestoresWholeIdentity\n","OutputType":"frame"}
{"Time":"2026-10-08T23:43:43.162520711Z","Action":"output","Package":"go.temporal.io/server/tools/gomad3/target/internal/gocommand","Test":"TestStructuredCommandKeepsActualExitAndRejectsPartialStreams/complete_nonzero","Output":"--- PASS: TestStructuredCommandKeepsActualExitAndRejectsPartialStreams/complete_nonzero (0.00s)\n","OutputType":"frame"}
{"Time":"2026-10-08T23:43:43.162558919Z","Action":"pass","Package":"go.temporal.io/server/tools/gomad3/target/internal/gocommand","Test":"TestStructuredCommandKeepsActualExitAndRejectsPartialStreams/complete_nonzero","Elapsed":0}
{"Time":"2026-10-08T23:43:43.162603419Z","Action":"run","Package":"go.temporal.io/server/tools/gomad3/target/internal/gocommand","Test":"TestStructuredCommandKeepsActualExitAndRejectsPartialStreams/stdout_exact_capacity"}
{"Time":"2026-10-08T23:43:43.162617711Z","Action":"output","Package":"go.temporal.io/server/tools/gomad3/target/internal/gocommand","Test":"TestStructuredCommandKeepsActualExitAndRejectsPartialStreams/stdout_exact_capacity","Output":"=== RUN   TestStructuredCommandKeepsActualExitAndRejectsPartialStreams/stdout_exact_capacity\n","OutputType":"frame"}
{"Time":"2026-10-08T23:43:43.164046169Z","Action":"output","Package":"go.temporal.io/server/tools/gomad3/target/internal/gocommand","Test":"TestStructuredCommandKeepsActualExitAndRejectsPartialStreams/stdout_exact_capacity","Output":"--- PASS: TestStructuredCommandKeepsActualExitAndRejectsPartialStreams/stdout_exact_capacity (0.00s)\n","OutputType":"frame"}
{"Time":"2026-10-08T23:43:43.164102919Z","Action":"pass","Package":"go.temporal.io/server/tools/gomad3/target/internal/gocommand","Test":"TestStructuredCommandKeepsActualExitAndRejectsPartialStreams/stdout_exact_capacity","Elapsed":0}
{"Time":"2026-10-08T23:43:43.164127628Z","Action":"run","Package":"go.temporal.io/server/tools/gomad3/target/internal/gocommand","Test":"TestStructuredCommandKeepsActualExitAndRejectsPartialStreams/stderr_exact_capacity"}
{"Time":"2026-10-08T23:43:43.164151669Z","Action":"output","Package":"go.temporal.io/server/tools/gomad3/target/internal/gocommand","Test":"TestStructuredCommandKeepsActualExitAndRejectsPartialStreams/stderr_exact_capacity","Output":"=== RUN   TestStructuredCommandKeepsActualExitAndRejectsPartialStreams/stderr_exact_capacity\n","OutputType":"frame"}
{"Time":"2026-10-08T23:43:43.165841961Z","Action":"output","Package":"go.temporal.io/server/tools/gomad3/target/internal/gocommand","Test":"TestStructuredCommandKeepsActualExitAndRejectsPartialStreams/stderr_exact_capacity","Output":"--- PASS: TestStructuredCommandKeepsActualExitAndRejectsPartialStreams/stderr_exact_capacity (0.00s)\n","OutputType":"frame"}
{"Time":"2026-10-08T23:43:43.165866794Z","Action":"pass","Package":"go.temporal.io/server/tools/gomad3/target/internal/gocommand","Test":"TestStructuredCommandKeepsActualExitAndRejectsPartialStreams/stderr_exact_capacity","Elapsed":0}
{"Time":"2026-10-08T23:43:43.165885544Z","Action":"run","Package":"go.temporal.io/server/tools/gomad3/target/internal/gocommand","Test":"TestStructuredCommandKeepsActualExitAndRejectsPartialStreams/stdout_limit_plus_one"}
{"Time":"2026-10-08T23:43:43.165902253Z","Action":"output","Package":"go.temporal.io/server/tools/gomad3/target/internal/gocommand","Test":"TestStructuredCommandKeepsActualExitAndRejectsPartialStreams/stdout_limit_plus_one","Output":"=== RUN   TestStructuredCommandKeepsActualExitAndRejectsPartialStreams/stdout_limit_plus_one\n","OutputType":"frame"}
{"Time":"2026-10-08T23:43:43.166443128Z","Action":"run","Package":"go.temporal.io/server/tools/gomad3/target","Test":"TestGoCommandSourcePreparationRestoresWholeIdentity/fresh"}
{"Time":"2026-10-08T23:43:43.166489586Z","Action":"output","Package":"go.temporal.io/server/tools/gomad3/target","Test":"TestGoCommandSourcePreparationRestoresWholeIdentity/fresh","Output":"=== RUN   TestGoCommandSourcePreparationRestoresWholeIdentity/fresh\n","OutputType":"frame"}
{"Time":"2026-10-08T23:43:43.166923711Z","Action":"output","Package":"go.temporal.io/server/tools/gomad3/target/internal/gocommand","Test":"TestStructuredCommandKeepsActualExitAndRejectsPartialStreams/stdout_limit_plus_one","Output":"--- PASS: TestStructuredCommandKeepsActualExitAndRejectsPartialStreams/stdout_limit_plus_one (0.00s)\n","OutputType":"frame"}
{"Time":"2026-10-08T23:43:43.166949836Z","Action":"pass","Package":"go.temporal.io/server/tools/gomad3/target/internal/gocommand","Test":"TestStructuredCommandKeepsActualExitAndRejectsPartialStreams/stdout_limit_plus_one","Elapsed":0}
{"Time":"2026-10-08T23:43:43.166971294Z","Action":"run","Package":"go.temporal.io/server/tools/gomad3/target/internal/gocommand","Test":"TestStructuredCommandKeepsActualExitAndRejectsPartialStreams/stderr_limit_plus_one"}
{"Time":"2026-10-08T23:43:43.166987503Z","Action":"output","Package":"go.temporal.io/server/tools/gomad3/target/internal/gocommand","Test":"TestStructuredCommandKeepsActualExitAndRejectsPartialStreams/stderr_limit_plus_one","Output":"=== RUN   TestStructuredCommandKeepsActualExitAndRejectsPartialStreams/stderr_limit_plus_one\n","OutputType":"frame"}
{"Time":"2026-10-08T23:43:43.168037128Z","Action":"output","Package":"go.temporal.io/server/tools/gomad3/target/internal/gocommand","Test":"TestStructuredCommandKeepsActualExitAndRejectsPartialStreams/stderr_limit_plus_one","Output":"--- PASS: TestStructuredCommandKeepsActualExitAndRejectsPartialStreams/stderr_limit_plus_one (0.00s)\n","OutputType":"frame"}
{"Time":"2026-10-08T23:43:43.168060544Z","Action":"pass","Package":"go.temporal.io/server/tools/gomad3/target/internal/gocommand","Test":"TestStructuredCommandKeepsActualExitAndRejectsPartialStreams/stderr_limit_plus_one","Elapsed":0}
{"Time":"2026-10-08T23:43:43.168080544Z","Action":"output","Package":"go.temporal.io/server/tools/gomad3/target/internal/gocommand","Test":"TestStructuredCommandKeepsActualExitAndRejectsPartialStreams","Output":"--- PASS: TestStructuredCommandKeepsActualExitAndRejectsPartialStreams (0.01s)\n","OutputType":"frame"}
{"Time":"2026-10-08T23:43:43.168113003Z","Action":"pass","Package":"go.temporal.io/server/tools/gomad3/target/internal/gocommand","Test":"TestStructuredCommandKeepsActualExitAndRejectsPartialStreams","Elapsed":0.01}
{"Time":"2026-10-08T23:43:43.168146044Z","Action":"run","Package":"go.temporal.io/server/tools/gomad3/target/internal/gocommand","Test":"TestStructuredCommandOutputErrorKeepsIdentityAndDetachesStderr"}
{"Time":"2026-10-08T23:43:43.168158378Z","Action":"output","Package":"go.temporal.io/server/tools/gomad3/target/internal/gocommand","Test":"TestStructuredCommandOutputErrorKeepsIdentityAndDetachesStderr","Output":"=== RUN   TestStructuredCommandOutputErrorKeepsIdentityAndDetachesStderr\n","OutputType":"frame"}
{"Time":"2026-10-08T23:43:43.168958794Z","Action":"output","Package":"go.temporal.io/server/tools/gomad3/target/internal/gocommand","Test":"TestStructuredCommandOutputErrorKeepsIdentityAndDetachesStderr","Output":"--- PASS: TestStructuredCommandOutputErrorKeepsIdentityAndDetachesStderr (0.00s)\n","OutputType":"frame"}
{"Time":"2026-10-08T23:43:43.169000919Z","Action":"pass","Package":"go.temporal.io/server/tools/gomad3/target/internal/gocommand","Test":"TestStructuredCommandOutputErrorKeepsIdentityAndDetachesStderr","Elapsed":0}
{"Time":"2026-10-08T23:43:43.169011419Z","Action":"output","Package":"go.temporal.io/server/tools/gomad3/target/internal/gocommand","Output":"PASS\n","OutputType":"frame"}
{"Time":"2026-10-08T23:43:43.169081169Z","Action":"output","Package":"go.temporal.io/server/tools/gomad3/target/internal/gocommand","Output":"ok  \tgo.temporal.io/server/tools/gomad3/target/internal/gocommand\t0.012s\n"}
{"Time":"2026-10-08T23:43:43.169112044Z","Action":"pass","Package":"go.temporal.io/server/tools/gomad3/target/internal/gocommand","Elapsed":0.012}
{"Time":"2026-10-08T23:43:43.405502878Z","Action":"output","Package":"go.temporal.io/server/tools/gomad3/target","Test":"TestGoCommandSourcePreparationRestoresWholeIdentity/fresh","Output":"--- PASS: TestGoCommandSourcePreparationRestoresWholeIdentity/fresh (0.24s)\n","OutputType":"frame"}
{"Time":"2026-10-08T23:43:43.405570086Z","Action":"pass","Package":"go.temporal.io/server/tools/gomad3/target","Test":"TestGoCommandSourcePreparationRestoresWholeIdentity/fresh","Elapsed":0.24}
{"Time":"2026-10-08T23:43:43.405598753Z","Action":"run","Package":"go.temporal.io/server/tools/gomad3/target","Test":"TestGoCommandSourcePreparationRestoresWholeIdentity/restored"}
{"Time":"2026-10-08T23:43:43.405637003Z","Action":"output","Package":"go.temporal.io/server/tools/gomad3/target","Test":"TestGoCommandSourcePreparationRestoresWholeIdentity/restored","Output":"=== RUN   TestGoCommandSourcePreparationRestoresWholeIdentity/restored\n","OutputType":"frame"}
{"Time":"2026-10-08T23:43:43.439213669Z","Action":"output","Package":"go.temporal.io/server/tools/gomad3/target","Test":"TestGoCommandSourcePreparationRestoresWholeIdentity/restored","Output":"--- PASS: TestGoCommandSourcePreparationRestoresWholeIdentity/restored (0.03s)\n","OutputType":"frame"}
{"Time":"2026-10-08T23:43:43.439278294Z","Action":"pass","Package":"go.temporal.io/server/tools/gomad3/target","Test":"TestGoCommandSourcePreparationRestoresWholeIdentity/restored","Elapsed":0.03}
{"Time":"2026-10-08T23:43:43.439311919Z","Action":"run","Package":"go.temporal.io/server/tools/gomad3/target","Test":"TestGoCommandSourcePreparationRestoresWholeIdentity/changed_source"}
{"Time":"2026-10-08T23:43:43.439342461Z","Action":"output","Package":"go.temporal.io/server/tools/gomad3/target","Test":"TestGoCommandSourcePreparationRestoresWholeIdentity/changed_source","Output":"=== RUN   TestGoCommandSourcePreparationRestoresWholeIdentity/changed_source\n","OutputType":"frame"}
{"Time":"2026-10-08T23:43:43.634206753Z","Action":"output","Package":"go.temporal.io/server/tools/gomad3/target","Test":"TestGoCommandSourcePreparationRestoresWholeIdentity/changed_source","Output":"--- PASS: TestGoCommandSourcePreparationRestoresWholeIdentity/changed_source (0.19s)\n","OutputType":"frame"}
{"Time":"2026-10-08T23:43:43.634291878Z","Action":"pass","Package":"go.temporal.io/server/tools/gomad3/target","Test":"TestGoCommandSourcePreparationRestoresWholeIdentity/changed_source","Elapsed":0.19}
{"Time":"2026-10-08T23:43:43.636304253Z","Action":"output","Package":"go.temporal.io/server/tools/gomad3/target","Test":"TestGoCommandSourcePreparationRestoresWholeIdentity","Output":"--- PASS: TestGoCommandSourcePreparationRestoresWholeIdentity (0.48s)\n","OutputType":"frame"}
{"Time":"2026-10-08T23:43:43.63635542Z","Action":"pass","Package":"go.temporal.io/server/tools/gomad3/target","Test":"TestGoCommandSourcePreparationRestoresWholeIdentity","Elapsed":0.48}
{"Time":"2026-10-08T23:43:43.63638942Z","Action":"run","Package":"go.temporal.io/server/tools/gomad3/target","Test":"TestGoCommandSourceBuildReleasesCacheForEveryOutcome"}
{"Time":"2026-10-08T23:43:43.63642067Z","Action":"output","Package":"go.temporal.io/server/tools/gomad3/target","Test":"TestGoCommandSourceBuildReleasesCacheForEveryOutcome","Output":"=== RUN   TestGoCommandSourceBuildReleasesCacheForEveryOutcome\n","OutputType":"frame"}
{"Time":"2026-10-08T23:43:43.636456295Z","Action":"run","Package":"go.temporal.io/server/tools/gomad3/target","Test":"TestGoCommandSourceBuildReleasesCacheForEveryOutcome/success"}
{"Time":"2026-10-08T23:43:43.636483878Z","Action":"output","Package":"go.temporal.io/server/tools/gomad3/target","Test":"TestGoCommandSourceBuildReleasesCacheForEveryOutcome/success","Output":"=== RUN   TestGoCommandSourceBuildReleasesCacheForEveryOutcome/success\n","OutputType":"frame"}
{"Time":"2026-10-08T23:43:43.639884086Z","Action":"output","Package":"go.temporal.io/server/tools/gomad3/target","Test":"TestGoCommandSourceBuildReleasesCacheForEveryOutcome/success","Output":"--- PASS: TestGoCommandSourceBuildReleasesCacheForEveryOutcome/success (0.00s)\n","OutputType":"frame"}
{"Time":"2026-10-08T23:43:43.639950545Z","Action":"pass","Package":"go.temporal.io/server/tools/gomad3/target","Test":"TestGoCommandSourceBuildReleasesCacheForEveryOutcome/success","Elapsed":0}
{"Time":"2026-10-08T23:43:43.639971753Z","Action":"run","Package":"go.temporal.io/server/tools/gomad3/target","Test":"TestGoCommandSourceBuildReleasesCacheForEveryOutcome/compiler"}
{"Time":"2026-10-08T23:43:43.640004545Z","Action":"output","Package":"go.temporal.io/server/tools/gomad3/target","Test":"TestGoCommandSourceBuildReleasesCacheForEveryOutcome/compiler","Output":"=== RUN   TestGoCommandSourceBuildReleasesCacheForEveryOutcome/compiler\n","OutputType":"frame"}
{"Time":"2026-10-08T23:43:43.64199042Z","Action":"output","Package":"go.temporal.io/server/tools/gomad3/target","Test":"TestGoCommandSourceBuildReleasesCacheForEveryOutcome/compiler","Output":"--- PASS: TestGoCommandSourceBuildReleasesCacheForEveryOutcome/compiler (0.00s)\n","OutputType":"frame"}
{"Time":"2026-10-08T23:43:43.642019003Z","Action":"pass","Package":"go.temporal.io/server/tools/gomad3/target","Test":"TestGoCommandSourceBuildReleasesCacheForEveryOutcome/compiler","Elapsed":0}
{"Time":"2026-10-08T23:43:43.642052128Z","Action":"run","Package":"go.temporal.io/server/tools/gomad3/target","Test":"TestGoCommandSourceBuildReleasesCacheForEveryOutcome/cancel"}
{"Time":"2026-10-08T23:43:43.642073378Z","Action":"output","Package":"go.temporal.io/server/tools/gomad3/target","Test":"TestGoCommandSourceBuildReleasesCacheForEveryOutcome/cancel","Output":"=== RUN   TestGoCommandSourceBuildReleasesCacheForEveryOutcome/cancel\n","OutputType":"frame"}
{"Time":"2026-10-08T23:43:43.644396503Z","Action":"output","Package":"go.temporal.io/server/tools/gomad3/target","Test":"TestGoCommandSourceBuildReleasesCacheForEveryOutcome/cancel","Output":"--- PASS: TestGoCommandSourceBuildReleasesCacheForEveryOutcome/cancel (0.00s)\n","OutputType":"frame"}
{"Time":"2026-10-08T23:43:43.644415336Z","Action":"pass","Package":"go.temporal.io/server/tools/gomad3/target","Test":"TestGoCommandSourceBuildReleasesCacheForEveryOutcome/cancel","Elapsed":0}
{"Time":"2026-10-08T23:43:43.644435003Z","Action":"run","Package":"go.temporal.io/server/tools/gomad3/target","Test":"TestGoCommandSourceBuildReleasesCacheForEveryOutcome/timeout"}
{"Time":"2026-10-08T23:43:43.644462378Z","Action":"output","Package":"go.temporal.io/server/tools/gomad3/target","Test":"TestGoCommandSourceBuildReleasesCacheForEveryOutcome/timeout","Output":"=== RUN   TestGoCommandSourceBuildReleasesCacheForEveryOutcome/timeout\n","OutputType":"frame"}
{"Time":"2026-10-08T23:43:43.646376961Z","Action":"output","Package":"go.temporal.io/server/tools/gomad3/target","Test":"TestGoCommandSourceBuildReleasesCacheForEveryOutcome/timeout","Output":"--- PASS: TestGoCommandSourceBuildReleasesCacheForEveryOutcome/timeout (0.00s)\n","OutputType":"frame"}
{"Time":"2026-10-08T23:43:43.646394795Z","Action":"pass","Package":"go.temporal.io/server/tools/gomad3/target","Test":"TestGoCommandSourceBuildReleasesCacheForEveryOutcome/timeout","Elapsed":0}
{"Time":"2026-10-08T23:43:43.646418128Z","Action":"run","Package":"go.temporal.io/server/tools/gomad3/target","Test":"TestGoCommandSourceBuildReleasesCacheForEveryOutcome/infrastructure"}
{"Time":"2026-10-08T23:43:43.646435711Z","Action":"output","Package":"go.temporal.io/server/tools/gomad3/target","Test":"TestGoCommandSourceBuildReleasesCacheForEveryOutcome/infrastructure","Output":"=== RUN   TestGoCommandSourceBuildReleasesCacheForEveryOutcome/infrastructure\n","OutputType":"frame"}
{"Time":"2026-10-08T23:43:43.648875461Z","Action":"output","Package":"go.temporal.io/server/tools/gomad3/target","Test":"TestGoCommandSourceBuildReleasesCacheForEveryOutcome/infrastructure","Output":"--- PASS: TestGoCommandSourceBuildReleasesCacheForEveryOutcome/infrastructure (0.00s)\n","OutputType":"frame"}
{"Time":"2026-10-08T23:43:43.64891542Z","Action":"pass","Package":"go.temporal.io/server/tools/gomad3/target","Test":"TestGoCommandSourceBuildReleasesCacheForEveryOutcome/infrastructure","Elapsed":0}
{"Time":"2026-10-08T23:43:43.648938711Z","Action":"output","Package":"go.temporal.io/server/tools/gomad3/target","Test":"TestGoCommandSourceBuildReleasesCacheForEveryOutcome","Output":"--- PASS: TestGoCommandSourceBuildReleasesCacheForEveryOutcome (0.01s)\n","OutputType":"frame"}
{"Time":"2026-10-08T23:43:43.648952753Z","Action":"pass","Package":"go.temporal.io/server/tools/gomad3/target","Test":"TestGoCommandSourceBuildReleasesCacheForEveryOutcome","Elapsed":0.01}
{"Time":"2026-10-08T23:43:43.648966961Z","Action":"run","Package":"go.temporal.io/server/tools/gomad3/target","Test":"TestGoCommandSourcePublicQueries"}
{"Time":"2026-10-08T23:43:43.648980211Z","Action":"output","Package":"go.temporal.io/server/tools/gomad3/target","Test":"TestGoCommandSourcePublicQueries","Output":"=== RUN   TestGoCommandSourcePublicQueries\n","OutputType":"frame"}
{"Time":"2026-10-08T23:43:43.649168795Z","Action":"run","Package":"go.temporal.io/server/tools/gomad3/target","Test":"TestGoCommandSourcePublicQueries/cache"}
{"Time":"2026-10-08T23:43:43.649188795Z","Action":"output","Package":"go.temporal.io/server/tools/gomad3/target","Test":"TestGoCommandSourcePublicQueries/cache","Output":"=== RUN   TestGoCommandSourcePublicQueries/cache\n","OutputType":"frame"}
{"Time":"2026-10-08T23:43:43.650334503Z","Action":"output","Package":"go.temporal.io/server/tools/gomad3/target","Test":"TestGoCommandSourcePublicQueries/cache","Output":"--- PASS: TestGoCommandSourcePublicQueries/cache (0.00s)\n","OutputType":"frame"}
{"Time":"2026-10-08T23:43:43.650359753Z","Action":"pass","Package":"go.temporal.io/server/tools/gomad3/target","Test":"TestGoCommandSourcePublicQueries/cache","Elapsed":0}
{"Time":"2026-10-08T23:43:43.650372336Z","Action":"run","Package":"go.temporal.io/server/tools/gomad3/target","Test":"TestGoCommandSourcePublicQueries/relative_cache"}
{"Time":"2026-10-08T23:43:43.650381378Z","Action":"output","Package":"go.temporal.io/server/tools/gomad3/target","Test":"TestGoCommandSourcePublicQueries/relative_cache","Output":"=== RUN   TestGoCommandSourcePublicQueries/relative_cache\n","OutputType":"frame"}
{"Time":"2026-10-08T23:43:43.651239461Z","Action":"output","Package":"go.temporal.io/server/tools/gomad3/target","Test":"TestGoCommandSourcePublicQueries/relative_cache","Output":"--- PASS: TestGoCommandSourcePublicQueries/relative_cache (0.00s)\n","OutputType":"frame"}
{"Time":"2026-10-08T23:43:43.651254045Z","Action":"pass","Package":"go.temporal.io/server/tools/gomad3/target","Test":"TestGoCommandSourcePublicQueries/relative_cache","Elapsed":0}
{"Time":"2026-10-08T23:43:43.651263295Z","Action":"run","Package":"go.temporal.io/server/tools/gomad3/target","Test":"TestGoCommandSourcePublicQueries/multiple_cache_lines"}
{"Time":"2026-10-08T23:43:43.651271378Z","Action":"output","Package":"go.temporal.io/server/tools/gomad3/target","Test":"TestGoCommandSourcePublicQueries/multiple_cache_lines","Output":"=== RUN   TestGoCommandSourcePublicQueries/multiple_cache_lines\n","OutputType":"frame"}
{"Time":"2026-10-08T23:43:43.652022878Z","Action":"output","Package":"go.temporal.io/server/tools/gomad3/target","Test":"TestGoCommandSourcePublicQueries/multiple_cache_lines","Output":"--- PASS: TestGoCommandSourcePublicQueries/multiple_cache_lines (0.00s)\n","OutputType":"frame"}
{"Time":"2026-10-08T23:43:43.652053211Z","Action":"pass","Package":"go.temporal.io/server/tools/gomad3/target","Test":"TestGoCommandSourcePublicQueries/multiple_cache_lines","Elapsed":0}
{"Time":"2026-10-08T23:43:43.65207092Z","Action":"run","Package":"go.temporal.io/server/tools/gomad3/target","Test":"TestGoCommandSourcePublicQueries/missing_cache"}
{"Time":"2026-10-08T23:43:43.652086878Z","Action":"output","Package":"go.temporal.io/server/tools/gomad3/target","Test":"TestGoCommandSourcePublicQueries/missing_cache","Output":"=== RUN   TestGoCommandSourcePublicQueries/missing_cache\n","OutputType":"frame"}
{"Time":"2026-10-08T23:43:43.653955878Z","Action":"output","Package":"go.temporal.io/server/tools/gomad3/target","Test":"TestGoCommandSourcePublicQueries/missing_cache","Output":"--- PASS: TestGoCommandSourcePublicQueries/missing_cache (0.00s)\n","OutputType":"frame"}
{"Time":"2026-10-08T23:43:43.654039295Z","Action":"pass","Package":"go.temporal.io/server/tools/gomad3/target","Test":"TestGoCommandSourcePublicQueries/missing_cache","Elapsed":0}
{"Time":"2026-10-08T23:43:43.654075545Z","Action":"run","Package":"go.temporal.io/server/tools/gomad3/target","Test":"TestGoCommandSourcePublicQueries/download"}
{"Time":"2026-10-08T23:43:43.654101878Z","Action":"output","Package":"go.temporal.io/server/tools/gomad3/target","Test":"TestGoCommandSourcePublicQueries/download","Output":"=== RUN   TestGoCommandSourcePublicQueries/download\n","OutputType":"frame"}
{"Time":"2026-10-08T23:43:43.65700667Z","Action":"output","Package":"go.temporal.io/server/tools/gomad3/target","Test":"TestGoCommandSourcePublicQueries/download","Output":"--- PASS: TestGoCommandSourcePublicQueries/download (0.00s)\n","OutputType":"frame"}
{"Time":"2026-10-08T23:43:43.657031586Z","Action":"pass","Package":"go.temporal.io/server/tools/gomad3/target","Test":"TestGoCommandSourcePublicQueries/download","Elapsed":0}
{"Time":"2026-10-08T23:43:43.657056461Z","Action":"run","Package":"go.temporal.io/server/tools/gomad3/target","Test":"TestGoCommandSourcePublicQueries/checksum"}
{"Time":"2026-10-08T23:43:43.657075045Z","Action":"output","Package":"go.temporal.io/server/tools/gomad3/target","Test":"TestGoCommandSourcePublicQueries/checksum","Output":"=== RUN   TestGoCommandSourcePublicQueries/checksum\n","OutputType":"frame"}
{"Time":"2026-10-08T23:43:43.658674253Z","Action":"output","Package":"go.temporal.io/server/tools/gomad3/target","Test":"TestGoCommandSourcePublicQueries/checksum","Output":"--- PASS: TestGoCommandSourcePublicQueries/checksum (0.00s)\n","OutputType":"frame"}
{"Time":"2026-10-08T23:43:43.658698503Z","Action":"pass","Package":"go.temporal.io/server/tools/gomad3/target","Test":"TestGoCommandSourcePublicQueries/checksum","Elapsed":0}
{"Time":"2026-10-08T23:43:43.658723836Z","Action":"run","Package":"go.temporal.io/server/tools/gomad3/target","Test":"TestGoCommandSourcePublicQueries/reported_download_error"}
{"Time":"2026-10-08T23:43:43.658741378Z","Action":"output","Package":"go.temporal.io/server/tools/gomad3/target","Test":"TestGoCommandSourcePublicQueries/reported_download_error","Output":"=== RUN   TestGoCommandSourcePublicQueries/reported_download_error\n","OutputType":"frame"}
{"Time":"2026-10-08T23:43:43.660361295Z","Action":"output","Package":"go.temporal.io/server/tools/gomad3/target","Test":"TestGoCommandSourcePublicQueries/reported_download_error","Output":"--- PASS: TestGoCommandSourcePublicQueries/reported_download_error (0.00s)\n","OutputType":"frame"}
{"Time":"2026-10-08T23:43:43.660380628Z","Action":"pass","Package":"go.temporal.io/server/tools/gomad3/target","Test":"TestGoCommandSourcePublicQueries/reported_download_error","Elapsed":0}
{"Time":"2026-10-08T23:43:43.660391461Z","Action":"run","Package":"go.temporal.io/server/tools/gomad3/target","Test":"TestGoCommandSourcePublicQueries/command_error"}
{"Time":"2026-10-08T23:43:43.660401295Z","Action":"output","Package":"go.temporal.io/server/tools/gomad3/target","Test":"TestGoCommandSourcePublicQueries/command_error","Output":"=== RUN   TestGoCommandSourcePublicQueries/command_error\n","OutputType":"frame"}
{"Time":"2026-10-08T23:43:43.661887711Z","Action":"output","Package":"go.temporal.io/server/tools/gomad3/target","Test":"TestGoCommandSourcePublicQueries/command_error","Output":"--- PASS: TestGoCommandSourcePublicQueries/command_error (0.00s)\n","OutputType":"frame"}
{"Time":"2026-10-08T23:43:43.661903503Z","Action":"pass","Package":"go.temporal.io/server/tools/gomad3/target","Test":"TestGoCommandSourcePublicQueries/command_error","Elapsed":0}
{"Time":"2026-10-08T23:43:43.661917336Z","Action":"run","Package":"go.temporal.io/server/tools/gomad3/target","Test":"TestGoCommandSourcePublicQueries/malformed_and_command_error"}
{"Time":"2026-10-08T23:43:43.661932045Z","Action":"output","Package":"go.temporal.io/server/tools/gomad3/target","Test":"TestGoCommandSourcePublicQueries/malformed_and_command_error","Output":"=== RUN   TestGoCommandSourcePublicQueries/malformed_and_command_error\n","OutputType":"frame"}
{"Time":"2026-10-08T23:43:43.663223045Z","Action":"output","Package":"go.temporal.io/server/tools/gomad3/target","Test":"TestGoCommandSourcePublicQueries/malformed_and_command_error","Output":"--- PASS: TestGoCommandSourcePublicQueries/malformed_and_command_error (0.00s)\n","OutputType":"frame"}
{"Time":"2026-10-08T23:43:43.663238795Z","Action":"pass","Package":"go.temporal.io/server/tools/gomad3/target","Test":"TestGoCommandSourcePublicQueries/malformed_and_command_error","Elapsed":0}
{"Time":"2026-10-08T23:43:43.665680961Z","Action":"output","Package":"go.temporal.io/server/tools/gomad3/target","Test":"TestGoCommandSourcePublicQueries","Output":"--- PASS: TestGoCommandSourcePublicQueries (0.02s)\n","OutputType":"frame"}
{"Time":"2026-10-08T23:43:43.665787711Z","Action":"pass","Package":"go.temporal.io/server/tools/gomad3/target","Test":"TestGoCommandSourcePublicQueries","Elapsed":0.02}
{"Time":"2026-10-08T23:43:43.665831378Z","Action":"run","Package":"go.temporal.io/server/tools/gomad3/target","Test":"TestGoCommandSourceDownloadCancellationPreservesDecoderPrecedence"}
{"Time":"2026-10-08T23:43:43.665850211Z","Action":"output","Package":"go.temporal.io/server/tools/gomad3/target","Test":"TestGoCommandSourceDownloadCancellationPreservesDecoderPrecedence","Output":"=== RUN   TestGoCommandSourceDownloadCancellationPreservesDecoderPrecedence\n","OutputType":"frame"}
{"Time":"2026-10-08T23:43:43.665869211Z","Action":"run","Package":"go.temporal.io/server/tools/gomad3/target","Test":"TestGoCommandSourceDownloadCancellationPreservesDecoderPrecedence/before_cancellation"}
{"Time":"2026-10-08T23:43:43.665882628Z","Action":"output","Package":"go.temporal.io/server/tools/gomad3/target","Test":"TestGoCommandSourceDownloadCancellationPreservesDecoderPrecedence/before_cancellation","Output":"=== RUN   TestGoCommandSourceDownloadCancellationPreservesDecoderPrecedence/before_cancellation\n","OutputType":"frame"}
{"Time":"2026-10-08T23:43:43.666677128Z","Action":"output","Package":"go.temporal.io/server/tools/gomad3/target","Test":"TestGoCommandSourceDownloadCancellationPreservesDecoderPrecedence/before_cancellation","Output":"--- PASS: TestGoCommandSourceDownloadCancellationPreservesDecoderPrecedence/before_cancellation (0.00s)\n","OutputType":"frame"}
{"Time":"2026-10-08T23:43:43.666704461Z","Action":"pass","Package":"go.temporal.io/server/tools/gomad3/target","Test":"TestGoCommandSourceDownloadCancellationPreservesDecoderPrecedence/before_cancellation","Elapsed":0}
{"Time":"2026-10-08T23:43:43.666725586Z","Action":"run","Package":"go.temporal.io/server/tools/gomad3/target","Test":"TestGoCommandSourceDownloadCancellationPreservesDecoderPrecedence/acknowledged_cancellation"}
{"Time":"2026-10-08T23:43:43.666735586Z","Action":"output","Package":"go.temporal.io/server/tools/gomad3/target","Test":"TestGoCommandSourceDownloadCancellationPreservesDecoderPrecedence/acknowledged_cancellation","Output":"=== RUN   TestGoCommandSourceDownloadCancellationPreservesDecoderPrecedence/acknowledged_cancellation\n","OutputType":"frame"}
{"Time":"2026-10-08T23:43:43.66910667Z","Action":"output","Package":"go.temporal.io/server/tools/gomad3/target","Test":"TestGoCommandSourceDownloadCancellationPreservesDecoderPrecedence/acknowledged_cancellation","Output":"--- PASS: TestGoCommandSourceDownloadCancellationPreservesDecoderPrecedence/acknowledged_cancellation (0.00s)\n","OutputType":"frame"}
{"Time":"2026-10-08T23:43:43.669136836Z","Action":"pass","Package":"go.temporal.io/server/tools/gomad3/target","Test":"TestGoCommandSourceDownloadCancellationPreservesDecoderPrecedence/acknowledged_cancellation","Elapsed":0}
{"Time":"2026-10-08T23:43:43.669167711Z","Action":"run","Package":"go.temporal.io/server/tools/gomad3/target","Test":"TestGoCommandSourceDownloadCancellationPreservesDecoderPrecedence/acknowledged_deadline"}
{"Time":"2026-10-08T23:43:43.669443836Z","Action":"output","Package":"go.temporal.io/server/tools/gomad3/target","Test":"TestGoCommandSourceDownloadCancellationPreservesDecoderPrecedence/acknowledged_deadline","Output":"=== RUN   TestGoCommandSourceDownloadCancellationPreservesDecoderPrecedence/acknowledged_deadline\n","OutputType":"frame"}
{"Time":"2026-10-08T23:43:44.674801503Z","Action":"output","Package":"go.temporal.io/server/tools/gomad3/target","Test":"TestGoCommandSourceDownloadCancellationPreservesDecoderPrecedence/acknowledged_deadline","Output":"--- PASS: TestGoCommandSourceDownloadCancellationPreservesDecoderPrecedence/acknowledged_deadline (1.01s)\n","OutputType":"frame"}
{"Time":"2026-10-08T23:43:44.674902587Z","Action":"pass","Package":"go.temporal.io/server/tools/gomad3/target","Test":"TestGoCommandSourceDownloadCancellationPreservesDecoderPrecedence/acknowledged_deadline","Elapsed":1.01}
{"Time":"2026-10-08T23:43:44.674932545Z","Action":"output","Package":"go.temporal.io/server/tools/gomad3/target","Test":"TestGoCommandSourceDownloadCancellationPreservesDecoderPrecedence","Output":"--- PASS: TestGoCommandSourceDownloadCancellationPreservesDecoderPrecedence (1.01s)\n","OutputType":"frame"}
{"Time":"2026-10-08T23:43:44.674960753Z","Action":"pass","Package":"go.temporal.io/server/tools/gomad3/target","Test":"TestGoCommandSourceDownloadCancellationPreservesDecoderPrecedence","Elapsed":1.01}
{"Time":"2026-10-08T23:43:44.674992628Z","Action":"run","Package":"go.temporal.io/server/tools/gomad3/target","Test":"TestGoCommandSourceQueryOutputPreservesRawExit"}
{"Time":"2026-10-08T23:43:44.675017045Z","Action":"output","Package":"go.temporal.io/server/tools/gomad3/target","Test":"TestGoCommandSourceQueryOutputPreservesRawExit","Output":"=== RUN   TestGoCommandSourceQueryOutputPreservesRawExit\n","OutputType":"frame"}
{"Time":"2026-10-08T23:43:44.67504142Z","Action":"run","Package":"go.temporal.io/server/tools/gomad3/target","Test":"TestGoCommandSourceQueryOutputPreservesRawExit/identity_capacity=false"}
{"Time":"2026-10-08T23:43:44.675064128Z","Action":"output","Package":"go.temporal.io/server/tools/gomad3/target","Test":"TestGoCommandSourceQueryOutputPreservesRawExit/identity_capacity=false","Output":"=== RUN   TestGoCommandSourceQueryOutputPreservesRawExit/identity_capacity=false\n","OutputType":"frame"}
{"Time":"2026-10-08T23:43:44.677542587Z","Action":"output","Package":"go.temporal.io/server/tools/gomad3/target","Test":"TestGoCommandSourceQueryOutputPreservesRawExit/identity_capacity=false","Output":"--- PASS: TestGoCommandSourceQueryOutputPreservesRawExit/identity_capacity=false (0.00s)\n","OutputType":"frame"}
{"Time":"2026-10-08T23:43:44.677580795Z","Action":"pass","Package":"go.temporal.io/server/tools/gomad3/target","Test":"TestGoCommandSourceQueryOutputPreservesRawExit/identity_capacity=false","Elapsed":0}
{"Time":"2026-10-08T23:43:44.67759742Z","Action":"run","Package":"go.temporal.io/server/tools/gomad3/target","Test":"TestGoCommandSourceQueryOutputPreservesRawExit/identity_capacity=true"}
{"Time":"2026-10-08T23:43:44.677639878Z","Action":"output","Package":"go.temporal.io/server/tools/gomad3/target","Test":"TestGoCommandSourceQueryOutputPreservesRawExit/identity_capacity=true","Output":"=== RUN   TestGoCommandSourceQueryOutputPreservesRawExit/identity_capacity=true\n","OutputType":"frame"}
{"Time":"2026-10-08T23:43:44.679769628Z","Action":"output","Package":"go.temporal.io/server/tools/gomad3/target","Test":"TestGoCommandSourceQueryOutputPreservesRawExit/identity_capacity=true","Output":"--- PASS: TestGoCommandSourceQueryOutputPreservesRawExit/identity_capacity=true (0.00s)\n","OutputType":"frame"}
{"Time":"2026-10-08T23:43:44.679796628Z","Action":"pass","Package":"go.temporal.io/server/tools/gomad3/target","Test":"TestGoCommandSourceQueryOutputPreservesRawExit/identity_capacity=true","Elapsed":0}
{"Time":"2026-10-08T23:43:44.679814837Z","Action":"run","Package":"go.temporal.io/server/tools/gomad3/target","Test":"TestGoCommandSourceQueryOutputPreservesRawExit/cache_capacity=false"}
{"Time":"2026-10-08T23:43:44.67986917Z","Action":"output","Package":"go.temporal.io/server/tools/gomad3/target","Test":"TestGoCommandSourceQueryOutputPreservesRawExit/cache_capacity=false","Output":"=== RUN   TestGoCommandSourceQueryOutputPreservesRawExit/cache_capacity=false\n","OutputType":"frame"}
{"Time":"2026-10-08T23:43:44.681968587Z","Action":"output","Package":"go.temporal.io/server/tools/gomad3/target","Test":"TestGoCommandSourceQueryOutputPreservesRawExit/cache_capacity=false","Output":"--- PASS: TestGoCommandSourceQueryOutputPreservesRawExit/cache_capacity=false (0.00s)\n","OutputType":"frame"}
{"Time":"2026-10-08T23:43:44.681995587Z","Action":"pass","Package":"go.temporal.io/server/tools/gomad3/target","Test":"TestGoCommandSourceQueryOutputPreservesRawExit/cache_capacity=false","Elapsed":0}
{"Time":"2026-10-08T23:43:44.68202592Z","Action":"run","Package":"go.temporal.io/server/tools/gomad3/target","Test":"TestGoCommandSourceQueryOutputPreservesRawExit/cache_capacity=true"}
{"Time":"2026-10-08T23:43:44.682045295Z","Action":"output","Package":"go.temporal.io/server/tools/gomad3/target","Test":"TestGoCommandSourceQueryOutputPreservesRawExit/cache_capacity=true","Output":"=== RUN   TestGoCommandSourceQueryOutputPreservesRawExit/cache_capacity=true\n","OutputType":"frame"}
{"Time":"2026-10-08T23:43:44.683927462Z","Action":"output","Package":"go.temporal.io/server/tools/gomad3/target","Test":"TestGoCommandSourceQueryOutputPreservesRawExit/cache_capacity=true","Output":"--- PASS: TestGoCommandSourceQueryOutputPreservesRawExit/cache_capacity=true (0.00s)\n","OutputType":"frame"}
{"Time":"2026-10-08T23:43:44.683950045Z","Action":"pass","Package":"go.temporal.io/server/tools/gomad3/target","Test":"TestGoCommandSourceQueryOutputPreservesRawExit/cache_capacity=true","Elapsed":0}
{"Time":"2026-10-08T23:43:44.683972503Z","Action":"output","Package":"go.temporal.io/server/tools/gomad3/target","Test":"TestGoCommandSourceQueryOutputPreservesRawExit","Output":"--- PASS: TestGoCommandSourceQueryOutputPreservesRawExit (0.01s)\n","OutputType":"frame"}
{"Time":"2026-10-08T23:43:44.683999878Z","Action":"pass","Package":"go.temporal.io/server/tools/gomad3/target","Test":"TestGoCommandSourceQueryOutputPreservesRawExit","Elapsed":0.01}
{"Time":"2026-10-08T23:43:44.684047128Z","Action":"output","Package":"go.temporal.io/server/tools/gomad3/target","Output":"PASS\n","OutputType":"frame"}
{"Time":"2026-10-08T23:43:44.684394212Z","Action":"output","Package":"go.temporal.io/server/tools/gomad3/target","Output":"ok  \tgo.temporal.io/server/tools/gomad3/target\t1.527s\n"}
{"Time":"2026-10-08T23:43:44.684430753Z","Action":"pass","Package":"go.temporal.io/server/tools/gomad3/target","Elapsed":1.528}
