{"Time":"2026-10-09T01:53:33.352874864Z","Action":"start","Package":"go.temporal.io/server/tools/gomad3/target"}
{"Time":"2026-10-09T01:53:33.361760906Z","Action":"run","Package":"go.temporal.io/server/tools/gomad3/target","Test":"TestCollectCapabilityListingPreservesBoundedOutputError"}
{"Time":"2026-10-09T01:53:33.362160364Z","Action":"output","Package":"go.temporal.io/server/tools/gomad3/target","Test":"TestCollectCapabilityListingPreservesBoundedOutputError","Output":"=== RUN   TestCollectCapabilityListingPreservesBoundedOutputError\n","OutputType":"frame"}
{"Time":"2026-10-09T01:53:33.362741448Z","Action":"run","Package":"go.temporal.io/server/tools/gomad3/target","Test":"TestCollectCapabilityListingPreservesBoundedOutputError/stdout_exact_capacity"}
{"Time":"2026-10-09T01:53:33.363463531Z","Action":"output","Package":"go.temporal.io/server/tools/gomad3/target","Test":"TestCollectCapabilityListingPreservesBoundedOutputError/stdout_exact_capacity","Output":"=== RUN   TestCollectCapabilityListingPreservesBoundedOutputError/stdout_exact_capacity\n","OutputType":"frame"}
{"Time":"2026-10-09T01:53:33.814421281Z","Action":"output","Package":"go.temporal.io/server/tools/gomad3/target","Test":"TestCollectCapabilityListingPreservesBoundedOutputError/stdout_exact_capacity","Output":"--- PASS: TestCollectCapabilityListingPreservesBoundedOutputError/stdout_exact_capacity (0.45s)\n","OutputType":"frame"}
{"Time":"2026-10-09T01:53:33.815995906Z","Action":"pass","Package":"go.temporal.io/server/tools/gomad3/target","Test":"TestCollectCapabilityListingPreservesBoundedOutputError/stdout_exact_capacity","Elapsed":0.45}
{"Time":"2026-10-09T01:53:33.816059448Z","Action":"run","Package":"go.temporal.io/server/tools/gomad3/target","Test":"TestCollectCapabilityListingPreservesBoundedOutputError/stderr_exact_capacity"}
{"Time":"2026-10-09T01:53:33.816078865Z","Action":"output","Package":"go.temporal.io/server/tools/gomad3/target","Test":"TestCollectCapabilityListingPreservesBoundedOutputError/stderr_exact_capacity","Output":"=== RUN   TestCollectCapabilityListingPreservesBoundedOutputError/stderr_exact_capacity\n","OutputType":"frame"}
{"Time":"2026-10-09T01:53:34.566671323Z","Action":"output","Package":"go.temporal.io/server/tools/gomad3/target","Test":"TestCollectCapabilityListingPreservesBoundedOutputError/stderr_exact_capacity","Output":"--- PASS: TestCollectCapabilityListingPreservesBoundedOutputError/stderr_exact_capacity (0.75s)\n","OutputType":"frame"}
{"Time":"2026-10-09T01:53:34.566897615Z","Action":"pass","Package":"go.temporal.io/server/tools/gomad3/target","Test":"TestCollectCapabilityListingPreservesBoundedOutputError/stderr_exact_capacity","Elapsed":0.75}
{"Time":"2026-10-09T01:53:34.56710774Z","Action":"run","Package":"go.temporal.io/server/tools/gomad3/target","Test":"TestCollectCapabilityListingPreservesBoundedOutputError/stdout_limit_plus_one"}
{"Time":"2026-10-09T01:53:34.567520032Z","Action":"output","Package":"go.temporal.io/server/tools/gomad3/target","Test":"TestCollectCapabilityListingPreservesBoundedOutputError/stdout_limit_plus_one","Output":"=== RUN   TestCollectCapabilityListingPreservesBoundedOutputError/stdout_limit_plus_one\n","OutputType":"frame"}
{"Time":"2026-10-09T01:53:34.727132782Z","Action":"output","Package":"go.temporal.io/server/tools/gomad3/target","Test":"TestCollectCapabilityListingPreservesBoundedOutputError/stdout_limit_plus_one","Output":"--- PASS: TestCollectCapabilityListingPreservesBoundedOutputError/stdout_limit_plus_one (0.16s)\n","OutputType":"frame"}
{"Time":"2026-10-09T01:53:34.727263448Z","Action":"pass","Package":"go.temporal.io/server/tools/gomad3/target","Test":"TestCollectCapabilityListingPreservesBoundedOutputError/stdout_limit_plus_one","Elapsed":0.16}
{"Time":"2026-10-09T01:53:34.72733074Z","Action":"run","Package":"go.temporal.io/server/tools/gomad3/target","Test":"TestCollectCapabilityListingPreservesBoundedOutputError/stderr_limit_plus_one"}
{"Time":"2026-10-09T01:53:34.730294198Z","Action":"output","Package":"go.temporal.io/server/tools/gomad3/target","Test":"TestCollectCapabilityListingPreservesBoundedOutputError/stderr_limit_plus_one","Output":"=== RUN   TestCollectCapabilityListingPreservesBoundedOutputError/stderr_limit_plus_one\n","OutputType":"frame"}
{"Time":"2026-10-09T01:53:35.33581074Z","Action":"output","Package":"go.temporal.io/server/tools/gomad3/target","Test":"TestCollectCapabilityListingPreservesBoundedOutputError/stderr_limit_plus_one","Output":"--- PASS: TestCollectCapabilityListingPreservesBoundedOutputError/stderr_limit_plus_one (0.61s)\n","OutputType":"frame"}
{"Time":"2026-10-09T01:53:35.342415949Z","Action":"pass","Package":"go.temporal.io/server/tools/gomad3/target","Test":"TestCollectCapabilityListingPreservesBoundedOutputError/stderr_limit_plus_one","Elapsed":0.61}
{"Time":"2026-10-09T01:53:35.343024949Z","Action":"run","Package":"go.temporal.io/server/tools/gomad3/target","Test":"TestCollectCapabilityListingPreservesBoundedOutputError/both_streams_overflow"}
{"Time":"2026-10-09T01:53:35.34310424Z","Action":"output","Package":"go.temporal.io/server/tools/gomad3/target","Test":"TestCollectCapabilityListingPreservesBoundedOutputError/both_streams_overflow","Output":"=== RUN   TestCollectCapabilityListingPreservesBoundedOutputError/both_streams_overflow\n","OutputType":"frame"}
{"Time":"2026-10-09T01:53:35.888206782Z","Action":"output","Package":"go.temporal.io/server/tools/gomad3/target","Test":"TestCollectCapabilityListingPreservesBoundedOutputError/both_streams_overflow","Output":"--- PASS: TestCollectCapabilityListingPreservesBoundedOutputError/both_streams_overflow (0.55s)\n","OutputType":"frame"}
{"Time":"2026-10-09T01:53:35.888438949Z","Action":"pass","Package":"go.temporal.io/server/tools/gomad3/target","Test":"TestCollectCapabilityListingPreservesBoundedOutputError/both_streams_overflow","Elapsed":0.55}
{"Time":"2026-10-09T01:53:35.888815199Z","Action":"run","Package":"go.temporal.io/server/tools/gomad3/target","Test":"TestCollectCapabilityListingPreservesBoundedOutputError/stdout_overflow_before_failed_process"}
{"Time":"2026-10-09T01:53:35.88890349Z","Action":"output","Package":"go.temporal.io/server/tools/gomad3/target","Test":"TestCollectCapabilityListingPreservesBoundedOutputError/stdout_overflow_before_failed_process","Output":"=== RUN   TestCollectCapabilityListingPreservesBoundedOutputError/stdout_overflow_before_failed_process\n","OutputType":"frame"}
{"Time":"2026-10-09T01:53:36.067988907Z","Action":"output","Package":"go.temporal.io/server/tools/gomad3/target","Test":"TestCollectCapabilityListingPreservesBoundedOutputError/stdout_overflow_before_failed_process","Output":"--- PASS: TestCollectCapabilityListingPreservesBoundedOutputError/stdout_overflow_before_failed_process (0.18s)\n","OutputType":"frame"}
{"Time":"2026-10-09T01:53:36.068143116Z","Action":"pass","Package":"go.temporal.io/server/tools/gomad3/target","Test":"TestCollectCapabilityListingPreservesBoundedOutputError/stdout_overflow_before_failed_process","Elapsed":0.18}
{"Time":"2026-10-09T01:53:36.069866116Z","Action":"run","Package":"go.temporal.io/server/tools/gomad3/target","Test":"TestCollectCapabilityListingPreservesBoundedOutputError/stderr_overflow_before_failed_process"}
{"Time":"2026-10-09T01:53:36.069931949Z","Action":"output","Package":"go.temporal.io/server/tools/gomad3/target","Test":"TestCollectCapabilityListingPreservesBoundedOutputError/stderr_overflow_before_failed_process","Output":"=== RUN   TestCollectCapabilityListingPreservesBoundedOutputError/stderr_overflow_before_failed_process\n","OutputType":"frame"}
{"Time":"2026-10-09T01:53:36.207426074Z","Action":"output","Package":"go.temporal.io/server/tools/gomad3/target","Test":"TestCollectCapabilityListingPreservesBoundedOutputError/stderr_overflow_before_failed_process","Output":"--- PASS: TestCollectCapabilityListingPreservesBoundedOutputError/stderr_overflow_before_failed_process (0.14s)\n","OutputType":"frame"}
{"Time":"2026-10-09T01:53:36.207651241Z","Action":"pass","Package":"go.temporal.io/server/tools/gomad3/target","Test":"TestCollectCapabilityListingPreservesBoundedOutputError/stderr_overflow_before_failed_process","Elapsed":0.14}
{"Time":"2026-10-09T01:53:36.207747949Z","Action":"output","Package":"go.temporal.io/server/tools/gomad3/target","Test":"TestCollectCapabilityListingPreservesBoundedOutputError","Output":"--- PASS: TestCollectCapabilityListingPreservesBoundedOutputError (2.85s)\n","OutputType":"frame"}
{"Time":"2026-10-09T01:53:36.207983866Z","Action":"pass","Package":"go.temporal.io/server/tools/gomad3/target","Test":"TestCollectCapabilityListingPreservesBoundedOutputError","Elapsed":2.85}
{"Time":"2026-10-09T01:53:36.209241532Z","Action":"run","Package":"go.temporal.io/server/tools/gomad3/target","Test":"TestCollectCapabilityListingPreservesInfrastructureContainingOverflow"}
{"Time":"2026-10-09T01:53:36.212658449Z","Action":"output","Package":"go.temporal.io/server/tools/gomad3/target","Test":"TestCollectCapabilityListingPreservesInfrastructureContainingOverflow","Output":"=== RUN   TestCollectCapabilityListingPreservesInfrastructureContainingOverflow\n","OutputType":"frame"}
{"Time":"2026-10-09T01:53:36.233053407Z","Action":"output","Package":"go.temporal.io/server/tools/gomad3/target","Test":"TestCollectCapabilityListingPreservesInfrastructureContainingOverflow","Output":"--- PASS: TestCollectCapabilityListingPreservesInfrastructureContainingOverflow (0.03s)\n","OutputType":"frame"}
{"Time":"2026-10-09T01:53:36.234082657Z","Action":"pass","Package":"go.temporal.io/server/tools/gomad3/target","Test":"TestCollectCapabilityListingPreservesInfrastructureContainingOverflow","Elapsed":0.03}
{"Time":"2026-10-09T01:53:36.234204574Z","Action":"run","Package":"go.temporal.io/server/tools/gomad3/target","Test":"TestCollectCapabilityListingPreservesActualCancellationBeforeOverflow"}
{"Time":"2026-10-09T01:53:36.234224532Z","Action":"output","Package":"go.temporal.io/server/tools/gomad3/target","Test":"TestCollectCapabilityListingPreservesActualCancellationBeforeOverflow","Output":"=== RUN   TestCollectCapabilityListingPreservesActualCancellationBeforeOverflow\n","OutputType":"frame"}
{"Time":"2026-10-09T01:53:36.403094491Z","Action":"output","Package":"go.temporal.io/server/tools/gomad3/target","Test":"TestCollectCapabilityListingPreservesActualCancellationBeforeOverflow","Output":"--- PASS: TestCollectCapabilityListingPreservesActualCancellationBeforeOverflow (0.17s)\n","OutputType":"frame"}
{"Time":"2026-10-09T01:53:36.403249907Z","Action":"pass","Package":"go.temporal.io/server/tools/gomad3/target","Test":"TestCollectCapabilityListingPreservesActualCancellationBeforeOverflow","Elapsed":0.17}
{"Time":"2026-10-09T01:53:36.403336866Z","Action":"output","Package":"go.temporal.io/server/tools/gomad3/target","Output":"PASS\n","OutputType":"frame"}
{"Time":"2026-10-09T01:53:36.444690116Z","Action":"output","Package":"go.temporal.io/server/tools/gomad3/target","Output":"ok  \tgo.temporal.io/server/tools/gomad3/target\t3.088s\n"}
{"Time":"2026-10-09T01:53:36.444799491Z","Action":"pass","Package":"go.temporal.io/server/tools/gomad3/target","Elapsed":3.092}
