{"Time":"2026-10-09T00:06:13.506645563Z","Action":"start","Package":"go.temporal.io/server/tools/gomad3/qualification/set"}
{"Time":"2026-10-09T00:06:13.508000938Z","Action":"start","Package":"go.temporal.io/server/tools/gomad3/qualification/soak"}
{"Time":"2026-10-09T00:06:13.511132647Z","Action":"run","Package":"go.temporal.io/server/tools/gomad3/qualification/set","Test":"TestRunCountsRetainedRunnerFailureAsInfrastructure"}
{"Time":"2026-10-09T00:06:13.511218855Z","Action":"output","Package":"go.temporal.io/server/tools/gomad3/qualification/set","Test":"TestRunCountsRetainedRunnerFailureAsInfrastructure","Output":"=== RUN   TestRunCountsRetainedRunnerFailureAsInfrastructure\n","OutputType":"frame"}
{"Time":"2026-10-09T00:06:13.512761522Z","Action":"run","Package":"go.temporal.io/server/tools/gomad3/qualification/soak","Test":"TestClassifyBatchKeepsOverflowAndInfrastructureApartFromDivergence"}
{"Time":"2026-10-09T00:06:13.512805522Z","Action":"output","Package":"go.temporal.io/server/tools/gomad3/qualification/soak","Test":"TestClassifyBatchKeepsOverflowAndInfrastructureApartFromDivergence","Output":"=== RUN   TestClassifyBatchKeepsOverflowAndInfrastructureApartFromDivergence\n","OutputType":"frame"}
{"Time":"2026-10-09T00:06:13.512844397Z","Action":"run","Package":"go.temporal.io/server/tools/gomad3/qualification/soak","Test":"TestClassifyBatchKeepsOverflowAndInfrastructureApartFromDivergence/qualified"}
{"Time":"2026-10-09T00:06:13.512864647Z","Action":"output","Package":"go.temporal.io/server/tools/gomad3/qualification/soak","Test":"TestClassifyBatchKeepsOverflowAndInfrastructureApartFromDivergence/qualified","Output":"=== RUN   TestClassifyBatchKeepsOverflowAndInfrastructureApartFromDivergence/qualified\n","OutputType":"frame"}
{"Time":"2026-10-09T00:06:13.512917147Z","Action":"output","Package":"go.temporal.io/server/tools/gomad3/qualification/soak","Test":"TestClassifyBatchKeepsOverflowAndInfrastructureApartFromDivergence/qualified","Output":"--- PASS: TestClassifyBatchKeepsOverflowAndInfrastructureApartFromDivergence/qualified (0.00s)\n","OutputType":"frame"}
{"Time":"2026-10-09T00:06:13.512954563Z","Action":"pass","Package":"go.temporal.io/server/tools/gomad3/qualification/soak","Test":"TestClassifyBatchKeepsOverflowAndInfrastructureApartFromDivergence/qualified","Elapsed":0}
{"Time":"2026-10-09T00:06:13.512992188Z","Action":"run","Package":"go.temporal.io/server/tools/gomad3/qualification/soak","Test":"TestClassifyBatchKeepsOverflowAndInfrastructureApartFromDivergence/fresh_runs_disagree"}
{"Time":"2026-10-09T00:06:13.513021522Z","Action":"output","Package":"go.temporal.io/server/tools/gomad3/qualification/soak","Test":"TestClassifyBatchKeepsOverflowAndInfrastructureApartFromDivergence/fresh_runs_disagree","Output":"=== RUN   TestClassifyBatchKeepsOverflowAndInfrastructureApartFromDivergence/fresh_runs_disagree\n","OutputType":"frame"}
{"Time":"2026-10-09T00:06:13.513060522Z","Action":"output","Package":"go.temporal.io/server/tools/gomad3/qualification/soak","Test":"TestClassifyBatchKeepsOverflowAndInfrastructureApartFromDivergence/fresh_runs_disagree","Output":"--- PASS: TestClassifyBatchKeepsOverflowAndInfrastructureApartFromDivergence/fresh_runs_disagree (0.00s)\n","OutputType":"frame"}
{"Time":"2026-10-09T00:06:13.51312698Z","Action":"pass","Package":"go.temporal.io/server/tools/gomad3/qualification/soak","Test":"TestClassifyBatchKeepsOverflowAndInfrastructureApartFromDivergence/fresh_runs_disagree","Elapsed":0}
{"Time":"2026-10-09T00:06:13.513179897Z","Action":"run","Package":"go.temporal.io/server/tools/gomad3/qualification/soak","Test":"TestClassifyBatchKeepsOverflowAndInfrastructureApartFromDivergence/overflow_before_divergence"}
{"Time":"2026-10-09T00:06:13.513198105Z","Action":"output","Package":"go.temporal.io/server/tools/gomad3/qualification/soak","Test":"TestClassifyBatchKeepsOverflowAndInfrastructureApartFromDivergence/overflow_before_divergence","Output":"=== RUN   TestClassifyBatchKeepsOverflowAndInfrastructureApartFromDivergence/overflow_before_divergence\n","OutputType":"frame"}
{"Time":"2026-10-09T00:06:13.51321773Z","Action":"output","Package":"go.temporal.io/server/tools/gomad3/qualification/soak","Test":"TestClassifyBatchKeepsOverflowAndInfrastructureApartFromDivergence/overflow_before_divergence","Output":"--- PASS: TestClassifyBatchKeepsOverflowAndInfrastructureApartFromDivergence/overflow_before_divergence (0.00s)\n","OutputType":"frame"}
{"Time":"2026-10-09T00:06:13.513261022Z","Action":"pass","Package":"go.temporal.io/server/tools/gomad3/qualification/soak","Test":"TestClassifyBatchKeepsOverflowAndInfrastructureApartFromDivergence/overflow_before_divergence","Elapsed":0}
{"Time":"2026-10-09T00:06:13.513297647Z","Action":"run","Package":"go.temporal.io/server/tools/gomad3/qualification/soak","Test":"TestClassifyBatchKeepsOverflowAndInfrastructureApartFromDivergence/runner_failure"}
{"Time":"2026-10-09T00:06:13.513380813Z","Action":"output","Package":"go.temporal.io/server/tools/gomad3/qualification/soak","Test":"TestClassifyBatchKeepsOverflowAndInfrastructureApartFromDivergence/runner_failure","Output":"=== RUN   TestClassifyBatchKeepsOverflowAndInfrastructureApartFromDivergence/runner_failure\n","OutputType":"frame"}
{"Time":"2026-10-09T00:06:13.513400272Z","Action":"output","Package":"go.temporal.io/server/tools/gomad3/qualification/soak","Test":"TestClassifyBatchKeepsOverflowAndInfrastructureApartFromDivergence/runner_failure","Output":"--- PASS: TestClassifyBatchKeepsOverflowAndInfrastructureApartFromDivergence/runner_failure (0.00s)\n","OutputType":"frame"}
{"Time":"2026-10-09T00:06:13.51342348Z","Action":"pass","Package":"go.temporal.io/server/tools/gomad3/qualification/soak","Test":"TestClassifyBatchKeepsOverflowAndInfrastructureApartFromDivergence/runner_failure","Elapsed":0}
{"Time":"2026-10-09T00:06:13.513464647Z","Action":"run","Package":"go.temporal.io/server/tools/gomad3/qualification/soak","Test":"TestClassifyBatchKeepsOverflowAndInfrastructureApartFromDivergence/overall_timeout"}
{"Time":"2026-10-09T00:06:13.516146522Z","Action":"output","Package":"go.temporal.io/server/tools/gomad3/qualification/soak","Test":"TestClassifyBatchKeepsOverflowAndInfrastructureApartFromDivergence/overall_timeout","Output":"=== RUN   TestClassifyBatchKeepsOverflowAndInfrastructureApartFromDivergence/overall_timeout\n","OutputType":"frame"}
{"Time":"2026-10-09T00:06:13.516170938Z","Action":"output","Package":"go.temporal.io/server/tools/gomad3/qualification/soak","Test":"TestClassifyBatchKeepsOverflowAndInfrastructureApartFromDivergence/overall_timeout","Output":"--- PASS: TestClassifyBatchKeepsOverflowAndInfrastructureApartFromDivergence/overall_timeout (0.00s)\n","OutputType":"frame"}
{"Time":"2026-10-09T00:06:13.516183397Z","Action":"pass","Package":"go.temporal.io/server/tools/gomad3/qualification/soak","Test":"TestClassifyBatchKeepsOverflowAndInfrastructureApartFromDivergence/overall_timeout","Elapsed":0}
{"Time":"2026-10-09T00:06:13.516197063Z","Action":"run","Package":"go.temporal.io/server/tools/gomad3/qualification/soak","Test":"TestClassifyBatchKeepsOverflowAndInfrastructureApartFromDivergence/deterministic_target_failure"}
{"Time":"2026-10-09T00:06:13.516207563Z","Action":"output","Package":"go.temporal.io/server/tools/gomad3/qualification/soak","Test":"TestClassifyBatchKeepsOverflowAndInfrastructureApartFromDivergence/deterministic_target_failure","Output":"=== RUN   TestClassifyBatchKeepsOverflowAndInfrastructureApartFromDivergence/deterministic_target_failure\n","OutputType":"frame"}
{"Time":"2026-10-09T00:06:13.516218022Z","Action":"output","Package":"go.temporal.io/server/tools/gomad3/qualification/soak","Test":"TestClassifyBatchKeepsOverflowAndInfrastructureApartFromDivergence/deterministic_target_failure","Output":"--- PASS: TestClassifyBatchKeepsOverflowAndInfrastructureApartFromDivergence/deterministic_target_failure (0.00s)\n","OutputType":"frame"}
{"Time":"2026-10-09T00:06:13.516227522Z","Action":"pass","Package":"go.temporal.io/server/tools/gomad3/qualification/soak","Test":"TestClassifyBatchKeepsOverflowAndInfrastructureApartFromDivergence/deterministic_target_failure","Elapsed":0}
{"Time":"2026-10-09T00:06:13.516240897Z","Action":"output","Package":"go.temporal.io/server/tools/gomad3/qualification/soak","Test":"TestClassifyBatchKeepsOverflowAndInfrastructureApartFromDivergence","Output":"--- PASS: TestClassifyBatchKeepsOverflowAndInfrastructureApartFromDivergence (0.00s)\n","OutputType":"frame"}
{"Time":"2026-10-09T00:06:13.516268438Z","Action":"pass","Package":"go.temporal.io/server/tools/gomad3/qualification/soak","Test":"TestClassifyBatchKeepsOverflowAndInfrastructureApartFromDivergence","Elapsed":0}
{"Time":"2026-10-09T00:06:13.516278063Z","Action":"run","Package":"go.temporal.io/server/tools/gomad3/qualification/soak","Test":"TestInfrastructureFailureIsNotAPassOrADivergence"}
{"Time":"2026-10-09T00:06:13.516288522Z","Action":"output","Package":"go.temporal.io/server/tools/gomad3/qualification/soak","Test":"TestInfrastructureFailureIsNotAPassOrADivergence","Output":"=== RUN   TestInfrastructureFailureIsNotAPassOrADivergence\n","OutputType":"frame"}
{"Time":"2026-10-09T00:06:13.528548855Z","Action":"output","Package":"go.temporal.io/server/tools/gomad3/qualification/soak","Test":"TestInfrastructureFailureIsNotAPassOrADivergence","Output":"--- PASS: TestInfrastructureFailureIsNotAPassOrADivergence (0.02s)\n","OutputType":"frame"}
{"Time":"2026-10-09T00:06:13.528599313Z","Action":"pass","Package":"go.temporal.io/server/tools/gomad3/qualification/soak","Test":"TestInfrastructureFailureIsNotAPassOrADivergence","Elapsed":0.02}
{"Time":"2026-10-09T00:06:13.528622272Z","Action":"run","Package":"go.temporal.io/server/tools/gomad3/qualification/soak","Test":"TestExhaustedBudgetIsReportedAsInfrastructure"}
{"Time":"2026-10-09T00:06:13.528638063Z","Action":"output","Package":"go.temporal.io/server/tools/gomad3/qualification/soak","Test":"TestExhaustedBudgetIsReportedAsInfrastructure","Output":"=== RUN   TestExhaustedBudgetIsReportedAsInfrastructure\n","OutputType":"frame"}
{"Time":"2026-10-09T00:06:13.536060563Z","Action":"output","Package":"go.temporal.io/server/tools/gomad3/qualification/soak","Test":"TestExhaustedBudgetIsReportedAsInfrastructure","Output":"--- PASS: TestExhaustedBudgetIsReportedAsInfrastructure (0.01s)\n","OutputType":"frame"}
{"Time":"2026-10-09T00:06:13.536212355Z","Action":"pass","Package":"go.temporal.io/server/tools/gomad3/qualification/soak","Test":"TestExhaustedBudgetIsReportedAsInfrastructure","Elapsed":0.01}
{"Time":"2026-10-09T00:06:13.536259938Z","Action":"run","Package":"go.temporal.io/server/tools/gomad3/qualification/soak","Test":"TestFailedBaselineRetentionIsInfrastructureAndLeavesNoBaseline"}
{"Time":"2026-10-09T00:06:13.536333438Z","Action":"output","Package":"go.temporal.io/server/tools/gomad3/qualification/soak","Test":"TestFailedBaselineRetentionIsInfrastructureAndLeavesNoBaseline","Output":"=== RUN   TestFailedBaselineRetentionIsInfrastructureAndLeavesNoBaseline\n","OutputType":"frame"}
{"Time":"2026-10-09T00:06:13.536481688Z","Action":"output","Package":"go.temporal.io/server/tools/gomad3/qualification/soak","Test":"TestFailedBaselineRetentionIsInfrastructureAndLeavesNoBaseline","Output":"--- PASS: TestFailedBaselineRetentionIsInfrastructureAndLeavesNoBaseline (0.00s)\n","OutputType":"frame"}
{"Time":"2026-10-09T00:06:13.536542938Z","Action":"pass","Package":"go.temporal.io/server/tools/gomad3/qualification/soak","Test":"TestFailedBaselineRetentionIsInfrastructureAndLeavesNoBaseline","Elapsed":0}
{"Time":"2026-10-09T00:06:13.536588772Z","Action":"output","Package":"go.temporal.io/server/tools/gomad3/qualification/soak","Output":"PASS\n","OutputType":"frame"}
{"Time":"2026-10-09T00:06:13.536789647Z","Action":"output","Package":"go.temporal.io/server/tools/gomad3/qualification/soak","Output":"ok  \tgo.temporal.io/server/tools/gomad3/qualification/soak\t0.029s\n"}
{"Time":"2026-10-09T00:06:13.53682473Z","Action":"pass","Package":"go.temporal.io/server/tools/gomad3/qualification/soak","Elapsed":0.029}
{"Time":"2026-10-09T00:06:13.558132897Z","Action":"output","Package":"go.temporal.io/server/tools/gomad3/qualification/set","Test":"TestRunCountsRetainedRunnerFailureAsInfrastructure","Output":"--- PASS: TestRunCountsRetainedRunnerFailureAsInfrastructure (0.05s)\n","OutputType":"frame"}
{"Time":"2026-10-09T00:06:13.558195063Z","Action":"pass","Package":"go.temporal.io/server/tools/gomad3/qualification/set","Test":"TestRunCountsRetainedRunnerFailureAsInfrastructure","Elapsed":0.05}
{"Time":"2026-10-09T00:06:13.558221647Z","Action":"run","Package":"go.temporal.io/server/tools/gomad3/qualification/set","Test":"TestAnalysisCommandBoundsAnalysisByWorkloadBudget"}
{"Time":"2026-10-09T00:06:13.558238355Z","Action":"output","Package":"go.temporal.io/server/tools/gomad3/qualification/set","Test":"TestAnalysisCommandBoundsAnalysisByWorkloadBudget","Output":"=== RUN   TestAnalysisCommandBoundsAnalysisByWorkloadBudget\n","OutputType":"frame"}
{"Time":"2026-10-09T00:06:13.55826348Z","Action":"run","Package":"go.temporal.io/server/tools/gomad3/qualification/set","Test":"TestAnalysisCommandBoundsAnalysisByWorkloadBudget/manifest"}
{"Time":"2026-10-09T00:06:13.558276647Z","Action":"output","Package":"go.temporal.io/server/tools/gomad3/qualification/set","Test":"TestAnalysisCommandBoundsAnalysisByWorkloadBudget/manifest","Output":"=== RUN   TestAnalysisCommandBoundsAnalysisByWorkloadBudget/manifest\n","OutputType":"frame"}
{"Time":"2026-10-09T00:06:13.558288522Z","Action":"output","Package":"go.temporal.io/server/tools/gomad3/qualification/set","Test":"TestAnalysisCommandBoundsAnalysisByWorkloadBudget/manifest","Output":"--- PASS: TestAnalysisCommandBoundsAnalysisByWorkloadBudget/manifest (0.00s)\n","OutputType":"frame"}
{"Time":"2026-10-09T00:06:13.558297938Z","Action":"pass","Package":"go.temporal.io/server/tools/gomad3/qualification/set","Test":"TestAnalysisCommandBoundsAnalysisByWorkloadBudget/manifest","Elapsed":0}
{"Time":"2026-10-09T00:06:13.558308813Z","Action":"run","Package":"go.temporal.io/server/tools/gomad3/qualification/set","Test":"TestAnalysisCommandBoundsAnalysisByWorkloadBudget/workload_override"}
{"Time":"2026-10-09T00:06:13.558338855Z","Action":"output","Package":"go.temporal.io/server/tools/gomad3/qualification/set","Test":"TestAnalysisCommandBoundsAnalysisByWorkloadBudget/workload_override","Output":"=== RUN   TestAnalysisCommandBoundsAnalysisByWorkloadBudget/workload_override\n","OutputType":"frame"}
{"Time":"2026-10-09T00:06:13.558376147Z","Action":"output","Package":"go.temporal.io/server/tools/gomad3/qualification/set","Test":"TestAnalysisCommandBoundsAnalysisByWorkloadBudget/workload_override","Output":"--- PASS: TestAnalysisCommandBoundsAnalysisByWorkloadBudget/workload_override (0.00s)\n","OutputType":"frame"}
{"Time":"2026-10-09T00:06:13.55839573Z","Action":"pass","Package":"go.temporal.io/server/tools/gomad3/qualification/set","Test":"TestAnalysisCommandBoundsAnalysisByWorkloadBudget/workload_override","Elapsed":0}
{"Time":"2026-10-09T00:06:13.55841248Z","Action":"run","Package":"go.temporal.io/server/tools/gomad3/qualification/set","Test":"TestAnalysisCommandBoundsAnalysisByWorkloadBudget/analyzer_maximum"}
{"Time":"2026-10-09T00:06:13.558422688Z","Action":"output","Package":"go.temporal.io/server/tools/gomad3/qualification/set","Test":"TestAnalysisCommandBoundsAnalysisByWorkloadBudget/analyzer_maximum","Output":"=== RUN   TestAnalysisCommandBoundsAnalysisByWorkloadBudget/analyzer_maximum\n","OutputType":"frame"}
{"Time":"2026-10-09T00:06:13.558438772Z","Action":"output","Package":"go.temporal.io/server/tools/gomad3/qualification/set","Test":"TestAnalysisCommandBoundsAnalysisByWorkloadBudget/analyzer_maximum","Output":"--- PASS: TestAnalysisCommandBoundsAnalysisByWorkloadBudget/analyzer_maximum (0.00s)\n","OutputType":"frame"}
{"Time":"2026-10-09T00:06:13.558455563Z","Action":"pass","Package":"go.temporal.io/server/tools/gomad3/qualification/set","Test":"TestAnalysisCommandBoundsAnalysisByWorkloadBudget/analyzer_maximum","Elapsed":0}
{"Time":"2026-10-09T00:06:13.55847248Z","Action":"output","Package":"go.temporal.io/server/tools/gomad3/qualification/set","Test":"TestAnalysisCommandBoundsAnalysisByWorkloadBudget","Output":"--- PASS: TestAnalysisCommandBoundsAnalysisByWorkloadBudget (0.00s)\n","OutputType":"frame"}
{"Time":"2026-10-09T00:06:13.55850273Z","Action":"pass","Package":"go.temporal.io/server/tools/gomad3/qualification/set","Test":"TestAnalysisCommandBoundsAnalysisByWorkloadBudget","Elapsed":0}
{"Time":"2026-10-09T00:06:13.558518188Z","Action":"run","Package":"go.temporal.io/server/tools/gomad3/qualification/set","Test":"TestWorkloadCommandCarriesTheClockTick"}
{"Time":"2026-10-09T00:06:13.55853448Z","Action":"output","Package":"go.temporal.io/server/tools/gomad3/qualification/set","Test":"TestWorkloadCommandCarriesTheClockTick","Output":"=== RUN   TestWorkloadCommandCarriesTheClockTick\n","OutputType":"frame"}
{"Time":"2026-10-09T00:06:13.558547355Z","Action":"output","Package":"go.temporal.io/server/tools/gomad3/qualification/set","Test":"TestWorkloadCommandCarriesTheClockTick","Output":"--- PASS: TestWorkloadCommandCarriesTheClockTick (0.00s)\n","OutputType":"frame"}
{"Time":"2026-10-09T00:06:13.558566897Z","Action":"pass","Package":"go.temporal.io/server/tools/gomad3/qualification/set","Test":"TestWorkloadCommandCarriesTheClockTick","Elapsed":0}
{"Time":"2026-10-09T00:06:13.558578605Z","Action":"run","Package":"go.temporal.io/server/tools/gomad3/qualification/set","Test":"TestRunClassifiesEveryWorkloadWhenAnalysisFails"}
{"Time":"2026-10-09T00:06:13.558586397Z","Action":"output","Package":"go.temporal.io/server/tools/gomad3/qualification/set","Test":"TestRunClassifiesEveryWorkloadWhenAnalysisFails","Output":"=== RUN   TestRunClassifiesEveryWorkloadWhenAnalysisFails\n","OutputType":"frame"}
{"Time":"2026-10-09T00:06:13.565891772Z","Action":"output","Package":"go.temporal.io/server/tools/gomad3/qualification/set","Test":"TestRunClassifiesEveryWorkloadWhenAnalysisFails","Output":"--- PASS: TestRunClassifiesEveryWorkloadWhenAnalysisFails (0.01s)\n","OutputType":"frame"}
{"Time":"2026-10-09T00:06:13.56599948Z","Action":"pass","Package":"go.temporal.io/server/tools/gomad3/qualification/set","Test":"TestRunClassifiesEveryWorkloadWhenAnalysisFails","Elapsed":0.01}
{"Time":"2026-10-09T00:06:13.566029188Z","Action":"output","Package":"go.temporal.io/server/tools/gomad3/qualification/set","Output":"PASS\n","OutputType":"frame"}
{"Time":"2026-10-09T00:06:13.566071105Z","Action":"output","Package":"go.temporal.io/server/tools/gomad3/qualification/set","Output":"ok  \tgo.temporal.io/server/tools/gomad3/qualification/set\t0.059s\n"}
{"Time":"2026-10-09T00:06:13.566103688Z","Action":"pass","Package":"go.temporal.io/server/tools/gomad3/qualification/set","Elapsed":0.059}
