{"Time":"2026-10-09T00:05:33.748768628Z","Action":"start","Package":"go.temporal.io/server/tools/gomad3/upgrade/adapterregen"}
{"Time":"2026-10-09T00:05:33.752215544Z","Action":"run","Package":"go.temporal.io/server/tools/gomad3/upgrade/adapterregen","Test":"TestGenerationFailureInStagingPublishesNothing"}
{"Time":"2026-10-09T00:05:33.752300878Z","Action":"output","Package":"go.temporal.io/server/tools/gomad3/upgrade/adapterregen","Test":"TestGenerationFailureInStagingPublishesNothing","Output":"=== RUN   TestGenerationFailureInStagingPublishesNothing\n","OutputType":"frame"}
{"Time":"2026-10-09T00:05:35.907061754Z","Action":"output","Package":"go.temporal.io/server/tools/gomad3/upgrade/adapterregen","Test":"TestGenerationFailureInStagingPublishesNothing","Output":"--- PASS: TestGenerationFailureInStagingPublishesNothing (2.15s)\n","OutputType":"frame"}
{"Time":"2026-10-09T00:05:35.90716342Z","Action":"pass","Package":"go.temporal.io/server/tools/gomad3/upgrade/adapterregen","Test":"TestGenerationFailureInStagingPublishesNothing","Elapsed":2.15}
{"Time":"2026-10-09T00:05:35.907214587Z","Action":"run","Package":"go.temporal.io/server/tools/gomad3/upgrade/adapterregen","Test":"TestDefaultGeneratorsAreTheModuleLocalMakeGenerateSteps"}
{"Time":"2026-10-09T00:05:35.907234629Z","Action":"output","Package":"go.temporal.io/server/tools/gomad3/upgrade/adapterregen","Test":"TestDefaultGeneratorsAreTheModuleLocalMakeGenerateSteps","Output":"=== RUN   TestDefaultGeneratorsAreTheModuleLocalMakeGenerateSteps\n","OutputType":"frame"}
{"Time":"2026-10-09T00:05:35.907284962Z","Action":"output","Package":"go.temporal.io/server/tools/gomad3/upgrade/adapterregen","Test":"TestDefaultGeneratorsAreTheModuleLocalMakeGenerateSteps","Output":"--- PASS: TestDefaultGeneratorsAreTheModuleLocalMakeGenerateSteps (0.00s)\n","OutputType":"frame"}
{"Time":"2026-10-09T00:05:35.90731492Z","Action":"pass","Package":"go.temporal.io/server/tools/gomad3/upgrade/adapterregen","Test":"TestDefaultGeneratorsAreTheModuleLocalMakeGenerateSteps","Elapsed":0}
{"Time":"2026-10-09T00:05:35.907350962Z","Action":"run","Package":"go.temporal.io/server/tools/gomad3/upgrade/adapterregen","Test":"TestStagedCommandsKeepTheCallersModuleCache"}
{"Time":"2026-10-09T00:05:35.907370795Z","Action":"output","Package":"go.temporal.io/server/tools/gomad3/upgrade/adapterregen","Test":"TestStagedCommandsKeepTheCallersModuleCache","Output":"=== RUN   TestStagedCommandsKeepTheCallersModuleCache\n","OutputType":"frame"}
{"Time":"2026-10-09T00:05:35.907413462Z","Action":"output","Package":"go.temporal.io/server/tools/gomad3/upgrade/adapterregen","Test":"TestStagedCommandsKeepTheCallersModuleCache","Output":"--- PASS: TestStagedCommandsKeepTheCallersModuleCache (0.00s)\n","OutputType":"frame"}
{"Time":"2026-10-09T00:05:35.907443129Z","Action":"pass","Package":"go.temporal.io/server/tools/gomad3/upgrade/adapterregen","Test":"TestStagedCommandsKeepTheCallersModuleCache","Elapsed":0}
{"Time":"2026-10-09T00:05:35.907477004Z","Action":"run","Package":"go.temporal.io/server/tools/gomad3/upgrade/adapterregen","Test":"TestDefaultPackCheckPassesInAStagedCopyOfTheModule"}
{"Time":"2026-10-09T00:05:35.907501004Z","Action":"output","Package":"go.temporal.io/server/tools/gomad3/upgrade/adapterregen","Test":"TestDefaultPackCheckPassesInAStagedCopyOfTheModule","Output":"=== RUN   TestDefaultPackCheckPassesInAStagedCopyOfTheModule\n","OutputType":"frame"}
{"Time":"2026-10-09T00:05:38.369425296Z","Action":"output","Package":"go.temporal.io/server/tools/gomad3/upgrade/adapterregen","Test":"TestDefaultPackCheckPassesInAStagedCopyOfTheModule","Output":"--- PASS: TestDefaultPackCheckPassesInAStagedCopyOfTheModule (2.46s)\n","OutputType":"frame"}
{"Time":"2026-10-09T00:05:38.369497505Z","Action":"pass","Package":"go.temporal.io/server/tools/gomad3/upgrade/adapterregen","Test":"TestDefaultPackCheckPassesInAStagedCopyOfTheModule","Elapsed":2.46}
{"Time":"2026-10-09T00:05:38.36953688Z","Action":"run","Package":"go.temporal.io/server/tools/gomad3/upgrade/adapterregen","Test":"TestRegenerationLockReleaseComposition"}
{"Time":"2026-10-09T00:05:38.369565838Z","Action":"output","Package":"go.temporal.io/server/tools/gomad3/upgrade/adapterregen","Test":"TestRegenerationLockReleaseComposition","Output":"=== RUN   TestRegenerationLockReleaseComposition\n","OutputType":"frame"}
{"Time":"2026-10-09T00:05:38.369607713Z","Action":"run","Package":"go.temporal.io/server/tools/gomad3/upgrade/adapterregen","Test":"TestRegenerationLockReleaseComposition/recover_success"}
{"Time":"2026-10-09T00:05:38.369634921Z","Action":"output","Package":"go.temporal.io/server/tools/gomad3/upgrade/adapterregen","Test":"TestRegenerationLockReleaseComposition/recover_success","Output":"=== RUN   TestRegenerationLockReleaseComposition/recover_success\n","OutputType":"frame"}
{"Time":"2026-10-09T00:05:38.369657046Z","Action":"output","Package":"go.temporal.io/server/tools/gomad3/upgrade/adapterregen","Test":"TestRegenerationLockReleaseComposition/recover_success","Output":"--- PASS: TestRegenerationLockReleaseComposition/recover_success (0.00s)\n","OutputType":"frame"}
{"Time":"2026-10-09T00:05:38.36968013Z","Action":"pass","Package":"go.temporal.io/server/tools/gomad3/upgrade/adapterregen","Test":"TestRegenerationLockReleaseComposition/recover_success","Elapsed":0}
{"Time":"2026-10-09T00:05:38.369701921Z","Action":"run","Package":"go.temporal.io/server/tools/gomad3/upgrade/adapterregen","Test":"TestRegenerationLockReleaseComposition/recover_input"}
{"Time":"2026-10-09T00:05:38.369729046Z","Action":"output","Package":"go.temporal.io/server/tools/gomad3/upgrade/adapterregen","Test":"TestRegenerationLockReleaseComposition/recover_input","Output":"=== RUN   TestRegenerationLockReleaseComposition/recover_input\n","OutputType":"frame"}
{"Time":"2026-10-09T00:05:38.369753296Z","Action":"output","Package":"go.temporal.io/server/tools/gomad3/upgrade/adapterregen","Test":"TestRegenerationLockReleaseComposition/recover_input","Output":"--- PASS: TestRegenerationLockReleaseComposition/recover_input (0.00s)\n","OutputType":"frame"}
{"Time":"2026-10-09T00:05:38.369781755Z","Action":"pass","Package":"go.temporal.io/server/tools/gomad3/upgrade/adapterregen","Test":"TestRegenerationLockReleaseComposition/recover_input","Elapsed":0}
{"Time":"2026-10-09T00:05:38.369795338Z","Action":"run","Package":"go.temporal.io/server/tools/gomad3/upgrade/adapterregen","Test":"TestRegenerationLockReleaseComposition/recover_blocked"}
{"Time":"2026-10-09T00:05:38.369807755Z","Action":"output","Package":"go.temporal.io/server/tools/gomad3/upgrade/adapterregen","Test":"TestRegenerationLockReleaseComposition/recover_blocked","Output":"=== RUN   TestRegenerationLockReleaseComposition/recover_blocked\n","OutputType":"frame"}
{"Time":"2026-10-09T00:05:38.369831296Z","Action":"output","Package":"go.temporal.io/server/tools/gomad3/upgrade/adapterregen","Test":"TestRegenerationLockReleaseComposition/recover_blocked","Output":"--- PASS: TestRegenerationLockReleaseComposition/recover_blocked (0.00s)\n","OutputType":"frame"}
{"Time":"2026-10-09T00:05:38.369852963Z","Action":"pass","Package":"go.temporal.io/server/tools/gomad3/upgrade/adapterregen","Test":"TestRegenerationLockReleaseComposition/recover_blocked","Elapsed":0}
{"Time":"2026-10-09T00:05:38.369870588Z","Action":"run","Package":"go.temporal.io/server/tools/gomad3/upgrade/adapterregen","Test":"TestRegenerationLockReleaseComposition/apply_before_stage"}
{"Time":"2026-10-09T00:05:38.36988913Z","Action":"output","Package":"go.temporal.io/server/tools/gomad3/upgrade/adapterregen","Test":"TestRegenerationLockReleaseComposition/apply_before_stage","Output":"=== RUN   TestRegenerationLockReleaseComposition/apply_before_stage\n","OutputType":"frame"}
{"Time":"2026-10-09T00:05:38.369899005Z","Action":"output","Package":"go.temporal.io/server/tools/gomad3/upgrade/adapterregen","Test":"TestRegenerationLockReleaseComposition/apply_before_stage","Output":"--- PASS: TestRegenerationLockReleaseComposition/apply_before_stage (0.00s)\n","OutputType":"frame"}
{"Time":"2026-10-09T00:05:38.369908588Z","Action":"pass","Package":"go.temporal.io/server/tools/gomad3/upgrade/adapterregen","Test":"TestRegenerationLockReleaseComposition/apply_before_stage","Elapsed":0}
{"Time":"2026-10-09T00:05:38.369931005Z","Action":"run","Package":"go.temporal.io/server/tools/gomad3/upgrade/adapterregen","Test":"TestRegenerationLockReleaseComposition/apply_primary"}
{"Time":"2026-10-09T00:05:38.369946171Z","Action":"output","Package":"go.temporal.io/server/tools/gomad3/upgrade/adapterregen","Test":"TestRegenerationLockReleaseComposition/apply_primary","Output":"=== RUN   TestRegenerationLockReleaseComposition/apply_primary\n","OutputType":"frame"}
{"Time":"2026-10-09T00:05:38.36996038Z","Action":"output","Package":"go.temporal.io/server/tools/gomad3/upgrade/adapterregen","Test":"TestRegenerationLockReleaseComposition/apply_primary","Output":"--- PASS: TestRegenerationLockReleaseComposition/apply_primary (0.00s)\n","OutputType":"frame"}
{"Time":"2026-10-09T00:05:38.36998313Z","Action":"pass","Package":"go.temporal.io/server/tools/gomad3/upgrade/adapterregen","Test":"TestRegenerationLockReleaseComposition/apply_primary","Elapsed":0}
{"Time":"2026-10-09T00:05:38.36999688Z","Action":"run","Package":"go.temporal.io/server/tools/gomad3/upgrade/adapterregen","Test":"TestRegenerationLockReleaseComposition/stage_only"}
{"Time":"2026-10-09T00:05:38.370005546Z","Action":"output","Package":"go.temporal.io/server/tools/gomad3/upgrade/adapterregen","Test":"TestRegenerationLockReleaseComposition/stage_only","Output":"=== RUN   TestRegenerationLockReleaseComposition/stage_only\n","OutputType":"frame"}
{"Time":"2026-10-09T00:05:38.370014296Z","Action":"output","Package":"go.temporal.io/server/tools/gomad3/upgrade/adapterregen","Test":"TestRegenerationLockReleaseComposition/stage_only","Output":"--- PASS: TestRegenerationLockReleaseComposition/stage_only (0.00s)\n","OutputType":"frame"}
{"Time":"2026-10-09T00:05:38.370025963Z","Action":"pass","Package":"go.temporal.io/server/tools/gomad3/upgrade/adapterregen","Test":"TestRegenerationLockReleaseComposition/stage_only","Elapsed":0}
{"Time":"2026-10-09T00:05:38.370035755Z","Action":"run","Package":"go.temporal.io/server/tools/gomad3/upgrade/adapterregen","Test":"TestRegenerationLockReleaseComposition/completed_publication"}
{"Time":"2026-10-09T00:05:38.37005313Z","Action":"output","Package":"go.temporal.io/server/tools/gomad3/upgrade/adapterregen","Test":"TestRegenerationLockReleaseComposition/completed_publication","Output":"=== RUN   TestRegenerationLockReleaseComposition/completed_publication\n","OutputType":"frame"}
{"Time":"2026-10-09T00:05:38.37007063Z","Action":"output","Package":"go.temporal.io/server/tools/gomad3/upgrade/adapterregen","Test":"TestRegenerationLockReleaseComposition/completed_publication","Output":"--- PASS: TestRegenerationLockReleaseComposition/completed_publication (0.00s)\n","OutputType":"frame"}
{"Time":"2026-10-09T00:05:38.370087463Z","Action":"pass","Package":"go.temporal.io/server/tools/gomad3/upgrade/adapterregen","Test":"TestRegenerationLockReleaseComposition/completed_publication","Elapsed":0}
{"Time":"2026-10-09T00:05:38.370103338Z","Action":"output","Package":"go.temporal.io/server/tools/gomad3/upgrade/adapterregen","Test":"TestRegenerationLockReleaseComposition","Output":"--- PASS: TestRegenerationLockReleaseComposition (0.00s)\n","OutputType":"frame"}
{"Time":"2026-10-09T00:05:38.370119505Z","Action":"pass","Package":"go.temporal.io/server/tools/gomad3/upgrade/adapterregen","Test":"TestRegenerationLockReleaseComposition","Elapsed":0}
{"Time":"2026-10-09T00:05:38.370132421Z","Action":"run","Package":"go.temporal.io/server/tools/gomad3/upgrade/adapterregen","Test":"TestPublicRegenerationReleasesLock"}
{"Time":"2026-10-09T00:05:38.370142838Z","Action":"output","Package":"go.temporal.io/server/tools/gomad3/upgrade/adapterregen","Test":"TestPublicRegenerationReleasesLock","Output":"=== RUN   TestPublicRegenerationReleasesLock\n","OutputType":"frame"}
{"Time":"2026-10-09T00:05:38.370159171Z","Action":"run","Package":"go.temporal.io/server/tools/gomad3/upgrade/adapterregen","Test":"TestPublicRegenerationReleasesLock/stage"}
{"Time":"2026-10-09T00:05:38.370177005Z","Action":"output","Package":"go.temporal.io/server/tools/gomad3/upgrade/adapterregen","Test":"TestPublicRegenerationReleasesLock/stage","Output":"=== RUN   TestPublicRegenerationReleasesLock/stage\n","OutputType":"frame"}
{"Time":"2026-10-09T00:05:39.756164547Z","Action":"output","Package":"go.temporal.io/server/tools/gomad3/upgrade/adapterregen","Test":"TestPublicRegenerationReleasesLock/stage","Output":"--- PASS: TestPublicRegenerationReleasesLock/stage (1.39s)\n","OutputType":"frame"}
{"Time":"2026-10-09T00:05:39.756240839Z","Action":"pass","Package":"go.temporal.io/server/tools/gomad3/upgrade/adapterregen","Test":"TestPublicRegenerationReleasesLock/stage","Elapsed":1.39}
{"Time":"2026-10-09T00:05:39.75625963Z","Action":"run","Package":"go.temporal.io/server/tools/gomad3/upgrade/adapterregen","Test":"TestPublicRegenerationReleasesLock/apply"}
{"Time":"2026-10-09T00:05:39.756293422Z","Action":"output","Package":"go.temporal.io/server/tools/gomad3/upgrade/adapterregen","Test":"TestPublicRegenerationReleasesLock/apply","Output":"=== RUN   TestPublicRegenerationReleasesLock/apply\n","OutputType":"frame"}
{"Time":"2026-10-09T00:05:41.434800923Z","Action":"output","Package":"go.temporal.io/server/tools/gomad3/upgrade/adapterregen","Test":"TestPublicRegenerationReleasesLock/apply","Output":"--- PASS: TestPublicRegenerationReleasesLock/apply (1.68s)\n","OutputType":"frame"}
{"Time":"2026-10-09T00:05:41.435074006Z","Action":"pass","Package":"go.temporal.io/server/tools/gomad3/upgrade/adapterregen","Test":"TestPublicRegenerationReleasesLock/apply","Elapsed":1.68}
{"Time":"2026-10-09T00:05:41.435136173Z","Action":"run","Package":"go.temporal.io/server/tools/gomad3/upgrade/adapterregen","Test":"TestPublicRegenerationReleasesLock/failed_apply"}
{"Time":"2026-10-09T00:05:41.43516584Z","Action":"output","Package":"go.temporal.io/server/tools/gomad3/upgrade/adapterregen","Test":"TestPublicRegenerationReleasesLock/failed_apply","Output":"=== RUN   TestPublicRegenerationReleasesLock/failed_apply\n","OutputType":"frame"}
{"Time":"2026-10-09T00:05:42.960427382Z","Action":"output","Package":"go.temporal.io/server/tools/gomad3/upgrade/adapterregen","Test":"TestPublicRegenerationReleasesLock/failed_apply","Output":"--- PASS: TestPublicRegenerationReleasesLock/failed_apply (1.53s)\n","OutputType":"frame"}
{"Time":"2026-10-09T00:05:42.960490424Z","Action":"pass","Package":"go.temporal.io/server/tools/gomad3/upgrade/adapterregen","Test":"TestPublicRegenerationReleasesLock/failed_apply","Elapsed":1.53}
{"Time":"2026-10-09T00:05:42.96051234Z","Action":"run","Package":"go.temporal.io/server/tools/gomad3/upgrade/adapterregen","Test":"TestPublicRegenerationReleasesLock/recover"}
{"Time":"2026-10-09T00:05:42.960528382Z","Action":"output","Package":"go.temporal.io/server/tools/gomad3/upgrade/adapterregen","Test":"TestPublicRegenerationReleasesLock/recover","Output":"=== RUN   TestPublicRegenerationReleasesLock/recover\n","OutputType":"frame"}
{"Time":"2026-10-09T00:05:43.990917466Z","Action":"output","Package":"go.temporal.io/server/tools/gomad3/upgrade/adapterregen","Test":"TestPublicRegenerationReleasesLock/recover","Output":"--- PASS: TestPublicRegenerationReleasesLock/recover (1.03s)\n","OutputType":"frame"}
{"Time":"2026-10-09T00:05:43.990981549Z","Action":"pass","Package":"go.temporal.io/server/tools/gomad3/upgrade/adapterregen","Test":"TestPublicRegenerationReleasesLock/recover","Elapsed":1.03}
{"Time":"2026-10-09T00:05:43.991039424Z","Action":"output","Package":"go.temporal.io/server/tools/gomad3/upgrade/adapterregen","Test":"TestPublicRegenerationReleasesLock","Output":"--- PASS: TestPublicRegenerationReleasesLock (5.62s)\n","OutputType":"frame"}
{"Time":"2026-10-09T00:05:43.991074133Z","Action":"pass","Package":"go.temporal.io/server/tools/gomad3/upgrade/adapterregen","Test":"TestPublicRegenerationReleasesLock","Elapsed":5.62}
{"Time":"2026-10-09T00:05:43.991223424Z","Action":"run","Package":"go.temporal.io/server/tools/gomad3/upgrade/adapterregen","Test":"TestRunScratchCleanupBeforePublication"}
{"Time":"2026-10-09T00:05:43.991335758Z","Action":"output","Package":"go.temporal.io/server/tools/gomad3/upgrade/adapterregen","Test":"TestRunScratchCleanupBeforePublication","Output":"=== RUN   TestRunScratchCleanupBeforePublication\n","OutputType":"frame"}
{"Time":"2026-10-09T00:05:43.991534008Z","Action":"run","Package":"go.temporal.io/server/tools/gomad3/upgrade/adapterregen","Test":"TestRunScratchCleanupBeforePublication/primary/control"}
{"Time":"2026-10-09T00:05:43.991635133Z","Action":"output","Package":"go.temporal.io/server/tools/gomad3/upgrade/adapterregen","Test":"TestRunScratchCleanupBeforePublication/primary/control","Output":"=== RUN   TestRunScratchCleanupBeforePublication/primary/control\n","OutputType":"frame"}
{"Time":"2026-10-09T00:05:45.724618467Z","Action":"output","Package":"go.temporal.io/server/tools/gomad3/upgrade/adapterregen","Test":"TestRunScratchCleanupBeforePublication/primary/control","Output":"--- PASS: TestRunScratchCleanupBeforePublication/primary/control (1.73s)\n","OutputType":"frame"}
{"Time":"2026-10-09T00:05:45.724729675Z","Action":"pass","Package":"go.temporal.io/server/tools/gomad3/upgrade/adapterregen","Test":"TestRunScratchCleanupBeforePublication/primary/control","Elapsed":1.73}
{"Time":"2026-10-09T00:05:45.72506255Z","Action":"run","Package":"go.temporal.io/server/tools/gomad3/upgrade/adapterregen","Test":"TestRunScratchCleanupBeforePublication/primary/permission"}
{"Time":"2026-10-09T00:05:45.725111467Z","Action":"output","Package":"go.temporal.io/server/tools/gomad3/upgrade/adapterregen","Test":"TestRunScratchCleanupBeforePublication/primary/permission","Output":"=== RUN   TestRunScratchCleanupBeforePublication/primary/permission\n","OutputType":"frame"}
{"Time":"2026-10-09T00:05:48.000594468Z","Action":"output","Package":"go.temporal.io/server/tools/gomad3/upgrade/adapterregen","Test":"TestRunScratchCleanupBeforePublication/primary/permission","Output":"    publication_cleanup_test.go:43: observed real scratch unlink EACCES: gomad3-adapter-regenerate-1281761595\n"}
{"Time":"2026-10-09T00:05:48.001036343Z","Action":"output","Package":"go.temporal.io/server/tools/gomad3/upgrade/adapterregen","Test":"TestRunScratchCleanupBeforePublication/primary/permission","Output":"    publication_cleanup_test.go:43: observed real scratch unlink EACCES: gomad3-adapter-stage-3865410136\n"}
{"Time":"2026-10-09T00:05:48.071961468Z","Action":"output","Package":"go.temporal.io/server/tools/gomad3/upgrade/adapterregen","Test":"TestRunScratchCleanupBeforePublication/primary/permission","Output":"--- PASS: TestRunScratchCleanupBeforePublication/primary/permission (2.35s)\n","OutputType":"frame"}
{"Time":"2026-10-09T00:05:48.072034259Z","Action":"pass","Package":"go.temporal.io/server/tools/gomad3/upgrade/adapterregen","Test":"TestRunScratchCleanupBeforePublication/primary/permission","Elapsed":2.35}
{"Time":"2026-10-09T00:05:48.072071759Z","Action":"run","Package":"go.temporal.io/server/tools/gomad3/upgrade/adapterregen","Test":"TestRunScratchCleanupBeforePublication/input/control"}
{"Time":"2026-10-09T00:05:48.072105218Z","Action":"output","Package":"go.temporal.io/server/tools/gomad3/upgrade/adapterregen","Test":"TestRunScratchCleanupBeforePublication/input/control","Output":"=== RUN   TestRunScratchCleanupBeforePublication/input/control\n","OutputType":"frame"}
{"Time":"2026-10-09T00:05:50.393177927Z","Action":"output","Package":"go.temporal.io/server/tools/gomad3/upgrade/adapterregen","Test":"TestRunScratchCleanupBeforePublication/input/control","Output":"--- PASS: TestRunScratchCleanupBeforePublication/input/control (2.32s)\n","OutputType":"frame"}
{"Time":"2026-10-09T00:05:50.393760761Z","Action":"pass","Package":"go.temporal.io/server/tools/gomad3/upgrade/adapterregen","Test":"TestRunScratchCleanupBeforePublication/input/control","Elapsed":2.32}
{"Time":"2026-10-09T00:05:50.393965677Z","Action":"run","Package":"go.temporal.io/server/tools/gomad3/upgrade/adapterregen","Test":"TestRunScratchCleanupBeforePublication/input/permission"}
{"Time":"2026-10-09T00:05:50.394283511Z","Action":"output","Package":"go.temporal.io/server/tools/gomad3/upgrade/adapterregen","Test":"TestRunScratchCleanupBeforePublication/input/permission","Output":"=== RUN   TestRunScratchCleanupBeforePublication/input/permission\n","OutputType":"frame"}
{"Time":"2026-10-09T00:05:52.949314512Z","Action":"output","Package":"go.temporal.io/server/tools/gomad3/upgrade/adapterregen","Test":"TestRunScratchCleanupBeforePublication/input/permission","Output":"    publication_cleanup_test.go:43: observed real scratch unlink EACCES: gomad3-adapter-regenerate-917310286\n"}
{"Time":"2026-10-09T00:05:52.954415137Z","Action":"output","Package":"go.temporal.io/server/tools/gomad3/upgrade/adapterregen","Test":"TestRunScratchCleanupBeforePublication/input/permission","Output":"    publication_cleanup_test.go:43: observed real scratch unlink EACCES: gomad3-adapter-stage-218901405\n"}
{"Time":"2026-10-09T00:05:53.050402262Z","Action":"output","Package":"go.temporal.io/server/tools/gomad3/upgrade/adapterregen","Test":"TestRunScratchCleanupBeforePublication/input/permission","Output":"--- PASS: TestRunScratchCleanupBeforePublication/input/permission (2.66s)\n","OutputType":"frame"}
{"Time":"2026-10-09T00:05:53.050460762Z","Action":"pass","Package":"go.temporal.io/server/tools/gomad3/upgrade/adapterregen","Test":"TestRunScratchCleanupBeforePublication/input/permission","Elapsed":2.66}
{"Time":"2026-10-09T00:05:53.050483762Z","Action":"run","Package":"go.temporal.io/server/tools/gomad3/upgrade/adapterregen","Test":"TestRunScratchCleanupBeforePublication/blocked/control"}
{"Time":"2026-10-09T00:05:53.05050697Z","Action":"output","Package":"go.temporal.io/server/tools/gomad3/upgrade/adapterregen","Test":"TestRunScratchCleanupBeforePublication/blocked/control","Output":"=== RUN   TestRunScratchCleanupBeforePublication/blocked/control\n","OutputType":"frame"}
{"Time":"2026-10-09T00:05:56.036919597Z","Action":"output","Package":"go.temporal.io/server/tools/gomad3/upgrade/adapterregen","Test":"TestRunScratchCleanupBeforePublication/blocked/control","Output":"--- PASS: TestRunScratchCleanupBeforePublication/blocked/control (2.99s)\n","OutputType":"frame"}
{"Time":"2026-10-09T00:05:56.037067347Z","Action":"pass","Package":"go.temporal.io/server/tools/gomad3/upgrade/adapterregen","Test":"TestRunScratchCleanupBeforePublication/blocked/control","Elapsed":2.99}
{"Time":"2026-10-09T00:05:56.037738638Z","Action":"run","Package":"go.temporal.io/server/tools/gomad3/upgrade/adapterregen","Test":"TestRunScratchCleanupBeforePublication/blocked/permission"}
{"Time":"2026-10-09T00:05:56.038116263Z","Action":"output","Package":"go.temporal.io/server/tools/gomad3/upgrade/adapterregen","Test":"TestRunScratchCleanupBeforePublication/blocked/permission","Output":"=== RUN   TestRunScratchCleanupBeforePublication/blocked/permission\n","OutputType":"frame"}
{"Time":"2026-10-09T00:05:58.529467306Z","Action":"output","Package":"go.temporal.io/server/tools/gomad3/upgrade/adapterregen","Test":"TestRunScratchCleanupBeforePublication/blocked/permission","Output":"    publication_cleanup_test.go:43: observed real scratch unlink EACCES: gomad3-adapter-regenerate-3989450218\n"}
{"Time":"2026-10-09T00:05:58.529923639Z","Action":"output","Package":"go.temporal.io/server/tools/gomad3/upgrade/adapterregen","Test":"TestRunScratchCleanupBeforePublication/blocked/permission","Output":"    publication_cleanup_test.go:43: observed real scratch unlink EACCES: gomad3-adapter-stage-3240866540\n"}
{"Time":"2026-10-09T00:05:58.603361014Z","Action":"output","Package":"go.temporal.io/server/tools/gomad3/upgrade/adapterregen","Test":"TestRunScratchCleanupBeforePublication/blocked/permission","Output":"--- PASS: TestRunScratchCleanupBeforePublication/blocked/permission (2.57s)\n","OutputType":"frame"}
{"Time":"2026-10-09T00:05:58.603483264Z","Action":"pass","Package":"go.temporal.io/server/tools/gomad3/upgrade/adapterregen","Test":"TestRunScratchCleanupBeforePublication/blocked/permission","Elapsed":2.57}
{"Time":"2026-10-09T00:05:58.603540723Z","Action":"output","Package":"go.temporal.io/server/tools/gomad3/upgrade/adapterregen","Test":"TestRunScratchCleanupBeforePublication","Output":"--- PASS: TestRunScratchCleanupBeforePublication (14.61s)\n","OutputType":"frame"}
{"Time":"2026-10-09T00:05:58.603750348Z","Action":"pass","Package":"go.temporal.io/server/tools/gomad3/upgrade/adapterregen","Test":"TestRunScratchCleanupBeforePublication","Elapsed":14.61}
{"Time":"2026-10-09T00:05:58.603810014Z","Action":"run","Package":"go.temporal.io/server/tools/gomad3/upgrade/adapterregen","Test":"TestRunScratchCleanupStageOnly"}
{"Time":"2026-10-09T00:05:58.603857639Z","Action":"output","Package":"go.temporal.io/server/tools/gomad3/upgrade/adapterregen","Test":"TestRunScratchCleanupStageOnly","Output":"=== RUN   TestRunScratchCleanupStageOnly\n","OutputType":"frame"}
{"Time":"2026-10-09T00:05:58.604074223Z","Action":"run","Package":"go.temporal.io/server/tools/gomad3/upgrade/adapterregen","Test":"TestRunScratchCleanupStageOnly/control"}
{"Time":"2026-10-09T00:05:58.604109764Z","Action":"output","Package":"go.temporal.io/server/tools/gomad3/upgrade/adapterregen","Test":"TestRunScratchCleanupStageOnly/control","Output":"=== RUN   TestRunScratchCleanupStageOnly/control\n","OutputType":"frame"}
{"Time":"2026-10-09T00:06:00.542144849Z","Action":"output","Package":"go.temporal.io/server/tools/gomad3/upgrade/adapterregen","Test":"TestRunScratchCleanupStageOnly/control","Output":"--- PASS: TestRunScratchCleanupStageOnly/control (1.94s)\n","OutputType":"frame"}
{"Time":"2026-10-09T00:06:00.542251682Z","Action":"pass","Package":"go.temporal.io/server/tools/gomad3/upgrade/adapterregen","Test":"TestRunScratchCleanupStageOnly/control","Elapsed":1.94}
{"Time":"2026-10-09T00:06:00.542320682Z","Action":"run","Package":"go.temporal.io/server/tools/gomad3/upgrade/adapterregen","Test":"TestRunScratchCleanupStageOnly/permission"}
{"Time":"2026-10-09T00:06:00.542369724Z","Action":"output","Package":"go.temporal.io/server/tools/gomad3/upgrade/adapterregen","Test":"TestRunScratchCleanupStageOnly/permission","Output":"=== RUN   TestRunScratchCleanupStageOnly/permission\n","OutputType":"frame"}
{"Time":"2026-10-09T00:06:02.33746535Z","Action":"output","Package":"go.temporal.io/server/tools/gomad3/upgrade/adapterregen","Test":"TestRunScratchCleanupStageOnly/permission","Output":"    publication_cleanup_test.go:95: observed real scratch unlink EACCES: gomad3-adapter-regenerate-2755640343\n"}
{"Time":"2026-10-09T00:06:02.337536891Z","Action":"output","Package":"go.temporal.io/server/tools/gomad3/upgrade/adapterregen","Test":"TestRunScratchCleanupStageOnly/permission","Output":"    publication_cleanup_test.go:95: observed real scratch unlink EACCES: gomad3-adapter-stage-1687952962\n"}
{"Time":"2026-10-09T00:06:02.389951183Z","Action":"output","Package":"go.temporal.io/server/tools/gomad3/upgrade/adapterregen","Test":"TestRunScratchCleanupStageOnly/permission","Output":"--- PASS: TestRunScratchCleanupStageOnly/permission (1.85s)\n","OutputType":"frame"}
{"Time":"2026-10-09T00:06:02.390017141Z","Action":"pass","Package":"go.temporal.io/server/tools/gomad3/upgrade/adapterregen","Test":"TestRunScratchCleanupStageOnly/permission","Elapsed":1.85}
{"Time":"2026-10-09T00:06:02.390040975Z","Action":"output","Package":"go.temporal.io/server/tools/gomad3/upgrade/adapterregen","Test":"TestRunScratchCleanupStageOnly","Output":"--- PASS: TestRunScratchCleanupStageOnly (3.79s)\n","OutputType":"frame"}
{"Time":"2026-10-09T00:06:02.390062058Z","Action":"pass","Package":"go.temporal.io/server/tools/gomad3/upgrade/adapterregen","Test":"TestRunScratchCleanupStageOnly","Elapsed":3.79}
{"Time":"2026-10-09T00:06:02.390094183Z","Action":"run","Package":"go.temporal.io/server/tools/gomad3/upgrade/adapterregen","Test":"TestRunScratchCleanupMissingDownloadRoot"}
{"Time":"2026-10-09T00:06:02.390119975Z","Action":"output","Package":"go.temporal.io/server/tools/gomad3/upgrade/adapterregen","Test":"TestRunScratchCleanupMissingDownloadRoot","Output":"=== RUN   TestRunScratchCleanupMissingDownloadRoot\n","OutputType":"frame"}
{"Time":"2026-10-09T00:06:03.982590684Z","Action":"output","Package":"go.temporal.io/server/tools/gomad3/upgrade/adapterregen","Test":"TestRunScratchCleanupMissingDownloadRoot","Output":"--- PASS: TestRunScratchCleanupMissingDownloadRoot (1.59s)\n","OutputType":"frame"}
{"Time":"2026-10-09T00:06:03.982679475Z","Action":"pass","Package":"go.temporal.io/server/tools/gomad3/upgrade/adapterregen","Test":"TestRunScratchCleanupMissingDownloadRoot","Elapsed":1.59}
{"Time":"2026-10-09T00:06:03.982709225Z","Action":"run","Package":"go.temporal.io/server/tools/gomad3/upgrade/adapterregen","Test":"TestRunScratchCleanupAfterPublication"}
{"Time":"2026-10-09T00:06:03.982734475Z","Action":"output","Package":"go.temporal.io/server/tools/gomad3/upgrade/adapterregen","Test":"TestRunScratchCleanupAfterPublication","Output":"=== RUN   TestRunScratchCleanupAfterPublication\n","OutputType":"frame"}
{"Time":"2026-10-09T00:06:03.982757934Z","Action":"run","Package":"go.temporal.io/server/tools/gomad3/upgrade/adapterregen","Test":"TestRunScratchCleanupAfterPublication/residual/control"}
{"Time":"2026-10-09T00:06:03.982815267Z","Action":"output","Package":"go.temporal.io/server/tools/gomad3/upgrade/adapterregen","Test":"TestRunScratchCleanupAfterPublication/residual/control","Output":"=== RUN   TestRunScratchCleanupAfterPublication/residual/control\n","OutputType":"frame"}
{"Time":"2026-10-09T00:06:05.67650531Z","Action":"output","Package":"go.temporal.io/server/tools/gomad3/upgrade/adapterregen","Test":"TestRunScratchCleanupAfterPublication/residual/control","Output":"--- PASS: TestRunScratchCleanupAfterPublication/residual/control (1.69s)\n","OutputType":"frame"}
{"Time":"2026-10-09T00:06:05.676575101Z","Action":"pass","Package":"go.temporal.io/server/tools/gomad3/upgrade/adapterregen","Test":"TestRunScratchCleanupAfterPublication/residual/control","Elapsed":1.69}
{"Time":"2026-10-09T00:06:05.676597476Z","Action":"run","Package":"go.temporal.io/server/tools/gomad3/upgrade/adapterregen","Test":"TestRunScratchCleanupAfterPublication/residual/permission"}
{"Time":"2026-10-09T00:06:05.676634018Z","Action":"output","Package":"go.temporal.io/server/tools/gomad3/upgrade/adapterregen","Test":"TestRunScratchCleanupAfterPublication/residual/permission","Output":"=== RUN   TestRunScratchCleanupAfterPublication/residual/permission\n","OutputType":"frame"}
{"Time":"2026-10-09T00:06:07.380351685Z","Action":"output","Package":"go.temporal.io/server/tools/gomad3/upgrade/adapterregen","Test":"TestRunScratchCleanupAfterPublication/residual/permission","Output":"    publication_cleanup_test.go:173: observed real scratch unlink EACCES: gomad3-adapter-regenerate-264108500\n"}
{"Time":"2026-10-09T00:06:07.380420852Z","Action":"output","Package":"go.temporal.io/server/tools/gomad3/upgrade/adapterregen","Test":"TestRunScratchCleanupAfterPublication/residual/permission","Output":"    publication_cleanup_test.go:173: observed real scratch unlink EACCES: gomad3-adapter-stage-16778999\n"}
{"Time":"2026-10-09T00:06:07.41026656Z","Action":"output","Package":"go.temporal.io/server/tools/gomad3/upgrade/adapterregen","Test":"TestRunScratchCleanupAfterPublication/residual/permission","Output":"--- PASS: TestRunScratchCleanupAfterPublication/residual/permission (1.73s)\n","OutputType":"frame"}
{"Time":"2026-10-09T00:06:07.410303519Z","Action":"pass","Package":"go.temporal.io/server/tools/gomad3/upgrade/adapterregen","Test":"TestRunScratchCleanupAfterPublication/residual/permission","Elapsed":1.73}
{"Time":"2026-10-09T00:06:07.410326144Z","Action":"run","Package":"go.temporal.io/server/tools/gomad3/upgrade/adapterregen","Test":"TestRunScratchCleanupAfterPublication/scan-warning/control"}
{"Time":"2026-10-09T00:06:07.41034681Z","Action":"output","Package":"go.temporal.io/server/tools/gomad3/upgrade/adapterregen","Test":"TestRunScratchCleanupAfterPublication/scan-warning/control","Output":"=== RUN   TestRunScratchCleanupAfterPublication/scan-warning/control\n","OutputType":"frame"}
{"Time":"2026-10-09T00:06:09.070880603Z","Action":"output","Package":"go.temporal.io/server/tools/gomad3/upgrade/adapterregen","Test":"TestRunScratchCleanupAfterPublication/scan-warning/control","Output":"--- PASS: TestRunScratchCleanupAfterPublication/scan-warning/control (1.66s)\n","OutputType":"frame"}
{"Time":"2026-10-09T00:06:09.070990061Z","Action":"pass","Package":"go.temporal.io/server/tools/gomad3/upgrade/adapterregen","Test":"TestRunScratchCleanupAfterPublication/scan-warning/control","Elapsed":1.66}
{"Time":"2026-10-09T00:06:09.071031811Z","Action":"run","Package":"go.temporal.io/server/tools/gomad3/upgrade/adapterregen","Test":"TestRunScratchCleanupAfterPublication/scan-warning/permission"}
{"Time":"2026-10-09T00:06:09.071049811Z","Action":"output","Package":"go.temporal.io/server/tools/gomad3/upgrade/adapterregen","Test":"TestRunScratchCleanupAfterPublication/scan-warning/permission","Output":"=== RUN   TestRunScratchCleanupAfterPublication/scan-warning/permission\n","OutputType":"frame"}
{"Time":"2026-10-09T00:06:10.775685979Z","Action":"output","Package":"go.temporal.io/server/tools/gomad3/upgrade/adapterregen","Test":"TestRunScratchCleanupAfterPublication/scan-warning/permission","Output":"    publication_cleanup_test.go:173: observed real scratch unlink EACCES: gomad3-adapter-regenerate-1529282447\n"}
{"Time":"2026-10-09T00:06:10.775767979Z","Action":"output","Package":"go.temporal.io/server/tools/gomad3/upgrade/adapterregen","Test":"TestRunScratchCleanupAfterPublication/scan-warning/permission","Output":"    publication_cleanup_test.go:173: observed real scratch unlink EACCES: gomad3-adapter-stage-1337593777\n"}
{"Time":"2026-10-09T00:06:10.808954354Z","Action":"output","Package":"go.temporal.io/server/tools/gomad3/upgrade/adapterregen","Test":"TestRunScratchCleanupAfterPublication/scan-warning/permission","Output":"--- PASS: TestRunScratchCleanupAfterPublication/scan-warning/permission (1.74s)\n","OutputType":"frame"}
{"Time":"2026-10-09T00:06:10.809012145Z","Action":"pass","Package":"go.temporal.io/server/tools/gomad3/upgrade/adapterregen","Test":"TestRunScratchCleanupAfterPublication/scan-warning/permission","Elapsed":1.74}
{"Time":"2026-10-09T00:06:10.809066812Z","Action":"output","Package":"go.temporal.io/server/tools/gomad3/upgrade/adapterregen","Test":"TestRunScratchCleanupAfterPublication","Output":"--- PASS: TestRunScratchCleanupAfterPublication (6.83s)\n","OutputType":"frame"}
{"Time":"2026-10-09T00:06:10.80910602Z","Action":"pass","Package":"go.temporal.io/server/tools/gomad3/upgrade/adapterregen","Test":"TestRunScratchCleanupAfterPublication","Elapsed":6.83}
{"Time":"2026-10-09T00:06:10.80912427Z","Action":"output","Package":"go.temporal.io/server/tools/gomad3/upgrade/adapterregen","Output":"PASS\n","OutputType":"frame"}
{"Time":"2026-10-09T00:06:10.811665979Z","Action":"output","Package":"go.temporal.io/server/tools/gomad3/upgrade/adapterregen","Output":"ok  \tgo.temporal.io/server/tools/gomad3/upgrade/adapterregen\t37.063s\n"}
{"Time":"2026-10-09T00:06:10.811704979Z","Action":"pass","Package":"go.temporal.io/server/tools/gomad3/upgrade/adapterregen","Elapsed":37.063}
