{"Time":"2026-10-09T00:05:29.521584209Z","Action":"start","Package":"go.temporal.io/server/tools/gomad3/internal/gomadtool/conformance"}
{"Time":"2026-10-09T00:05:29.525280251Z","Action":"run","Package":"go.temporal.io/server/tools/gomad3/internal/gomadtool/conformance","Test":"TestRunUpstreamExecutesTypedGatesInOrder"}
{"Time":"2026-10-09T00:05:29.525333167Z","Action":"output","Package":"go.temporal.io/server/tools/gomad3/internal/gomadtool/conformance","Test":"TestRunUpstreamExecutesTypedGatesInOrder","Output":"=== RUN   TestRunUpstreamExecutesTypedGatesInOrder\n","OutputType":"frame"}
{"Time":"2026-10-09T00:05:29.558110876Z","Action":"output","Package":"go.temporal.io/server/tools/gomad3/internal/gomadtool/conformance","Test":"TestRunUpstreamExecutesTypedGatesInOrder","Output":"--- PASS: TestRunUpstreamExecutesTypedGatesInOrder (0.03s)\n","OutputType":"frame"}
{"Time":"2026-10-09T00:05:29.558195292Z","Action":"pass","Package":"go.temporal.io/server/tools/gomad3/internal/gomadtool/conformance","Test":"TestRunUpstreamExecutesTypedGatesInOrder","Elapsed":0.03}
{"Time":"2026-10-09T00:05:29.558237042Z","Action":"run","Package":"go.temporal.io/server/tools/gomad3/internal/gomadtool/conformance","Test":"TestRunBuilderExecutesTypedPackageGate"}
{"Time":"2026-10-09T00:05:29.558266959Z","Action":"output","Package":"go.temporal.io/server/tools/gomad3/internal/gomadtool/conformance","Test":"TestRunBuilderExecutesTypedPackageGate","Output":"=== RUN   TestRunBuilderExecutesTypedPackageGate\n","OutputType":"frame"}
{"Time":"2026-10-09T00:05:29.562488709Z","Action":"output","Package":"go.temporal.io/server/tools/gomad3/internal/gomadtool/conformance","Test":"TestRunBuilderExecutesTypedPackageGate","Output":"--- PASS: TestRunBuilderExecutesTypedPackageGate (0.00s)\n","OutputType":"frame"}
{"Time":"2026-10-09T00:05:29.562542459Z","Action":"pass","Package":"go.temporal.io/server/tools/gomad3/internal/gomadtool/conformance","Test":"TestRunBuilderExecutesTypedPackageGate","Elapsed":0}
{"Time":"2026-10-09T00:05:29.562565542Z","Action":"run","Package":"go.temporal.io/server/tools/gomad3/internal/gomadtool/conformance","Test":"TestRunLiveCapabilityExecutesPinnedSemanticFixtures"}
{"Time":"2026-10-09T00:05:29.562582126Z","Action":"output","Package":"go.temporal.io/server/tools/gomad3/internal/gomadtool/conformance","Test":"TestRunLiveCapabilityExecutesPinnedSemanticFixtures","Output":"=== RUN   TestRunLiveCapabilityExecutesPinnedSemanticFixtures\n","OutputType":"frame"}
{"Time":"2026-10-09T00:05:29.570188209Z","Action":"output","Package":"go.temporal.io/server/tools/gomad3/internal/gomadtool/conformance","Test":"TestRunLiveCapabilityExecutesPinnedSemanticFixtures","Output":"--- PASS: TestRunLiveCapabilityExecutesPinnedSemanticFixtures (0.01s)\n","OutputType":"frame"}
{"Time":"2026-10-09T00:05:29.570354459Z","Action":"pass","Package":"go.temporal.io/server/tools/gomad3/internal/gomadtool/conformance","Test":"TestRunLiveCapabilityExecutesPinnedSemanticFixtures","Elapsed":0.01}
{"Time":"2026-10-09T00:05:29.570434251Z","Action":"run","Package":"go.temporal.io/server/tools/gomad3/internal/gomadtool/conformance","Test":"TestRunAcceptsExecutableSymlink"}
{"Time":"2026-10-09T00:05:29.570459584Z","Action":"output","Package":"go.temporal.io/server/tools/gomad3/internal/gomadtool/conformance","Test":"TestRunAcceptsExecutableSymlink","Output":"=== RUN   TestRunAcceptsExecutableSymlink\n","OutputType":"frame"}
{"Time":"2026-10-09T00:05:29.592896084Z","Action":"output","Package":"go.temporal.io/server/tools/gomad3/internal/gomadtool/conformance","Test":"TestRunAcceptsExecutableSymlink","Output":"--- PASS: TestRunAcceptsExecutableSymlink (0.02s)\n","OutputType":"frame"}
{"Time":"2026-10-09T00:05:29.592925126Z","Action":"pass","Package":"go.temporal.io/server/tools/gomad3/internal/gomadtool/conformance","Test":"TestRunAcceptsExecutableSymlink","Elapsed":0.02}
{"Time":"2026-10-09T00:05:29.592951792Z","Action":"run","Package":"go.temporal.io/server/tools/gomad3/internal/gomadtool/conformance","Test":"TestRunUpstreamStopsAtFailedGateWithBoundedEvidence"}
{"Time":"2026-10-09T00:05:29.592965501Z","Action":"output","Package":"go.temporal.io/server/tools/gomad3/internal/gomadtool/conformance","Test":"TestRunUpstreamStopsAtFailedGateWithBoundedEvidence","Output":"=== RUN   TestRunUpstreamStopsAtFailedGateWithBoundedEvidence\n","OutputType":"frame"}
{"Time":"2026-10-09T00:05:29.597040792Z","Action":"output","Package":"go.temporal.io/server/tools/gomad3/internal/gomadtool/conformance","Test":"TestRunUpstreamStopsAtFailedGateWithBoundedEvidence","Output":"--- PASS: TestRunUpstreamStopsAtFailedGateWithBoundedEvidence (0.00s)\n","OutputType":"frame"}
{"Time":"2026-10-09T00:05:29.597111626Z","Action":"pass","Package":"go.temporal.io/server/tools/gomad3/internal/gomadtool/conformance","Test":"TestRunUpstreamStopsAtFailedGateWithBoundedEvidence","Elapsed":0}
{"Time":"2026-10-09T00:05:29.597171709Z","Action":"run","Package":"go.temporal.io/server/tools/gomad3/internal/gomadtool/conformance","Test":"TestRunRejectsUnknownModeAndMissingToolchain"}
{"Time":"2026-10-09T00:05:29.597258001Z","Action":"output","Package":"go.temporal.io/server/tools/gomad3/internal/gomadtool/conformance","Test":"TestRunRejectsUnknownModeAndMissingToolchain","Output":"=== RUN   TestRunRejectsUnknownModeAndMissingToolchain\n","OutputType":"frame"}
{"Time":"2026-10-09T00:05:29.600671084Z","Action":"run","Package":"go.temporal.io/server/tools/gomad3/internal/gomadtool/conformance","Test":"TestRunRejectsUnknownModeAndMissingToolchain/mode"}
{"Time":"2026-10-09T00:05:29.600694751Z","Action":"output","Package":"go.temporal.io/server/tools/gomad3/internal/gomadtool/conformance","Test":"TestRunRejectsUnknownModeAndMissingToolchain/mode","Output":"=== RUN   TestRunRejectsUnknownModeAndMissingToolchain/mode\n","OutputType":"frame"}
{"Time":"2026-10-09T00:05:29.600710042Z","Action":"output","Package":"go.temporal.io/server/tools/gomad3/internal/gomadtool/conformance","Test":"TestRunRejectsUnknownModeAndMissingToolchain/mode","Output":"--- PASS: TestRunRejectsUnknownModeAndMissingToolchain/mode (0.00s)\n","OutputType":"frame"}
{"Time":"2026-10-09T00:05:29.600724209Z","Action":"pass","Package":"go.temporal.io/server/tools/gomad3/internal/gomadtool/conformance","Test":"TestRunRejectsUnknownModeAndMissingToolchain/mode","Elapsed":0}
{"Time":"2026-10-09T00:05:29.600758042Z","Action":"run","Package":"go.temporal.io/server/tools/gomad3/internal/gomadtool/conformance","Test":"TestRunRejectsUnknownModeAndMissingToolchain/toolchain"}
{"Time":"2026-10-09T00:05:29.600768667Z","Action":"output","Package":"go.temporal.io/server/tools/gomad3/internal/gomadtool/conformance","Test":"TestRunRejectsUnknownModeAndMissingToolchain/toolchain","Output":"=== RUN   TestRunRejectsUnknownModeAndMissingToolchain/toolchain\n","OutputType":"frame"}
{"Time":"2026-10-09T00:05:29.600782417Z","Action":"output","Package":"go.temporal.io/server/tools/gomad3/internal/gomadtool/conformance","Test":"TestRunRejectsUnknownModeAndMissingToolchain/toolchain","Output":"--- PASS: TestRunRejectsUnknownModeAndMissingToolchain/toolchain (0.00s)\n","OutputType":"frame"}
{"Time":"2026-10-09T00:05:29.600795001Z","Action":"pass","Package":"go.temporal.io/server/tools/gomad3/internal/gomadtool/conformance","Test":"TestRunRejectsUnknownModeAndMissingToolchain/toolchain","Elapsed":0}
{"Time":"2026-10-09T00:05:29.604205376Z","Action":"output","Package":"go.temporal.io/server/tools/gomad3/internal/gomadtool/conformance","Test":"TestRunRejectsUnknownModeAndMissingToolchain","Output":"--- PASS: TestRunRejectsUnknownModeAndMissingToolchain (0.01s)\n","OutputType":"frame"}
{"Time":"2026-10-09T00:05:29.604238667Z","Action":"pass","Package":"go.temporal.io/server/tools/gomad3/internal/gomadtool/conformance","Test":"TestRunRejectsUnknownModeAndMissingToolchain","Elapsed":0.01}
{"Time":"2026-10-09T00:05:29.604248584Z","Action":"run","Package":"go.temporal.io/server/tools/gomad3/internal/gomadtool/conformance","Test":"TestRunReportsInfrastructureError"}
{"Time":"2026-10-09T00:05:29.604258667Z","Action":"output","Package":"go.temporal.io/server/tools/gomad3/internal/gomadtool/conformance","Test":"TestRunReportsInfrastructureError","Output":"=== RUN   TestRunReportsInfrastructureError\n","OutputType":"frame"}
{"Time":"2026-10-09T00:05:29.611726334Z","Action":"output","Package":"go.temporal.io/server/tools/gomad3/internal/gomadtool/conformance","Test":"TestRunReportsInfrastructureError","Output":"--- PASS: TestRunReportsInfrastructureError (0.01s)\n","OutputType":"frame"}
{"Time":"2026-10-09T00:05:29.611748001Z","Action":"pass","Package":"go.temporal.io/server/tools/gomad3/internal/gomadtool/conformance","Test":"TestRunReportsInfrastructureError","Elapsed":0.01}
{"Time":"2026-10-09T00:05:29.611766834Z","Action":"run","Package":"go.temporal.io/server/tools/gomad3/internal/gomadtool/conformance","Test":"TestRunInterceptionExecutesManifestDrivenCompilerCases"}
{"Time":"2026-10-09T00:05:29.611783792Z","Action":"output","Package":"go.temporal.io/server/tools/gomad3/internal/gomadtool/conformance","Test":"TestRunInterceptionExecutesManifestDrivenCompilerCases","Output":"=== RUN   TestRunInterceptionExecutesManifestDrivenCompilerCases\n","OutputType":"frame"}
{"Time":"2026-10-09T00:05:29.640729126Z","Action":"output","Package":"go.temporal.io/server/tools/gomad3/internal/gomadtool/conformance","Test":"TestRunInterceptionExecutesManifestDrivenCompilerCases","Output":"--- PASS: TestRunInterceptionExecutesManifestDrivenCompilerCases (0.03s)\n","OutputType":"frame"}
{"Time":"2026-10-09T00:05:29.640759542Z","Action":"pass","Package":"go.temporal.io/server/tools/gomad3/internal/gomadtool/conformance","Test":"TestRunInterceptionExecutesManifestDrivenCompilerCases","Elapsed":0.03}
{"Time":"2026-10-09T00:05:29.640772209Z","Action":"run","Package":"go.temporal.io/server/tools/gomad3/internal/gomadtool/conformance","Test":"TestRunInterceptionRejectsMissingCompiler"}
{"Time":"2026-10-09T00:05:29.640783584Z","Action":"output","Package":"go.temporal.io/server/tools/gomad3/internal/gomadtool/conformance","Test":"TestRunInterceptionRejectsMissingCompiler","Output":"=== RUN   TestRunInterceptionRejectsMissingCompiler\n","OutputType":"frame"}
{"Time":"2026-10-09T00:05:29.651206334Z","Action":"output","Package":"go.temporal.io/server/tools/gomad3/internal/gomadtool/conformance","Test":"TestRunInterceptionRejectsMissingCompiler","Output":"--- PASS: TestRunInterceptionRejectsMissingCompiler (0.01s)\n","OutputType":"frame"}
{"Time":"2026-10-09T00:05:29.651253792Z","Action":"pass","Package":"go.temporal.io/server/tools/gomad3/internal/gomadtool/conformance","Test":"TestRunInterceptionRejectsMissingCompiler","Elapsed":0.01}
{"Time":"2026-10-09T00:05:29.651268501Z","Action":"run","Package":"go.temporal.io/server/tools/gomad3/internal/gomadtool/conformance","Test":"TestExecWrapperIsStrictPOSIX"}
{"Time":"2026-10-09T00:05:29.651277751Z","Action":"output","Package":"go.temporal.io/server/tools/gomad3/internal/gomadtool/conformance","Test":"TestExecWrapperIsStrictPOSIX","Output":"=== RUN   TestExecWrapperIsStrictPOSIX\n","OutputType":"frame"}
{"Time":"2026-10-09T00:05:29.651389292Z","Action":"output","Package":"go.temporal.io/server/tools/gomad3/internal/gomadtool/conformance","Test":"TestExecWrapperIsStrictPOSIX","Output":"--- PASS: TestExecWrapperIsStrictPOSIX (0.00s)\n","OutputType":"frame"}
{"Time":"2026-10-09T00:05:29.651455126Z","Action":"pass","Package":"go.temporal.io/server/tools/gomad3/internal/gomadtool/conformance","Test":"TestExecWrapperIsStrictPOSIX","Elapsed":0}
{"Time":"2026-10-09T00:05:29.651482792Z","Action":"output","Package":"go.temporal.io/server/tools/gomad3/internal/gomadtool/conformance","Output":"PASS\n","OutputType":"frame"}
{"Time":"2026-10-09T00:05:29.651567459Z","Action":"output","Package":"go.temporal.io/server/tools/gomad3/internal/gomadtool/conformance","Output":"ok  \tgo.temporal.io/server/tools/gomad3/internal/gomadtool/conformance\t0.130s\n"}
{"Time":"2026-10-09T00:05:29.651614917Z","Action":"pass","Package":"go.temporal.io/server/tools/gomad3/internal/gomadtool/conformance","Elapsed":0.13}
