{"Time":"2026-10-09T00:24:16.736588955Z","Action":"start","Package":"go.temporal.io/server/tools/gomad3/target"}
{"Time":"2026-10-09T00:24:16.736865121Z","Action":"start","Package":"go.temporal.io/server/tools/gomad3/target/internal/gocommand"}
{"Time":"2026-10-09T00:24:16.742263996Z","Action":"run","Package":"go.temporal.io/server/tools/gomad3/target/internal/gocommand","Test":"TestStructuredCommandOutputErrorMatchesActualOutputStderr"}
{"Time":"2026-10-09T00:24:16.742410663Z","Action":"output","Package":"go.temporal.io/server/tools/gomad3/target/internal/gocommand","Test":"TestStructuredCommandOutputErrorMatchesActualOutputStderr","Output":"=== RUN   TestStructuredCommandOutputErrorMatchesActualOutputStderr\n","OutputType":"frame"}
{"Time":"2026-10-09T00:24:16.742480746Z","Action":"run","Package":"go.temporal.io/server/tools/gomad3/target/internal/gocommand","Test":"TestStructuredCommandOutputErrorMatchesActualOutputStderr/65535"}
{"Time":"2026-10-09T00:24:16.742527455Z","Action":"output","Package":"go.temporal.io/server/tools/gomad3/target/internal/gocommand","Test":"TestStructuredCommandOutputErrorMatchesActualOutputStderr/65535","Output":"=== RUN   TestStructuredCommandOutputErrorMatchesActualOutputStderr/65535\n","OutputType":"frame"}
{"Time":"2026-10-09T00:24:16.74463333Z","Action":"run","Package":"go.temporal.io/server/tools/gomad3/target","Test":"TestGoCommandSourceStandardInventoryPreservesInheritedDirectoryAndRawError"}
{"Time":"2026-10-09T00:24:16.744726621Z","Action":"output","Package":"go.temporal.io/server/tools/gomad3/target","Test":"TestGoCommandSourceStandardInventoryPreservesInheritedDirectoryAndRawError","Output":"=== RUN   TestGoCommandSourceStandardInventoryPreservesInheritedDirectoryAndRawError\n","OutputType":"frame"}
{"Time":"2026-10-09T00:24:16.747380288Z","Action":"output","Package":"go.temporal.io/server/tools/gomad3/target/internal/gocommand","Test":"TestStructuredCommandOutputErrorMatchesActualOutputStderr/65535","Output":"--- PASS: TestStructuredCommandOutputErrorMatchesActualOutputStderr/65535 (0.01s)\n","OutputType":"frame"}
{"Time":"2026-10-09T00:24:16.747475996Z","Action":"pass","Package":"go.temporal.io/server/tools/gomad3/target/internal/gocommand","Test":"TestStructuredCommandOutputErrorMatchesActualOutputStderr/65535","Elapsed":0.01}
{"Time":"2026-10-09T00:24:16.747532246Z","Action":"run","Package":"go.temporal.io/server/tools/gomad3/target/internal/gocommand","Test":"TestStructuredCommandOutputErrorMatchesActualOutputStderr/65536"}
{"Time":"2026-10-09T00:24:16.74764408Z","Action":"output","Package":"go.temporal.io/server/tools/gomad3/target/internal/gocommand","Test":"TestStructuredCommandOutputErrorMatchesActualOutputStderr/65536","Output":"=== RUN   TestStructuredCommandOutputErrorMatchesActualOutputStderr/65536\n","OutputType":"frame"}
{"Time":"2026-10-09T00:24:16.750002996Z","Action":"output","Package":"go.temporal.io/server/tools/gomad3/target","Test":"TestGoCommandSourceStandardInventoryPreservesInheritedDirectoryAndRawError","Output":"    go_command_source_test.go:461: inherited-directory outcome = *fmt.wrapError inspect pinned standard packages: exit status 7: /Users/stephan/Workspace/skunkworks/.gomad-source-gates-UsyTMX/TestGoCommandSourceStandardInventoryPreservesInheritedDirectoryA921602747\n","OutputType":"error"}
{"Time":"2026-10-09T00:24:16.750351996Z","Action":"output","Package":"go.temporal.io/server/tools/gomad3/target","Test":"TestGoCommandSourceStandardInventoryPreservesInheritedDirectoryAndRawError","Output":"--- FAIL: TestGoCommandSourceStandardInventoryPreservesInheritedDirectoryAndRawError (0.01s)\n","OutputType":"frame"}
{"Time":"2026-10-09T00:24:16.750469288Z","Action":"fail","Package":"go.temporal.io/server/tools/gomad3/target","Test":"TestGoCommandSourceStandardInventoryPreservesInheritedDirectoryAndRawError","Elapsed":0.01}
{"Time":"2026-10-09T00:24:16.750849246Z","Action":"output","Package":"go.temporal.io/server/tools/gomad3/target","Output":"FAIL\n","OutputType":"frame"}
{"Time":"2026-10-09T00:24:16.750975538Z","Action":"output","Package":"go.temporal.io/server/tools/gomad3/target","Output":"FAIL\tgo.temporal.io/server/tools/gomad3/target\t0.014s\n","OutputType":"frame"}
{"Time":"2026-10-09T00:24:16.751051496Z","Action":"fail","Package":"go.temporal.io/server/tools/gomad3/target","Elapsed":0.014}
{"Time":"2026-10-09T00:24:16.752986746Z","Action":"output","Package":"go.temporal.io/server/tools/gomad3/target/internal/gocommand","Test":"TestStructuredCommandOutputErrorMatchesActualOutputStderr/65536","Output":"--- PASS: TestStructuredCommandOutputErrorMatchesActualOutputStderr/65536 (0.01s)\n","OutputType":"frame"}
{"Time":"2026-10-09T00:24:16.75310033Z","Action":"pass","Package":"go.temporal.io/server/tools/gomad3/target/internal/gocommand","Test":"TestStructuredCommandOutputErrorMatchesActualOutputStderr/65536","Elapsed":0.01}
{"Time":"2026-10-09T00:24:16.753134455Z","Action":"run","Package":"go.temporal.io/server/tools/gomad3/target/internal/gocommand","Test":"TestStructuredCommandOutputErrorMatchesActualOutputStderr/65537"}
{"Time":"2026-10-09T00:24:16.753255163Z","Action":"output","Package":"go.temporal.io/server/tools/gomad3/target/internal/gocommand","Test":"TestStructuredCommandOutputErrorMatchesActualOutputStderr/65537","Output":"=== RUN   TestStructuredCommandOutputErrorMatchesActualOutputStderr/65537\n","OutputType":"frame"}
{"Time":"2026-10-09T00:24:16.756841663Z","Action":"output","Package":"go.temporal.io/server/tools/gomad3/target/internal/gocommand","Test":"TestStructuredCommandOutputErrorMatchesActualOutputStderr/65537","Output":"    structured_command_test.go:174: stderr projection = 65537 bytes, want original 65562\n","OutputType":"error"}
{"Time":"2026-10-09T00:24:16.757286455Z","Action":"output","Package":"go.temporal.io/server/tools/gomad3/target/internal/gocommand","Test":"TestStructuredCommandOutputErrorMatchesActualOutputStderr/65537","Output":"--- FAIL: TestStructuredCommandOutputErrorMatchesActualOutputStderr/65537 (0.00s)\n","OutputType":"frame"}
{"Time":"2026-10-09T00:24:16.75735933Z","Action":"fail","Package":"go.temporal.io/server/tools/gomad3/target/internal/gocommand","Test":"TestStructuredCommandOutputErrorMatchesActualOutputStderr/65537","Elapsed":0}
{"Time":"2026-10-09T00:24:16.757456496Z","Action":"run","Package":"go.temporal.io/server/tools/gomad3/target/internal/gocommand","Test":"TestStructuredCommandOutputErrorMatchesActualOutputStderr/4194304"}
{"Time":"2026-10-09T00:24:16.757495205Z","Action":"output","Package":"go.temporal.io/server/tools/gomad3/target/internal/gocommand","Test":"TestStructuredCommandOutputErrorMatchesActualOutputStderr/4194304","Output":"=== RUN   TestStructuredCommandOutputErrorMatchesActualOutputStderr/4194304\n","OutputType":"frame"}
{"Time":"2026-10-09T00:24:16.769591663Z","Action":"output","Package":"go.temporal.io/server/tools/gomad3/target/internal/gocommand","Test":"TestStructuredCommandOutputErrorMatchesActualOutputStderr/4194304","Output":"    structured_command_test.go:174: stderr projection = 4194304 bytes, want original 65568\n","OutputType":"error"}
{"Time":"2026-10-09T00:24:16.77005108Z","Action":"output","Package":"go.temporal.io/server/tools/gomad3/target/internal/gocommand","Test":"TestStructuredCommandOutputErrorMatchesActualOutputStderr/4194304","Output":"--- FAIL: TestStructuredCommandOutputErrorMatchesActualOutputStderr/4194304 (0.01s)\n","OutputType":"frame"}
{"Time":"2026-10-09T00:24:16.770131746Z","Action":"fail","Package":"go.temporal.io/server/tools/gomad3/target/internal/gocommand","Test":"TestStructuredCommandOutputErrorMatchesActualOutputStderr/4194304","Elapsed":0.01}
{"Time":"2026-10-09T00:24:16.770161871Z","Action":"output","Package":"go.temporal.io/server/tools/gomad3/target/internal/gocommand","Test":"TestStructuredCommandOutputErrorMatchesActualOutputStderr","Output":"--- FAIL: TestStructuredCommandOutputErrorMatchesActualOutputStderr (0.03s)\n","OutputType":"frame"}
{"Time":"2026-10-09T00:24:16.77019108Z","Action":"fail","Package":"go.temporal.io/server/tools/gomad3/target/internal/gocommand","Test":"TestStructuredCommandOutputErrorMatchesActualOutputStderr","Elapsed":0.03}
{"Time":"2026-10-09T00:24:16.770213621Z","Action":"output","Package":"go.temporal.io/server/tools/gomad3/target/internal/gocommand","Output":"FAIL\n","OutputType":"frame"}
{"Time":"2026-10-09T00:24:16.77024733Z","Action":"output","Package":"go.temporal.io/server/tools/gomad3/target/internal/gocommand","Output":"FAIL\tgo.temporal.io/server/tools/gomad3/target/internal/gocommand\t0.033s\n","OutputType":"frame"}
{"Time":"2026-10-09T00:24:16.770267538Z","Action":"fail","Package":"go.temporal.io/server/tools/gomad3/target/internal/gocommand","Elapsed":0.033}
