{"Time":"2026-10-09T00:09:36.468964743Z","Action":"start","Package":"go.temporal.io/server/tools/gomad3/upgrade"}
{"Time":"2026-10-09T00:09:36.473710952Z","Action":"run","Package":"go.temporal.io/server/tools/gomad3/upgrade","Test":"TestRunRenderingFailurePreservesGateEvidence"}
{"Time":"2026-10-09T00:09:36.473765618Z","Action":"output","Package":"go.temporal.io/server/tools/gomad3/upgrade","Test":"TestRunRenderingFailurePreservesGateEvidence","Output":"=== RUN   TestRunRenderingFailurePreservesGateEvidence\n","OutputType":"frame"}
{"Time":"2026-10-09T00:09:36.473789243Z","Action":"run","Package":"go.temporal.io/server/tools/gomad3/upgrade","Test":"TestRunRenderingFailurePreservesGateEvidence/qualified"}
{"Time":"2026-10-09T00:09:36.47379991Z","Action":"output","Package":"go.temporal.io/server/tools/gomad3/upgrade","Test":"TestRunRenderingFailurePreservesGateEvidence/qualified","Output":"=== RUN   TestRunRenderingFailurePreservesGateEvidence/qualified\n","OutputType":"frame"}
{"Time":"2026-10-09T00:09:36.50455266Z","Action":"run","Package":"go.temporal.io/server/tools/gomad3/upgrade","Test":"TestRunRenderingFailurePreservesGateEvidence/qualified/write1"}
{"Time":"2026-10-09T00:09:36.504606118Z","Action":"output","Package":"go.temporal.io/server/tools/gomad3/upgrade","Test":"TestRunRenderingFailurePreservesGateEvidence/qualified/write1","Output":"=== RUN   TestRunRenderingFailurePreservesGateEvidence/qualified/write1\n","OutputType":"frame"}
{"Time":"2026-10-09T00:09:36.524018993Z","Action":"output","Package":"go.temporal.io/server/tools/gomad3/upgrade","Test":"TestRunRenderingFailurePreservesGateEvidence/qualified/write1","Output":"--- PASS: TestRunRenderingFailurePreservesGateEvidence/qualified/write1 (0.02s)\n","OutputType":"frame"}
{"Time":"2026-10-09T00:09:36.524064577Z","Action":"pass","Package":"go.temporal.io/server/tools/gomad3/upgrade","Test":"TestRunRenderingFailurePreservesGateEvidence/qualified/write1","Elapsed":0.02}
{"Time":"2026-10-09T00:09:36.524114577Z","Action":"run","Package":"go.temporal.io/server/tools/gomad3/upgrade","Test":"TestRunRenderingFailurePreservesGateEvidence/qualified/write2"}
{"Time":"2026-10-09T00:09:36.524158285Z","Action":"output","Package":"go.temporal.io/server/tools/gomad3/upgrade","Test":"TestRunRenderingFailurePreservesGateEvidence/qualified/write2","Output":"=== RUN   TestRunRenderingFailurePreservesGateEvidence/qualified/write2\n","OutputType":"frame"}
{"Time":"2026-10-09T00:09:36.53541866Z","Action":"output","Package":"go.temporal.io/server/tools/gomad3/upgrade","Test":"TestRunRenderingFailurePreservesGateEvidence/qualified/write2","Output":"--- PASS: TestRunRenderingFailurePreservesGateEvidence/qualified/write2 (0.01s)\n","OutputType":"frame"}
{"Time":"2026-10-09T00:09:36.535455618Z","Action":"pass","Package":"go.temporal.io/server/tools/gomad3/upgrade","Test":"TestRunRenderingFailurePreservesGateEvidence/qualified/write2","Elapsed":0.01}
{"Time":"2026-10-09T00:09:36.536614118Z","Action":"output","Package":"go.temporal.io/server/tools/gomad3/upgrade","Test":"TestRunRenderingFailurePreservesGateEvidence/qualified","Output":"--- PASS: TestRunRenderingFailurePreservesGateEvidence/qualified (0.06s)\n","OutputType":"frame"}
{"Time":"2026-10-09T00:09:36.536657202Z","Action":"pass","Package":"go.temporal.io/server/tools/gomad3/upgrade","Test":"TestRunRenderingFailurePreservesGateEvidence/qualified","Elapsed":0.06}
{"Time":"2026-10-09T00:09:36.536703452Z","Action":"run","Package":"go.temporal.io/server/tools/gomad3/upgrade","Test":"TestRunRenderingFailurePreservesGateEvidence/gate"}
{"Time":"2026-10-09T00:09:36.53672166Z","Action":"output","Package":"go.temporal.io/server/tools/gomad3/upgrade","Test":"TestRunRenderingFailurePreservesGateEvidence/gate","Output":"=== RUN   TestRunRenderingFailurePreservesGateEvidence/gate\n","OutputType":"frame"}
{"Time":"2026-10-09T00:09:36.552501452Z","Action":"run","Package":"go.temporal.io/server/tools/gomad3/upgrade","Test":"TestRunRenderingFailurePreservesGateEvidence/gate/write1"}
{"Time":"2026-10-09T00:09:36.552535535Z","Action":"output","Package":"go.temporal.io/server/tools/gomad3/upgrade","Test":"TestRunRenderingFailurePreservesGateEvidence/gate/write1","Output":"=== RUN   TestRunRenderingFailurePreservesGateEvidence/gate/write1\n","OutputType":"frame"}
{"Time":"2026-10-09T00:09:36.557394702Z","Action":"output","Package":"go.temporal.io/server/tools/gomad3/upgrade","Test":"TestRunRenderingFailurePreservesGateEvidence/gate/write1","Output":"--- PASS: TestRunRenderingFailurePreservesGateEvidence/gate/write1 (0.00s)\n","OutputType":"frame"}
{"Time":"2026-10-09T00:09:36.557443535Z","Action":"pass","Package":"go.temporal.io/server/tools/gomad3/upgrade","Test":"TestRunRenderingFailurePreservesGateEvidence/gate/write1","Elapsed":0}
{"Time":"2026-10-09T00:09:36.557471368Z","Action":"run","Package":"go.temporal.io/server/tools/gomad3/upgrade","Test":"TestRunRenderingFailurePreservesGateEvidence/gate/write2"}
{"Time":"2026-10-09T00:09:36.557498743Z","Action":"output","Package":"go.temporal.io/server/tools/gomad3/upgrade","Test":"TestRunRenderingFailurePreservesGateEvidence/gate/write2","Output":"=== RUN   TestRunRenderingFailurePreservesGateEvidence/gate/write2\n","OutputType":"frame"}
{"Time":"2026-10-09T00:09:36.560405952Z","Action":"output","Package":"go.temporal.io/server/tools/gomad3/upgrade","Test":"TestRunRenderingFailurePreservesGateEvidence/gate/write2","Output":"--- PASS: TestRunRenderingFailurePreservesGateEvidence/gate/write2 (0.00s)\n","OutputType":"frame"}
{"Time":"2026-10-09T00:09:36.560429452Z","Action":"pass","Package":"go.temporal.io/server/tools/gomad3/upgrade","Test":"TestRunRenderingFailurePreservesGateEvidence/gate/write2","Elapsed":0}
{"Time":"2026-10-09T00:09:36.561778202Z","Action":"output","Package":"go.temporal.io/server/tools/gomad3/upgrade","Test":"TestRunRenderingFailurePreservesGateEvidence/gate","Output":"--- PASS: TestRunRenderingFailurePreservesGateEvidence/gate (0.03s)\n","OutputType":"frame"}
{"Time":"2026-10-09T00:09:36.561805618Z","Action":"pass","Package":"go.temporal.io/server/tools/gomad3/upgrade","Test":"TestRunRenderingFailurePreservesGateEvidence/gate","Elapsed":0.03}
{"Time":"2026-10-09T00:09:36.561820702Z","Action":"run","Package":"go.temporal.io/server/tools/gomad3/upgrade","Test":"TestRunRenderingFailurePreservesGateEvidence/host"}
{"Time":"2026-10-09T00:09:36.561843577Z","Action":"output","Package":"go.temporal.io/server/tools/gomad3/upgrade","Test":"TestRunRenderingFailurePreservesGateEvidence/host","Output":"=== RUN   TestRunRenderingFailurePreservesGateEvidence/host\n","OutputType":"frame"}
{"Time":"2026-10-09T00:09:36.577444077Z","Action":"run","Package":"go.temporal.io/server/tools/gomad3/upgrade","Test":"TestRunRenderingFailurePreservesGateEvidence/host/write1"}
{"Time":"2026-10-09T00:09:36.577483785Z","Action":"output","Package":"go.temporal.io/server/tools/gomad3/upgrade","Test":"TestRunRenderingFailurePreservesGateEvidence/host/write1","Output":"=== RUN   TestRunRenderingFailurePreservesGateEvidence/host/write1\n","OutputType":"frame"}
{"Time":"2026-10-09T00:09:36.582697785Z","Action":"output","Package":"go.temporal.io/server/tools/gomad3/upgrade","Test":"TestRunRenderingFailurePreservesGateEvidence/host/write1","Output":"--- PASS: TestRunRenderingFailurePreservesGateEvidence/host/write1 (0.01s)\n","OutputType":"frame"}
{"Time":"2026-10-09T00:09:36.582726493Z","Action":"pass","Package":"go.temporal.io/server/tools/gomad3/upgrade","Test":"TestRunRenderingFailurePreservesGateEvidence/host/write1","Elapsed":0.01}
{"Time":"2026-10-09T00:09:36.58274716Z","Action":"run","Package":"go.temporal.io/server/tools/gomad3/upgrade","Test":"TestRunRenderingFailurePreservesGateEvidence/host/write2"}
{"Time":"2026-10-09T00:09:36.582776118Z","Action":"output","Package":"go.temporal.io/server/tools/gomad3/upgrade","Test":"TestRunRenderingFailurePreservesGateEvidence/host/write2","Output":"=== RUN   TestRunRenderingFailurePreservesGateEvidence/host/write2\n","OutputType":"frame"}
{"Time":"2026-10-09T00:09:36.587815118Z","Action":"output","Package":"go.temporal.io/server/tools/gomad3/upgrade","Test":"TestRunRenderingFailurePreservesGateEvidence/host/write2","Output":"--- PASS: TestRunRenderingFailurePreservesGateEvidence/host/write2 (0.01s)\n","OutputType":"frame"}
{"Time":"2026-10-09T00:09:36.587851743Z","Action":"pass","Package":"go.temporal.io/server/tools/gomad3/upgrade","Test":"TestRunRenderingFailurePreservesGateEvidence/host/write2","Elapsed":0.01}
{"Time":"2026-10-09T00:09:36.589771743Z","Action":"output","Package":"go.temporal.io/server/tools/gomad3/upgrade","Test":"TestRunRenderingFailurePreservesGateEvidence/host","Output":"--- PASS: TestRunRenderingFailurePreservesGateEvidence/host (0.03s)\n","OutputType":"frame"}
{"Time":"2026-10-09T00:09:36.589795368Z","Action":"pass","Package":"go.temporal.io/server/tools/gomad3/upgrade","Test":"TestRunRenderingFailurePreservesGateEvidence/host","Elapsed":0.03}
{"Time":"2026-10-09T00:09:36.589809868Z","Action":"run","Package":"go.temporal.io/server/tools/gomad3/upgrade","Test":"TestRunRenderingFailurePreservesGateEvidence/publication"}
{"Time":"2026-10-09T00:09:36.589823035Z","Action":"output","Package":"go.temporal.io/server/tools/gomad3/upgrade","Test":"TestRunRenderingFailurePreservesGateEvidence/publication","Output":"=== RUN   TestRunRenderingFailurePreservesGateEvidence/publication\n","OutputType":"frame"}
{"Time":"2026-10-09T00:09:36.601041535Z","Action":"run","Package":"go.temporal.io/server/tools/gomad3/upgrade","Test":"TestRunRenderingFailurePreservesGateEvidence/publication/write1"}
{"Time":"2026-10-09T00:09:36.601077118Z","Action":"output","Package":"go.temporal.io/server/tools/gomad3/upgrade","Test":"TestRunRenderingFailurePreservesGateEvidence/publication/write1","Output":"=== RUN   TestRunRenderingFailurePreservesGateEvidence/publication/write1\n","OutputType":"frame"}
{"Time":"2026-10-09T00:09:36.605758868Z","Action":"output","Package":"go.temporal.io/server/tools/gomad3/upgrade","Test":"TestRunRenderingFailurePreservesGateEvidence/publication/write1","Output":"--- PASS: TestRunRenderingFailurePreservesGateEvidence/publication/write1 (0.00s)\n","OutputType":"frame"}
{"Time":"2026-10-09T00:09:36.605789118Z","Action":"pass","Package":"go.temporal.io/server/tools/gomad3/upgrade","Test":"TestRunRenderingFailurePreservesGateEvidence/publication/write1","Elapsed":0}
{"Time":"2026-10-09T00:09:36.605813368Z","Action":"run","Package":"go.temporal.io/server/tools/gomad3/upgrade","Test":"TestRunRenderingFailurePreservesGateEvidence/publication/write2"}
{"Time":"2026-10-09T00:09:36.605847785Z","Action":"output","Package":"go.temporal.io/server/tools/gomad3/upgrade","Test":"TestRunRenderingFailurePreservesGateEvidence/publication/write2","Output":"=== RUN   TestRunRenderingFailurePreservesGateEvidence/publication/write2\n","OutputType":"frame"}
{"Time":"2026-10-09T00:09:36.608236368Z","Action":"output","Package":"go.temporal.io/server/tools/gomad3/upgrade","Test":"TestRunRenderingFailurePreservesGateEvidence/publication/write2","Output":"--- PASS: TestRunRenderingFailurePreservesGateEvidence/publication/write2 (0.00s)\n","OutputType":"frame"}
{"Time":"2026-10-09T00:09:36.608263035Z","Action":"pass","Package":"go.temporal.io/server/tools/gomad3/upgrade","Test":"TestRunRenderingFailurePreservesGateEvidence/publication/write2","Elapsed":0}
{"Time":"2026-10-09T00:09:36.609740243Z","Action":"output","Package":"go.temporal.io/server/tools/gomad3/upgrade","Test":"TestRunRenderingFailurePreservesGateEvidence/publication","Output":"--- PASS: TestRunRenderingFailurePreservesGateEvidence/publication (0.02s)\n","OutputType":"frame"}
{"Time":"2026-10-09T00:09:36.609763827Z","Action":"pass","Package":"go.temporal.io/server/tools/gomad3/upgrade","Test":"TestRunRenderingFailurePreservesGateEvidence/publication","Elapsed":0.02}
{"Time":"2026-10-09T00:09:36.609777868Z","Action":"run","Package":"go.temporal.io/server/tools/gomad3/upgrade","Test":"TestRunRenderingFailurePreservesGateEvidence/corpus"}
{"Time":"2026-10-09T00:09:36.609788243Z","Action":"output","Package":"go.temporal.io/server/tools/gomad3/upgrade","Test":"TestRunRenderingFailurePreservesGateEvidence/corpus","Output":"=== RUN   TestRunRenderingFailurePreservesGateEvidence/corpus\n","OutputType":"frame"}
{"Time":"2026-10-09T00:09:36.62129941Z","Action":"run","Package":"go.temporal.io/server/tools/gomad3/upgrade","Test":"TestRunRenderingFailurePreservesGateEvidence/corpus/write1"}
{"Time":"2026-10-09T00:09:36.621339993Z","Action":"output","Package":"go.temporal.io/server/tools/gomad3/upgrade","Test":"TestRunRenderingFailurePreservesGateEvidence/corpus/write1","Output":"=== RUN   TestRunRenderingFailurePreservesGateEvidence/corpus/write1\n","OutputType":"frame"}
{"Time":"2026-10-09T00:09:36.625341952Z","Action":"output","Package":"go.temporal.io/server/tools/gomad3/upgrade","Test":"TestRunRenderingFailurePreservesGateEvidence/corpus/write1","Output":"--- PASS: TestRunRenderingFailurePreservesGateEvidence/corpus/write1 (0.00s)\n","OutputType":"frame"}
{"Time":"2026-10-09T00:09:36.625382868Z","Action":"pass","Package":"go.temporal.io/server/tools/gomad3/upgrade","Test":"TestRunRenderingFailurePreservesGateEvidence/corpus/write1","Elapsed":0}
{"Time":"2026-10-09T00:09:36.625401118Z","Action":"run","Package":"go.temporal.io/server/tools/gomad3/upgrade","Test":"TestRunRenderingFailurePreservesGateEvidence/corpus/write2"}
{"Time":"2026-10-09T00:09:36.625424618Z","Action":"output","Package":"go.temporal.io/server/tools/gomad3/upgrade","Test":"TestRunRenderingFailurePreservesGateEvidence/corpus/write2","Output":"=== RUN   TestRunRenderingFailurePreservesGateEvidence/corpus/write2\n","OutputType":"frame"}
{"Time":"2026-10-09T00:09:36.629206618Z","Action":"output","Package":"go.temporal.io/server/tools/gomad3/upgrade","Test":"TestRunRenderingFailurePreservesGateEvidence/corpus/write2","Output":"--- PASS: TestRunRenderingFailurePreservesGateEvidence/corpus/write2 (0.00s)\n","OutputType":"frame"}
{"Time":"2026-10-09T00:09:36.629227952Z","Action":"pass","Package":"go.temporal.io/server/tools/gomad3/upgrade","Test":"TestRunRenderingFailurePreservesGateEvidence/corpus/write2","Elapsed":0}
{"Time":"2026-10-09T00:09:36.63026766Z","Action":"output","Package":"go.temporal.io/server/tools/gomad3/upgrade","Test":"TestRunRenderingFailurePreservesGateEvidence/corpus","Output":"--- PASS: TestRunRenderingFailurePreservesGateEvidence/corpus (0.02s)\n","OutputType":"frame"}
{"Time":"2026-10-09T00:09:36.630297077Z","Action":"pass","Package":"go.temporal.io/server/tools/gomad3/upgrade","Test":"TestRunRenderingFailurePreservesGateEvidence/corpus","Elapsed":0.02}
{"Time":"2026-10-09T00:09:36.63032141Z","Action":"run","Package":"go.temporal.io/server/tools/gomad3/upgrade","Test":"TestRunRenderingFailurePreservesGateEvidence/baseline"}
{"Time":"2026-10-09T00:09:36.630340785Z","Action":"output","Package":"go.temporal.io/server/tools/gomad3/upgrade","Test":"TestRunRenderingFailurePreservesGateEvidence/baseline","Output":"=== RUN   TestRunRenderingFailurePreservesGateEvidence/baseline\n","OutputType":"frame"}
{"Time":"2026-10-09T00:09:36.641274993Z","Action":"run","Package":"go.temporal.io/server/tools/gomad3/upgrade","Test":"TestRunRenderingFailurePreservesGateEvidence/baseline/write1"}
{"Time":"2026-10-09T00:09:36.641298868Z","Action":"output","Package":"go.temporal.io/server/tools/gomad3/upgrade","Test":"TestRunRenderingFailurePreservesGateEvidence/baseline/write1","Output":"=== RUN   TestRunRenderingFailurePreservesGateEvidence/baseline/write1\n","OutputType":"frame"}
{"Time":"2026-10-09T00:09:36.645765285Z","Action":"output","Package":"go.temporal.io/server/tools/gomad3/upgrade","Test":"TestRunRenderingFailurePreservesGateEvidence/baseline/write1","Output":"--- PASS: TestRunRenderingFailurePreservesGateEvidence/baseline/write1 (0.00s)\n","OutputType":"frame"}
{"Time":"2026-10-09T00:09:36.645807327Z","Action":"pass","Package":"go.temporal.io/server/tools/gomad3/upgrade","Test":"TestRunRenderingFailurePreservesGateEvidence/baseline/write1","Elapsed":0}
{"Time":"2026-10-09T00:09:36.645839743Z","Action":"run","Package":"go.temporal.io/server/tools/gomad3/upgrade","Test":"TestRunRenderingFailurePreservesGateEvidence/baseline/write2"}
{"Time":"2026-10-09T00:09:36.645862493Z","Action":"output","Package":"go.temporal.io/server/tools/gomad3/upgrade","Test":"TestRunRenderingFailurePreservesGateEvidence/baseline/write2","Output":"=== RUN   TestRunRenderingFailurePreservesGateEvidence/baseline/write2\n","OutputType":"frame"}
{"Time":"2026-10-09T00:09:36.650434035Z","Action":"output","Package":"go.temporal.io/server/tools/gomad3/upgrade","Test":"TestRunRenderingFailurePreservesGateEvidence/baseline/write2","Output":"--- PASS: TestRunRenderingFailurePreservesGateEvidence/baseline/write2 (0.00s)\n","OutputType":"frame"}
{"Time":"2026-10-09T00:09:36.650467118Z","Action":"pass","Package":"go.temporal.io/server/tools/gomad3/upgrade","Test":"TestRunRenderingFailurePreservesGateEvidence/baseline/write2","Elapsed":0}
{"Time":"2026-10-09T00:09:36.651372035Z","Action":"output","Package":"go.temporal.io/server/tools/gomad3/upgrade","Test":"TestRunRenderingFailurePreservesGateEvidence/baseline","Output":"--- PASS: TestRunRenderingFailurePreservesGateEvidence/baseline (0.02s)\n","OutputType":"frame"}
{"Time":"2026-10-09T00:09:36.651398202Z","Action":"pass","Package":"go.temporal.io/server/tools/gomad3/upgrade","Test":"TestRunRenderingFailurePreservesGateEvidence/baseline","Elapsed":0.02}
{"Time":"2026-10-09T00:09:36.651429493Z","Action":"run","Package":"go.temporal.io/server/tools/gomad3/upgrade","Test":"TestRunRenderingFailurePreservesGateEvidence/boundary"}
{"Time":"2026-10-09T00:09:36.651450702Z","Action":"output","Package":"go.temporal.io/server/tools/gomad3/upgrade","Test":"TestRunRenderingFailurePreservesGateEvidence/boundary","Output":"=== RUN   TestRunRenderingFailurePreservesGateEvidence/boundary\n","OutputType":"frame"}
{"Time":"2026-10-09T00:09:36.664226035Z","Action":"run","Package":"go.temporal.io/server/tools/gomad3/upgrade","Test":"TestRunRenderingFailurePreservesGateEvidence/boundary/write1"}
{"Time":"2026-10-09T00:09:36.66425816Z","Action":"output","Package":"go.temporal.io/server/tools/gomad3/upgrade","Test":"TestRunRenderingFailurePreservesGateEvidence/boundary/write1","Output":"=== RUN   TestRunRenderingFailurePreservesGateEvidence/boundary/write1\n","OutputType":"frame"}
{"Time":"2026-10-09T00:09:36.668930285Z","Action":"output","Package":"go.temporal.io/server/tools/gomad3/upgrade","Test":"TestRunRenderingFailurePreservesGateEvidence/boundary/write1","Output":"--- PASS: TestRunRenderingFailurePreservesGateEvidence/boundary/write1 (0.00s)\n","OutputType":"frame"}
{"Time":"2026-10-09T00:09:36.668967452Z","Action":"pass","Package":"go.temporal.io/server/tools/gomad3/upgrade","Test":"TestRunRenderingFailurePreservesGateEvidence/boundary/write1","Elapsed":0}
{"Time":"2026-10-09T00:09:36.668993035Z","Action":"run","Package":"go.temporal.io/server/tools/gomad3/upgrade","Test":"TestRunRenderingFailurePreservesGateEvidence/boundary/write2"}
{"Time":"2026-10-09T00:09:36.669032785Z","Action":"output","Package":"go.temporal.io/server/tools/gomad3/upgrade","Test":"TestRunRenderingFailurePreservesGateEvidence/boundary/write2","Output":"=== RUN   TestRunRenderingFailurePreservesGateEvidence/boundary/write2\n","OutputType":"frame"}
{"Time":"2026-10-09T00:09:36.674074702Z","Action":"output","Package":"go.temporal.io/server/tools/gomad3/upgrade","Test":"TestRunRenderingFailurePreservesGateEvidence/boundary/write2","Output":"--- PASS: TestRunRenderingFailurePreservesGateEvidence/boundary/write2 (0.01s)\n","OutputType":"frame"}
{"Time":"2026-10-09T00:09:36.674113077Z","Action":"pass","Package":"go.temporal.io/server/tools/gomad3/upgrade","Test":"TestRunRenderingFailurePreservesGateEvidence/boundary/write2","Elapsed":0.01}
{"Time":"2026-10-09T00:09:36.675134868Z","Action":"output","Package":"go.temporal.io/server/tools/gomad3/upgrade","Test":"TestRunRenderingFailurePreservesGateEvidence/boundary","Output":"--- PASS: TestRunRenderingFailurePreservesGateEvidence/boundary (0.02s)\n","OutputType":"frame"}
{"Time":"2026-10-09T00:09:36.675155035Z","Action":"pass","Package":"go.temporal.io/server/tools/gomad3/upgrade","Test":"TestRunRenderingFailurePreservesGateEvidence/boundary","Elapsed":0.02}
{"Time":"2026-10-09T00:09:36.675167077Z","Action":"output","Package":"go.temporal.io/server/tools/gomad3/upgrade","Test":"TestRunRenderingFailurePreservesGateEvidence","Output":"--- PASS: TestRunRenderingFailurePreservesGateEvidence (0.20s)\n","OutputType":"frame"}
{"Time":"2026-10-09T00:09:36.675188452Z","Action":"pass","Package":"go.temporal.io/server/tools/gomad3/upgrade","Test":"TestRunRenderingFailurePreservesGateEvidence","Elapsed":0.2}
{"Time":"2026-10-09T00:09:36.675214868Z","Action":"run","Package":"go.temporal.io/server/tools/gomad3/upgrade","Test":"TestOverlayArchiveCleanupFailure"}
{"Time":"2026-10-09T00:09:36.675258535Z","Action":"output","Package":"go.temporal.io/server/tools/gomad3/upgrade","Test":"TestOverlayArchiveCleanupFailure","Output":"=== RUN   TestOverlayArchiveCleanupFailure\n","OutputType":"frame"}
{"Time":"2026-10-09T00:09:36.675278535Z","Action":"run","Package":"go.temporal.io/server/tools/gomad3/upgrade","Test":"TestOverlayArchiveCleanupFailure/read_and_close_fail"}
{"Time":"2026-10-09T00:09:36.675304368Z","Action":"output","Package":"go.temporal.io/server/tools/gomad3/upgrade","Test":"TestOverlayArchiveCleanupFailure/read_and_close_fail","Output":"=== RUN   TestOverlayArchiveCleanupFailure/read_and_close_fail\n","OutputType":"frame"}
{"Time":"2026-10-09T00:09:36.678934535Z","Action":"output","Package":"go.temporal.io/server/tools/gomad3/upgrade","Test":"TestOverlayArchiveCleanupFailure/read_and_close_fail","Output":"--- PASS: TestOverlayArchiveCleanupFailure/read_and_close_fail (0.00s)\n","OutputType":"frame"}
{"Time":"2026-10-09T00:09:36.67896091Z","Action":"pass","Package":"go.temporal.io/server/tools/gomad3/upgrade","Test":"TestOverlayArchiveCleanupFailure/read_and_close_fail","Elapsed":0}
{"Time":"2026-10-09T00:09:36.678990035Z","Action":"run","Package":"go.temporal.io/server/tools/gomad3/upgrade","Test":"TestOverlayArchiveCleanupFailure/tar_ends_before_stored_deflate_error"}
{"Time":"2026-10-09T00:09:36.679020202Z","Action":"output","Package":"go.temporal.io/server/tools/gomad3/upgrade","Test":"TestOverlayArchiveCleanupFailure/tar_ends_before_stored_deflate_error","Output":"=== RUN   TestOverlayArchiveCleanupFailure/tar_ends_before_stored_deflate_error\n","OutputType":"frame"}
{"Time":"2026-10-09T00:09:36.68228991Z","Action":"output","Package":"go.temporal.io/server/tools/gomad3/upgrade","Test":"TestOverlayArchiveCleanupFailure/tar_ends_before_stored_deflate_error","Output":"--- PASS: TestOverlayArchiveCleanupFailure/tar_ends_before_stored_deflate_error (0.00s)\n","OutputType":"frame"}
{"Time":"2026-10-09T00:09:36.682323743Z","Action":"pass","Package":"go.temporal.io/server/tools/gomad3/upgrade","Test":"TestOverlayArchiveCleanupFailure/tar_ends_before_stored_deflate_error","Elapsed":0}
{"Time":"2026-10-09T00:09:36.682345618Z","Action":"output","Package":"go.temporal.io/server/tools/gomad3/upgrade","Test":"TestOverlayArchiveCleanupFailure","Output":"--- PASS: TestOverlayArchiveCleanupFailure (0.01s)\n","OutputType":"frame"}
{"Time":"2026-10-09T00:09:36.682373285Z","Action":"pass","Package":"go.temporal.io/server/tools/gomad3/upgrade","Test":"TestOverlayArchiveCleanupFailure","Elapsed":0.01}
{"Time":"2026-10-09T00:09:36.682399118Z","Action":"run","Package":"go.temporal.io/server/tools/gomad3/upgrade","Test":"TestRunPublishesFailedGateEvidence"}
{"Time":"2026-10-09T00:09:36.68243066Z","Action":"output","Package":"go.temporal.io/server/tools/gomad3/upgrade","Test":"TestRunPublishesFailedGateEvidence","Output":"=== RUN   TestRunPublishesFailedGateEvidence\n","OutputType":"frame"}
{"Time":"2026-10-09T00:09:36.692244452Z","Action":"output","Package":"go.temporal.io/server/tools/gomad3/upgrade","Test":"TestRunPublishesFailedGateEvidence","Output":"--- PASS: TestRunPublishesFailedGateEvidence (0.01s)\n","OutputType":"frame"}
{"Time":"2026-10-09T00:09:36.692275868Z","Action":"pass","Package":"go.temporal.io/server/tools/gomad3/upgrade","Test":"TestRunPublishesFailedGateEvidence","Elapsed":0.01}
{"Time":"2026-10-09T00:09:36.692296202Z","Action":"run","Package":"go.temporal.io/server/tools/gomad3/upgrade","Test":"TestRunReplacesExistingDossierAfterFailedGate"}
{"Time":"2026-10-09T00:09:36.692319827Z","Action":"output","Package":"go.temporal.io/server/tools/gomad3/upgrade","Test":"TestRunReplacesExistingDossierAfterFailedGate","Output":"=== RUN   TestRunReplacesExistingDossierAfterFailedGate\n","OutputType":"frame"}
{"Time":"2026-10-09T00:09:36.70034966Z","Action":"output","Package":"go.temporal.io/server/tools/gomad3/upgrade","Test":"TestRunReplacesExistingDossierAfterFailedGate","Output":"--- PASS: TestRunReplacesExistingDossierAfterFailedGate (0.01s)\n","OutputType":"frame"}
{"Time":"2026-10-09T00:09:36.700384743Z","Action":"pass","Package":"go.temporal.io/server/tools/gomad3/upgrade","Test":"TestRunReplacesExistingDossierAfterFailedGate","Elapsed":0.01}
{"Time":"2026-10-09T00:09:36.700402952Z","Action":"run","Package":"go.temporal.io/server/tools/gomad3/upgrade","Test":"TestRunReportsPublicationFailureAndKeepsPriorDossier"}
{"Time":"2026-10-09T00:09:36.70041966Z","Action":"output","Package":"go.temporal.io/server/tools/gomad3/upgrade","Test":"TestRunReportsPublicationFailureAndKeepsPriorDossier","Output":"=== RUN   TestRunReportsPublicationFailureAndKeepsPriorDossier\n","OutputType":"frame"}
{"Time":"2026-10-09T00:09:36.700442868Z","Action":"run","Package":"go.temporal.io/server/tools/gomad3/upgrade","Test":"TestRunReportsPublicationFailureAndKeepsPriorDossier/replacement_cannot_be_created"}
{"Time":"2026-10-09T00:09:36.70046416Z","Action":"output","Package":"go.temporal.io/server/tools/gomad3/upgrade","Test":"TestRunReportsPublicationFailureAndKeepsPriorDossier/replacement_cannot_be_created","Output":"=== RUN   TestRunReportsPublicationFailureAndKeepsPriorDossier/replacement_cannot_be_created\n","OutputType":"frame"}
{"Time":"2026-10-09T00:09:36.706543202Z","Action":"output","Package":"go.temporal.io/server/tools/gomad3/upgrade","Test":"TestRunReportsPublicationFailureAndKeepsPriorDossier/replacement_cannot_be_created","Output":"--- PASS: TestRunReportsPublicationFailureAndKeepsPriorDossier/replacement_cannot_be_created (0.01s)\n","OutputType":"frame"}
{"Time":"2026-10-09T00:09:36.706567785Z","Action":"pass","Package":"go.temporal.io/server/tools/gomad3/upgrade","Test":"TestRunReportsPublicationFailureAndKeepsPriorDossier/replacement_cannot_be_created","Elapsed":0.01}
{"Time":"2026-10-09T00:09:36.706581868Z","Action":"run","Package":"go.temporal.io/server/tools/gomad3/upgrade","Test":"TestRunReportsPublicationFailureAndKeepsPriorDossier/parent_is_a_file"}
{"Time":"2026-10-09T00:09:36.70659291Z","Action":"output","Package":"go.temporal.io/server/tools/gomad3/upgrade","Test":"TestRunReportsPublicationFailureAndKeepsPriorDossier/parent_is_a_file","Output":"=== RUN   TestRunReportsPublicationFailureAndKeepsPriorDossier/parent_is_a_file\n","OutputType":"frame"}
{"Time":"2026-10-09T00:09:36.715219785Z","Action":"output","Package":"go.temporal.io/server/tools/gomad3/upgrade","Test":"TestRunReportsPublicationFailureAndKeepsPriorDossier/parent_is_a_file","Output":"--- PASS: TestRunReportsPublicationFailureAndKeepsPriorDossier/parent_is_a_file (0.01s)\n","OutputType":"frame"}
{"Time":"2026-10-09T00:09:36.715258452Z","Action":"pass","Package":"go.temporal.io/server/tools/gomad3/upgrade","Test":"TestRunReportsPublicationFailureAndKeepsPriorDossier/parent_is_a_file","Elapsed":0.01}
{"Time":"2026-10-09T00:09:36.71527191Z","Action":"run","Package":"go.temporal.io/server/tools/gomad3/upgrade","Test":"TestRunReportsPublicationFailureAndKeepsPriorDossier/replacement_cannot_be_renamed"}
{"Time":"2026-10-09T00:09:36.715306285Z","Action":"output","Package":"go.temporal.io/server/tools/gomad3/upgrade","Test":"TestRunReportsPublicationFailureAndKeepsPriorDossier/replacement_cannot_be_renamed","Output":"=== RUN   TestRunReportsPublicationFailureAndKeepsPriorDossier/replacement_cannot_be_renamed\n","OutputType":"frame"}
{"Time":"2026-10-09T00:09:36.724710327Z","Action":"output","Package":"go.temporal.io/server/tools/gomad3/upgrade","Test":"TestRunReportsPublicationFailureAndKeepsPriorDossier/replacement_cannot_be_renamed","Output":"--- PASS: TestRunReportsPublicationFailureAndKeepsPriorDossier/replacement_cannot_be_renamed (0.01s)\n","OutputType":"frame"}
{"Time":"2026-10-09T00:09:36.724759327Z","Action":"pass","Package":"go.temporal.io/server/tools/gomad3/upgrade","Test":"TestRunReportsPublicationFailureAndKeepsPriorDossier/replacement_cannot_be_renamed","Elapsed":0.01}
{"Time":"2026-10-09T00:09:36.724798993Z","Action":"output","Package":"go.temporal.io/server/tools/gomad3/upgrade","Test":"TestRunReportsPublicationFailureAndKeepsPriorDossier","Output":"--- PASS: TestRunReportsPublicationFailureAndKeepsPriorDossier (0.02s)\n","OutputType":"frame"}
{"Time":"2026-10-09T00:09:36.724819077Z","Action":"pass","Package":"go.temporal.io/server/tools/gomad3/upgrade","Test":"TestRunReportsPublicationFailureAndKeepsPriorDossier","Elapsed":0.02}
{"Time":"2026-10-09T00:09:36.72482891Z","Action":"output","Package":"go.temporal.io/server/tools/gomad3/upgrade","Output":"PASS\n","OutputType":"frame"}
{"Time":"2026-10-09T00:09:36.725608952Z","Action":"output","Package":"go.temporal.io/server/tools/gomad3/upgrade","Output":"ok  \tgo.temporal.io/server/tools/gomad3/upgrade\t0.256s\n"}
{"Time":"2026-10-09T00:09:36.725716868Z","Action":"pass","Package":"go.temporal.io/server/tools/gomad3/upgrade","Elapsed":0.257}
