retained evidence: .flow/artifacts/fn-113-gomad-reduce-version-pin-maintenance/task-2/source-acceptance-20261008/cleanup_probe.go
retained evidence: .flow/artifacts/fn-113-gomad-reduce-version-pin-maintenance/task-2/source-acceptance-20261008/retained-assertions-generated.go
retained evidence: .flow/artifacts/fn-113-gomad-reduce-version-pin-maintenance/task-2/source-acceptance-20261008/retained_overlay.go
retained evidence: .flow/artifacts/fn-113-gomad-reduce-version-pin-maintenance/task-2/source-acceptance-20261008/transaction-release-discard.go
Lint module tools/gomad3: 55 host packages
make[1]: Entering directory '/Users/stephan/Workspace/skunkworks/gomad/temporal'
[1;36mLinting code...[0m
level=info msg="golangci-lint has version 2.13.0 built with go1.27.1 from (unknown, modified: ?, mod sum: \"h1:n/YR8sCuTAfjwKLHOU0q63X2e4tObi1PCNOz+HXJ3cE=\") on (unknown)"
level=info msg="[config_reader] Used config file ../../.github/.golangci.yml"
level=info msg="[config_reader] Module name \"go.temporal.io/server/tools/gomad3\""
level=info msg="[goenv] Read go env for 1.871292ms: map[string]string{\"GOCACHE\":\"/Users/stephan/Workspace/skunkworks/.gomad-fn1129-cache-EseD1r\", \"GOROOT\":\"/home/agent/go/pkg/mod/golang.org/toolchain@v0.0.1-go1.27.1.linux-arm64\"}"
level=info msg="[lintersdb] Active 13 linters: [depguard errcheck exhaustive forbidigo gci godox goimports govet importas iotamixing revive staticcheck testifylint]"
level=info msg="[loader] Using build tags: [test_dep]"
level=info msg="[loader] Go packages loading at mode 8767 (compiled_files|deps|files|name|types_sizes|exports_file|imports) took 1.946853209s"
level=info msg="[runner/filename_unadjuster] Pre-built 0 adjustments in 57.77925ms"
level=info msg="[linters_context/goanalysis] analyzers took 1m9.580352545s with top 10 stages: revive: 26.047431679s, goimports: 12.401170502s, gci: 3.659862459s, exhaustive: 1.735934465s, buildir: 1.672487868s, isgenerated: 1.434108833s, forbidigo: 1.373747793s, nilness: 1.285559876s, printf: 1.126530889s, ctrlflow: 1.101426291s"
level=info msg="[runner/exclusion_paths] Skipped 0 issues by pattern \"^api\""
level=info msg="[runner/exclusion_paths] Skipped 0 issues by pattern \"^proto\""
level=info msg="[runner/exclusion_paths] Skipped 0 issues by pattern \"^.git\""
level=info msg="[runner/exclusion_rules] Skipped 0 issues by rules: [Text: \"panic\", Path: \"chasm/lib/activity/model/.*\\\\.go$\", Linters: \"forbidigo\"]"
level=info msg="[runner/exclusion_rules] Skipped 0 issues by rules: [Text: \"FunctionalTestBase\", Path: \"tests/testcore/.*\\\\.go$\", Linters: \"forbidigo\"]"
level=info msg="[runner/exclusion_rules] Skipped 0 issues by rules: [Text: \"assert\\\\.CollectT\", Path: \"tests/(nexus_standalone|nexus_workflow)_test\\\\.go$\", Linters: \"forbidigo\"]"
level=info msg="[runner/exclusion_rules] Skipped 208 issues by rules: [Text: \"(cyclomatic|cognitive)\", Path: \"_test\\\\.go|tests/.+\\\\.go|common/testing/\", Linters: \"revive\"]"
level=info msg="[runner/exclusion_rules] Skipped 74 issues by rules: [Text: \"time.Now\", Path Except: \"chasm/lib/.*\\\\.go$\", Linters: \"forbidigo\"]"
level=info msg="[runner/exclusion_rules] Skipped 0 issues by rules: [Text: \"Unix|UnixMilli|UnixNano\", Path: \"_test\\\\.go$\", Linters: \"forbidigo\"]"
level=info msg="[runner/exclusion_rules] Skipped 0 issues by rules: [Text: \"SA1019: go.temporal.io/server/service/history/hsm/(callbacks|nexusoperations) is deprecated\", Linters: \"staticcheck\"]"
level=info msg="[runner/exclusion_rules] Skipped 0 issues by rules: [Text: \"time.Now\", Path: \"chasm/lib/.*_test\\\\.go$\", Linters: \"forbidigo\"]"
level=info msg="[runner/exclusion_rules] Skipped 0 issues by rules: [Text: \"ActiveInCluster\", Path: \"common/namespace/(namespace|replication_resolver)(_test)?\\\\.go$\", Linters: \"forbidigo\"]"
level=info msg="[runner/exclusion_rules] Skipped 0 issues by rules: [Text: \"context.Background\", Path Except: \"tests/.+_test\\\\.go\", Linters: \"forbidigo\"]"
level=info msg="[runner/exclusion_rules] Skipped 1408 issues by rules: [Path: \"^tools\\\\/.+\\\\.go\", Linters: \"revive\"]"
level=info msg="[runner/exclusion_rules] Skipped 2 issues by rules: [Text: \"^use of `panic` forbidden because \\\"Please avoid using panic in application code\\\"$\", Source: \"^\\\\t\\\\tpanic\\\\(\\\"gomad3: completed (an inactive campaign attempt|a campaign attempt without a classification)\\\"\\\\)$\", Path: \"^tools/gomad3/runner/internal/campaign/controller\\\\.go$\", Linters: \"forbidigo\"]"
level=info msg="[runner/exclusion_rules] Skipped 3 issues by rules: [Text: \"time.Sleep\", Path Except: \"_test\\\\.go|tests/.+\\\\.go\", Linters: \"forbidigo\"]"
level=info msg="[runner/exclusion_rules] Skipped 0 issues by rules: [Text: \"Eventually\", Path: \"tests/(nexus_standalone|nexus_workflow|schedule|schedule_migration)_test\\\\.go$\", Linters: \"forbidigo\"]"
level=info msg="[runner/exclusion_rules] Skipped 0 issues by rules: [Text: \"use of `softassert\\\\.\\\\w+`\", Linters: \"forbidigo\"]"
level=info msg="[runner/exclusion_rules] Skipped 10 issues by rules: [Text: \"(dot-imports|unchecked-type-assertion)\", Path: \"_test\\\\.go|tests/.+\\\\.go|common/testing/\", Linters: \"revive\"]"
level=info msg="[runner/exclusion_rules] Skipped 1 issues by rules: [Text: \"Unix|UnixMilli|UnixNano\", Path Except: \"common/persistence/cassandra/.*\\\\.go$\", Linters: \"forbidigo\"]"
level=info msg="[runner/exclusion_rules] Skipped 7 issues by rules: [Text: \"panic\", Path: \"_test\\\\.go|tests/.+\\\\.go|common/testing/\", Linters: \"forbidigo\"]"
level=info msg="[runner] Issues before processing: 1943, after processing: 0"
level=info msg="[runner] Processors filtering stat (in/out): invalid_issue: 1943/1943, path_relativity: 1943/1943, exclusion_rules: 1943/230, nolint_filter: 230/229, generated_file_filter: 1943/1943, path_absoluter: 1943/1943, cgo: 1943/1943, filename_unadjuster: 1943/1943, diff: 229/0, exclusion_paths: 1943/1943"
level=info msg="[runner] processing took 238.778832ms with stages: diff: 175.379917ms, generated_file_filter: 31.578334ms, nolint_filter: 22.830584ms, exclusion_rules: 7.383625ms, path_relativity: 1.190708ms, exclusion_paths: 303.999µs, cgo: 42.416µs, invalid_issue: 41.125µs, path_absoluter: 14.126µs, filename_unadjuster: 8.375µs, sort_results: 2.666µs, max_same_issues: 1.042µs, fixer: 541ns, source_code: 417ns, uniq_by_line: 208ns, path_prettifier: 208ns, path_shortener: 167ns, max_from_linter: 166ns, max_per_file_from_linter: 124ns, severity-rules: 84ns"
level=info msg="[runner] linters took 4.029700669s with stages: goanalysis_metalinter: 3.79084896s"
0 issues.
level=info msg="File cache stats: 1 entries of total size 5.6KiB"
level=info msg="Memory: 62 samples, avg is 353.0MB, max is 847.1MB"
level=info msg="Execution took 6.054355378s"
make[1]: Leaving directory '/Users/stephan/Workspace/skunkworks/gomad/temporal'
