{"Time":"2026-10-08T18:23:24.783659241Z","Action":"start","Package":"go.temporal.io/server/tools/gomad3/deterministicio"}
{"Time":"2026-10-08T18:23:24.788604991Z","Action":"run","Package":"go.temporal.io/server/tools/gomad3/deterministicio","Test":"TestAdapterCacheCleanupOwnerErrors"}
{"Time":"2026-10-08T18:23:24.788658283Z","Action":"output","Package":"go.temporal.io/server/tools/gomad3/deterministicio","Test":"TestAdapterCacheCleanupOwnerErrors","Output":"=== RUN   TestAdapterCacheCleanupOwnerErrors\n","OutputType":"frame"}
{"Time":"2026-10-08T18:23:24.788709616Z","Action":"run","Package":"go.temporal.io/server/tools/gomad3/deterministicio","Test":"TestAdapterCacheCleanupOwnerErrors/healthy"}
{"Time":"2026-10-08T18:23:24.788737658Z","Action":"output","Package":"go.temporal.io/server/tools/gomad3/deterministicio","Test":"TestAdapterCacheCleanupOwnerErrors/healthy","Output":"=== RUN   TestAdapterCacheCleanupOwnerErrors/healthy\n","OutputType":"frame"}
{"Time":"2026-10-08T18:23:25.412007908Z","Action":"output","Package":"go.temporal.io/server/tools/gomad3/deterministicio","Test":"TestAdapterCacheCleanupOwnerErrors/healthy","Output":"--- PASS: TestAdapterCacheCleanupOwnerErrors/healthy (0.62s)\n","OutputType":"frame"}
{"Time":"2026-10-08T18:23:25.412092158Z","Action":"pass","Package":"go.temporal.io/server/tools/gomad3/deterministicio","Test":"TestAdapterCacheCleanupOwnerErrors/healthy","Elapsed":0.62}
{"Time":"2026-10-08T18:23:25.412150991Z","Action":"run","Package":"go.temporal.io/server/tools/gomad3/deterministicio","Test":"TestAdapterCacheCleanupOwnerErrors/exact-primary"}
{"Time":"2026-10-08T18:23:25.412179991Z","Action":"output","Package":"go.temporal.io/server/tools/gomad3/deterministicio","Test":"TestAdapterCacheCleanupOwnerErrors/exact-primary","Output":"=== RUN   TestAdapterCacheCleanupOwnerErrors/exact-primary\n","OutputType":"frame"}
{"Time":"2026-10-08T18:23:25.881707075Z","Action":"output","Package":"go.temporal.io/server/tools/gomad3/deterministicio","Test":"TestAdapterCacheCleanupOwnerErrors/exact-primary","Output":"--- PASS: TestAdapterCacheCleanupOwnerErrors/exact-primary (0.47s)\n","OutputType":"frame"}
{"Time":"2026-10-08T18:23:25.881799366Z","Action":"pass","Package":"go.temporal.io/server/tools/gomad3/deterministicio","Test":"TestAdapterCacheCleanupOwnerErrors/exact-primary","Elapsed":0.47}
{"Time":"2026-10-08T18:23:25.881909616Z","Action":"run","Package":"go.temporal.io/server/tools/gomad3/deterministicio","Test":"TestAdapterCacheCleanupOwnerErrors/sole-cleanup"}
{"Time":"2026-10-08T18:23:25.881953075Z","Action":"output","Package":"go.temporal.io/server/tools/gomad3/deterministicio","Test":"TestAdapterCacheCleanupOwnerErrors/sole-cleanup","Output":"=== RUN   TestAdapterCacheCleanupOwnerErrors/sole-cleanup\n","OutputType":"frame"}
{"Time":"2026-10-08T18:23:25.955728491Z","Action":"output","Package":"go.temporal.io/server/tools/gomad3/deterministicio","Test":"TestAdapterCacheCleanupOwnerErrors/sole-cleanup","Output":"    adapter_cache_cleanup_test.go:113: UID 1000 actual scratch denial: open /Users/stephan/Workspace/skunkworks/.gomad-source-gates-UsyTMX/TestAdapterCacheCleanupOwnerErrorssole-cleanup2996098810/001/.prepare-2001924802/denied: permission denied\n"}
{"Time":"2026-10-08T18:23:26.153879783Z","Action":"output","Package":"go.temporal.io/server/tools/gomad3/deterministicio","Test":"TestAdapterCacheCleanupOwnerErrors/sole-cleanup","Output":"    adapter_cache_cleanup_test.go:144: actual RemoveAll failure: openfdat /Users/stephan/Workspace/skunkworks/.gomad-source-gates-UsyTMX/TestAdapterCacheCleanupOwnerErrorssole-cleanup2996098810/001/.prepare-2001924802/denied: permission denied\n"}
{"Time":"2026-10-08T18:23:26.154572783Z","Action":"output","Package":"go.temporal.io/server/tools/gomad3/deterministicio","Test":"TestAdapterCacheCleanupOwnerErrors/sole-cleanup","Output":"--- PASS: TestAdapterCacheCleanupOwnerErrors/sole-cleanup (0.27s)\n","OutputType":"frame"}
{"Time":"2026-10-08T18:23:26.154608075Z","Action":"pass","Package":"go.temporal.io/server/tools/gomad3/deterministicio","Test":"TestAdapterCacheCleanupOwnerErrors/sole-cleanup","Elapsed":0.27}
{"Time":"2026-10-08T18:23:26.154648283Z","Action":"run","Package":"go.temporal.io/server/tools/gomad3/deterministicio","Test":"TestAdapterCacheCleanupOwnerErrors/primary-and-cleanup"}
{"Time":"2026-10-08T18:23:26.154661033Z","Action":"output","Package":"go.temporal.io/server/tools/gomad3/deterministicio","Test":"TestAdapterCacheCleanupOwnerErrors/primary-and-cleanup","Output":"=== RUN   TestAdapterCacheCleanupOwnerErrors/primary-and-cleanup\n","OutputType":"frame"}
{"Time":"2026-10-08T18:23:26.1559042Z","Action":"output","Package":"go.temporal.io/server/tools/gomad3/deterministicio","Test":"TestAdapterCacheCleanupOwnerErrors/primary-and-cleanup","Output":"    adapter_cache_cleanup_test.go:113: UID 1000 actual scratch denial: open /Users/stephan/Workspace/skunkworks/.gomad-source-gates-UsyTMX/TestAdapterCacheCleanupOwnerErrorsprimary-and-cleanup332071101/001/.prepare-683079543/denied: permission denied\n"}
{"Time":"2026-10-08T18:23:26.156018575Z","Action":"output","Package":"go.temporal.io/server/tools/gomad3/deterministicio","Test":"TestAdapterCacheCleanupOwnerErrors/primary-and-cleanup","Output":"    adapter_cache_cleanup_test.go:144: actual RemoveAll failure: openfdat /Users/stephan/Workspace/skunkworks/.gomad-source-gates-UsyTMX/TestAdapterCacheCleanupOwnerErrorsprimary-and-cleanup332071101/001/.prepare-683079543/denied: permission denied\n"}
{"Time":"2026-10-08T18:23:26.156348325Z","Action":"output","Package":"go.temporal.io/server/tools/gomad3/deterministicio","Test":"TestAdapterCacheCleanupOwnerErrors/primary-and-cleanup","Output":"--- PASS: TestAdapterCacheCleanupOwnerErrors/primary-and-cleanup (0.00s)\n","OutputType":"frame"}
{"Time":"2026-10-08T18:23:26.156678992Z","Action":"pass","Package":"go.temporal.io/server/tools/gomad3/deterministicio","Test":"TestAdapterCacheCleanupOwnerErrors/primary-and-cleanup","Elapsed":0}
{"Time":"2026-10-08T18:23:26.156732325Z","Action":"output","Package":"go.temporal.io/server/tools/gomad3/deterministicio","Test":"TestAdapterCacheCleanupOwnerErrors","Output":"--- PASS: TestAdapterCacheCleanupOwnerErrors (1.37s)\n","OutputType":"frame"}
{"Time":"2026-10-08T18:23:26.156765992Z","Action":"pass","Package":"go.temporal.io/server/tools/gomad3/deterministicio","Test":"TestAdapterCacheCleanupOwnerErrors","Elapsed":1.37}
{"Time":"2026-10-08T18:23:26.156795742Z","Action":"run","Package":"go.temporal.io/server/tools/gomad3/deterministicio","Test":"TestAdapterCacheCleanupRegistryPublicationReuseRetry"}
{"Time":"2026-10-08T18:23:26.156811825Z","Action":"output","Package":"go.temporal.io/server/tools/gomad3/deterministicio","Test":"TestAdapterCacheCleanupRegistryPublicationReuseRetry","Output":"=== RUN   TestAdapterCacheCleanupRegistryPublicationReuseRetry\n","OutputType":"frame"}
{"Time":"2026-10-08T18:23:26.156832617Z","Action":"run","Package":"go.temporal.io/server/tools/gomad3/deterministicio","Test":"TestAdapterCacheCleanupRegistryPublicationReuseRetry/reuse-retry"}
{"Time":"2026-10-08T18:23:26.156854033Z","Action":"output","Package":"go.temporal.io/server/tools/gomad3/deterministicio","Test":"TestAdapterCacheCleanupRegistryPublicationReuseRetry/reuse-retry","Output":"=== RUN   TestAdapterCacheCleanupRegistryPublicationReuseRetry/reuse-retry\n","OutputType":"frame"}
{"Time":"2026-10-08T18:23:26.357094367Z","Action":"output","Package":"go.temporal.io/server/tools/gomad3/deterministicio","Test":"TestAdapterCacheCleanupRegistryPublicationReuseRetry/reuse-retry","Output":"    adapter_cache_cleanup_test.go:188: UID 1000 actual scratch denial: open /Users/stephan/Workspace/skunkworks/.gomad-source-gates-UsyTMX/TestAdapterCacheCleanupRegistryPublicationReuseRetryreuse-retry1621753987/002/adapters/.prepare-2223173175/denied: permission denied\n"}
{"Time":"2026-10-08T18:23:26.361855825Z","Action":"output","Package":"go.temporal.io/server/tools/gomad3/deterministicio","Test":"TestAdapterCacheCleanupRegistryPublicationReuseRetry/reuse-retry","Output":"--- PASS: TestAdapterCacheCleanupRegistryPublicationReuseRetry/reuse-retry (0.21s)\n","OutputType":"frame"}
{"Time":"2026-10-08T18:23:26.361908783Z","Action":"pass","Package":"go.temporal.io/server/tools/gomad3/deterministicio","Test":"TestAdapterCacheCleanupRegistryPublicationReuseRetry/reuse-retry","Elapsed":0.21}
{"Time":"2026-10-08T18:23:26.361942033Z","Action":"run","Package":"go.temporal.io/server/tools/gomad3/deterministicio","Test":"TestAdapterCacheCleanupRegistryPublicationReuseRetry/healthy"}
{"Time":"2026-10-08T18:23:26.361962533Z","Action":"output","Package":"go.temporal.io/server/tools/gomad3/deterministicio","Test":"TestAdapterCacheCleanupRegistryPublicationReuseRetry/healthy","Output":"=== RUN   TestAdapterCacheCleanupRegistryPublicationReuseRetry/healthy\n","OutputType":"frame"}
{"Time":"2026-10-08T18:23:26.5611627Z","Action":"output","Package":"go.temporal.io/server/tools/gomad3/deterministicio","Test":"TestAdapterCacheCleanupRegistryPublicationReuseRetry/healthy","Output":"--- PASS: TestAdapterCacheCleanupRegistryPublicationReuseRetry/healthy (0.20s)\n","OutputType":"frame"}
{"Time":"2026-10-08T18:23:26.561210742Z","Action":"pass","Package":"go.temporal.io/server/tools/gomad3/deterministicio","Test":"TestAdapterCacheCleanupRegistryPublicationReuseRetry/healthy","Elapsed":0.2}
{"Time":"2026-10-08T18:23:26.56123645Z","Action":"run","Package":"go.temporal.io/server/tools/gomad3/deterministicio","Test":"TestAdapterCacheCleanupRegistryPublicationReuseRetry/publication-retry"}
{"Time":"2026-10-08T18:23:26.56125795Z","Action":"output","Package":"go.temporal.io/server/tools/gomad3/deterministicio","Test":"TestAdapterCacheCleanupRegistryPublicationReuseRetry/publication-retry","Output":"=== RUN   TestAdapterCacheCleanupRegistryPublicationReuseRetry/publication-retry\n","OutputType":"frame"}
{"Time":"2026-10-08T18:23:26.563100992Z","Action":"output","Package":"go.temporal.io/server/tools/gomad3/deterministicio","Test":"TestAdapterCacheCleanupRegistryPublicationReuseRetry/publication-retry","Output":"    adapter_cache_cleanup_test.go:188: UID 1000 actual scratch denial: open /Users/stephan/Workspace/skunkworks/.gomad-source-gates-UsyTMX/TestAdapterCacheCleanupRegistryPublicationReuseRetrypublication2298335208/002/adapters/.prepare-1637755561/denied: permission denied\n"}
{"Time":"2026-10-08T18:23:26.760606992Z","Action":"output","Package":"go.temporal.io/server/tools/gomad3/deterministicio","Test":"TestAdapterCacheCleanupRegistryPublicationReuseRetry/publication-retry","Output":"--- PASS: TestAdapterCacheCleanupRegistryPublicationReuseRetry/publication-retry (0.20s)\n","OutputType":"frame"}
{"Time":"2026-10-08T18:23:26.760667659Z","Action":"pass","Package":"go.temporal.io/server/tools/gomad3/deterministicio","Test":"TestAdapterCacheCleanupRegistryPublicationReuseRetry/publication-retry","Elapsed":0.2}
{"Time":"2026-10-08T18:23:26.760701034Z","Action":"output","Package":"go.temporal.io/server/tools/gomad3/deterministicio","Test":"TestAdapterCacheCleanupRegistryPublicationReuseRetry","Output":"--- PASS: TestAdapterCacheCleanupRegistryPublicationReuseRetry (0.60s)\n","OutputType":"frame"}
{"Time":"2026-10-08T18:23:26.760739159Z","Action":"pass","Package":"go.temporal.io/server/tools/gomad3/deterministicio","Test":"TestAdapterCacheCleanupRegistryPublicationReuseRetry","Elapsed":0.6}
{"Time":"2026-10-08T18:23:26.760771034Z","Action":"run","Package":"go.temporal.io/server/tools/gomad3/deterministicio","Test":"TestAdapterCacheCleanupValidationControls"}
{"Time":"2026-10-08T18:23:26.760801034Z","Action":"output","Package":"go.temporal.io/server/tools/gomad3/deterministicio","Test":"TestAdapterCacheCleanupValidationControls","Output":"=== RUN   TestAdapterCacheCleanupValidationControls\n","OutputType":"frame"}
{"Time":"2026-10-08T18:23:26.760830117Z","Action":"run","Package":"go.temporal.io/server/tools/gomad3/deterministicio","Test":"TestAdapterCacheCleanupValidationControls/root"}
{"Time":"2026-10-08T18:23:26.760850659Z","Action":"output","Package":"go.temporal.io/server/tools/gomad3/deterministicio","Test":"TestAdapterCacheCleanupValidationControls/root","Output":"=== RUN   TestAdapterCacheCleanupValidationControls/root\n","OutputType":"frame"}
{"Time":"2026-10-08T18:23:26.762365325Z","Action":"output","Package":"go.temporal.io/server/tools/gomad3/deterministicio","Test":"TestAdapterCacheCleanupValidationControls/root","Output":"--- PASS: TestAdapterCacheCleanupValidationControls/root (0.00s)\n","OutputType":"frame"}
{"Time":"2026-10-08T18:23:26.762391784Z","Action":"pass","Package":"go.temporal.io/server/tools/gomad3/deterministicio","Test":"TestAdapterCacheCleanupValidationControls/root","Elapsed":0}
{"Time":"2026-10-08T18:23:26.762435367Z","Action":"run","Package":"go.temporal.io/server/tools/gomad3/deterministicio","Test":"TestAdapterCacheCleanupValidationControls/inventory"}
{"Time":"2026-10-08T18:23:26.762452742Z","Action":"output","Package":"go.temporal.io/server/tools/gomad3/deterministicio","Test":"TestAdapterCacheCleanupValidationControls/inventory","Output":"=== RUN   TestAdapterCacheCleanupValidationControls/inventory\n","OutputType":"frame"}
{"Time":"2026-10-08T18:23:26.763416992Z","Action":"output","Package":"go.temporal.io/server/tools/gomad3/deterministicio","Test":"TestAdapterCacheCleanupValidationControls/inventory","Output":"--- PASS: TestAdapterCacheCleanupValidationControls/inventory (0.00s)\n","OutputType":"frame"}
{"Time":"2026-10-08T18:23:26.763453284Z","Action":"pass","Package":"go.temporal.io/server/tools/gomad3/deterministicio","Test":"TestAdapterCacheCleanupValidationControls/inventory","Elapsed":0}
{"Time":"2026-10-08T18:23:26.76349045Z","Action":"run","Package":"go.temporal.io/server/tools/gomad3/deterministicio","Test":"TestAdapterCacheCleanupValidationControls/corrupt-cache"}
{"Time":"2026-10-08T18:23:26.763514742Z","Action":"output","Package":"go.temporal.io/server/tools/gomad3/deterministicio","Test":"TestAdapterCacheCleanupValidationControls/corrupt-cache","Output":"=== RUN   TestAdapterCacheCleanupValidationControls/corrupt-cache\n","OutputType":"frame"}
{"Time":"2026-10-08T18:23:26.956343284Z","Action":"output","Package":"go.temporal.io/server/tools/gomad3/deterministicio","Test":"TestAdapterCacheCleanupValidationControls/corrupt-cache","Output":"--- PASS: TestAdapterCacheCleanupValidationControls/corrupt-cache (0.19s)\n","OutputType":"frame"}
{"Time":"2026-10-08T18:23:26.956440075Z","Action":"pass","Package":"go.temporal.io/server/tools/gomad3/deterministicio","Test":"TestAdapterCacheCleanupValidationControls/corrupt-cache","Elapsed":0.19}
{"Time":"2026-10-08T18:23:26.9564732Z","Action":"run","Package":"go.temporal.io/server/tools/gomad3/deterministicio","Test":"TestAdapterCacheCleanupValidationControls/non-directory"}
{"Time":"2026-10-08T18:23:26.956494617Z","Action":"output","Package":"go.temporal.io/server/tools/gomad3/deterministicio","Test":"TestAdapterCacheCleanupValidationControls/non-directory","Output":"=== RUN   TestAdapterCacheCleanupValidationControls/non-directory\n","OutputType":"frame"}
{"Time":"2026-10-08T18:23:27.153391367Z","Action":"output","Package":"go.temporal.io/server/tools/gomad3/deterministicio","Test":"TestAdapterCacheCleanupValidationControls/non-directory","Output":"--- PASS: TestAdapterCacheCleanupValidationControls/non-directory (0.20s)\n","OutputType":"frame"}
{"Time":"2026-10-08T18:23:27.153452492Z","Action":"pass","Package":"go.temporal.io/server/tools/gomad3/deterministicio","Test":"TestAdapterCacheCleanupValidationControls/non-directory","Elapsed":0.2}
{"Time":"2026-10-08T18:23:27.153471575Z","Action":"output","Package":"go.temporal.io/server/tools/gomad3/deterministicio","Test":"TestAdapterCacheCleanupValidationControls","Output":"--- PASS: TestAdapterCacheCleanupValidationControls (0.39s)\n","OutputType":"frame"}
{"Time":"2026-10-08T18:23:27.153485117Z","Action":"pass","Package":"go.temporal.io/server/tools/gomad3/deterministicio","Test":"TestAdapterCacheCleanupValidationControls","Elapsed":0.39}
{"Time":"2026-10-08T18:23:27.153519242Z","Action":"run","Package":"go.temporal.io/server/tools/gomad3/deterministicio","Test":"TestAdapterCacheCleanupRegistryPrimary"}
{"Time":"2026-10-08T18:23:27.153539659Z","Action":"output","Package":"go.temporal.io/server/tools/gomad3/deterministicio","Test":"TestAdapterCacheCleanupRegistryPrimary","Output":"=== RUN   TestAdapterCacheCleanupRegistryPrimary\n","OutputType":"frame"}
{"Time":"2026-10-08T18:23:27.153578825Z","Action":"run","Package":"go.temporal.io/server/tools/gomad3/deterministicio","Test":"TestAdapterCacheCleanupRegistryPrimary/exact-primary"}
{"Time":"2026-10-08T18:23:27.153589825Z","Action":"output","Package":"go.temporal.io/server/tools/gomad3/deterministicio","Test":"TestAdapterCacheCleanupRegistryPrimary/exact-primary","Output":"=== RUN   TestAdapterCacheCleanupRegistryPrimary/exact-primary\n","OutputType":"frame"}
{"Time":"2026-10-08T18:23:27.229060784Z","Action":"output","Package":"go.temporal.io/server/tools/gomad3/deterministicio","Test":"TestAdapterCacheCleanupRegistryPrimary/exact-primary","Output":"--- PASS: TestAdapterCacheCleanupRegistryPrimary/exact-primary (0.08s)\n","OutputType":"frame"}
{"Time":"2026-10-08T18:23:27.229121534Z","Action":"pass","Package":"go.temporal.io/server/tools/gomad3/deterministicio","Test":"TestAdapterCacheCleanupRegistryPrimary/exact-primary","Elapsed":0.08}
{"Time":"2026-10-08T18:23:27.229183867Z","Action":"run","Package":"go.temporal.io/server/tools/gomad3/deterministicio","Test":"TestAdapterCacheCleanupRegistryPrimary/primary-and-cleanup"}
{"Time":"2026-10-08T18:23:27.229220242Z","Action":"output","Package":"go.temporal.io/server/tools/gomad3/deterministicio","Test":"TestAdapterCacheCleanupRegistryPrimary/primary-and-cleanup","Output":"=== RUN   TestAdapterCacheCleanupRegistryPrimary/primary-and-cleanup\n","OutputType":"frame"}
{"Time":"2026-10-08T18:23:27.23128295Z","Action":"output","Package":"go.temporal.io/server/tools/gomad3/deterministicio","Test":"TestAdapterCacheCleanupRegistryPrimary/primary-and-cleanup","Output":"    adapter_cache_cleanup_test.go:305: UID 1000 actual scratch denial: open /Users/stephan/Workspace/skunkworks/.gomad-source-gates-UsyTMX/TestAdapterCacheCleanupRegistryPrimaryprimary-and-cleanup1969454796/003/adapters/.prepare-989434835/denied: permission denied\n"}
{"Time":"2026-10-08T18:23:27.232493659Z","Action":"output","Package":"go.temporal.io/server/tools/gomad3/deterministicio","Test":"TestAdapterCacheCleanupRegistryPrimary/primary-and-cleanup","Output":"--- PASS: TestAdapterCacheCleanupRegistryPrimary/primary-and-cleanup (0.00s)\n","OutputType":"frame"}
{"Time":"2026-10-08T18:23:27.232522284Z","Action":"pass","Package":"go.temporal.io/server/tools/gomad3/deterministicio","Test":"TestAdapterCacheCleanupRegistryPrimary/primary-and-cleanup","Elapsed":0}
{"Time":"2026-10-08T18:23:27.232555242Z","Action":"output","Package":"go.temporal.io/server/tools/gomad3/deterministicio","Test":"TestAdapterCacheCleanupRegistryPrimary","Output":"--- PASS: TestAdapterCacheCleanupRegistryPrimary (0.08s)\n","OutputType":"frame"}
{"Time":"2026-10-08T18:23:27.232575034Z","Action":"pass","Package":"go.temporal.io/server/tools/gomad3/deterministicio","Test":"TestAdapterCacheCleanupRegistryPrimary","Elapsed":0.08}
{"Time":"2026-10-08T18:23:27.2325917Z","Action":"output","Package":"go.temporal.io/server/tools/gomad3/deterministicio","Output":"PASS\n","OutputType":"frame"}
{"Time":"2026-10-08T18:23:27.232876367Z","Action":"output","Package":"go.temporal.io/server/tools/gomad3/deterministicio","Output":"ok  \tgo.temporal.io/server/tools/gomad3/deterministicio\t2.449s\n"}
{"Time":"2026-10-08T18:23:27.232913784Z","Action":"pass","Package":"go.temporal.io/server/tools/gomad3/deterministicio","Elapsed":2.449}
