{"Time":"2026-10-08T18:07:51.770882046Z","Action":"start","Package":"go.temporal.io/server/tools/gomad3/deterministicio"}
{"Time":"2026-10-08T18:07:51.777166421Z","Action":"run","Package":"go.temporal.io/server/tools/gomad3/deterministicio","Test":"TestPortableServerGraphPreparedSourceIdentities"}
{"Time":"2026-10-08T18:07:51.777261588Z","Action":"output","Package":"go.temporal.io/server/tools/gomad3/deterministicio","Test":"TestPortableServerGraphPreparedSourceIdentities","Output":"=== RUN   TestPortableServerGraphPreparedSourceIdentities\n","OutputType":"frame"}
{"Time":"2026-10-08T18:07:55.252475464Z","Action":"run","Package":"go.temporal.io/server/tools/gomad3/deterministicio","Test":"TestPortableServerGraphPreparedSourceIdentities/github.com/Masterminds/sprig/v3/darwin/arm64"}
{"Time":"2026-10-08T18:07:55.252548631Z","Action":"output","Package":"go.temporal.io/server/tools/gomad3/deterministicio","Test":"TestPortableServerGraphPreparedSourceIdentities/github.com/Masterminds/sprig/v3/darwin/arm64","Output":"=== RUN   TestPortableServerGraphPreparedSourceIdentities/github.com/Masterminds/sprig/v3/darwin/arm64\n","OutputType":"frame"}
{"Time":"2026-10-08T18:07:55.330968173Z","Action":"output","Package":"go.temporal.io/server/tools/gomad3/deterministicio","Test":"TestPortableServerGraphPreparedSourceIdentities/github.com/Masterminds/sprig/v3/darwin/arm64","Output":"--- PASS: TestPortableServerGraphPreparedSourceIdentities/github.com/Masterminds/sprig/v3/darwin/arm64 (0.08s)\n","OutputType":"frame"}
{"Time":"2026-10-08T18:07:55.331016631Z","Action":"pass","Package":"go.temporal.io/server/tools/gomad3/deterministicio","Test":"TestPortableServerGraphPreparedSourceIdentities/github.com/Masterminds/sprig/v3/darwin/arm64","Elapsed":0.08}
{"Time":"2026-10-08T18:07:55.331048006Z","Action":"run","Package":"go.temporal.io/server/tools/gomad3/deterministicio","Test":"TestPortableServerGraphPreparedSourceIdentities/github.com/Masterminds/sprig/v3/linux/amd64"}
{"Time":"2026-10-08T18:07:55.331062131Z","Action":"output","Package":"go.temporal.io/server/tools/gomad3/deterministicio","Test":"TestPortableServerGraphPreparedSourceIdentities/github.com/Masterminds/sprig/v3/linux/amd64","Output":"=== RUN   TestPortableServerGraphPreparedSourceIdentities/github.com/Masterminds/sprig/v3/linux/amd64\n","OutputType":"frame"}
{"Time":"2026-10-08T18:07:55.403066339Z","Action":"output","Package":"go.temporal.io/server/tools/gomad3/deterministicio","Test":"TestPortableServerGraphPreparedSourceIdentities/github.com/Masterminds/sprig/v3/linux/amd64","Output":"--- PASS: TestPortableServerGraphPreparedSourceIdentities/github.com/Masterminds/sprig/v3/linux/amd64 (0.07s)\n","OutputType":"frame"}
{"Time":"2026-10-08T18:07:55.403133839Z","Action":"pass","Package":"go.temporal.io/server/tools/gomad3/deterministicio","Test":"TestPortableServerGraphPreparedSourceIdentities/github.com/Masterminds/sprig/v3/linux/amd64","Elapsed":0.07}
{"Time":"2026-10-08T18:07:55.403179756Z","Action":"run","Package":"go.temporal.io/server/tools/gomad3/deterministicio","Test":"TestPortableServerGraphPreparedSourceIdentities/github.com/cactus/go-statsd-client/v5/darwin/arm64"}
{"Time":"2026-10-08T18:07:55.403214673Z","Action":"output","Package":"go.temporal.io/server/tools/gomad3/deterministicio","Test":"TestPortableServerGraphPreparedSourceIdentities/github.com/cactus/go-statsd-client/v5/darwin/arm64","Output":"=== RUN   TestPortableServerGraphPreparedSourceIdentities/github.com/cactus/go-statsd-client/v5/darwin/arm64\n","OutputType":"frame"}
{"Time":"2026-10-08T18:07:55.445840839Z","Action":"output","Package":"go.temporal.io/server/tools/gomad3/deterministicio","Test":"TestPortableServerGraphPreparedSourceIdentities/github.com/cactus/go-statsd-client/v5/darwin/arm64","Output":"--- PASS: TestPortableServerGraphPreparedSourceIdentities/github.com/cactus/go-statsd-client/v5/darwin/arm64 (0.04s)\n","OutputType":"frame"}
{"Time":"2026-10-08T18:07:55.445897339Z","Action":"pass","Package":"go.temporal.io/server/tools/gomad3/deterministicio","Test":"TestPortableServerGraphPreparedSourceIdentities/github.com/cactus/go-statsd-client/v5/darwin/arm64","Elapsed":0.04}
{"Time":"2026-10-08T18:07:55.445969298Z","Action":"run","Package":"go.temporal.io/server/tools/gomad3/deterministicio","Test":"TestPortableServerGraphPreparedSourceIdentities/github.com/cactus/go-statsd-client/v5/linux/amd64"}
{"Time":"2026-10-08T18:07:55.445994381Z","Action":"output","Package":"go.temporal.io/server/tools/gomad3/deterministicio","Test":"TestPortableServerGraphPreparedSourceIdentities/github.com/cactus/go-statsd-client/v5/linux/amd64","Output":"=== RUN   TestPortableServerGraphPreparedSourceIdentities/github.com/cactus/go-statsd-client/v5/linux/amd64\n","OutputType":"frame"}
{"Time":"2026-10-08T18:07:55.485030548Z","Action":"output","Package":"go.temporal.io/server/tools/gomad3/deterministicio","Test":"TestPortableServerGraphPreparedSourceIdentities/github.com/cactus/go-statsd-client/v5/linux/amd64","Output":"--- PASS: TestPortableServerGraphPreparedSourceIdentities/github.com/cactus/go-statsd-client/v5/linux/amd64 (0.04s)\n","OutputType":"frame"}
{"Time":"2026-10-08T18:07:55.485081923Z","Action":"pass","Package":"go.temporal.io/server/tools/gomad3/deterministicio","Test":"TestPortableServerGraphPreparedSourceIdentities/github.com/cactus/go-statsd-client/v5/linux/amd64","Elapsed":0.04}
{"Time":"2026-10-08T18:07:55.485104506Z","Action":"run","Package":"go.temporal.io/server/tools/gomad3/deterministicio","Test":"TestPortableServerGraphPreparedSourceIdentities/go.opentelemetry.io/otel/sdk/darwin/arm64"}
{"Time":"2026-10-08T18:07:55.485119964Z","Action":"output","Package":"go.temporal.io/server/tools/gomad3/deterministicio","Test":"TestPortableServerGraphPreparedSourceIdentities/go.opentelemetry.io/otel/sdk/darwin/arm64","Output":"=== RUN   TestPortableServerGraphPreparedSourceIdentities/go.opentelemetry.io/otel/sdk/darwin/arm64\n","OutputType":"frame"}
{"Time":"2026-10-08T18:07:55.633917173Z","Action":"output","Package":"go.temporal.io/server/tools/gomad3/deterministicio","Test":"TestPortableServerGraphPreparedSourceIdentities/go.opentelemetry.io/otel/sdk/darwin/arm64","Output":"--- PASS: TestPortableServerGraphPreparedSourceIdentities/go.opentelemetry.io/otel/sdk/darwin/arm64 (0.15s)\n","OutputType":"frame"}
{"Time":"2026-10-08T18:07:55.633979798Z","Action":"pass","Package":"go.temporal.io/server/tools/gomad3/deterministicio","Test":"TestPortableServerGraphPreparedSourceIdentities/go.opentelemetry.io/otel/sdk/darwin/arm64","Elapsed":0.15}
{"Time":"2026-10-08T18:07:55.634014756Z","Action":"run","Package":"go.temporal.io/server/tools/gomad3/deterministicio","Test":"TestPortableServerGraphPreparedSourceIdentities/go.opentelemetry.io/otel/sdk/linux/amd64"}
{"Time":"2026-10-08T18:07:55.634040465Z","Action":"output","Package":"go.temporal.io/server/tools/gomad3/deterministicio","Test":"TestPortableServerGraphPreparedSourceIdentities/go.opentelemetry.io/otel/sdk/linux/amd64","Output":"=== RUN   TestPortableServerGraphPreparedSourceIdentities/go.opentelemetry.io/otel/sdk/linux/amd64\n","OutputType":"frame"}
{"Time":"2026-10-08T18:07:55.73114034Z","Action":"output","Package":"go.temporal.io/server/tools/gomad3/deterministicio","Test":"TestPortableServerGraphPreparedSourceIdentities/go.opentelemetry.io/otel/sdk/linux/amd64","Output":"--- PASS: TestPortableServerGraphPreparedSourceIdentities/go.opentelemetry.io/otel/sdk/linux/amd64 (0.10s)\n","OutputType":"frame"}
{"Time":"2026-10-08T18:07:55.731201006Z","Action":"pass","Package":"go.temporal.io/server/tools/gomad3/deterministicio","Test":"TestPortableServerGraphPreparedSourceIdentities/go.opentelemetry.io/otel/sdk/linux/amd64","Elapsed":0.1}
{"Time":"2026-10-08T18:07:55.731218715Z","Action":"run","Package":"go.temporal.io/server/tools/gomad3/deterministicio","Test":"TestPortableServerGraphPreparedSourceIdentities/go.temporal.io/sdk/darwin/arm64"}
{"Time":"2026-10-08T18:07:55.731254381Z","Action":"output","Package":"go.temporal.io/server/tools/gomad3/deterministicio","Test":"TestPortableServerGraphPreparedSourceIdentities/go.temporal.io/sdk/darwin/arm64","Output":"=== RUN   TestPortableServerGraphPreparedSourceIdentities/go.temporal.io/sdk/darwin/arm64\n","OutputType":"frame"}
{"Time":"2026-10-08T18:07:56.009025756Z","Action":"output","Package":"go.temporal.io/server/tools/gomad3/deterministicio","Test":"TestPortableServerGraphPreparedSourceIdentities/go.temporal.io/sdk/darwin/arm64","Output":"--- PASS: TestPortableServerGraphPreparedSourceIdentities/go.temporal.io/sdk/darwin/arm64 (0.28s)\n","OutputType":"frame"}
{"Time":"2026-10-08T18:07:56.009089048Z","Action":"pass","Package":"go.temporal.io/server/tools/gomad3/deterministicio","Test":"TestPortableServerGraphPreparedSourceIdentities/go.temporal.io/sdk/darwin/arm64","Elapsed":0.28}
{"Time":"2026-10-08T18:07:56.009109173Z","Action":"run","Package":"go.temporal.io/server/tools/gomad3/deterministicio","Test":"TestPortableServerGraphPreparedSourceIdentities/go.temporal.io/sdk/linux/amd64"}
{"Time":"2026-10-08T18:07:56.009128923Z","Action":"output","Package":"go.temporal.io/server/tools/gomad3/deterministicio","Test":"TestPortableServerGraphPreparedSourceIdentities/go.temporal.io/sdk/linux/amd64","Output":"=== RUN   TestPortableServerGraphPreparedSourceIdentities/go.temporal.io/sdk/linux/amd64\n","OutputType":"frame"}
{"Time":"2026-10-08T18:07:56.19751709Z","Action":"output","Package":"go.temporal.io/server/tools/gomad3/deterministicio","Test":"TestPortableServerGraphPreparedSourceIdentities/go.temporal.io/sdk/linux/amd64","Output":"--- PASS: TestPortableServerGraphPreparedSourceIdentities/go.temporal.io/sdk/linux/amd64 (0.19s)\n","OutputType":"frame"}
{"Time":"2026-10-08T18:07:56.197579881Z","Action":"pass","Package":"go.temporal.io/server/tools/gomad3/deterministicio","Test":"TestPortableServerGraphPreparedSourceIdentities/go.temporal.io/sdk/linux/amd64","Elapsed":0.19}
{"Time":"2026-10-08T18:07:56.197620673Z","Action":"run","Package":"go.temporal.io/server/tools/gomad3/deterministicio","Test":"TestPortableServerGraphPreparedSourceIdentities/go.uber.org/fx/darwin/arm64"}
{"Time":"2026-10-08T18:07:56.197646298Z","Action":"output","Package":"go.temporal.io/server/tools/gomad3/deterministicio","Test":"TestPortableServerGraphPreparedSourceIdentities/go.uber.org/fx/darwin/arm64","Output":"=== RUN   TestPortableServerGraphPreparedSourceIdentities/go.uber.org/fx/darwin/arm64\n","OutputType":"frame"}
{"Time":"2026-10-08T18:07:56.310840715Z","Action":"output","Package":"go.temporal.io/server/tools/gomad3/deterministicio","Test":"TestPortableServerGraphPreparedSourceIdentities/go.uber.org/fx/darwin/arm64","Output":"--- PASS: TestPortableServerGraphPreparedSourceIdentities/go.uber.org/fx/darwin/arm64 (0.11s)\n","OutputType":"frame"}
{"Time":"2026-10-08T18:07:56.310900382Z","Action":"pass","Package":"go.temporal.io/server/tools/gomad3/deterministicio","Test":"TestPortableServerGraphPreparedSourceIdentities/go.uber.org/fx/darwin/arm64","Elapsed":0.11}
{"Time":"2026-10-08T18:07:56.310920132Z","Action":"run","Package":"go.temporal.io/server/tools/gomad3/deterministicio","Test":"TestPortableServerGraphPreparedSourceIdentities/go.uber.org/fx/linux/amd64"}
{"Time":"2026-10-08T18:07:56.31094434Z","Action":"output","Package":"go.temporal.io/server/tools/gomad3/deterministicio","Test":"TestPortableServerGraphPreparedSourceIdentities/go.uber.org/fx/linux/amd64","Output":"=== RUN   TestPortableServerGraphPreparedSourceIdentities/go.uber.org/fx/linux/amd64\n","OutputType":"frame"}
{"Time":"2026-10-08T18:07:56.394762465Z","Action":"output","Package":"go.temporal.io/server/tools/gomad3/deterministicio","Test":"TestPortableServerGraphPreparedSourceIdentities/go.uber.org/fx/linux/amd64","Output":"--- PASS: TestPortableServerGraphPreparedSourceIdentities/go.uber.org/fx/linux/amd64 (0.08s)\n","OutputType":"frame"}
{"Time":"2026-10-08T18:07:56.394825298Z","Action":"pass","Package":"go.temporal.io/server/tools/gomad3/deterministicio","Test":"TestPortableServerGraphPreparedSourceIdentities/go.uber.org/fx/linux/amd64","Elapsed":0.08}
{"Time":"2026-10-08T18:07:56.394854632Z","Action":"run","Package":"go.temporal.io/server/tools/gomad3/deterministicio","Test":"TestPortableServerGraphPreparedSourceIdentities/golang.org/x/net/darwin/arm64"}
{"Time":"2026-10-08T18:07:56.394886923Z","Action":"output","Package":"go.temporal.io/server/tools/gomad3/deterministicio","Test":"TestPortableServerGraphPreparedSourceIdentities/golang.org/x/net/darwin/arm64","Output":"=== RUN   TestPortableServerGraphPreparedSourceIdentities/golang.org/x/net/darwin/arm64\n","OutputType":"frame"}
{"Time":"2026-10-08T18:07:56.446308507Z","Action":"output","Package":"go.temporal.io/server/tools/gomad3/deterministicio","Test":"TestPortableServerGraphPreparedSourceIdentities/golang.org/x/net/darwin/arm64","Output":"--- PASS: TestPortableServerGraphPreparedSourceIdentities/golang.org/x/net/darwin/arm64 (0.05s)\n","OutputType":"frame"}
{"Time":"2026-10-08T18:07:56.446353465Z","Action":"pass","Package":"go.temporal.io/server/tools/gomad3/deterministicio","Test":"TestPortableServerGraphPreparedSourceIdentities/golang.org/x/net/darwin/arm64","Elapsed":0.05}
{"Time":"2026-10-08T18:07:56.446372965Z","Action":"run","Package":"go.temporal.io/server/tools/gomad3/deterministicio","Test":"TestPortableServerGraphPreparedSourceIdentities/golang.org/x/net/linux/amd64"}
{"Time":"2026-10-08T18:07:56.44639584Z","Action":"output","Package":"go.temporal.io/server/tools/gomad3/deterministicio","Test":"TestPortableServerGraphPreparedSourceIdentities/golang.org/x/net/linux/amd64","Output":"=== RUN   TestPortableServerGraphPreparedSourceIdentities/golang.org/x/net/linux/amd64\n","OutputType":"frame"}
{"Time":"2026-10-08T18:07:56.49110884Z","Action":"output","Package":"go.temporal.io/server/tools/gomad3/deterministicio","Test":"TestPortableServerGraphPreparedSourceIdentities/golang.org/x/net/linux/amd64","Output":"--- PASS: TestPortableServerGraphPreparedSourceIdentities/golang.org/x/net/linux/amd64 (0.04s)\n","OutputType":"frame"}
{"Time":"2026-10-08T18:07:56.491164507Z","Action":"pass","Package":"go.temporal.io/server/tools/gomad3/deterministicio","Test":"TestPortableServerGraphPreparedSourceIdentities/golang.org/x/net/linux/amd64","Elapsed":0.04}
{"Time":"2026-10-08T18:07:56.49120159Z","Action":"run","Package":"go.temporal.io/server/tools/gomad3/deterministicio","Test":"TestPortableServerGraphPreparedSourceIdentities/google.golang.org/grpc/darwin/arm64"}
{"Time":"2026-10-08T18:07:56.49124259Z","Action":"output","Package":"go.temporal.io/server/tools/gomad3/deterministicio","Test":"TestPortableServerGraphPreparedSourceIdentities/google.golang.org/grpc/darwin/arm64","Output":"=== RUN   TestPortableServerGraphPreparedSourceIdentities/google.golang.org/grpc/darwin/arm64\n","OutputType":"frame"}
{"Time":"2026-10-08T18:07:56.529546423Z","Action":"output","Package":"go.temporal.io/server/tools/gomad3/deterministicio","Test":"TestPortableServerGraphPreparedSourceIdentities/google.golang.org/grpc/darwin/arm64","Output":"--- PASS: TestPortableServerGraphPreparedSourceIdentities/google.golang.org/grpc/darwin/arm64 (0.04s)\n","OutputType":"frame"}
{"Time":"2026-10-08T18:07:56.529591048Z","Action":"pass","Package":"go.temporal.io/server/tools/gomad3/deterministicio","Test":"TestPortableServerGraphPreparedSourceIdentities/google.golang.org/grpc/darwin/arm64","Elapsed":0.04}
{"Time":"2026-10-08T18:07:56.529634423Z","Action":"run","Package":"go.temporal.io/server/tools/gomad3/deterministicio","Test":"TestPortableServerGraphPreparedSourceIdentities/google.golang.org/grpc/linux/amd64"}
{"Time":"2026-10-08T18:07:56.529661048Z","Action":"output","Package":"go.temporal.io/server/tools/gomad3/deterministicio","Test":"TestPortableServerGraphPreparedSourceIdentities/google.golang.org/grpc/linux/amd64","Output":"=== RUN   TestPortableServerGraphPreparedSourceIdentities/google.golang.org/grpc/linux/amd64\n","OutputType":"frame"}
{"Time":"2026-10-08T18:07:56.568215757Z","Action":"output","Package":"go.temporal.io/server/tools/gomad3/deterministicio","Test":"TestPortableServerGraphPreparedSourceIdentities/google.golang.org/grpc/linux/amd64","Output":"--- PASS: TestPortableServerGraphPreparedSourceIdentities/google.golang.org/grpc/linux/amd64 (0.04s)\n","OutputType":"frame"}
{"Time":"2026-10-08T18:07:56.568268798Z","Action":"pass","Package":"go.temporal.io/server/tools/gomad3/deterministicio","Test":"TestPortableServerGraphPreparedSourceIdentities/google.golang.org/grpc/linux/amd64","Elapsed":0.04}
{"Time":"2026-10-08T18:07:56.568303132Z","Action":"run","Package":"go.temporal.io/server/tools/gomad3/deterministicio","Test":"TestPortableServerGraphPreparedSourceIdentities/modernc.org/libc/darwin/arm64"}
{"Time":"2026-10-08T18:07:56.568316965Z","Action":"output","Package":"go.temporal.io/server/tools/gomad3/deterministicio","Test":"TestPortableServerGraphPreparedSourceIdentities/modernc.org/libc/darwin/arm64","Output":"=== RUN   TestPortableServerGraphPreparedSourceIdentities/modernc.org/libc/darwin/arm64\n","OutputType":"frame"}
{"Time":"2026-10-08T18:07:56.707629048Z","Action":"output","Package":"go.temporal.io/server/tools/gomad3/deterministicio","Test":"TestPortableServerGraphPreparedSourceIdentities/modernc.org/libc/darwin/arm64","Output":"--- PASS: TestPortableServerGraphPreparedSourceIdentities/modernc.org/libc/darwin/arm64 (0.14s)\n","OutputType":"frame"}
{"Time":"2026-10-08T18:07:56.707705215Z","Action":"pass","Package":"go.temporal.io/server/tools/gomad3/deterministicio","Test":"TestPortableServerGraphPreparedSourceIdentities/modernc.org/libc/darwin/arm64","Elapsed":0.14}
{"Time":"2026-10-08T18:07:56.707733382Z","Action":"run","Package":"go.temporal.io/server/tools/gomad3/deterministicio","Test":"TestPortableServerGraphPreparedSourceIdentities/modernc.org/libc/linux/amd64"}
{"Time":"2026-10-08T18:07:56.707752715Z","Action":"output","Package":"go.temporal.io/server/tools/gomad3/deterministicio","Test":"TestPortableServerGraphPreparedSourceIdentities/modernc.org/libc/linux/amd64","Output":"=== RUN   TestPortableServerGraphPreparedSourceIdentities/modernc.org/libc/linux/amd64\n","OutputType":"frame"}
{"Time":"2026-10-08T18:07:56.781734173Z","Action":"output","Package":"go.temporal.io/server/tools/gomad3/deterministicio","Test":"TestPortableServerGraphPreparedSourceIdentities/modernc.org/libc/linux/amd64","Output":"--- PASS: TestPortableServerGraphPreparedSourceIdentities/modernc.org/libc/linux/amd64 (0.07s)\n","OutputType":"frame"}
{"Time":"2026-10-08T18:07:56.781791715Z","Action":"pass","Package":"go.temporal.io/server/tools/gomad3/deterministicio","Test":"TestPortableServerGraphPreparedSourceIdentities/modernc.org/libc/linux/amd64","Elapsed":0.07}
{"Time":"2026-10-08T18:07:56.78181109Z","Action":"run","Package":"go.temporal.io/server/tools/gomad3/deterministicio","Test":"TestPortableServerGraphPreparedSourceIdentities/modernc.org/memory/darwin/arm64"}
{"Time":"2026-10-08T18:07:56.781830007Z","Action":"output","Package":"go.temporal.io/server/tools/gomad3/deterministicio","Test":"TestPortableServerGraphPreparedSourceIdentities/modernc.org/memory/darwin/arm64","Output":"=== RUN   TestPortableServerGraphPreparedSourceIdentities/modernc.org/memory/darwin/arm64\n","OutputType":"frame"}
{"Time":"2026-10-08T18:07:56.816513132Z","Action":"output","Package":"go.temporal.io/server/tools/gomad3/deterministicio","Test":"TestPortableServerGraphPreparedSourceIdentities/modernc.org/memory/darwin/arm64","Output":"--- PASS: TestPortableServerGraphPreparedSourceIdentities/modernc.org/memory/darwin/arm64 (0.03s)\n","OutputType":"frame"}
{"Time":"2026-10-08T18:07:56.816552132Z","Action":"pass","Package":"go.temporal.io/server/tools/gomad3/deterministicio","Test":"TestPortableServerGraphPreparedSourceIdentities/modernc.org/memory/darwin/arm64","Elapsed":0.03}
{"Time":"2026-10-08T18:07:56.816574798Z","Action":"run","Package":"go.temporal.io/server/tools/gomad3/deterministicio","Test":"TestPortableServerGraphPreparedSourceIdentities/modernc.org/memory/linux/amd64"}
{"Time":"2026-10-08T18:07:56.816591673Z","Action":"output","Package":"go.temporal.io/server/tools/gomad3/deterministicio","Test":"TestPortableServerGraphPreparedSourceIdentities/modernc.org/memory/linux/amd64","Output":"=== RUN   TestPortableServerGraphPreparedSourceIdentities/modernc.org/memory/linux/amd64\n","OutputType":"frame"}
{"Time":"2026-10-08T18:07:56.852668757Z","Action":"output","Package":"go.temporal.io/server/tools/gomad3/deterministicio","Test":"TestPortableServerGraphPreparedSourceIdentities/modernc.org/memory/linux/amd64","Output":"--- PASS: TestPortableServerGraphPreparedSourceIdentities/modernc.org/memory/linux/amd64 (0.04s)\n","OutputType":"frame"}
{"Time":"2026-10-08T18:07:56.852718882Z","Action":"pass","Package":"go.temporal.io/server/tools/gomad3/deterministicio","Test":"TestPortableServerGraphPreparedSourceIdentities/modernc.org/memory/linux/amd64","Elapsed":0.04}
{"Time":"2026-10-08T18:07:57.02067334Z","Action":"output","Package":"go.temporal.io/server/tools/gomad3/deterministicio","Test":"TestPortableServerGraphPreparedSourceIdentities","Output":"--- PASS: TestPortableServerGraphPreparedSourceIdentities (5.24s)\n","OutputType":"frame"}
{"Time":"2026-10-08T18:07:57.021575007Z","Action":"pass","Package":"go.temporal.io/server/tools/gomad3/deterministicio","Test":"TestPortableServerGraphPreparedSourceIdentities","Elapsed":5.24}
{"Time":"2026-10-08T18:07:57.021958424Z","Action":"output","Package":"go.temporal.io/server/tools/gomad3/deterministicio","Output":"PASS\n","OutputType":"frame"}
{"Time":"2026-10-08T18:07:57.022316507Z","Action":"output","Package":"go.temporal.io/server/tools/gomad3/deterministicio","Output":"ok  \tgo.temporal.io/server/tools/gomad3/deterministicio\t5.251s\n"}
{"Time":"2026-10-08T18:07:57.022886924Z","Action":"pass","Package":"go.temporal.io/server/tools/gomad3/deterministicio","Elapsed":5.252}
