{"Time":"2026-10-08T17:43:17.31329851Z","Action":"start","Package":"go.temporal.io/server/tools/gomad3/deterministicio"}
{"Time":"2026-10-08T17:43:17.317306176Z","Action":"run","Package":"go.temporal.io/server/tools/gomad3/deterministicio","Test":"TestPortableMetricsConsumer"}
{"Time":"2026-10-08T17:43:17.317360468Z","Action":"output","Package":"go.temporal.io/server/tools/gomad3/deterministicio","Test":"TestPortableMetricsConsumer","Output":"=== RUN   TestPortableMetricsConsumer\n","OutputType":"frame"}
{"Time":"2026-10-08T17:43:18.11816351Z","Action":"output","Package":"go.temporal.io/server/tools/gomad3/deterministicio","Test":"TestPortableMetricsConsumer","Output":"    metrics_consumer_portable_test.go:40: prepared stock metrics consumer:\n"}
{"Time":"2026-10-08T17:43:18.118241593Z","Action":"output","Package":"go.temporal.io/server/tools/gomad3/deterministicio","Test":"TestPortableMetricsConsumer","Output":"        === RUN   TestSignalServicesRefuse\n"}
{"Time":"2026-10-08T17:43:18.118284427Z","Action":"output","Package":"go.temporal.io/server/tools/gomad3/deterministicio","Test":"TestPortableMetricsConsumer","Output":"        === RUN   TestSignalServicesRefuse/root-default\n"}
{"Time":"2026-10-08T17:43:18.118328385Z","Action":"output","Package":"go.temporal.io/server/tools/gomad3/deterministicio","Test":"TestPortableMetricsConsumer","Output":"        === RUN   TestSignalServicesRefuse/compat\n"}
{"Time":"2026-10-08T17:43:18.118385927Z","Action":"output","Package":"go.temporal.io/server/tools/gomad3/deterministicio","Test":"TestPortableMetricsConsumer","Output":"        === RUN   TestSignalServicesRefuse/compat-default\n"}
{"Time":"2026-10-08T17:43:18.118405802Z","Action":"output","Package":"go.temporal.io/server/tools/gomad3/deterministicio","Test":"TestPortableMetricsConsumer","Output":"        === RUN   TestSignalServicesRefuse/root\n"}
{"Time":"2026-10-08T17:43:18.11842951Z","Action":"output","Package":"go.temporal.io/server/tools/gomad3/deterministicio","Test":"TestPortableMetricsConsumer","Output":"        --- PASS: TestSignalServicesRefuse (0.00s)\n"}
{"Time":"2026-10-08T17:43:18.118456177Z","Action":"output","Package":"go.temporal.io/server/tools/gomad3/deterministicio","Test":"TestPortableMetricsConsumer","Output":"            --- PASS: TestSignalServicesRefuse/root-default (0.00s)\n"}
{"Time":"2026-10-08T17:43:18.118482343Z","Action":"output","Package":"go.temporal.io/server/tools/gomad3/deterministicio","Test":"TestPortableMetricsConsumer","Output":"            --- PASS: TestSignalServicesRefuse/compat (0.00s)\n"}
{"Time":"2026-10-08T17:43:18.118505385Z","Action":"output","Package":"go.temporal.io/server/tools/gomad3/deterministicio","Test":"TestPortableMetricsConsumer","Output":"            --- PASS: TestSignalServicesRefuse/compat-default (0.00s)\n"}
{"Time":"2026-10-08T17:43:18.11853551Z","Action":"output","Package":"go.temporal.io/server/tools/gomad3/deterministicio","Test":"TestPortableMetricsConsumer","Output":"            --- PASS: TestSignalServicesRefuse/root (0.00s)\n"}
{"Time":"2026-10-08T17:43:18.118558135Z","Action":"output","Package":"go.temporal.io/server/tools/gomad3/deterministicio","Test":"TestPortableMetricsConsumer","Output":"        === RUN   TestOrdinaryMetricsEmissionSurvives\n"}
{"Time":"2026-10-08T17:43:18.118610635Z","Action":"output","Package":"go.temporal.io/server/tools/gomad3/deterministicio","Test":"TestPortableMetricsConsumer","Output":"        --- PASS: TestOrdinaryMetricsEmissionSurvives (0.00s)\n"}
{"Time":"2026-10-08T17:43:18.118653177Z","Action":"output","Package":"go.temporal.io/server/tools/gomad3/deterministicio","Test":"TestPortableMetricsConsumer","Output":"        PASS\n"}
{"Time":"2026-10-08T17:43:18.118695135Z","Action":"output","Package":"go.temporal.io/server/tools/gomad3/deterministicio","Test":"TestPortableMetricsConsumer","Output":"        ok  \tgomad3.adapter.hashicorpmetrics\t0.004s\n"}
{"Time":"2026-10-08T17:43:18.273267218Z","Action":"output","Package":"go.temporal.io/server/tools/gomad3/deterministicio","Test":"TestPortableMetricsConsumer","Output":"    metrics_consumer_portable_test.go:55: stock metrics source capability review: adapter replacement digest is invalid\n","OutputType":"error"}
{"Time":"2026-10-08T17:43:18.275220927Z","Action":"output","Package":"go.temporal.io/server/tools/gomad3/deterministicio","Test":"TestPortableMetricsConsumer","Output":"--- FAIL: TestPortableMetricsConsumer (0.96s)\n","OutputType":"frame"}
{"Time":"2026-10-08T17:43:18.275327802Z","Action":"fail","Package":"go.temporal.io/server/tools/gomad3/deterministicio","Test":"TestPortableMetricsConsumer","Elapsed":0.96}
{"Time":"2026-10-08T17:43:18.27536451Z","Action":"output","Package":"go.temporal.io/server/tools/gomad3/deterministicio","Output":"FAIL\n","OutputType":"frame"}
{"Time":"2026-10-08T17:43:18.275577302Z","Action":"output","Package":"go.temporal.io/server/tools/gomad3/deterministicio","Output":"FAIL\tgo.temporal.io/server/tools/gomad3/deterministicio\t0.962s\n","OutputType":"frame"}
{"Time":"2026-10-08T17:43:18.275618552Z","Action":"fail","Package":"go.temporal.io/server/tools/gomad3/deterministicio","Elapsed":0.962}
