{"Time":"2026-10-08T17:28:17.082817164Z","Action":"start","Package":"go.temporal.io/server/tools/gomad3/deterministicio"}
{"Time":"2026-10-08T17:28:17.086950955Z","Action":"run","Package":"go.temporal.io/server/tools/gomad3/deterministicio","Test":"TestPortableRewrittenModuleConsumers"}
{"Time":"2026-10-08T17:28:17.087017372Z","Action":"output","Package":"go.temporal.io/server/tools/gomad3/deterministicio","Test":"TestPortableRewrittenModuleConsumers","Output":"=== RUN   TestPortableRewrittenModuleConsumers\n","OutputType":"frame"}
{"Time":"2026-10-08T17:28:17.088852747Z","Action":"run","Package":"go.temporal.io/server/tools/gomad3/deterministicio","Test":"TestPortableRewrittenModuleConsumers/sprig"}
{"Time":"2026-10-08T17:28:17.088883372Z","Action":"output","Package":"go.temporal.io/server/tools/gomad3/deterministicio","Test":"TestPortableRewrittenModuleConsumers/sprig","Output":"=== RUN   TestPortableRewrittenModuleConsumers/sprig\n","OutputType":"frame"}
{"Time":"2026-10-08T17:28:18.151087748Z","Action":"output","Package":"go.temporal.io/server/tools/gomad3/deterministicio","Test":"TestPortableRewrittenModuleConsumers/sprig","Output":"    adapter_consumers_portable_test.go:66: prepared stock sprig consumer:\n"}
{"Time":"2026-10-08T17:28:18.151278414Z","Action":"output","Package":"go.temporal.io/server/tools/gomad3/deterministicio","Test":"TestPortableRewrittenModuleConsumers/sprig","Output":"        === RUN   TestHostLookupRefusesService\n"}
{"Time":"2026-10-08T17:28:18.151305039Z","Action":"output","Package":"go.temporal.io/server/tools/gomad3/deterministicio","Test":"TestPortableRewrittenModuleConsumers/sprig","Output":"        --- PASS: TestHostLookupRefusesService (0.00s)\n"}
{"Time":"2026-10-08T17:28:18.151341956Z","Action":"output","Package":"go.temporal.io/server/tools/gomad3/deterministicio","Test":"TestPortableRewrittenModuleConsumers/sprig","Output":"        === RUN   TestTemplateLookupReportsRefusal\n"}
{"Time":"2026-10-08T17:28:18.151380081Z","Action":"output","Package":"go.temporal.io/server/tools/gomad3/deterministicio","Test":"TestPortableRewrittenModuleConsumers/sprig","Output":"        --- PASS: TestTemplateLookupReportsRefusal (0.00s)\n"}
{"Time":"2026-10-08T17:28:18.151416706Z","Action":"output","Package":"go.temporal.io/server/tools/gomad3/deterministicio","Test":"TestPortableRewrittenModuleConsumers/sprig","Output":"        === RUN   TestOrdinaryTemplateFunctions\n"}
{"Time":"2026-10-08T17:28:18.151441539Z","Action":"output","Package":"go.temporal.io/server/tools/gomad3/deterministicio","Test":"TestPortableRewrittenModuleConsumers/sprig","Output":"        --- PASS: TestOrdinaryTemplateFunctions (0.00s)\n"}
{"Time":"2026-10-08T17:28:18.151467248Z","Action":"output","Package":"go.temporal.io/server/tools/gomad3/deterministicio","Test":"TestPortableRewrittenModuleConsumers/sprig","Output":"        PASS\n"}
{"Time":"2026-10-08T17:28:18.151496289Z","Action":"output","Package":"go.temporal.io/server/tools/gomad3/deterministicio","Test":"TestPortableRewrittenModuleConsumers/sprig","Output":"        ok  \tgomad3.adapter.sprig\t0.008s\n"}
{"Time":"2026-10-08T17:28:18.285854956Z","Action":"output","Package":"go.temporal.io/server/tools/gomad3/deterministicio","Test":"TestPortableRewrittenModuleConsumers/sprig","Output":"    adapter_consumers_portable_test.go:95: prepared darwin/arm64 source set sha256:8f08780f8a874f591ad9c945e49cc1662008b33114fb0e80f3167dd9283165fd\n"}
{"Time":"2026-10-08T17:28:18.395979914Z","Action":"output","Package":"go.temporal.io/server/tools/gomad3/deterministicio","Test":"TestPortableRewrittenModuleConsumers/sprig","Output":"    adapter_consumers_portable_test.go:95: prepared linux/amd64 source set sha256:8f08780f8a874f591ad9c945e49cc1662008b33114fb0e80f3167dd9283165fd\n"}
{"Time":"2026-10-08T17:28:18.397767831Z","Action":"output","Package":"go.temporal.io/server/tools/gomad3/deterministicio","Test":"TestPortableRewrittenModuleConsumers/sprig","Output":"--- PASS: TestPortableRewrittenModuleConsumers/sprig (1.31s)\n","OutputType":"frame"}
{"Time":"2026-10-08T17:28:18.397802873Z","Action":"pass","Package":"go.temporal.io/server/tools/gomad3/deterministicio","Test":"TestPortableRewrittenModuleConsumers/sprig","Elapsed":1.31}
{"Time":"2026-10-08T17:28:18.397867373Z","Action":"run","Package":"go.temporal.io/server/tools/gomad3/deterministicio","Test":"TestPortableRewrittenModuleConsumers/validator"}
{"Time":"2026-10-08T17:28:18.397883414Z","Action":"output","Package":"go.temporal.io/server/tools/gomad3/deterministicio","Test":"TestPortableRewrittenModuleConsumers/validator","Output":"=== RUN   TestPortableRewrittenModuleConsumers/validator\n","OutputType":"frame"}
{"Time":"2026-10-08T17:28:20.425115707Z","Action":"output","Package":"go.temporal.io/server/tools/gomad3/deterministicio","Test":"TestPortableRewrittenModuleConsumers/validator","Output":"    adapter_consumers_portable_test.go:66: prepared stock validator consumer:\n"}
{"Time":"2026-10-08T17:28:20.425235207Z","Action":"output","Package":"go.temporal.io/server/tools/gomad3/deterministicio","Test":"TestPortableRewrittenModuleConsumers/validator","Output":"        === RUN   TestResolverValidationRefusesService\n"}
{"Time":"2026-10-08T17:28:20.425280915Z","Action":"output","Package":"go.temporal.io/server/tools/gomad3/deterministicio","Test":"TestPortableRewrittenModuleConsumers/validator","Output":"        === RUN   TestResolverValidationRefusesService/tcp4_addr\n"}
{"Time":"2026-10-08T17:28:20.425304165Z","Action":"output","Package":"go.temporal.io/server/tools/gomad3/deterministicio","Test":"TestPortableRewrittenModuleConsumers/validator","Output":"        === RUN   TestResolverValidationRefusesService/tcp6_addr\n"}
{"Time":"2026-10-08T17:28:20.425323124Z","Action":"output","Package":"go.temporal.io/server/tools/gomad3/deterministicio","Test":"TestPortableRewrittenModuleConsumers/validator","Output":"        === RUN   TestResolverValidationRefusesService/tcp_addr\n"}
{"Time":"2026-10-08T17:28:20.425345332Z","Action":"output","Package":"go.temporal.io/server/tools/gomad3/deterministicio","Test":"TestPortableRewrittenModuleConsumers/validator","Output":"        === RUN   TestResolverValidationRefusesService/udp4_addr\n"}
{"Time":"2026-10-08T17:28:20.425363165Z","Action":"output","Package":"go.temporal.io/server/tools/gomad3/deterministicio","Test":"TestPortableRewrittenModuleConsumers/validator","Output":"        === RUN   TestResolverValidationRefusesService/udp6_addr\n"}
{"Time":"2026-10-08T17:28:20.42538729Z","Action":"output","Package":"go.temporal.io/server/tools/gomad3/deterministicio","Test":"TestPortableRewrittenModuleConsumers/validator","Output":"        === RUN   TestResolverValidationRefusesService/udp_addr\n"}
{"Time":"2026-10-08T17:28:20.425397832Z","Action":"output","Package":"go.temporal.io/server/tools/gomad3/deterministicio","Test":"TestPortableRewrittenModuleConsumers/validator","Output":"        === RUN   TestResolverValidationRefusesService/ip4_addr\n"}
{"Time":"2026-10-08T17:28:20.425406082Z","Action":"output","Package":"go.temporal.io/server/tools/gomad3/deterministicio","Test":"TestPortableRewrittenModuleConsumers/validator","Output":"        === RUN   TestResolverValidationRefusesService/ip6_addr\n"}
{"Time":"2026-10-08T17:28:20.425414749Z","Action":"output","Package":"go.temporal.io/server/tools/gomad3/deterministicio","Test":"TestPortableRewrittenModuleConsumers/validator","Output":"        === RUN   TestResolverValidationRefusesService/ip_addr\n"}
{"Time":"2026-10-08T17:28:20.42542379Z","Action":"output","Package":"go.temporal.io/server/tools/gomad3/deterministicio","Test":"TestPortableRewrittenModuleConsumers/validator","Output":"        === RUN   TestResolverValidationRefusesService/unix_addr\n"}
{"Time":"2026-10-08T17:28:20.425432999Z","Action":"output","Package":"go.temporal.io/server/tools/gomad3/deterministicio","Test":"TestPortableRewrittenModuleConsumers/validator","Output":"        --- PASS: TestResolverValidationRefusesService (0.00s)\n"}
{"Time":"2026-10-08T17:28:20.425454624Z","Action":"output","Package":"go.temporal.io/server/tools/gomad3/deterministicio","Test":"TestPortableRewrittenModuleConsumers/validator","Output":"            --- PASS: TestResolverValidationRefusesService/tcp4_addr (0.00s)\n"}
{"Time":"2026-10-08T17:28:20.425483082Z","Action":"output","Package":"go.temporal.io/server/tools/gomad3/deterministicio","Test":"TestPortableRewrittenModuleConsumers/validator","Output":"            --- PASS: TestResolverValidationRefusesService/tcp6_addr (0.00s)\n"}
{"Time":"2026-10-08T17:28:20.425503415Z","Action":"output","Package":"go.temporal.io/server/tools/gomad3/deterministicio","Test":"TestPortableRewrittenModuleConsumers/validator","Output":"            --- PASS: TestResolverValidationRefusesService/tcp_addr (0.00s)\n"}
{"Time":"2026-10-08T17:28:20.425521915Z","Action":"output","Package":"go.temporal.io/server/tools/gomad3/deterministicio","Test":"TestPortableRewrittenModuleConsumers/validator","Output":"            --- PASS: TestResolverValidationRefusesService/udp4_addr (0.00s)\n"}
{"Time":"2026-10-08T17:28:20.425545874Z","Action":"output","Package":"go.temporal.io/server/tools/gomad3/deterministicio","Test":"TestPortableRewrittenModuleConsumers/validator","Output":"            --- PASS: TestResolverValidationRefusesService/udp6_addr (0.00s)\n"}
{"Time":"2026-10-08T17:28:20.425558415Z","Action":"output","Package":"go.temporal.io/server/tools/gomad3/deterministicio","Test":"TestPortableRewrittenModuleConsumers/validator","Output":"            --- PASS: TestResolverValidationRefusesService/udp_addr (0.00s)\n"}
{"Time":"2026-10-08T17:28:20.425570082Z","Action":"output","Package":"go.temporal.io/server/tools/gomad3/deterministicio","Test":"TestPortableRewrittenModuleConsumers/validator","Output":"            --- PASS: TestResolverValidationRefusesService/ip4_addr (0.00s)\n"}
{"Time":"2026-10-08T17:28:20.425599624Z","Action":"output","Package":"go.temporal.io/server/tools/gomad3/deterministicio","Test":"TestPortableRewrittenModuleConsumers/validator","Output":"            --- PASS: TestResolverValidationRefusesService/ip6_addr (0.00s)\n"}
{"Time":"2026-10-08T17:28:20.425622415Z","Action":"output","Package":"go.temporal.io/server/tools/gomad3/deterministicio","Test":"TestPortableRewrittenModuleConsumers/validator","Output":"            --- PASS: TestResolverValidationRefusesService/ip_addr (0.00s)\n"}
{"Time":"2026-10-08T17:28:20.425639832Z","Action":"output","Package":"go.temporal.io/server/tools/gomad3/deterministicio","Test":"TestPortableRewrittenModuleConsumers/validator","Output":"            --- PASS: TestResolverValidationRefusesService/unix_addr (0.00s)\n"}
{"Time":"2026-10-08T17:28:20.42565004Z","Action":"output","Package":"go.temporal.io/server/tools/gomad3/deterministicio","Test":"TestPortableRewrittenModuleConsumers/validator","Output":"        === RUN   TestOrdinaryValidation\n"}
{"Time":"2026-10-08T17:28:20.425664999Z","Action":"output","Package":"go.temporal.io/server/tools/gomad3/deterministicio","Test":"TestPortableRewrittenModuleConsumers/validator","Output":"        --- PASS: TestOrdinaryValidation (0.00s)\n"}
{"Time":"2026-10-08T17:28:20.42572554Z","Action":"output","Package":"go.temporal.io/server/tools/gomad3/deterministicio","Test":"TestPortableRewrittenModuleConsumers/validator","Output":"        PASS\n"}
{"Time":"2026-10-08T17:28:20.425748082Z","Action":"output","Package":"go.temporal.io/server/tools/gomad3/deterministicio","Test":"TestPortableRewrittenModuleConsumers/validator","Output":"        ok  \tgomad3.adapter.validator\t0.005s\n"}
{"Time":"2026-10-08T17:28:20.502573082Z","Action":"output","Package":"go.temporal.io/server/tools/gomad3/deterministicio","Test":"TestPortableRewrittenModuleConsumers/validator","Output":"    adapter_consumers_portable_test.go:95: prepared darwin/arm64 source set sha256:c0ed49ccbbb194fc15427fea32759d496ba7112aba9dd8d9936883bba6fe6943\n"}
{"Time":"2026-10-08T17:28:20.571799999Z","Action":"output","Package":"go.temporal.io/server/tools/gomad3/deterministicio","Test":"TestPortableRewrittenModuleConsumers/validator","Output":"    adapter_consumers_portable_test.go:95: prepared linux/amd64 source set sha256:c0ed49ccbbb194fc15427fea32759d496ba7112aba9dd8d9936883bba6fe6943\n"}
{"Time":"2026-10-08T17:28:20.575040624Z","Action":"output","Package":"go.temporal.io/server/tools/gomad3/deterministicio","Test":"TestPortableRewrittenModuleConsumers/validator","Output":"--- PASS: TestPortableRewrittenModuleConsumers/validator (2.18s)\n","OutputType":"frame"}
{"Time":"2026-10-08T17:28:20.575081207Z","Action":"pass","Package":"go.temporal.io/server/tools/gomad3/deterministicio","Test":"TestPortableRewrittenModuleConsumers/validator","Elapsed":2.18}
{"Time":"2026-10-08T17:28:20.575134124Z","Action":"run","Package":"go.temporal.io/server/tools/gomad3/deterministicio","Test":"TestPortableRewrittenModuleConsumers/pebble"}
{"Time":"2026-10-08T17:28:20.575173582Z","Action":"output","Package":"go.temporal.io/server/tools/gomad3/deterministicio","Test":"TestPortableRewrittenModuleConsumers/pebble","Output":"=== RUN   TestPortableRewrittenModuleConsumers/pebble\n","OutputType":"frame"}
{"Time":"2026-10-08T17:28:26.630901543Z","Action":"output","Package":"go.temporal.io/server/tools/gomad3/deterministicio","Test":"TestPortableRewrittenModuleConsumers/pebble","Output":"    adapter_consumers_portable_test.go:66: prepared stock pebble consumer:\n"}
{"Time":"2026-10-08T17:28:26.63136821Z","Action":"output","Package":"go.temporal.io/server/tools/gomad3/deterministicio","Test":"TestPortableRewrittenModuleConsumers/pebble","Output":"        go: downloading github.com/cockroachdb/logtags v0.0.0-20230118201751-21c54148d20b\n"}
{"Time":"2026-10-08T17:28:26.631405543Z","Action":"output","Package":"go.temporal.io/server/tools/gomad3/deterministicio","Test":"TestPortableRewrittenModuleConsumers/pebble","Output":"        go: downloading golang.org/x/text v0.31.0\n"}
{"Time":"2026-10-08T17:28:26.631430168Z","Action":"output","Package":"go.temporal.io/server/tools/gomad3/deterministicio","Test":"TestPortableRewrittenModuleConsumers/pebble","Output":"        === RUN   TestMemFS\n"}
{"Time":"2026-10-08T17:28:26.631465293Z","Action":"output","Package":"go.temporal.io/server/tools/gomad3/deterministicio","Test":"TestPortableRewrittenModuleConsumers/pebble","Output":"        --- PASS: TestMemFS (0.00s)\n"}
{"Time":"2026-10-08T17:28:26.63149721Z","Action":"output","Package":"go.temporal.io/server/tools/gomad3/deterministicio","Test":"TestPortableRewrittenModuleConsumers/pebble","Output":"        === RUN   TestOSFileConstructionRefused\n"}
{"Time":"2026-10-08T17:28:26.63152296Z","Action":"output","Package":"go.temporal.io/server/tools/gomad3/deterministicio","Test":"TestPortableRewrittenModuleConsumers/pebble","Output":"        === RUN   TestOSFileConstructionRefused/create\n"}
{"Time":"2026-10-08T17:28:26.631551627Z","Action":"output","Package":"go.temporal.io/server/tools/gomad3/deterministicio","Test":"TestPortableRewrittenModuleConsumers/pebble","Output":"        === RUN   TestOSFileConstructionRefused/open\n"}
{"Time":"2026-10-08T17:28:26.631563918Z","Action":"output","Package":"go.temporal.io/server/tools/gomad3/deterministicio","Test":"TestPortableRewrittenModuleConsumers/pebble","Output":"        === RUN   TestOSFileConstructionRefused/open-read-write\n"}
{"Time":"2026-10-08T17:28:26.631574627Z","Action":"output","Package":"go.temporal.io/server/tools/gomad3/deterministicio","Test":"TestPortableRewrittenModuleConsumers/pebble","Output":"        === RUN   TestOSFileConstructionRefused/open-directory\n"}
{"Time":"2026-10-08T17:28:26.63158396Z","Action":"output","Package":"go.temporal.io/server/tools/gomad3/deterministicio","Test":"TestPortableRewrittenModuleConsumers/pebble","Output":"        === RUN   TestOSFileConstructionRefused/reuse\n"}
{"Time":"2026-10-08T17:28:26.631594043Z","Action":"output","Package":"go.temporal.io/server/tools/gomad3/deterministicio","Test":"TestPortableRewrittenModuleConsumers/pebble","Output":"        --- PASS: TestOSFileConstructionRefused (0.00s)\n"}
{"Time":"2026-10-08T17:28:26.63160421Z","Action":"output","Package":"go.temporal.io/server/tools/gomad3/deterministicio","Test":"TestPortableRewrittenModuleConsumers/pebble","Output":"            --- PASS: TestOSFileConstructionRefused/create (0.00s)\n"}
{"Time":"2026-10-08T17:28:26.631643335Z","Action":"output","Package":"go.temporal.io/server/tools/gomad3/deterministicio","Test":"TestPortableRewrittenModuleConsumers/pebble","Output":"            --- PASS: TestOSFileConstructionRefused/open (0.00s)\n"}
{"Time":"2026-10-08T17:28:26.631655418Z","Action":"output","Package":"go.temporal.io/server/tools/gomad3/deterministicio","Test":"TestPortableRewrittenModuleConsumers/pebble","Output":"            --- PASS: TestOSFileConstructionRefused/open-read-write (0.00s)\n"}
{"Time":"2026-10-08T17:28:26.631666627Z","Action":"output","Package":"go.temporal.io/server/tools/gomad3/deterministicio","Test":"TestPortableRewrittenModuleConsumers/pebble","Output":"            --- PASS: TestOSFileConstructionRefused/open-directory (0.00s)\n"}
{"Time":"2026-10-08T17:28:26.63167696Z","Action":"output","Package":"go.temporal.io/server/tools/gomad3/deterministicio","Test":"TestPortableRewrittenModuleConsumers/pebble","Output":"            --- PASS: TestOSFileConstructionRefused/reuse (0.00s)\n"}
{"Time":"2026-10-08T17:28:26.631696418Z","Action":"output","Package":"go.temporal.io/server/tools/gomad3/deterministicio","Test":"TestPortableRewrittenModuleConsumers/pebble","Output":"        === RUN   TestOSHardLinkRefused\n"}
{"Time":"2026-10-08T17:28:26.631707043Z","Action":"output","Package":"go.temporal.io/server/tools/gomad3/deterministicio","Test":"TestPortableRewrittenModuleConsumers/pebble","Output":"        --- PASS: TestOSHardLinkRefused (0.00s)\n"}
{"Time":"2026-10-08T17:28:26.631715043Z","Action":"output","Package":"go.temporal.io/server/tools/gomad3/deterministicio","Test":"TestPortableRewrittenModuleConsumers/pebble","Output":"        PASS\n"}
{"Time":"2026-10-08T17:28:26.631722918Z","Action":"output","Package":"go.temporal.io/server/tools/gomad3/deterministicio","Test":"TestPortableRewrittenModuleConsumers/pebble","Output":"        ok  \tgomad3.adapter.pebble\t0.006s\n"}
{"Time":"2026-10-08T17:28:30.96815842Z","Action":"output","Package":"go.temporal.io/server/tools/gomad3/deterministicio","Test":"TestPortableRewrittenModuleConsumers/pebble","Output":"    adapter_consumers_portable_test.go:93: prepared pebble consumer [tool nm /Users/stephan/Workspace/skunkworks/.gomad-source-gates-UsyTMX/TestPortableRewrittenModuleConsumerspebble2298910718/003/pebble.test]: exit status 2\n","OutputType":"error"}
{"Time":"2026-10-08T17:28:30.96825942Z","Action":"output","Package":"go.temporal.io/server/tools/gomad3/deterministicio","Test":"TestPortableRewrittenModuleConsumers/pebble","Output":"        unexpected fault address 0xffffb00700c0\n","OutputType":"error-continue"}
{"Time":"2026-10-08T17:28:30.968275837Z","Action":"output","Package":"go.temporal.io/server/tools/gomad3/deterministicio","Test":"TestPortableRewrittenModuleConsumers/pebble","Output":"        fatal error: fault\n","OutputType":"error-continue"}
{"Time":"2026-10-08T17:28:30.968297129Z","Action":"output","Package":"go.temporal.io/server/tools/gomad3/deterministicio","Test":"TestPortableRewrittenModuleConsumers/pebble","Output":"        [signal SIGBUS: bus error code=0x2 addr=0xffffb00700c0 pc=0x10d448]\n","OutputType":"error-continue"}
{"Time":"2026-10-08T17:28:30.96833492Z","Action":"output","Package":"go.temporal.io/server/tools/gomad3/deterministicio","Test":"TestPortableRewrittenModuleConsumers/pebble","Output":"        \n","OutputType":"error-continue"}
{"Time":"2026-10-08T17:28:30.96836492Z","Action":"output","Package":"go.temporal.io/server/tools/gomad3/deterministicio","Test":"TestPortableRewrittenModuleConsumers/pebble","Output":"        goroutine 1 gp=0x5344d80641e0 m=0 mp=0x2750e0 [running]:\n","OutputType":"error-continue"}
{"Time":"2026-10-08T17:28:30.968389045Z","Action":"output","Package":"go.temporal.io/server/tools/gomad3/deterministicio","Test":"TestPortableRewrittenModuleConsumers/pebble","Output":"        runtime.throw({0x110388?, 0x26adc?})\n","OutputType":"error-continue"}
{"Time":"2026-10-08T17:28:30.968421212Z","Action":"output","Package":"go.temporal.io/server/tools/gomad3/deterministicio","Test":"TestPortableRewrittenModuleConsumers/pebble","Output":"        \t/home/agent/go/pkg/mod/golang.org/toolchain@v0.0.1-go1.27.1.linux-arm64/src/runtime/panic.go:1243 +0x38 fp=0x5344d81138d0 sp=0x5344d81138a0 pc=0x89b18\n","OutputType":"error-continue"}
{"Time":"2026-10-08T17:28:30.968477337Z","Action":"output","Package":"go.temporal.io/server/tools/gomad3/deterministicio","Test":"TestPortableRewrittenModuleConsumers/pebble","Output":"        runtime.sigpanic()\n","OutputType":"error-continue"}
{"Time":"2026-10-08T17:28:30.968490587Z","Action":"output","Package":"go.temporal.io/server/tools/gomad3/deterministicio","Test":"TestPortableRewrittenModuleConsumers/pebble","Output":"        \t/home/agent/go/pkg/mod/golang.org/toolchain@v0.0.1-go1.27.1.linux-arm64/src/runtime/signal_unix.go:928 +0xdc fp=0x5344d8113930 sp=0x5344d81138d0 pc=0x8b34c\n","OutputType":"error-continue"}
{"Time":"2026-10-08T17:28:30.968517629Z","Action":"output","Package":"go.temporal.io/server/tools/gomad3/deterministicio","Test":"TestPortableRewrittenModuleConsumers/pebble","Output":"        sync/atomic.(*Uint32).CompareAndSwap(...)\n","OutputType":"error-continue"}
{"Time":"2026-10-08T17:28:30.96853467Z","Action":"output","Package":"go.temporal.io/server/tools/gomad3/deterministicio","Test":"TestPortableRewrittenModuleConsumers/pebble","Output":"        \t/home/agent/go/pkg/mod/golang.org/toolchain@v0.0.1-go1.27.1.linux-arm64/src/sync/atomic/type.go:157\n","OutputType":"error-continue"}
{"Time":"2026-10-08T17:28:30.968553337Z","Action":"output","Package":"go.temporal.io/server/tools/gomad3/deterministicio","Test":"TestPortableRewrittenModuleConsumers/pebble","Output":"        cmd/vendor/golang.org/x/telemetry/internal/counter.(*mappedFile).cas32(...)\n","OutputType":"error-continue"}
{"Time":"2026-10-08T17:28:30.968570129Z","Action":"output","Package":"go.temporal.io/server/tools/gomad3/deterministicio","Test":"TestPortableRewrittenModuleConsumers/pebble","Output":"        \t/home/agent/go/pkg/mod/golang.org/toolchain@v0.0.1-go1.27.1.linux-arm64/src/cmd/vendor/golang.org/x/telemetry/internal/counter/file.go:600\n","OutputType":"error-continue"}
{"Time":"2026-10-08T17:28:30.968581629Z","Action":"output","Package":"go.temporal.io/server/tools/gomad3/deterministicio","Test":"TestPortableRewrittenModuleConsumers/pebble","Output":"        cmd/vendor/golang.org/x/telemetry/internal/counter.(*mappedFile).newCounter(0x5344d8118240, {0x112726, 0xe})\n","OutputType":"error-continue"}
{"Time":"2026-10-08T17:28:30.968603004Z","Action":"output","Package":"go.temporal.io/server/tools/gomad3/deterministicio","Test":"TestPortableRewrittenModuleConsumers/pebble","Output":"        \t/home/agent/go/pkg/mod/golang.org/toolchain@v0.0.1-go1.27.1.linux-arm64/src/cmd/vendor/golang.org/x/telemetry/internal/counter/file.go:743 +0x4d8 fp=0x5344d8113a80 sp=0x5344d8113940 pc=0x10d448\n","OutputType":"error-continue"}
{"Time":"2026-10-08T17:28:30.968636754Z","Action":"output","Package":"go.temporal.io/server/tools/gomad3/deterministicio","Test":"TestPortableRewrittenModuleConsumers/pebble","Output":"        cmd/vendor/golang.org/x/telemetry/internal/counter.(*file).newCounter1(0x2745e0, {0x112726, 0xe})\n","OutputType":"error-continue"}
{"Time":"2026-10-08T17:28:30.968656837Z","Action":"output","Package":"go.temporal.io/server/tools/gomad3/deterministicio","Test":"TestPortableRewrittenModuleConsumers/pebble","Output":"        \t/home/agent/go/pkg/mod/golang.org/toolchain@v0.0.1-go1.27.1.linux-arm64/src/cmd/vendor/golang.org/x/telemetry/internal/counter/file.go:343 +0x164 fp=0x5344d8113b40 sp=0x5344d8113a80 pc=0x10c354\n","OutputType":"error-continue"}
{"Time":"2026-10-08T17:28:30.968683004Z","Action":"output","Package":"go.temporal.io/server/tools/gomad3/deterministicio","Test":"TestPortableRewrittenModuleConsumers/pebble","Output":"        cmd/vendor/golang.org/x/telemetry/internal/counter.(*file).newCounter(0x10?, {0x112726?, 0x5344d8113bb8?})\n","OutputType":"error-continue"}
{"Time":"2026-10-08T17:28:30.968696545Z","Action":"output","Package":"go.temporal.io/server/tools/gomad3/deterministicio","Test":"TestPortableRewrittenModuleConsumers/pebble","Output":"        \t/home/agent/go/pkg/mod/golang.org/toolchain@v0.0.1-go1.27.1.linux-arm64/src/cmd/vendor/golang.org/x/telemetry/internal/counter/file.go:326 +0x20 fp=0x5344d8113b70 sp=0x5344d8113b40 pc=0x10c1b0\n","OutputType":"error-continue"}
{"Time":"2026-10-08T17:28:30.968716087Z","Action":"output","Package":"go.temporal.io/server/tools/gomad3/deterministicio","Test":"TestPortableRewrittenModuleConsumers/pebble","Output":"        cmd/vendor/golang.org/x/telemetry/internal/counter.(*file).lookup(0x11bf67?, {0x112726?, 0x5344d8113c58?})\n","OutputType":"error-continue"}
{"Time":"2026-10-08T17:28:30.96872542Z","Action":"output","Package":"go.temporal.io/server/tools/gomad3/deterministicio","Test":"TestPortableRewrittenModuleConsumers/pebble","Output":"        \t/home/agent/go/pkg/mod/golang.org/toolchain@v0.0.1-go1.27.1.linux-arm64/src/cmd/vendor/golang.org/x/telemetry/internal/counter/file.go:119 +0x34 fp=0x5344d8113bc0 sp=0x5344d8113b70 pc=0x10b024\n","OutputType":"error-continue"}
{"Time":"2026-10-08T17:28:30.96873367Z","Action":"output","Package":"go.temporal.io/server/tools/gomad3/deterministicio","Test":"TestPortableRewrittenModuleConsumers/pebble","Output":"        cmd/vendor/golang.org/x/telemetry/internal/counter.(*Counter).releaseLock(0x5344d8118280, 0xffffffff)\n","OutputType":"error-continue"}
{"Time":"2026-10-08T17:28:30.968755379Z","Action":"output","Package":"go.temporal.io/server/tools/gomad3/deterministicio","Test":"TestPortableRewrittenModuleConsumers/pebble","Output":"        \t/home/agent/go/pkg/mod/golang.org/toolchain@v0.0.1-go1.27.1.linux-arm64/src/cmd/vendor/golang.org/x/telemetry/internal/counter/counter.go:240 +0x140 fp=0x5344d8113c80 sp=0x5344d8113bc0 pc=0x10a6c0\n","OutputType":"error-continue"}
{"Time":"2026-10-08T17:28:30.96877192Z","Action":"output","Package":"go.temporal.io/server/tools/gomad3/deterministicio","Test":"TestPortableRewrittenModuleConsumers/pebble","Output":"        cmd/vendor/golang.org/x/telemetry/internal/counter.(*Counter).Add(0x5344d8118280, 0x1)\n","OutputType":"error-continue"}
{"Time":"2026-10-08T17:28:30.968783462Z","Action":"output","Package":"go.temporal.io/server/tools/gomad3/deterministicio","Test":"TestPortableRewrittenModuleConsumers/pebble","Output":"        \t/home/agent/go/pkg/mod/golang.org/toolchain@v0.0.1-go1.27.1.linux-arm64/src/cmd/vendor/golang.org/x/telemetry/internal/counter/counter.go:194 +0x320 fp=0x5344d8113d40 sp=0x5344d8113c80 pc=0x10a1b0\n","OutputType":"error-continue"}
{"Time":"2026-10-08T17:28:30.968802337Z","Action":"output","Package":"go.temporal.io/server/tools/gomad3/deterministicio","Test":"TestPortableRewrittenModuleConsumers/pebble","Output":"        cmd/vendor/golang.org/x/telemetry/internal/counter.(*Counter).Inc(...)\n","OutputType":"error-continue"}
{"Time":"2026-10-08T17:28:30.968818337Z","Action":"output","Package":"go.temporal.io/server/tools/gomad3/deterministicio","Test":"TestPortableRewrittenModuleConsumers/pebble","Output":"        \t/home/agent/go/pkg/mod/golang.org/toolchain@v0.0.1-go1.27.1.linux-arm64/src/cmd/vendor/golang.org/x/telemetry/internal/counter/counter.go:146\n","OutputType":"error-continue"}
{"Time":"2026-10-08T17:28:30.96883192Z","Action":"output","Package":"go.temporal.io/server/tools/gomad3/deterministicio","Test":"TestPortableRewrittenModuleConsumers/pebble","Output":"        cmd/vendor/golang.org/x/telemetry/counter.Inc(...)\n","OutputType":"error-continue"}
{"Time":"2026-10-08T17:28:30.968846004Z","Action":"output","Package":"go.temporal.io/server/tools/gomad3/deterministicio","Test":"TestPortableRewrittenModuleConsumers/pebble","Output":"        \t/home/agent/go/pkg/mod/golang.org/toolchain@v0.0.1-go1.27.1.linux-arm64/src/cmd/vendor/golang.org/x/telemetry/counter/counter.go:23\n","OutputType":"error-continue"}
{"Time":"2026-10-08T17:28:30.968875129Z","Action":"output","Package":"go.temporal.io/server/tools/gomad3/deterministicio","Test":"TestPortableRewrittenModuleConsumers/pebble","Output":"        cmd/internal/telemetry/counter.Inc(...)\n","OutputType":"error-continue"}
{"Time":"2026-10-08T17:28:30.96889142Z","Action":"output","Package":"go.temporal.io/server/tools/gomad3/deterministicio","Test":"TestPortableRewrittenModuleConsumers/pebble","Output":"        \t/home/agent/go/pkg/mod/golang.org/toolchain@v0.0.1-go1.27.1.linux-arm64/src/cmd/internal/telemetry/counter/counter.go:29\n","OutputType":"error-continue"}
{"Time":"2026-10-08T17:28:30.968928754Z","Action":"output","Package":"go.temporal.io/server/tools/gomad3/deterministicio","Test":"TestPortableRewrittenModuleConsumers/pebble","Output":"        main.main()\n","OutputType":"error-continue"}
{"Time":"2026-10-08T17:28:30.968953045Z","Action":"output","Package":"go.temporal.io/server/tools/gomad3/deterministicio","Test":"TestPortableRewrittenModuleConsumers/pebble","Output":"        \t/home/agent/go/pkg/mod/golang.org/toolchain@v0.0.1-go1.27.1.linux-arm64/src/cmd/nm/nm.go:74 +0xf8 fp=0x5344d8113ea0 sp=0x5344d8113d40 pc=0x10e7d8\n","OutputType":"error-continue"}
{"Time":"2026-10-08T17:28:30.968965879Z","Action":"output","Package":"go.temporal.io/server/tools/gomad3/deterministicio","Test":"TestPortableRewrittenModuleConsumers/pebble","Output":"        runtime.main()\n","OutputType":"error-continue"}
{"Time":"2026-10-08T17:28:30.968975962Z","Action":"output","Package":"go.temporal.io/server/tools/gomad3/deterministicio","Test":"TestPortableRewrittenModuleConsumers/pebble","Output":"        \t/home/agent/go/pkg/mod/golang.org/toolchain@v0.0.1-go1.27.1.linux-arm64/src/runtime/proc.go:302 +0x380 fp=0x5344d8113fd0 sp=0x5344d8113ea0 pc=0x577e0\n","OutputType":"error-continue"}
{"Time":"2026-10-08T17:28:30.968985795Z","Action":"output","Package":"go.temporal.io/server/tools/gomad3/deterministicio","Test":"TestPortableRewrittenModuleConsumers/pebble","Output":"        runtime.goexit({})\n","OutputType":"error-continue"}
{"Time":"2026-10-08T17:28:30.969020754Z","Action":"output","Package":"go.temporal.io/server/tools/gomad3/deterministicio","Test":"TestPortableRewrittenModuleConsumers/pebble","Output":"        \t/home/agent/go/pkg/mod/golang.org/toolchain@v0.0.1-go1.27.1.linux-arm64/src/runtime/asm_arm64.s:1039 +0x4 fp=0x5344d8113fd0 sp=0x5344d8113fd0 pc=0x8f8c4\n","OutputType":"error-continue"}
{"Time":"2026-10-08T17:28:30.969031504Z","Action":"output","Package":"go.temporal.io/server/tools/gomad3/deterministicio","Test":"TestPortableRewrittenModuleConsumers/pebble","Output":"        \n","OutputType":"error-continue"}
{"Time":"2026-10-08T17:28:30.969040837Z","Action":"output","Package":"go.temporal.io/server/tools/gomad3/deterministicio","Test":"TestPortableRewrittenModuleConsumers/pebble","Output":"        goroutine 2 gp=0x5344d8064780 m=nil [force gc (idle)]:\n","OutputType":"error-continue"}
{"Time":"2026-10-08T17:28:30.969049587Z","Action":"output","Package":"go.temporal.io/server/tools/gomad3/deterministicio","Test":"TestPortableRewrittenModuleConsumers/pebble","Output":"        runtime.gopark(0x0?, 0x0?, 0x0?, 0x0?, 0x0?)\n","OutputType":"error-continue"}
{"Time":"2026-10-08T17:28:30.96905942Z","Action":"output","Package":"go.temporal.io/server/tools/gomad3/deterministicio","Test":"TestPortableRewrittenModuleConsumers/pebble","Output":"        \t/home/agent/go/pkg/mod/golang.org/toolchain@v0.0.1-go1.27.1.linux-arm64/src/runtime/proc.go:474 +0xb8 fp=0x5344d80c6f90 sp=0x5344d80c6f70 pc=0x89c28\n","OutputType":"error-continue"}
{"Time":"2026-10-08T17:28:30.969068879Z","Action":"output","Package":"go.temporal.io/server/tools/gomad3/deterministicio","Test":"TestPortableRewrittenModuleConsumers/pebble","Output":"        runtime.goparkunlock(...)\n","OutputType":"error-continue"}
{"Time":"2026-10-08T17:28:30.969078379Z","Action":"output","Package":"go.temporal.io/server/tools/gomad3/deterministicio","Test":"TestPortableRewrittenModuleConsumers/pebble","Output":"        \t/home/agent/go/pkg/mod/golang.org/toolchain@v0.0.1-go1.27.1.linux-arm64/src/runtime/proc.go:480\n","OutputType":"error-continue"}
{"Time":"2026-10-08T17:28:30.969087962Z","Action":"output","Package":"go.temporal.io/server/tools/gomad3/deterministicio","Test":"TestPortableRewrittenModuleConsumers/pebble","Output":"        runtime.forcegchelper()\n","OutputType":"error-continue"}
{"Time":"2026-10-08T17:28:30.969115462Z","Action":"output","Package":"go.temporal.io/server/tools/gomad3/deterministicio","Test":"TestPortableRewrittenModuleConsumers/pebble","Output":"        \t/home/agent/go/pkg/mod/golang.org/toolchain@v0.0.1-go1.27.1.linux-arm64/src/runtime/proc.go:387 +0xb4 fp=0x5344d80c6fd0 sp=0x5344d80c6f90 pc=0x57ac4\n","OutputType":"error-continue"}
{"Time":"2026-10-08T17:28:30.969125545Z","Action":"output","Package":"go.temporal.io/server/tools/gomad3/deterministicio","Test":"TestPortableRewrittenModuleConsumers/pebble","Output":"        runtime.goexit({})\n","OutputType":"error-continue"}
{"Time":"2026-10-08T17:28:30.969136587Z","Action":"output","Package":"go.temporal.io/server/tools/gomad3/deterministicio","Test":"TestPortableRewrittenModuleConsumers/pebble","Output":"        \t/home/agent/go/pkg/mod/golang.org/toolchain@v0.0.1-go1.27.1.linux-arm64/src/runtime/asm_arm64.s:1039 +0x4 fp=0x5344d80c6fd0 sp=0x5344d80c6fd0 pc=0x8f8c4\n","OutputType":"error-continue"}
{"Time":"2026-10-08T17:28:30.969144962Z","Action":"output","Package":"go.temporal.io/server/tools/gomad3/deterministicio","Test":"TestPortableRewrittenModuleConsumers/pebble","Output":"        created by runtime.init.7 in goroutine 1\n","OutputType":"error-continue"}
{"Time":"2026-10-08T17:28:30.969191962Z","Action":"output","Package":"go.temporal.io/server/tools/gomad3/deterministicio","Test":"TestPortableRewrittenModuleConsumers/pebble","Output":"        \t/home/agent/go/pkg/mod/golang.org/toolchain@v0.0.1-go1.27.1.linux-arm64/src/runtime/proc.go:375 +0x24\n","OutputType":"error-continue"}
{"Time":"2026-10-08T17:28:30.969201295Z","Action":"output","Package":"go.temporal.io/server/tools/gomad3/deterministicio","Test":"TestPortableRewrittenModuleConsumers/pebble","Output":"        \n","OutputType":"error-continue"}
{"Time":"2026-10-08T17:28:30.969209545Z","Action":"output","Package":"go.temporal.io/server/tools/gomad3/deterministicio","Test":"TestPortableRewrittenModuleConsumers/pebble","Output":"        goroutine 3 gp=0x5344d8064d20 m=nil [GC sweep wait]:\n","OutputType":"error-continue"}
{"Time":"2026-10-08T17:28:30.96921892Z","Action":"output","Package":"go.temporal.io/server/tools/gomad3/deterministicio","Test":"TestPortableRewrittenModuleConsumers/pebble","Output":"        runtime.gopark(0x0?, 0x0?, 0x0?, 0x0?, 0x0?)\n","OutputType":"error-continue"}
{"Time":"2026-10-08T17:28:30.969229462Z","Action":"output","Package":"go.temporal.io/server/tools/gomad3/deterministicio","Test":"TestPortableRewrittenModuleConsumers/pebble","Output":"        \t/home/agent/go/pkg/mod/golang.org/toolchain@v0.0.1-go1.27.1.linux-arm64/src/runtime/proc.go:474 +0xb8 fp=0x5344d80c7770 sp=0x5344d80c7750 pc=0x89c28\n","OutputType":"error-continue"}
{"Time":"2026-10-08T17:28:30.969240795Z","Action":"output","Package":"go.temporal.io/server/tools/gomad3/deterministicio","Test":"TestPortableRewrittenModuleConsumers/pebble","Output":"        runtime.goparkunlock(...)\n","OutputType":"error-continue"}
{"Time":"2026-10-08T17:28:30.969252254Z","Action":"output","Package":"go.temporal.io/server/tools/gomad3/deterministicio","Test":"TestPortableRewrittenModuleConsumers/pebble","Output":"        \t/home/agent/go/pkg/mod/golang.org/toolchain@v0.0.1-go1.27.1.linux-arm64/src/runtime/proc.go:480\n","OutputType":"error-continue"}
{"Time":"2026-10-08T17:28:30.969262462Z","Action":"output","Package":"go.temporal.io/server/tools/gomad3/deterministicio","Test":"TestPortableRewrittenModuleConsumers/pebble","Output":"        runtime.bgsweep(0x5344d80e6000)\n","OutputType":"error-continue"}
{"Time":"2026-10-08T17:28:30.969273545Z","Action":"output","Package":"go.temporal.io/server/tools/gomad3/deterministicio","Test":"TestPortableRewrittenModuleConsumers/pebble","Output":"        \t/home/agent/go/pkg/mod/golang.org/toolchain@v0.0.1-go1.27.1.linux-arm64/src/runtime/mgcsweep.go:279 +0x9c fp=0x5344d80c77b0 sp=0x5344d80c7770 pc=0x43dec\n","OutputType":"error-continue"}
{"Time":"2026-10-08T17:28:30.969286795Z","Action":"output","Package":"go.temporal.io/server/tools/gomad3/deterministicio","Test":"TestPortableRewrittenModuleConsumers/pebble","Output":"        runtime.gcenable.gowrap1()\n","OutputType":"error-continue"}
{"Time":"2026-10-08T17:28:30.969296712Z","Action":"output","Package":"go.temporal.io/server/tools/gomad3/deterministicio","Test":"TestPortableRewrittenModuleConsumers/pebble","Output":"        \t/home/agent/go/pkg/mod/golang.org/toolchain@v0.0.1-go1.27.1.linux-arm64/src/runtime/mgc.go:214 +0x20 fp=0x5344d80c77d0 sp=0x5344d80c77b0 pc=0x81c90\n","OutputType":"error-continue"}
{"Time":"2026-10-08T17:28:30.969308837Z","Action":"output","Package":"go.temporal.io/server/tools/gomad3/deterministicio","Test":"TestPortableRewrittenModuleConsumers/pebble","Output":"        runtime.goexit({})\n","OutputType":"error-continue"}
{"Time":"2026-10-08T17:28:30.969330879Z","Action":"output","Package":"go.temporal.io/server/tools/gomad3/deterministicio","Test":"TestPortableRewrittenModuleConsumers/pebble","Output":"        \t/home/agent/go/pkg/mod/golang.org/toolchain@v0.0.1-go1.27.1.linux-arm64/src/runtime/asm_arm64.s:1039 +0x4 fp=0x5344d80c77d0 sp=0x5344d80c77d0 pc=0x8f8c4\n","OutputType":"error-continue"}
{"Time":"2026-10-08T17:28:30.969342087Z","Action":"output","Package":"go.temporal.io/server/tools/gomad3/deterministicio","Test":"TestPortableRewrittenModuleConsumers/pebble","Output":"        created by runtime.gcenable in goroutine 1\n","OutputType":"error-continue"}
{"Time":"2026-10-08T17:28:30.96937167Z","Action":"output","Package":"go.temporal.io/server/tools/gomad3/deterministicio","Test":"TestPortableRewrittenModuleConsumers/pebble","Output":"        \t/home/agent/go/pkg/mod/golang.org/toolchain@v0.0.1-go1.27.1.linux-arm64/src/runtime/mgc.go:214 +0x6c\n","OutputType":"error-continue"}
{"Time":"2026-10-08T17:28:30.969384379Z","Action":"output","Package":"go.temporal.io/server/tools/gomad3/deterministicio","Test":"TestPortableRewrittenModuleConsumers/pebble","Output":"        \n","OutputType":"error-continue"}
{"Time":"2026-10-08T17:28:30.96939542Z","Action":"output","Package":"go.temporal.io/server/tools/gomad3/deterministicio","Test":"TestPortableRewrittenModuleConsumers/pebble","Output":"        goroutine 4 gp=0x5344d8064f00 m=nil [GC scavenge wait]:\n","OutputType":"error-continue"}
{"Time":"2026-10-08T17:28:30.969405254Z","Action":"output","Package":"go.temporal.io/server/tools/gomad3/deterministicio","Test":"TestPortableRewrittenModuleConsumers/pebble","Output":"        runtime.gopark(0x5344d80e6000?, 0x120068?, 0x1?, 0x0?, 0x5344d8064f00?)\n","OutputType":"error-continue"}
{"Time":"2026-10-08T17:28:30.969419462Z","Action":"output","Package":"go.temporal.io/server/tools/gomad3/deterministicio","Test":"TestPortableRewrittenModuleConsumers/pebble","Output":"        \t/home/agent/go/pkg/mod/golang.org/toolchain@v0.0.1-go1.27.1.linux-arm64/src/runtime/proc.go:474 +0xb8 fp=0x5344d80c7f60 sp=0x5344d80c7f40 pc=0x89c28\n","OutputType":"error-continue"}
{"Time":"2026-10-08T17:28:30.96942992Z","Action":"output","Package":"go.temporal.io/server/tools/gomad3/deterministicio","Test":"TestPortableRewrittenModuleConsumers/pebble","Output":"        runtime.goparkunlock(...)\n","OutputType":"error-continue"}
{"Time":"2026-10-08T17:28:30.969440795Z","Action":"output","Package":"go.temporal.io/server/tools/gomad3/deterministicio","Test":"TestPortableRewrittenModuleConsumers/pebble","Output":"        \t/home/agent/go/pkg/mod/golang.org/toolchain@v0.0.1-go1.27.1.linux-arm64/src/runtime/proc.go:480\n","OutputType":"error-continue"}
{"Time":"2026-10-08T17:28:30.969452212Z","Action":"output","Package":"go.temporal.io/server/tools/gomad3/deterministicio","Test":"TestPortableRewrittenModuleConsumers/pebble","Output":"        runtime.(*scavengerState).park(0x274540)\n","OutputType":"error-continue"}
{"Time":"2026-10-08T17:28:30.96946067Z","Action":"output","Package":"go.temporal.io/server/tools/gomad3/deterministicio","Test":"TestPortableRewrittenModuleConsumers/pebble","Output":"        \t/home/agent/go/pkg/mod/golang.org/toolchain@v0.0.1-go1.27.1.linux-arm64/src/runtime/mgcscavenge.go:425 +0x5c fp=0x5344d80c7f90 sp=0x5344d80c7f60 pc=0x41a6c\n","OutputType":"error-continue"}
{"Time":"2026-10-08T17:28:30.969495879Z","Action":"output","Package":"go.temporal.io/server/tools/gomad3/deterministicio","Test":"TestPortableRewrittenModuleConsumers/pebble","Output":"        runtime.bgscavenge(0x5344d80e6000)\n","OutputType":"error-continue"}
{"Time":"2026-10-08T17:28:30.969510754Z","Action":"output","Package":"go.temporal.io/server/tools/gomad3/deterministicio","Test":"TestPortableRewrittenModuleConsumers/pebble","Output":"        \t/home/agent/go/pkg/mod/golang.org/toolchain@v0.0.1-go1.27.1.linux-arm64/src/runtime/mgcscavenge.go:653 +0x44 fp=0x5344d80c7fb0 sp=0x5344d80c7f90 pc=0x41f74\n","OutputType":"error-continue"}
{"Time":"2026-10-08T17:28:30.96952067Z","Action":"output","Package":"go.temporal.io/server/tools/gomad3/deterministicio","Test":"TestPortableRewrittenModuleConsumers/pebble","Output":"        runtime.gcenable.gowrap2()\n","OutputType":"error-continue"}
{"Time":"2026-10-08T17:28:30.969528795Z","Action":"output","Package":"go.temporal.io/server/tools/gomad3/deterministicio","Test":"TestPortableRewrittenModuleConsumers/pebble","Output":"        \t/home/agent/go/pkg/mod/golang.org/toolchain@v0.0.1-go1.27.1.linux-arm64/src/runtime/mgc.go:215 +0x20 fp=0x5344d80c7fd0 sp=0x5344d80c7fb0 pc=0x81c50\n","OutputType":"error-continue"}
{"Time":"2026-10-08T17:28:30.969538462Z","Action":"output","Package":"go.temporal.io/server/tools/gomad3/deterministicio","Test":"TestPortableRewrittenModuleConsumers/pebble","Output":"        runtime.goexit({})\n","OutputType":"error-continue"}
{"Time":"2026-10-08T17:28:30.969565962Z","Action":"output","Package":"go.temporal.io/server/tools/gomad3/deterministicio","Test":"TestPortableRewrittenModuleConsumers/pebble","Output":"        \t/home/agent/go/pkg/mod/golang.org/toolchain@v0.0.1-go1.27.1.linux-arm64/src/runtime/asm_arm64.s:1039 +0x4 fp=0x5344d80c7fd0 sp=0x5344d80c7fd0 pc=0x8f8c4\n","OutputType":"error-continue"}
{"Time":"2026-10-08T17:28:30.96959667Z","Action":"output","Package":"go.temporal.io/server/tools/gomad3/deterministicio","Test":"TestPortableRewrittenModuleConsumers/pebble","Output":"        created by runtime.gcenable in goroutine 1\n","OutputType":"error-continue"}
{"Time":"2026-10-08T17:28:30.969615337Z","Action":"output","Package":"go.temporal.io/server/tools/gomad3/deterministicio","Test":"TestPortableRewrittenModuleConsumers/pebble","Output":"        \t/home/agent/go/pkg/mod/golang.org/toolchain@v0.0.1-go1.27.1.linux-arm64/src/runtime/mgc.go:215 +0xac\n","OutputType":"error-continue"}
{"Time":"2026-10-08T17:28:30.96965192Z","Action":"output","Package":"go.temporal.io/server/tools/gomad3/deterministicio","Test":"TestPortableRewrittenModuleConsumers/pebble","Output":"        \n","OutputType":"error-continue"}
{"Time":"2026-10-08T17:28:30.96966817Z","Action":"output","Package":"go.temporal.io/server/tools/gomad3/deterministicio","Test":"TestPortableRewrittenModuleConsumers/pebble","Output":"        goroutine 17 gp=0x5344d81043c0 m=nil [GOMAXPROCS updater (idle)]:\n","OutputType":"error-continue"}
{"Time":"2026-10-08T17:28:30.969686379Z","Action":"output","Package":"go.temporal.io/server/tools/gomad3/deterministicio","Test":"TestPortableRewrittenModuleConsumers/pebble","Output":"        runtime.gopark(0x0?, 0x0?, 0x0?, 0x0?, 0x0?)\n","OutputType":"error-continue"}
{"Time":"2026-10-08T17:28:30.969704545Z","Action":"output","Package":"go.temporal.io/server/tools/gomad3/deterministicio","Test":"TestPortableRewrittenModuleConsumers/pebble","Output":"        \t/home/agent/go/pkg/mod/golang.org/toolchain@v0.0.1-go1.27.1.linux-arm64/src/runtime/proc.go:474 +0xb8 fp=0x5344d80c2770 sp=0x5344d80c2750 pc=0x89c28\n","OutputType":"error-continue"}
{"Time":"2026-10-08T17:28:30.969754087Z","Action":"output","Package":"go.temporal.io/server/tools/gomad3/deterministicio","Test":"TestPortableRewrittenModuleConsumers/pebble","Output":"        runtime.goparkunlock(...)\n","OutputType":"error-continue"}
{"Time":"2026-10-08T17:28:30.969785587Z","Action":"output","Package":"go.temporal.io/server/tools/gomad3/deterministicio","Test":"TestPortableRewrittenModuleConsumers/pebble","Output":"        \t/home/agent/go/pkg/mod/golang.org/toolchain@v0.0.1-go1.27.1.linux-arm64/src/runtime/proc.go:480\n","OutputType":"error-continue"}
{"Time":"2026-10-08T17:28:30.969811754Z","Action":"output","Package":"go.temporal.io/server/tools/gomad3/deterministicio","Test":"TestPortableRewrittenModuleConsumers/pebble","Output":"        runtime.updateMaxProcsGoroutine()\n","OutputType":"error-continue"}
{"Time":"2026-10-08T17:28:30.969839045Z","Action":"output","Package":"go.temporal.io/server/tools/gomad3/deterministicio","Test":"TestPortableRewrittenModuleConsumers/pebble","Output":"        \t/home/agent/go/pkg/mod/golang.org/toolchain@v0.0.1-go1.27.1.linux-arm64/src/runtime/proc.go:7146 +0xf4 fp=0x5344d80c27d0 sp=0x5344d80c2770 pc=0x65344\n","OutputType":"error-continue"}
{"Time":"2026-10-08T17:28:30.969858545Z","Action":"output","Package":"go.temporal.io/server/tools/gomad3/deterministicio","Test":"TestPortableRewrittenModuleConsumers/pebble","Output":"        runtime.goexit({})\n","OutputType":"error-continue"}
{"Time":"2026-10-08T17:28:30.969877212Z","Action":"output","Package":"go.temporal.io/server/tools/gomad3/deterministicio","Test":"TestPortableRewrittenModuleConsumers/pebble","Output":"        \t/home/agent/go/pkg/mod/golang.org/toolchain@v0.0.1-go1.27.1.linux-arm64/src/runtime/asm_arm64.s:1039 +0x4 fp=0x5344d80c27d0 sp=0x5344d80c27d0 pc=0x8f8c4\n","OutputType":"error-continue"}
{"Time":"2026-10-08T17:28:30.969897795Z","Action":"output","Package":"go.temporal.io/server/tools/gomad3/deterministicio","Test":"TestPortableRewrittenModuleConsumers/pebble","Output":"        created by runtime.defaultGOMAXPROCSUpdateEnable in goroutine 1\n","OutputType":"error-continue"}
{"Time":"2026-10-08T17:28:30.969934254Z","Action":"output","Package":"go.temporal.io/server/tools/gomad3/deterministicio","Test":"TestPortableRewrittenModuleConsumers/pebble","Output":"        \t/home/agent/go/pkg/mod/golang.org/toolchain@v0.0.1-go1.27.1.linux-arm64/src/runtime/proc.go:7134 +0x48\n","OutputType":"error-continue"}
{"Time":"2026-10-08T17:28:30.969963254Z","Action":"output","Package":"go.temporal.io/server/tools/gomad3/deterministicio","Test":"TestPortableRewrittenModuleConsumers/pebble","Output":"        \n","OutputType":"error-continue"}
{"Time":"2026-10-08T17:28:30.969996379Z","Action":"output","Package":"go.temporal.io/server/tools/gomad3/deterministicio","Test":"TestPortableRewrittenModuleConsumers/pebble","Output":"        goroutine 18 gp=0x5344d81045a0 m=nil [finalizer wait]:\n","OutputType":"error-continue"}
{"Time":"2026-10-08T17:28:30.970027212Z","Action":"output","Package":"go.temporal.io/server/tools/gomad3/deterministicio","Test":"TestPortableRewrittenModuleConsumers/pebble","Output":"        runtime.gopark(0x0?, 0x0?, 0x0?, 0x0?, 0x0?)\n","OutputType":"error-continue"}
{"Time":"2026-10-08T17:28:30.97006067Z","Action":"output","Package":"go.temporal.io/server/tools/gomad3/deterministicio","Test":"TestPortableRewrittenModuleConsumers/pebble","Output":"        \t/home/agent/go/pkg/mod/golang.org/toolchain@v0.0.1-go1.27.1.linux-arm64/src/runtime/proc.go:474 +0xb8 fp=0x5344d80c2d80 sp=0x5344d80c2d60 pc=0x89c28\n","OutputType":"error-continue"}
{"Time":"2026-10-08T17:28:30.97009117Z","Action":"output","Package":"go.temporal.io/server/tools/gomad3/deterministicio","Test":"TestPortableRewrittenModuleConsumers/pebble","Output":"        runtime.runFinalizers()\n","OutputType":"error-continue"}
{"Time":"2026-10-08T17:28:30.970114629Z","Action":"output","Package":"go.temporal.io/server/tools/gomad3/deterministicio","Test":"TestPortableRewrittenModuleConsumers/pebble","Output":"        \t/home/agent/go/pkg/mod/golang.org/toolchain@v0.0.1-go1.27.1.linux-arm64/src/runtime/mfinal.go:210 +0x100 fp=0x5344d80c2fd0 sp=0x5344d80c2d80 pc=0x35320\n","OutputType":"error-continue"}
{"Time":"2026-10-08T17:28:30.970146129Z","Action":"output","Package":"go.temporal.io/server/tools/gomad3/deterministicio","Test":"TestPortableRewrittenModuleConsumers/pebble","Output":"        runtime.goexit({})\n","OutputType":"error-continue"}
{"Time":"2026-10-08T17:28:30.970186212Z","Action":"output","Package":"go.temporal.io/server/tools/gomad3/deterministicio","Test":"TestPortableRewrittenModuleConsumers/pebble","Output":"        \t/home/agent/go/pkg/mod/golang.org/toolchain@v0.0.1-go1.27.1.linux-arm64/src/runtime/asm_arm64.s:1039 +0x4 fp=0x5344d80c2fd0 sp=0x5344d80c2fd0 pc=0x8f8c4\n","OutputType":"error-continue"}
{"Time":"2026-10-08T17:28:30.970207254Z","Action":"output","Package":"go.temporal.io/server/tools/gomad3/deterministicio","Test":"TestPortableRewrittenModuleConsumers/pebble","Output":"        created by runtime.createfing in goroutine 1\n","OutputType":"error-continue"}
{"Time":"2026-10-08T17:28:30.97022892Z","Action":"output","Package":"go.temporal.io/server/tools/gomad3/deterministicio","Test":"TestPortableRewrittenModuleConsumers/pebble","Output":"        \t/home/agent/go/pkg/mod/golang.org/toolchain@v0.0.1-go1.27.1.linux-arm64/src/runtime/mfinal.go:172 +0x78\n","OutputType":"error-continue"}
{"Time":"2026-10-08T17:28:31.013635629Z","Action":"output","Package":"go.temporal.io/server/tools/gomad3/deterministicio","Test":"TestPortableRewrittenModuleConsumers/pebble","Output":"--- FAIL: TestPortableRewrittenModuleConsumers/pebble (10.44s)\n","OutputType":"frame"}
{"Time":"2026-10-08T17:28:31.013721795Z","Action":"fail","Package":"go.temporal.io/server/tools/gomad3/deterministicio","Test":"TestPortableRewrittenModuleConsumers/pebble","Elapsed":10.44}
{"Time":"2026-10-08T17:28:31.013773045Z","Action":"run","Package":"go.temporal.io/server/tools/gomad3/deterministicio","Test":"TestPortableRewrittenModuleConsumers/cactusstatsd"}
{"Time":"2026-10-08T17:28:31.013797504Z","Action":"output","Package":"go.temporal.io/server/tools/gomad3/deterministicio","Test":"TestPortableRewrittenModuleConsumers/cactusstatsd","Output":"=== RUN   TestPortableRewrittenModuleConsumers/cactusstatsd\n","OutputType":"frame"}
{"Time":"2026-10-08T17:28:31.346265254Z","Action":"output","Package":"go.temporal.io/server/tools/gomad3/deterministicio","Test":"TestPortableRewrittenModuleConsumers/cactusstatsd","Output":"    adapter_consumers_portable_test.go:66: prepared stock cactusstatsd consumer:\n"}
{"Time":"2026-10-08T17:28:31.346326462Z","Action":"output","Package":"go.temporal.io/server/tools/gomad3/deterministicio","Test":"TestPortableRewrittenModuleConsumers/cactusstatsd","Output":"        === RUN   TestDefaultSenderRefusesUDP\n"}
{"Time":"2026-10-08T17:28:31.346359712Z","Action":"output","Package":"go.temporal.io/server/tools/gomad3/deterministicio","Test":"TestPortableRewrittenModuleConsumers/cactusstatsd","Output":"        --- PASS: TestDefaultSenderRefusesUDP (0.00s)\n"}
{"Time":"2026-10-08T17:28:31.346371171Z","Action":"output","Package":"go.temporal.io/server/tools/gomad3/deterministicio","Test":"TestPortableRewrittenModuleConsumers/cactusstatsd","Output":"        === RUN   TestResolvingSenderRefusesUDP\n"}
{"Time":"2026-10-08T17:28:31.346381504Z","Action":"output","Package":"go.temporal.io/server/tools/gomad3/deterministicio","Test":"TestPortableRewrittenModuleConsumers/cactusstatsd","Output":"        --- PASS: TestResolvingSenderRefusesUDP (0.00s)\n"}
{"Time":"2026-10-08T17:28:31.346390504Z","Action":"output","Package":"go.temporal.io/server/tools/gomad3/deterministicio","Test":"TestPortableRewrittenModuleConsumers/cactusstatsd","Output":"        === RUN   TestReconnectRefusesUDP\n"}
{"Time":"2026-10-08T17:28:31.346399921Z","Action":"output","Package":"go.temporal.io/server/tools/gomad3/deterministicio","Test":"TestPortableRewrittenModuleConsumers/cactusstatsd","Output":"        --- PASS: TestReconnectRefusesUDP (0.00s)\n"}
{"Time":"2026-10-08T17:28:31.346426004Z","Action":"output","Package":"go.temporal.io/server/tools/gomad3/deterministicio","Test":"TestPortableRewrittenModuleConsumers/cactusstatsd","Output":"        === RUN   TestSuppliedSenderEmitsMetrics\n"}
{"Time":"2026-10-08T17:28:31.346447337Z","Action":"output","Package":"go.temporal.io/server/tools/gomad3/deterministicio","Test":"TestPortableRewrittenModuleConsumers/cactusstatsd","Output":"        --- PASS: TestSuppliedSenderEmitsMetrics (0.00s)\n"}
{"Time":"2026-10-08T17:28:31.346475129Z","Action":"output","Package":"go.temporal.io/server/tools/gomad3/deterministicio","Test":"TestPortableRewrittenModuleConsumers/cactusstatsd","Output":"        PASS\n"}
{"Time":"2026-10-08T17:28:31.346490796Z","Action":"output","Package":"go.temporal.io/server/tools/gomad3/deterministicio","Test":"TestPortableRewrittenModuleConsumers/cactusstatsd","Output":"        ok  \tgomad3.adapter.cactusstatsd\t0.003s\n"}
{"Time":"2026-10-08T17:28:31.382515421Z","Action":"output","Package":"go.temporal.io/server/tools/gomad3/deterministicio","Test":"TestPortableRewrittenModuleConsumers/cactusstatsd","Output":"    adapter_consumers_portable_test.go:95: prepared darwin/arm64 source set sha256:efcbc2fafa3680f9d3d6d245aaad39956446159c25d97e28eee9f1a2b1e376d0\n"}
{"Time":"2026-10-08T17:28:31.417600962Z","Action":"output","Package":"go.temporal.io/server/tools/gomad3/deterministicio","Test":"TestPortableRewrittenModuleConsumers/cactusstatsd","Output":"    adapter_consumers_portable_test.go:95: prepared linux/amd64 source set sha256:efcbc2fafa3680f9d3d6d245aaad39956446159c25d97e28eee9f1a2b1e376d0\n"}
{"Time":"2026-10-08T17:28:31.418995171Z","Action":"output","Package":"go.temporal.io/server/tools/gomad3/deterministicio","Test":"TestPortableRewrittenModuleConsumers/cactusstatsd","Output":"--- PASS: TestPortableRewrittenModuleConsumers/cactusstatsd (0.41s)\n","OutputType":"frame"}
{"Time":"2026-10-08T17:28:31.419027754Z","Action":"pass","Package":"go.temporal.io/server/tools/gomad3/deterministicio","Test":"TestPortableRewrittenModuleConsumers/cactusstatsd","Elapsed":0.41}
{"Time":"2026-10-08T17:28:31.419041837Z","Action":"run","Package":"go.temporal.io/server/tools/gomad3/deterministicio","Test":"TestPortableRewrittenModuleConsumers/memberlist"}
{"Time":"2026-10-08T17:28:31.419060504Z","Action":"output","Package":"go.temporal.io/server/tools/gomad3/deterministicio","Test":"TestPortableRewrittenModuleConsumers/memberlist","Output":"=== RUN   TestPortableRewrittenModuleConsumers/memberlist\n","OutputType":"frame"}
{"Time":"2026-10-08T17:28:33.463485963Z","Action":"output","Package":"go.temporal.io/server/tools/gomad3/deterministicio","Test":"TestPortableRewrittenModuleConsumers/memberlist","Output":"    adapter_consumers_portable_test.go:66: prepared stock memberlist consumer:\n"}
{"Time":"2026-10-08T17:28:33.463812005Z","Action":"output","Package":"go.temporal.io/server/tools/gomad3/deterministicio","Test":"TestPortableRewrittenModuleConsumers/memberlist","Output":"        go: downloading github.com/hashicorp/go-immutable-radix v1.0.0\n"}
{"Time":"2026-10-08T17:28:33.463912463Z","Action":"output","Package":"go.temporal.io/server/tools/gomad3/deterministicio","Test":"TestPortableRewrittenModuleConsumers/memberlist","Output":"        go: downloading github.com/hashicorp/golang-lru v0.5.0\n"}
{"Time":"2026-10-08T17:28:33.463926838Z","Action":"output","Package":"go.temporal.io/server/tools/gomad3/deterministicio","Test":"TestPortableRewrittenModuleConsumers/memberlist","Output":"        === RUN   TestDefaultTransportRefusesUDP\n"}
{"Time":"2026-10-08T17:28:33.463938588Z","Action":"output","Package":"go.temporal.io/server/tools/gomad3/deterministicio","Test":"TestPortableRewrittenModuleConsumers/memberlist","Output":"        --- PASS: TestDefaultTransportRefusesUDP (0.00s)\n"}
{"Time":"2026-10-08T17:28:33.463951922Z","Action":"output","Package":"go.temporal.io/server/tools/gomad3/deterministicio","Test":"TestPortableRewrittenModuleConsumers/memberlist","Output":"        === RUN   TestDefaultMemberlistRefusesUDP\n"}
{"Time":"2026-10-08T17:28:33.463965547Z","Action":"output","Package":"go.temporal.io/server/tools/gomad3/deterministicio","Test":"TestPortableRewrittenModuleConsumers/memberlist","Output":"        --- PASS: TestDefaultMemberlistRefusesUDP (0.00s)\n"}
{"Time":"2026-10-08T17:28:33.464014797Z","Action":"output","Package":"go.temporal.io/server/tools/gomad3/deterministicio","Test":"TestPortableRewrittenModuleConsumers/memberlist","Output":"        === RUN   TestNativeTransportPacketWritesRefuseUDP\n"}
{"Time":"2026-10-08T17:28:33.464063172Z","Action":"output","Package":"go.temporal.io/server/tools/gomad3/deterministicio","Test":"TestPortableRewrittenModuleConsumers/memberlist","Output":"        --- PASS: TestNativeTransportPacketWritesRefuseUDP (0.00s)\n"}
{"Time":"2026-10-08T17:28:33.464097338Z","Action":"output","Package":"go.temporal.io/server/tools/gomad3/deterministicio","Test":"TestPortableRewrittenModuleConsumers/memberlist","Output":"        PASS\n"}
{"Time":"2026-10-08T17:28:33.464121463Z","Action":"output","Package":"go.temporal.io/server/tools/gomad3/deterministicio","Test":"TestPortableRewrittenModuleConsumers/memberlist","Output":"        ok  \tgomad3.adapter.memberlist\t0.004s\n"}
{"Time":"2026-10-08T17:28:33.559858922Z","Action":"output","Package":"go.temporal.io/server/tools/gomad3/deterministicio","Test":"TestPortableRewrittenModuleConsumers/memberlist","Output":"    adapter_consumers_portable_test.go:95: prepared darwin/arm64 source set sha256:d1b8958261401506ac8134d4ceec0d937d19d971046c5184d33493f4743ed7aa\n"}
{"Time":"2026-10-08T17:28:33.677604713Z","Action":"output","Package":"go.temporal.io/server/tools/gomad3/deterministicio","Test":"TestPortableRewrittenModuleConsumers/memberlist","Output":"    adapter_consumers_portable_test.go:95: prepared linux/amd64 source set sha256:d1b8958261401506ac8134d4ceec0d937d19d971046c5184d33493f4743ed7aa\n"}
{"Time":"2026-10-08T17:28:33.679778797Z","Action":"output","Package":"go.temporal.io/server/tools/gomad3/deterministicio","Test":"TestPortableRewrittenModuleConsumers/memberlist","Output":"--- PASS: TestPortableRewrittenModuleConsumers/memberlist (2.26s)\n","OutputType":"frame"}
{"Time":"2026-10-08T17:28:33.679818463Z","Action":"pass","Package":"go.temporal.io/server/tools/gomad3/deterministicio","Test":"TestPortableRewrittenModuleConsumers/memberlist","Elapsed":2.26}
{"Time":"2026-10-08T17:28:33.679849505Z","Action":"run","Package":"go.temporal.io/server/tools/gomad3/deterministicio","Test":"TestPortableRewrittenModuleConsumers/sentry"}
{"Time":"2026-10-08T17:28:33.679886963Z","Action":"output","Package":"go.temporal.io/server/tools/gomad3/deterministicio","Test":"TestPortableRewrittenModuleConsumers/sentry","Output":"=== RUN   TestPortableRewrittenModuleConsumers/sentry\n","OutputType":"frame"}
{"Time":"2026-10-08T17:28:35.330681506Z","Action":"output","Package":"go.temporal.io/server/tools/gomad3/deterministicio","Test":"TestPortableRewrittenModuleConsumers/sentry","Output":"    adapter_consumers_portable_test.go:66: prepared stock sentry consumer:\n"}
{"Time":"2026-10-08T17:28:35.330749922Z","Action":"output","Package":"go.temporal.io/server/tools/gomad3/deterministicio","Test":"TestPortableRewrittenModuleConsumers/sentry","Output":"        === RUN   TestReleaseWithoutGit\n"}
{"Time":"2026-10-08T17:28:35.330777506Z","Action":"output","Package":"go.temporal.io/server/tools/gomad3/deterministicio","Test":"TestPortableRewrittenModuleConsumers/sentry","Output":"        --- PASS: TestReleaseWithoutGit (0.00s)\n"}
{"Time":"2026-10-08T17:28:35.330797547Z","Action":"output","Package":"go.temporal.io/server/tools/gomad3/deterministicio","Test":"TestPortableRewrittenModuleConsumers/sentry","Output":"        === RUN   TestReleaseSelectionSurvives\n"}
{"Time":"2026-10-08T17:28:35.330813256Z","Action":"output","Package":"go.temporal.io/server/tools/gomad3/deterministicio","Test":"TestPortableRewrittenModuleConsumers/sentry","Output":"        === RUN   TestReleaseSelectionSurvives/explicit\n"}
{"Time":"2026-10-08T17:28:35.330822922Z","Action":"output","Package":"go.temporal.io/server/tools/gomad3/deterministicio","Test":"TestPortableRewrittenModuleConsumers/sentry","Output":"        === RUN   TestReleaseSelectionSurvives/sentry-environment\n"}
{"Time":"2026-10-08T17:28:35.330840547Z","Action":"output","Package":"go.temporal.io/server/tools/gomad3/deterministicio","Test":"TestPortableRewrittenModuleConsumers/sentry","Output":"        === RUN   TestReleaseSelectionSurvives/build-environment\n"}
{"Time":"2026-10-08T17:28:35.330894214Z","Action":"output","Package":"go.temporal.io/server/tools/gomad3/deterministicio","Test":"TestPortableRewrittenModuleConsumers/sentry","Output":"        --- PASS: TestReleaseSelectionSurvives (0.00s)\n"}
{"Time":"2026-10-08T17:28:35.330941006Z","Action":"output","Package":"go.temporal.io/server/tools/gomad3/deterministicio","Test":"TestPortableRewrittenModuleConsumers/sentry","Output":"            --- PASS: TestReleaseSelectionSurvives/explicit (0.00s)\n"}
{"Time":"2026-10-08T17:28:35.330961172Z","Action":"output","Package":"go.temporal.io/server/tools/gomad3/deterministicio","Test":"TestPortableRewrittenModuleConsumers/sentry","Output":"            --- PASS: TestReleaseSelectionSurvives/sentry-environment (0.00s)\n"}
{"Time":"2026-10-08T17:28:35.330988839Z","Action":"output","Package":"go.temporal.io/server/tools/gomad3/deterministicio","Test":"TestPortableRewrittenModuleConsumers/sentry","Output":"            --- PASS: TestReleaseSelectionSurvives/build-environment (0.00s)\n"}
{"Time":"2026-10-08T17:28:35.331006506Z","Action":"output","Package":"go.temporal.io/server/tools/gomad3/deterministicio","Test":"TestPortableRewrittenModuleConsumers/sentry","Output":"        PASS\n"}
{"Time":"2026-10-08T17:28:35.331021714Z","Action":"output","Package":"go.temporal.io/server/tools/gomad3/deterministicio","Test":"TestPortableRewrittenModuleConsumers/sentry","Output":"        ok  \tgomad3.adapter.sentry\t0.006s\n"}
{"Time":"2026-10-08T17:28:37.254227132Z","Action":"output","Package":"go.temporal.io/server/tools/gomad3/deterministicio","Test":"TestPortableRewrittenModuleConsumers/sentry","Output":"    adapter_consumers_portable_test.go:68: prepared upstream build-info tests:\n"}
{"Time":"2026-10-08T17:28:37.254294632Z","Action":"output","Package":"go.temporal.io/server/tools/gomad3/deterministicio","Test":"TestPortableRewrittenModuleConsumers/sentry","Output":"        go: downloading github.com/go-errors/errors v1.4.2\n"}
{"Time":"2026-10-08T17:28:37.25432659Z","Action":"output","Package":"go.temporal.io/server/tools/gomad3/deterministicio","Test":"TestPortableRewrittenModuleConsumers/sentry","Output":"        go: downloading github.com/pingcap/errors v0.11.4\n"}
{"Time":"2026-10-08T17:28:37.254344715Z","Action":"output","Package":"go.temporal.io/server/tools/gomad3/deterministicio","Test":"TestPortableRewrittenModuleConsumers/sentry","Output":"        go: downloading github.com/stretchr/testify v1.8.4\n"}
{"Time":"2026-10-08T17:28:37.254375965Z","Action":"output","Package":"go.temporal.io/server/tools/gomad3/deterministicio","Test":"TestPortableRewrittenModuleConsumers/sentry","Output":"        === RUN   TestRevisionFromBuildInfo\n"}
{"Time":"2026-10-08T17:28:37.254402007Z","Action":"output","Package":"go.temporal.io/server/tools/gomad3/deterministicio","Test":"TestPortableRewrittenModuleConsumers/sentry","Output":"        --- PASS: TestRevisionFromBuildInfo (0.00s)\n"}
{"Time":"2026-10-08T17:28:37.254424798Z","Action":"output","Package":"go.temporal.io/server/tools/gomad3/deterministicio","Test":"TestPortableRewrittenModuleConsumers/sentry","Output":"        === RUN   TestRevisionFromBuildInfoNoVcsInformation\n"}
{"Time":"2026-10-08T17:28:37.254442715Z","Action":"output","Package":"go.temporal.io/server/tools/gomad3/deterministicio","Test":"TestPortableRewrittenModuleConsumers/sentry","Output":"        --- PASS: TestRevisionFromBuildInfoNoVcsInformation (0.00s)\n"}
{"Time":"2026-10-08T17:28:37.254460132Z","Action":"output","Package":"go.temporal.io/server/tools/gomad3/deterministicio","Test":"TestPortableRewrittenModuleConsumers/sentry","Output":"        PASS\n"}
{"Time":"2026-10-08T17:28:37.254488673Z","Action":"output","Package":"go.temporal.io/server/tools/gomad3/deterministicio","Test":"TestPortableRewrittenModuleConsumers/sentry","Output":"        ok  \tgithub.com/getsentry/sentry-go\t0.006s\n"}
{"Time":"2026-10-08T17:28:37.480227423Z","Action":"output","Package":"go.temporal.io/server/tools/gomad3/deterministicio","Test":"TestPortableRewrittenModuleConsumers/sentry","Output":"    adapter_consumers_portable_test.go:95: prepared darwin/arm64 source set sha256:fa2f95c22392afb742711ed26ce02fb79d80005c1af486f4ec71e5e4675c45cb\n"}
{"Time":"2026-10-08T17:28:37.712437174Z","Action":"output","Package":"go.temporal.io/server/tools/gomad3/deterministicio","Test":"TestPortableRewrittenModuleConsumers/sentry","Output":"    adapter_consumers_portable_test.go:95: prepared linux/amd64 source set sha256:fa2f95c22392afb742711ed26ce02fb79d80005c1af486f4ec71e5e4675c45cb\n"}
{"Time":"2026-10-08T17:28:37.719876674Z","Action":"output","Package":"go.temporal.io/server/tools/gomad3/deterministicio","Test":"TestPortableRewrittenModuleConsumers/sentry","Output":"--- PASS: TestPortableRewrittenModuleConsumers/sentry (4.04s)\n","OutputType":"frame"}
{"Time":"2026-10-08T17:28:37.719937382Z","Action":"pass","Package":"go.temporal.io/server/tools/gomad3/deterministicio","Test":"TestPortableRewrittenModuleConsumers/sentry","Elapsed":4.04}
{"Time":"2026-10-08T17:28:37.719955715Z","Action":"output","Package":"go.temporal.io/server/tools/gomad3/deterministicio","Test":"TestPortableRewrittenModuleConsumers","Output":"--- FAIL: TestPortableRewrittenModuleConsumers (20.63s)\n","OutputType":"frame"}
{"Time":"2026-10-08T17:28:37.720006215Z","Action":"fail","Package":"go.temporal.io/server/tools/gomad3/deterministicio","Test":"TestPortableRewrittenModuleConsumers","Elapsed":20.63}
{"Time":"2026-10-08T17:28:37.720034007Z","Action":"output","Package":"go.temporal.io/server/tools/gomad3/deterministicio","Output":"FAIL\n","OutputType":"frame"}
{"Time":"2026-10-08T17:28:37.720395382Z","Action":"output","Package":"go.temporal.io/server/tools/gomad3/deterministicio","Output":"FAIL\tgo.temporal.io/server/tools/gomad3/deterministicio\t20.637s\n","OutputType":"frame"}
{"Time":"2026-10-08T17:28:37.720435049Z","Action":"fail","Package":"go.temporal.io/server/tools/gomad3/deterministicio","Elapsed":20.638}
