{"Time":"2026-10-08T17:13:39.524002225Z","Action":"start","Package":"go.temporal.io/server/tools/gomad3/upgrade/adapterregen"}
{"Time":"2026-10-08T17:13:39.528053642Z","Action":"run","Package":"go.temporal.io/server/tools/gomad3/upgrade/adapterregen","Test":"TestInterruptedPublicationCompletesOnTheNextRun"}
{"Time":"2026-10-08T17:13:39.528123558Z","Action":"output","Package":"go.temporal.io/server/tools/gomad3/upgrade/adapterregen","Test":"TestInterruptedPublicationCompletesOnTheNextRun","Output":"=== RUN   TestInterruptedPublicationCompletesOnTheNextRun\n","OutputType":"frame"}
{"Time":"2026-10-08T17:13:42.466402185Z","Action":"run","Package":"go.temporal.io/server/tools/gomad3/upgrade/adapterregen","Test":"TestInterruptedPublicationCompletesOnTheNextRun/recover"}
{"Time":"2026-10-08T17:13:42.466512602Z","Action":"output","Package":"go.temporal.io/server/tools/gomad3/upgrade/adapterregen","Test":"TestInterruptedPublicationCompletesOnTheNextRun/recover","Output":"=== RUN   TestInterruptedPublicationCompletesOnTheNextRun/recover\n","OutputType":"frame"}
{"Time":"2026-10-08T17:13:44.449862436Z","Action":"output","Package":"go.temporal.io/server/tools/gomad3/upgrade/adapterregen","Test":"TestInterruptedPublicationCompletesOnTheNextRun/recover","Output":"--- PASS: TestInterruptedPublicationCompletesOnTheNextRun/recover (1.98s)\n","OutputType":"frame"}
{"Time":"2026-10-08T17:13:44.450067644Z","Action":"pass","Package":"go.temporal.io/server/tools/gomad3/upgrade/adapterregen","Test":"TestInterruptedPublicationCompletesOnTheNextRun/recover","Elapsed":1.98}
{"Time":"2026-10-08T17:13:44.450208686Z","Action":"run","Package":"go.temporal.io/server/tools/gomad3/upgrade/adapterregen","Test":"TestInterruptedPublicationCompletesOnTheNextRun/apply"}
{"Time":"2026-10-08T17:13:44.450238811Z","Action":"output","Package":"go.temporal.io/server/tools/gomad3/upgrade/adapterregen","Test":"TestInterruptedPublicationCompletesOnTheNextRun/apply","Output":"=== RUN   TestInterruptedPublicationCompletesOnTheNextRun/apply\n","OutputType":"frame"}
{"Time":"2026-10-08T17:13:46.734249729Z","Action":"output","Package":"go.temporal.io/server/tools/gomad3/upgrade/adapterregen","Test":"TestInterruptedPublicationCompletesOnTheNextRun/apply","Output":"--- PASS: TestInterruptedPublicationCompletesOnTheNextRun/apply (2.28s)\n","OutputType":"frame"}
{"Time":"2026-10-08T17:13:46.734505937Z","Action":"pass","Package":"go.temporal.io/server/tools/gomad3/upgrade/adapterregen","Test":"TestInterruptedPublicationCompletesOnTheNextRun/apply","Elapsed":2.28}
{"Time":"2026-10-08T17:13:46.771264062Z","Action":"output","Package":"go.temporal.io/server/tools/gomad3/upgrade/adapterregen","Test":"TestInterruptedPublicationCompletesOnTheNextRun","Output":"--- PASS: TestInterruptedPublicationCompletesOnTheNextRun (7.24s)\n","OutputType":"frame"}
{"Time":"2026-10-08T17:13:46.77131902Z","Action":"pass","Package":"go.temporal.io/server/tools/gomad3/upgrade/adapterregen","Test":"TestInterruptedPublicationCompletesOnTheNextRun","Elapsed":7.24}
{"Time":"2026-10-08T17:13:46.771362895Z","Action":"run","Package":"go.temporal.io/server/tools/gomad3/upgrade/adapterregen","Test":"TestPublicRegenerationReleasesLock"}
{"Time":"2026-10-08T17:13:46.77139627Z","Action":"output","Package":"go.temporal.io/server/tools/gomad3/upgrade/adapterregen","Test":"TestPublicRegenerationReleasesLock","Output":"=== RUN   TestPublicRegenerationReleasesLock\n","OutputType":"frame"}
{"Time":"2026-10-08T17:13:46.771418687Z","Action":"run","Package":"go.temporal.io/server/tools/gomad3/upgrade/adapterregen","Test":"TestPublicRegenerationReleasesLock/stage"}
{"Time":"2026-10-08T17:13:46.771454354Z","Action":"output","Package":"go.temporal.io/server/tools/gomad3/upgrade/adapterregen","Test":"TestPublicRegenerationReleasesLock/stage","Output":"=== RUN   TestPublicRegenerationReleasesLock/stage\n","OutputType":"frame"}
{"Time":"2026-10-08T17:13:48.472910438Z","Action":"output","Package":"go.temporal.io/server/tools/gomad3/upgrade/adapterregen","Test":"TestPublicRegenerationReleasesLock/stage","Output":"--- PASS: TestPublicRegenerationReleasesLock/stage (1.70s)\n","OutputType":"frame"}
{"Time":"2026-10-08T17:13:48.473069813Z","Action":"pass","Package":"go.temporal.io/server/tools/gomad3/upgrade/adapterregen","Test":"TestPublicRegenerationReleasesLock/stage","Elapsed":1.7}
{"Time":"2026-10-08T17:13:48.473128604Z","Action":"run","Package":"go.temporal.io/server/tools/gomad3/upgrade/adapterregen","Test":"TestPublicRegenerationReleasesLock/apply"}
{"Time":"2026-10-08T17:13:48.473161063Z","Action":"output","Package":"go.temporal.io/server/tools/gomad3/upgrade/adapterregen","Test":"TestPublicRegenerationReleasesLock/apply","Output":"=== RUN   TestPublicRegenerationReleasesLock/apply\n","OutputType":"frame"}
{"Time":"2026-10-08T17:13:50.559820689Z","Action":"output","Package":"go.temporal.io/server/tools/gomad3/upgrade/adapterregen","Test":"TestPublicRegenerationReleasesLock/apply","Output":"--- PASS: TestPublicRegenerationReleasesLock/apply (2.09s)\n","OutputType":"frame"}
{"Time":"2026-10-08T17:13:50.559903355Z","Action":"pass","Package":"go.temporal.io/server/tools/gomad3/upgrade/adapterregen","Test":"TestPublicRegenerationReleasesLock/apply","Elapsed":2.09}
{"Time":"2026-10-08T17:13:50.559943855Z","Action":"run","Package":"go.temporal.io/server/tools/gomad3/upgrade/adapterregen","Test":"TestPublicRegenerationReleasesLock/failed_apply"}
{"Time":"2026-10-08T17:13:50.559988439Z","Action":"output","Package":"go.temporal.io/server/tools/gomad3/upgrade/adapterregen","Test":"TestPublicRegenerationReleasesLock/failed_apply","Output":"=== RUN   TestPublicRegenerationReleasesLock/failed_apply\n","OutputType":"frame"}
{"Time":"2026-10-08T17:13:52.153939273Z","Action":"output","Package":"go.temporal.io/server/tools/gomad3/upgrade/adapterregen","Test":"TestPublicRegenerationReleasesLock/failed_apply","Output":"--- PASS: TestPublicRegenerationReleasesLock/failed_apply (1.59s)\n","OutputType":"frame"}
{"Time":"2026-10-08T17:13:52.154222148Z","Action":"pass","Package":"go.temporal.io/server/tools/gomad3/upgrade/adapterregen","Test":"TestPublicRegenerationReleasesLock/failed_apply","Elapsed":1.59}
{"Time":"2026-10-08T17:13:52.154276856Z","Action":"run","Package":"go.temporal.io/server/tools/gomad3/upgrade/adapterregen","Test":"TestPublicRegenerationReleasesLock/recover"}
{"Time":"2026-10-08T17:13:52.154319314Z","Action":"output","Package":"go.temporal.io/server/tools/gomad3/upgrade/adapterregen","Test":"TestPublicRegenerationReleasesLock/recover","Output":"=== RUN   TestPublicRegenerationReleasesLock/recover\n","OutputType":"frame"}
{"Time":"2026-10-08T17:13:53.237978148Z","Action":"output","Package":"go.temporal.io/server/tools/gomad3/upgrade/adapterregen","Test":"TestPublicRegenerationReleasesLock/recover","Output":"--- PASS: TestPublicRegenerationReleasesLock/recover (1.08s)\n","OutputType":"frame"}
{"Time":"2026-10-08T17:13:53.238181815Z","Action":"pass","Package":"go.temporal.io/server/tools/gomad3/upgrade/adapterregen","Test":"TestPublicRegenerationReleasesLock/recover","Elapsed":1.08}
{"Time":"2026-10-08T17:13:53.23824944Z","Action":"output","Package":"go.temporal.io/server/tools/gomad3/upgrade/adapterregen","Test":"TestPublicRegenerationReleasesLock","Output":"--- PASS: TestPublicRegenerationReleasesLock (6.47s)\n","OutputType":"frame"}
{"Time":"2026-10-08T17:13:53.23828044Z","Action":"pass","Package":"go.temporal.io/server/tools/gomad3/upgrade/adapterregen","Test":"TestPublicRegenerationReleasesLock","Elapsed":6.47}
{"Time":"2026-10-08T17:13:53.238329065Z","Action":"output","Package":"go.temporal.io/server/tools/gomad3/upgrade/adapterregen","Output":"PASS\n","OutputType":"frame"}
{"Time":"2026-10-08T17:13:53.241035065Z","Action":"output","Package":"go.temporal.io/server/tools/gomad3/upgrade/adapterregen","Output":"ok  \tgo.temporal.io/server/tools/gomad3/upgrade/adapterregen\t13.717s\n"}
{"Time":"2026-10-08T17:13:53.241087648Z","Action":"pass","Package":"go.temporal.io/server/tools/gomad3/upgrade/adapterregen","Elapsed":13.717}
