{"Time":"2026-10-08T17:14:46.220688007Z","Action":"start","Package":"go.temporal.io/server/tools/gomad3/upgrade/adapterregen"}
{"Time":"2026-10-08T17:14:46.224515757Z","Action":"run","Package":"go.temporal.io/server/tools/gomad3/upgrade/adapterregen","Test":"TestRegenerationLockReleaseComposition"}
{"Time":"2026-10-08T17:14:46.224604382Z","Action":"output","Package":"go.temporal.io/server/tools/gomad3/upgrade/adapterregen","Test":"TestRegenerationLockReleaseComposition","Output":"=== RUN   TestRegenerationLockReleaseComposition\n","OutputType":"frame"}
{"Time":"2026-10-08T17:14:46.224653382Z","Action":"run","Package":"go.temporal.io/server/tools/gomad3/upgrade/adapterregen","Test":"TestRegenerationLockReleaseComposition/recover_success"}
{"Time":"2026-10-08T17:14:46.22468259Z","Action":"output","Package":"go.temporal.io/server/tools/gomad3/upgrade/adapterregen","Test":"TestRegenerationLockReleaseComposition/recover_success","Output":"=== RUN   TestRegenerationLockReleaseComposition/recover_success\n","OutputType":"frame"}
{"Time":"2026-10-08T17:14:46.224705715Z","Action":"output","Package":"go.temporal.io/server/tools/gomad3/upgrade/adapterregen","Test":"TestRegenerationLockReleaseComposition/recover_success","Output":"--- PASS: TestRegenerationLockReleaseComposition/recover_success (0.00s)\n","OutputType":"frame"}
{"Time":"2026-10-08T17:14:46.224730674Z","Action":"pass","Package":"go.temporal.io/server/tools/gomad3/upgrade/adapterregen","Test":"TestRegenerationLockReleaseComposition/recover_success","Elapsed":0}
{"Time":"2026-10-08T17:14:46.224757757Z","Action":"run","Package":"go.temporal.io/server/tools/gomad3/upgrade/adapterregen","Test":"TestRegenerationLockReleaseComposition/recover_input"}
{"Time":"2026-10-08T17:14:46.224775257Z","Action":"output","Package":"go.temporal.io/server/tools/gomad3/upgrade/adapterregen","Test":"TestRegenerationLockReleaseComposition/recover_input","Output":"=== RUN   TestRegenerationLockReleaseComposition/recover_input\n","OutputType":"frame"}
{"Time":"2026-10-08T17:14:46.224797549Z","Action":"output","Package":"go.temporal.io/server/tools/gomad3/upgrade/adapterregen","Test":"TestRegenerationLockReleaseComposition/recover_input","Output":"--- PASS: TestRegenerationLockReleaseComposition/recover_input (0.00s)\n","OutputType":"frame"}
{"Time":"2026-10-08T17:14:46.224808632Z","Action":"pass","Package":"go.temporal.io/server/tools/gomad3/upgrade/adapterregen","Test":"TestRegenerationLockReleaseComposition/recover_input","Elapsed":0}
{"Time":"2026-10-08T17:14:46.224819924Z","Action":"run","Package":"go.temporal.io/server/tools/gomad3/upgrade/adapterregen","Test":"TestRegenerationLockReleaseComposition/recover_blocked"}
{"Time":"2026-10-08T17:14:46.224835799Z","Action":"output","Package":"go.temporal.io/server/tools/gomad3/upgrade/adapterregen","Test":"TestRegenerationLockReleaseComposition/recover_blocked","Output":"=== RUN   TestRegenerationLockReleaseComposition/recover_blocked\n","OutputType":"frame"}
{"Time":"2026-10-08T17:14:46.224846757Z","Action":"output","Package":"go.temporal.io/server/tools/gomad3/upgrade/adapterregen","Test":"TestRegenerationLockReleaseComposition/recover_blocked","Output":"--- PASS: TestRegenerationLockReleaseComposition/recover_blocked (0.00s)\n","OutputType":"frame"}
{"Time":"2026-10-08T17:14:46.224857465Z","Action":"pass","Package":"go.temporal.io/server/tools/gomad3/upgrade/adapterregen","Test":"TestRegenerationLockReleaseComposition/recover_blocked","Elapsed":0}
{"Time":"2026-10-08T17:14:46.224867174Z","Action":"run","Package":"go.temporal.io/server/tools/gomad3/upgrade/adapterregen","Test":"TestRegenerationLockReleaseComposition/apply_before_stage"}
{"Time":"2026-10-08T17:14:46.224881674Z","Action":"output","Package":"go.temporal.io/server/tools/gomad3/upgrade/adapterregen","Test":"TestRegenerationLockReleaseComposition/apply_before_stage","Output":"=== RUN   TestRegenerationLockReleaseComposition/apply_before_stage\n","OutputType":"frame"}
{"Time":"2026-10-08T17:14:46.224905757Z","Action":"output","Package":"go.temporal.io/server/tools/gomad3/upgrade/adapterregen","Test":"TestRegenerationLockReleaseComposition/apply_before_stage","Output":"--- PASS: TestRegenerationLockReleaseComposition/apply_before_stage (0.00s)\n","OutputType":"frame"}
{"Time":"2026-10-08T17:14:46.224941715Z","Action":"pass","Package":"go.temporal.io/server/tools/gomad3/upgrade/adapterregen","Test":"TestRegenerationLockReleaseComposition/apply_before_stage","Elapsed":0}
{"Time":"2026-10-08T17:14:46.224963299Z","Action":"run","Package":"go.temporal.io/server/tools/gomad3/upgrade/adapterregen","Test":"TestRegenerationLockReleaseComposition/apply_primary"}
{"Time":"2026-10-08T17:14:46.224983965Z","Action":"output","Package":"go.temporal.io/server/tools/gomad3/upgrade/adapterregen","Test":"TestRegenerationLockReleaseComposition/apply_primary","Output":"=== RUN   TestRegenerationLockReleaseComposition/apply_primary\n","OutputType":"frame"}
{"Time":"2026-10-08T17:14:46.22499934Z","Action":"output","Package":"go.temporal.io/server/tools/gomad3/upgrade/adapterregen","Test":"TestRegenerationLockReleaseComposition/apply_primary","Output":"--- PASS: TestRegenerationLockReleaseComposition/apply_primary (0.00s)\n","OutputType":"frame"}
{"Time":"2026-10-08T17:14:46.225027382Z","Action":"pass","Package":"go.temporal.io/server/tools/gomad3/upgrade/adapterregen","Test":"TestRegenerationLockReleaseComposition/apply_primary","Elapsed":0}
{"Time":"2026-10-08T17:14:46.225046965Z","Action":"run","Package":"go.temporal.io/server/tools/gomad3/upgrade/adapterregen","Test":"TestRegenerationLockReleaseComposition/stage_only"}
{"Time":"2026-10-08T17:14:46.225066882Z","Action":"output","Package":"go.temporal.io/server/tools/gomad3/upgrade/adapterregen","Test":"TestRegenerationLockReleaseComposition/stage_only","Output":"=== RUN   TestRegenerationLockReleaseComposition/stage_only\n","OutputType":"frame"}
{"Time":"2026-10-08T17:14:46.225078715Z","Action":"output","Package":"go.temporal.io/server/tools/gomad3/upgrade/adapterregen","Test":"TestRegenerationLockReleaseComposition/stage_only","Output":"--- PASS: TestRegenerationLockReleaseComposition/stage_only (0.00s)\n","OutputType":"frame"}
{"Time":"2026-10-08T17:14:46.225091049Z","Action":"pass","Package":"go.temporal.io/server/tools/gomad3/upgrade/adapterregen","Test":"TestRegenerationLockReleaseComposition/stage_only","Elapsed":0}
{"Time":"2026-10-08T17:14:46.22510234Z","Action":"run","Package":"go.temporal.io/server/tools/gomad3/upgrade/adapterregen","Test":"TestRegenerationLockReleaseComposition/completed_publication"}
{"Time":"2026-10-08T17:14:46.225112965Z","Action":"output","Package":"go.temporal.io/server/tools/gomad3/upgrade/adapterregen","Test":"TestRegenerationLockReleaseComposition/completed_publication","Output":"=== RUN   TestRegenerationLockReleaseComposition/completed_publication\n","OutputType":"frame"}
{"Time":"2026-10-08T17:14:46.22512259Z","Action":"output","Package":"go.temporal.io/server/tools/gomad3/upgrade/adapterregen","Test":"TestRegenerationLockReleaseComposition/completed_publication","Output":"--- PASS: TestRegenerationLockReleaseComposition/completed_publication (0.00s)\n","OutputType":"frame"}
{"Time":"2026-10-08T17:14:46.225133424Z","Action":"pass","Package":"go.temporal.io/server/tools/gomad3/upgrade/adapterregen","Test":"TestRegenerationLockReleaseComposition/completed_publication","Elapsed":0}
{"Time":"2026-10-08T17:14:46.225145715Z","Action":"output","Package":"go.temporal.io/server/tools/gomad3/upgrade/adapterregen","Test":"TestRegenerationLockReleaseComposition","Output":"--- PASS: TestRegenerationLockReleaseComposition (0.00s)\n","OutputType":"frame"}
{"Time":"2026-10-08T17:14:46.22515634Z","Action":"pass","Package":"go.temporal.io/server/tools/gomad3/upgrade/adapterregen","Test":"TestRegenerationLockReleaseComposition","Elapsed":0}
{"Time":"2026-10-08T17:14:46.225166424Z","Action":"run","Package":"go.temporal.io/server/tools/gomad3/upgrade/adapterregen","Test":"TestPublicRegenerationReleasesLock"}
{"Time":"2026-10-08T17:14:46.225175174Z","Action":"output","Package":"go.temporal.io/server/tools/gomad3/upgrade/adapterregen","Test":"TestPublicRegenerationReleasesLock","Output":"=== RUN   TestPublicRegenerationReleasesLock\n","OutputType":"frame"}
{"Time":"2026-10-08T17:14:46.225193174Z","Action":"run","Package":"go.temporal.io/server/tools/gomad3/upgrade/adapterregen","Test":"TestPublicRegenerationReleasesLock/stage"}
{"Time":"2026-10-08T17:14:46.225201965Z","Action":"output","Package":"go.temporal.io/server/tools/gomad3/upgrade/adapterregen","Test":"TestPublicRegenerationReleasesLock/stage","Output":"=== RUN   TestPublicRegenerationReleasesLock/stage\n","OutputType":"frame"}
{"Time":"2026-10-08T17:14:46.633116965Z","Action":"start","Package":"go.temporal.io/server/tools/gomad3/cmd/gomadtool"}
{"Time":"2026-10-08T17:14:46.64178984Z","Action":"run","Package":"go.temporal.io/server/tools/gomad3/cmd/gomadtool","Test":"TestRunAdapterRegenerateDiagnosticFailuresPreserveStatus"}
{"Time":"2026-10-08T17:14:46.641850924Z","Action":"output","Package":"go.temporal.io/server/tools/gomad3/cmd/gomadtool","Test":"TestRunAdapterRegenerateDiagnosticFailuresPreserveStatus","Output":"=== RUN   TestRunAdapterRegenerateDiagnosticFailuresPreserveStatus\n","OutputType":"frame"}
{"Time":"2026-10-08T17:14:46.64212084Z","Action":"run","Package":"go.temporal.io/server/tools/gomad3/cmd/gomadtool","Test":"TestRunAdapterRegenerateDiagnosticFailuresPreserveStatus/flag"}
{"Time":"2026-10-08T17:14:46.642187007Z","Action":"output","Package":"go.temporal.io/server/tools/gomad3/cmd/gomadtool","Test":"TestRunAdapterRegenerateDiagnosticFailuresPreserveStatus/flag","Output":"=== RUN   TestRunAdapterRegenerateDiagnosticFailuresPreserveStatus/flag\n","OutputType":"frame"}
{"Time":"2026-10-08T17:14:46.643214174Z","Action":"output","Package":"go.temporal.io/server/tools/gomad3/cmd/gomadtool","Test":"TestRunAdapterRegenerateDiagnosticFailuresPreserveStatus/flag","Output":"--- PASS: TestRunAdapterRegenerateDiagnosticFailuresPreserveStatus/flag (0.00s)\n","OutputType":"frame"}
{"Time":"2026-10-08T17:14:46.643261257Z","Action":"pass","Package":"go.temporal.io/server/tools/gomad3/cmd/gomadtool","Test":"TestRunAdapterRegenerateDiagnosticFailuresPreserveStatus/flag","Elapsed":0}
{"Time":"2026-10-08T17:14:46.643285382Z","Action":"run","Package":"go.temporal.io/server/tools/gomad3/cmd/gomadtool","Test":"TestRunAdapterRegenerateDiagnosticFailuresPreserveStatus/help"}
{"Time":"2026-10-08T17:14:46.643302257Z","Action":"output","Package":"go.temporal.io/server/tools/gomad3/cmd/gomadtool","Test":"TestRunAdapterRegenerateDiagnosticFailuresPreserveStatus/help","Output":"=== RUN   TestRunAdapterRegenerateDiagnosticFailuresPreserveStatus/help\n","OutputType":"frame"}
{"Time":"2026-10-08T17:14:46.644065757Z","Action":"output","Package":"go.temporal.io/server/tools/gomad3/cmd/gomadtool","Test":"TestRunAdapterRegenerateDiagnosticFailuresPreserveStatus/help","Output":"--- PASS: TestRunAdapterRegenerateDiagnosticFailuresPreserveStatus/help (0.00s)\n","OutputType":"frame"}
{"Time":"2026-10-08T17:14:46.644092924Z","Action":"pass","Package":"go.temporal.io/server/tools/gomad3/cmd/gomadtool","Test":"TestRunAdapterRegenerateDiagnosticFailuresPreserveStatus/help","Elapsed":0}
{"Time":"2026-10-08T17:14:46.644137757Z","Action":"run","Package":"go.temporal.io/server/tools/gomad3/cmd/gomadtool","Test":"TestRunAdapterRegenerateDiagnosticFailuresPreserveStatus/positional"}
{"Time":"2026-10-08T17:14:46.644158757Z","Action":"output","Package":"go.temporal.io/server/tools/gomad3/cmd/gomadtool","Test":"TestRunAdapterRegenerateDiagnosticFailuresPreserveStatus/positional","Output":"=== RUN   TestRunAdapterRegenerateDiagnosticFailuresPreserveStatus/positional\n","OutputType":"frame"}
{"Time":"2026-10-08T17:14:46.644941465Z","Action":"output","Package":"go.temporal.io/server/tools/gomad3/cmd/gomadtool","Test":"TestRunAdapterRegenerateDiagnosticFailuresPreserveStatus/positional","Output":"--- PASS: TestRunAdapterRegenerateDiagnosticFailuresPreserveStatus/positional (0.00s)\n","OutputType":"frame"}
{"Time":"2026-10-08T17:14:46.644969465Z","Action":"pass","Package":"go.temporal.io/server/tools/gomad3/cmd/gomadtool","Test":"TestRunAdapterRegenerateDiagnosticFailuresPreserveStatus/positional","Elapsed":0}
{"Time":"2026-10-08T17:14:46.645006965Z","Action":"run","Package":"go.temporal.io/server/tools/gomad3/cmd/gomadtool","Test":"TestRunAdapterRegenerateDiagnosticFailuresPreserveStatus/approval_aliases"}
{"Time":"2026-10-08T17:14:46.645039882Z","Action":"output","Package":"go.temporal.io/server/tools/gomad3/cmd/gomadtool","Test":"TestRunAdapterRegenerateDiagnosticFailuresPreserveStatus/approval_aliases","Output":"=== RUN   TestRunAdapterRegenerateDiagnosticFailuresPreserveStatus/approval_aliases\n","OutputType":"frame"}
{"Time":"2026-10-08T17:14:46.645592507Z","Action":"output","Package":"go.temporal.io/server/tools/gomad3/cmd/gomadtool","Test":"TestRunAdapterRegenerateDiagnosticFailuresPreserveStatus/approval_aliases","Output":"--- PASS: TestRunAdapterRegenerateDiagnosticFailuresPreserveStatus/approval_aliases (0.00s)\n","OutputType":"frame"}
{"Time":"2026-10-08T17:14:46.645620382Z","Action":"pass","Package":"go.temporal.io/server/tools/gomad3/cmd/gomadtool","Test":"TestRunAdapterRegenerateDiagnosticFailuresPreserveStatus/approval_aliases","Elapsed":0}
{"Time":"2026-10-08T17:14:46.64564409Z","Action":"run","Package":"go.temporal.io/server/tools/gomad3/cmd/gomadtool","Test":"TestRunAdapterRegenerateDiagnosticFailuresPreserveStatus/stage_approval"}
{"Time":"2026-10-08T17:14:46.645668882Z","Action":"output","Package":"go.temporal.io/server/tools/gomad3/cmd/gomadtool","Test":"TestRunAdapterRegenerateDiagnosticFailuresPreserveStatus/stage_approval","Output":"=== RUN   TestRunAdapterRegenerateDiagnosticFailuresPreserveStatus/stage_approval\n","OutputType":"frame"}
{"Time":"2026-10-08T17:14:46.646479549Z","Action":"output","Package":"go.temporal.io/server/tools/gomad3/cmd/gomadtool","Test":"TestRunAdapterRegenerateDiagnosticFailuresPreserveStatus/stage_approval","Output":"--- PASS: TestRunAdapterRegenerateDiagnosticFailuresPreserveStatus/stage_approval (0.00s)\n","OutputType":"frame"}
{"Time":"2026-10-08T17:14:46.646504007Z","Action":"pass","Package":"go.temporal.io/server/tools/gomad3/cmd/gomadtool","Test":"TestRunAdapterRegenerateDiagnosticFailuresPreserveStatus/stage_approval","Elapsed":0}
{"Time":"2026-10-08T17:14:46.646518799Z","Action":"run","Package":"go.temporal.io/server/tools/gomad3/cmd/gomadtool","Test":"TestRunAdapterRegenerateDiagnosticFailuresPreserveStatus/recover"}
{"Time":"2026-10-08T17:14:46.646551049Z","Action":"output","Package":"go.temporal.io/server/tools/gomad3/cmd/gomadtool","Test":"TestRunAdapterRegenerateDiagnosticFailuresPreserveStatus/recover","Output":"=== RUN   TestRunAdapterRegenerateDiagnosticFailuresPreserveStatus/recover\n","OutputType":"frame"}
{"Time":"2026-10-08T17:14:46.647485924Z","Action":"output","Package":"go.temporal.io/server/tools/gomad3/cmd/gomadtool","Test":"TestRunAdapterRegenerateDiagnosticFailuresPreserveStatus/recover","Output":"--- PASS: TestRunAdapterRegenerateDiagnosticFailuresPreserveStatus/recover (0.00s)\n","OutputType":"frame"}
{"Time":"2026-10-08T17:14:46.647531799Z","Action":"pass","Package":"go.temporal.io/server/tools/gomad3/cmd/gomadtool","Test":"TestRunAdapterRegenerateDiagnosticFailuresPreserveStatus/recover","Elapsed":0}
{"Time":"2026-10-08T17:14:46.647551924Z","Action":"run","Package":"go.temporal.io/server/tools/gomad3/cmd/gomadtool","Test":"TestRunAdapterRegenerateDiagnosticFailuresPreserveStatus/missing_Go"}
{"Time":"2026-10-08T17:14:46.647565799Z","Action":"output","Package":"go.temporal.io/server/tools/gomad3/cmd/gomadtool","Test":"TestRunAdapterRegenerateDiagnosticFailuresPreserveStatus/missing_Go","Output":"=== RUN   TestRunAdapterRegenerateDiagnosticFailuresPreserveStatus/missing_Go\n","OutputType":"frame"}
{"Time":"2026-10-08T17:14:46.648338674Z","Action":"output","Package":"go.temporal.io/server/tools/gomad3/cmd/gomadtool","Test":"TestRunAdapterRegenerateDiagnosticFailuresPreserveStatus/missing_Go","Output":"--- PASS: TestRunAdapterRegenerateDiagnosticFailuresPreserveStatus/missing_Go (0.00s)\n","OutputType":"frame"}
{"Time":"2026-10-08T17:14:46.648364632Z","Action":"pass","Package":"go.temporal.io/server/tools/gomad3/cmd/gomadtool","Test":"TestRunAdapterRegenerateDiagnosticFailuresPreserveStatus/missing_Go","Elapsed":0}
{"Time":"2026-10-08T17:14:46.648505049Z","Action":"run","Package":"go.temporal.io/server/tools/gomad3/cmd/gomadtool","Test":"TestRunAdapterRegenerateDiagnosticFailuresPreserveStatus/verify_usage"}
{"Time":"2026-10-08T17:14:46.648524049Z","Action":"output","Package":"go.temporal.io/server/tools/gomad3/cmd/gomadtool","Test":"TestRunAdapterRegenerateDiagnosticFailuresPreserveStatus/verify_usage","Output":"=== RUN   TestRunAdapterRegenerateDiagnosticFailuresPreserveStatus/verify_usage\n","OutputType":"frame"}
{"Time":"2026-10-08T17:14:46.649283882Z","Action":"output","Package":"go.temporal.io/server/tools/gomad3/cmd/gomadtool","Test":"TestRunAdapterRegenerateDiagnosticFailuresPreserveStatus/verify_usage","Output":"--- PASS: TestRunAdapterRegenerateDiagnosticFailuresPreserveStatus/verify_usage (0.00s)\n","OutputType":"frame"}
{"Time":"2026-10-08T17:14:46.649311799Z","Action":"pass","Package":"go.temporal.io/server/tools/gomad3/cmd/gomadtool","Test":"TestRunAdapterRegenerateDiagnosticFailuresPreserveStatus/verify_usage","Elapsed":0}
{"Time":"2026-10-08T17:14:46.649378715Z","Action":"run","Package":"go.temporal.io/server/tools/gomad3/cmd/gomadtool","Test":"TestRunAdapterRegenerateDiagnosticFailuresPreserveStatus/verify_failure"}
{"Time":"2026-10-08T17:14:46.649397965Z","Action":"output","Package":"go.temporal.io/server/tools/gomad3/cmd/gomadtool","Test":"TestRunAdapterRegenerateDiagnosticFailuresPreserveStatus/verify_failure","Output":"=== RUN   TestRunAdapterRegenerateDiagnosticFailuresPreserveStatus/verify_failure\n","OutputType":"frame"}
{"Time":"2026-10-08T17:14:46.650046382Z","Action":"output","Package":"go.temporal.io/server/tools/gomad3/cmd/gomadtool","Test":"TestRunAdapterRegenerateDiagnosticFailuresPreserveStatus/verify_failure","Output":"--- PASS: TestRunAdapterRegenerateDiagnosticFailuresPreserveStatus/verify_failure (0.00s)\n","OutputType":"frame"}
{"Time":"2026-10-08T17:14:46.650075257Z","Action":"pass","Package":"go.temporal.io/server/tools/gomad3/cmd/gomadtool","Test":"TestRunAdapterRegenerateDiagnosticFailuresPreserveStatus/verify_failure","Elapsed":0}
{"Time":"2026-10-08T17:14:46.650121549Z","Action":"run","Package":"go.temporal.io/server/tools/gomad3/cmd/gomadtool","Test":"TestRunAdapterRegenerateDiagnosticFailuresPreserveStatus/module_usage"}
{"Time":"2026-10-08T17:14:46.650150049Z","Action":"output","Package":"go.temporal.io/server/tools/gomad3/cmd/gomadtool","Test":"TestRunAdapterRegenerateDiagnosticFailuresPreserveStatus/module_usage","Output":"=== RUN   TestRunAdapterRegenerateDiagnosticFailuresPreserveStatus/module_usage\n","OutputType":"frame"}
{"Time":"2026-10-08T17:14:46.650795757Z","Action":"output","Package":"go.temporal.io/server/tools/gomad3/cmd/gomadtool","Test":"TestRunAdapterRegenerateDiagnosticFailuresPreserveStatus/module_usage","Output":"--- PASS: TestRunAdapterRegenerateDiagnosticFailuresPreserveStatus/module_usage (0.00s)\n","OutputType":"frame"}
{"Time":"2026-10-08T17:14:46.650861132Z","Action":"pass","Package":"go.temporal.io/server/tools/gomad3/cmd/gomadtool","Test":"TestRunAdapterRegenerateDiagnosticFailuresPreserveStatus/module_usage","Elapsed":0}
{"Time":"2026-10-08T17:14:46.65091759Z","Action":"run","Package":"go.temporal.io/server/tools/gomad3/cmd/gomadtool","Test":"TestRunAdapterRegenerateDiagnosticFailuresPreserveStatus/input_failure"}
{"Time":"2026-10-08T17:14:46.650950924Z","Action":"output","Package":"go.temporal.io/server/tools/gomad3/cmd/gomadtool","Test":"TestRunAdapterRegenerateDiagnosticFailuresPreserveStatus/input_failure","Output":"=== RUN   TestRunAdapterRegenerateDiagnosticFailuresPreserveStatus/input_failure\n","OutputType":"frame"}
{"Time":"2026-10-08T17:14:46.651613632Z","Action":"output","Package":"go.temporal.io/server/tools/gomad3/cmd/gomadtool","Test":"TestRunAdapterRegenerateDiagnosticFailuresPreserveStatus/input_failure","Output":"--- PASS: TestRunAdapterRegenerateDiagnosticFailuresPreserveStatus/input_failure (0.00s)\n","OutputType":"frame"}
{"Time":"2026-10-08T17:14:46.651659132Z","Action":"pass","Package":"go.temporal.io/server/tools/gomad3/cmd/gomadtool","Test":"TestRunAdapterRegenerateDiagnosticFailuresPreserveStatus/input_failure","Elapsed":0}
{"Time":"2026-10-08T17:14:46.651686049Z","Action":"run","Package":"go.temporal.io/server/tools/gomad3/cmd/gomadtool","Test":"TestRunAdapterRegenerateDiagnosticFailuresPreserveStatus/download_failure"}
{"Time":"2026-10-08T17:14:46.651705674Z","Action":"output","Package":"go.temporal.io/server/tools/gomad3/cmd/gomadtool","Test":"TestRunAdapterRegenerateDiagnosticFailuresPreserveStatus/download_failure","Output":"=== RUN   TestRunAdapterRegenerateDiagnosticFailuresPreserveStatus/download_failure\n","OutputType":"frame"}
{"Time":"2026-10-08T17:14:46.664848007Z","Action":"output","Package":"go.temporal.io/server/tools/gomad3/cmd/gomadtool","Test":"TestRunAdapterRegenerateDiagnosticFailuresPreserveStatus/download_failure","Output":"--- PASS: TestRunAdapterRegenerateDiagnosticFailuresPreserveStatus/download_failure (0.01s)\n","OutputType":"frame"}
{"Time":"2026-10-08T17:14:46.664884382Z","Action":"pass","Package":"go.temporal.io/server/tools/gomad3/cmd/gomadtool","Test":"TestRunAdapterRegenerateDiagnosticFailuresPreserveStatus/download_failure","Elapsed":0.01}
{"Time":"2026-10-08T17:14:46.664924757Z","Action":"run","Package":"go.temporal.io/server/tools/gomad3/cmd/gomadtool","Test":"TestRunAdapterRegenerateDiagnosticFailuresPreserveStatus/missing_working_directory"}
{"Time":"2026-10-08T17:14:46.664944715Z","Action":"output","Package":"go.temporal.io/server/tools/gomad3/cmd/gomadtool","Test":"TestRunAdapterRegenerateDiagnosticFailuresPreserveStatus/missing_working_directory","Output":"=== RUN   TestRunAdapterRegenerateDiagnosticFailuresPreserveStatus/missing_working_directory\n","OutputType":"frame"}
{"Time":"2026-10-08T17:14:46.795656466Z","Action":"output","Package":"go.temporal.io/server/tools/gomad3/cmd/gomadtool","Test":"TestRunAdapterRegenerateDiagnosticFailuresPreserveStatus/missing_working_directory","Output":"--- PASS: TestRunAdapterRegenerateDiagnosticFailuresPreserveStatus/missing_working_directory (0.13s)\n","OutputType":"frame"}
{"Time":"2026-10-08T17:14:46.795733174Z","Action":"pass","Package":"go.temporal.io/server/tools/gomad3/cmd/gomadtool","Test":"TestRunAdapterRegenerateDiagnosticFailuresPreserveStatus/missing_working_directory","Elapsed":0.13}
{"Time":"2026-10-08T17:14:46.795946882Z","Action":"output","Package":"go.temporal.io/server/tools/gomad3/cmd/gomadtool","Test":"TestRunAdapterRegenerateDiagnosticFailuresPreserveStatus","Output":"--- PASS: TestRunAdapterRegenerateDiagnosticFailuresPreserveStatus (0.15s)\n","OutputType":"frame"}
{"Time":"2026-10-08T17:14:46.796049507Z","Action":"pass","Package":"go.temporal.io/server/tools/gomad3/cmd/gomadtool","Test":"TestRunAdapterRegenerateDiagnosticFailuresPreserveStatus","Elapsed":0.15}
{"Time":"2026-10-08T17:14:46.796088299Z","Action":"output","Package":"go.temporal.io/server/tools/gomad3/cmd/gomadtool","Output":"PASS\n","OutputType":"frame"}
{"Time":"2026-10-08T17:14:46.796605799Z","Action":"output","Package":"go.temporal.io/server/tools/gomad3/cmd/gomadtool","Output":"ok  \tgo.temporal.io/server/tools/gomad3/cmd/gomadtool\t0.163s\n"}
{"Time":"2026-10-08T17:14:46.796653174Z","Action":"pass","Package":"go.temporal.io/server/tools/gomad3/cmd/gomadtool","Elapsed":0.164}
{"Time":"2026-10-08T17:14:48.086585466Z","Action":"output","Package":"go.temporal.io/server/tools/gomad3/upgrade/adapterregen","Test":"TestPublicRegenerationReleasesLock/stage","Output":"--- PASS: TestPublicRegenerationReleasesLock/stage (1.86s)\n","OutputType":"frame"}
{"Time":"2026-10-08T17:14:48.086654466Z","Action":"pass","Package":"go.temporal.io/server/tools/gomad3/upgrade/adapterregen","Test":"TestPublicRegenerationReleasesLock/stage","Elapsed":1.86}
{"Time":"2026-10-08T17:14:48.086693883Z","Action":"run","Package":"go.temporal.io/server/tools/gomad3/upgrade/adapterregen","Test":"TestPublicRegenerationReleasesLock/apply"}
{"Time":"2026-10-08T17:14:48.086716133Z","Action":"output","Package":"go.temporal.io/server/tools/gomad3/upgrade/adapterregen","Test":"TestPublicRegenerationReleasesLock/apply","Output":"=== RUN   TestPublicRegenerationReleasesLock/apply\n","OutputType":"frame"}
{"Time":"2026-10-08T17:14:50.821617134Z","Action":"output","Package":"go.temporal.io/server/tools/gomad3/upgrade/adapterregen","Test":"TestPublicRegenerationReleasesLock/apply","Output":"--- PASS: TestPublicRegenerationReleasesLock/apply (2.73s)\n","OutputType":"frame"}
{"Time":"2026-10-08T17:14:50.821749592Z","Action":"pass","Package":"go.temporal.io/server/tools/gomad3/upgrade/adapterregen","Test":"TestPublicRegenerationReleasesLock/apply","Elapsed":2.73}
{"Time":"2026-10-08T17:14:50.821778926Z","Action":"run","Package":"go.temporal.io/server/tools/gomad3/upgrade/adapterregen","Test":"TestPublicRegenerationReleasesLock/failed_apply"}
{"Time":"2026-10-08T17:14:50.821798592Z","Action":"output","Package":"go.temporal.io/server/tools/gomad3/upgrade/adapterregen","Test":"TestPublicRegenerationReleasesLock/failed_apply","Output":"=== RUN   TestPublicRegenerationReleasesLock/failed_apply\n","OutputType":"frame"}
{"Time":"2026-10-08T17:14:52.611190927Z","Action":"output","Package":"go.temporal.io/server/tools/gomad3/upgrade/adapterregen","Test":"TestPublicRegenerationReleasesLock/failed_apply","Output":"--- PASS: TestPublicRegenerationReleasesLock/failed_apply (1.79s)\n","OutputType":"frame"}
{"Time":"2026-10-08T17:14:52.61150326Z","Action":"pass","Package":"go.temporal.io/server/tools/gomad3/upgrade/adapterregen","Test":"TestPublicRegenerationReleasesLock/failed_apply","Elapsed":1.79}
{"Time":"2026-10-08T17:14:52.611549468Z","Action":"run","Package":"go.temporal.io/server/tools/gomad3/upgrade/adapterregen","Test":"TestPublicRegenerationReleasesLock/recover"}
{"Time":"2026-10-08T17:14:52.61157251Z","Action":"output","Package":"go.temporal.io/server/tools/gomad3/upgrade/adapterregen","Test":"TestPublicRegenerationReleasesLock/recover","Output":"=== RUN   TestPublicRegenerationReleasesLock/recover\n","OutputType":"frame"}
{"Time":"2026-10-08T17:14:53.857207469Z","Action":"output","Package":"go.temporal.io/server/tools/gomad3/upgrade/adapterregen","Test":"TestPublicRegenerationReleasesLock/recover","Output":"--- PASS: TestPublicRegenerationReleasesLock/recover (1.25s)\n","OutputType":"frame"}
{"Time":"2026-10-08T17:14:53.857359302Z","Action":"pass","Package":"go.temporal.io/server/tools/gomad3/upgrade/adapterregen","Test":"TestPublicRegenerationReleasesLock/recover","Elapsed":1.25}
{"Time":"2026-10-08T17:14:53.857421386Z","Action":"output","Package":"go.temporal.io/server/tools/gomad3/upgrade/adapterregen","Test":"TestPublicRegenerationReleasesLock","Output":"--- PASS: TestPublicRegenerationReleasesLock (7.63s)\n","OutputType":"frame"}
{"Time":"2026-10-08T17:14:53.857447636Z","Action":"pass","Package":"go.temporal.io/server/tools/gomad3/upgrade/adapterregen","Test":"TestPublicRegenerationReleasesLock","Elapsed":7.63}
{"Time":"2026-10-08T17:14:53.857467469Z","Action":"output","Package":"go.temporal.io/server/tools/gomad3/upgrade/adapterregen","Output":"PASS\n","OutputType":"frame"}
{"Time":"2026-10-08T17:14:53.857772261Z","Action":"output","Package":"go.temporal.io/server/tools/gomad3/upgrade/adapterregen","Output":"ok  \tgo.temporal.io/server/tools/gomad3/upgrade/adapterregen\t7.637s\n"}
{"Time":"2026-10-08T17:14:53.857818469Z","Action":"pass","Package":"go.temporal.io/server/tools/gomad3/upgrade/adapterregen","Elapsed":7.6370000000000005}
