GOCACHE=/Users/stephan/Workspace/temporal/gomad/tools/gomad3/.toolchain/generator-cache go run ./cmd/gomadtool version-generate -check
GOCACHE=/Users/stephan/Workspace/temporal/gomad/tools/gomad3/.toolchain/generator-cache go run ./cmd/gomadtool protocol-generate -check
GOCACHE=/Users/stephan/Workspace/temporal/gomad/tools/gomad3/.toolchain/generator-cache go run ./cmd/gomadtool boundary-generate -check
GOCACHE=/Users/stephan/Workspace/temporal/gomad/tools/gomad3/.toolchain/generator-cache go run ./cmd/gomadtool boundary-generate -check-compiler-tests
GOCACHE=/Users/stephan/Workspace/temporal/gomad/tools/gomad3/.toolchain/generator-cache go run ./cmd/gomadtool patch-validate --root=/Users/stephan/Workspace/temporal/gomad/tools/gomad3
gomad3 patch and overlay inputs are valid
GOCACHE=/Users/stephan/Workspace/temporal/gomad/tools/gomad3/.toolchain/generator-cache go run ./cmd/gomadtool script-validate --root=/Users/stephan/Workspace/temporal/gomad/tools/gomad3
gomad3 script ownership is valid
env -u GOMADSEED -u GOMAD3_CHILD_SEED GOCACHE=/Users/stephan/Workspace/temporal/gomad/tools/gomad3/.toolchain/generator-cache GOTOOLCHAIN=local GOWORK=off \
		go run ./cmd/gomadtool toolchain-build --root=/Users/stephan/Workspace/temporal/gomad/tools/gomad3
gomad3 toolchain is ready (darwin/arm64, key 6b775117cc6b13d04c2d00926818e102edb540f8c74ece2794b5e6f3cd2c19ee)
env -u GOMADSEED -u GOMAD3_CHILD_SEED GOWORK=off go run ./cmd/gomadtool test \
		--root=/Users/stephan/Workspace/temporal/gomad/tools/gomad3 --mode=test-runtime --go=/Users/stephan/Workspace/temporal/gomad/tools/gomad3/.toolchain/bin/go
gomad3 runtime tier passed
.toolchain/bin/go test -tags test_dep internal/gomadfs internal/gomadwire internal/gomadchoicewire internal/gomadmodelwire \
		internal/gomadsim internal/gomadio internal/gomadio/mount os cmd/internal/gomadcap
ok  	internal/gomadfs	(cached)
ok  	internal/gomadwire	(cached)
ok  	internal/gomadchoicewire	(cached)
ok  	internal/gomadmodelwire	(cached)
ok  	internal/gomadsim	(cached)
ok  	internal/gomadio	(cached)
ok  	internal/gomadio/mount	(cached)
ok  	os	21.647s
ok  	cmd/internal/gomadcap	(cached)
