--- FAIL: TestProcessCommandsOwnModelWireTranslation (0.01s)
    process_commands_ownership_test.go:27: toolchain/runtime/overlay/src/internal/gomadio/network.go:15:2: wire translation escaped its owner
    process_commands_ownership_test.go:27: toolchain/runtime/overlay/src/internal/gomadio/process_network.go:17:2: wire translation escaped its owner
    process_commands_ownership_test.go:30: toolchain/runtime/overlay/src/internal/gomadio/process_network.go:40:72: generic slot escaped its owner
    process_commands_ownership_test.go:30: toolchain/runtime/overlay/src/internal/gomadio/process_network.go:40:100: generic slot escaped its owner
    process_commands_ownership_test.go:30: toolchain/runtime/overlay/src/internal/gomadio/process_network.go:79:51: generic slot escaped its owner
    process_commands_ownership_test.go:30: toolchain/runtime/overlay/src/internal/gomadio/process_network.go:90:6: generic slot escaped its owner
    process_commands_ownership_test.go:30: toolchain/runtime/overlay/src/internal/gomadio/process_network.go:93:18: generic slot escaped its owner
    process_commands_ownership_test.go:30: toolchain/runtime/overlay/src/internal/gomadio/process_network.go:94:19: generic slot escaped its owner
    process_commands_ownership_test.go:30: toolchain/runtime/overlay/src/internal/gomadio/process_network.go:98:6: generic slot escaped its owner
    process_commands_ownership_test.go:30: toolchain/runtime/overlay/src/internal/gomadio/process_network.go:113:30: generic slot escaped its owner
    process_commands_ownership_test.go:30: toolchain/runtime/overlay/src/internal/gomadio/process_network.go:113:58: generic slot escaped its owner
    process_commands_ownership_test.go:30: toolchain/runtime/overlay/src/internal/gomadio/process_network.go:114:30: generic slot escaped its owner
    process_commands_ownership_test.go:30: toolchain/runtime/overlay/src/internal/gomadio/process_network.go:114:58: generic slot escaped its owner
    process_commands_ownership_test.go:30: toolchain/runtime/overlay/src/internal/gomadio/process_network.go:168:30: generic slot escaped its owner
    process_commands_ownership_test.go:30: toolchain/runtime/overlay/src/internal/gomadio/process_network.go:168:47: generic slot escaped its owner
    process_commands_ownership_test.go:30: toolchain/runtime/overlay/src/internal/gomadio/process_network.go:168:68: generic slot escaped its owner
    process_commands_ownership_test.go:30: toolchain/runtime/overlay/src/internal/gomadio/process_network.go:180:6: generic slot escaped its owner
    process_commands_ownership_test.go:30: toolchain/runtime/overlay/src/internal/gomadio/process_network.go:181:57: generic slot escaped its owner
    process_commands_ownership_test.go:30: toolchain/runtime/overlay/src/internal/gomadio/process_network.go:183:35: generic slot escaped its owner
    process_commands_ownership_test.go:30: toolchain/runtime/overlay/src/internal/gomadio/process_network.go:183:52: generic slot escaped its owner
    process_commands_ownership_test.go:30: toolchain/runtime/overlay/src/internal/gomadio/process_network.go:183:73: generic slot escaped its owner
    process_commands_ownership_test.go:30: toolchain/runtime/overlay/src/internal/gomadio/process_network.go:214:116: generic slot escaped its owner
    process_commands_ownership_test.go:30: toolchain/runtime/overlay/src/internal/gomadio/process_network.go:220:30: generic slot escaped its owner
    process_commands_ownership_test.go:30: toolchain/runtime/overlay/src/internal/gomadio/process_network.go:247:55: generic slot escaped its owner
    process_commands_ownership_test.go:30: toolchain/runtime/overlay/src/internal/gomadio/process_network.go:249:59: generic slot escaped its owner
    process_commands_ownership_test.go:30: toolchain/runtime/overlay/src/internal/gomadio/process_network.go:251:60: generic slot escaped its owner
    process_commands_ownership_test.go:27: toolchain/runtime/overlay/src/internal/gomadfs/fs.go:14:2: wire translation escaped its owner
    process_commands_ownership_test.go:30: toolchain/runtime/overlay/src/internal/gomadfs/fs.go:1090:10: generic slot escaped its owner
    process_commands_ownership_test.go:27: toolchain/runtime/overlay/src/internal/gomadfs/process_volume.go:12:2: wire translation escaped its owner
    process_commands_ownership_test.go:30: toolchain/runtime/overlay/src/internal/gomadfs/process_volume.go:29:9: generic slot escaped its owner
    process_commands_ownership_test.go:30: toolchain/runtime/overlay/src/internal/gomadfs/process_volume.go:29:27: generic slot escaped its owner
    process_commands_ownership_test.go:30: toolchain/runtime/overlay/src/internal/gomadfs/process_volume.go:76:29: generic slot escaped its owner
    process_commands_ownership_test.go:30: toolchain/runtime/overlay/src/internal/gomadfs/process_volume.go:79:78: generic slot escaped its owner
    process_commands_ownership_test.go:30: toolchain/runtime/overlay/src/internal/gomadfs/process_volume.go:92:9: generic slot escaped its owner
    process_commands_ownership_test.go:30: toolchain/runtime/overlay/src/internal/gomadfs/process_volume.go:105:51: generic slot escaped its owner
    process_commands_ownership_test.go:30: toolchain/runtime/overlay/src/internal/gomadfs/process_volume.go:120:5: generic slot escaped its owner
    process_commands_ownership_test.go:30: toolchain/runtime/overlay/src/internal/gomadfs/process_volume.go:123:13: generic slot escaped its owner
    process_commands_ownership_test.go:27: toolchain/runtime/overlay/src/internal/gomadfs/process_volume_host.go:14:2: wire translation escaped its owner
    process_commands_ownership_test.go:30: toolchain/runtime/overlay/src/internal/gomadfs/process_volume_host.go:45:41: generic slot escaped its owner
    process_commands_ownership_test.go:30: toolchain/runtime/overlay/src/internal/gomadfs/process_volume_host.go:50:27: generic slot escaped its owner
    process_commands_ownership_test.go:30: toolchain/runtime/overlay/src/internal/gomadfs/process_volume_host.go:50:51: generic slot escaped its owner
    process_commands_ownership_test.go:30: toolchain/runtime/overlay/src/internal/gomadfs/process_volume_host.go:52:30: generic slot escaped its owner
    process_commands_ownership_test.go:30: toolchain/runtime/overlay/src/internal/gomadfs/process_volume_host.go:52:54: generic slot escaped its owner
    process_commands_ownership_test.go:30: toolchain/runtime/overlay/src/internal/gomadfs/process_volume_host.go:56:33: generic slot escaped its owner
    process_commands_ownership_test.go:30: toolchain/runtime/overlay/src/internal/gomadfs/process_volume_host.go:59:34: generic slot escaped its owner
    process_commands_ownership_test.go:30: toolchain/runtime/overlay/src/internal/gomadfs/process_volume_host.go:63:13: generic slot escaped its owner
    process_commands_ownership_test.go:30: toolchain/runtime/overlay/src/internal/gomadfs/process_volume_host.go:73:84: generic slot escaped its owner
    process_commands_ownership_test.go:30: toolchain/runtime/overlay/src/internal/gomadfs/process_volume_host.go:73:101: generic slot escaped its owner
    process_commands_ownership_test.go:30: toolchain/runtime/overlay/src/internal/gomadfs/process_volume_host.go:75:84: generic slot escaped its owner
    process_commands_ownership_test.go:30: toolchain/runtime/overlay/src/internal/gomadfs/process_volume_host.go:77:87: generic slot escaped its owner
    process_commands_ownership_test.go:30: toolchain/runtime/overlay/src/internal/gomadfs/process_volume_host.go:79:83: generic slot escaped its owner
    process_commands_ownership_test.go:30: toolchain/runtime/overlay/src/internal/gomadfs/process_volume_host.go:79:107: generic slot escaped its owner
    process_commands_ownership_test.go:30: toolchain/runtime/overlay/src/internal/gomadfs/process_volume_host.go:81:85: generic slot escaped its owner
    process_commands_ownership_test.go:30: toolchain/runtime/overlay/src/internal/gomadfs/process_volume_host.go:81:102: generic slot escaped its owner
    process_commands_ownership_test.go:30: toolchain/runtime/overlay/src/internal/gomadfs/process_volume_host.go:83:83: generic slot escaped its owner
    process_commands_ownership_test.go:30: toolchain/runtime/overlay/src/internal/gomadfs/process_volume_host.go:108:30: generic slot escaped its owner
    process_commands_ownership_test.go:30: toolchain/runtime/overlay/src/internal/gomadfs/process_volume_host.go:114:39: generic slot escaped its owner
    process_commands_ownership_test.go:30: toolchain/runtime/overlay/src/internal/gomadfs/process_volume_host.go:123:46: generic slot escaped its owner
    process_commands_ownership_test.go:30: toolchain/runtime/overlay/src/internal/gomadfs/process_volume_host.go:127:82: generic slot escaped its owner
    process_commands_ownership_test.go:30: toolchain/runtime/overlay/src/internal/gomadfs/process_volume_host.go:129:86: generic slot escaped its owner
    process_commands_ownership_test.go:30: toolchain/runtime/overlay/src/internal/gomadfs/process_volume_host.go:131:81: generic slot escaped its owner
    process_commands_ownership_test.go:30: toolchain/runtime/overlay/src/internal/gomadfs/process_volume_host.go:135:30: generic slot escaped its owner
    process_commands_ownership_test.go:30: toolchain/runtime/overlay/src/internal/gomadfs/process_volume_host.go:135:48: generic slot escaped its owner
    process_commands_ownership_test.go:30: toolchain/runtime/overlay/src/internal/gomadfs/process_volume_host.go:141:38: generic slot escaped its owner
    process_commands_ownership_test.go:30: toolchain/runtime/overlay/src/internal/gomadfs/process_volume_host.go:156:30: generic slot escaped its owner
    process_commands_ownership_test.go:30: toolchain/runtime/overlay/src/internal/gomadfs/process_volume_host.go:156:44: generic slot escaped its owner
FAIL
FAIL	go.temporal.io/server/tools/gomad3	0.010s
FAIL
