tools/gomad3/toolchain/runtime/overlay/src/internal/gomadio/transcript.go:40:	binary.BigEndian.PutUint16(result[:2], uint16(len(network)))
tools/gomad3/toolchain/runtime/overlay/src/internal/gomadfs/process_commands.go:18:	processVolumeResolveOp         processVolumeOperation = processVolumeOperation(gomadmodelwire.VolumeResolve)
tools/gomad3/toolchain/runtime/overlay/src/internal/gomadfs/process_commands.go:19:	processVolumeMkdirOp           processVolumeOperation = processVolumeOperation(gomadmodelwire.VolumeMkdir)
tools/gomad3/toolchain/runtime/overlay/src/internal/gomadfs/process_commands.go:20:	processVolumeMkdirAllOp        processVolumeOperation = processVolumeOperation(gomadmodelwire.VolumeMkdirAll)
tools/gomad3/toolchain/runtime/overlay/src/internal/gomadfs/process_commands.go:21:	processVolumeStatOp            processVolumeOperation = processVolumeOperation(gomadmodelwire.VolumeStat)
tools/gomad3/toolchain/runtime/overlay/src/internal/gomadfs/process_commands.go:22:	processVolumeOpenOp            processVolumeOperation = processVolumeOperation(gomadmodelwire.VolumeOpen)
tools/gomad3/toolchain/runtime/overlay/src/internal/gomadfs/process_commands.go:23:	processVolumeRenameOp          processVolumeOperation = processVolumeOperation(gomadmodelwire.VolumeRename)
tools/gomad3/toolchain/runtime/overlay/src/internal/gomadfs/process_commands.go:24:	processVolumeRemoveOp          processVolumeOperation = processVolumeOperation(gomadmodelwire.VolumeRemove)
tools/gomad3/toolchain/runtime/overlay/src/internal/gomadfs/process_commands.go:25:	processVolumeRemoveAllOp       processVolumeOperation = processVolumeOperation(gomadmodelwire.VolumeRemoveAll)
tools/gomad3/toolchain/runtime/overlay/src/internal/gomadfs/process_commands.go:26:	processVolumeChmodOp           processVolumeOperation = processVolumeOperation(gomadmodelwire.VolumeChmod)
tools/gomad3/toolchain/runtime/overlay/src/internal/gomadfs/process_commands.go:27:	processVolumeChtimesOp         processVolumeOperation = processVolumeOperation(gomadmodelwire.VolumeChtimes)
tools/gomad3/toolchain/runtime/overlay/src/internal/gomadfs/process_commands.go:28:	processVolumeChdirOp           processVolumeOperation = processVolumeOperation(gomadmodelwire.VolumeChdir)
tools/gomad3/toolchain/runtime/overlay/src/internal/gomadfs/process_commands.go:29:	processVolumeGetwdOp           processVolumeOperation = processVolumeOperation(gomadmodelwire.VolumeGetwd)
tools/gomad3/toolchain/runtime/overlay/src/internal/gomadfs/process_commands.go:30:	processVolumeHandleReadOp      processVolumeOperation = processVolumeOperation(gomadmodelwire.VolumeHandleRead)
tools/gomad3/toolchain/runtime/overlay/src/internal/gomadfs/process_commands.go:31:	processVolumeHandleReadAtOp    processVolumeOperation = processVolumeOperation(gomadmodelwire.VolumeHandleReadAt)
tools/gomad3/toolchain/runtime/overlay/src/internal/gomadfs/process_commands.go:32:	processVolumeHandleWriteOp     processVolumeOperation = processVolumeOperation(gomadmodelwire.VolumeHandleWrite)
tools/gomad3/toolchain/runtime/overlay/src/internal/gomadfs/process_commands.go:33:	processVolumeHandleWriteAtOp   processVolumeOperation = processVolumeOperation(gomadmodelwire.VolumeHandleWriteAt)
tools/gomad3/toolchain/runtime/overlay/src/internal/gomadfs/process_commands.go:34:	processVolumeHandleTruncateOp  processVolumeOperation = processVolumeOperation(gomadmodelwire.VolumeHandleTruncate)
tools/gomad3/toolchain/runtime/overlay/src/internal/gomadfs/process_commands.go:35:	processVolumeHandleChmodOp     processVolumeOperation = processVolumeOperation(gomadmodelwire.VolumeHandleChmod)
tools/gomad3/toolchain/runtime/overlay/src/internal/gomadfs/process_commands.go:36:	processVolumeHandleChtimesOp   processVolumeOperation = processVolumeOperation(gomadmodelwire.VolumeHandleChtimes)
tools/gomad3/toolchain/runtime/overlay/src/internal/gomadfs/process_commands.go:37:	processVolumeHandleChdirOp     processVolumeOperation = processVolumeOperation(gomadmodelwire.VolumeHandleChdir)
tools/gomad3/toolchain/runtime/overlay/src/internal/gomadfs/process_commands.go:38:	processVolumeHandleSeekOp      processVolumeOperation = processVolumeOperation(gomadmodelwire.VolumeHandleSeek)
tools/gomad3/toolchain/runtime/overlay/src/internal/gomadfs/process_commands.go:39:	processVolumeHandleStatOp      processVolumeOperation = processVolumeOperation(gomadmodelwire.VolumeHandleStat)
tools/gomad3/toolchain/runtime/overlay/src/internal/gomadfs/process_commands.go:40:	processVolumeHandleReadDirOp   processVolumeOperation = processVolumeOperation(gomadmodelwire.VolumeHandleReadDir)
tools/gomad3/toolchain/runtime/overlay/src/internal/gomadfs/process_commands.go:41:	processVolumeHandleCloseOp     processVolumeOperation = processVolumeOperation(gomadmodelwire.VolumeHandleClose)
tools/gomad3/toolchain/runtime/overlay/src/internal/gomadfs/process_commands.go:42:	processVolumeHandleSyncOp      processVolumeOperation = processVolumeOperation(gomadmodelwire.VolumeHandleSync)
tools/gomad3/toolchain/runtime/overlay/src/internal/gomadfs/process_commands.go:43:	processVolumeHandleMapOp       processVolumeOperation = processVolumeOperation(gomadmodelwire.VolumeHandleMap)
tools/gomad3/toolchain/runtime/overlay/src/internal/gomadfs/process_commands.go:44:	processVolumeMappingBytesOp    processVolumeOperation = processVolumeOperation(gomadmodelwire.VolumeMappingBytes)
tools/gomad3/toolchain/runtime/overlay/src/internal/gomadfs/process_commands.go:45:	processVolumeMappingCloseOp    processVolumeOperation = processVolumeOperation(gomadmodelwire.VolumeMappingClose)
tools/gomad3/toolchain/runtime/overlay/src/internal/gomadfs/process_commands.go:80:	request := gomadmodelwire.Request{Model: gomadmodelwire.ModelVolume, Operation: gomadmodelwire.Operation(command.Operation), Handle: command.Handle}
tools/gomad3/toolchain/runtime/overlay/src/internal/gomadfs/process_commands.go:83:		request.String1 = command.Path
tools/gomad3/toolchain/runtime/overlay/src/internal/gomadfs/process_commands.go:85:		request.String1 = command.Path
tools/gomad3/toolchain/runtime/overlay/src/internal/gomadfs/process_commands.go:86:		request.String2 = command.Destination
tools/gomad3/toolchain/runtime/overlay/src/internal/gomadfs/process_commands.go:88:		request.String1 = command.Path
tools/gomad3/toolchain/runtime/overlay/src/internal/gomadfs/process_commands.go:89:		request.Uint1 = uint64(command.Mode)
tools/gomad3/toolchain/runtime/overlay/src/internal/gomadfs/process_commands.go:91:		request.String1 = command.Path
tools/gomad3/toolchain/runtime/overlay/src/internal/gomadfs/process_commands.go:92:		request.Int1 = command.ModTime
tools/gomad3/toolchain/runtime/overlay/src/internal/gomadfs/process_commands.go:94:		request.Int1 = command.Offset
tools/gomad3/toolchain/runtime/overlay/src/internal/gomadfs/process_commands.go:95:		request.Uint1 = command.ReadLength
tools/gomad3/toolchain/runtime/overlay/src/internal/gomadfs/process_commands.go:97:		request.Int1 = command.Offset
tools/gomad3/toolchain/runtime/overlay/src/internal/gomadfs/process_commands.go:100:		request.Int1 = command.Size
tools/gomad3/toolchain/runtime/overlay/src/internal/gomadfs/process_commands.go:102:		request.Uint1 = uint64(command.Mode)
tools/gomad3/toolchain/runtime/overlay/src/internal/gomadfs/process_commands.go:104:		request.Int1 = command.ModTime
tools/gomad3/toolchain/runtime/overlay/src/internal/gomadfs/process_commands.go:106:		request.Int1 = command.Offset
tools/gomad3/toolchain/runtime/overlay/src/internal/gomadfs/process_commands.go:107:		request.Int2 = command.Whence
tools/gomad3/toolchain/runtime/overlay/src/internal/gomadfs/process_commands.go:109:		request.Int1 = command.DirectoryCount
tools/gomad3/toolchain/runtime/overlay/src/internal/gomadfs/process_commands.go:111:		request.Int1 = command.Offset
tools/gomad3/toolchain/runtime/overlay/src/internal/gomadfs/process_commands.go:112:		request.Uint1 = command.MapLength
tools/gomad3/toolchain/runtime/overlay/src/internal/gomadfs/process_commands.go:149:		command.Path = request.String1
tools/gomad3/toolchain/runtime/overlay/src/internal/gomadfs/process_commands.go:151:		command.Path = request.String1
tools/gomad3/toolchain/runtime/overlay/src/internal/gomadfs/process_commands.go:152:		command.Destination = request.String2
tools/gomad3/toolchain/runtime/overlay/src/internal/gomadfs/process_commands.go:154:		command.Path = request.String1
tools/gomad3/toolchain/runtime/overlay/src/internal/gomadfs/process_commands.go:155:		command.Mode = uint32(request.Uint1)
tools/gomad3/toolchain/runtime/overlay/src/internal/gomadfs/process_commands.go:157:		command.Path = request.String1
tools/gomad3/toolchain/runtime/overlay/src/internal/gomadfs/process_commands.go:158:		command.ModTime = request.Int1
tools/gomad3/toolchain/runtime/overlay/src/internal/gomadfs/process_commands.go:160:		command.Offset = request.Int1
tools/gomad3/toolchain/runtime/overlay/src/internal/gomadfs/process_commands.go:161:		command.ReadLength = request.Uint1
tools/gomad3/toolchain/runtime/overlay/src/internal/gomadfs/process_commands.go:163:		command.Offset = request.Int1
tools/gomad3/toolchain/runtime/overlay/src/internal/gomadfs/process_commands.go:166:		command.Size = request.Int1
tools/gomad3/toolchain/runtime/overlay/src/internal/gomadfs/process_commands.go:168:		command.Mode = uint32(request.Uint1)
tools/gomad3/toolchain/runtime/overlay/src/internal/gomadfs/process_commands.go:170:		command.ModTime = request.Int1
tools/gomad3/toolchain/runtime/overlay/src/internal/gomadfs/process_commands.go:172:		command.Offset = request.Int1
tools/gomad3/toolchain/runtime/overlay/src/internal/gomadfs/process_commands.go:173:		command.Whence = request.Int2
tools/gomad3/toolchain/runtime/overlay/src/internal/gomadfs/process_commands.go:175:		command.DirectoryCount = request.Int1
tools/gomad3/toolchain/runtime/overlay/src/internal/gomadfs/process_commands.go:177:		command.Offset = request.Int1
tools/gomad3/toolchain/runtime/overlay/src/internal/gomadfs/process_commands.go:178:		command.MapLength = request.Uint1
tools/gomad3/toolchain/runtime/overlay/src/internal/gomadfs/process_commands.go:187:	response := gomadmodelwire.Response{Handle: result.Handle, String1: result.Path, String2: result.Base, Int1: result.Offset, Uint1: result.BytesTransferred, Data: result.Data, Error: encodeProcessVolumeError(result.Err)}
tools/gomad3/toolchain/runtime/overlay/src/internal/gomadfs/process_commands.go:201:	result := processVolumeResult{Handle: response.Handle, Path: response.String1, Base: response.String2, Offset: response.Int1, BytesTransferred: response.Uint1, Data: response.Data, Err: decodeProcessVolumeError(response.Error)}
tools/gomad3/toolchain/runtime/overlay/src/internal/gomadio/process_commands.go:20:	processNetworkListenOp               processNetworkOperation = processNetworkOperation(gomadmodelwire.NetworkListen)
tools/gomad3/toolchain/runtime/overlay/src/internal/gomadio/process_commands.go:21:	processNetworkDialOp                 processNetworkOperation = processNetworkOperation(gomadmodelwire.NetworkDial)
tools/gomad3/toolchain/runtime/overlay/src/internal/gomadio/process_commands.go:22:	processNetworkAcceptOp               processNetworkOperation = processNetworkOperation(gomadmodelwire.NetworkAccept)
tools/gomad3/toolchain/runtime/overlay/src/internal/gomadio/process_commands.go:23:	processNetworkListenerCloseOp        processNetworkOperation = processNetworkOperation(gomadmodelwire.NetworkListenerClose)
tools/gomad3/toolchain/runtime/overlay/src/internal/gomadio/process_commands.go:24:	processNetworkListenerSetDeadlineOp  processNetworkOperation = processNetworkOperation(gomadmodelwire.NetworkListenerSetDeadline)
tools/gomad3/toolchain/runtime/overlay/src/internal/gomadio/process_commands.go:25:	processNetworkConnReadOp             processNetworkOperation = processNetworkOperation(gomadmodelwire.NetworkConnRead)
tools/gomad3/toolchain/runtime/overlay/src/internal/gomadio/process_commands.go:26:	processNetworkConnWriteOp            processNetworkOperation = processNetworkOperation(gomadmodelwire.NetworkConnWrite)
tools/gomad3/toolchain/runtime/overlay/src/internal/gomadio/process_commands.go:27:	processNetworkConnCloseOp            processNetworkOperation = processNetworkOperation(gomadmodelwire.NetworkConnClose)
tools/gomad3/toolchain/runtime/overlay/src/internal/gomadio/process_commands.go:28:	processNetworkConnCloseReadOp        processNetworkOperation = processNetworkOperation(gomadmodelwire.NetworkConnCloseRead)
tools/gomad3/toolchain/runtime/overlay/src/internal/gomadio/process_commands.go:29:	processNetworkConnCloseWriteOp       processNetworkOperation = processNetworkOperation(gomadmodelwire.NetworkConnCloseWrite)
tools/gomad3/toolchain/runtime/overlay/src/internal/gomadio/process_commands.go:30:	processNetworkConnSetDeadlineOp      processNetworkOperation = processNetworkOperation(gomadmodelwire.NetworkConnSetDeadline)
tools/gomad3/toolchain/runtime/overlay/src/internal/gomadio/process_commands.go:31:	processNetworkConnSetReadDeadlineOp  processNetworkOperation = processNetworkOperation(gomadmodelwire.NetworkConnSetReadDeadline)
tools/gomad3/toolchain/runtime/overlay/src/internal/gomadio/process_commands.go:32:	processNetworkConnSetWriteDeadlineOp processNetworkOperation = processNetworkOperation(gomadmodelwire.NetworkConnSetWriteDeadline)
tools/gomad3/toolchain/runtime/overlay/src/internal/gomadio/process_commands.go:54:	request := gomadmodelwire.Request{Model: gomadmodelwire.ModelNetwork, Operation: gomadmodelwire.Operation(command.Operation), Handle: command.Handle}
tools/gomad3/toolchain/runtime/overlay/src/internal/gomadio/process_commands.go:57:		request.String1 = command.Network
tools/gomad3/toolchain/runtime/overlay/src/internal/gomadio/process_commands.go:58:		request.String2 = command.Host
tools/gomad3/toolchain/runtime/overlay/src/internal/gomadio/process_commands.go:59:		request.Int1 = command.Port
tools/gomad3/toolchain/runtime/overlay/src/internal/gomadio/process_commands.go:61:			request.Int2 = command.DeadlineNanos
tools/gomad3/toolchain/runtime/overlay/src/internal/gomadio/process_commands.go:64:		request.Int1 = command.DeadlineNanos
tools/gomad3/toolchain/runtime/overlay/src/internal/gomadio/process_commands.go:66:		request.Uint1 = command.ReadLength
tools/gomad3/toolchain/runtime/overlay/src/internal/gomadio/process_commands.go:84:		command.Network = request.String1
tools/gomad3/toolchain/runtime/overlay/src/internal/gomadio/process_commands.go:85:		command.Host = request.String2
tools/gomad3/toolchain/runtime/overlay/src/internal/gomadio/process_commands.go:86:		command.Port = request.Int1
tools/gomad3/toolchain/runtime/overlay/src/internal/gomadio/process_commands.go:88:			command.DeadlineNanos = request.Int2
tools/gomad3/toolchain/runtime/overlay/src/internal/gomadio/process_commands.go:91:		command.DeadlineNanos = request.Int1
tools/gomad3/toolchain/runtime/overlay/src/internal/gomadio/process_commands.go:93:		command.ReadLength = request.Uint1
tools/gomad3/toolchain/runtime/overlay/src/internal/gomadio/process_commands.go:102:		Handle: result.Handle, String1: result.Local.IP, Int1: int64(result.Local.Port), String2: result.Remote.IP, Int2: int64(result.Remote.Port),
tools/gomad3/toolchain/runtime/overlay/src/internal/gomadio/process_commands.go:103:		Uint1: result.BytesTransferred, Data: result.Data, Error: encodeProcessNetworkError(result.Err),
tools/gomad3/toolchain/runtime/overlay/src/internal/gomadio/process_commands.go:113:	return processNetworkResult{Handle: response.Handle, Local: Address{IP: response.String1, Port: int(response.Int1)}, Remote: Address{IP: response.String2, Port: int(response.Int2)}, BytesTransferred: response.Uint1, Data: response.Data, Err: decodeProcessNetworkError(response.Error)}, nil
