{"Time":"2026-10-05T11:14:40.102937938Z","Action":"start","Package":"go.temporal.io/server/tools/gomad3/internal/hostexec"}
{"Time":"2026-10-05T11:14:40.103116729Z","Action":"start","Package":"go.temporal.io/server/tools/gomad3/target/internal/gocommand"}
{"Time":"2026-10-05T11:14:40.103139979Z","Action":"start","Package":"go.temporal.io/server/tools/gomad3/target/internal/capabilityreview"}
{"Time":"2026-10-05T11:14:40.104098438Z","Action":"run","Package":"go.temporal.io/server/tools/gomad3/internal/hostexec","Test":"TestRunPreservesCommandErrorOnlyWhenRequested"}
{"Time":"2026-10-05T11:14:40.104123354Z","Action":"output","Package":"go.temporal.io/server/tools/gomad3/internal/hostexec","Test":"TestRunPreservesCommandErrorOnlyWhenRequested","Output":"=== RUN   TestRunPreservesCommandErrorOnlyWhenRequested\n","OutputType":"frame"}
{"Time":"2026-10-05T11:14:40.104138688Z","Action":"run","Package":"go.temporal.io/server/tools/gomad3/target/internal/gocommand","Test":"TestCompatibilityInfrastructureFailurePreservesBoundedStderr"}
{"Time":"2026-10-05T11:14:40.104145771Z","Action":"output","Package":"go.temporal.io/server/tools/gomad3/target/internal/gocommand","Test":"TestCompatibilityInfrastructureFailurePreservesBoundedStderr","Output":"=== RUN   TestCompatibilityInfrastructureFailurePreservesBoundedStderr\n","OutputType":"frame"}
{"Time":"2026-10-05T11:14:40.104149979Z","Action":"output","Package":"go.temporal.io/server/tools/gomad3/target/internal/gocommand","Test":"TestCompatibilityInfrastructureFailurePreservesBoundedStderr","Output":"--- PASS: TestCompatibilityInfrastructureFailurePreservesBoundedStderr (0.00s)\n","OutputType":"frame"}
{"Time":"2026-10-05T11:14:40.104151563Z","Action":"pass","Package":"go.temporal.io/server/tools/gomad3/target/internal/gocommand","Test":"TestCompatibilityInfrastructureFailurePreservesBoundedStderr","Elapsed":0}
{"Time":"2026-10-05T11:14:40.104155104Z","Action":"run","Package":"go.temporal.io/server/tools/gomad3/target/internal/gocommand","Test":"TestCompatibilityStdinFailureWinsOverRealOverflow"}
{"Time":"2026-10-05T11:14:40.104157146Z","Action":"output","Package":"go.temporal.io/server/tools/gomad3/target/internal/gocommand","Test":"TestCompatibilityStdinFailureWinsOverRealOverflow","Output":"=== RUN   TestCompatibilityStdinFailureWinsOverRealOverflow\n","OutputType":"frame"}
{"Time":"2026-10-05T11:14:40.104163896Z","Action":"run","Package":"go.temporal.io/server/tools/gomad3/target/internal/gocommand","Test":"TestCompatibilityStdinFailureWinsOverRealOverflow/stdin_read_failed"}
{"Time":"2026-10-05T11:14:40.104166688Z","Action":"output","Package":"go.temporal.io/server/tools/gomad3/target/internal/gocommand","Test":"TestCompatibilityStdinFailureWinsOverRealOverflow/stdin_read_failed","Output":"=== RUN   TestCompatibilityStdinFailureWinsOverRealOverflow/stdin_read_failed\n","OutputType":"frame"}
{"Time":"2026-10-05T11:14:40.104401063Z","Action":"run","Package":"go.temporal.io/server/tools/gomad3/target/internal/capabilityreview","Test":"TestListOwnsBoundedGoListTransport"}
{"Time":"2026-10-05T11:14:40.104419729Z","Action":"output","Package":"go.temporal.io/server/tools/gomad3/target/internal/capabilityreview","Test":"TestListOwnsBoundedGoListTransport","Output":"=== RUN   TestListOwnsBoundedGoListTransport\n","OutputType":"frame"}
{"Time":"2026-10-05T11:14:40.105179521Z","Action":"output","Package":"go.temporal.io/server/tools/gomad3/target/internal/gocommand","Test":"TestCompatibilityStdinFailureWinsOverRealOverflow/stdin_read_failed","Output":"--- PASS: TestCompatibilityStdinFailureWinsOverRealOverflow/stdin_read_failed (0.00s)\n","OutputType":"frame"}
{"Time":"2026-10-05T11:14:40.105217646Z","Action":"pass","Package":"go.temporal.io/server/tools/gomad3/target/internal/gocommand","Test":"TestCompatibilityStdinFailureWinsOverRealOverflow/stdin_read_failed","Elapsed":0}
{"Time":"2026-10-05T11:14:40.105226271Z","Action":"run","Package":"go.temporal.io/server/tools/gomad3/target/internal/gocommand","Test":"TestCompatibilityStdinFailureWinsOverRealOverflow/context_canceled"}
{"Time":"2026-10-05T11:14:40.105229021Z","Action":"output","Package":"go.temporal.io/server/tools/gomad3/target/internal/gocommand","Test":"TestCompatibilityStdinFailureWinsOverRealOverflow/context_canceled","Output":"=== RUN   TestCompatibilityStdinFailureWinsOverRealOverflow/context_canceled\n","OutputType":"frame"}
{"Time":"2026-10-05T11:14:40.105285563Z","Action":"output","Package":"go.temporal.io/server/tools/gomad3/target/internal/capabilityreview","Test":"TestListOwnsBoundedGoListTransport","Output":"--- PASS: TestListOwnsBoundedGoListTransport (0.00s)\n","OutputType":"frame"}
{"Time":"2026-10-05T11:14:40.105293104Z","Action":"pass","Package":"go.temporal.io/server/tools/gomad3/target/internal/capabilityreview","Test":"TestListOwnsBoundedGoListTransport","Elapsed":0}
{"Time":"2026-10-05T11:14:40.105295396Z","Action":"run","Package":"go.temporal.io/server/tools/gomad3/target/internal/capabilityreview","Test":"TestListRejectsOverflowBeforeDecodingValidPrefix"}
{"Time":"2026-10-05T11:14:40.105296813Z","Action":"output","Package":"go.temporal.io/server/tools/gomad3/target/internal/capabilityreview","Test":"TestListRejectsOverflowBeforeDecodingValidPrefix","Output":"=== RUN   TestListRejectsOverflowBeforeDecodingValidPrefix\n","OutputType":"frame"}
{"Time":"2026-10-05T11:14:40.105633188Z","Action":"output","Package":"go.temporal.io/server/tools/gomad3/internal/hostexec","Test":"TestRunPreservesCommandErrorOnlyWhenRequested","Output":"--- PASS: TestRunPreservesCommandErrorOnlyWhenRequested (0.00s)\n","OutputType":"frame"}
{"Time":"2026-10-05T11:14:40.105639813Z","Action":"pass","Package":"go.temporal.io/server/tools/gomad3/internal/hostexec","Test":"TestRunPreservesCommandErrorOnlyWhenRequested","Elapsed":0}
{"Time":"2026-10-05T11:14:40.105642979Z","Action":"run","Package":"go.temporal.io/server/tools/gomad3/internal/hostexec","Test":"TestClassifyGroupSignal"}
{"Time":"2026-10-05T11:14:40.105645396Z","Action":"output","Package":"go.temporal.io/server/tools/gomad3/internal/hostexec","Test":"TestClassifyGroupSignal","Output":"=== RUN   TestClassifyGroupSignal\n","OutputType":"frame"}
{"Time":"2026-10-05T11:14:40.105647104Z","Action":"run","Package":"go.temporal.io/server/tools/gomad3/internal/hostexec","Test":"TestClassifyGroupSignal/delivered"}
{"Time":"2026-10-05T11:14:40.105648354Z","Action":"output","Package":"go.temporal.io/server/tools/gomad3/internal/hostexec","Test":"TestClassifyGroupSignal/delivered","Output":"=== RUN   TestClassifyGroupSignal/delivered\n","OutputType":"frame"}
{"Time":"2026-10-05T11:14:40.105650188Z","Action":"output","Package":"go.temporal.io/server/tools/gomad3/internal/hostexec","Test":"TestClassifyGroupSignal/delivered","Output":"--- PASS: TestClassifyGroupSignal/delivered (0.00s)\n","OutputType":"frame"}
{"Time":"2026-10-05T11:14:40.105651646Z","Action":"pass","Package":"go.temporal.io/server/tools/gomad3/internal/hostexec","Test":"TestClassifyGroupSignal/delivered","Elapsed":0}
{"Time":"2026-10-05T11:14:40.105664146Z","Action":"run","Package":"go.temporal.io/server/tools/gomad3/internal/hostexec","Test":"TestClassifyGroupSignal/gone"}
{"Time":"2026-10-05T11:14:40.105665854Z","Action":"output","Package":"go.temporal.io/server/tools/gomad3/internal/hostexec","Test":"TestClassifyGroupSignal/gone","Output":"=== RUN   TestClassifyGroupSignal/gone\n","OutputType":"frame"}
{"Time":"2026-10-05T11:14:40.105667521Z","Action":"output","Package":"go.temporal.io/server/tools/gomad3/internal/hostexec","Test":"TestClassifyGroupSignal/gone","Output":"--- PASS: TestClassifyGroupSignal/gone (0.00s)\n","OutputType":"frame"}
{"Time":"2026-10-05T11:14:40.105668771Z","Action":"pass","Package":"go.temporal.io/server/tools/gomad3/internal/hostexec","Test":"TestClassifyGroupSignal/gone","Elapsed":0}
{"Time":"2026-10-05T11:14:40.105669979Z","Action":"run","Package":"go.temporal.io/server/tools/gomad3/internal/hostexec","Test":"TestClassifyGroupSignal/zombies"}
{"Time":"2026-10-05T11:14:40.105671063Z","Action":"output","Package":"go.temporal.io/server/tools/gomad3/internal/hostexec","Test":"TestClassifyGroupSignal/zombies","Output":"=== RUN   TestClassifyGroupSignal/zombies\n","OutputType":"frame"}
{"Time":"2026-10-05T11:14:40.105673313Z","Action":"output","Package":"go.temporal.io/server/tools/gomad3/internal/hostexec","Test":"TestClassifyGroupSignal/zombies","Output":"--- PASS: TestClassifyGroupSignal/zombies (0.00s)\n","OutputType":"frame"}
{"Time":"2026-10-05T11:14:40.105675313Z","Action":"pass","Package":"go.temporal.io/server/tools/gomad3/internal/hostexec","Test":"TestClassifyGroupSignal/zombies","Elapsed":0}
{"Time":"2026-10-05T11:14:40.105676479Z","Action":"run","Package":"go.temporal.io/server/tools/gomad3/internal/hostexec","Test":"TestClassifyGroupSignal/unexpected"}
{"Time":"2026-10-05T11:14:40.105677563Z","Action":"output","Package":"go.temporal.io/server/tools/gomad3/internal/hostexec","Test":"TestClassifyGroupSignal/unexpected","Output":"=== RUN   TestClassifyGroupSignal/unexpected\n","OutputType":"frame"}
{"Time":"2026-10-05T11:14:40.105679396Z","Action":"output","Package":"go.temporal.io/server/tools/gomad3/internal/hostexec","Test":"TestClassifyGroupSignal/unexpected","Output":"--- PASS: TestClassifyGroupSignal/unexpected (0.00s)\n","OutputType":"frame"}
{"Time":"2026-10-05T11:14:40.105680938Z","Action":"pass","Package":"go.temporal.io/server/tools/gomad3/internal/hostexec","Test":"TestClassifyGroupSignal/unexpected","Elapsed":0}
{"Time":"2026-10-05T11:14:40.105682521Z","Action":"output","Package":"go.temporal.io/server/tools/gomad3/internal/hostexec","Test":"TestClassifyGroupSignal","Output":"--- PASS: TestClassifyGroupSignal (0.00s)\n","OutputType":"frame"}
{"Time":"2026-10-05T11:14:40.105683646Z","Action":"pass","Package":"go.temporal.io/server/tools/gomad3/internal/hostexec","Test":"TestClassifyGroupSignal","Elapsed":0}
{"Time":"2026-10-05T11:14:40.105684854Z","Action":"run","Package":"go.temporal.io/server/tools/gomad3/internal/hostexec","Test":"TestRunCapturesSuccessfulCommand"}
{"Time":"2026-10-05T11:14:40.105686354Z","Action":"output","Package":"go.temporal.io/server/tools/gomad3/internal/hostexec","Test":"TestRunCapturesSuccessfulCommand","Output":"=== RUN   TestRunCapturesSuccessfulCommand\n","OutputType":"frame"}
{"Time":"2026-10-05T11:14:40.105875854Z","Action":"output","Package":"go.temporal.io/server/tools/gomad3/target/internal/gocommand","Test":"TestCompatibilityStdinFailureWinsOverRealOverflow/context_canceled","Output":"--- PASS: TestCompatibilityStdinFailureWinsOverRealOverflow/context_canceled (0.00s)\n","OutputType":"frame"}
{"Time":"2026-10-05T11:14:40.105880688Z","Action":"pass","Package":"go.temporal.io/server/tools/gomad3/target/internal/gocommand","Test":"TestCompatibilityStdinFailureWinsOverRealOverflow/context_canceled","Elapsed":0}
{"Time":"2026-10-05T11:14:40.105883979Z","Action":"output","Package":"go.temporal.io/server/tools/gomad3/target/internal/gocommand","Test":"TestCompatibilityStdinFailureWinsOverRealOverflow","Output":"--- PASS: TestCompatibilityStdinFailureWinsOverRealOverflow (0.00s)\n","OutputType":"frame"}
{"Time":"2026-10-05T11:14:40.105887688Z","Action":"pass","Package":"go.temporal.io/server/tools/gomad3/target/internal/gocommand","Test":"TestCompatibilityStdinFailureWinsOverRealOverflow","Elapsed":0}
{"Time":"2026-10-05T11:14:40.105890979Z","Action":"run","Package":"go.temporal.io/server/tools/gomad3/target/internal/gocommand","Test":"TestCompatibilityCompletedExitSurvivesWatchdogWhileStdinCopyIsBlocked"}
{"Time":"2026-10-05T11:14:40.105893688Z","Action":"output","Package":"go.temporal.io/server/tools/gomad3/target/internal/gocommand","Test":"TestCompatibilityCompletedExitSurvivesWatchdogWhileStdinCopyIsBlocked","Output":"=== RUN   TestCompatibilityCompletedExitSurvivesWatchdogWhileStdinCopyIsBlocked\n","OutputType":"frame"}
{"Time":"2026-10-05T11:14:40.106116854Z","Action":"output","Package":"go.temporal.io/server/tools/gomad3/target/internal/capabilityreview","Test":"TestListRejectsOverflowBeforeDecodingValidPrefix","Output":"--- PASS: TestListRejectsOverflowBeforeDecodingValidPrefix (0.00s)\n","OutputType":"frame"}
{"Time":"2026-10-05T11:14:40.106123729Z","Action":"pass","Package":"go.temporal.io/server/tools/gomad3/target/internal/capabilityreview","Test":"TestListRejectsOverflowBeforeDecodingValidPrefix","Elapsed":0}
{"Time":"2026-10-05T11:14:40.106280771Z","Action":"run","Package":"go.temporal.io/server/tools/gomad3/target/internal/capabilityreview","Test":"TestListDistinguishesMalformedListingAndInvalidInput"}
{"Time":"2026-10-05T11:14:40.106312729Z","Action":"output","Package":"go.temporal.io/server/tools/gomad3/target/internal/capabilityreview","Test":"TestListDistinguishesMalformedListingAndInvalidInput","Output":"=== RUN   TestListDistinguishesMalformedListingAndInvalidInput\n","OutputType":"frame"}
{"Time":"2026-10-05T11:14:40.106557688Z","Action":"output","Package":"go.temporal.io/server/tools/gomad3/internal/hostexec","Test":"TestRunCapturesSuccessfulCommand","Output":"--- PASS: TestRunCapturesSuccessfulCommand (0.00s)\n","OutputType":"frame"}
{"Time":"2026-10-05T11:14:40.106566396Z","Action":"pass","Package":"go.temporal.io/server/tools/gomad3/internal/hostexec","Test":"TestRunCapturesSuccessfulCommand","Elapsed":0}
{"Time":"2026-10-05T11:14:40.106569188Z","Action":"run","Package":"go.temporal.io/server/tools/gomad3/internal/hostexec","Test":"TestRunSuppliesExplicitStandardInput"}
{"Time":"2026-10-05T11:14:40.106570354Z","Action":"output","Package":"go.temporal.io/server/tools/gomad3/internal/hostexec","Test":"TestRunSuppliesExplicitStandardInput","Output":"=== RUN   TestRunSuppliesExplicitStandardInput\n","OutputType":"frame"}
{"Time":"2026-10-05T11:14:40.107595688Z","Action":"output","Package":"go.temporal.io/server/tools/gomad3/internal/hostexec","Test":"TestRunSuppliesExplicitStandardInput","Output":"--- PASS: TestRunSuppliesExplicitStandardInput (0.00s)\n","OutputType":"frame"}
{"Time":"2026-10-05T11:14:40.107607188Z","Action":"pass","Package":"go.temporal.io/server/tools/gomad3/internal/hostexec","Test":"TestRunSuppliesExplicitStandardInput","Elapsed":0}
{"Time":"2026-10-05T11:14:40.107609813Z","Action":"run","Package":"go.temporal.io/server/tools/gomad3/internal/hostexec","Test":"TestRunReturnsNonzeroExitAsData"}
{"Time":"2026-10-05T11:14:40.107612146Z","Action":"output","Package":"go.temporal.io/server/tools/gomad3/internal/hostexec","Test":"TestRunReturnsNonzeroExitAsData","Output":"=== RUN   TestRunReturnsNonzeroExitAsData\n","OutputType":"frame"}
{"Time":"2026-10-05T11:14:40.107770729Z","Action":"output","Package":"go.temporal.io/server/tools/gomad3/target/internal/capabilityreview","Test":"TestListDistinguishesMalformedListingAndInvalidInput","Output":"--- PASS: TestListDistinguishesMalformedListingAndInvalidInput (0.00s)\n","OutputType":"frame"}
{"Time":"2026-10-05T11:14:40.107812813Z","Action":"pass","Package":"go.temporal.io/server/tools/gomad3/target/internal/capabilityreview","Test":"TestListDistinguishesMalformedListingAndInvalidInput","Elapsed":0}
{"Time":"2026-10-05T11:14:40.107817354Z","Action":"run","Package":"go.temporal.io/server/tools/gomad3/target/internal/capabilityreview","Test":"TestListPreservesDeadline"}
{"Time":"2026-10-05T11:14:40.107818896Z","Action":"output","Package":"go.temporal.io/server/tools/gomad3/target/internal/capabilityreview","Test":"TestListPreservesDeadline","Output":"=== RUN   TestListPreservesDeadline\n","OutputType":"frame"}
{"Time":"2026-10-05T11:14:40.108331938Z","Action":"output","Package":"go.temporal.io/server/tools/gomad3/internal/hostexec","Test":"TestRunReturnsNonzeroExitAsData","Output":"--- PASS: TestRunReturnsNonzeroExitAsData (0.00s)\n","OutputType":"frame"}
{"Time":"2026-10-05T11:14:40.108340021Z","Action":"pass","Package":"go.temporal.io/server/tools/gomad3/internal/hostexec","Test":"TestRunReturnsNonzeroExitAsData","Elapsed":0}
{"Time":"2026-10-05T11:14:40.108344313Z","Action":"run","Package":"go.temporal.io/server/tools/gomad3/internal/hostexec","Test":"TestRunClassifiesSignalExit"}
{"Time":"2026-10-05T11:14:40.108345813Z","Action":"output","Package":"go.temporal.io/server/tools/gomad3/internal/hostexec","Test":"TestRunClassifiesSignalExit","Output":"=== RUN   TestRunClassifiesSignalExit\n","OutputType":"frame"}
{"Time":"2026-10-05T11:14:40.108852313Z","Action":"output","Package":"go.temporal.io/server/tools/gomad3/internal/hostexec","Test":"TestRunClassifiesSignalExit","Output":"--- PASS: TestRunClassifiesSignalExit (0.00s)\n","OutputType":"frame"}
{"Time":"2026-10-05T11:14:40.108859813Z","Action":"pass","Package":"go.temporal.io/server/tools/gomad3/internal/hostexec","Test":"TestRunClassifiesSignalExit","Elapsed":0}
{"Time":"2026-10-05T11:14:40.108862229Z","Action":"run","Package":"go.temporal.io/server/tools/gomad3/internal/hostexec","Test":"TestRunTimesOutAndRemovesTermIgnoringDescendant"}
{"Time":"2026-10-05T11:14:40.108863604Z","Action":"output","Package":"go.temporal.io/server/tools/gomad3/internal/hostexec","Test":"TestRunTimesOutAndRemovesTermIgnoringDescendant","Output":"=== RUN   TestRunTimesOutAndRemovesTermIgnoringDescendant\n","OutputType":"frame"}
{"Time":"2026-10-05T11:14:40.135273146Z","Action":"output","Package":"go.temporal.io/server/tools/gomad3/target/internal/capabilityreview","Test":"TestListPreservesDeadline","Output":"--- PASS: TestListPreservesDeadline (0.03s)\n","OutputType":"frame"}
{"Time":"2026-10-05T11:14:40.135291854Z","Action":"pass","Package":"go.temporal.io/server/tools/gomad3/target/internal/capabilityreview","Test":"TestListPreservesDeadline","Elapsed":0.03}
{"Time":"2026-10-05T11:14:40.135298354Z","Action":"output","Package":"go.temporal.io/server/tools/gomad3/target/internal/capabilityreview","Output":"PASS\n","OutputType":"frame"}
{"Time":"2026-10-05T11:14:40.135340729Z","Action":"output","Package":"go.temporal.io/server/tools/gomad3/target/internal/capabilityreview","Output":"ok  \tgo.temporal.io/server/tools/gomad3/target/internal/capabilityreview\t0.032s\n"}
{"Time":"2026-10-05T11:14:40.135371354Z","Action":"pass","Package":"go.temporal.io/server/tools/gomad3/target/internal/capabilityreview","Elapsed":0.032}
{"Time":"2026-10-05T11:14:40.311748105Z","Action":"output","Package":"go.temporal.io/server/tools/gomad3/target/internal/gocommand","Test":"TestCompatibilityCompletedExitSurvivesWatchdogWhileStdinCopyIsBlocked","Output":"--- PASS: TestCompatibilityCompletedExitSurvivesWatchdogWhileStdinCopyIsBlocked (0.21s)\n","OutputType":"frame"}
{"Time":"2026-10-05T11:14:40.311782896Z","Action":"pass","Package":"go.temporal.io/server/tools/gomad3/target/internal/gocommand","Test":"TestCompatibilityCompletedExitSurvivesWatchdogWhileStdinCopyIsBlocked","Elapsed":0.21}
{"Time":"2026-10-05T11:14:40.311793313Z","Action":"run","Package":"go.temporal.io/server/tools/gomad3/target/internal/gocommand","Test":"TestCompatibilityPreservesRawExitAndRejectsFailedStdout"}
{"Time":"2026-10-05T11:14:40.311795146Z","Action":"output","Package":"go.temporal.io/server/tools/gomad3/target/internal/gocommand","Test":"TestCompatibilityPreservesRawExitAndRejectsFailedStdout","Output":"=== RUN   TestCompatibilityPreservesRawExitAndRejectsFailedStdout\n","OutputType":"frame"}
{"Time":"2026-10-05T11:14:40.312515355Z","Action":"output","Package":"go.temporal.io/server/tools/gomad3/target/internal/gocommand","Test":"TestCompatibilityPreservesRawExitAndRejectsFailedStdout","Output":"--- PASS: TestCompatibilityPreservesRawExitAndRejectsFailedStdout (0.00s)\n","OutputType":"frame"}
{"Time":"2026-10-05T11:14:40.312523896Z","Action":"pass","Package":"go.temporal.io/server/tools/gomad3/target/internal/gocommand","Test":"TestCompatibilityPreservesRawExitAndRejectsFailedStdout","Elapsed":0}
{"Time":"2026-10-05T11:14:40.312525855Z","Action":"run","Package":"go.temporal.io/server/tools/gomad3/target/internal/gocommand","Test":"TestCompatibilityPreservesLegacyStartupPrecedence"}
{"Time":"2026-10-05T11:14:40.312527938Z","Action":"output","Package":"go.temporal.io/server/tools/gomad3/target/internal/gocommand","Test":"TestCompatibilityPreservesLegacyStartupPrecedence","Output":"=== RUN   TestCompatibilityPreservesLegacyStartupPrecedence\n","OutputType":"frame"}
{"Time":"2026-10-05T11:14:40.31260848Z","Action":"output","Package":"go.temporal.io/server/tools/gomad3/target/internal/gocommand","Test":"TestCompatibilityPreservesLegacyStartupPrecedence","Output":"--- PASS: TestCompatibilityPreservesLegacyStartupPrecedence (0.00s)\n","OutputType":"frame"}
{"Time":"2026-10-05T11:14:40.312614146Z","Action":"pass","Package":"go.temporal.io/server/tools/gomad3/target/internal/gocommand","Test":"TestCompatibilityPreservesLegacyStartupPrecedence","Elapsed":0}
{"Time":"2026-10-05T11:14:40.312616563Z","Action":"run","Package":"go.temporal.io/server/tools/gomad3/target/internal/gocommand","Test":"TestCompatibilityStartupErrorsAndDirectories"}
{"Time":"2026-10-05T11:14:40.312617646Z","Action":"output","Package":"go.temporal.io/server/tools/gomad3/target/internal/gocommand","Test":"TestCompatibilityStartupErrorsAndDirectories","Output":"=== RUN   TestCompatibilityStartupErrorsAndDirectories\n","OutputType":"frame"}
{"Time":"2026-10-05T11:14:40.312791896Z","Action":"run","Package":"go.temporal.io/server/tools/gomad3/target/internal/gocommand","Test":"TestCompatibilityStartupErrorsAndDirectories/missing"}
{"Time":"2026-10-05T11:14:40.312795646Z","Action":"output","Package":"go.temporal.io/server/tools/gomad3/target/internal/gocommand","Test":"TestCompatibilityStartupErrorsAndDirectories/missing","Output":"=== RUN   TestCompatibilityStartupErrorsAndDirectories/missing\n","OutputType":"frame"}
{"Time":"2026-10-05T11:14:40.312933563Z","Action":"output","Package":"go.temporal.io/server/tools/gomad3/target/internal/gocommand","Test":"TestCompatibilityStartupErrorsAndDirectories/missing","Output":"--- PASS: TestCompatibilityStartupErrorsAndDirectories/missing (0.00s)\n","OutputType":"frame"}
{"Time":"2026-10-05T11:14:40.312949271Z","Action":"pass","Package":"go.temporal.io/server/tools/gomad3/target/internal/gocommand","Test":"TestCompatibilityStartupErrorsAndDirectories/missing","Elapsed":0}
{"Time":"2026-10-05T11:14:40.312951896Z","Action":"run","Package":"go.temporal.io/server/tools/gomad3/target/internal/gocommand","Test":"TestCompatibilityStartupErrorsAndDirectories/permission"}
{"Time":"2026-10-05T11:14:40.312953188Z","Action":"output","Package":"go.temporal.io/server/tools/gomad3/target/internal/gocommand","Test":"TestCompatibilityStartupErrorsAndDirectories/permission","Output":"=== RUN   TestCompatibilityStartupErrorsAndDirectories/permission\n","OutputType":"frame"}
{"Time":"2026-10-05T11:14:40.313073188Z","Action":"output","Package":"go.temporal.io/server/tools/gomad3/target/internal/gocommand","Test":"TestCompatibilityStartupErrorsAndDirectories/permission","Output":"--- PASS: TestCompatibilityStartupErrorsAndDirectories/permission (0.00s)\n","OutputType":"frame"}
{"Time":"2026-10-05T11:14:40.313077438Z","Action":"pass","Package":"go.temporal.io/server/tools/gomad3/target/internal/gocommand","Test":"TestCompatibilityStartupErrorsAndDirectories/permission","Elapsed":0}
{"Time":"2026-10-05T11:14:40.313079105Z","Action":"run","Package":"go.temporal.io/server/tools/gomad3/target/internal/gocommand","Test":"TestCompatibilityStartupErrorsAndDirectories/format"}
{"Time":"2026-10-05T11:14:40.313080271Z","Action":"output","Package":"go.temporal.io/server/tools/gomad3/target/internal/gocommand","Test":"TestCompatibilityStartupErrorsAndDirectories/format","Output":"=== RUN   TestCompatibilityStartupErrorsAndDirectories/format\n","OutputType":"frame"}
{"Time":"2026-10-05T11:14:40.313211605Z","Action":"output","Package":"go.temporal.io/server/tools/gomad3/target/internal/gocommand","Test":"TestCompatibilityStartupErrorsAndDirectories/format","Output":"--- PASS: TestCompatibilityStartupErrorsAndDirectories/format (0.00s)\n","OutputType":"frame"}
{"Time":"2026-10-05T11:14:40.31321848Z","Action":"pass","Package":"go.temporal.io/server/tools/gomad3/target/internal/gocommand","Test":"TestCompatibilityStartupErrorsAndDirectories/format","Elapsed":0}
{"Time":"2026-10-05T11:14:40.31322048Z","Action":"run","Package":"go.temporal.io/server/tools/gomad3/target/internal/gocommand","Test":"TestCompatibilityStartupErrorsAndDirectories/directory"}
{"Time":"2026-10-05T11:14:40.313224521Z","Action":"output","Package":"go.temporal.io/server/tools/gomad3/target/internal/gocommand","Test":"TestCompatibilityStartupErrorsAndDirectories/directory","Output":"=== RUN   TestCompatibilityStartupErrorsAndDirectories/directory\n","OutputType":"frame"}
{"Time":"2026-10-05T11:14:40.31322798Z","Action":"output","Package":"go.temporal.io/server/tools/gomad3/target/internal/gocommand","Test":"TestCompatibilityStartupErrorsAndDirectories/directory","Output":"--- PASS: TestCompatibilityStartupErrorsAndDirectories/directory (0.00s)\n","OutputType":"frame"}
{"Time":"2026-10-05T11:14:40.313238771Z","Action":"pass","Package":"go.temporal.io/server/tools/gomad3/target/internal/gocommand","Test":"TestCompatibilityStartupErrorsAndDirectories/directory","Elapsed":0}
{"Time":"2026-10-05T11:14:40.31324073Z","Action":"run","Package":"go.temporal.io/server/tools/gomad3/target/internal/gocommand","Test":"TestCompatibilityStartupErrorsAndDirectories/empty"}
{"Time":"2026-10-05T11:14:40.313241896Z","Action":"output","Package":"go.temporal.io/server/tools/gomad3/target/internal/gocommand","Test":"TestCompatibilityStartupErrorsAndDirectories/empty","Output":"=== RUN   TestCompatibilityStartupErrorsAndDirectories/empty\n","OutputType":"frame"}
{"Time":"2026-10-05T11:14:40.313263688Z","Action":"output","Package":"go.temporal.io/server/tools/gomad3/target/internal/gocommand","Test":"TestCompatibilityStartupErrorsAndDirectories/empty","Output":"--- PASS: TestCompatibilityStartupErrorsAndDirectories/empty (0.00s)\n","OutputType":"frame"}
{"Time":"2026-10-05T11:14:40.313266771Z","Action":"pass","Package":"go.temporal.io/server/tools/gomad3/target/internal/gocommand","Test":"TestCompatibilityStartupErrorsAndDirectories/empty","Elapsed":0}
{"Time":"2026-10-05T11:14:40.314867688Z","Action":"output","Package":"go.temporal.io/server/tools/gomad3/target/internal/gocommand","Test":"TestCompatibilityStartupErrorsAndDirectories","Output":"--- PASS: TestCompatibilityStartupErrorsAndDirectories (0.00s)\n","OutputType":"frame"}
{"Time":"2026-10-05T11:14:40.314872521Z","Action":"pass","Package":"go.temporal.io/server/tools/gomad3/target/internal/gocommand","Test":"TestCompatibilityStartupErrorsAndDirectories","Elapsed":0}
{"Time":"2026-10-05T11:14:40.314874063Z","Action":"run","Package":"go.temporal.io/server/tools/gomad3/target/internal/gocommand","Test":"TestCompatibilityBoundsRealStreamsBeforeRawOutcome"}
{"Time":"2026-10-05T11:14:40.314875355Z","Action":"output","Package":"go.temporal.io/server/tools/gomad3/target/internal/gocommand","Test":"TestCompatibilityBoundsRealStreamsBeforeRawOutcome","Output":"=== RUN   TestCompatibilityBoundsRealStreamsBeforeRawOutcome\n","OutputType":"frame"}
{"Time":"2026-10-05T11:14:40.314877313Z","Action":"run","Package":"go.temporal.io/server/tools/gomad3/target/internal/gocommand","Test":"TestCompatibilityBoundsRealStreamsBeforeRawOutcome/stdout-exit"}
{"Time":"2026-10-05T11:14:40.314878396Z","Action":"output","Package":"go.temporal.io/server/tools/gomad3/target/internal/gocommand","Test":"TestCompatibilityBoundsRealStreamsBeforeRawOutcome/stdout-exit","Output":"=== RUN   TestCompatibilityBoundsRealStreamsBeforeRawOutcome/stdout-exit\n","OutputType":"frame"}
{"Time":"2026-10-05T11:14:40.315332813Z","Action":"output","Package":"go.temporal.io/server/tools/gomad3/target/internal/gocommand","Test":"TestCompatibilityBoundsRealStreamsBeforeRawOutcome/stdout-exit","Output":"--- PASS: TestCompatibilityBoundsRealStreamsBeforeRawOutcome/stdout-exit (0.00s)\n","OutputType":"frame"}
{"Time":"2026-10-05T11:14:40.315336271Z","Action":"pass","Package":"go.temporal.io/server/tools/gomad3/target/internal/gocommand","Test":"TestCompatibilityBoundsRealStreamsBeforeRawOutcome/stdout-exit","Elapsed":0}
{"Time":"2026-10-05T11:14:40.315339521Z","Action":"run","Package":"go.temporal.io/server/tools/gomad3/target/internal/gocommand","Test":"TestCompatibilityBoundsRealStreamsBeforeRawOutcome/stderr-exit"}
{"Time":"2026-10-05T11:14:40.315342563Z","Action":"output","Package":"go.temporal.io/server/tools/gomad3/target/internal/gocommand","Test":"TestCompatibilityBoundsRealStreamsBeforeRawOutcome/stderr-exit","Output":"=== RUN   TestCompatibilityBoundsRealStreamsBeforeRawOutcome/stderr-exit\n","OutputType":"frame"}
{"Time":"2026-10-05T11:14:40.315761688Z","Action":"output","Package":"go.temporal.io/server/tools/gomad3/target/internal/gocommand","Test":"TestCompatibilityBoundsRealStreamsBeforeRawOutcome/stderr-exit","Output":"--- PASS: TestCompatibilityBoundsRealStreamsBeforeRawOutcome/stderr-exit (0.00s)\n","OutputType":"frame"}
{"Time":"2026-10-05T11:14:40.315766771Z","Action":"pass","Package":"go.temporal.io/server/tools/gomad3/target/internal/gocommand","Test":"TestCompatibilityBoundsRealStreamsBeforeRawOutcome/stderr-exit","Elapsed":0}
{"Time":"2026-10-05T11:14:40.315768688Z","Action":"run","Package":"go.temporal.io/server/tools/gomad3/target/internal/gocommand","Test":"TestCompatibilityBoundsRealStreamsBeforeRawOutcome/both"}
{"Time":"2026-10-05T11:14:40.315770313Z","Action":"output","Package":"go.temporal.io/server/tools/gomad3/target/internal/gocommand","Test":"TestCompatibilityBoundsRealStreamsBeforeRawOutcome/both","Output":"=== RUN   TestCompatibilityBoundsRealStreamsBeforeRawOutcome/both\n","OutputType":"frame"}
{"Time":"2026-10-05T11:14:40.316268021Z","Action":"output","Package":"go.temporal.io/server/tools/gomad3/target/internal/gocommand","Test":"TestCompatibilityBoundsRealStreamsBeforeRawOutcome/both","Output":"--- PASS: TestCompatibilityBoundsRealStreamsBeforeRawOutcome/both (0.00s)\n","OutputType":"frame"}
{"Time":"2026-10-05T11:14:40.316271063Z","Action":"pass","Package":"go.temporal.io/server/tools/gomad3/target/internal/gocommand","Test":"TestCompatibilityBoundsRealStreamsBeforeRawOutcome/both","Elapsed":0}
{"Time":"2026-10-05T11:14:40.31627273Z","Action":"output","Package":"go.temporal.io/server/tools/gomad3/target/internal/gocommand","Test":"TestCompatibilityBoundsRealStreamsBeforeRawOutcome","Output":"--- PASS: TestCompatibilityBoundsRealStreamsBeforeRawOutcome (0.00s)\n","OutputType":"frame"}
{"Time":"2026-10-05T11:14:40.316273938Z","Action":"pass","Package":"go.temporal.io/server/tools/gomad3/target/internal/gocommand","Test":"TestCompatibilityBoundsRealStreamsBeforeRawOutcome","Elapsed":0}
{"Time":"2026-10-05T11:14:40.316275313Z","Action":"run","Package":"go.temporal.io/server/tools/gomad3/target/internal/gocommand","Test":"TestCompatibilityCallerLifetimeKillsLeaderBeforeDescendants"}
{"Time":"2026-10-05T11:14:40.316276521Z","Action":"output","Package":"go.temporal.io/server/tools/gomad3/target/internal/gocommand","Test":"TestCompatibilityCallerLifetimeKillsLeaderBeforeDescendants","Output":"=== RUN   TestCompatibilityCallerLifetimeKillsLeaderBeforeDescendants\n","OutputType":"frame"}
{"Time":"2026-10-05T11:14:40.316277771Z","Action":"run","Package":"go.temporal.io/server/tools/gomad3/target/internal/gocommand","Test":"TestCompatibilityCallerLifetimeKillsLeaderBeforeDescendants/cancel"}
{"Time":"2026-10-05T11:14:40.316278855Z","Action":"output","Package":"go.temporal.io/server/tools/gomad3/target/internal/gocommand","Test":"TestCompatibilityCallerLifetimeKillsLeaderBeforeDescendants/cancel","Output":"=== RUN   TestCompatibilityCallerLifetimeKillsLeaderBeforeDescendants/cancel\n","OutputType":"frame"}
{"Time":"2026-10-05T11:14:40.316911605Z","Action":"output","Package":"go.temporal.io/server/tools/gomad3/internal/hostexec","Test":"TestRunTimesOutAndRemovesTermIgnoringDescendant","Output":"--- PASS: TestRunTimesOutAndRemovesTermIgnoringDescendant (0.21s)\n","OutputType":"frame"}
{"Time":"2026-10-05T11:14:40.31691948Z","Action":"pass","Package":"go.temporal.io/server/tools/gomad3/internal/hostexec","Test":"TestRunTimesOutAndRemovesTermIgnoringDescendant","Elapsed":0.21}
{"Time":"2026-10-05T11:14:40.316923563Z","Action":"run","Package":"go.temporal.io/server/tools/gomad3/internal/hostexec","Test":"TestRunClassifiesContextCancellation"}
{"Time":"2026-10-05T11:14:40.316925271Z","Action":"output","Package":"go.temporal.io/server/tools/gomad3/internal/hostexec","Test":"TestRunClassifiesContextCancellation","Output":"=== RUN   TestRunClassifiesContextCancellation\n","OutputType":"frame"}
{"Time":"2026-10-05T11:14:40.373021563Z","Action":"output","Package":"go.temporal.io/server/tools/gomad3/internal/hostexec","Test":"TestRunClassifiesContextCancellation","Output":"--- PASS: TestRunClassifiesContextCancellation (0.06s)\n","OutputType":"frame"}
{"Time":"2026-10-05T11:14:40.373057146Z","Action":"pass","Package":"go.temporal.io/server/tools/gomad3/internal/hostexec","Test":"TestRunClassifiesContextCancellation","Elapsed":0.06}
{"Time":"2026-10-05T11:14:40.373061938Z","Action":"run","Package":"go.temporal.io/server/tools/gomad3/internal/hostexec","Test":"TestRunBoundsEachOutputStream"}
{"Time":"2026-10-05T11:14:40.37306348Z","Action":"output","Package":"go.temporal.io/server/tools/gomad3/internal/hostexec","Test":"TestRunBoundsEachOutputStream","Output":"=== RUN   TestRunBoundsEachOutputStream\n","OutputType":"frame"}
{"Time":"2026-10-05T11:14:40.37352948Z","Action":"output","Package":"go.temporal.io/server/tools/gomad3/internal/hostexec","Test":"TestRunBoundsEachOutputStream","Output":"--- PASS: TestRunBoundsEachOutputStream (0.00s)\n","OutputType":"frame"}
{"Time":"2026-10-05T11:14:40.373534688Z","Action":"pass","Package":"go.temporal.io/server/tools/gomad3/internal/hostexec","Test":"TestRunBoundsEachOutputStream","Elapsed":0}
{"Time":"2026-10-05T11:14:40.373536646Z","Action":"run","Package":"go.temporal.io/server/tools/gomad3/internal/hostexec","Test":"TestRunRejectsInvalidRequest"}
{"Time":"2026-10-05T11:14:40.37353773Z","Action":"output","Package":"go.temporal.io/server/tools/gomad3/internal/hostexec","Test":"TestRunRejectsInvalidRequest","Output":"=== RUN   TestRunRejectsInvalidRequest\n","OutputType":"frame"}
{"Time":"2026-10-05T11:14:40.373539771Z","Action":"run","Package":"go.temporal.io/server/tools/gomad3/internal/hostexec","Test":"TestRunRejectsInvalidRequest/command"}
{"Time":"2026-10-05T11:14:40.37354098Z","Action":"output","Package":"go.temporal.io/server/tools/gomad3/internal/hostexec","Test":"TestRunRejectsInvalidRequest/command","Output":"=== RUN   TestRunRejectsInvalidRequest/command\n","OutputType":"frame"}
{"Time":"2026-10-05T11:14:40.373566646Z","Action":"output","Package":"go.temporal.io/server/tools/gomad3/internal/hostexec","Test":"TestRunRejectsInvalidRequest/command","Output":"--- PASS: TestRunRejectsInvalidRequest/command (0.00s)\n","OutputType":"frame"}
{"Time":"2026-10-05T11:14:40.37357323Z","Action":"pass","Package":"go.temporal.io/server/tools/gomad3/internal/hostexec","Test":"TestRunRejectsInvalidRequest/command","Elapsed":0}
{"Time":"2026-10-05T11:14:40.37357598Z","Action":"run","Package":"go.temporal.io/server/tools/gomad3/internal/hostexec","Test":"TestRunRejectsInvalidRequest/working-directory"}
{"Time":"2026-10-05T11:14:40.373577938Z","Action":"output","Package":"go.temporal.io/server/tools/gomad3/internal/hostexec","Test":"TestRunRejectsInvalidRequest/working-directory","Output":"=== RUN   TestRunRejectsInvalidRequest/working-directory\n","OutputType":"frame"}
{"Time":"2026-10-05T11:14:40.373579688Z","Action":"output","Package":"go.temporal.io/server/tools/gomad3/internal/hostexec","Test":"TestRunRejectsInvalidRequest/working-directory","Output":"--- PASS: TestRunRejectsInvalidRequest/working-directory (0.00s)\n","OutputType":"frame"}
{"Time":"2026-10-05T11:14:40.373581021Z","Action":"pass","Package":"go.temporal.io/server/tools/gomad3/internal/hostexec","Test":"TestRunRejectsInvalidRequest/working-directory","Elapsed":0}
{"Time":"2026-10-05T11:14:40.373582396Z","Action":"run","Package":"go.temporal.io/server/tools/gomad3/internal/hostexec","Test":"TestRunRejectsInvalidRequest/timeout"}
{"Time":"2026-10-05T11:14:40.373583396Z","Action":"output","Package":"go.temporal.io/server/tools/gomad3/internal/hostexec","Test":"TestRunRejectsInvalidRequest/timeout","Output":"=== RUN   TestRunRejectsInvalidRequest/timeout\n","OutputType":"frame"}
{"Time":"2026-10-05T11:14:40.373615021Z","Action":"output","Package":"go.temporal.io/server/tools/gomad3/internal/hostexec","Test":"TestRunRejectsInvalidRequest/timeout","Output":"--- PASS: TestRunRejectsInvalidRequest/timeout (0.00s)\n","OutputType":"frame"}
{"Time":"2026-10-05T11:14:40.373621063Z","Action":"pass","Package":"go.temporal.io/server/tools/gomad3/internal/hostexec","Test":"TestRunRejectsInvalidRequest/timeout","Elapsed":0}
{"Time":"2026-10-05T11:14:40.373623855Z","Action":"run","Package":"go.temporal.io/server/tools/gomad3/internal/hostexec","Test":"TestRunRejectsInvalidRequest/termination-grace"}
{"Time":"2026-10-05T11:14:40.37362498Z","Action":"output","Package":"go.temporal.io/server/tools/gomad3/internal/hostexec","Test":"TestRunRejectsInvalidRequest/termination-grace","Output":"=== RUN   TestRunRejectsInvalidRequest/termination-grace\n","OutputType":"frame"}
{"Time":"2026-10-05T11:14:40.373626563Z","Action":"output","Package":"go.temporal.io/server/tools/gomad3/internal/hostexec","Test":"TestRunRejectsInvalidRequest/termination-grace","Output":"--- PASS: TestRunRejectsInvalidRequest/termination-grace (0.00s)\n","OutputType":"frame"}
{"Time":"2026-10-05T11:14:40.373628355Z","Action":"pass","Package":"go.temporal.io/server/tools/gomad3/internal/hostexec","Test":"TestRunRejectsInvalidRequest/termination-grace","Elapsed":0}
{"Time":"2026-10-05T11:14:40.37362948Z","Action":"run","Package":"go.temporal.io/server/tools/gomad3/internal/hostexec","Test":"TestRunRejectsInvalidRequest/output-limit"}
{"Time":"2026-10-05T11:14:40.373630771Z","Action":"output","Package":"go.temporal.io/server/tools/gomad3/internal/hostexec","Test":"TestRunRejectsInvalidRequest/output-limit","Output":"=== RUN   TestRunRejectsInvalidRequest/output-limit\n","OutputType":"frame"}
{"Time":"2026-10-05T11:14:40.37363273Z","Action":"output","Package":"go.temporal.io/server/tools/gomad3/internal/hostexec","Test":"TestRunRejectsInvalidRequest/output-limit","Output":"--- PASS: TestRunRejectsInvalidRequest/output-limit (0.00s)\n","OutputType":"frame"}
{"Time":"2026-10-05T11:14:40.373652063Z","Action":"pass","Package":"go.temporal.io/server/tools/gomad3/internal/hostexec","Test":"TestRunRejectsInvalidRequest/output-limit","Elapsed":0}
{"Time":"2026-10-05T11:14:40.373654688Z","Action":"output","Package":"go.temporal.io/server/tools/gomad3/internal/hostexec","Test":"TestRunRejectsInvalidRequest","Output":"--- PASS: TestRunRejectsInvalidRequest (0.00s)\n","OutputType":"frame"}
{"Time":"2026-10-05T11:14:40.37365623Z","Action":"pass","Package":"go.temporal.io/server/tools/gomad3/internal/hostexec","Test":"TestRunRejectsInvalidRequest","Elapsed":0}
{"Time":"2026-10-05T11:14:40.373657271Z","Action":"run","Package":"go.temporal.io/server/tools/gomad3/internal/hostexec","Test":"TestRunSupportsConcurrentCommands"}
{"Time":"2026-10-05T11:14:40.373658313Z","Action":"output","Package":"go.temporal.io/server/tools/gomad3/internal/hostexec","Test":"TestRunSupportsConcurrentCommands","Output":"=== RUN   TestRunSupportsConcurrentCommands\n","OutputType":"frame"}
{"Time":"2026-10-05T11:14:40.376126855Z","Action":"output","Package":"go.temporal.io/server/tools/gomad3/internal/hostexec","Test":"TestRunSupportsConcurrentCommands","Output":"--- PASS: TestRunSupportsConcurrentCommands (0.00s)\n","OutputType":"frame"}
{"Time":"2026-10-05T11:14:40.37614498Z","Action":"pass","Package":"go.temporal.io/server/tools/gomad3/internal/hostexec","Test":"TestRunSupportsConcurrentCommands","Elapsed":0}
{"Time":"2026-10-05T11:14:40.376148313Z","Action":"run","Package":"go.temporal.io/server/tools/gomad3/internal/hostexec","Test":"TestCaptureRetainsExactStreamWithinLimit"}
{"Time":"2026-10-05T11:14:40.376149688Z","Action":"output","Package":"go.temporal.io/server/tools/gomad3/internal/hostexec","Test":"TestCaptureRetainsExactStreamWithinLimit","Output":"=== RUN   TestCaptureRetainsExactStreamWithinLimit\n","OutputType":"frame"}
{"Time":"2026-10-05T11:14:40.376152355Z","Action":"output","Package":"go.temporal.io/server/tools/gomad3/internal/hostexec","Test":"TestCaptureRetainsExactStreamWithinLimit","Output":"--- PASS: TestCaptureRetainsExactStreamWithinLimit (0.00s)\n","OutputType":"frame"}
{"Time":"2026-10-05T11:14:40.376153646Z","Action":"pass","Package":"go.temporal.io/server/tools/gomad3/internal/hostexec","Test":"TestCaptureRetainsExactStreamWithinLimit","Elapsed":0}
{"Time":"2026-10-05T11:14:40.376155063Z","Action":"run","Package":"go.temporal.io/server/tools/gomad3/internal/hostexec","Test":"TestCaptureKeepsHeadMarkerAndTail"}
{"Time":"2026-10-05T11:14:40.376158063Z","Action":"output","Package":"go.temporal.io/server/tools/gomad3/internal/hostexec","Test":"TestCaptureKeepsHeadMarkerAndTail","Output":"=== RUN   TestCaptureKeepsHeadMarkerAndTail\n","OutputType":"frame"}
{"Time":"2026-10-05T11:14:40.376159771Z","Action":"output","Package":"go.temporal.io/server/tools/gomad3/internal/hostexec","Test":"TestCaptureKeepsHeadMarkerAndTail","Output":"--- PASS: TestCaptureKeepsHeadMarkerAndTail (0.00s)\n","OutputType":"frame"}
{"Time":"2026-10-05T11:14:40.376161063Z","Action":"pass","Package":"go.temporal.io/server/tools/gomad3/internal/hostexec","Test":"TestCaptureKeepsHeadMarkerAndTail","Elapsed":0}
{"Time":"2026-10-05T11:14:40.376162271Z","Action":"run","Package":"go.temporal.io/server/tools/gomad3/internal/hostexec","Test":"TestCaptureIsIndependentOfWriteChunking"}
{"Time":"2026-10-05T11:14:40.376163313Z","Action":"output","Package":"go.temporal.io/server/tools/gomad3/internal/hostexec","Test":"TestCaptureIsIndependentOfWriteChunking","Output":"=== RUN   TestCaptureIsIndependentOfWriteChunking\n","OutputType":"frame"}
{"Time":"2026-10-05T11:14:40.376165771Z","Action":"output","Package":"go.temporal.io/server/tools/gomad3/internal/hostexec","Test":"TestCaptureIsIndependentOfWriteChunking","Output":"--- PASS: TestCaptureIsIndependentOfWriteChunking (0.00s)\n","OutputType":"frame"}
{"Time":"2026-10-05T11:14:40.37616698Z","Action":"pass","Package":"go.temporal.io/server/tools/gomad3/internal/hostexec","Test":"TestCaptureIsIndependentOfWriteChunking","Elapsed":0}
{"Time":"2026-10-05T11:14:40.376168688Z","Action":"run","Package":"go.temporal.io/server/tools/gomad3/internal/hostexec","Test":"TestNewRejectsZeroLimit"}
{"Time":"2026-10-05T11:14:40.376170105Z","Action":"output","Package":"go.temporal.io/server/tools/gomad3/internal/hostexec","Test":"TestNewRejectsZeroLimit","Output":"=== RUN   TestNewRejectsZeroLimit\n","OutputType":"frame"}
{"Time":"2026-10-05T11:14:40.376171813Z","Action":"output","Package":"go.temporal.io/server/tools/gomad3/internal/hostexec","Test":"TestNewRejectsZeroLimit","Output":"--- PASS: TestNewRejectsZeroLimit (0.00s)\n","OutputType":"frame"}
{"Time":"2026-10-05T11:14:40.376172855Z","Action":"pass","Package":"go.temporal.io/server/tools/gomad3/internal/hostexec","Test":"TestNewRejectsZeroLimit","Elapsed":0}
{"Time":"2026-10-05T11:14:40.376173855Z","Action":"output","Package":"go.temporal.io/server/tools/gomad3/internal/hostexec","Output":"PASS\n","OutputType":"frame"}
{"Time":"2026-10-05T11:14:40.376284188Z","Action":"output","Package":"go.temporal.io/server/tools/gomad3/internal/hostexec","Output":"ok  \tgo.temporal.io/server/tools/gomad3/internal/hostexec\t0.273s\n"}
{"Time":"2026-10-05T11:14:40.376296646Z","Action":"pass","Package":"go.temporal.io/server/tools/gomad3/internal/hostexec","Elapsed":0.273}
{"Time":"2026-10-05T11:14:40.424919021Z","Action":"output","Package":"go.temporal.io/server/tools/gomad3/target/internal/gocommand","Test":"TestCompatibilityCallerLifetimeKillsLeaderBeforeDescendants/cancel","Output":"--- PASS: TestCompatibilityCallerLifetimeKillsLeaderBeforeDescendants/cancel (0.11s)\n","OutputType":"frame"}
{"Time":"2026-10-05T11:14:40.424935105Z","Action":"pass","Package":"go.temporal.io/server/tools/gomad3/target/internal/gocommand","Test":"TestCompatibilityCallerLifetimeKillsLeaderBeforeDescendants/cancel","Elapsed":0.11}
{"Time":"2026-10-05T11:14:40.424956563Z","Action":"run","Package":"go.temporal.io/server/tools/gomad3/target/internal/gocommand","Test":"TestCompatibilityCallerLifetimeKillsLeaderBeforeDescendants/deadline"}
{"Time":"2026-10-05T11:14:40.424959438Z","Action":"output","Package":"go.temporal.io/server/tools/gomad3/target/internal/gocommand","Test":"TestCompatibilityCallerLifetimeKillsLeaderBeforeDescendants/deadline","Output":"=== RUN   TestCompatibilityCallerLifetimeKillsLeaderBeforeDescendants/deadline\n","OutputType":"frame"}
{"Time":"2026-10-05T11:14:42.542327856Z","Action":"output","Package":"go.temporal.io/server/tools/gomad3/target/internal/gocommand","Test":"TestCompatibilityCallerLifetimeKillsLeaderBeforeDescendants/deadline","Output":"--- PASS: TestCompatibilityCallerLifetimeKillsLeaderBeforeDescendants/deadline (2.12s)\n","OutputType":"frame"}
{"Time":"2026-10-05T11:14:42.542367689Z","Action":"pass","Package":"go.temporal.io/server/tools/gomad3/target/internal/gocommand","Test":"TestCompatibilityCallerLifetimeKillsLeaderBeforeDescendants/deadline","Elapsed":2.12}
{"Time":"2026-10-05T11:14:42.542375772Z","Action":"run","Package":"go.temporal.io/server/tools/gomad3/target/internal/gocommand","Test":"TestCompatibilityCallerLifetimeKillsLeaderBeforeDescendants/watchdog"}
{"Time":"2026-10-05T11:14:42.542377356Z","Action":"output","Package":"go.temporal.io/server/tools/gomad3/target/internal/gocommand","Test":"TestCompatibilityCallerLifetimeKillsLeaderBeforeDescendants/watchdog","Output":"=== RUN   TestCompatibilityCallerLifetimeKillsLeaderBeforeDescendants/watchdog\n","OutputType":"frame"}
{"Time":"2026-10-05T11:14:43.652006898Z","Action":"output","Package":"go.temporal.io/server/tools/gomad3/target/internal/gocommand","Test":"TestCompatibilityCallerLifetimeKillsLeaderBeforeDescendants/watchdog","Output":"--- PASS: TestCompatibilityCallerLifetimeKillsLeaderBeforeDescendants/watchdog (1.11s)\n","OutputType":"frame"}
{"Time":"2026-10-05T11:14:43.652036731Z","Action":"pass","Package":"go.temporal.io/server/tools/gomad3/target/internal/gocommand","Test":"TestCompatibilityCallerLifetimeKillsLeaderBeforeDescendants/watchdog","Elapsed":1.11}
{"Time":"2026-10-05T11:14:43.652041564Z","Action":"run","Package":"go.temporal.io/server/tools/gomad3/target/internal/gocommand","Test":"TestCompatibilityCallerLifetimeKillsLeaderBeforeDescendants/cancel-overflow"}
{"Time":"2026-10-05T11:14:43.652042939Z","Action":"output","Package":"go.temporal.io/server/tools/gomad3/target/internal/gocommand","Test":"TestCompatibilityCallerLifetimeKillsLeaderBeforeDescendants/cancel-overflow","Output":"=== RUN   TestCompatibilityCallerLifetimeKillsLeaderBeforeDescendants/cancel-overflow\n","OutputType":"frame"}
{"Time":"2026-10-05T11:14:43.760641106Z","Action":"output","Package":"go.temporal.io/server/tools/gomad3/target/internal/gocommand","Test":"TestCompatibilityCallerLifetimeKillsLeaderBeforeDescendants/cancel-overflow","Output":"--- PASS: TestCompatibilityCallerLifetimeKillsLeaderBeforeDescendants/cancel-overflow (0.11s)\n","OutputType":"frame"}
{"Time":"2026-10-05T11:14:43.760671231Z","Action":"pass","Package":"go.temporal.io/server/tools/gomad3/target/internal/gocommand","Test":"TestCompatibilityCallerLifetimeKillsLeaderBeforeDescendants/cancel-overflow","Elapsed":0.11}
{"Time":"2026-10-05T11:14:43.760680731Z","Action":"run","Package":"go.temporal.io/server/tools/gomad3/target/internal/gocommand","Test":"TestCompatibilityCallerLifetimeKillsLeaderBeforeDescendants/cancel-stderr-overflow"}
{"Time":"2026-10-05T11:14:43.760682648Z","Action":"output","Package":"go.temporal.io/server/tools/gomad3/target/internal/gocommand","Test":"TestCompatibilityCallerLifetimeKillsLeaderBeforeDescendants/cancel-stderr-overflow","Output":"=== RUN   TestCompatibilityCallerLifetimeKillsLeaderBeforeDescendants/cancel-stderr-overflow\n","OutputType":"frame"}
{"Time":"2026-10-05T11:14:43.86925119Z","Action":"output","Package":"go.temporal.io/server/tools/gomad3/target/internal/gocommand","Test":"TestCompatibilityCallerLifetimeKillsLeaderBeforeDescendants/cancel-stderr-overflow","Output":"--- PASS: TestCompatibilityCallerLifetimeKillsLeaderBeforeDescendants/cancel-stderr-overflow (0.11s)\n","OutputType":"frame"}
{"Time":"2026-10-05T11:14:43.869291815Z","Action":"pass","Package":"go.temporal.io/server/tools/gomad3/target/internal/gocommand","Test":"TestCompatibilityCallerLifetimeKillsLeaderBeforeDescendants/cancel-stderr-overflow","Elapsed":0.11}
{"Time":"2026-10-05T11:14:43.86930019Z","Action":"output","Package":"go.temporal.io/server/tools/gomad3/target/internal/gocommand","Test":"TestCompatibilityCallerLifetimeKillsLeaderBeforeDescendants","Output":"--- PASS: TestCompatibilityCallerLifetimeKillsLeaderBeforeDescendants (3.55s)\n","OutputType":"frame"}
{"Time":"2026-10-05T11:14:43.86931219Z","Action":"pass","Package":"go.temporal.io/server/tools/gomad3/target/internal/gocommand","Test":"TestCompatibilityCallerLifetimeKillsLeaderBeforeDescendants","Elapsed":3.55}
{"Time":"2026-10-05T11:14:43.86931644Z","Action":"run","Package":"go.temporal.io/server/tools/gomad3/target/internal/gocommand","Test":"TestCompatibilityKeepsCompletedOutcomeAndCleanupPrecedence"}
{"Time":"2026-10-05T11:14:43.869318231Z","Action":"output","Package":"go.temporal.io/server/tools/gomad3/target/internal/gocommand","Test":"TestCompatibilityKeepsCompletedOutcomeAndCleanupPrecedence","Output":"=== RUN   TestCompatibilityKeepsCompletedOutcomeAndCleanupPrecedence\n","OutputType":"frame"}
{"Time":"2026-10-05T11:14:43.869903856Z","Action":"output","Package":"go.temporal.io/server/tools/gomad3/target/internal/gocommand","Test":"TestCompatibilityKeepsCompletedOutcomeAndCleanupPrecedence","Output":"--- PASS: TestCompatibilityKeepsCompletedOutcomeAndCleanupPrecedence (0.00s)\n","OutputType":"frame"}
{"Time":"2026-10-05T11:14:43.86990969Z","Action":"pass","Package":"go.temporal.io/server/tools/gomad3/target/internal/gocommand","Test":"TestCompatibilityKeepsCompletedOutcomeAndCleanupPrecedence","Elapsed":0}
{"Time":"2026-10-05T11:14:43.869911898Z","Action":"run","Package":"go.temporal.io/server/tools/gomad3/target/internal/gocommand","Test":"TestCompatibilityUsesFiniteDefaultWatchdogAndPositiveCapacity"}
{"Time":"2026-10-05T11:14:43.869914065Z","Action":"output","Package":"go.temporal.io/server/tools/gomad3/target/internal/gocommand","Test":"TestCompatibilityUsesFiniteDefaultWatchdogAndPositiveCapacity","Output":"=== RUN   TestCompatibilityUsesFiniteDefaultWatchdogAndPositiveCapacity\n","OutputType":"frame"}
{"Time":"2026-10-05T11:14:43.86992094Z","Action":"output","Package":"go.temporal.io/server/tools/gomad3/target/internal/gocommand","Test":"TestCompatibilityUsesFiniteDefaultWatchdogAndPositiveCapacity","Output":"--- PASS: TestCompatibilityUsesFiniteDefaultWatchdogAndPositiveCapacity (0.00s)\n","OutputType":"frame"}
{"Time":"2026-10-05T11:14:43.869923356Z","Action":"pass","Package":"go.temporal.io/server/tools/gomad3/target/internal/gocommand","Test":"TestCompatibilityUsesFiniteDefaultWatchdogAndPositiveCapacity","Elapsed":0}
{"Time":"2026-10-05T11:14:43.869935065Z","Action":"run","Package":"go.temporal.io/server/tools/gomad3/target/internal/gocommand","Test":"TestStructuredRejectsOverflowBeforeReturningData"}
{"Time":"2026-10-05T11:14:43.869938523Z","Action":"output","Package":"go.temporal.io/server/tools/gomad3/target/internal/gocommand","Test":"TestStructuredRejectsOverflowBeforeReturningData","Output":"=== RUN   TestStructuredRejectsOverflowBeforeReturningData\n","OutputType":"frame"}
{"Time":"2026-10-05T11:14:43.870499981Z","Action":"output","Package":"go.temporal.io/server/tools/gomad3/target/internal/gocommand","Test":"TestStructuredRejectsOverflowBeforeReturningData","Output":"--- PASS: TestStructuredRejectsOverflowBeforeReturningData (0.00s)\n","OutputType":"frame"}
{"Time":"2026-10-05T11:14:43.870512648Z","Action":"pass","Package":"go.temporal.io/server/tools/gomad3/target/internal/gocommand","Test":"TestStructuredRejectsOverflowBeforeReturningData","Elapsed":0}
{"Time":"2026-10-05T11:14:43.870515565Z","Action":"run","Package":"go.temporal.io/server/tools/gomad3/target/internal/gocommand","Test":"TestDiagnosticBoundsLongOutputAndKeepsFullHashes"}
{"Time":"2026-10-05T11:14:43.870517315Z","Action":"output","Package":"go.temporal.io/server/tools/gomad3/target/internal/gocommand","Test":"TestDiagnosticBoundsLongOutputAndKeepsFullHashes","Output":"=== RUN   TestDiagnosticBoundsLongOutputAndKeepsFullHashes\n","OutputType":"frame"}
{"Time":"2026-10-05T11:14:43.871045898Z","Action":"output","Package":"go.temporal.io/server/tools/gomad3/target/internal/gocommand","Test":"TestDiagnosticBoundsLongOutputAndKeepsFullHashes","Output":"--- PASS: TestDiagnosticBoundsLongOutputAndKeepsFullHashes (0.00s)\n","OutputType":"frame"}
{"Time":"2026-10-05T11:14:43.871056356Z","Action":"pass","Package":"go.temporal.io/server/tools/gomad3/target/internal/gocommand","Test":"TestDiagnosticBoundsLongOutputAndKeepsFullHashes","Elapsed":0}
{"Time":"2026-10-05T11:14:43.871059731Z","Action":"run","Package":"go.temporal.io/server/tools/gomad3/target/internal/gocommand","Test":"TestStructuredCancellationRemovesDescendant"}
{"Time":"2026-10-05T11:14:43.871063398Z","Action":"output","Package":"go.temporal.io/server/tools/gomad3/target/internal/gocommand","Test":"TestStructuredCancellationRemovesDescendant","Output":"=== RUN   TestStructuredCancellationRemovesDescendant\n","OutputType":"frame"}
{"Time":"2026-10-05T11:14:43.878459106Z","Action":"output","Package":"go.temporal.io/server/tools/gomad3/target/internal/gocommand","Test":"TestStructuredCancellationRemovesDescendant","Output":"--- PASS: TestStructuredCancellationRemovesDescendant (0.01s)\n","OutputType":"frame"}
{"Time":"2026-10-05T11:14:43.878469648Z","Action":"pass","Package":"go.temporal.io/server/tools/gomad3/target/internal/gocommand","Test":"TestStructuredCancellationRemovesDescendant","Elapsed":0.01}
{"Time":"2026-10-05T11:14:43.878474981Z","Action":"run","Package":"go.temporal.io/server/tools/gomad3/target/internal/gocommand","Test":"TestDiagnosticRetainsOutputOnWatchdogAndPropagatesCleanupFailure"}
{"Time":"2026-10-05T11:14:43.87847669Z","Action":"output","Package":"go.temporal.io/server/tools/gomad3/target/internal/gocommand","Test":"TestDiagnosticRetainsOutputOnWatchdogAndPropagatesCleanupFailure","Output":"=== RUN   TestDiagnosticRetainsOutputOnWatchdogAndPropagatesCleanupFailure\n","OutputType":"frame"}
{"Time":"2026-10-05T11:14:43.87860994Z","Action":"output","Package":"go.temporal.io/server/tools/gomad3/target/internal/gocommand","Test":"TestDiagnosticRetainsOutputOnWatchdogAndPropagatesCleanupFailure","Output":"--- PASS: TestDiagnosticRetainsOutputOnWatchdogAndPropagatesCleanupFailure (0.00s)\n","OutputType":"frame"}
{"Time":"2026-10-05T11:14:43.878614148Z","Action":"pass","Package":"go.temporal.io/server/tools/gomad3/target/internal/gocommand","Test":"TestDiagnosticRetainsOutputOnWatchdogAndPropagatesCleanupFailure","Elapsed":0}
{"Time":"2026-10-05T11:14:43.878615731Z","Action":"output","Package":"go.temporal.io/server/tools/gomad3/target/internal/gocommand","Output":"PASS\n","OutputType":"frame"}
{"Time":"2026-10-05T11:14:43.878839981Z","Action":"output","Package":"go.temporal.io/server/tools/gomad3/target/internal/gocommand","Output":"ok  \tgo.temporal.io/server/tools/gomad3/target/internal/gocommand\t3.776s\n"}
{"Time":"2026-10-05T11:14:43.878858565Z","Action":"pass","Package":"go.temporal.io/server/tools/gomad3/target/internal/gocommand","Elapsed":3.776}
