level=info msg="golangci-lint has version 2.13.0 built with go1.27.1 from (unknown, modified: ?, mod sum: \"h1:n/YR8sCuTAfjwKLHOU0q63X2e4tObi1PCNOz+HXJ3cE=\") on (unknown)"
level=info msg="[config_reader] Used config file .github/.golangci.yml"
level=info msg="[config_reader] Module name \"go.temporal.io/server\""
level=info msg="[goenv] Read go env for 4.661376ms: map[string]string{\"GOCACHE\":\"/home/agent/.cache/go-build\", \"GOROOT\":\"/home/agent/go/pkg/mod/golang.org/toolchain@v0.0.1-go1.27.1.linux-arm64\"}"
level=info msg="[lintersdb] Active 13 linters: [depguard errcheck exhaustive forbidigo gci godox goimports govet importas iotamixing revive staticcheck testifylint]"
level=info msg="[loader] Using build tags: [test_dep]"
level=info msg="[loader] Go packages loading at mode 8767 (exports_file|files|imports|name|types_sizes|compiled_files|deps) took 305.1065ms"
level=info msg="[runner/filename_unadjuster] Pre-built 0 adjustments in 11.896042ms"
level=info msg="[linters_context/goanalysis] analyzers took 2.693975256s with top 10 stages: revive: 1.421144209s, goimports: 446.052375ms, gci: 241.806084ms, buildir: 143.21924ms, directive: 84.024459ms, forbidigo: 46.512709ms, S1038: 36.011209ms, printf: 26.653831ms, isgenerated: 25.307917ms, testifylint: 12.497ms"
level=info msg="[runner/exclusion_paths] Skipped 0 issues by pattern \"^api\""
level=info msg="[runner/exclusion_paths] Skipped 0 issues by pattern \"^proto\""
level=info msg="[runner/exclusion_paths] Skipped 0 issues by pattern \"^.git\""
level=info msg="[runner/exclusion_rules] Skipped 0 issues by rules: [Text: \"time.Sleep\", Path Except: \"_test\\\\.go|tests/.+\\\\.go\", Linters: \"forbidigo\"]"
level=info msg="[runner/exclusion_rules] Skipped 0 issues by rules: [Text: \"time.Now\", Path: \"chasm/lib/.*_test\\\\.go$\", Linters: \"forbidigo\"]"
level=info msg="[runner/exclusion_rules] Skipped 1 issues by rules: [Text: \"panic\", Path: \"_test\\\\.go|tests/.+\\\\.go|common/testing/\", Linters: \"forbidigo\"]"
level=info msg="[runner/exclusion_rules] Skipped 0 issues by rules: [Text: \"panic\", Path: \"chasm/lib/activity/model/.*\\\\.go$\", Linters: \"forbidigo\"]"
level=info msg="[runner/exclusion_rules] Skipped 0 issues by rules: [Text: \"Eventually\", Path: \"tests/(nexus_standalone|nexus_workflow|schedule|schedule_migration)_test\\\\.go$\", Linters: \"forbidigo\"]"
level=info msg="[runner/exclusion_rules] Skipped 0 issues by rules: [Text: \"use of `softassert\\\\.\\\\w+`\", Linters: \"forbidigo\"]"
level=info msg="[runner/exclusion_rules] Skipped 0 issues by rules: [Text: \"(dot-imports|unchecked-type-assertion)\", Path: \"_test\\\\.go|tests/.+\\\\.go|common/testing/\", Linters: \"revive\"]"
level=info msg="[runner/exclusion_rules] Skipped 65 issues by rules: [Path: \"^tools\\\\/.+\\\\.go\", Linters: \"revive\"]"
level=info msg="[runner/exclusion_rules] Skipped 0 issues by rules: [Text: \"context.Background\", Path Except: \"tests/.+_test\\\\.go\", Linters: \"forbidigo\"]"
level=info msg="[runner/exclusion_rules] Skipped 0 issues by rules: [Text: \"SA1019: go.temporal.io/server/service/history/hsm/(callbacks|nexusoperations) is deprecated\", Linters: \"staticcheck\"]"
level=info msg="[runner/exclusion_rules] Skipped 0 issues by rules: [Text: \"time.Now\", Path Except: \"chasm/lib/.*\\\\.go$\", Linters: \"forbidigo\"]"
level=info msg="[runner/exclusion_rules] Skipped 0 issues by rules: [Text: \"Unix|UnixMilli|UnixNano\", Path Except: \"common/persistence/cassandra/.*\\\\.go$\", Linters: \"forbidigo\"]"
level=info msg="[runner/exclusion_rules] Skipped 0 issues by rules: [Text: \"ActiveInCluster\", Path: \"common/namespace/(namespace|replication_resolver)(_test)?\\\\.go$\", Linters: \"forbidigo\"]"
level=info msg="[runner/exclusion_rules] Skipped 0 issues by rules: [Text: \"assert\\\\.CollectT\", Path: \"tests/(nexus_standalone|nexus_workflow)_test\\\\.go$\", Linters: \"forbidigo\"]"
level=info msg="[runner/exclusion_rules] Skipped 0 issues by rules: [Text: \"(cyclomatic|cognitive)\", Path: \"_test\\\\.go|tests/.+\\\\.go|common/testing/\", Linters: \"revive\"]"
level=info msg="[runner/exclusion_rules] Skipped 0 issues by rules: [Text: \"Unix|UnixMilli|UnixNano\", Path: \"_test\\\\.go$\", Linters: \"forbidigo\"]"
level=info msg="[runner/exclusion_rules] Skipped 0 issues by rules: [Text: \"FunctionalTestBase\", Path: \"tests/testcore/.*\\\\.go$\", Linters: \"forbidigo\"]"
level=info msg="[runner] Issues before processing: 67, after processing: 1"
level=info msg="[runner] Processors filtering stat (in/out): cgo: 67/67, filename_unadjuster: 67/67, invalid_issue: 67/67, source_code: 1/1, sort_results: 1/1, path_relativity: 67/67, exclusion_paths: 67/67, nolint_filter: 1/1, fixer: 1/1, max_per_file_from_linter: 1/1, path_shortener: 1/1, severity-rules: 1/1, path_absoluter: 67/67, generated_file_filter: 67/67, exclusion_rules: 67/1, uniq_by_line: 1/1, max_same_issues: 1/1, diff: 1/1, max_from_linter: 1/1, path_prettifier: 1/1"
level=info msg="[runner] processing took 6.38825ms with stages: generated_file_filter: 3.064292ms, nolint_filter: 1.685083ms, exclusion_rules: 1.096042ms, source_code: 308.541µs, exclusion_paths: 173.751µs, path_relativity: 35.082µs, cgo: 10.958µs, uniq_by_line: 2.917µs, path_shortener: 2.25µs, invalid_issue: 1.916µs, sort_results: 1.833µs, max_same_issues: 1.709µs, filename_unadjuster: 667ns, fixer: 625ns, diff: 584ns, path_absoluter: 542ns, max_per_file_from_linter: 459ns, path_prettifier: 458ns, max_from_linter: 291ns, severity-rules: 250ns"
level=info msg="[runner] linters took 1.713565418s with stages: goanalysis_metalinter: 1.707047584s"
tools/gomad3sim/controller.go:159:3: missing cases in switch of type gomad3sim.FaultKind: gomad3sim.FaultDisconnect, gomad3sim.FaultReconnect, gomad3sim.FaultPartition, gomad3sim.FaultHeal, gomad3sim.FaultDelay (exhaustive)
		switch action.Kind {
		^
1 issues:
* exhaustive: 1
level=info msg="File cache stats: 1 entries of total size 36.2KiB"
level=info msg="Memory: 22 samples, avg is 148.0MB, max is 195.9MB"
level=info msg="Execution took 2.041427334s"
