{"Time":"2026-10-08T16:38:36.353425472Z","Action":"start","Package":"go.temporal.io/server/tools/gomad3/deterministicio"}
{"Time":"2026-10-08T16:38:36.357632431Z","Action":"run","Package":"go.temporal.io/server/tools/gomad3/deterministicio","Test":"TestAdapterRegistryPortablePinDecisions"}
{"Time":"2026-10-08T16:38:36.357692847Z","Action":"output","Package":"go.temporal.io/server/tools/gomad3/deterministicio","Test":"TestAdapterRegistryPortablePinDecisions","Output":"=== RUN   TestAdapterRegistryPortablePinDecisions\n","OutputType":"frame"}
{"Time":"2026-10-08T16:38:36.357727431Z","Action":"run","Package":"go.temporal.io/server/tools/gomad3/deterministicio","Test":"TestAdapterRegistryPortablePinDecisions/exact"}
{"Time":"2026-10-08T16:38:36.357741681Z","Action":"output","Package":"go.temporal.io/server/tools/gomad3/deterministicio","Test":"TestAdapterRegistryPortablePinDecisions/exact","Output":"=== RUN   TestAdapterRegistryPortablePinDecisions/exact\n","OutputType":"frame"}
{"Time":"2026-10-08T16:38:36.358825931Z","Action":"output","Package":"go.temporal.io/server/tools/gomad3/deterministicio","Test":"TestAdapterRegistryPortablePinDecisions/exact","Output":"--- PASS: TestAdapterRegistryPortablePinDecisions/exact (0.00s)\n","OutputType":"frame"}
{"Time":"2026-10-08T16:38:36.358875431Z","Action":"pass","Package":"go.temporal.io/server/tools/gomad3/deterministicio","Test":"TestAdapterRegistryPortablePinDecisions/exact","Elapsed":0}
{"Time":"2026-10-08T16:38:36.358902556Z","Action":"run","Package":"go.temporal.io/server/tools/gomad3/deterministicio","Test":"TestAdapterRegistryPortablePinDecisions/version_bump"}
{"Time":"2026-10-08T16:38:36.358929806Z","Action":"output","Package":"go.temporal.io/server/tools/gomad3/deterministicio","Test":"TestAdapterRegistryPortablePinDecisions/version_bump","Output":"=== RUN   TestAdapterRegistryPortablePinDecisions/version_bump\n","OutputType":"frame"}
{"Time":"2026-10-08T16:38:36.359498139Z","Action":"output","Package":"go.temporal.io/server/tools/gomad3/deterministicio","Test":"TestAdapterRegistryPortablePinDecisions/version_bump","Output":"    adapter_pin_decisions_test.go:43: registry selection = target module sum for github.com/getsentry/sentry-go@v0.46.0 is missing or modified, want \"unsupported github.com/getsentry/sentry-go version\"\n","OutputType":"error"}
{"Time":"2026-10-08T16:38:36.359668431Z","Action":"output","Package":"go.temporal.io/server/tools/gomad3/deterministicio","Test":"TestAdapterRegistryPortablePinDecisions/version_bump","Output":"--- FAIL: TestAdapterRegistryPortablePinDecisions/version_bump (0.00s)\n","OutputType":"frame"}
{"Time":"2026-10-08T16:38:36.359688764Z","Action":"fail","Package":"go.temporal.io/server/tools/gomad3/deterministicio","Test":"TestAdapterRegistryPortablePinDecisions/version_bump","Elapsed":0}
{"Time":"2026-10-08T16:38:36.359700347Z","Action":"run","Package":"go.temporal.io/server/tools/gomad3/deterministicio","Test":"TestAdapterRegistryPortablePinDecisions/changed_sum"}
{"Time":"2026-10-08T16:38:36.359712722Z","Action":"output","Package":"go.temporal.io/server/tools/gomad3/deterministicio","Test":"TestAdapterRegistryPortablePinDecisions/changed_sum","Output":"=== RUN   TestAdapterRegistryPortablePinDecisions/changed_sum\n","OutputType":"frame"}
{"Time":"2026-10-08T16:38:36.360615139Z","Action":"output","Package":"go.temporal.io/server/tools/gomad3/deterministicio","Test":"TestAdapterRegistryPortablePinDecisions/changed_sum","Output":"--- PASS: TestAdapterRegistryPortablePinDecisions/changed_sum (0.00s)\n","OutputType":"frame"}
{"Time":"2026-10-08T16:38:36.360631972Z","Action":"pass","Package":"go.temporal.io/server/tools/gomad3/deterministicio","Test":"TestAdapterRegistryPortablePinDecisions/changed_sum","Elapsed":0}
{"Time":"2026-10-08T16:38:36.360645681Z","Action":"run","Package":"go.temporal.io/server/tools/gomad3/deterministicio","Test":"TestAdapterRegistryPortablePinDecisions/replacement"}
{"Time":"2026-10-08T16:38:36.360656514Z","Action":"output","Package":"go.temporal.io/server/tools/gomad3/deterministicio","Test":"TestAdapterRegistryPortablePinDecisions/replacement","Output":"=== RUN   TestAdapterRegistryPortablePinDecisions/replacement\n","OutputType":"frame"}
{"Time":"2026-10-08T16:38:36.361499222Z","Action":"output","Package":"go.temporal.io/server/tools/gomad3/deterministicio","Test":"TestAdapterRegistryPortablePinDecisions/replacement","Output":"--- PASS: TestAdapterRegistryPortablePinDecisions/replacement (0.00s)\n","OutputType":"frame"}
{"Time":"2026-10-08T16:38:36.361513306Z","Action":"pass","Package":"go.temporal.io/server/tools/gomad3/deterministicio","Test":"TestAdapterRegistryPortablePinDecisions/replacement","Elapsed":0}
{"Time":"2026-10-08T16:38:36.361527847Z","Action":"output","Package":"go.temporal.io/server/tools/gomad3/deterministicio","Test":"TestAdapterRegistryPortablePinDecisions","Output":"--- FAIL: TestAdapterRegistryPortablePinDecisions (0.00s)\n","OutputType":"frame"}
{"Time":"2026-10-08T16:38:36.361542181Z","Action":"fail","Package":"go.temporal.io/server/tools/gomad3/deterministicio","Test":"TestAdapterRegistryPortablePinDecisions","Elapsed":0}
{"Time":"2026-10-08T16:38:36.361552847Z","Action":"output","Package":"go.temporal.io/server/tools/gomad3/deterministicio","Output":"FAIL\n","OutputType":"frame"}
{"Time":"2026-10-08T16:38:36.361802389Z","Action":"output","Package":"go.temporal.io/server/tools/gomad3/deterministicio","Output":"FAIL\tgo.temporal.io/server/tools/gomad3/deterministicio\t0.008s\n","OutputType":"frame"}
{"Time":"2026-10-08T16:38:36.361824722Z","Action":"fail","Package":"go.temporal.io/server/tools/gomad3/deterministicio","Elapsed":0.008}
