level=info msg="golangci-lint has version 2.13.0 built with go1.27.1 from (unknown, modified: ?, mod sum: \"h1:n/YR8sCuTAfjwKLHOU0q63X2e4tObi1PCNOz+HXJ3cE=\") on (unknown)"
level=info msg="[config_reader] Used config file ../../.github/.golangci.yml"
level=info msg="[config_reader] Module name \"go.temporal.io/server/tools/gomad3\""
level=info msg="[goenv] Read go env for 1.822667ms: map[string]string{\"GOCACHE\":\"/Users/stephan/Workspace/skunkworks/.gomad-fn1129-cache-EseD1r\", \"GOROOT\":\"/home/agent/go/pkg/mod/golang.org/toolchain@v0.0.1-go1.27.1.linux-arm64\"}"
level=info msg="[lintersdb] Active 13 linters: [depguard errcheck exhaustive forbidigo gci godox goimports govet importas iotamixing revive staticcheck testifylint]"
level=info msg="[loader] Using build tags: [disable_grpc_modules  test_dep ]"
level=info msg="[loader] Go packages loading at mode 8767 (types_sizes|deps|exports_file|files|compiled_files|imports|name) took 493.252875ms"
level=info msg="[runner/filename_unadjuster] Pre-built 0 adjustments in 68.45825ms"
level=info msg="[linters_context/goanalysis] analyzers took 1.941621834s with top 10 stages: revive: 1.310270959s, goimports: 167.497542ms, gci: 60.092708ms, buildir: 27.63103ms, isgenerated: 26.410875ms, exhaustive: 21.086658ms, errcheck: 20.483083ms, S1038: 17.512833ms, bools: 15.738291ms, forbidigo: 14.6745ms"
level=info msg="[runner/exclusion_paths] Skipped 0 issues by pattern \"^api\""
level=info msg="[runner/exclusion_paths] Skipped 0 issues by pattern \"^proto\""
level=info msg="[runner/exclusion_paths] Skipped 0 issues by pattern \"^.git\""
level=info msg="[runner/exclusion_rules] Skipped 2 issues by rules: [Text: \"^use of `panic` forbidden because \\\"Please avoid using panic in application code\\\"$\", Source: \"^\\\\t\\\\tpanic\\\\(\\\"gomad3: completed (an inactive campaign attempt|a campaign attempt without a classification)\\\"\\\\)$\", Path: \"^tools/gomad3/runner/internal/campaign/controller\\\\.go$\", Linters: \"forbidigo\"]"
level=info msg="[runner/exclusion_rules] Skipped 75 issues by rules: [Text: \"time.Now\", Path Except: \"chasm/lib/.*\\\\.go$\", Linters: \"forbidigo\"]"
level=info msg="[runner/exclusion_rules] Skipped 0 issues by rules: [Text: \"Unix|UnixMilli|UnixNano\", Path: \"_test\\\\.go$\", Linters: \"forbidigo\"]"
level=info msg="[runner/exclusion_rules] Skipped 0 issues by rules: [Text: \"FunctionalTestBase\", Path: \"tests/testcore/.*\\\\.go$\", Linters: \"forbidigo\"]"
level=info msg="[runner/exclusion_rules] Skipped 0 issues by rules: [Text: \"ActiveInCluster\", Path: \"common/namespace/(namespace|replication_resolver)(_test)?\\\\.go$\", Linters: \"forbidigo\"]"
level=info msg="[runner/exclusion_rules] Skipped 10 issues by rules: [Text: \"(dot-imports|unchecked-type-assertion)\", Path: \"_test\\\\.go|tests/.+\\\\.go|common/testing/\", Linters: \"revive\"]"
level=info msg="[runner/exclusion_rules] Skipped 1393 issues by rules: [Path: \"^tools\\\\/.+\\\\.go\", Linters: \"revive\"]"
level=info msg="[runner/exclusion_rules] Skipped 0 issues by rules: [Text: \"SA1019: go.temporal.io/server/service/history/hsm/(callbacks|nexusoperations) is deprecated\", Linters: \"staticcheck\"]"
level=info msg="[runner/exclusion_rules] Skipped 3 issues by rules: [Text: \"time.Sleep\", Path Except: \"_test\\\\.go|tests/.+\\\\.go\", Linters: \"forbidigo\"]"
level=info msg="[runner/exclusion_rules] Skipped 0 issues by rules: [Text: \"time.Now\", Path: \"chasm/lib/.*_test\\\\.go$\", Linters: \"forbidigo\"]"
level=info msg="[runner/exclusion_rules] Skipped 1 issues by rules: [Text: \"Unix|UnixMilli|UnixNano\", Path Except: \"common/persistence/cassandra/.*\\\\.go$\", Linters: \"forbidigo\"]"
level=info msg="[runner/exclusion_rules] Skipped 0 issues by rules: [Text: \"Eventually\", Path: \"tests/(nexus_standalone|nexus_workflow|schedule|schedule_migration)_test\\\\.go$\", Linters: \"forbidigo\"]"
level=info msg="[runner/exclusion_rules] Skipped 0 issues by rules: [Text: \"use of `softassert\\\\.\\\\w+`\", Linters: \"forbidigo\"]"
level=info msg="[runner/exclusion_rules] Skipped 225 issues by rules: [Text: \"(cyclomatic|cognitive)\", Path: \"_test\\\\.go|tests/.+\\\\.go|common/testing/\", Linters: \"revive\"]"
level=info msg="[runner/exclusion_rules] Skipped 0 issues by rules: [Text: \"panic\", Path: \"chasm/lib/activity/model/.*\\\\.go$\", Linters: \"forbidigo\"]"
level=info msg="[runner/exclusion_rules] Skipped 7 issues by rules: [Text: \"panic\", Path: \"_test\\\\.go|tests/.+\\\\.go|common/testing/\", Linters: \"forbidigo\"]"
level=info msg="[runner/exclusion_rules] Skipped 0 issues by rules: [Text: \"context.Background\", Path Except: \"tests/.+_test\\\\.go\", Linters: \"forbidigo\"]"
level=info msg="[runner/exclusion_rules] Skipped 0 issues by rules: [Text: \"assert\\\\.CollectT\", Path: \"tests/(nexus_standalone|nexus_workflow)_test\\\\.go$\", Linters: \"forbidigo\"]"
level=info msg="[runner] Issues before processing: 1930, after processing: 213"
level=info msg="[runner] Processors filtering stat (in/out): generated_file_filter: 1930/1930, path_shortener: 213/213, severity-rules: 213/213, sort_results: 213/213, path_absoluter: 1930/1930, path_relativity: 1930/1930, exclusion_paths: 1930/1930, exclusion_rules: 1930/214, diff: 213/213, fixer: 213/213, max_same_issues: 213/213, max_from_linter: 213/213, cgo: 1930/1930, filename_unadjuster: 1930/1930, path_prettifier: 213/213, invalid_issue: 1930/1930, nolint_filter: 214/213, uniq_by_line: 213/213, max_per_file_from_linter: 213/213, source_code: 213/213"
level=info msg="[runner] processing took 371.441879ms with stages: diff: 309.220418ms, generated_file_filter: 26.081251ms, nolint_filter: 21.573541ms, exclusion_rules: 7.519584ms, source_code: 5.333001ms, path_relativity: 1.241708ms, exclusion_paths: 292.208µs, invalid_issue: 45.291µs, cgo: 44.166µs, uniq_by_line: 25.958µs, sort_results: 20.667µs, path_absoluter: 18.332µs, path_shortener: 10.168µs, filename_unadjuster: 8.709µs, max_per_file_from_linter: 3.917µs, max_same_issues: 1.083µs, path_prettifier: 1µs, fixer: 709ns, severity-rules: 84ns, max_from_linter: 84ns"
level=info msg="[runner] linters took 2.500160668s with stages: goanalysis_metalinter: 2.128614668s"
level=info msg="File cache stats: 53 entries of total size 805.3KiB"
level=info msg="Memory: 32 samples, avg is 124.4MB, max is 203.7MB"
level=info msg="Execution took 3.089624252s"
make[1]: *** [Makefile:505: lint-code] Error 1
lint module tools/gomad3: exit status 2
exit status 1
make: *** [Makefile:498: lint-code-gomad3] Error 1
