=== RUN   TestRewrittenModuleInventoriesMatchPinnedModules
--- PASS: TestRewrittenModuleInventoriesMatchPinnedModules (0.50s)
=== RUN   TestRewrittenModulesRejectChangedIdentity
--- PASS: TestRewrittenModulesRejectChangedIdentity (0.09s)
=== RUN   TestRewrittenModuleOutsideServerGraphPreparedSourceSetIdentity
--- PASS: TestRewrittenModuleOutsideServerGraphPreparedSourceSetIdentity (0.50s)
=== RUN   TestHashicorpMetricsAdapterConsumer
    hashicorpmetrics_adapter_test.go:51: prepared stock metrics consumer:
        === RUN   TestSignalServicesRefuse
        === RUN   TestSignalServicesRefuse/root
        === RUN   TestSignalServicesRefuse/root-default
        === RUN   TestSignalServicesRefuse/compat
        === RUN   TestSignalServicesRefuse/compat-default
        --- PASS: TestSignalServicesRefuse (0.00s)
            --- PASS: TestSignalServicesRefuse/root (0.00s)
            --- PASS: TestSignalServicesRefuse/root-default (0.00s)
            --- PASS: TestSignalServicesRefuse/compat (0.00s)
            --- PASS: TestSignalServicesRefuse/compat-default (0.00s)
        === RUN   TestOrdinaryMetricsEmissionSurvives
        --- PASS: TestOrdinaryMetricsEmissionSurvives (0.00s)
        PASS
        ok  	gomad3.adapter.hashicorpmetrics	0.505s
--- PASS: TestHashicorpMetricsAdapterConsumer (1.55s)
=== RUN   TestHashicorpMetricsRejectsChangedIdentity
--- PASS: TestHashicorpMetricsRejectsChangedIdentity (0.00s)
=== RUN   TestHashicorpMetricsRewriteRejectsDrift
=== RUN   TestHashicorpMetricsRewriteRejectsDrift/upstream-edit
=== RUN   TestHashicorpMetricsRewriteRejectsDrift/missing-anchor
=== RUN   TestHashicorpMetricsRewriteRejectsDrift/ambiguous-anchor
=== RUN   TestHashicorpMetricsRewriteRejectsDrift/replacement-edit
--- PASS: TestHashicorpMetricsRewriteRejectsDrift (0.03s)
    --- PASS: TestHashicorpMetricsRewriteRejectsDrift/upstream-edit (0.00s)
    --- PASS: TestHashicorpMetricsRewriteRejectsDrift/missing-anchor (0.00s)
    --- PASS: TestHashicorpMetricsRewriteRejectsDrift/ambiguous-anchor (0.00s)
    --- PASS: TestHashicorpMetricsRewriteRejectsDrift/replacement-edit (0.00s)
=== RUN   TestHashicorpMetricsRejectsUnrewrittenInventoryDrift
--- PASS: TestHashicorpMetricsRejectsUnrewrittenInventoryDrift (0.05s)
=== RUN   TestProfileRejectsHashicorpMetricsConfigurationDrift
=== RUN   TestProfileRejectsHashicorpMetricsConfigurationDrift/version
=== RUN   TestProfileRejectsHashicorpMetricsConfigurationDrift/replacement
=== RUN   TestProfileRejectsHashicorpMetricsConfigurationDrift/version-replacement
=== RUN   TestProfileRejectsHashicorpMetricsConfigurationDrift/sum
=== RUN   TestProfileRejectsHashicorpMetricsConfigurationDrift/missing-sum
=== RUN   TestProfileRejectsHashicorpMetricsConfigurationDrift/build-modfile
--- PASS: TestProfileRejectsHashicorpMetricsConfigurationDrift (0.01s)
    --- PASS: TestProfileRejectsHashicorpMetricsConfigurationDrift/version (0.00s)
    --- PASS: TestProfileRejectsHashicorpMetricsConfigurationDrift/replacement (0.00s)
    --- PASS: TestProfileRejectsHashicorpMetricsConfigurationDrift/version-replacement (0.00s)
    --- PASS: TestProfileRejectsHashicorpMetricsConfigurationDrift/sum (0.00s)
    --- PASS: TestProfileRejectsHashicorpMetricsConfigurationDrift/missing-sum (0.00s)
    --- PASS: TestProfileRejectsHashicorpMetricsConfigurationDrift/build-modfile (0.00s)
=== RUN   TestDeterministicProfileCompatibilityGolden
--- PASS: TestDeterministicProfileCompatibilityGolden (0.00s)
PASS
ok  	go.temporal.io/server/tools/gomad3/deterministicio	3.363s
