=== RUN   TestSentryAdapterConsumer
    sentry_adapter_test.go:66: prepared stock Sentry consumer:
        === RUN   TestReleaseWithoutGit
        --- PASS: TestReleaseWithoutGit (0.00s)
        === RUN   TestReleaseSelectionSurvives
        === RUN   TestReleaseSelectionSurvives/explicit
        === RUN   TestReleaseSelectionSurvives/sentry-environment
        === RUN   TestReleaseSelectionSurvives/build-environment
        --- PASS: TestReleaseSelectionSurvives (0.00s)
            --- PASS: TestReleaseSelectionSurvives/explicit (0.00s)
            --- PASS: TestReleaseSelectionSurvives/sentry-environment (0.00s)
            --- PASS: TestReleaseSelectionSurvives/build-environment (0.00s)
        PASS
        ok  	gomad3.adapter.sentry	0.623s
    sentry_adapter_test.go:68: prepared upstream build-info tests:
        === RUN   TestRevisionFromBuildInfo
        --- PASS: TestRevisionFromBuildInfo (0.00s)
        === RUN   TestRevisionFromBuildInfoNoVcsInformation
        --- PASS: TestRevisionFromBuildInfoNoVcsInformation (0.00s)
        PASS
        ok  	github.com/getsentry/sentry-go	0.617s
    sentry_adapter_test.go:111: prepared darwin/arm64 source set sha256:fa2f95c22392afb742711ed26ce02fb79d80005c1af486f4ec71e5e4675c45cb; Sentry subprocess imports and execabs closure absent
    sentry_adapter_test.go:111: prepared linux/amd64 source set sha256:fa2f95c22392afb742711ed26ce02fb79d80005c1af486f4ec71e5e4675c45cb; Sentry subprocess imports and execabs closure absent
--- PASS: TestSentryAdapterConsumer (8.49s)
=== RUN   TestSentryRejectsChangedIdentity
--- PASS: TestSentryRejectsChangedIdentity (0.00s)
=== RUN   TestSentryRewriteRejectsDrift
=== RUN   TestSentryRewriteRejectsDrift/upstream-file
=== RUN   TestSentryRewriteRejectsDrift/missing-anchor
=== RUN   TestSentryRewriteRejectsDrift/ambiguous-anchor
=== RUN   TestSentryRewriteRejectsDrift/replacement-digest
--- PASS: TestSentryRewriteRejectsDrift (0.03s)
    --- PASS: TestSentryRewriteRejectsDrift/upstream-file (0.00s)
    --- PASS: TestSentryRewriteRejectsDrift/missing-anchor (0.00s)
    --- PASS: TestSentryRewriteRejectsDrift/ambiguous-anchor (0.00s)
    --- PASS: TestSentryRewriteRejectsDrift/replacement-digest (0.00s)
=== RUN   TestSentryRewritePreservesComments
--- PASS: TestSentryRewritePreservesComments (0.04s)
=== RUN   TestSentryRejectsUnrewrittenInventoryDrift
--- PASS: TestSentryRejectsUnrewrittenInventoryDrift (0.38s)
PASS
ok  	go.temporal.io/server/tools/gomad3/deterministicio	9.523s
