=== RUN   TestPublishedReferenceMatchesOpenedHandle
--- PASS: TestPublishedReferenceMatchesOpenedHandle (0.13s)
=== RUN   TestPublishArtifactWritesAndValidatesChoiceTrace
--- PASS: TestPublishArtifactWritesAndValidatesChoiceTrace (0.01s)
=== RUN   TestPublishArtifactRejectsMalformedChoiceTraceWithMatchingIdentity
--- PASS: TestPublishArtifactRejectsMalformedChoiceTraceWithMatchingIdentity (0.00s)
=== RUN   TestPublishArtifactRejectsChangedChoiceTraceIdentity
--- PASS: TestPublishArtifactRejectsChangedChoiceTraceIdentity (0.00s)
=== RUN   TestPublishArtifactRejectsChangedChoiceTapeIdentity
--- PASS: TestPublishArtifactRejectsChangedChoiceTapeIdentity (0.00s)
=== RUN   TestPublishArtifactWritesSimulationExplorationEvidence
--- PASS: TestPublishArtifactWritesSimulationExplorationEvidence (0.01s)
=== RUN   TestPublishArtifactRejectsChangedSimulationExplorationEvidence
--- PASS: TestPublishArtifactRejectsChangedSimulationExplorationEvidence (0.00s)
=== RUN   TestRetainedBytesCountsASharedTargetOnce
--- PASS: TestRetainedBytesCountsASharedTargetOnce (0.00s)
=== RUN   TestRetainedBytesRejectsATargetThatIsNotPartOfTheArtifact
=== RUN   TestRetainedBytesRejectsATargetThatIsNotPartOfTheArtifact/target_without_an_identity
=== RUN   TestRetainedBytesRejectsATargetThatIsNotPartOfTheArtifact/sum_past_uint64
=== RUN   TestRetainedBytesRejectsATargetThatIsNotPartOfTheArtifact/target_as_large_as_the_artifact
=== RUN   TestRetainedBytesRejectsATargetThatIsNotPartOfTheArtifact/target_without_bytes
--- PASS: TestRetainedBytesRejectsATargetThatIsNotPartOfTheArtifact (0.00s)
    --- PASS: TestRetainedBytesRejectsATargetThatIsNotPartOfTheArtifact/target_without_an_identity (0.00s)
    --- PASS: TestRetainedBytesRejectsATargetThatIsNotPartOfTheArtifact/sum_past_uint64 (0.00s)
    --- PASS: TestRetainedBytesRejectsATargetThatIsNotPartOfTheArtifact/target_as_large_as_the_artifact (0.00s)
    --- PASS: TestRetainedBytesRejectsATargetThatIsNotPartOfTheArtifact/target_without_bytes (0.00s)
=== RUN   TestPoolTargetIsTheTargetOnlyOfAnArtifactLinkedToThePool
--- PASS: TestPoolTargetIsTheTargetOnlyOfAnArtifactLinkedToThePool (0.01s)
=== RUN   TestPublishEnforcesModesIndependentOfUmask
--- PASS: TestPublishEnforcesModesIndependentOfUmask (0.01s)
=== RUN   TestPrivatePayloadWritesLiteralMetadataAndBytes
=== RUN   TestPrivatePayloadWritesLiteralMetadataAndBytes/target
=== RUN   TestPrivatePayloadWritesLiteralMetadataAndBytes/stdout
--- PASS: TestPrivatePayloadWritesLiteralMetadataAndBytes (0.00s)
    --- PASS: TestPrivatePayloadWritesLiteralMetadataAndBytes/target (0.00s)
    --- PASS: TestPrivatePayloadWritesLiteralMetadataAndBytes/stdout (0.00s)
=== RUN   TestPrivatePayloadCancellationKeepsPrimaryErrorAndPartialDestination
=== RUN   TestPrivatePayloadCancellationKeepsPrimaryErrorAndPartialDestination/target
=== RUN   TestPrivatePayloadCancellationKeepsPrimaryErrorAndPartialDestination/stdout
--- PASS: TestPrivatePayloadCancellationKeepsPrimaryErrorAndPartialDestination (0.01s)
    --- PASS: TestPrivatePayloadCancellationKeepsPrimaryErrorAndPartialDestination/target (0.00s)
    --- PASS: TestPrivatePayloadCancellationKeepsPrimaryErrorAndPartialDestination/stdout (0.00s)
=== RUN   TestPrivatePayloadCollisionPreservesDestinationAndPathError
=== RUN   TestPrivatePayloadCollisionPreservesDestinationAndPathError/target
=== RUN   TestPrivatePayloadCollisionPreservesDestinationAndPathError/stdout
--- PASS: TestPrivatePayloadCollisionPreservesDestinationAndPathError (0.00s)
    --- PASS: TestPrivatePayloadCollisionPreservesDestinationAndPathError/target (0.00s)
    --- PASS: TestPrivatePayloadCollisionPreservesDestinationAndPathError/stdout (0.00s)
=== RUN   TestPrivatePayloadRejectsNonregularSourceBeforeCreatingDestination
--- PASS: TestPrivatePayloadRejectsNonregularSourceBeforeCreatingDestination (0.00s)
=== RUN   TestPublishRemovesStagingAfterNonregularSourceFailure
--- PASS: TestPublishRemovesStagingAfterNonregularSourceFailure (0.00s)
=== RUN   TestPublishFailsBeforePublicationWhenByteCapacityIsExceeded
--- PASS: TestPublishFailsBeforePublicationWhenByteCapacityIsExceeded (0.05s)
=== RUN   TestPublishWritesPrivateAtomicArtifactAndOpenValidatesIt
--- PASS: TestPublishWritesPrivateAtomicArtifactAndOpenValidatesIt (0.02s)
=== RUN   TestPublishReusesOnlyCompletelyMatchingArtifact
--- PASS: TestPublishReusesOnlyCompletelyMatchingArtifact (0.06s)
=== RUN   TestPublishCanKeyCorpusCasesByRecordIdentity
--- PASS: TestPublishCanKeyCorpusCasesByRecordIdentity (0.03s)
=== RUN   TestPublishKeepsSuccessesWithOneSignatureAsDistinctReplayArtifacts
--- PASS: TestPublishKeepsSuccessesWithOneSignatureAsDistinctReplayArtifacts (0.03s)
=== RUN   TestPublishKeepsEachExecutionOfOneOutcomeSignature
--- PASS: TestPublishKeepsEachExecutionOfOneOutcomeSignature (0.05s)
=== RUN   TestPublishConcurrentlyNeverReplacesACompleteArtifact
--- PASS: TestPublishConcurrentlyNeverReplacesACompleteArtifact (0.02s)
=== RUN   TestPublishRejectsPayloadPathEscapeBeforeWriting
--- PASS: TestPublishRejectsPayloadPathEscapeBeforeWriting (0.00s)
=== RUN   TestPublishSharesOneTargetAcrossTheStoresOfOnePool
--- PASS: TestPublishSharesOneTargetAcrossTheStoresOfOnePool (0.08s)
=== RUN   TestPublishConcurrentlyIntoOnePoolLeavesOneEntry
--- PASS: TestPublishConcurrentlyIntoOnePoolLeavesOneEntry (0.02s)
=== RUN   TestDamagedSharedTargetFailsOpenAndLaterPublication
=== RUN   TestDamagedSharedTargetFailsOpenAndLaterPublication/altered
=== RUN   TestDamagedSharedTargetFailsOpenAndLaterPublication/truncated
=== RUN   TestDamagedSharedTargetFailsOpenAndLaterPublication/mode_changed
=== RUN   TestDamagedSharedTargetFailsOpenAndLaterPublication/missing
=== RUN   TestDamagedSharedTargetFailsOpenAndLaterPublication/symbolic_link
--- PASS: TestDamagedSharedTargetFailsOpenAndLaterPublication (0.06s)
    --- PASS: TestDamagedSharedTargetFailsOpenAndLaterPublication/altered (0.01s)
    --- PASS: TestDamagedSharedTargetFailsOpenAndLaterPublication/truncated (0.01s)
    --- PASS: TestDamagedSharedTargetFailsOpenAndLaterPublication/mode_changed (0.01s)
    --- PASS: TestDamagedSharedTargetFailsOpenAndLaterPublication/missing (0.01s)
    --- PASS: TestDamagedSharedTargetFailsOpenAndLaterPublication/symbolic_link (0.02s)
=== RUN   TestCopiedArtifactOpensWithoutItsStore
--- PASS: TestCopiedArtifactOpensWithoutItsStore (0.01s)
=== RUN   TestPublishWithoutHardLinksKeepsPrivateCopiesAndSaysSo
=== RUN   TestPublishWithoutHardLinksKeepsPrivateCopiesAndSaysSo/invalid_cross-device_link
=== RUN   TestPublishWithoutHardLinksKeepsPrivateCopiesAndSaysSo/operation_not_supported
=== RUN   TestPublishWithoutHardLinksKeepsPrivateCopiesAndSaysSo/operation_not_permitted
=== RUN   TestPublishWithoutHardLinksKeepsPrivateCopiesAndSaysSo/too_many_links
=== RUN   TestPublishWithoutHardLinksKeepsPrivateCopiesAndSaysSo/another_link_failure_fails_publication
--- PASS: TestPublishWithoutHardLinksKeepsPrivateCopiesAndSaysSo (0.11s)
    --- PASS: TestPublishWithoutHardLinksKeepsPrivateCopiesAndSaysSo/invalid_cross-device_link (0.03s)
    --- PASS: TestPublishWithoutHardLinksKeepsPrivateCopiesAndSaysSo/operation_not_supported (0.03s)
    --- PASS: TestPublishWithoutHardLinksKeepsPrivateCopiesAndSaysSo/operation_not_permitted (0.02s)
    --- PASS: TestPublishWithoutHardLinksKeepsPrivateCopiesAndSaysSo/too_many_links (0.03s)
    --- PASS: TestPublishWithoutHardLinksKeepsPrivateCopiesAndSaysSo/another_link_failure_fails_publication (0.00s)
=== RUN   TestPruneTargetPoolRemovesOnlyEntriesNothingShares
--- PASS: TestPruneTargetPoolRemovesOnlyEntriesNothingShares (0.09s)
=== RUN   TestPruneTargetPoolRefusesAPoolThatIsNotADirectoryOfItsOwner
--- PASS: TestPruneTargetPoolRefusesAPoolThatIsNotADirectoryOfItsOwner (0.00s)
=== RUN   TestPublishCreatesAgainAPoolEntryPrunedBeforeItsLink
--- PASS: TestPublishCreatesAgainAPoolEntryPrunedBeforeItsLink (0.03s)
PASS
ok  	go.temporal.io/server/tools/gomad3/artifact	0.866s
