find: ‘./proto/internal’: No such file or directory
find: ‘./proto/internal’: No such file or directory
find: ‘./chasm/lib’: No such file or directory
[1;36mLinting code...[0m
level=info msg="golangci-lint has version 2.13.0 built with go1.27.1 from (unknown, modified: ?, mod sum: \"h1:n/YR8sCuTAfjwKLHOU0q63X2e4tObi1PCNOz+HXJ3cE=\") on (unknown)"
level=info msg="[config_reader] Used config file ../../.github/.golangci.yml"
level=info msg="[config_reader] Module name \"go.temporal.io/server/tools/gomad3\""
level=info msg="[goenv] Read go env for 1.936583ms: map[string]string{\"GOCACHE\":\"/Users/stephan/Workspace/skunkworks/.gomad-fn10963-admission.Ho6KcW4t/go-cache\", \"GOROOT\":\"/home/agent/go/pkg/mod/golang.org/toolchain@v0.0.1-go1.27.1.linux-arm64\"}"
level=info msg="[lintersdb] Active 13 linters: [depguard errcheck exhaustive forbidigo gci godox goimports govet importas iotamixing revive staticcheck testifylint]"
level=info msg="[loader] Using build tags: [disable_grpc_modules  test_dep ]"
level=info msg="[loader] Go packages loading at mode 8767 (deps|exports_file|files|name|types_sizes|compiled_files|imports) took 844.224042ms"
level=info msg="[runner/filename_unadjuster] Pre-built 0 adjustments in 17.271083ms"
level=info msg="[linters_context/goanalysis] analyzers took 7.135781362s with top 10 stages: revive: 1.752649625s, buildir: 1.638920212s, exhaustive: 613.826087ms, nilness: 451.643594ms, goimports: 344.224875ms, printf: 327.399581ms, fact_purity: 216.107457ms, typeindex: 196.543375ms, fact_deprecated: 176.056174ms, gci: 175.85925ms"
level=info msg="[runner/exclusion_paths] Skipped 0 issues by pattern \"^api\""
level=info msg="[runner/exclusion_paths] Skipped 0 issues by pattern \"^proto\""
level=info msg="[runner/exclusion_paths] Skipped 0 issues by pattern \"^.git\""
level=info msg="[runner/exclusion_rules] Skipped 0 issues by rules: [Text: \"time.Sleep\", Path Except: \"_test\\\\.go|tests/.+\\\\.go\", Linters: \"forbidigo\"]"
level=info msg="[runner/exclusion_rules] Skipped 0 issues by rules: [Text: \"time.Now\", Path: \"chasm/lib/.*_test\\\\.go$\", Linters: \"forbidigo\"]"
level=info msg="[runner/exclusion_rules] Skipped 0 issues by rules: [Text: \"panic\", Path: \"chasm/lib/activity/model/.*\\\\.go$\", Linters: \"forbidigo\"]"
level=info msg="[runner/exclusion_rules] Skipped 0 issues by rules: [Text: \"FunctionalTestBase\", Path: \"tests/testcore/.*\\\\.go$\", Linters: \"forbidigo\"]"
level=info msg="[runner/exclusion_rules] Skipped 0 issues by rules: [Text: \"ActiveInCluster\", Path: \"common/namespace/(namespace|replication_resolver)(_test)?\\\\.go$\", Linters: \"forbidigo\"]"
level=info msg="[runner/exclusion_rules] Skipped 14 issues by rules: [Text: \"(cyclomatic|cognitive)\", Path: \"_test\\\\.go|tests/.+\\\\.go|common/testing/\", Linters: \"revive\"]"
level=info msg="[runner/exclusion_rules] Skipped 0 issues by rules: [Text: \"SA1019: go.temporal.io/server/service/history/hsm/(callbacks|nexusoperations) is deprecated\", Linters: \"staticcheck\"]"
level=info msg="[runner/exclusion_rules] Skipped 0 issues by rules: [Text: \"Unix|UnixMilli|UnixNano\", Path Except: \"common/persistence/cassandra/.*\\\\.go$\", Linters: \"forbidigo\"]"
level=info msg="[runner/exclusion_rules] Skipped 0 issues by rules: [Text: \"Unix|UnixMilli|UnixNano\", Path: \"_test\\\\.go$\", Linters: \"forbidigo\"]"
level=info msg="[runner/exclusion_rules] Skipped 0 issues by rules: [Text: \"panic\", Path: \"_test\\\\.go|tests/.+\\\\.go|common/testing/\", Linters: \"forbidigo\"]"
level=info msg="[runner/exclusion_rules] Skipped 16 issues by rules: [Text: \"time.Now\", Path Except: \"chasm/lib/.*\\\\.go$\", Linters: \"forbidigo\"]"
level=info msg="[runner/exclusion_rules] Skipped 0 issues by rules: [Text: \"Eventually\", Path: \"tests/(nexus_standalone|nexus_workflow|schedule|schedule_migration)_test\\\\.go$\", Linters: \"forbidigo\"]"
level=info msg="[runner/exclusion_rules] Skipped 0 issues by rules: [Text: \"use of `softassert\\\\.\\\\w+`\", Linters: \"forbidigo\"]"
level=info msg="[runner/exclusion_rules] Skipped 0 issues by rules: [Text: \"(dot-imports|unchecked-type-assertion)\", Path: \"_test\\\\.go|tests/.+\\\\.go|common/testing/\", Linters: \"revive\"]"
level=info msg="[runner/exclusion_rules] Skipped 0 issues by rules: [Text: \"context.Background\", Path Except: \"tests/.+_test\\\\.go\", Linters: \"forbidigo\"]"
level=info msg="[runner/exclusion_rules] Skipped 0 issues by rules: [Text: \"assert\\\\.CollectT\", Path: \"tests/(nexus_standalone|nexus_workflow)_test\\\\.go$\", Linters: \"forbidigo\"]"
level=info msg="[runner/exclusion_rules] Skipped 197 issues by rules: [Path: \"^tools\\\\/.+\\\\.go\", Linters: \"revive\"]"
level=info msg="[runner/exclusion_rules] Skipped 0 issues by rules: [Text: \"^use of `panic` forbidden because \\\"Please avoid using panic in application code\\\"$\", Source: \"^\\\\t\\\\tpanic\\\\(\\\"gomad3: completed (an inactive campaign attempt|a campaign attempt without a classification)\\\"\\\\)$\", Path: \"^tools/gomad3/runner/internal/campaign/controller\\\\.go$\", Linters: \"forbidigo\"]"
level=info msg="[runner] Issues before processing: 238, after processing: 11"
level=info msg="[runner] Processors filtering stat (in/out): max_per_file_from_linter: 11/11, source_code: 11/11, exclusion_paths: 238/238, nolint_filter: 11/11, cgo: 238/238, filename_unadjuster: 238/238, invalid_issue: 238/238, uniq_by_line: 11/11, max_from_linter: 11/11, path_shortener: 11/11, severity-rules: 11/11, path_relativity: 238/238, diff: 11/11, max_same_issues: 11/11, path_prettifier: 11/11, sort_results: 11/11, path_absoluter: 238/238, generated_file_filter: 238/238, exclusion_rules: 238/11, fixer: 11/11"
level=info msg="[runner] processing took 6.494834ms with stages: nolint_filter: 2.851959ms, generated_file_filter: 1.813ms, exclusion_rules: 1.049917ms, source_code: 478.667µs, path_relativity: 198.126µs, exclusion_paths: 77.167µs, cgo: 12.917µs, invalid_issue: 4.75µs, uniq_by_line: 2.166µs, sort_results: 1.25µs, filename_unadjuster: 1.208µs, path_absoluter: 1µs, path_shortener: 916ns, max_same_issues: 417ns, path_prettifier: 376ns, max_per_file_from_linter: 291ns, fixer: 291ns, diff: 208ns, severity-rules: 124ns, max_from_linter: 84ns"
level=info msg="[runner] linters took 3.386268793s with stages: goanalysis_metalinter: 3.379691251s"
tools/gomad3/runner/internal/execution/launch_plan_unix.go:321:2: use of `panic` forbidden because "Please avoid using panic in application code" (forbidigo)
	panic(fmt.Sprintf("unknown descriptor resource %q", resource))
	^
tools/gomad3/runner/internal/execution/process.go:152:10: ST1005: error strings should not be capitalized (staticcheck)
		return fmt.Errorf("World record and transition limits must be positive")
		       ^
tools/gomad3/runner/internal/execution/process_test.go:1432:2: SA5002: this loop will spin, using 100% CPU (staticcheck)
	for {
	^
tools/gomad3/runner/internal/execution/process_unix.go:722:18: ST1005: error strings should not be capitalized (staticcheck)
		return result, fmt.Errorf("World child record exceeded its configured bound")
		               ^
tools/gomad3/runner/internal/execution/watchdog_io_test.go:114:15: Error return value of `fmt.Fprintln` is not checked (errcheck)
		fmt.Fprintln(os.Stdout, "ready")
		            ^
tools/gomad3/runner/internal/execution/worldrecord.go:45:46: ST1005: error strings should not be capitalized (staticcheck)
		return world.Snapshot{}, world.Snapshot{}, fmt.Errorf("World transition count mismatch")
		                                           ^
tools/gomad3/runner/internal/execution/worldrecord.go:56:46: ST1005: error strings should not be capitalized (staticcheck)
		return world.Snapshot{}, world.Snapshot{}, fmt.Errorf("World semantic or transition identity mismatch")
		                                           ^
tools/gomad3/runner/internal/execution/worldrecord.go:84:20: ST1005: error strings should not be capitalized (staticcheck)
		return Bundle{}, fmt.Errorf("World transition limit must be positive")
		                 ^
tools/gomad3/runner/internal/execution/worldrecord.go:147:20: ST1005: error strings should not be capitalized (staticcheck)
		return Bundle{}, fmt.Errorf("World transition payload requires %d bytes, limit is %d", len(transitionBytes), transitionLimit)
		                 ^
tools/gomad3/runner/internal/execution/worldrecord.go:188:11: ST1005: error strings should not be capitalized (staticcheck)
			return fmt.Errorf("World quiescence terminal has detail")
			       ^
tools/gomad3/runner/internal/execution/worldrecord.go:192:11: ST1005: error strings should not be capitalized (staticcheck)
			return fmt.Errorf("World error terminal omitted detail")
			       ^
11 issues:
* errcheck: 1
* forbidigo: 1
* staticcheck: 9
level=info msg="File cache stats: 6 entries of total size 127.5KiB"
level=info msg="Memory: 44 samples, avg is 214.6MB, max is 307.0MB"
level=info msg="Execution took 4.255874961s"
make: *** [Makefile:505: lint-code] Error 1
