{"Time":"2026-10-08T20:23:30.309318071Z","Action":"start","Package":"go.temporal.io/server/tools/gomad3/toolchain/version"}
{"Time":"2026-10-08T20:23:30.312447946Z","Action":"run","Package":"go.temporal.io/server/tools/gomad3/toolchain/version","Test":"TestGenerateAcceptsPinnedPseudoVersion"}
{"Time":"2026-10-08T20:23:30.312518946Z","Action":"output","Package":"go.temporal.io/server/tools/gomad3/toolchain/version","Test":"TestGenerateAcceptsPinnedPseudoVersion","Output":"=== RUN   TestGenerateAcceptsPinnedPseudoVersion\n","OutputType":"frame"}
{"Time":"2026-10-08T20:23:30.336640487Z","Action":"output","Package":"go.temporal.io/server/tools/gomad3/toolchain/version","Test":"TestGenerateAcceptsPinnedPseudoVersion","Output":"--- PASS: TestGenerateAcceptsPinnedPseudoVersion (0.02s)\n","OutputType":"frame"}
{"Time":"2026-10-08T20:23:30.336699779Z","Action":"pass","Package":"go.temporal.io/server/tools/gomad3/toolchain/version","Test":"TestGenerateAcceptsPinnedPseudoVersion","Elapsed":0.02}
{"Time":"2026-10-08T20:23:30.336730112Z","Action":"run","Package":"go.temporal.io/server/tools/gomad3/toolchain/version","Test":"TestLoadRejectsNonCanonicalAdapterVersions"}
{"Time":"2026-10-08T20:23:30.336747237Z","Action":"output","Package":"go.temporal.io/server/tools/gomad3/toolchain/version","Test":"TestLoadRejectsNonCanonicalAdapterVersions","Output":"=== RUN   TestLoadRejectsNonCanonicalAdapterVersions\n","OutputType":"frame"}
{"Time":"2026-10-08T20:23:30.336784404Z","Action":"run","Package":"go.temporal.io/server/tools/gomad3/toolchain/version","Test":"TestLoadRejectsNonCanonicalAdapterVersions/#00"}
{"Time":"2026-10-08T20:23:30.336797862Z","Action":"output","Package":"go.temporal.io/server/tools/gomad3/toolchain/version","Test":"TestLoadRejectsNonCanonicalAdapterVersions/#00","Output":"=== RUN   TestLoadRejectsNonCanonicalAdapterVersions/#00\n","OutputType":"frame"}
{"Time":"2026-10-08T20:23:30.339425487Z","Action":"output","Package":"go.temporal.io/server/tools/gomad3/toolchain/version","Test":"TestLoadRejectsNonCanonicalAdapterVersions/#00","Output":"--- PASS: TestLoadRejectsNonCanonicalAdapterVersions/#00 (0.00s)\n","OutputType":"frame"}
{"Time":"2026-10-08T20:23:30.339467821Z","Action":"pass","Package":"go.temporal.io/server/tools/gomad3/toolchain/version","Test":"TestLoadRejectsNonCanonicalAdapterVersions/#00","Elapsed":0}
{"Time":"2026-10-08T20:23:30.339491737Z","Action":"run","Package":"go.temporal.io/server/tools/gomad3/toolchain/version","Test":"TestLoadRejectsNonCanonicalAdapterVersions/latest"}
{"Time":"2026-10-08T20:23:30.339521904Z","Action":"output","Package":"go.temporal.io/server/tools/gomad3/toolchain/version","Test":"TestLoadRejectsNonCanonicalAdapterVersions/latest","Output":"=== RUN   TestLoadRejectsNonCanonicalAdapterVersions/latest\n","OutputType":"frame"}
{"Time":"2026-10-08T20:23:30.341619321Z","Action":"output","Package":"go.temporal.io/server/tools/gomad3/toolchain/version","Test":"TestLoadRejectsNonCanonicalAdapterVersions/latest","Output":"--- PASS: TestLoadRejectsNonCanonicalAdapterVersions/latest (0.00s)\n","OutputType":"frame"}
{"Time":"2026-10-08T20:23:30.341654821Z","Action":"pass","Package":"go.temporal.io/server/tools/gomad3/toolchain/version","Test":"TestLoadRejectsNonCanonicalAdapterVersions/latest","Elapsed":0}
{"Time":"2026-10-08T20:23:30.341676987Z","Action":"run","Package":"go.temporal.io/server/tools/gomad3/toolchain/version","Test":"TestLoadRejectsNonCanonicalAdapterVersions/main"}
{"Time":"2026-10-08T20:23:30.341700404Z","Action":"output","Package":"go.temporal.io/server/tools/gomad3/toolchain/version","Test":"TestLoadRejectsNonCanonicalAdapterVersions/main","Output":"=== RUN   TestLoadRejectsNonCanonicalAdapterVersions/main\n","OutputType":"frame"}
{"Time":"2026-10-08T20:23:30.344421112Z","Action":"output","Package":"go.temporal.io/server/tools/gomad3/toolchain/version","Test":"TestLoadRejectsNonCanonicalAdapterVersions/main","Output":"--- PASS: TestLoadRejectsNonCanonicalAdapterVersions/main (0.00s)\n","OutputType":"frame"}
{"Time":"2026-10-08T20:23:30.344451904Z","Action":"pass","Package":"go.temporal.io/server/tools/gomad3/toolchain/version","Test":"TestLoadRejectsNonCanonicalAdapterVersions/main","Elapsed":0}
{"Time":"2026-10-08T20:23:30.344496779Z","Action":"run","Package":"go.temporal.io/server/tools/gomad3/toolchain/version","Test":"TestLoadRejectsNonCanonicalAdapterVersions/v1"}
{"Time":"2026-10-08T20:23:30.344511112Z","Action":"output","Package":"go.temporal.io/server/tools/gomad3/toolchain/version","Test":"TestLoadRejectsNonCanonicalAdapterVersions/v1","Output":"=== RUN   TestLoadRejectsNonCanonicalAdapterVersions/v1\n","OutputType":"frame"}
{"Time":"2026-10-08T20:23:30.346674196Z","Action":"output","Package":"go.temporal.io/server/tools/gomad3/toolchain/version","Test":"TestLoadRejectsNonCanonicalAdapterVersions/v1","Output":"--- PASS: TestLoadRejectsNonCanonicalAdapterVersions/v1 (0.00s)\n","OutputType":"frame"}
{"Time":"2026-10-08T20:23:30.346707112Z","Action":"pass","Package":"go.temporal.io/server/tools/gomad3/toolchain/version","Test":"TestLoadRejectsNonCanonicalAdapterVersions/v1","Elapsed":0}
{"Time":"2026-10-08T20:23:30.346726029Z","Action":"run","Package":"go.temporal.io/server/tools/gomad3/toolchain/version","Test":"TestLoadRejectsNonCanonicalAdapterVersions/v1.2"}
{"Time":"2026-10-08T20:23:30.346746362Z","Action":"output","Package":"go.temporal.io/server/tools/gomad3/toolchain/version","Test":"TestLoadRejectsNonCanonicalAdapterVersions/v1.2","Output":"=== RUN   TestLoadRejectsNonCanonicalAdapterVersions/v1.2\n","OutputType":"frame"}
{"Time":"2026-10-08T20:23:30.397263446Z","Action":"output","Package":"go.temporal.io/server/tools/gomad3/toolchain/version","Test":"TestLoadRejectsNonCanonicalAdapterVersions/v1.2","Output":"--- PASS: TestLoadRejectsNonCanonicalAdapterVersions/v1.2 (0.05s)\n","OutputType":"frame"}
{"Time":"2026-10-08T20:23:30.397332487Z","Action":"pass","Package":"go.temporal.io/server/tools/gomad3/toolchain/version","Test":"TestLoadRejectsNonCanonicalAdapterVersions/v1.2","Elapsed":0.05}
{"Time":"2026-10-08T20:23:30.397363946Z","Action":"run","Package":"go.temporal.io/server/tools/gomad3/toolchain/version","Test":"TestLoadRejectsNonCanonicalAdapterVersions/v1.2.3invalid"}
{"Time":"2026-10-08T20:23:30.397381487Z","Action":"output","Package":"go.temporal.io/server/tools/gomad3/toolchain/version","Test":"TestLoadRejectsNonCanonicalAdapterVersions/v1.2.3invalid","Output":"=== RUN   TestLoadRejectsNonCanonicalAdapterVersions/v1.2.3invalid\n","OutputType":"frame"}
{"Time":"2026-10-08T20:23:30.399822154Z","Action":"output","Package":"go.temporal.io/server/tools/gomad3/toolchain/version","Test":"TestLoadRejectsNonCanonicalAdapterVersions/v1.2.3invalid","Output":"--- PASS: TestLoadRejectsNonCanonicalAdapterVersions/v1.2.3invalid (0.00s)\n","OutputType":"frame"}
{"Time":"2026-10-08T20:23:30.399975487Z","Action":"pass","Package":"go.temporal.io/server/tools/gomad3/toolchain/version","Test":"TestLoadRejectsNonCanonicalAdapterVersions/v1.2.3invalid","Elapsed":0}
{"Time":"2026-10-08T20:23:30.400049404Z","Action":"output","Package":"go.temporal.io/server/tools/gomad3/toolchain/version","Test":"TestLoadRejectsNonCanonicalAdapterVersions","Output":"--- PASS: TestLoadRejectsNonCanonicalAdapterVersions (0.06s)\n","OutputType":"frame"}
{"Time":"2026-10-08T20:23:30.400068362Z","Action":"pass","Package":"go.temporal.io/server/tools/gomad3/toolchain/version","Test":"TestLoadRejectsNonCanonicalAdapterVersions","Elapsed":0.06}
{"Time":"2026-10-08T20:23:30.400095237Z","Action":"run","Package":"go.temporal.io/server/tools/gomad3/toolchain/version","Test":"TestGenerateRendersDescriptorConsumers"}
{"Time":"2026-10-08T20:23:30.400126862Z","Action":"output","Package":"go.temporal.io/server/tools/gomad3/toolchain/version","Test":"TestGenerateRendersDescriptorConsumers","Output":"=== RUN   TestGenerateRendersDescriptorConsumers\n","OutputType":"frame"}
{"Time":"2026-10-08T20:23:30.686077737Z","Action":"output","Package":"go.temporal.io/server/tools/gomad3/toolchain/version","Test":"TestGenerateRendersDescriptorConsumers","Output":"--- PASS: TestGenerateRendersDescriptorConsumers (0.29s)\n","OutputType":"frame"}
{"Time":"2026-10-08T20:23:30.687299821Z","Action":"pass","Package":"go.temporal.io/server/tools/gomad3/toolchain/version","Test":"TestGenerateRendersDescriptorConsumers","Elapsed":0.29}
{"Time":"2026-10-08T20:23:30.689326237Z","Action":"run","Package":"go.temporal.io/server/tools/gomad3/toolchain/version","Test":"TestGenerateAllowsNoBuiltInAdapters"}
{"Time":"2026-10-08T20:23:30.689503696Z","Action":"output","Package":"go.temporal.io/server/tools/gomad3/toolchain/version","Test":"TestGenerateAllowsNoBuiltInAdapters","Output":"=== RUN   TestGenerateAllowsNoBuiltInAdapters\n","OutputType":"frame"}
{"Time":"2026-10-08T20:23:30.760166237Z","Action":"output","Package":"go.temporal.io/server/tools/gomad3/toolchain/version","Test":"TestGenerateAllowsNoBuiltInAdapters","Output":"--- PASS: TestGenerateAllowsNoBuiltInAdapters (0.07s)\n","OutputType":"frame"}
{"Time":"2026-10-08T20:23:30.762656487Z","Action":"pass","Package":"go.temporal.io/server/tools/gomad3/toolchain/version","Test":"TestGenerateAllowsNoBuiltInAdapters","Elapsed":0.07}
{"Time":"2026-10-08T20:23:30.763493029Z","Action":"run","Package":"go.temporal.io/server/tools/gomad3/toolchain/version","Test":"TestGenerateRejectsBoundaryVersionMismatch"}
{"Time":"2026-10-08T20:23:30.764861654Z","Action":"output","Package":"go.temporal.io/server/tools/gomad3/toolchain/version","Test":"TestGenerateRejectsBoundaryVersionMismatch","Output":"=== RUN   TestGenerateRejectsBoundaryVersionMismatch\n","OutputType":"frame"}
{"Time":"2026-10-08T20:23:30.813842446Z","Action":"output","Package":"go.temporal.io/server/tools/gomad3/toolchain/version","Test":"TestGenerateRejectsBoundaryVersionMismatch","Output":"--- PASS: TestGenerateRejectsBoundaryVersionMismatch (0.05s)\n","OutputType":"frame"}
{"Time":"2026-10-08T20:23:30.814323321Z","Action":"pass","Package":"go.temporal.io/server/tools/gomad3/toolchain/version","Test":"TestGenerateRejectsBoundaryVersionMismatch","Elapsed":0.05}
{"Time":"2026-10-08T20:23:30.814990737Z","Action":"run","Package":"go.temporal.io/server/tools/gomad3/toolchain/version","Test":"TestGenerateRejectsPatchAllowlistDrift"}
{"Time":"2026-10-08T20:23:30.815134362Z","Action":"output","Package":"go.temporal.io/server/tools/gomad3/toolchain/version","Test":"TestGenerateRejectsPatchAllowlistDrift","Output":"=== RUN   TestGenerateRejectsPatchAllowlistDrift\n","OutputType":"frame"}
{"Time":"2026-10-08T20:23:30.830257612Z","Action":"output","Package":"go.temporal.io/server/tools/gomad3/toolchain/version","Test":"TestGenerateRejectsPatchAllowlistDrift","Output":"--- PASS: TestGenerateRejectsPatchAllowlistDrift (0.02s)\n","OutputType":"frame"}
{"Time":"2026-10-08T20:23:30.830395029Z","Action":"pass","Package":"go.temporal.io/server/tools/gomad3/toolchain/version","Test":"TestGenerateRejectsPatchAllowlistDrift","Elapsed":0.02}
{"Time":"2026-10-08T20:23:30.831392737Z","Action":"run","Package":"go.temporal.io/server/tools/gomad3/toolchain/version","Test":"TestGenerateRejectsOverlayAllowlistDrift"}
{"Time":"2026-10-08T20:23:30.831956654Z","Action":"output","Package":"go.temporal.io/server/tools/gomad3/toolchain/version","Test":"TestGenerateRejectsOverlayAllowlistDrift","Output":"=== RUN   TestGenerateRejectsOverlayAllowlistDrift\n","OutputType":"frame"}
{"Time":"2026-10-08T20:23:30.844561196Z","Action":"output","Package":"go.temporal.io/server/tools/gomad3/toolchain/version","Test":"TestGenerateRejectsOverlayAllowlistDrift","Output":"--- PASS: TestGenerateRejectsOverlayAllowlistDrift (0.01s)\n","OutputType":"frame"}
{"Time":"2026-10-08T20:23:30.844659029Z","Action":"pass","Package":"go.temporal.io/server/tools/gomad3/toolchain/version","Test":"TestGenerateRejectsOverlayAllowlistDrift","Elapsed":0.01}
{"Time":"2026-10-08T20:23:30.844703612Z","Action":"run","Package":"go.temporal.io/server/tools/gomad3/toolchain/version","Test":"TestLoadRejectsDuplicateAllowedPath"}
{"Time":"2026-10-08T20:23:30.844820987Z","Action":"output","Package":"go.temporal.io/server/tools/gomad3/toolchain/version","Test":"TestLoadRejectsDuplicateAllowedPath","Output":"=== RUN   TestLoadRejectsDuplicateAllowedPath\n","OutputType":"frame"}
{"Time":"2026-10-08T20:23:30.869638571Z","Action":"output","Package":"go.temporal.io/server/tools/gomad3/toolchain/version","Test":"TestLoadRejectsDuplicateAllowedPath","Output":"--- PASS: TestLoadRejectsDuplicateAllowedPath (0.02s)\n","OutputType":"frame"}
{"Time":"2026-10-08T20:23:30.869723612Z","Action":"pass","Package":"go.temporal.io/server/tools/gomad3/toolchain/version","Test":"TestLoadRejectsDuplicateAllowedPath","Elapsed":0.02}
{"Time":"2026-10-08T20:23:30.869743112Z","Action":"output","Package":"go.temporal.io/server/tools/gomad3/toolchain/version","Output":"PASS\n","OutputType":"frame"}
{"Time":"2026-10-08T20:23:30.870194404Z","Action":"output","Package":"go.temporal.io/server/tools/gomad3/toolchain/version","Output":"ok  \tgo.temporal.io/server/tools/gomad3/toolchain/version\t0.561s\n"}
{"Time":"2026-10-08T20:23:30.870262529Z","Action":"pass","Package":"go.temporal.io/server/tools/gomad3/toolchain/version","Elapsed":0.561}
