{"Time":"2026-10-08T20:10:58.934449962Z","Action":"start","Package":"go.temporal.io/server/tools/gomad3/toolchain/version"}
{"Time":"2026-10-08T20:10:58.937237462Z","Action":"run","Package":"go.temporal.io/server/tools/gomad3/toolchain/version","Test":"TestGenerateRendersDescriptorConsumers"}
{"Time":"2026-10-08T20:10:58.937304004Z","Action":"output","Package":"go.temporal.io/server/tools/gomad3/toolchain/version","Test":"TestGenerateRendersDescriptorConsumers","Output":"=== RUN   TestGenerateRendersDescriptorConsumers\n","OutputType":"frame"}
{"Time":"2026-10-08T20:10:58.948587379Z","Action":"output","Package":"go.temporal.io/server/tools/gomad3/toolchain/version","Test":"TestGenerateRendersDescriptorConsumers","Output":"    descriptor_test.go:82: generated upgrade guide omits \"reevaluates every mapped target directory\": # Gomad v3 upgrade qualification: go1.26.4-darwin-arm64-v1\n","OutputType":"error"}
{"Time":"2026-10-08T20:10:58.948621046Z","Action":"output","Package":"go.temporal.io/server/tools/gomad3/toolchain/version","Test":"TestGenerateRendersDescriptorConsumers","Output":"        \n","OutputType":"error-continue"}
{"Time":"2026-10-08T20:10:58.948638296Z","Action":"output","Package":"go.temporal.io/server/tools/gomad3/toolchain/version","Test":"TestGenerateRendersDescriptorConsumers","Output":"        Generated from [`../../toolchain/version/version.json`](../../toolchain/version/version.json). Do not edit this guide directly.\n","OutputType":"error-continue"}
{"Time":"2026-10-08T20:10:58.948649629Z","Action":"output","Package":"go.temporal.io/server/tools/gomad3/toolchain/version","Test":"TestGenerateRendersDescriptorConsumers","Output":"        \n","OutputType":"error-continue"}
{"Time":"2026-10-08T20:10:58.948662504Z","Action":"output","Package":"go.temporal.io/server/tools/gomad3/toolchain/version","Test":"TestGenerateRendersDescriptorConsumers","Output":"        ## Pinned inputs\n","OutputType":"error-continue"}
{"Time":"2026-10-08T20:10:58.948674712Z","Action":"output","Package":"go.temporal.io/server/tools/gomad3/toolchain/version","Test":"TestGenerateRendersDescriptorConsumers","Output":"        \n","OutputType":"error-continue"}
{"Time":"2026-10-08T20:10:58.948685837Z","Action":"output","Package":"go.temporal.io/server/tools/gomad3/toolchain/version","Test":"TestGenerateRendersDescriptorConsumers","Output":"        - Go release: `go1.26.4`\n","OutputType":"error-continue"}
{"Time":"2026-10-08T20:10:58.948702504Z","Action":"output","Package":"go.temporal.io/server/tools/gomad3/toolchain/version","Test":"TestGenerateRendersDescriptorConsumers","Output":"        - source archive SHA-256: `4f668a32fbfc1132e6a881fb968c2f1dada631492a339211735fbb255a42602d`\n","OutputType":"error-continue"}
{"Time":"2026-10-08T20:10:58.948713962Z","Action":"output","Package":"go.temporal.io/server/tools/gomad3/toolchain/version","Test":"TestGenerateRendersDescriptorConsumers","Output":"        - supported platforms: `darwin/arm64`\n","OutputType":"error-continue"}
{"Time":"2026-10-08T20:10:58.948724337Z","Action":"output","Package":"go.temporal.io/server/tools/gomad3/toolchain/version","Test":"TestGenerateRendersDescriptorConsumers","Output":"        - boundary manifest: `go1.26.4-darwin-arm64-v1`\n","OutputType":"error-continue"}
{"Time":"2026-10-08T20:10:58.948736962Z","Action":"output","Package":"go.temporal.io/server/tools/gomad3/toolchain/version","Test":"TestGenerateRendersDescriptorConsumers","Output":"        - patch: [`../../toolchain/runtime/go1.26.4.patch`](../../toolchain/runtime/go1.26.4.patch)\n","OutputType":"error-continue"}
{"Time":"2026-10-08T20:10:58.948749004Z","Action":"output","Package":"go.temporal.io/server/tools/gomad3/toolchain/version","Test":"TestGenerateRendersDescriptorConsumers","Output":"        - adapter: `golang.org/x/net@v0.57.0` (`h1:K5+3DljvIuDG9/Jv9rvyMywYNFCQ9RSUY6OOTTkT+tE=`)\n","OutputType":"error-continue"}
{"Time":"2026-10-08T20:10:58.948789254Z","Action":"output","Package":"go.temporal.io/server/tools/gomad3/toolchain/version","Test":"TestGenerateRendersDescriptorConsumers","Output":"        - adapter: `google.golang.org/grpc@v1.80.0` (`h1:Xr6m2WmWZLETvUNvIUmeD5OAagMw3FiKmMlTdViWsHM=`)\n","OutputType":"error-continue"}
{"Time":"2026-10-08T20:10:58.948865212Z","Action":"output","Package":"go.temporal.io/server/tools/gomad3/toolchain/version","Test":"TestGenerateRendersDescriptorConsumers","Output":"        - adapter: `modernc.org/libc@v1.72.3` (`h1:ZnDF4tXn4NBXFutMMQC4vtbTFSXhhKzR73fv0beZEAU=`)\n","OutputType":"error-continue"}
{"Time":"2026-10-08T20:10:58.948883004Z","Action":"output","Package":"go.temporal.io/server/tools/gomad3/toolchain/version","Test":"TestGenerateRendersDescriptorConsumers","Output":"        - adapter: `modernc.org/memory@v1.11.0` (`h1:o4QC8aMQzmcwCK3t3Ux/ZHmwFPzE6hf2Y5LbkRs+hbI=`)\n","OutputType":"error-continue"}
{"Time":"2026-10-08T20:10:58.948896046Z","Action":"output","Package":"go.temporal.io/server/tools/gomad3/toolchain/version","Test":"TestGenerateRendersDescriptorConsumers","Output":"        \n","OutputType":"error-continue"}
{"Time":"2026-10-08T20:10:58.948905546Z","Action":"output","Package":"go.temporal.io/server/tools/gomad3/toolchain/version","Test":"TestGenerateRendersDescriptorConsumers","Output":"        ## Dependency pin update\n","OutputType":"error-continue"}
{"Time":"2026-10-08T20:10:58.948925421Z","Action":"output","Package":"go.temporal.io/server/tools/gomad3/toolchain/version","Test":"TestGenerateRendersDescriptorConsumers","Output":"        \n","OutputType":"error-continue"}
{"Time":"2026-10-08T20:10:58.948947129Z","Action":"output","Package":"go.temporal.io/server/tools/gomad3/toolchain/version","Test":"TestGenerateRendersDescriptorConsumers","Output":"        Compare candidate and saved baseline `go.mod` files with adjacent `go.sum` files. From the repository root, status 1 means an invalidated or unknown pin; retain the JSON for the repair steps:\n","OutputType":"error-continue"}
{"Time":"2026-10-08T20:10:58.948973004Z","Action":"output","Package":"go.temporal.io/server/tools/gomad3/toolchain/version","Test":"TestGenerateRendersDescriptorConsumers","Output":"        \n","OutputType":"error-continue"}
{"Time":"2026-10-08T20:10:58.949000504Z","Action":"output","Package":"go.temporal.io/server/tools/gomad3/toolchain/version","Test":"TestGenerateRendersDescriptorConsumers","Output":"        ```sh\n","OutputType":"error-continue"}
{"Time":"2026-10-08T20:10:58.949020796Z","Action":"output","Package":"go.temporal.io/server/tools/gomad3/toolchain/version","Test":"TestGenerateRendersDescriptorConsumers","Output":"        go -C tools/gomad3 run ./cmd/gomadtool pin-impact --root=. \\\n","OutputType":"error-continue"}
{"Time":"2026-10-08T20:10:58.949039587Z","Action":"output","Package":"go.temporal.io/server/tools/gomad3/toolchain/version","Test":"TestGenerateRendersDescriptorConsumers","Output":"          --baseline=/absolute/baseline/go.mod --candidate=/absolute/candidate/go.mod \\\n","OutputType":"error-continue"}
{"Time":"2026-10-08T20:10:58.949060504Z","Action":"output","Package":"go.temporal.io/server/tools/gomad3/toolchain/version","Test":"TestGenerateRendersDescriptorConsumers","Output":"          --format=json \u003e pin-impact.json\n","OutputType":"error-continue"}
{"Time":"2026-10-08T20:10:58.949086671Z","Action":"output","Package":"go.temporal.io/server/tools/gomad3/toolchain/version","Test":"TestGenerateRendersDescriptorConsumers","Output":"        ```\n","OutputType":"error-continue"}
{"Time":"2026-10-08T20:10:58.949107837Z","Action":"output","Package":"go.temporal.io/server/tools/gomad3/toolchain/version","Test":"TestGenerateRendersDescriptorConsumers","Output":"        \n","OutputType":"error-continue"}
{"Time":"2026-10-08T20:10:58.949125087Z","Action":"output","Package":"go.temporal.io/server/tools/gomad3/toolchain/version","Test":"TestGenerateRendersDescriptorConsumers","Output":"        For each affected adapter, review the dry-run source changes and exact anchors before supplying the printed approval digest. Refresh affected packs from the same report on each supported host; refresh stops at per-request review and leaves the other platform unchanged:\n","OutputType":"error-continue"}
{"Time":"2026-10-08T20:10:58.949146254Z","Action":"output","Package":"go.temporal.io/server/tools/gomad3/toolchain/version","Test":"TestGenerateRendersDescriptorConsumers","Output":"        \n","OutputType":"error-continue"}
{"Time":"2026-10-08T20:10:58.949182504Z","Action":"output","Package":"go.temporal.io/server/tools/gomad3/toolchain/version","Test":"TestGenerateRendersDescriptorConsumers","Output":"        ```sh\n","OutputType":"error-continue"}
{"Time":"2026-10-08T20:10:58.949222046Z","Action":"output","Package":"go.temporal.io/server/tools/gomad3/toolchain/version","Test":"TestGenerateRendersDescriptorConsumers","Output":"        go -C tools/gomad3 run ./cmd/gomadtool adapter-regenerate --root=. \\\n","OutputType":"error-continue"}
{"Time":"2026-10-08T20:10:58.949243379Z","Action":"output","Package":"go.temporal.io/server/tools/gomad3/toolchain/version","Test":"TestGenerateRendersDescriptorConsumers","Output":"          --module=\u003cmodule-path\u003e --version=\u003cexact-version\u003e\n","OutputType":"error-continue"}
{"Time":"2026-10-08T20:10:58.949282921Z","Action":"output","Package":"go.temporal.io/server/tools/gomad3/toolchain/version","Test":"TestGenerateRendersDescriptorConsumers","Output":"        go -C tools/gomad3 run ./cmd/gomadtool adapter-regenerate --root=. \\\n","OutputType":"error-continue"}
{"Time":"2026-10-08T20:10:58.949305004Z","Action":"output","Package":"go.temporal.io/server/tools/gomad3/toolchain/version","Test":"TestGenerateRendersDescriptorConsumers","Output":"          --module=\u003cmodule-path\u003e --version=\u003cexact-version\u003e --approve=sha256:\u003creviewed-digest\u003e\n","OutputType":"error-continue"}
{"Time":"2026-10-08T20:10:58.949328462Z","Action":"output","Package":"go.temporal.io/server/tools/gomad3/toolchain/version","Test":"TestGenerateRendersDescriptorConsumers","Output":"        go -C tools/gomad3 run ./cmd/gomadtool compatibility-pack refresh --root=. \\\n","OutputType":"error-continue"}
{"Time":"2026-10-08T20:10:58.949342254Z","Action":"output","Package":"go.temporal.io/server/tools/gomad3/toolchain/version","Test":"TestGenerateRendersDescriptorConsumers","Output":"          --impact-report=/absolute/path/to/pin-impact.json\n","OutputType":"error-continue"}
{"Time":"2026-10-08T20:10:58.949355962Z","Action":"output","Package":"go.temporal.io/server/tools/gomad3/toolchain/version","Test":"TestGenerateRendersDescriptorConsumers","Output":"        ```\n","OutputType":"error-continue"}
{"Time":"2026-10-08T20:10:58.949370754Z","Action":"output","Package":"go.temporal.io/server/tools/gomad3/toolchain/version","Test":"TestGenerateRendersDescriptorConsumers","Output":"        \n","OutputType":"error-continue"}
{"Time":"2026-10-08T20:10:58.949387296Z","Action":"output","Package":"go.temporal.io/server/tools/gomad3/toolchain/version","Test":"TestGenerateRendersDescriptorConsumers","Output":"        Review each changed pack report, then use `compatibility-pack generate --approve-review=\u003cexact-review-sha256\u003e` for that request. Validate generated outputs and qualify affected adapters, packs, the core set, and the complete test gate on both supported hosts. The [README](../../README.md#compatibility-pack-development) records the full procedure.\n","OutputType":"error-continue"}
{"Time":"2026-10-08T20:10:58.949404504Z","Action":"output","Package":"go.temporal.io/server/tools/gomad3/toolchain/version","Test":"TestGenerateRendersDescriptorConsumers","Output":"        \n","OutputType":"error-continue"}
{"Time":"2026-10-08T20:10:58.949417712Z","Action":"output","Package":"go.temporal.io/server/tools/gomad3/toolchain/version","Test":"TestGenerateRendersDescriptorConsumers","Output":"        ## Qualification command\n","OutputType":"error-continue"}
{"Time":"2026-10-08T20:10:58.949433171Z","Action":"output","Package":"go.temporal.io/server/tools/gomad3/toolchain/version","Test":"TestGenerateRendersDescriptorConsumers","Output":"        \n","OutputType":"error-continue"}
{"Time":"2026-10-08T20:10:58.949447462Z","Action":"output","Package":"go.temporal.io/server/tools/gomad3/toolchain/version","Test":"TestGenerateRendersDescriptorConsumers","Output":"        Run from the Gomad source module root after updating `toolchain/version/version.json`, the boundary manifest, patch, and overlays:\n","OutputType":"error-continue"}
{"Time":"2026-10-08T20:10:58.949471004Z","Action":"output","Package":"go.temporal.io/server/tools/gomad3/toolchain/version","Test":"TestGenerateRendersDescriptorConsumers","Output":"        \n","OutputType":"error-continue"}
{"Time":"2026-10-08T20:10:58.949490546Z","Action":"output","Package":"go.temporal.io/server/tools/gomad3/toolchain/version","Test":"TestGenerateRendersDescriptorConsumers","Output":"        ```sh\n","OutputType":"error-continue"}
{"Time":"2026-10-08T20:10:58.949503462Z","Action":"output","Package":"go.temporal.io/server/tools/gomad3/toolchain/version","Test":"TestGenerateRendersDescriptorConsumers","Output":"        make generate\n","OutputType":"error-continue"}
{"Time":"2026-10-08T20:10:58.949537712Z","Action":"output","Package":"go.temporal.io/server/tools/gomad3/toolchain/version","Test":"TestGenerateRendersDescriptorConsumers","Output":"        make upgrade-dossier GOMAD3_BASELINE_REF=\u003cprevious-commit\u003e\n","OutputType":"error-continue"}
{"Time":"2026-10-08T20:10:58.949559837Z","Action":"output","Package":"go.temporal.io/server/tools/gomad3/toolchain/version","Test":"TestGenerateRendersDescriptorConsumers","Output":"        ```\n","OutputType":"error-continue"}
{"Time":"2026-10-08T20:10:58.949593504Z","Action":"output","Package":"go.temporal.io/server/tools/gomad3/toolchain/version","Test":"TestGenerateRendersDescriptorConsumers","Output":"        \n","OutputType":"error-continue"}
{"Time":"2026-10-08T20:10:58.949613629Z","Action":"output","Package":"go.temporal.io/server/tools/gomad3/toolchain/version","Test":"TestGenerateRendersDescriptorConsumers","Output":"        The command publishes `.toolchain/upgrade-dossier.json`, even when a behavioral gate or boundary approval fails. The dossier contains the complete upstream patch diff, semantic boundary-manifest diff, expected and applied interception evidence, archive-based overlay collision results, disabled-mode upstream results, mandatory-probe gates, host-clock escape audit, retained core-corpus report, and platform qualification. If the dossier reports boundary changes, rerun only after reviewing and approving the complete diff:\n","OutputType":"error-continue"}
{"Time":"2026-10-08T20:10:58.949629796Z","Action":"output","Package":"go.temporal.io/server/tools/gomad3/toolchain/version","Test":"TestGenerateRendersDescriptorConsumers","Output":"        \n","OutputType":"error-continue"}
{"Time":"2026-10-08T20:10:58.949648337Z","Action":"output","Package":"go.temporal.io/server/tools/gomad3/toolchain/version","Test":"TestGenerateRendersDescriptorConsumers","Output":"        ```sh\n","OutputType":"error-continue"}
{"Time":"2026-10-08T20:10:58.949660629Z","Action":"output","Package":"go.temporal.io/server/tools/gomad3/toolchain/version","Test":"TestGenerateRendersDescriptorConsumers","Output":"        make upgrade-dossier GOMAD3_BASELINE_REF=\u003cprevious-commit\u003e GOMAD3_APPROVED_BOUNDARY_DIFF_SHA256=\u003cboundary_manifest_diff.sha256\u003e\n","OutputType":"error-continue"}
{"Time":"2026-10-08T20:10:58.949682462Z","Action":"output","Package":"go.temporal.io/server/tools/gomad3/toolchain/version","Test":"TestGenerateRendersDescriptorConsumers","Output":"        ```\n","OutputType":"error-continue"}
{"Time":"2026-10-08T20:10:58.949697629Z","Action":"output","Package":"go.temporal.io/server/tools/gomad3/toolchain/version","Test":"TestGenerateRendersDescriptorConsumers","Output":"        \n","OutputType":"error-continue"}
{"Time":"2026-10-08T20:10:58.949715837Z","Action":"output","Package":"go.temporal.io/server/tools/gomad3/toolchain/version","Test":"TestGenerateRendersDescriptorConsumers","Output":"        CI uploads the dossier on every run.\n","OutputType":"error-continue"}
{"Time":"2026-10-08T20:10:58.949735129Z","Action":"output","Package":"go.temporal.io/server/tools/gomad3/toolchain/version","Test":"TestGenerateRendersDescriptorConsumers","Output":"        \n","OutputType":"error-continue"}
{"Time":"2026-10-08T20:10:58.949762962Z","Action":"output","Package":"go.temporal.io/server/tools/gomad3/toolchain/version","Test":"TestGenerateRendersDescriptorConsumers","Output":"        ## Dependency bumps\n","OutputType":"error-continue"}
{"Time":"2026-10-08T20:10:58.949776254Z","Action":"output","Package":"go.temporal.io/server/tools/gomad3/toolchain/version","Test":"TestGenerateRendersDescriptorConsumers","Output":"        \n","OutputType":"error-continue"}
{"Time":"2026-10-08T20:10:58.949798962Z","Action":"output","Package":"go.temporal.io/server/tools/gomad3/toolchain/version","Test":"TestGenerateRendersDescriptorConsumers","Output":"        A bump of an adapted or compatibility-packed module keeps every pin exact. With the bump applied to the target module and not yet committed, run from the Gomad source module root (add `--module=\u003cdir\u003e` to `pin-impact` for a module other than the repository root module):\n","OutputType":"error-continue"}
{"Time":"2026-10-08T20:10:58.949822254Z","Action":"output","Package":"go.temporal.io/server/tools/gomad3/toolchain/version","Test":"TestGenerateRendersDescriptorConsumers","Output":"        \n","OutputType":"error-continue"}
{"Time":"2026-10-08T20:10:58.949837046Z","Action":"output","Package":"go.temporal.io/server/tools/gomad3/toolchain/version","Test":"TestGenerateRendersDescriptorConsumers","Output":"        ```sh\n","OutputType":"error-continue"}
{"Time":"2026-10-08T20:10:58.949851004Z","Action":"output","Package":"go.temporal.io/server/tools/gomad3/toolchain/version","Test":"TestGenerateRendersDescriptorConsumers","Output":"        go run ./cmd/gomadtool pin-impact\n","OutputType":"error-continue"}
{"Time":"2026-10-08T20:10:58.949864046Z","Action":"output","Package":"go.temporal.io/server/tools/gomad3/toolchain/version","Test":"TestGenerateRendersDescriptorConsumers","Output":"        go run ./cmd/gomadtool adapter-regenerate --module=\u003cadapted-module\u003e --version=\u003cnew-version\u003e\n","OutputType":"error-continue"}
{"Time":"2026-10-08T20:10:58.949876879Z","Action":"output","Package":"go.temporal.io/server/tools/gomad3/toolchain/version","Test":"TestGenerateRendersDescriptorConsumers","Output":"        go run ./cmd/gomadtool adapter-regenerate --module=\u003cadapted-module\u003e --version=\u003cnew-version\u003e --approve-review=\u003creviewed-digest\u003e\n","OutputType":"error-continue"}
{"Time":"2026-10-08T20:10:58.949889546Z","Action":"output","Package":"go.temporal.io/server/tools/gomad3/toolchain/version","Test":"TestGenerateRendersDescriptorConsumers","Output":"        go run ./cmd/gomadtool compatibility-pack refresh --root=.\n","OutputType":"error-continue"}
{"Time":"2026-10-08T20:10:58.949901587Z","Action":"output","Package":"go.temporal.io/server/tools/gomad3/toolchain/version","Test":"TestGenerateRendersDescriptorConsumers","Output":"        ```\n","OutputType":"error-continue"}
{"Time":"2026-10-08T20:10:58.949913462Z","Action":"output","Package":"go.temporal.io/server/tools/gomad3/toolchain/version","Test":"TestGenerateRendersDescriptorConsumers","Output":"        \n","OutputType":"error-continue"}
{"Time":"2026-10-08T20:10:58.949929712Z","Action":"output","Package":"go.temporal.io/server/tools/gomad3/toolchain/version","Test":"TestGenerateRendersDescriptorConsumers","Output":"        `pin-impact` lists the invalidated pins. Regenerate each adapter it names, reviewing the dry run's upstream diff before applying its digest; an anchor that no longer matches exactly once stops the command and needs a person. `compatibility-pack refresh` re-reviews every invalidated request and prints the `compatibility-pack generate --approve-review` command for each; each platform's host approves and qualifies its own requests with `make validate compatibility-pack-qualification`. A pack pinned to the replaced version stays invalidated after the bump is committed; when the bump removes a module, pass the revision before it with `--baseline-ref` so its pins are reported stale. A changed adapter changes the target identity, so rebuild `.bin/gomad` and requalify its workloads.\n","OutputType":"error-continue"}
{"Time":"2026-10-08T20:10:58.949955754Z","Action":"output","Package":"go.temporal.io/server/tools/gomad3/toolchain/version","Test":"TestGenerateRendersDescriptorConsumers","Output":"--- FAIL: TestGenerateRendersDescriptorConsumers (0.01s)\n","OutputType":"frame"}
{"Time":"2026-10-08T20:10:58.949970754Z","Action":"fail","Package":"go.temporal.io/server/tools/gomad3/toolchain/version","Test":"TestGenerateRendersDescriptorConsumers","Elapsed":0.01}
{"Time":"2026-10-08T20:10:58.949989837Z","Action":"output","Package":"go.temporal.io/server/tools/gomad3/toolchain/version","Output":"FAIL\n","OutputType":"frame"}
{"Time":"2026-10-08T20:10:58.950028212Z","Action":"output","Package":"go.temporal.io/server/tools/gomad3/toolchain/version","Output":"FAIL\tgo.temporal.io/server/tools/gomad3/toolchain/version\t0.015s\n","OutputType":"frame"}
{"Time":"2026-10-08T20:10:58.950044087Z","Action":"fail","Package":"go.temporal.io/server/tools/gomad3/toolchain/version","Elapsed":0.016}
