[1;36mDownloading github.com/golangci/golangci-lint/v2/cmd/golangci-lint@v2.13.0[0m
go: downloading github.com/golangci/golangci-lint/v2 v2.13.0
go: downloading charm.land/lipgloss/v2 v2.0.6
go: downloading github.com/gofrs/flock v0.13.0
go: downloading github.com/ldez/grignotin v0.10.1
go: downloading github.com/pelletier/go-toml/v2 v2.4.3
go: downloading github.com/santhosh-tekuri/jsonschema/v6 v6.0.3
go: downloading github.com/spf13/viper v1.12.0
go: downloading go.yaml.in/yaml/v3 v3.0.5
go: downloading golang.org/x/mod v0.40.0
go: downloading golang.org/x/tools v0.49.0
go: downloading github.com/go-viper/mapstructure/v2 v2.5.0
go: downloading github.com/pelletier/go-toml v1.9.5
go: downloading github.com/mitchellh/go-homedir v1.1.0
go: downloading github.com/alecthomas/chroma/v2 v2.27.0
go: downloading github.com/rogpeppe/go-internal v1.16.0
go: downloading github.com/mattn/go-colorable v0.1.15
go: downloading github.com/sirupsen/logrus v1.10.0
go: downloading github.com/stretchr/testify v1.12.1
go: downloading github.com/go-xmlfmt/xmlfmt v1.1.3
go: downloading github.com/golangci/plugin-module-register v0.1.2
go: downloading github.com/golangci/revgrep v0.8.0
go: downloading golang.org/x/text v0.40.0
go: downloading github.com/fsnotify/fsnotify v1.9.0
go: downloading github.com/spf13/afero v1.15.0
go: downloading github.com/spf13/cast v1.5.0
go: downloading github.com/spf13/jwalterweatherman v1.1.0
go: downloading github.com/charmbracelet/colorprofile v0.4.3
go: downloading github.com/charmbracelet/ultraviolet v0.0.0-20260811164956-006e29f97886
go: downloading github.com/charmbracelet/x/ansi v0.11.8
go: downloading github.com/charmbracelet/x/term v0.2.2
go: downloading github.com/clipperhouse/displaywidth v0.11.0
go: downloading github.com/lucasb-eyer/go-colorful v1.4.1
go: downloading github.com/rivo/uniseg v0.4.7
go: downloading github.com/daixiang0/gci v0.13.7
go: downloading github.com/golangci/gofmt v0.0.0-20250106114630-d62b90e6713d
go: downloading mvdan.cc/gofumpt v0.11.0
go: downloading github.com/golangci/golines v0.15.0
go: downloading github.com/sourcegraph/go-diff v0.8.0
go: downloading github.com/golangci/swaggoswag v0.0.0-20250504205917-77f2aca3143e
go: downloading go.augendre.info/arangolint v0.4.0
go: downloading github.com/alingse/asasalint v0.0.11
go: downloading github.com/golangci/asciicheck v0.5.0
go: downloading github.com/breml/bidichk v0.3.3
go: downloading github.com/timakin/bodyclose v0.0.0-20260129054331-73d1f95b84b4
go: downloading github.com/lasiar/canonicalheader v1.1.2
go: downloading github.com/ClickHouse/clickhouse-go-linter v1.2.1
go: downloading github.com/sivchari/containedctx v1.0.3
go: downloading github.com/kkHAIKE/contextcheck v1.1.6
go: downloading github.com/karamaru-alpha/copyloopvar v1.2.2
go: downloading github.com/bkielbasa/cyclop v1.2.3
go: downloading gitlab.com/bosi/decorder v0.4.2
go: downloading github.com/OpenPeeDeeP/depguard/v2 v2.2.1
go: downloading github.com/golangci/dupl v0.0.0-20260401084720-c99c5cf5c202
go: downloading github.com/Abirdcfly/dupword v0.1.8
go: downloading github.com/charithe/durationcheck v0.0.11
go: downloading github.com/manuelarte/embeddedstructfieldcheck v0.4.0
go: downloading github.com/Djarvur/go-err113 v0.1.1
go: downloading github.com/kisielk/errcheck v1.20.0
go: downloading github.com/breml/errchkjson v0.4.1
go: downloading github.com/Antonboom/errname v1.1.2
go: downloading codeberg.org/polyfloyd/go-errorlint v1.9.0
go: downloading github.com/nishanths/exhaustive v0.12.0
go: downloading dev.gaijin.team/go/exhaustruct/v4 v4.0.0
go: downloading dev.gaijin.team/go/exhaustruct/v5 v5.0.3
go: downloading github.com/ldez/exptostd v0.4.5
go: downloading go.augendre.info/fatcontext v0.10.0
go: downloading github.com/ashanbrown/forbidigo/v2 v2.3.1
go: downloading github.com/gostaticanalysis/forcetypeassert v0.2.0
go: downloading github.com/manuelarte/funcorder v0.6.0
go: downloading github.com/ultraware/funlen v0.2.0
go: downloading github.com/nunnatsa/ginkgolinter v0.23.1
go: downloading 4d63.com/gocheckcompilerdirectives v1.4.0
go: downloading 4d63.com/gochecknoglobals v0.2.2
go: downloading github.com/alecthomas/go-check-sumtype v0.3.1
go: downloading github.com/uudashr/gocognit v1.2.1
go: downloading github.com/jgautheron/goconst v1.11.0
go: downloading github.com/go-critic/go-critic v0.14.4
go: downloading github.com/quasilyte/go-ruleguard/dsl v0.3.23
go: downloading github.com/fzipp/gocyclo v0.6.0
go: downloading github.com/godoc-lint/godoc-lint v0.11.2
go: downloading github.com/quasilyte/go-ruleguard v0.4.5
go: downloading github.com/tetafro/godot v1.5.6
go: downloading github.com/matoous/godox v1.1.0
go: downloading github.com/denis-tingaikin/go-header v0.5.0
go: downloading github.com/ldez/gomoddirectives v0.9.0
go: downloading github.com/Masterminds/semver/v3 v3.5.0
go: downloading github.com/ryancurrah/gomodguard v1.4.1
go: downloading github.com/golangci/go-printf-func-name v0.1.1
go: downloading github.com/ryancurrah/gomodguard/v2 v2.1.3
go: downloading github.com/securego/gosec/v2 v2.28.0
go: downloading github.com/xen0n/gosmopolitan v1.3.0
go: downloading github.com/leonklingele/grouper v1.1.2
go: downloading github.com/uudashr/iface v1.5.0
go: downloading github.com/julz/importas v0.2.0
go: downloading github.com/macabu/inamedparam v0.2.0
go: downloading github.com/gordonklaus/ineffassign v0.2.0
go: downloading github.com/sashamelentyev/interfacebloat v1.1.0
go: downloading github.com/ckaznocha/intrange v0.3.1
go: downloading github.com/AdminBenni/iota-mixing v1.0.0
go: downloading github.com/butuzov/ireturn v0.4.1
go: downloading github.com/timonwong/loggercheck v0.11.0
go: downloading github.com/yagipy/maintidx v1.0.0
go: downloading github.com/ashanbrown/makezero/v2 v2.2.1
go: downloading github.com/butuzov/mirror v1.3.3
go: downloading github.com/golangci/misspell v0.8.0
go: downloading github.com/tommy-muehle/go-mnd/v2 v2.5.1
go: downloading go-simpler.org/musttag v0.14.0
go: downloading github.com/alexkohler/nakedret/v2 v2.0.6
go: downloading github.com/nakabonne/nestif v0.3.1
go: downloading github.com/gostaticanalysis/nilerr v0.1.2
go: downloading github.com/alingse/nilnesserr v0.2.0
go: downloading github.com/Antonboom/nilnil v1.1.2
go: downloading github.com/ssgreg/nlreturn/v2 v2.2.1
go: downloading github.com/sonatard/noctx v0.5.1
go: downloading github.com/firefart/nonamedreturns v1.0.8
go: downloading github.com/AlwxSin/noinlineerr v1.0.6
go: downloading github.com/stbenjam/no-sprintf-host-port v0.3.1
go: downloading github.com/kunwardeep/paralleltest v1.0.15
go: downloading github.com/catenacyber/perfsprint v0.10.1
go: downloading github.com/alexkohler/prealloc v1.1.0
go: downloading github.com/nishanths/predeclared v0.2.2
go: downloading github.com/yeya24/promlinter v0.3.0
go: downloading github.com/curioswitch/go-reassign v0.3.0
go: downloading github.com/ghostiam/protogetter v0.3.21
go: downloading github.com/raeperd/recvcheck v0.3.0
go: downloading github.com/mgechev/revive v1.15.0
go: downloading github.com/BurntSushi/toml v1.6.0
go: downloading github.com/golangci/rowserrcheck v0.0.0-20260419091836-c5f79b8a11ba
go: downloading go-simpler.org/sloglint v0.12.0
go: downloading github.com/jjti/go-spancheck v0.6.5
go: downloading github.com/ryanrolds/sqlclosecheck v0.6.0
go: downloading honnef.co/go/tools v0.8.0-rc.1
go: downloading github.com/4meepo/tagalign v1.4.3
go: downloading github.com/ldez/tagliatelle v0.7.2
go: downloading github.com/maratori/testableexamples v1.0.1
go: downloading github.com/Antonboom/testifylint v1.6.4
go: downloading github.com/maratori/testpackage v1.1.2
go: downloading github.com/kulti/thelper v0.7.1
go: downloading github.com/moricho/tparallel v0.3.2
go: downloading github.com/golangci/unconvert v0.0.0-20250410112200-a129a6e6413e
go: downloading mvdan.cc/unparam v0.0.0-20260818115549-3f964bcb5673
go: downloading github.com/MirrexOne/unqueryvet v1.5.4
go: downloading github.com/sashamelentyev/usestdlibvars v1.29.0
go: downloading github.com/ldez/usetesting v0.5.0
go: downloading github.com/blizzy78/varnamelen v0.8.0
go: downloading github.com/sanposhiho/wastedassign/v2 v2.1.0
go: downloading github.com/ultraware/whitespace v0.2.0
go: downloading github.com/tomarrell/wrapcheck/v2 v2.12.0
go: downloading github.com/bombsimon/wsl/v4 v4.7.0
go: downloading github.com/bombsimon/wsl/v5 v5.8.0
go: downloading github.com/ykadowak/zerologlint v0.1.5
go: downloading github.com/subosito/gotenv v1.4.1
go: downloading github.com/hashicorp/hcl v1.0.0
go: downloading gopkg.in/ini.v1 v1.67.0
go: downloading github.com/magiconair/properties v1.8.6
go: downloading github.com/xo/terminfo v0.0.0-20220910002029-abceb7e1c41e
go: downloading github.com/charmbracelet/x/termios v0.1.1
go: downloading github.com/charmbracelet/x/windows v0.2.2
go: downloading github.com/muesli/cancelreader v0.2.2
go: downloading github.com/mattn/go-runewidth v0.0.24
go: downloading go.uber.org/zap v1.27.0
go: downloading github.com/hexops/gotextdiff v1.0.3
go: downloading github.com/dave/dst v0.27.3
go: downloading github.com/gostaticanalysis/analysisutil v0.7.1
go: downloading github.com/go-toolsmith/astcast v1.1.0
go: downloading github.com/gobwas/glob v0.2.3
go: downloading dev.gaijin.team/go/golib v0.8.1
go: downloading github.com/go-toolsmith/astcopy v1.1.0
go: downloading github.com/go-toolsmith/astequal v1.2.0
go: downloading github.com/go-toolsmith/astfmt v1.1.0
go: downloading github.com/go-toolsmith/astp v1.1.0
go: downloading github.com/go-toolsmith/strparse v1.1.0
go: downloading github.com/go-toolsmith/typep v1.1.0
go: downloading github.com/quasilyte/regex/syntax v0.0.0-20210819130434-b3f0c404a727
go: downloading github.com/ccojocar/zxcvbn-go v1.0.4
go: downloading github.com/gostaticanalysis/comment v1.5.0
go: downloading github.com/prometheus/client_golang v1.12.1
go: downloading github.com/prometheus/client_model v0.2.0
go: downloading github.com/ettle/strcase v0.2.0
go: downloading github.com/fatih/structtag v1.2.0
go: downloading github.com/alfatraining/structtag v1.0.0
go: downloading github.com/hashicorp/go-immutable-radix/v2 v2.1.0
go: downloading github.com/dlclark/regexp2/v2 v2.2.1
go: downloading github.com/ldez/structtags v0.6.1
go: downloading go.uber.org/multierr v1.10.0
go: downloading golang.org/x/exp/typeparams v0.0.0-20260718201538-764159d718ef
go: downloading github.com/quasilyte/gogrep v0.5.0
go: downloading github.com/quasilyte/stdinfo v0.0.0-20220114132959-f7386bf02567
go: downloading codeberg.org/chavacava/garif v0.2.0
go: downloading github.com/golang/protobuf v1.5.3
go: downloading golang.org/x/exp v0.0.0-20250620022241-b7579e27df2b
go: downloading github.com/prometheus/common v0.32.1
go: downloading github.com/prometheus/procfs v0.7.3
go: downloading github.com/hashicorp/golang-lru/v2 v2.0.7
go: downloading github.com/matttproud/golang_protobuf_extensions v1.0.1
go: downloading github.com/dlclark/regexp2 v1.12.0
[1;36mDownloading fillmore-labs.com/errortype@v0.0.7[0m
go: downloading fillmore-labs.com/errortype v0.0.7
go: downloading golang.org/x/tools v0.38.0
go: downloading golang.org/x/exp v0.0.0-20251009144603-d2f985daa21b
go: downloading github.com/goccy/go-yaml v1.18.0
go: downloading golang.org/x/sync v0.17.0
go: downloading golang.org/x/mod v0.29.0
[1;36mLinting code...[0m
level=info msg="golangci-lint has version 2.13.0 built with go1.27.1 from (unknown, modified: ?, mod sum: \"h1:n/YR8sCuTAfjwKLHOU0q63X2e4tObi1PCNOz+HXJ3cE=\") on (unknown)"
level=info msg="[config_reader] Used config file .github/.golangci.yml"
level=info msg="[config_reader] Module name \"go.temporal.io/server\""
level=info msg="[goenv] Read go env for 6.689791ms: map[string]string{\"GOCACHE\":\"/Users/stephan/Library/Caches/go-build\", \"GOROOT\":\"/Users/stephan/go/pkg/mod/golang.org/toolchain@v0.0.1-go1.27.1.darwin-arm64\"}"
level=info msg="[lintersdb] Active 13 linters: [depguard errcheck exhaustive forbidigo gci godox goimports govet importas iotamixing revive staticcheck testifylint]"
level=info msg="[loader] Using build tags: [disable_grpc_modules  test_dep ]"
level=info msg="[loader] Go packages loading at mode 8767 (compiled_files|exports_file|imports|name|deps|files|types_sizes) took 1m33.283069417s"
level=info msg="[runner/filename_unadjuster] Pre-built 0 adjustments in 170.038125ms"
level=error msg="[linters_context] typechecking error: main module (go.temporal.io/server) does not contain package go.temporal.io/server/tools/gomad3/toolchain/runtime/overlay/src/net"
level=error msg="[linters_context] typechecking error: main module (go.temporal.io/server) does not contain package go.temporal.io/server/tools/gomad3/toolchain/runtime/overlay/src/cmd/compile/internal/gomadguard"
level=error msg="[linters_context] typechecking error: main module (go.temporal.io/server) does not contain package go.temporal.io/server/tools/gomad3/runner/internal/corpus"
level=error msg="[linters_context] typechecking error: main module (go.temporal.io/server) does not contain package go.temporal.io/server/tools/gomad3/world/process"
level=error msg="[linters_context] typechecking error: main module (go.temporal.io/server) does not contain package go.temporal.io/server/tools/gomad3/qualification/corpus/basic/network"
level=error msg="[linters_context] typechecking error: main module (go.temporal.io/server) does not contain package go.temporal.io/server/tools/gomad3/internal/gomadtool/conformance"
level=info msg="[linters_context/goanalysis] analyzers took 2.16704ms with top 10 stages: ctrlflow: 1.088542ms, printf: 633.709µs, typeindex: 137.542µs, inspect: 127.333µs, godox: 46.458µs, tests: 44.625µs, fact_deprecated: 19.333µs, directive: 18.625µs, isgenerated: 15.125µs, buildtag: 14.208µs"
level=info msg="[runner/exclusion_paths] Skipped 0 issues by pattern \"^api\""
level=info msg="[runner/exclusion_paths] Skipped 0 issues by pattern \"^proto\""
level=info msg="[runner/exclusion_paths] Skipped 0 issues by pattern \"^.git\""
level=info msg="[runner/exclusion_rules] Skipped 0 issues by rules: [Text: \"time.Now\", Path: \"chasm/lib/.*_test\\\\.go$\", Linters: \"forbidigo\"]"
level=info msg="[runner/exclusion_rules] Skipped 0 issues by rules: [Text: \"context.Background\", Path Except: \"tests/.+_test\\\\.go\", Linters: \"forbidigo\"]"
level=info msg="[runner/exclusion_rules] Skipped 0 issues by rules: [Text: \"Eventually\", Path: \"tests/(nexus_standalone|nexus_workflow|schedule|schedule_migration)_test\\\\.go$\", Linters: \"forbidigo\"]"
level=info msg="[runner/exclusion_rules] Skipped 0 issues by rules: [Text: \"(dot-imports|unchecked-type-assertion)\", Path: \"_test\\\\.go|tests/.+\\\\.go|common/testing/\", Linters: \"revive\"]"
level=info msg="[runner/exclusion_rules] Skipped 0 issues by rules: [Text: \"Unix|UnixMilli|UnixNano\", Path: \"_test\\\\.go$\", Linters: \"forbidigo\"]"
level=info msg="[runner/exclusion_rules] Skipped 0 issues by rules: [Text: \"use of `softassert\\\\.\\\\w+`\", Linters: \"forbidigo\"]"
level=info msg="[runner/exclusion_rules] Skipped 0 issues by rules: [Text: \"(cyclomatic|cognitive)\", Path: \"_test\\\\.go|tests/.+\\\\.go|common/testing/\", Linters: \"revive\"]"
level=info msg="[runner/exclusion_rules] Skipped 0 issues by rules: [Text: \"time.Now\", Path Except: \"chasm/lib/.*\\\\.go$\", Linters: \"forbidigo\"]"
level=info msg="[runner/exclusion_rules] Skipped 0 issues by rules: [Text: \"panic\", Path: \"_test\\\\.go|tests/.+\\\\.go|common/testing/\", Linters: \"forbidigo\"]"
level=info msg="[runner/exclusion_rules] Skipped 0 issues by rules: [Text: \"panic\", Path: \"chasm/lib/activity/model/.*\\\\.go$\", Linters: \"forbidigo\"]"
level=info msg="[runner/exclusion_rules] Skipped 0 issues by rules: [Text: \"FunctionalTestBase\", Path: \"tests/testcore/.*\\\\.go$\", Linters: \"forbidigo\"]"
level=info msg="[runner/exclusion_rules] Skipped 0 issues by rules: [Text: \"ActiveInCluster\", Path: \"common/namespace/(namespace|replication_resolver)(_test)?\\\\.go$\", Linters: \"forbidigo\"]"
level=info msg="[runner/exclusion_rules] Skipped 0 issues by rules: [Path: \"^tools\\\\/.+\\\\.go\", Linters: \"revive\"]"
level=info msg="[runner/exclusion_rules] Skipped 0 issues by rules: [Text: \"time.Sleep\", Path Except: \"_test\\\\.go|tests/.+\\\\.go\", Linters: \"forbidigo\"]"
level=info msg="[runner/exclusion_rules] Skipped 0 issues by rules: [Text: \"Unix|UnixMilli|UnixNano\", Path Except: \"common/persistence/cassandra/.*\\\\.go$\", Linters: \"forbidigo\"]"
level=info msg="[runner/exclusion_rules] Skipped 0 issues by rules: [Text: \"SA1019: go.temporal.io/server/service/history/hsm/(callbacks|nexusoperations) is deprecated\", Linters: \"staticcheck\"]"
level=info msg="[runner/exclusion_rules] Skipped 0 issues by rules: [Text: \"assert\\\\.CollectT\", Path: \"tests/(nexus_standalone|nexus_workflow)_test\\\\.go$\", Linters: \"forbidigo\"]"
level=info msg="[runner] processing took 125.081µs with stages: exclusion_rules: 106.75µs, exclusion_paths: 17.292µs, max_same_issues: 250ns, uniq_by_line: 84ns, max_from_linter: 83ns, nolint_filter: 83ns, filename_unadjuster: 42ns, fixer: 42ns, max_per_file_from_linter: 42ns, path_absoluter: 42ns, cgo: 42ns, generated_file_filter: 42ns, invalid_issue: 41ns, path_prettifier: 41ns, sort_results: 41ns, severity-rules: 41ns, path_shortener: 41ns, source_code: 41ns, diff: 41ns, path_relativity: 0s"
level=info msg="[runner] linters took 2.628871208s with stages: goanalysis_metalinter: 2.628677125s"
0 issues.
level=info msg="File cache stats: 0 entries of total size 0B"
level=info msg="Memory: 963 samples, avg is 44.6MB, max is 498.7MB"
level=info msg="Execution took 1m36.110009792s"
make[1]: *** [lint-code] Error 7
make: *** [lint-code-fast] Error 2
