level=info msg="golangci-lint has version 2.13.0 built with go1.27.1 from (unknown, modified: ?, mod sum: \"h1:n/YR8sCuTAfjwKLHOU0q63X2e4tObi1PCNOz+HXJ3cE=\") on (unknown)"
level=info msg="[config_reader] Used config file ../../.github/.golangci.yml"
level=info msg="[config_reader] Module name \"go.temporal.io/server/tools/gomad3\""
level=info msg="[goenv] Read go env for 1.621125ms: map[string]string{\"GOCACHE\":\"/Users/stephan/Workspace/skunkworks/gomad-fn109-next.nDsJ0uMh/task-62-private/cache\", \"GOROOT\":\"/home/agent/go/pkg/mod/golang.org/toolchain@v0.0.1-go1.27.1.linux-arm64\"}"
level=info msg="[lintersdb] Active 13 linters: [depguard errcheck exhaustive forbidigo gci godox goimports govet importas iotamixing revive staticcheck testifylint]"
level=info msg="[loader] Using build tags: [test_dep]"
level=info msg="[loader] Go packages loading at mode 8767 (name|deps|imports|types_sizes|compiled_files|exports_file|files) took 394.938167ms"
level=info msg="[runner/filename_unadjuster] Pre-built 0 adjustments in 27.615292ms"
level=info msg="[linters_context/goanalysis] analyzers took 6.069514515s with top 10 stages: revive: 2.549935626s, goimports: 462.556542ms, gci: 265.508375ms, nilness: 190.688572ms, buildir: 183.35322ms, forbidigo: 122.695709ms, S1038: 113.442209ms, SA1012: 53.965375ms, typeindex: 53.205796ms, S1008: 45.584667ms"
level=info msg="[runner/exclusion_paths] Skipped 0 issues by pattern \"^api\""
level=info msg="[runner/exclusion_paths] Skipped 0 issues by pattern \"^proto\""
level=info msg="[runner/exclusion_paths] Skipped 0 issues by pattern \"^.git\""
level=info msg="[runner/exclusion_rules] Skipped 0 issues by rules: [Text: \"Unix|UnixMilli|UnixNano\", Path: \"_test\\\\.go$\", Linters: \"forbidigo\"]"
level=info msg="[runner/exclusion_rules] Skipped 0 issues by rules: [Text: \"context.Background\", Path Except: \"tests/.+_test\\\\.go\", Linters: \"forbidigo\"]"
level=info msg="[runner/exclusion_rules] Skipped 2 issues by rules: [Text: \"(dot-imports|unchecked-type-assertion)\", Path: \"_test\\\\.go|tests/.+\\\\.go|common/testing/\", Linters: \"revive\"]"
level=info msg="[runner/exclusion_rules] Skipped 165 issues by rules: [Path: \"^tools\\\\/.+\\\\.go\", Linters: \"revive\"]"
level=info msg="[runner/exclusion_rules] Skipped 0 issues by rules: [Text: \"Unix|UnixMilli|UnixNano\", Path Except: \"common/persistence/cassandra/.*\\\\.go$\", Linters: \"forbidigo\"]"
level=info msg="[runner/exclusion_rules] Skipped 0 issues by rules: [Text: \"use of `softassert\\\\.\\\\w+`\", Linters: \"forbidigo\"]"
level=info msg="[runner/exclusion_rules] Skipped 30 issues by rules: [Text: \"(cyclomatic|cognitive)\", Path: \"_test\\\\.go|tests/.+\\\\.go|common/testing/\", Linters: \"revive\"]"
level=info msg="[runner/exclusion_rules] Skipped 0 issues by rules: [Text: \"time.Now\", Path: \"chasm/lib/.*_test\\\\.go$\", Linters: \"forbidigo\"]"
level=info msg="[runner/exclusion_rules] Skipped 0 issues by rules: [Text: \"panic\", Path: \"chasm/lib/activity/model/.*\\\\.go$\", Linters: \"forbidigo\"]"
level=info msg="[runner/exclusion_rules] Skipped 0 issues by rules: [Text: \"FunctionalTestBase\", Path: \"tests/testcore/.*\\\\.go$\", Linters: \"forbidigo\"]"
level=info msg="[runner/exclusion_rules] Skipped 0 issues by rules: [Text: \"ActiveInCluster\", Path: \"common/namespace/(namespace|replication_resolver)(_test)?\\\\.go$\", Linters: \"forbidigo\"]"
level=info msg="[runner/exclusion_rules] Skipped 0 issues by rules: [Text: \"Eventually\", Path: \"tests/(nexus_standalone|nexus_workflow|schedule|schedule_migration)_test\\\\.go$\", Linters: \"forbidigo\"]"
level=info msg="[runner/exclusion_rules] Skipped 0 issues by rules: [Text: \"assert\\\\.CollectT\", Path: \"tests/(nexus_standalone|nexus_workflow)_test\\\\.go$\", Linters: \"forbidigo\"]"
level=info msg="[runner/exclusion_rules] Skipped 0 issues by rules: [Text: \"time.Sleep\", Path Except: \"_test\\\\.go|tests/.+\\\\.go\", Linters: \"forbidigo\"]"
level=info msg="[runner/exclusion_rules] Skipped 34 issues by rules: [Text: \"time.Now\", Path Except: \"chasm/lib/.*\\\\.go$\", Linters: \"forbidigo\"]"
level=info msg="[runner/exclusion_rules] Skipped 2 issues by rules: [Text: \"panic\", Path: \"_test\\\\.go|tests/.+\\\\.go|common/testing/\", Linters: \"forbidigo\"]"
level=info msg="[runner/exclusion_rules] Skipped 0 issues by rules: [Text: \"SA1019: go.temporal.io/server/service/history/hsm/(callbacks|nexusoperations) is deprecated\", Linters: \"staticcheck\"]"
level=info msg="[runner/exclusion_rules] Skipped 0 issues by rules: [Text: \"^use of `panic` forbidden because \\\"Please avoid using panic in application code\\\"$\", Source: \"^\\\\t\\\\tpanic\\\\(\\\"gomad3: completed (an inactive campaign attempt|a campaign attempt without a classification)\\\"\\\\)$\", Path: \"^tools/gomad3/runner/internal/campaign/controller\\\\.go$\", Linters: \"forbidigo\"]"
level=info msg="[runner] Issues before processing: 239, after processing: 6"
level=info msg="[runner] Processors filtering stat (in/out): cgo: 239/239, filename_unadjuster: 239/239, uniq_by_line: 6/6, max_per_file_from_linter: 6/6, path_absoluter: 239/239, exclusion_paths: 239/239, exclusion_rules: 239/6, max_same_issues: 6/6, path_shortener: 6/6, path_prettifier: 6/6, sort_results: 6/6, path_relativity: 239/239, diff: 6/6, fixer: 6/6, max_from_linter: 6/6, severity-rules: 6/6, invalid_issue: 239/239, generated_file_filter: 239/239, nolint_filter: 6/6, source_code: 6/6"
level=info msg="[runner] processing took 10.535754ms with stages: generated_file_filter: 3.928625ms, nolint_filter: 3.336458ms, source_code: 1.832ms, exclusion_rules: 1.126792ms, path_relativity: 158.917µs, exclusion_paths: 132.792µs, cgo: 5.5µs, invalid_issue: 5.209µs, uniq_by_line: 1.834µs, sort_results: 1.5µs, filename_unadjuster: 1.417µs, path_shortener: 1.25µs, path_absoluter: 1.084µs, max_same_issues: 959ns, max_per_file_from_linter: 375ns, fixer: 333ns, diff: 292ns, path_prettifier: 208ns, max_from_linter: 125ns, severity-rules: 84ns"
level=info msg="[runner] linters took 2.786013126s with stages: goanalysis_metalinter: 2.775389959s"
level=info msg="File cache stats: 5 entries of total size 152.8KiB"
level=info msg="Memory: 34 samples, avg is 223.5MB, max is 271.1MB"
level=info msg="Execution took 3.219098918s"
