{"Time":"2026-10-09T23:27:11.775041784Z","Action":"start","Package":"go.temporal.io/server/tools/gomad3/runner"}
{"Time":"2026-10-09T23:27:11.839137492Z","Action":"run","Package":"go.temporal.io/server/tools/gomad3/runner","Test":"TestWaitForProgressStart"}
{"Time":"2026-10-09T23:27:11.839262534Z","Action":"output","Package":"go.temporal.io/server/tools/gomad3/runner","Test":"TestWaitForProgressStart","Output":"=== RUN   TestWaitForProgressStart\n","OutputType":"frame"}
{"Time":"2026-10-09T23:27:11.839315367Z","Action":"run","Package":"go.temporal.io/server/tools/gomad3/runner","Test":"TestWaitForProgressStart/started"}
{"Time":"2026-10-09T23:27:11.839336075Z","Action":"output","Package":"go.temporal.io/server/tools/gomad3/runner","Test":"TestWaitForProgressStart/started","Output":"=== RUN   TestWaitForProgressStart/started\n","OutputType":"frame"}
{"Time":"2026-10-09T23:27:11.839479284Z","Action":"output","Package":"go.temporal.io/server/tools/gomad3/runner","Test":"TestWaitForProgressStart/started","Output":"--- PASS: TestWaitForProgressStart/started (0.00s)\n","OutputType":"frame"}
{"Time":"2026-10-09T23:27:11.839530617Z","Action":"pass","Package":"go.temporal.io/server/tools/gomad3/runner","Test":"TestWaitForProgressStart/started","Elapsed":0}
{"Time":"2026-10-09T23:27:11.839556992Z","Action":"run","Package":"go.temporal.io/server/tools/gomad3/runner","Test":"TestWaitForProgressStart/nil_completion"}
{"Time":"2026-10-09T23:27:11.839586284Z","Action":"output","Package":"go.temporal.io/server/tools/gomad3/runner","Test":"TestWaitForProgressStart/nil_completion","Output":"=== RUN   TestWaitForProgressStart/nil_completion\n","OutputType":"frame"}
{"Time":"2026-10-09T23:27:12.840092868Z","Action":"output","Package":"go.temporal.io/server/tools/gomad3/runner","Test":"TestWaitForProgressStart/nil_completion","Output":"    progress_start_test.go:47: startup error = \u003cnil\u003e, want \"runner completed before target execution started: \u003cnil\u003e\"\n","OutputType":"error"}
{"Time":"2026-10-09T23:27:12.840283076Z","Action":"output","Package":"go.temporal.io/server/tools/gomad3/runner","Test":"TestWaitForProgressStart/nil_completion","Output":"--- FAIL: TestWaitForProgressStart/nil_completion (1.00s)\n","OutputType":"frame"}
{"Time":"2026-10-09T23:27:12.840337534Z","Action":"fail","Package":"go.temporal.io/server/tools/gomad3/runner","Test":"TestWaitForProgressStart/nil_completion","Elapsed":1}
{"Time":"2026-10-09T23:27:12.840384868Z","Action":"run","Package":"go.temporal.io/server/tools/gomad3/runner","Test":"TestWaitForProgressStart/deadline"}
{"Time":"2026-10-09T23:27:12.840517451Z","Action":"output","Package":"go.temporal.io/server/tools/gomad3/runner","Test":"TestWaitForProgressStart/deadline","Output":"=== RUN   TestWaitForProgressStart/deadline\n","OutputType":"frame"}
{"Time":"2026-10-09T23:27:13.84123516Z","Action":"output","Package":"go.temporal.io/server/tools/gomad3/runner","Test":"TestWaitForProgressStart/deadline","Output":"    progress_start_test.go:47: startup error = \u003cnil\u003e, want \"target execution did not start before startup deadline\"\n","OutputType":"error"}
{"Time":"2026-10-09T23:27:13.842067743Z","Action":"output","Package":"go.temporal.io/server/tools/gomad3/runner","Test":"TestWaitForProgressStart/deadline","Output":"--- FAIL: TestWaitForProgressStart/deadline (1.00s)\n","OutputType":"frame"}
{"Time":"2026-10-09T23:27:13.845584368Z","Action":"fail","Package":"go.temporal.io/server/tools/gomad3/runner","Test":"TestWaitForProgressStart/deadline","Elapsed":1}
{"Time":"2026-10-09T23:27:13.845746618Z","Action":"output","Package":"go.temporal.io/server/tools/gomad3/runner","Test":"TestWaitForProgressStart","Output":"--- FAIL: TestWaitForProgressStart (2.00s)\n","OutputType":"frame"}
{"Time":"2026-10-09T23:27:13.845894035Z","Action":"fail","Package":"go.temporal.io/server/tools/gomad3/runner","Test":"TestWaitForProgressStart","Elapsed":2}
{"Time":"2026-10-09T23:27:13.846029868Z","Action":"run","Package":"go.temporal.io/server/tools/gomad3/runner","Test":"TestWaitForProgressStartObservesPreparationFailure"}
{"Time":"2026-10-09T23:27:13.846129493Z","Action":"output","Package":"go.temporal.io/server/tools/gomad3/runner","Test":"TestWaitForProgressStartObservesPreparationFailure","Output":"=== RUN   TestWaitForProgressStartObservesPreparationFailure\n","OutputType":"frame"}
{"Time":"2026-10-09T23:27:14.84607166Z","Action":"output","Package":"go.temporal.io/server/tools/gomad3/runner","Test":"TestWaitForProgressStartObservesPreparationFailure","Output":"    progress_start_test.go:70: startup error = \u003cnil\u003e, want preparation sentinel\n","OutputType":"error"}
{"Time":"2026-10-09T23:27:14.85358966Z","Action":"output","Package":"go.temporal.io/server/tools/gomad3/runner","Test":"TestWaitForProgressStartObservesPreparationFailure","Output":"--- FAIL: TestWaitForProgressStartObservesPreparationFailure (1.01s)\n","OutputType":"frame"}
{"Time":"2026-10-09T23:27:14.853762577Z","Action":"fail","Package":"go.temporal.io/server/tools/gomad3/runner","Test":"TestWaitForProgressStartObservesPreparationFailure","Elapsed":1.01}
{"Time":"2026-10-09T23:27:14.854293952Z","Action":"output","Package":"go.temporal.io/server/tools/gomad3/runner","Output":"FAIL\n","OutputType":"frame"}
{"Time":"2026-10-09T23:27:14.855066785Z","Action":"output","Package":"go.temporal.io/server/tools/gomad3/runner","Output":"FAIL\tgo.temporal.io/server/tools/gomad3/runner\t3.080s\n","OutputType":"frame"}
{"Time":"2026-10-09T23:27:14.855482035Z","Action":"fail","Package":"go.temporal.io/server/tools/gomad3/runner","Elapsed":3.08}
