/Users/stephan/Workspace/skunkworks/gomad/temporal/tools/gomad3/toolchain/runtime/overlay/src/runtime/gomad_timewire_generated.go:57:6: can inline gomadSimulationTimePut64 with cost 21 as: func([]byte, uint64) { for loop }
/Users/stephan/Workspace/skunkworks/gomad/temporal/tools/gomad3/toolchain/runtime/overlay/src/runtime/gomad_timewire_generated.go:65:6: can inline gomadSimulationTimePut32 with cost 21 as: func([]byte, uint32) { for loop }
/Users/stephan/Workspace/skunkworks/gomad/temporal/tools/gomad3/toolchain/runtime/overlay/src/runtime/gomad_timewire_generated.go:19:6: cannot inline gomadSimulationTimeEncodeRequest: function too complex: cost 135 exceeds budget 80
/Users/stephan/Workspace/skunkworks/gomad/temporal/tools/gomad3/toolchain/runtime/overlay/src/runtime/gomad_timewire_generated.go:73:6: can inline gomadSimulationTimeGet64 with cost 20 as: func([]byte) uint64 { value = <nil>; for loop; return value }
/Users/stephan/Workspace/skunkworks/gomad/temporal/tools/gomad3/toolchain/runtime/overlay/src/runtime/gomad_timewire_generated.go:31:6: cannot inline gomadSimulationTimeDecodeResponse: function too complex: cost 133 exceeds budget 80
/Users/stephan/Workspace/skunkworks/gomad/temporal/tools/gomad3/toolchain/runtime/overlay/src/runtime/gomad_timewire_generated.go:21:26: inlining call to gomadSimulationTimePut64
/Users/stephan/Workspace/skunkworks/gomad/temporal/tools/gomad3/toolchain/runtime/overlay/src/runtime/gomad_timewire_generated.go:22:26: inlining call to gomadSimulationTimePut64
/Users/stephan/Workspace/skunkworks/gomad/temporal/tools/gomad3/toolchain/runtime/overlay/src/runtime/gomad_timewire_generated.go:23:26: inlining call to gomadSimulationTimePut64
/Users/stephan/Workspace/skunkworks/gomad/temporal/tools/gomad3/toolchain/runtime/overlay/src/runtime/gomad_timewire_generated.go:24:26: inlining call to gomadSimulationTimePut32
/Users/stephan/Workspace/skunkworks/gomad/temporal/tools/gomad3/toolchain/runtime/overlay/src/runtime/gomad_timewire_generated.go:40:29: inlining call to gomadSimulationTimeGet64
/Users/stephan/Workspace/skunkworks/gomad/temporal/tools/gomad3/toolchain/runtime/overlay/src/runtime/gomad_timewire_generated.go:48:43: inlining call to gomadSimulationTimeGet64
/Users/stephan/Workspace/skunkworks/gomad/temporal/tools/gomad3/toolchain/runtime/overlay/src/runtime/gomad_timewire_generated.go:19:39: destination does not escape
/Users/stephan/Workspace/skunkworks/gomad/temporal/tools/gomad3/toolchain/runtime/overlay/src/runtime/gomad_timewire_generated.go:31:40: source does not escape
/Users/stephan/Workspace/skunkworks/gomad/temporal/tools/gomad3/toolchain/runtime/overlay/src/runtime/gomad_timewire_generated.go:57:31: destination does not escape
/Users/stephan/Workspace/skunkworks/gomad/temporal/tools/gomad3/toolchain/runtime/overlay/src/runtime/gomad_timewire_generated.go:65:31: destination does not escape
/Users/stephan/Workspace/skunkworks/gomad/temporal/tools/gomad3/toolchain/runtime/overlay/src/runtime/gomad_timewire_generated.go:73:31: source does not escape
<unlinkable>.init STEXT size=16 align=0x0 args=0x0 locals=0x0 funcid=0x0 leaf
	0x0000 00000 (<autogenerated>:1)	TEXT	<unlinkable>.init(SB), LEAF|NOFRAME|PKGINIT|ABIInternal, $0-0
	0x0000 00000 (<autogenerated>:1)	FUNCDATA	$0, gclocals·g5+hNtRBP6YXNjfog7aZjQ==(SB)
	0x0000 00000 (<autogenerated>:1)	FUNCDATA	$1, gclocals·g5+hNtRBP6YXNjfog7aZjQ==(SB)
	0x0000 00000 (<autogenerated>:1)	RET	(R30)
	0x0000 c0 03 5f d6 00 00 00 00 00 00 00 00 00 00 00 00  .._.............
<unlinkable>.gomadSimulationTimeEncodeRequest STEXT nosplit size=176 align=0x0 args=0x28 locals=0x0 funcid=0x0 leaf
	0x0000 00000 (/Users/stephan/Workspace/skunkworks/gomad/temporal/tools/gomad3/toolchain/runtime/overlay/src/runtime/gomad_timewire_generated.go:19)	TEXT	<unlinkable>.gomadSimulationTimeEncodeRequest(SB), NOSPLIT|LEAF|NOFRAME|ABIInternal, $0-40
	0x0000 00000 (/Users/stephan/Workspace/skunkworks/gomad/temporal/tools/gomad3/toolchain/runtime/overlay/src/runtime/gomad_timewire_generated.go:19)	FUNCDATA	$0, gclocals·wvjpxkknJ4nY1JtrArJJaw==(SB)
	0x0000 00000 (/Users/stephan/Workspace/skunkworks/gomad/temporal/tools/gomad3/toolchain/runtime/overlay/src/runtime/gomad_timewire_generated.go:19)	FUNCDATA	$1, gclocals·J26BEvPExEQhJvjp9E8Whg==(SB)
	0x0000 00000 (/Users/stephan/Workspace/skunkworks/gomad/temporal/tools/gomad3/toolchain/runtime/overlay/src/runtime/gomad_timewire_generated.go:19)	FUNCDATA	$5, <unlinkable>.gomadSimulationTimeEncodeRequest.arginfo1(SB)
	0x0000 00000 (/Users/stephan/Workspace/skunkworks/gomad/temporal/tools/gomad3/toolchain/runtime/overlay/src/runtime/gomad_timewire_generated.go:19)	FUNCDATA	$6, <unlinkable>.gomadSimulationTimeEncodeRequest.argliveinfo(SB)
	0x0000 00000 (/Users/stephan/Workspace/skunkworks/gomad/temporal/tools/gomad3/toolchain/runtime/overlay/src/runtime/gomad_timewire_generated.go:19)	PCDATA	$3, $1
	0x0000 00000 (/Users/stephan/Workspace/skunkworks/gomad/temporal/tools/gomad3/toolchain/runtime/overlay/src/runtime/gomad_timewire_generated.go:20)	PCDATA	$0, $-2
	0x0000 00000 (/Users/stephan/Workspace/skunkworks/gomad/temporal/tools/gomad3/toolchain/runtime/overlay/src/runtime/gomad_timewire_generated.go:20)	MOVB	(R0), R27
	0x0004 00004 (/Users/stephan/Workspace/skunkworks/gomad/temporal/tools/gomad3/toolchain/runtime/overlay/src/runtime/gomad_timewire_generated.go:20)	MOVD	$<unlinkable>.gomadSimulationTimeRequestMagic(SB), R5
	0x000c 00012 (/Users/stephan/Workspace/skunkworks/gomad/temporal/tools/gomad3/toolchain/runtime/overlay/src/runtime/gomad_timewire_generated.go:20)	CMP	R5, R0
	0x0010 00016 (/Users/stephan/Workspace/skunkworks/gomad/temporal/tools/gomad3/toolchain/runtime/overlay/src/runtime/gomad_timewire_generated.go:20)	BEQ	32
	0x0014 00020 (/Users/stephan/Workspace/skunkworks/gomad/temporal/tools/gomad3/toolchain/runtime/overlay/src/runtime/gomad_timewire_generated.go:20)	MOVD	<unlinkable>.gomadSimulationTimeRequestMagic(SB), R5
	0x001c 00028 (/Users/stephan/Workspace/skunkworks/gomad/temporal/tools/gomad3/toolchain/runtime/overlay/src/runtime/gomad_timewire_generated.go:20)	MOVD	R5, (R0)
	0x0020 00032 (<unknown line number>)	NOP
	0x0020 00032 (/Users/stephan/Workspace/skunkworks/gomad/temporal/tools/gomad3/toolchain/runtime/overlay/src/runtime/gomad_timewire_generated.go:21)	ADD	$8, R0, R5
	0x0024 00036 (/Users/stephan/Workspace/skunkworks/gomad/temporal/tools/gomad3/toolchain/runtime/overlay/src/runtime/gomad_timewire_generated.go:58)	MOVD	$7, R6
	0x0028 00040 (/Users/stephan/Workspace/skunkworks/gomad/temporal/tools/gomad3/toolchain/runtime/overlay/src/runtime/gomad_timewire_generated.go:58)	JMP	56
	0x002c 00044 (/Users/stephan/Workspace/skunkworks/gomad/temporal/tools/gomad3/toolchain/runtime/overlay/src/runtime/gomad_timewire_generated.go:59)	MOVB	R1, (R5)(R6)
	0x0030 00048 (/Users/stephan/Workspace/skunkworks/gomad/temporal/tools/gomad3/toolchain/runtime/overlay/src/runtime/gomad_timewire_generated.go:58)	SUB	$1, R6, R6
	0x0034 00052 (/Users/stephan/Workspace/skunkworks/gomad/temporal/tools/gomad3/toolchain/runtime/overlay/src/runtime/gomad_timewire_generated.go:60)	LSR	$8, R1, R1
	0x0038 00056 (/Users/stephan/Workspace/skunkworks/gomad/temporal/tools/gomad3/toolchain/runtime/overlay/src/runtime/gomad_timewire_generated.go:58)	TBZ	$63, R6, 44
	0x003c 00060 (<unknown line number>)	NOP
	0x003c 00060 (/Users/stephan/Workspace/skunkworks/gomad/temporal/tools/gomad3/toolchain/runtime/overlay/src/runtime/gomad_timewire_generated.go:22)	ADD	$16, R0, R1
	0x0040 00064 (/Users/stephan/Workspace/skunkworks/gomad/temporal/tools/gomad3/toolchain/runtime/overlay/src/runtime/gomad_timewire_generated.go:58)	MOVD	$7, R5
	0x0044 00068 (/Users/stephan/Workspace/skunkworks/gomad/temporal/tools/gomad3/toolchain/runtime/overlay/src/runtime/gomad_timewire_generated.go:58)	JMP	84
	0x0048 00072 (/Users/stephan/Workspace/skunkworks/gomad/temporal/tools/gomad3/toolchain/runtime/overlay/src/runtime/gomad_timewire_generated.go:59)	MOVB	R2, (R1)(R5)
	0x004c 00076 (/Users/stephan/Workspace/skunkworks/gomad/temporal/tools/gomad3/toolchain/runtime/overlay/src/runtime/gomad_timewire_generated.go:58)	SUB	$1, R5, R5
	0x0050 00080 (/Users/stephan/Workspace/skunkworks/gomad/temporal/tools/gomad3/toolchain/runtime/overlay/src/runtime/gomad_timewire_generated.go:60)	LSR	$8, R2, R2
	0x0054 00084 (/Users/stephan/Workspace/skunkworks/gomad/temporal/tools/gomad3/toolchain/runtime/overlay/src/runtime/gomad_timewire_generated.go:58)	TBZ	$63, R5, 72
	0x0058 00088 (<unknown line number>)	NOP
	0x0058 00088 (/Users/stephan/Workspace/skunkworks/gomad/temporal/tools/gomad3/toolchain/runtime/overlay/src/runtime/gomad_timewire_generated.go:23)	ADD	$24, R0, R1
	0x005c 00092 (/Users/stephan/Workspace/skunkworks/gomad/temporal/tools/gomad3/toolchain/runtime/overlay/src/runtime/gomad_timewire_generated.go:58)	MOVD	$7, R2
	0x0060 00096 (/Users/stephan/Workspace/skunkworks/gomad/temporal/tools/gomad3/toolchain/runtime/overlay/src/runtime/gomad_timewire_generated.go:58)	JMP	112
	0x0064 00100 (/Users/stephan/Workspace/skunkworks/gomad/temporal/tools/gomad3/toolchain/runtime/overlay/src/runtime/gomad_timewire_generated.go:59)	MOVB	R3, (R1)(R2)
	0x0068 00104 (/Users/stephan/Workspace/skunkworks/gomad/temporal/tools/gomad3/toolchain/runtime/overlay/src/runtime/gomad_timewire_generated.go:58)	SUB	$1, R2, R2
	0x006c 00108 (/Users/stephan/Workspace/skunkworks/gomad/temporal/tools/gomad3/toolchain/runtime/overlay/src/runtime/gomad_timewire_generated.go:60)	LSR	$8, R3, R3
	0x0070 00112 (/Users/stephan/Workspace/skunkworks/gomad/temporal/tools/gomad3/toolchain/runtime/overlay/src/runtime/gomad_timewire_generated.go:58)	TBZ	$63, R2, 100
	0x0074 00116 (<unknown line number>)	NOP
	0x0074 00116 (/Users/stephan/Workspace/skunkworks/gomad/temporal/tools/gomad3/toolchain/runtime/overlay/src/runtime/gomad_timewire_generated.go:24)	ADD	$32, R0, R1
	0x0078 00120 (/Users/stephan/Workspace/skunkworks/gomad/temporal/tools/gomad3/toolchain/runtime/overlay/src/runtime/gomad_timewire_generated.go:66)	MOVD	$3, R2
	0x007c 00124 (/Users/stephan/Workspace/skunkworks/gomad/temporal/tools/gomad3/toolchain/runtime/overlay/src/runtime/gomad_timewire_generated.go:66)	JMP	140
	0x0080 00128 (/Users/stephan/Workspace/skunkworks/gomad/temporal/tools/gomad3/toolchain/runtime/overlay/src/runtime/gomad_timewire_generated.go:67)	MOVB	R4, (R1)(R2)
	0x0084 00132 (/Users/stephan/Workspace/skunkworks/gomad/temporal/tools/gomad3/toolchain/runtime/overlay/src/runtime/gomad_timewire_generated.go:66)	SUB	$1, R2, R2
	0x0088 00136 (/Users/stephan/Workspace/skunkworks/gomad/temporal/tools/gomad3/toolchain/runtime/overlay/src/runtime/gomad_timewire_generated.go:68)	UBFX	$8, R4, $24, R4
	0x008c 00140 (/Users/stephan/Workspace/skunkworks/gomad/temporal/tools/gomad3/toolchain/runtime/overlay/src/runtime/gomad_timewire_generated.go:66)	TBZ	$63, R2, 128
	0x0090 00144 (/Users/stephan/Workspace/skunkworks/gomad/temporal/tools/gomad3/toolchain/runtime/overlay/src/runtime/gomad_timewire_generated.go:66)	MOVD	$36, R1
	0x0094 00148 (/Users/stephan/Workspace/skunkworks/gomad/temporal/tools/gomad3/toolchain/runtime/overlay/src/runtime/gomad_timewire_generated.go:66)	JMP	160
	0x0098 00152 (/Users/stephan/Workspace/skunkworks/gomad/temporal/tools/gomad3/toolchain/runtime/overlay/src/runtime/gomad_timewire_generated.go:26)	MOVB	ZR, (R0)(R1)
	0x009c 00156 (/Users/stephan/Workspace/skunkworks/gomad/temporal/tools/gomad3/toolchain/runtime/overlay/src/runtime/gomad_timewire_generated.go:25)	ADD	$1, R1, R1
	0x00a0 00160 (/Users/stephan/Workspace/skunkworks/gomad/temporal/tools/gomad3/toolchain/runtime/overlay/src/runtime/gomad_timewire_generated.go:25)	CMP	$40, R1
	0x00a4 00164 (/Users/stephan/Workspace/skunkworks/gomad/temporal/tools/gomad3/toolchain/runtime/overlay/src/runtime/gomad_timewire_generated.go:25)	BLT	152
	0x00a8 00168 (/Users/stephan/Workspace/skunkworks/gomad/temporal/tools/gomad3/toolchain/runtime/overlay/src/runtime/gomad_timewire_generated.go:28)	RET	(R30)
	0x0000 1b 00 80 39 05 00 00 90 a5 00 00 91 1f 00 05 eb  ...9............
	0x0010 80 00 00 54 1b 00 00 90 65 03 40 f9 05 00 00 f9  ...T....e.@.....
	0x0020 05 20 00 91 e6 0b 40 b2 04 00 00 14 a1 68 26 38  . ....@......h&8
	0x0030 c6 04 00 d1 21 fc 48 d3 a6 ff ff b6 01 40 00 91  ....!.H......@..
	0x0040 e5 0b 40 b2 04 00 00 14 22 68 25 38 a5 04 00 d1  ..@....."h%8....
	0x0050 42 fc 48 d3 a5 ff ff b6 01 60 00 91 e2 0b 40 b2  B.H......`....@.
	0x0060 04 00 00 14 23 68 22 38 42 04 00 d1 63 fc 48 d3  ....#h"8B...c.H.
	0x0070 a2 ff ff b6 01 80 00 91 e2 07 40 b2 04 00 00 14  ..........@.....
	0x0080 24 68 22 38 42 04 00 d1 84 7c 48 d3 a2 ff ff b6  $h"8B....|H.....
	0x0090 81 04 80 d2 03 00 00 14 1f 68 21 38 21 04 00 91  .........h!8!...
	0x00a0 3f a0 00 f1 ab ff ff 54 c0 03 5f d6 00 00 00 00  ?......T.._.....
	rel 4+8 t=R_ADDRARM64 <unlinkable>.gomadSimulationTimeRequestMagic+0
	rel 20+8 t=R_ARM64_PCREL_LDST64 <unlinkable>.gomadSimulationTimeRequestMagic+0
<unlinkable>.gomadSimulationTimeDecodeResponse STEXT nosplit size=288 align=0x0 args=0x28 locals=0x0 funcid=0x0 leaf
	0x0000 00000 (/Users/stephan/Workspace/skunkworks/gomad/temporal/tools/gomad3/toolchain/runtime/overlay/src/runtime/gomad_timewire_generated.go:31)	TEXT	<unlinkable>.gomadSimulationTimeDecodeResponse(SB), NOSPLIT|LEAF|NOFRAME|ABIInternal, $0-40
	0x0000 00000 (/Users/stephan/Workspace/skunkworks/gomad/temporal/tools/gomad3/toolchain/runtime/overlay/src/runtime/gomad_timewire_generated.go:31)	MOVD	R0, <unlinkable>.source(FP)
	0x0004 00004 (/Users/stephan/Workspace/skunkworks/gomad/temporal/tools/gomad3/toolchain/runtime/overlay/src/runtime/gomad_timewire_generated.go:31)	FUNCDATA	$0, gclocals·wvjpxkknJ4nY1JtrArJJaw==(SB)
	0x0004 00004 (/Users/stephan/Workspace/skunkworks/gomad/temporal/tools/gomad3/toolchain/runtime/overlay/src/runtime/gomad_timewire_generated.go:31)	FUNCDATA	$1, gclocals·J26BEvPExEQhJvjp9E8Whg==(SB)
	0x0004 00004 (/Users/stephan/Workspace/skunkworks/gomad/temporal/tools/gomad3/toolchain/runtime/overlay/src/runtime/gomad_timewire_generated.go:31)	FUNCDATA	$5, <unlinkable>.gomadSimulationTimeDecodeResponse.arginfo1(SB)
	0x0004 00004 (/Users/stephan/Workspace/skunkworks/gomad/temporal/tools/gomad3/toolchain/runtime/overlay/src/runtime/gomad_timewire_generated.go:31)	FUNCDATA	$6, <unlinkable>.gomadSimulationTimeDecodeResponse.argliveinfo(SB)
	0x0004 00004 (/Users/stephan/Workspace/skunkworks/gomad/temporal/tools/gomad3/toolchain/runtime/overlay/src/runtime/gomad_timewire_generated.go:31)	PCDATA	$3, $1
	0x0004 00004 (/Users/stephan/Workspace/skunkworks/gomad/temporal/tools/gomad3/toolchain/runtime/overlay/src/runtime/gomad_timewire_generated.go:32)	PCDATA	$0, $-2
	0x0004 00004 (/Users/stephan/Workspace/skunkworks/gomad/temporal/tools/gomad3/toolchain/runtime/overlay/src/runtime/gomad_timewire_generated.go:32)	CMP	$32, R1
	0x0008 00008 (/Users/stephan/Workspace/skunkworks/gomad/temporal/tools/gomad3/toolchain/runtime/overlay/src/runtime/gomad_timewire_generated.go:32)	BNE	20
	0x000c 00012 (/Users/stephan/Workspace/skunkworks/gomad/temporal/tools/gomad3/toolchain/runtime/overlay/src/runtime/gomad_timewire_generated.go:32)	MOVD	ZR, R5
	0x0010 00016 (/Users/stephan/Workspace/skunkworks/gomad/temporal/tools/gomad3/toolchain/runtime/overlay/src/runtime/gomad_timewire_generated.go:32)	JMP	40
	0x0014 00020 (/Users/stephan/Workspace/skunkworks/gomad/temporal/tools/gomad3/toolchain/runtime/overlay/src/runtime/gomad_timewire_generated.go:33)	MOVD	ZR, R0
	0x0018 00024 (/Users/stephan/Workspace/skunkworks/gomad/temporal/tools/gomad3/toolchain/runtime/overlay/src/runtime/gomad_timewire_generated.go:33)	MOVD	ZR, R1
	0x001c 00028 (/Users/stephan/Workspace/skunkworks/gomad/temporal/tools/gomad3/toolchain/runtime/overlay/src/runtime/gomad_timewire_generated.go:33)	MOVD	ZR, R2
	0x0020 00032 (/Users/stephan/Workspace/skunkworks/gomad/temporal/tools/gomad3/toolchain/runtime/overlay/src/runtime/gomad_timewire_generated.go:33)	RET	(R30)
	0x0024 00036 (/Users/stephan/Workspace/skunkworks/gomad/temporal/tools/gomad3/toolchain/runtime/overlay/src/runtime/gomad_timewire_generated.go:35)	ADD	$1, R5, R5
	0x0028 00040 (/Users/stephan/Workspace/skunkworks/gomad/temporal/tools/gomad3/toolchain/runtime/overlay/src/runtime/gomad_timewire_generated.go:35)	CMP	$8, R5
	0x002c 00044 (/Users/stephan/Workspace/skunkworks/gomad/temporal/tools/gomad3/toolchain/runtime/overlay/src/runtime/gomad_timewire_generated.go:35)	BGE	88
	0x0030 00048 (/Users/stephan/Workspace/skunkworks/gomad/temporal/tools/gomad3/toolchain/runtime/overlay/src/runtime/gomad_timewire_generated.go:36)	MOVBU	(R0)(R5), R6
	0x0034 00052 (/Users/stephan/Workspace/skunkworks/gomad/temporal/tools/gomad3/toolchain/runtime/overlay/src/runtime/gomad_timewire_generated.go:36)	MOVD	$<unlinkable>.gomadSimulationTimeResponseMagic(SB), R7
	0x003c 00060 (/Users/stephan/Workspace/skunkworks/gomad/temporal/tools/gomad3/toolchain/runtime/overlay/src/runtime/gomad_timewire_generated.go:36)	MOVBU	(R7)(R5), R8
	0x0040 00064 (/Users/stephan/Workspace/skunkworks/gomad/temporal/tools/gomad3/toolchain/runtime/overlay/src/runtime/gomad_timewire_generated.go:36)	CMPW	R8, R6
	0x0044 00068 (/Users/stephan/Workspace/skunkworks/gomad/temporal/tools/gomad3/toolchain/runtime/overlay/src/runtime/gomad_timewire_generated.go:36)	BEQ	36
	0x0048 00072 (/Users/stephan/Workspace/skunkworks/gomad/temporal/tools/gomad3/toolchain/runtime/overlay/src/runtime/gomad_timewire_generated.go:37)	MOVD	ZR, R0
	0x004c 00076 (/Users/stephan/Workspace/skunkworks/gomad/temporal/tools/gomad3/toolchain/runtime/overlay/src/runtime/gomad_timewire_generated.go:37)	MOVD	ZR, R1
	0x0050 00080 (/Users/stephan/Workspace/skunkworks/gomad/temporal/tools/gomad3/toolchain/runtime/overlay/src/runtime/gomad_timewire_generated.go:37)	MOVD	ZR, R2
	0x0054 00084 (/Users/stephan/Workspace/skunkworks/gomad/temporal/tools/gomad3/toolchain/runtime/overlay/src/runtime/gomad_timewire_generated.go:37)	RET	(R30)
	0x0058 00088 (<unknown line number>)	NOP
	0x0058 00088 (/Users/stephan/Workspace/skunkworks/gomad/temporal/tools/gomad3/toolchain/runtime/overlay/src/runtime/gomad_timewire_generated.go:40)	ADD	$8, R0, R5
	0x005c 00092 (/Users/stephan/Workspace/skunkworks/gomad/temporal/tools/gomad3/toolchain/runtime/overlay/src/runtime/gomad_timewire_generated.go:75)	MOVD	ZR, R6
	0x0060 00096 (/Users/stephan/Workspace/skunkworks/gomad/temporal/tools/gomad3/toolchain/runtime/overlay/src/runtime/gomad_timewire_generated.go:75)	MOVD	ZR, R7
	0x0064 00100 (/Users/stephan/Workspace/skunkworks/gomad/temporal/tools/gomad3/toolchain/runtime/overlay/src/runtime/gomad_timewire_generated.go:75)	JMP	116
	0x0068 00104 (/Users/stephan/Workspace/skunkworks/gomad/temporal/tools/gomad3/toolchain/runtime/overlay/src/runtime/gomad_timewire_generated.go:75)	MOVBU	(R5)(R6), R8
	0x006c 00108 (/Users/stephan/Workspace/skunkworks/gomad/temporal/tools/gomad3/toolchain/runtime/overlay/src/runtime/gomad_timewire_generated.go:76)	ORR	R7<<8, R8, R7
	0x0070 00112 (/Users/stephan/Workspace/skunkworks/gomad/temporal/tools/gomad3/toolchain/runtime/overlay/src/runtime/gomad_timewire_generated.go:75)	ADD	$1, R6, R6
	0x0074 00116 (/Users/stephan/Workspace/skunkworks/gomad/temporal/tools/gomad3/toolchain/runtime/overlay/src/runtime/gomad_timewire_generated.go:75)	CMP	$8, R6
	0x0078 00120 (/Users/stephan/Workspace/skunkworks/gomad/temporal/tools/gomad3/toolchain/runtime/overlay/src/runtime/gomad_timewire_generated.go:75)	BLT	104
	0x007c 00124 (/Users/stephan/Workspace/skunkworks/gomad/temporal/tools/gomad3/toolchain/runtime/overlay/src/runtime/gomad_timewire_generated.go:40)	CMP	R7, R3
	0x0080 00128 (/Users/stephan/Workspace/skunkworks/gomad/temporal/tools/gomad3/toolchain/runtime/overlay/src/runtime/gomad_timewire_generated.go:40)	BNE	144
	0x0084 00132 (/Users/stephan/Workspace/skunkworks/gomad/temporal/tools/gomad3/toolchain/runtime/overlay/src/runtime/gomad_timewire_generated.go:43)	ADD	$25, R0, R3
	0x0088 00136 (/Users/stephan/Workspace/skunkworks/gomad/temporal/tools/gomad3/toolchain/runtime/overlay/src/runtime/gomad_timewire_generated.go:43)	MOVD	ZR, R5
	0x008c 00140 (/Users/stephan/Workspace/skunkworks/gomad/temporal/tools/gomad3/toolchain/runtime/overlay/src/runtime/gomad_timewire_generated.go:43)	JMP	164
	0x0090 00144 (/Users/stephan/Workspace/skunkworks/gomad/temporal/tools/gomad3/toolchain/runtime/overlay/src/runtime/gomad_timewire_generated.go:41)	MOVD	ZR, R0
	0x0094 00148 (/Users/stephan/Workspace/skunkworks/gomad/temporal/tools/gomad3/toolchain/runtime/overlay/src/runtime/gomad_timewire_generated.go:41)	MOVD	ZR, R1
	0x0098 00152 (/Users/stephan/Workspace/skunkworks/gomad/temporal/tools/gomad3/toolchain/runtime/overlay/src/runtime/gomad_timewire_generated.go:41)	MOVD	ZR, R2
	0x009c 00156 (/Users/stephan/Workspace/skunkworks/gomad/temporal/tools/gomad3/toolchain/runtime/overlay/src/runtime/gomad_timewire_generated.go:41)	RET	(R30)
	0x00a0 00160 (/Users/stephan/Workspace/skunkworks/gomad/temporal/tools/gomad3/toolchain/runtime/overlay/src/runtime/gomad_timewire_generated.go:43)	ADD	$1, R5, R5
	0x00a4 00164 (/Users/stephan/Workspace/skunkworks/gomad/temporal/tools/gomad3/toolchain/runtime/overlay/src/runtime/gomad_timewire_generated.go:43)	CMP	$7, R5
	0x00a8 00168 (/Users/stephan/Workspace/skunkworks/gomad/temporal/tools/gomad3/toolchain/runtime/overlay/src/runtime/gomad_timewire_generated.go:43)	BGE	196
	0x00ac 00172 (/Users/stephan/Workspace/skunkworks/gomad/temporal/tools/gomad3/toolchain/runtime/overlay/src/runtime/gomad_timewire_generated.go:43)	MOVBU	(R3)(R5), R6
	0x00b0 00176 (/Users/stephan/Workspace/skunkworks/gomad/temporal/tools/gomad3/toolchain/runtime/overlay/src/runtime/gomad_timewire_generated.go:44)	CBZW	R6, 160
	0x00b4 00180 (/Users/stephan/Workspace/skunkworks/gomad/temporal/tools/gomad3/toolchain/runtime/overlay/src/runtime/gomad_timewire_generated.go:45)	MOVD	ZR, R0
	0x00b8 00184 (/Users/stephan/Workspace/skunkworks/gomad/temporal/tools/gomad3/toolchain/runtime/overlay/src/runtime/gomad_timewire_generated.go:45)	MOVD	ZR, R1
	0x00bc 00188 (/Users/stephan/Workspace/skunkworks/gomad/temporal/tools/gomad3/toolchain/runtime/overlay/src/runtime/gomad_timewire_generated.go:45)	MOVD	ZR, R2
	0x00c0 00192 (/Users/stephan/Workspace/skunkworks/gomad/temporal/tools/gomad3/toolchain/runtime/overlay/src/runtime/gomad_timewire_generated.go:45)	RET	(R30)
	0x00c4 00196 (<unknown line number>)	NOP
	0x00c4 00196 (/Users/stephan/Workspace/skunkworks/gomad/temporal/tools/gomad3/toolchain/runtime/overlay/src/runtime/gomad_timewire_generated.go:48)	ADD	$16, R0, R3
	0x00c8 00200 (/Users/stephan/Workspace/skunkworks/gomad/temporal/tools/gomad3/toolchain/runtime/overlay/src/runtime/gomad_timewire_generated.go:75)	MOVD	ZR, R5
	0x00cc 00204 (/Users/stephan/Workspace/skunkworks/gomad/temporal/tools/gomad3/toolchain/runtime/overlay/src/runtime/gomad_timewire_generated.go:32)	MOVD	R0, R1
	0x00d0 00208 (/Users/stephan/Workspace/skunkworks/gomad/temporal/tools/gomad3/toolchain/runtime/overlay/src/runtime/gomad_timewire_generated.go:75)	MOVD	ZR, R0
	0x00d4 00212 (/Users/stephan/Workspace/skunkworks/gomad/temporal/tools/gomad3/toolchain/runtime/overlay/src/runtime/gomad_timewire_generated.go:75)	JMP	228
	0x00d8 00216 (/Users/stephan/Workspace/skunkworks/gomad/temporal/tools/gomad3/toolchain/runtime/overlay/src/runtime/gomad_timewire_generated.go:75)	MOVBU	(R3)(R5), R6
	0x00dc 00220 (/Users/stephan/Workspace/skunkworks/gomad/temporal/tools/gomad3/toolchain/runtime/overlay/src/runtime/gomad_timewire_generated.go:76)	ORR	R0<<8, R6, R0
	0x00e0 00224 (/Users/stephan/Workspace/skunkworks/gomad/temporal/tools/gomad3/toolchain/runtime/overlay/src/runtime/gomad_timewire_generated.go:75)	ADD	$1, R5, R5
	0x00e4 00228 (/Users/stephan/Workspace/skunkworks/gomad/temporal/tools/gomad3/toolchain/runtime/overlay/src/runtime/gomad_timewire_generated.go:75)	CMP	$8, R5
	0x00e8 00232 (/Users/stephan/Workspace/skunkworks/gomad/temporal/tools/gomad3/toolchain/runtime/overlay/src/runtime/gomad_timewire_generated.go:75)	BLT	216
	0x00ec 00236 (/Users/stephan/Workspace/skunkworks/gomad/temporal/tools/gomad3/toolchain/runtime/overlay/src/runtime/gomad_timewire_generated.go:50)	CMP	R0, R4
	0x00f0 00240 (/Users/stephan/Workspace/skunkworks/gomad/temporal/tools/gomad3/toolchain/runtime/overlay/src/runtime/gomad_timewire_generated.go:50)	BGT	264
	0x00f4 00244 (/Users/stephan/Workspace/skunkworks/gomad/temporal/tools/gomad3/toolchain/runtime/overlay/src/runtime/gomad_timewire_generated.go:49)	MOVBU	24(R1), R1
	0x00f8 00248 (/Users/stephan/Workspace/skunkworks/gomad/temporal/tools/gomad3/toolchain/runtime/overlay/src/runtime/gomad_timewire_generated.go:50)	MOVD	R1, R3
	0x00fc 00252 (/Users/stephan/Workspace/skunkworks/gomad/temporal/tools/gomad3/toolchain/runtime/overlay/src/runtime/gomad_timewire_generated.go:50)	CBZW	R3, 264
	0x0100 00256 (/Users/stephan/Workspace/skunkworks/gomad/temporal/tools/gomad3/toolchain/runtime/overlay/src/runtime/gomad_timewire_generated.go:50)	CMPW	$4, R3
	0x0104 00260 (/Users/stephan/Workspace/skunkworks/gomad/temporal/tools/gomad3/toolchain/runtime/overlay/src/runtime/gomad_timewire_generated.go:50)	BLS	280
	0x0108 00264 (/Users/stephan/Workspace/skunkworks/gomad/temporal/tools/gomad3/toolchain/runtime/overlay/src/runtime/gomad_timewire_generated.go:51)	MOVD	ZR, R0
	0x010c 00268 (/Users/stephan/Workspace/skunkworks/gomad/temporal/tools/gomad3/toolchain/runtime/overlay/src/runtime/gomad_timewire_generated.go:51)	MOVD	ZR, R1
	0x0110 00272 (/Users/stephan/Workspace/skunkworks/gomad/temporal/tools/gomad3/toolchain/runtime/overlay/src/runtime/gomad_timewire_generated.go:51)	MOVD	ZR, R2
	0x0114 00276 (/Users/stephan/Workspace/skunkworks/gomad/temporal/tools/gomad3/toolchain/runtime/overlay/src/runtime/gomad_timewire_generated.go:51)	RET	(R30)
	0x0118 00280 (/Users/stephan/Workspace/skunkworks/gomad/temporal/tools/gomad3/toolchain/runtime/overlay/src/runtime/gomad_timewire_generated.go:53)	MOVD	$1, R2
	0x011c 00284 (/Users/stephan/Workspace/skunkworks/gomad/temporal/tools/gomad3/toolchain/runtime/overlay/src/runtime/gomad_timewire_generated.go:53)	RET	(R30)
	0x0000 e0 07 00 f9 3f 80 00 f1 61 00 00 54 e5 03 1f aa  ....?...a..T....
	0x0010 06 00 00 14 e0 03 1f aa e1 03 1f aa e2 03 1f aa  ................
	0x0020 c0 03 5f d6 a5 04 00 91 bf 20 00 f1 6a 01 00 54  .._...... ..j..T
	0x0030 06 68 65 38 07 00 00 90 e7 00 00 91 e8 68 65 38  .he8.........he8
	0x0040 df 00 08 6b 00 ff ff 54 e0 03 1f aa e1 03 1f aa  ...k...T........
	0x0050 e2 03 1f aa c0 03 5f d6 05 20 00 91 e6 03 1f aa  ......_.. ......
	0x0060 e7 03 1f aa 04 00 00 14 a8 68 66 38 07 21 07 aa  .........hf8.!..
	0x0070 c6 04 00 91 df 20 00 f1 8b ff ff 54 7f 00 07 eb  ..... .....T....
	0x0080 81 00 00 54 03 64 00 91 e5 03 1f aa 06 00 00 14  ...T.d..........
	0x0090 e0 03 1f aa e1 03 1f aa e2 03 1f aa c0 03 5f d6  .............._.
	0x00a0 a5 04 00 91 bf 1c 00 f1 ea 00 00 54 66 68 65 38  ...........Tfhe8
	0x00b0 86 ff ff 34 e0 03 1f aa e1 03 1f aa e2 03 1f aa  ...4............
	0x00c0 c0 03 5f d6 03 40 00 91 e5 03 1f aa e1 03 00 aa  .._..@..........
	0x00d0 e0 03 1f aa 04 00 00 14 66 68 65 38 c0 20 00 aa  ........fhe8. ..
	0x00e0 a5 04 00 91 bf 20 00 f1 8b ff ff 54 9f 00 00 eb  ..... .....T....
	0x00f0 cc 00 00 54 21 60 40 39 e3 03 01 aa 63 00 00 34  ...T!`@9....c..4
	0x0100 7f 10 00 71 a9 00 00 54 e0 03 1f aa e1 03 1f aa  ...q...T........
	0x0110 e2 03 1f aa c0 03 5f d6 e2 03 40 b2 c0 03 5f d6  ......_...@..._.
	rel 52+8 t=R_ADDRARM64 <unlinkable>.gomadSimulationTimeResponseMagic+0
<unlinkable>.gomadSimulationTimePut64 STEXT nosplit size=80 align=0x0 args=0x20 locals=0x8 funcid=0x0
	0x0000 00000 (/Users/stephan/Workspace/skunkworks/gomad/temporal/tools/gomad3/toolchain/runtime/overlay/src/runtime/gomad_timewire_generated.go:57)	TEXT	<unlinkable>.gomadSimulationTimePut64(SB), NOSPLIT|ABIInternal, $16-32
	0x0000 00000 (/Users/stephan/Workspace/skunkworks/gomad/temporal/tools/gomad3/toolchain/runtime/overlay/src/runtime/gomad_timewire_generated.go:57)	MOVD.W	R30, -16(RSP)
	0x0004 00004 (/Users/stephan/Workspace/skunkworks/gomad/temporal/tools/gomad3/toolchain/runtime/overlay/src/runtime/gomad_timewire_generated.go:57)	MOVD	R29, -8(RSP)
	0x0008 00008 (/Users/stephan/Workspace/skunkworks/gomad/temporal/tools/gomad3/toolchain/runtime/overlay/src/runtime/gomad_timewire_generated.go:57)	SUB	$8, RSP, R29
	0x000c 00012 (/Users/stephan/Workspace/skunkworks/gomad/temporal/tools/gomad3/toolchain/runtime/overlay/src/runtime/gomad_timewire_generated.go:57)	MOVD	R0, <unlinkable>.destination(FP)
	0x0010 00016 (/Users/stephan/Workspace/skunkworks/gomad/temporal/tools/gomad3/toolchain/runtime/overlay/src/runtime/gomad_timewire_generated.go:57)	FUNCDATA	$0, gclocals·wvjpxkknJ4nY1JtrArJJaw==(SB)
	0x0010 00016 (/Users/stephan/Workspace/skunkworks/gomad/temporal/tools/gomad3/toolchain/runtime/overlay/src/runtime/gomad_timewire_generated.go:57)	FUNCDATA	$1, gclocals·J26BEvPExEQhJvjp9E8Whg==(SB)
	0x0010 00016 (/Users/stephan/Workspace/skunkworks/gomad/temporal/tools/gomad3/toolchain/runtime/overlay/src/runtime/gomad_timewire_generated.go:57)	FUNCDATA	$5, <unlinkable>.gomadSimulationTimePut64.arginfo1(SB)
	0x0010 00016 (/Users/stephan/Workspace/skunkworks/gomad/temporal/tools/gomad3/toolchain/runtime/overlay/src/runtime/gomad_timewire_generated.go:57)	FUNCDATA	$6, <unlinkable>.gomadSimulationTimePut64.argliveinfo(SB)
	0x0010 00016 (/Users/stephan/Workspace/skunkworks/gomad/temporal/tools/gomad3/toolchain/runtime/overlay/src/runtime/gomad_timewire_generated.go:57)	PCDATA	$3, $1
	0x0010 00016 (/Users/stephan/Workspace/skunkworks/gomad/temporal/tools/gomad3/toolchain/runtime/overlay/src/runtime/gomad_timewire_generated.go:58)	PCDATA	$0, $-2
	0x0010 00016 (/Users/stephan/Workspace/skunkworks/gomad/temporal/tools/gomad3/toolchain/runtime/overlay/src/runtime/gomad_timewire_generated.go:58)	MOVD	$7, R2
	0x0014 00020 (/Users/stephan/Workspace/skunkworks/gomad/temporal/tools/gomad3/toolchain/runtime/overlay/src/runtime/gomad_timewire_generated.go:58)	JMP	36
	0x0018 00024 (/Users/stephan/Workspace/skunkworks/gomad/temporal/tools/gomad3/toolchain/runtime/overlay/src/runtime/gomad_timewire_generated.go:59)	MOVB	R3, (R0)(R2)
	0x001c 00028 (/Users/stephan/Workspace/skunkworks/gomad/temporal/tools/gomad3/toolchain/runtime/overlay/src/runtime/gomad_timewire_generated.go:58)	SUB	$1, R2, R2
	0x0020 00032 (/Users/stephan/Workspace/skunkworks/gomad/temporal/tools/gomad3/toolchain/runtime/overlay/src/runtime/gomad_timewire_generated.go:60)	LSR	$8, R3, R3
	0x0024 00036 (/Users/stephan/Workspace/skunkworks/gomad/temporal/tools/gomad3/toolchain/runtime/overlay/src/runtime/gomad_timewire_generated.go:58)	TBNZ	$63, R2, 52
	0x0028 00040 (/Users/stephan/Workspace/skunkworks/gomad/temporal/tools/gomad3/toolchain/runtime/overlay/src/runtime/gomad_timewire_generated.go:59)	CMP	R2, R1
	0x002c 00044 (/Users/stephan/Workspace/skunkworks/gomad/temporal/tools/gomad3/toolchain/runtime/overlay/src/runtime/gomad_timewire_generated.go:59)	BHI	24
	0x0030 00048 (/Users/stephan/Workspace/skunkworks/gomad/temporal/tools/gomad3/toolchain/runtime/overlay/src/runtime/gomad_timewire_generated.go:59)	JMP	64
	0x0034 00052 (/Users/stephan/Workspace/skunkworks/gomad/temporal/tools/gomad3/toolchain/runtime/overlay/src/runtime/gomad_timewire_generated.go:62)	MOVD	-8(RSP), R29
	0x0038 00056 (/Users/stephan/Workspace/skunkworks/gomad/temporal/tools/gomad3/toolchain/runtime/overlay/src/runtime/gomad_timewire_generated.go:62)	MOVD.P	16(RSP), R30
	0x003c 00060 (/Users/stephan/Workspace/skunkworks/gomad/temporal/tools/gomad3/toolchain/runtime/overlay/src/runtime/gomad_timewire_generated.go:62)	RET	(R30)
	0x0040 00064 (/Users/stephan/Workspace/skunkworks/gomad/temporal/tools/gomad3/toolchain/runtime/overlay/src/runtime/gomad_timewire_generated.go:59)	PCDATA	$1, $1
	0x0040 00064 (/Users/stephan/Workspace/skunkworks/gomad/temporal/tools/gomad3/toolchain/runtime/overlay/src/runtime/gomad_timewire_generated.go:59)	PCDATA	$4, $1359
	0x0040 00064 (/Users/stephan/Workspace/skunkworks/gomad/temporal/tools/gomad3/toolchain/runtime/overlay/src/runtime/gomad_timewire_generated.go:59)	CALL	runtime.panicBounds(SB)
	0x0044 00068 (/Users/stephan/Workspace/skunkworks/gomad/temporal/tools/gomad3/toolchain/runtime/overlay/src/runtime/gomad_timewire_generated.go:59)	HINT	$0
	0x0000 fe 0f 1f f8 fd 83 1f f8 fd 23 00 d1 e0 0f 00 f9  .........#......
	0x0010 e2 0b 40 b2 04 00 00 14 03 68 22 38 42 04 00 d1  ..@......h"8B...
	0x0020 63 fc 48 d3 82 00 f8 b7 3f 00 02 eb 68 ff ff 54  c.H.....?...h..T
	0x0030 04 00 00 14 fd 83 5f f8 fe 07 41 f8 c0 03 5f d6  ......_...A..._.
	0x0040 00 00 00 94 1f 20 03 d5 00 00 00 00 00 00 00 00  ..... ..........
	rel 64+4 t=R_CALLARM64 runtime.panicBounds+0
<unlinkable>.gomadSimulationTimePut32 STEXT nosplit size=80 align=0x0 args=0x20 locals=0x8 funcid=0x0
	0x0000 00000 (/Users/stephan/Workspace/skunkworks/gomad/temporal/tools/gomad3/toolchain/runtime/overlay/src/runtime/gomad_timewire_generated.go:65)	TEXT	<unlinkable>.gomadSimulationTimePut32(SB), NOSPLIT|ABIInternal, $16-32
	0x0000 00000 (/Users/stephan/Workspace/skunkworks/gomad/temporal/tools/gomad3/toolchain/runtime/overlay/src/runtime/gomad_timewire_generated.go:65)	MOVD.W	R30, -16(RSP)
	0x0004 00004 (/Users/stephan/Workspace/skunkworks/gomad/temporal/tools/gomad3/toolchain/runtime/overlay/src/runtime/gomad_timewire_generated.go:65)	MOVD	R29, -8(RSP)
	0x0008 00008 (/Users/stephan/Workspace/skunkworks/gomad/temporal/tools/gomad3/toolchain/runtime/overlay/src/runtime/gomad_timewire_generated.go:65)	SUB	$8, RSP, R29
	0x000c 00012 (/Users/stephan/Workspace/skunkworks/gomad/temporal/tools/gomad3/toolchain/runtime/overlay/src/runtime/gomad_timewire_generated.go:65)	MOVD	R0, <unlinkable>.destination(FP)
	0x0010 00016 (/Users/stephan/Workspace/skunkworks/gomad/temporal/tools/gomad3/toolchain/runtime/overlay/src/runtime/gomad_timewire_generated.go:65)	FUNCDATA	$0, gclocals·wvjpxkknJ4nY1JtrArJJaw==(SB)
	0x0010 00016 (/Users/stephan/Workspace/skunkworks/gomad/temporal/tools/gomad3/toolchain/runtime/overlay/src/runtime/gomad_timewire_generated.go:65)	FUNCDATA	$1, gclocals·J26BEvPExEQhJvjp9E8Whg==(SB)
	0x0010 00016 (/Users/stephan/Workspace/skunkworks/gomad/temporal/tools/gomad3/toolchain/runtime/overlay/src/runtime/gomad_timewire_generated.go:65)	FUNCDATA	$5, <unlinkable>.gomadSimulationTimePut32.arginfo1(SB)
	0x0010 00016 (/Users/stephan/Workspace/skunkworks/gomad/temporal/tools/gomad3/toolchain/runtime/overlay/src/runtime/gomad_timewire_generated.go:65)	FUNCDATA	$6, <unlinkable>.gomadSimulationTimePut32.argliveinfo(SB)
	0x0010 00016 (/Users/stephan/Workspace/skunkworks/gomad/temporal/tools/gomad3/toolchain/runtime/overlay/src/runtime/gomad_timewire_generated.go:65)	PCDATA	$3, $1
	0x0010 00016 (/Users/stephan/Workspace/skunkworks/gomad/temporal/tools/gomad3/toolchain/runtime/overlay/src/runtime/gomad_timewire_generated.go:66)	PCDATA	$0, $-2
	0x0010 00016 (/Users/stephan/Workspace/skunkworks/gomad/temporal/tools/gomad3/toolchain/runtime/overlay/src/runtime/gomad_timewire_generated.go:66)	MOVD	$3, R2
	0x0014 00020 (/Users/stephan/Workspace/skunkworks/gomad/temporal/tools/gomad3/toolchain/runtime/overlay/src/runtime/gomad_timewire_generated.go:66)	JMP	36
	0x0018 00024 (/Users/stephan/Workspace/skunkworks/gomad/temporal/tools/gomad3/toolchain/runtime/overlay/src/runtime/gomad_timewire_generated.go:67)	MOVB	R3, (R0)(R2)
	0x001c 00028 (/Users/stephan/Workspace/skunkworks/gomad/temporal/tools/gomad3/toolchain/runtime/overlay/src/runtime/gomad_timewire_generated.go:66)	SUB	$1, R2, R2
	0x0020 00032 (/Users/stephan/Workspace/skunkworks/gomad/temporal/tools/gomad3/toolchain/runtime/overlay/src/runtime/gomad_timewire_generated.go:68)	UBFX	$8, R3, $24, R3
	0x0024 00036 (/Users/stephan/Workspace/skunkworks/gomad/temporal/tools/gomad3/toolchain/runtime/overlay/src/runtime/gomad_timewire_generated.go:66)	TBNZ	$63, R2, 52
	0x0028 00040 (/Users/stephan/Workspace/skunkworks/gomad/temporal/tools/gomad3/toolchain/runtime/overlay/src/runtime/gomad_timewire_generated.go:67)	CMP	R2, R1
	0x002c 00044 (/Users/stephan/Workspace/skunkworks/gomad/temporal/tools/gomad3/toolchain/runtime/overlay/src/runtime/gomad_timewire_generated.go:67)	BHI	24
	0x0030 00048 (/Users/stephan/Workspace/skunkworks/gomad/temporal/tools/gomad3/toolchain/runtime/overlay/src/runtime/gomad_timewire_generated.go:67)	JMP	64
	0x0034 00052 (/Users/stephan/Workspace/skunkworks/gomad/temporal/tools/gomad3/toolchain/runtime/overlay/src/runtime/gomad_timewire_generated.go:70)	MOVD	-8(RSP), R29
	0x0038 00056 (/Users/stephan/Workspace/skunkworks/gomad/temporal/tools/gomad3/toolchain/runtime/overlay/src/runtime/gomad_timewire_generated.go:70)	MOVD.P	16(RSP), R30
	0x003c 00060 (/Users/stephan/Workspace/skunkworks/gomad/temporal/tools/gomad3/toolchain/runtime/overlay/src/runtime/gomad_timewire_generated.go:70)	RET	(R30)
	0x0040 00064 (/Users/stephan/Workspace/skunkworks/gomad/temporal/tools/gomad3/toolchain/runtime/overlay/src/runtime/gomad_timewire_generated.go:67)	PCDATA	$1, $1
	0x0040 00064 (/Users/stephan/Workspace/skunkworks/gomad/temporal/tools/gomad3/toolchain/runtime/overlay/src/runtime/gomad_timewire_generated.go:67)	PCDATA	$4, $1359
	0x0040 00064 (/Users/stephan/Workspace/skunkworks/gomad/temporal/tools/gomad3/toolchain/runtime/overlay/src/runtime/gomad_timewire_generated.go:67)	CALL	runtime.panicBounds(SB)
	0x0044 00068 (/Users/stephan/Workspace/skunkworks/gomad/temporal/tools/gomad3/toolchain/runtime/overlay/src/runtime/gomad_timewire_generated.go:67)	HINT	$0
	0x0000 fe 0f 1f f8 fd 83 1f f8 fd 23 00 d1 e0 0f 00 f9  .........#......
	0x0010 e2 07 40 b2 04 00 00 14 03 68 22 38 42 04 00 d1  ..@......h"8B...
	0x0020 63 7c 48 d3 82 00 f8 b7 3f 00 02 eb 68 ff ff 54  c|H.....?...h..T
	0x0030 04 00 00 14 fd 83 5f f8 fe 07 41 f8 c0 03 5f d6  ......_...A..._.
	0x0040 00 00 00 94 1f 20 03 d5 00 00 00 00 00 00 00 00  ..... ..........
	rel 64+4 t=R_CALLARM64 runtime.panicBounds+0
<unlinkable>.gomadSimulationTimeGet64 STEXT nosplit size=48 align=0x0 args=0x18 locals=0x0 funcid=0x0 leaf
	0x0000 00000 (/Users/stephan/Workspace/skunkworks/gomad/temporal/tools/gomad3/toolchain/runtime/overlay/src/runtime/gomad_timewire_generated.go:73)	TEXT	<unlinkable>.gomadSimulationTimeGet64(SB), NOSPLIT|LEAF|NOFRAME|ABIInternal, $0-24
	0x0000 00000 (/Users/stephan/Workspace/skunkworks/gomad/temporal/tools/gomad3/toolchain/runtime/overlay/src/runtime/gomad_timewire_generated.go:73)	MOVD	R0, <unlinkable>.source(FP)
	0x0004 00004 (/Users/stephan/Workspace/skunkworks/gomad/temporal/tools/gomad3/toolchain/runtime/overlay/src/runtime/gomad_timewire_generated.go:73)	FUNCDATA	$0, gclocals·wvjpxkknJ4nY1JtrArJJaw==(SB)
	0x0004 00004 (/Users/stephan/Workspace/skunkworks/gomad/temporal/tools/gomad3/toolchain/runtime/overlay/src/runtime/gomad_timewire_generated.go:73)	FUNCDATA	$1, gclocals·J26BEvPExEQhJvjp9E8Whg==(SB)
	0x0004 00004 (/Users/stephan/Workspace/skunkworks/gomad/temporal/tools/gomad3/toolchain/runtime/overlay/src/runtime/gomad_timewire_generated.go:73)	FUNCDATA	$5, <unlinkable>.gomadSimulationTimeGet64.arginfo1(SB)
	0x0004 00004 (/Users/stephan/Workspace/skunkworks/gomad/temporal/tools/gomad3/toolchain/runtime/overlay/src/runtime/gomad_timewire_generated.go:73)	FUNCDATA	$6, <unlinkable>.gomadSimulationTimeGet64.argliveinfo(SB)
	0x0004 00004 (/Users/stephan/Workspace/skunkworks/gomad/temporal/tools/gomad3/toolchain/runtime/overlay/src/runtime/gomad_timewire_generated.go:73)	PCDATA	$3, $1
	0x0004 00004 (/Users/stephan/Workspace/skunkworks/gomad/temporal/tools/gomad3/toolchain/runtime/overlay/src/runtime/gomad_timewire_generated.go:75)	PCDATA	$0, $-2
	0x0004 00004 (/Users/stephan/Workspace/skunkworks/gomad/temporal/tools/gomad3/toolchain/runtime/overlay/src/runtime/gomad_timewire_generated.go:75)	MOVD	ZR, R2
	0x0008 00008 (/Users/stephan/Workspace/skunkworks/gomad/temporal/tools/gomad3/toolchain/runtime/overlay/src/runtime/gomad_timewire_generated.go:75)	MOVD	ZR, R3
	0x000c 00012 (/Users/stephan/Workspace/skunkworks/gomad/temporal/tools/gomad3/toolchain/runtime/overlay/src/runtime/gomad_timewire_generated.go:75)	JMP	28
	0x0010 00016 (/Users/stephan/Workspace/skunkworks/gomad/temporal/tools/gomad3/toolchain/runtime/overlay/src/runtime/gomad_timewire_generated.go:75)	MOVBU	(R0)(R3), R4
	0x0014 00020 (/Users/stephan/Workspace/skunkworks/gomad/temporal/tools/gomad3/toolchain/runtime/overlay/src/runtime/gomad_timewire_generated.go:76)	ORR	R2<<8, R4, R2
	0x0018 00024 (/Users/stephan/Workspace/skunkworks/gomad/temporal/tools/gomad3/toolchain/runtime/overlay/src/runtime/gomad_timewire_generated.go:75)	ADD	$1, R3, R3
	0x001c 00028 (/Users/stephan/Workspace/skunkworks/gomad/temporal/tools/gomad3/toolchain/runtime/overlay/src/runtime/gomad_timewire_generated.go:75)	CMP	R3, R1
	0x0020 00032 (/Users/stephan/Workspace/skunkworks/gomad/temporal/tools/gomad3/toolchain/runtime/overlay/src/runtime/gomad_timewire_generated.go:75)	BGT	16
	0x0024 00036 (/Users/stephan/Workspace/skunkworks/gomad/temporal/tools/gomad3/toolchain/runtime/overlay/src/runtime/gomad_timewire_generated.go:78)	MOVD	R2, R0
	0x0028 00040 (/Users/stephan/Workspace/skunkworks/gomad/temporal/tools/gomad3/toolchain/runtime/overlay/src/runtime/gomad_timewire_generated.go:78)	RET	(R30)
	0x0000 e0 07 00 f9 e2 03 1f aa e3 03 1f aa 04 00 00 14  ................
	0x0010 04 68 63 38 82 20 02 aa 63 04 00 91 3f 00 03 eb  .hc8. ..c...?...
	0x0020 8c ff ff 54 e0 03 02 aa c0 03 5f d6 00 00 00 00  ...T......_.....
go:cuinfo.producer.<unlinkable> SDWARFCUINFO dupok size=0 align=0x0
	0x0000 72 65 67 61 62 69                                regabi
go:cuinfo.packagename.<unlinkable> SDWARFCUINFO dupok size=0 align=0x0
	0x0000 72 75 6e 74 69 6d 65                             runtime
go:info.<unlinkable>.gomadSimulationTimePut64$abstract SDWARFABSFCN dupok size=85 align=0x0
	0x0000 05 3c 75 6e 6c 69 6e 6b 61 62 6c 65 3e 2e 67 6f  .<unlinkable>.go
	0x0010 6d 61 64 53 69 6d 75 6c 61 74 69 6f 6e 54 69 6d  madSimulationTim
	0x0020 65 50 75 74 36 34 00 01 39 01 22 64 65 73 74 69  ePut64..9."desti
	0x0030 6e 61 74 69 6f 6e 00 00 00 00 00 00 22 76 61 6c  nation......"val
	0x0040 75 65 00 00 00 00 00 00 21 69 6e 64 65 78 00 3a  ue......!index.:
	0x0050 00 00 00 00 00                                   .....
	rel 56+4 t=R_DWARFSECREF go:info.[]uint8+0
	rel 68+4 t=R_DWARFSECREF go:info.uint64+0
	rel 80+4 t=R_DWARFSECREF go:info.int+0
go:info.<unlinkable>.gomadSimulationTimePut32$abstract SDWARFABSFCN dupok size=85 align=0x0
	0x0000 05 3c 75 6e 6c 69 6e 6b 61 62 6c 65 3e 2e 67 6f  .<unlinkable>.go
	0x0010 6d 61 64 53 69 6d 75 6c 61 74 69 6f 6e 54 69 6d  madSimulationTim
	0x0020 65 50 75 74 33 32 00 01 41 01 22 64 65 73 74 69  ePut32..A."desti
	0x0030 6e 61 74 69 6f 6e 00 00 00 00 00 00 22 76 61 6c  nation......"val
	0x0040 75 65 00 00 00 00 00 00 21 69 6e 64 65 78 00 42  ue......!index.B
	0x0050 00 00 00 00 00                                   .....
	rel 56+4 t=R_DWARFSECREF go:info.[]uint8+0
	rel 68+4 t=R_DWARFSECREF go:info.uint32+0
	rel 80+4 t=R_DWARFSECREF go:info.int+0
go:info.<unlinkable>.gomadSimulationTimeGet64$abstract SDWARFABSFCN dupok size=82 align=0x0
	0x0000 05 3c 75 6e 6c 69 6e 6b 61 62 6c 65 3e 2e 67 6f  .<unlinkable>.go
	0x0010 6d 61 64 53 69 6d 75 6c 61 74 69 6f 6e 54 69 6d  madSimulationTim
	0x0020 65 47 65 74 36 34 00 01 49 01 22 73 6f 75 72 63  eGet64..I."sourc
	0x0030 65 00 00 00 00 00 00 21 76 61 6c 75 65 00 4a 00  e......!value.J.
	0x0040 00 00 00 21 63 75 72 72 65 6e 74 00 4b 00 00 00  ...!current.K...
	0x0050 00 00                                            ..
	rel 51+4 t=R_DWARFSECREF go:info.[]uint8+0
	rel 63+4 t=R_DWARFSECREF go:info.uint64+0
	rel 77+4 t=R_DWARFSECREF go:info.uint8+0
go:constinfo.<unlinkable> SDWARFCONST size=319 align=0x0
	0x0000 0b 3c 75 6e 6c 69 6e 6b 61 62 6c 65 3e 2e 67 6f  .<unlinkable>.go
	0x0010 6d 61 64 53 69 6d 75 6c 61 74 69 6f 6e 54 69 6d  madSimulationTim
	0x0020 65 52 65 71 75 65 73 74 42 79 74 65 73 00 00 00  eRequestBytes...
	0x0030 00 00 28 0b 3c 75 6e 6c 69 6e 6b 61 62 6c 65 3e  ..(.<unlinkable>
	0x0040 2e 67 6f 6d 61 64 53 69 6d 75 6c 61 74 69 6f 6e  .gomadSimulation
	0x0050 54 69 6d 65 52 65 73 70 6f 6e 73 65 42 79 74 65  TimeResponseByte
	0x0060 73 00 00 00 00 00 20 0b 3c 75 6e 6c 69 6e 6b 61  s..... .<unlinka
	0x0070 62 6c 65 3e 2e 67 6f 6d 61 64 53 69 6d 75 6c 61  ble>.gomadSimula
	0x0080 74 69 6f 6e 54 69 6d 65 52 65 73 70 6f 6e 73 65  tionTimeResponse
	0x0090 41 64 76 61 6e 63 65 00 00 00 00 00 01 0b 3c 75  Advance.......<u
	0x00a0 6e 6c 69 6e 6b 61 62 6c 65 3e 2e 67 6f 6d 61 64  nlinkable>.gomad
	0x00b0 53 69 6d 75 6c 61 74 69 6f 6e 54 69 6d 65 52 65  SimulationTimeRe
	0x00c0 73 70 6f 6e 73 65 52 65 74 72 79 00 00 00 00 00  sponseRetry.....
	0x00d0 02 0b 3c 75 6e 6c 69 6e 6b 61 62 6c 65 3e 2e 67  ..<unlinkable>.g
	0x00e0 6f 6d 61 64 53 69 6d 75 6c 61 74 69 6f 6e 54 69  omadSimulationTi
	0x00f0 6d 65 52 65 73 70 6f 6e 73 65 44 65 61 64 6c 6f  meResponseDeadlo
	0x0100 63 6b 00 00 00 00 00 03 0b 3c 75 6e 6c 69 6e 6b  ck.......<unlink
	0x0110 61 62 6c 65 3e 2e 67 6f 6d 61 64 53 69 6d 75 6c  able>.gomadSimul
	0x0120 61 74 69 6f 6e 54 69 6d 65 52 65 73 70 6f 6e 73  ationTimeRespons
	0x0130 65 45 78 74 65 72 6e 61 6c 00 00 00 00 00 04     eExternal......
	rel 46+4 t=R_DWARFSECREF go:info.int+0
	rel 98+4 t=R_DWARFSECREF go:info.int+0
	rel 152+4 t=R_DWARFSECREF go:info.uint8+0
	rel 204+4 t=R_DWARFSECREF go:info.uint8+0
	rel 259+4 t=R_DWARFSECREF go:info.uint8+0
	rel 314+4 t=R_DWARFSECREF go:info.uint8+0
<unlinkable>.gomadSimulationTimeRequestMagic SNOPTRDATA size=8 align=0x0
	0x0000 47 4f 4d 41 44 54 51 01                          GOMADTQ.
 SDWARFVAR size=61 align=0x0
	0x0000 0a 3c 75 6e 6c 69 6e 6b 61 62 6c 65 3e 2e 67 6f  .<unlinkable>.go
	0x0010 6d 61 64 53 69 6d 75 6c 61 74 69 6f 6e 54 69 6d  madSimulationTim
	0x0020 65 52 65 71 75 65 73 74 4d 61 67 69 63 00 09 03  eRequestMagic...
	0x0030 00 00 00 00 00 00 00 00 00 00 00 00 01           .............
	rel 48+8 t=R_ADDR <unlinkable>.gomadSimulationTimeRequestMagic+0
	rel 56+4 t=R_DWARFSECREF go:info.[8]uint8+0
runtime.memequal64·f SRODATA dupok size=8 align=0x0
	0x0000 00 00 00 00 00 00 00 00                          ........
	rel 0+8 t=R_ADDR runtime.memequal64+0
runtime.gcbits.0100000000000000 SRODATA dupok size=8 align=0x8
	0x0000 01 00 00 00 00 00 00 00                          ........
type:.namedata.*[8]uint8- SRODATA dupok size=11 align=0x1
	0x0000 00 09 2a 5b 38 5d 75 69 6e 74 38                 ..*[8]uint8
type:*[8]uint8 SRODATA dupok size=56 align=0x8
	0x0000 08 00 00 00 00 00 00 00 08 00 00 00 00 00 00 00  ................
	0x0010 f8 65 6a e5 28 08 08 16 00 00 00 00 00 00 00 00  .ej.(...........
	0x0020 00 00 00 00 00 00 00 00 00 00 00 00 00 00 00 00  ................
	0x0030 00 00 00 00 00 00 00 00                          ........
	rel 24+8 t=R_ADDR runtime.memequal64·f+0
	rel 32+8 t=R_ADDR runtime.gcbits.0100000000000000+0
	rel 40+4 t=R_ADDROFF type:.namedata.*[8]uint8-+0
	rel 48+8 t=R_ADDR type:[8]uint8+0
runtime.gcbits. SRODATA dupok size=0 align=0x8
type:[8]uint8 SRODATA dupok size=72 align=0x8
	0x0000 08 00 00 00 00 00 00 00 00 00 00 00 00 00 00 00  ................
	0x0010 89 e7 63 4b 0a 01 01 11 00 00 00 00 00 00 00 00  ..cK............
	0x0020 00 00 00 00 00 00 00 00 00 00 00 00 00 00 00 00  ................
	0x0030 00 00 00 00 00 00 00 00 00 00 00 00 00 00 00 00  ................
	0x0040 08 00 00 00 00 00 00 00                          ........
	rel 24+8 t=R_ADDR runtime.memequal64·f+0
	rel 32+8 t=R_ADDR runtime.gcbits.+0
	rel 40+4 t=R_ADDROFF type:.namedata.*[8]uint8-+0
	rel 44+4 t=RelocType(-32763) type:*[8]uint8+0
	rel 48+8 t=R_ADDR type:uint8+0
	rel 56+8 t=R_ADDR type:[]uint8+0
<unlinkable>.gomadSimulationTimeResponseMagic SNOPTRDATA size=8 align=0x0
	0x0000 47 4f 4d 41 44 54 52 01                          GOMADTR.
 SDWARFVAR size=62 align=0x0
	0x0000 0a 3c 75 6e 6c 69 6e 6b 61 62 6c 65 3e 2e 67 6f  .<unlinkable>.go
	0x0010 6d 61 64 53 69 6d 75 6c 61 74 69 6f 6e 54 69 6d  madSimulationTim
	0x0020 65 52 65 73 70 6f 6e 73 65 4d 61 67 69 63 00 09  eResponseMagic..
	0x0030 03 00 00 00 00 00 00 00 00 00 00 00 00 01        ..............
	rel 49+8 t=R_ADDR <unlinkable>.gomadSimulationTimeResponseMagic+0
	rel 57+4 t=R_DWARFSECREF go:info.[8]uint8+0
type:.namedata.*[40]uint8- SRODATA dupok size=12 align=0x1
	0x0000 00 0a 2a 5b 34 30 5d 75 69 6e 74 38              ..*[40]uint8
type:.eqfunc.M40 SRODATA dupok size=16 align=0x0
	0x0000 00 00 00 00 00 00 00 00 28 00 00 00 00 00 00 00  ........(.......
	rel 0+8 t=R_ADDR runtime.memequal_varlen+0
type:[40]uint8 SRODATA dupok size=72 align=0x8
	0x0000 28 00 00 00 00 00 00 00 00 00 00 00 00 00 00 00  (...............
	0x0010 5e c3 53 fb 0a 01 01 11 00 00 00 00 00 00 00 00  ^.S.............
	0x0020 00 00 00 00 00 00 00 00 00 00 00 00 00 00 00 00  ................
	0x0030 00 00 00 00 00 00 00 00 00 00 00 00 00 00 00 00  ................
	0x0040 28 00 00 00 00 00 00 00                          (.......
	rel 24+8 t=R_ADDR type:.eqfunc.M40+0
	rel 32+8 t=R_ADDR runtime.gcbits.+0
	rel 40+4 t=R_ADDROFF type:.namedata.*[40]uint8-+0
	rel 44+4 t=RelocType(-32763) type:*[40]uint8+0
	rel 48+8 t=R_ADDR type:uint8+0
	rel 56+8 t=R_ADDR type:[]uint8+0
type:*[40]uint8 SRODATA dupok size=56 align=0x8
	0x0000 08 00 00 00 00 00 00 00 08 00 00 00 00 00 00 00  ................
	0x0010 91 0f e0 cf 28 08 08 16 00 00 00 00 00 00 00 00  ....(...........
	0x0020 00 00 00 00 00 00 00 00 00 00 00 00 00 00 00 00  ................
	0x0030 00 00 00 00 00 00 00 00                          ........
	rel 24+8 t=R_ADDR runtime.memequal64·f+0
	rel 32+8 t=R_ADDR runtime.gcbits.0100000000000000+0
	rel 40+4 t=R_ADDROFF type:.namedata.*[40]uint8-+0
	rel 48+8 t=R_ADDR type:[40]uint8+0
gclocals·g5+hNtRBP6YXNjfog7aZjQ== SRODATA dupok size=8 align=0x4
	0x0000 01 00 00 00 00 00 00 00                          ........
gclocals·wvjpxkknJ4nY1JtrArJJaw== SRODATA dupok size=10 align=0x4
	0x0000 02 00 00 00 01 00 00 00 01 00                    ..........
gclocals·J26BEvPExEQhJvjp9E8Whg== SRODATA dupok size=8 align=0x4
	0x0000 02 00 00 00 00 00 00 00                          ........
<unlinkable>.gomadSimulationTimeEncodeRequest.arginfo1 SRODATA static dupok size=11 align=0x1
	0x0000 00 08 08 08 10 08 18 08 20 04 ff                 ........ ..
<unlinkable>.gomadSimulationTimeEncodeRequest.argliveinfo SRODATA static dupok size=2 align=0x1
	0x0000 00 00                                            ..
<unlinkable>.gomadSimulationTimeDecodeResponse.arginfo1 SRODATA static dupok size=13 align=0x1
	0x0000 fe 00 08 08 08 10 08 fd 18 08 20 08 ff           .......... ..
<unlinkable>.gomadSimulationTimeDecodeResponse.argliveinfo SRODATA static dupok size=2 align=0x1
	0x0000 00 00                                            ..
<unlinkable>.gomadSimulationTimePut64.arginfo1 SRODATA static dupok size=11 align=0x1
	0x0000 fe 00 08 08 08 10 08 fd 18 08 ff                 ...........
<unlinkable>.gomadSimulationTimePut64.argliveinfo SRODATA static dupok size=2 align=0x1
	0x0000 00 00                                            ..
<unlinkable>.gomadSimulationTimePut32.arginfo1 SRODATA static dupok size=11 align=0x1
	0x0000 fe 00 08 08 08 10 08 fd 18 04 ff                 ...........
<unlinkable>.gomadSimulationTimePut32.argliveinfo SRODATA static dupok size=2 align=0x1
	0x0000 00 00                                            ..
<unlinkable>.gomadSimulationTimeGet64.arginfo1 SRODATA static dupok size=9 align=0x1
	0x0000 fe 00 08 08 08 10 08 fd ff                       .........
<unlinkable>.gomadSimulationTimeGet64.argliveinfo SRODATA static dupok size=2 align=0x1
	0x0000 00 00                                            ..
