GOCACHE=/Users/stephan/Workspace/temporal/gomad/tools/gomad3/.toolchain/generator-cache go run ./cmd/gomadtool version-generate -check
GOCACHE=/Users/stephan/Workspace/temporal/gomad/tools/gomad3/.toolchain/generator-cache go run ./cmd/gomadtool protocol-generate -check
GOCACHE=/Users/stephan/Workspace/temporal/gomad/tools/gomad3/.toolchain/generator-cache go run ./cmd/gomadtool boundary-generate -check
GOCACHE=/Users/stephan/Workspace/temporal/gomad/tools/gomad3/.toolchain/generator-cache go run ./cmd/gomadtool boundary-generate -check-compiler-tests
GOCACHE=/Users/stephan/Workspace/temporal/gomad/tools/gomad3/.toolchain/generator-cache go run ./cmd/gomadtool patch-validate --root=/Users/stephan/Workspace/temporal/gomad/tools/gomad3
gomad3 patch and overlay inputs are valid
GOCACHE=/Users/stephan/Workspace/temporal/gomad/tools/gomad3/.toolchain/generator-cache go run ./cmd/gomadtool script-validate --root=/Users/stephan/Workspace/temporal/gomad/tools/gomad3
gomad3 script ownership is valid
env -u GOMADSEED -u GOMAD3_CHILD_SEED GOCACHE=/Users/stephan/Workspace/temporal/gomad/tools/gomad3/.toolchain/generator-cache GOTOOLCHAIN=local GOWORK=off \
		go run ./cmd/gomadtool toolchain-build --root=/Users/stephan/Workspace/temporal/gomad/tools/gomad3
gomad3 toolchain is ready (darwin/arm64, key 2ecdbd330bb5928f360739fdd80cb3eb0f0764e513a5cc208cd83714fff0a457)
ok  	go.temporal.io/server/tools/gomad3	3.028s
ok  	go.temporal.io/server/tools/gomad3/cmd/gomad	54.778s
ok  	go.temporal.io/server/tools/gomad3/cmd/gomad/internal/cli	1.398s
ok  	go.temporal.io/server/tools/gomad3/cmd/gomadtool	1.237s
ok  	go.temporal.io/server/tools/gomad3/runner	174.005s
ok  	go.temporal.io/server/tools/gomad3/runner/internal/campaign	39.986s
ok  	go.temporal.io/server/tools/gomad3/runner/internal/corpus	2.372s
ok  	go.temporal.io/server/tools/gomad3/runner/internal/execution	103.591s
ok  	go.temporal.io/server/tools/gomad3/runner/internal/exploration	1.224s
ok  	go.temporal.io/server/tools/gomad3/runner/internal/exploration/choice	1.475s
ok  	go.temporal.io/server/tools/gomad3/runner/internal/exploration/simulation	1.002s
ok  	go.temporal.io/server/tools/gomad3/runner/internal/exploration/simulationrecord	0.976s
ok  	go.temporal.io/server/tools/gomad3/runner/internal/minimizer	2.093s
ok  	go.temporal.io/server/tools/gomad3/qualification	1.987s
ok  	go.temporal.io/server/tools/gomad3/qualification/analysis	36.283s
ok  	go.temporal.io/server/tools/gomad3/qualification/comparison	1.007s
ok  	go.temporal.io/server/tools/gomad3/qualification/set	4.457s
ok  	go.temporal.io/server/tools/gomad3/qualification/set/manifestgen	2.866s
ok  	go.temporal.io/server/tools/gomad3/qualification/workload	0.618s
ok  	go.temporal.io/server/tools/gomad3/target	43.357s
ok  	go.temporal.io/server/tools/gomad3/target/internal/build	0.506s
ok  	go.temporal.io/server/tools/gomad3/target/internal/capabilityreview	1.143s
ok  	go.temporal.io/server/tools/gomad3/target/internal/livecap	12.289s
ok  	go.temporal.io/server/tools/gomad3/target/internal/provenance	0.458s
ok  	go.temporal.io/server/tools/gomad3/record	0.279s
ok  	go.temporal.io/server/tools/gomad3/artifact	7.712s
ok  	go.temporal.io/server/tools/gomad3/choice	0.404s
ok  	go.temporal.io/server/tools/gomad3/choice/internal/wire	0.534s
ok  	go.temporal.io/server/tools/gomad3/deterministicio	83.307s
ok  	go.temporal.io/server/tools/gomad3/deterministicio/internal/wire	0.536s
ok  	go.temporal.io/server/tools/gomad3/deterministicio/readonlymount	0.575s
ok  	go.temporal.io/server/tools/gomad3/world	0.695s
ok  	go.temporal.io/server/tools/gomad3/world/mailbox	0.365s
ok  	go.temporal.io/server/tools/gomad3/world/process	0.454s
ok  	go.temporal.io/server/tools/gomad3/toolchain/version	1.862s
ok  	go.temporal.io/server/tools/gomad3/upgrade	6.887s
ok  	go.temporal.io/server/tools/gomad3/internal/canonicaljson	0.392s
ok  	go.temporal.io/server/tools/gomad3/internal/compatibilitypack	0.799s
ok  	go.temporal.io/server/tools/gomad3/internal/compatibilitypack/authoring	0.803s
ok  	go.temporal.io/server/tools/gomad3/internal/gomadtool/conformance	28.731s
ok  	go.temporal.io/server/tools/gomad3/internal/gomadtool/generation/boundary	4.368s
ok  	go.temporal.io/server/tools/gomad3/internal/gomadtool/generation/protocol	1.668s
ok  	go.temporal.io/server/tools/gomad3/internal/gomadtool/validation	0.283s
ok  	go.temporal.io/server/tools/gomad3/internal/hostexec	0.596s
ok  	go.temporal.io/server/tools/gomad3/internal/hostfs	0.324s
ok  	go.temporal.io/server/tools/gomad3/internal/preparation	6.831s
