{"Time":"2026-10-05T21:09:25.380041256Z","Action":"start","Package":"go.temporal.io/server/tools/gomad3/cmd/gomadtool"}
{"Time":"2026-10-05T21:09:25.391844714Z","Action":"run","Package":"go.temporal.io/server/tools/gomad3/cmd/gomadtool","Test":"TestRunCompatibilityPackRefreshStopsAtApprovalAndResumes"}
{"Time":"2026-10-05T21:09:25.394296881Z","Action":"output","Package":"go.temporal.io/server/tools/gomad3/cmd/gomadtool","Test":"TestRunCompatibilityPackRefreshStopsAtApprovalAndResumes","Output":"=== RUN   TestRunCompatibilityPackRefreshStopsAtApprovalAndResumes\n","OutputType":"frame"}
{"Time":"2026-10-05T21:09:25.396091423Z","Action":"run","Package":"go.temporal.io/server/tools/gomad3/cmd/gomadtool","Test":"TestRunCompatibilityPackRefreshStopsAtApprovalAndResumes/unset"}
{"Time":"2026-10-05T21:09:25.396259964Z","Action":"output","Package":"go.temporal.io/server/tools/gomad3/cmd/gomadtool","Test":"TestRunCompatibilityPackRefreshStopsAtApprovalAndResumes/unset","Output":"=== RUN   TestRunCompatibilityPackRefreshStopsAtApprovalAndResumes/unset\n","OutputType":"frame"}
{"Time":"2026-10-05T21:09:25.662940381Z","Action":"output","Package":"go.temporal.io/server/tools/gomad3/cmd/gomadtool","Test":"TestRunCompatibilityPackRefreshStopsAtApprovalAndResumes/unset","Output":"--- PASS: TestRunCompatibilityPackRefreshStopsAtApprovalAndResumes/unset (0.27s)\n","OutputType":"frame"}
{"Time":"2026-10-05T21:09:25.663160589Z","Action":"pass","Package":"go.temporal.io/server/tools/gomad3/cmd/gomadtool","Test":"TestRunCompatibilityPackRefreshStopsAtApprovalAndResumes/unset","Elapsed":0.27}
{"Time":"2026-10-05T21:09:25.663402464Z","Action":"run","Package":"go.temporal.io/server/tools/gomad3/cmd/gomadtool","Test":"TestRunCompatibilityPackRefreshStopsAtApprovalAndResumes/root_packs"}
{"Time":"2026-10-05T21:09:25.663508298Z","Action":"output","Package":"go.temporal.io/server/tools/gomad3/cmd/gomadtool","Test":"TestRunCompatibilityPackRefreshStopsAtApprovalAndResumes/root_packs","Output":"=== RUN   TestRunCompatibilityPackRefreshStopsAtApprovalAndResumes/root_packs\n","OutputType":"frame"}
{"Time":"2026-10-05T21:09:25.793664006Z","Action":"output","Package":"go.temporal.io/server/tools/gomad3/cmd/gomadtool","Test":"TestRunCompatibilityPackRefreshStopsAtApprovalAndResumes/root_packs","Output":"--- PASS: TestRunCompatibilityPackRefreshStopsAtApprovalAndResumes/root_packs (0.13s)\n","OutputType":"frame"}
{"Time":"2026-10-05T21:09:25.793785006Z","Action":"pass","Package":"go.temporal.io/server/tools/gomad3/cmd/gomadtool","Test":"TestRunCompatibilityPackRefreshStopsAtApprovalAndResumes/root_packs","Elapsed":0.13}
{"Time":"2026-10-05T21:09:25.794612298Z","Action":"run","Package":"go.temporal.io/server/tools/gomad3/cmd/gomadtool","Test":"TestRunCompatibilityPackRefreshStopsAtApprovalAndResumes/elsewhere"}
{"Time":"2026-10-05T21:09:25.794716298Z","Action":"output","Package":"go.temporal.io/server/tools/gomad3/cmd/gomadtool","Test":"TestRunCompatibilityPackRefreshStopsAtApprovalAndResumes/elsewhere","Output":"=== RUN   TestRunCompatibilityPackRefreshStopsAtApprovalAndResumes/elsewhere\n","OutputType":"frame"}
{"Time":"2026-10-05T21:09:25.939035298Z","Action":"output","Package":"go.temporal.io/server/tools/gomad3/cmd/gomadtool","Test":"TestRunCompatibilityPackRefreshStopsAtApprovalAndResumes/elsewhere","Output":"--- PASS: TestRunCompatibilityPackRefreshStopsAtApprovalAndResumes/elsewhere (0.15s)\n","OutputType":"frame"}
{"Time":"2026-10-05T21:09:25.939161256Z","Action":"pass","Package":"go.temporal.io/server/tools/gomad3/cmd/gomadtool","Test":"TestRunCompatibilityPackRefreshStopsAtApprovalAndResumes/elsewhere","Elapsed":0.15}
{"Time":"2026-10-05T21:09:25.939210506Z","Action":"run","Package":"go.temporal.io/server/tools/gomad3/cmd/gomadtool","Test":"TestRunCompatibilityPackRefreshStopsAtApprovalAndResumes/saved_module_report"}
{"Time":"2026-10-05T21:09:25.939367089Z","Action":"output","Package":"go.temporal.io/server/tools/gomad3/cmd/gomadtool","Test":"TestRunCompatibilityPackRefreshStopsAtApprovalAndResumes/saved_module_report","Output":"=== RUN   TestRunCompatibilityPackRefreshStopsAtApprovalAndResumes/saved_module_report\n","OutputType":"frame"}
{"Time":"2026-10-05T21:09:26.10982959Z","Action":"output","Package":"go.temporal.io/server/tools/gomad3/cmd/gomadtool","Test":"TestRunCompatibilityPackRefreshStopsAtApprovalAndResumes/saved_module_report","Output":"--- PASS: TestRunCompatibilityPackRefreshStopsAtApprovalAndResumes/saved_module_report (0.17s)\n","OutputType":"frame"}
{"Time":"2026-10-05T21:09:26.110034965Z","Action":"pass","Package":"go.temporal.io/server/tools/gomad3/cmd/gomadtool","Test":"TestRunCompatibilityPackRefreshStopsAtApprovalAndResumes/saved_module_report","Elapsed":0.17}
{"Time":"2026-10-05T21:09:26.110200965Z","Action":"run","Package":"go.temporal.io/server/tools/gomad3/cmd/gomadtool","Test":"TestRunCompatibilityPackRefreshStopsAtApprovalAndResumes/saved_file_report"}
{"Time":"2026-10-05T21:09:26.110251215Z","Action":"output","Package":"go.temporal.io/server/tools/gomad3/cmd/gomadtool","Test":"TestRunCompatibilityPackRefreshStopsAtApprovalAndResumes/saved_file_report","Output":"=== RUN   TestRunCompatibilityPackRefreshStopsAtApprovalAndResumes/saved_file_report\n","OutputType":"frame"}
{"Time":"2026-10-05T21:09:26.319322423Z","Action":"output","Package":"go.temporal.io/server/tools/gomad3/cmd/gomadtool","Test":"TestRunCompatibilityPackRefreshStopsAtApprovalAndResumes/saved_file_report","Output":"--- PASS: TestRunCompatibilityPackRefreshStopsAtApprovalAndResumes/saved_file_report (0.21s)\n","OutputType":"frame"}
{"Time":"2026-10-05T21:09:26.319541131Z","Action":"pass","Package":"go.temporal.io/server/tools/gomad3/cmd/gomadtool","Test":"TestRunCompatibilityPackRefreshStopsAtApprovalAndResumes/saved_file_report","Elapsed":0.21}
{"Time":"2026-10-05T21:09:26.319793881Z","Action":"output","Package":"go.temporal.io/server/tools/gomad3/cmd/gomadtool","Test":"TestRunCompatibilityPackRefreshStopsAtApprovalAndResumes","Output":"--- PASS: TestRunCompatibilityPackRefreshStopsAtApprovalAndResumes (0.93s)\n","OutputType":"frame"}
{"Time":"2026-10-05T21:09:26.321038256Z","Action":"pass","Package":"go.temporal.io/server/tools/gomad3/cmd/gomadtool","Test":"TestRunCompatibilityPackRefreshStopsAtApprovalAndResumes","Elapsed":0.93}
{"Time":"2026-10-05T21:09:26.321246006Z","Action":"run","Package":"go.temporal.io/server/tools/gomad3/cmd/gomadtool","Test":"TestCompatibilityPackRefreshAcceptsSavedPinImpactSchemas"}
{"Time":"2026-10-05T21:09:26.321412215Z","Action":"output","Package":"go.temporal.io/server/tools/gomad3/cmd/gomadtool","Test":"TestCompatibilityPackRefreshAcceptsSavedPinImpactSchemas","Output":"=== RUN   TestCompatibilityPackRefreshAcceptsSavedPinImpactSchemas\n","OutputType":"frame"}
{"Time":"2026-10-05T21:09:26.321591381Z","Action":"run","Package":"go.temporal.io/server/tools/gomad3/cmd/gomadtool","Test":"TestCompatibilityPackRefreshAcceptsSavedPinImpactSchemas/module_report"}
{"Time":"2026-10-05T21:09:26.321767006Z","Action":"output","Package":"go.temporal.io/server/tools/gomad3/cmd/gomadtool","Test":"TestCompatibilityPackRefreshAcceptsSavedPinImpactSchemas/module_report","Output":"=== RUN   TestCompatibilityPackRefreshAcceptsSavedPinImpactSchemas/module_report\n","OutputType":"frame"}
{"Time":"2026-10-05T21:09:26.321859506Z","Action":"output","Package":"go.temporal.io/server/tools/gomad3/cmd/gomadtool","Test":"TestCompatibilityPackRefreshAcceptsSavedPinImpactSchemas/module_report","Output":"--- PASS: TestCompatibilityPackRefreshAcceptsSavedPinImpactSchemas/module_report (0.00s)\n","OutputType":"frame"}
{"Time":"2026-10-05T21:09:26.322063715Z","Action":"pass","Package":"go.temporal.io/server/tools/gomad3/cmd/gomadtool","Test":"TestCompatibilityPackRefreshAcceptsSavedPinImpactSchemas/module_report","Elapsed":0}
{"Time":"2026-10-05T21:09:26.32294459Z","Action":"run","Package":"go.temporal.io/server/tools/gomad3/cmd/gomadtool","Test":"TestCompatibilityPackRefreshAcceptsSavedPinImpactSchemas/file_report"}
{"Time":"2026-10-05T21:09:26.323012381Z","Action":"output","Package":"go.temporal.io/server/tools/gomad3/cmd/gomadtool","Test":"TestCompatibilityPackRefreshAcceptsSavedPinImpactSchemas/file_report","Output":"=== RUN   TestCompatibilityPackRefreshAcceptsSavedPinImpactSchemas/file_report\n","OutputType":"frame"}
{"Time":"2026-10-05T21:09:26.323219465Z","Action":"output","Package":"go.temporal.io/server/tools/gomad3/cmd/gomadtool","Test":"TestCompatibilityPackRefreshAcceptsSavedPinImpactSchemas/file_report","Output":"--- PASS: TestCompatibilityPackRefreshAcceptsSavedPinImpactSchemas/file_report (0.00s)\n","OutputType":"frame"}
{"Time":"2026-10-05T21:09:26.323347465Z","Action":"pass","Package":"go.temporal.io/server/tools/gomad3/cmd/gomadtool","Test":"TestCompatibilityPackRefreshAcceptsSavedPinImpactSchemas/file_report","Elapsed":0}
{"Time":"2026-10-05T21:09:26.32343384Z","Action":"output","Package":"go.temporal.io/server/tools/gomad3/cmd/gomadtool","Test":"TestCompatibilityPackRefreshAcceptsSavedPinImpactSchemas","Output":"--- PASS: TestCompatibilityPackRefreshAcceptsSavedPinImpactSchemas (0.00s)\n","OutputType":"frame"}
{"Time":"2026-10-05T21:09:26.323478131Z","Action":"pass","Package":"go.temporal.io/server/tools/gomad3/cmd/gomadtool","Test":"TestCompatibilityPackRefreshAcceptsSavedPinImpactSchemas","Elapsed":0}
{"Time":"2026-10-05T21:09:26.323564673Z","Action":"run","Package":"go.temporal.io/server/tools/gomad3/cmd/gomadtool","Test":"TestCompatibilityPackRefreshInfrastructureErrorsUseStatusThree"}
{"Time":"2026-10-05T21:09:26.323600256Z","Action":"output","Package":"go.temporal.io/server/tools/gomad3/cmd/gomadtool","Test":"TestCompatibilityPackRefreshInfrastructureErrorsUseStatusThree","Output":"=== RUN   TestCompatibilityPackRefreshInfrastructureErrorsUseStatusThree\n","OutputType":"frame"}
{"Time":"2026-10-05T21:09:26.323658381Z","Action":"output","Package":"go.temporal.io/server/tools/gomad3/cmd/gomadtool","Test":"TestCompatibilityPackRefreshInfrastructureErrorsUseStatusThree","Output":"--- PASS: TestCompatibilityPackRefreshInfrastructureErrorsUseStatusThree (0.00s)\n","OutputType":"frame"}
{"Time":"2026-10-05T21:09:26.323704673Z","Action":"pass","Package":"go.temporal.io/server/tools/gomad3/cmd/gomadtool","Test":"TestCompatibilityPackRefreshInfrastructureErrorsUseStatusThree","Elapsed":0}
{"Time":"2026-10-05T21:09:26.323823673Z","Action":"run","Package":"go.temporal.io/server/tools/gomad3/cmd/gomadtool","Test":"TestSavedReportCannotSuppressAnotherMappedModule"}
{"Time":"2026-10-05T21:09:26.323879506Z","Action":"output","Package":"go.temporal.io/server/tools/gomad3/cmd/gomadtool","Test":"TestSavedReportCannotSuppressAnotherMappedModule","Output":"=== RUN   TestSavedReportCannotSuppressAnotherMappedModule\n","OutputType":"frame"}
{"Time":"2026-10-05T21:09:26.323992131Z","Action":"output","Package":"go.temporal.io/server/tools/gomad3/cmd/gomadtool","Test":"TestSavedReportCannotSuppressAnotherMappedModule","Output":"--- PASS: TestSavedReportCannotSuppressAnotherMappedModule (0.00s)\n","OutputType":"frame"}
{"Time":"2026-10-05T21:09:26.324075756Z","Action":"pass","Package":"go.temporal.io/server/tools/gomad3/cmd/gomadtool","Test":"TestSavedReportCannotSuppressAnotherMappedModule","Elapsed":0}
{"Time":"2026-10-05T21:09:26.324269256Z","Action":"output","Package":"go.temporal.io/server/tools/gomad3/cmd/gomadtool","Output":"PASS\n","OutputType":"frame"}
{"Time":"2026-10-05T21:09:26.342613673Z","Action":"output","Package":"go.temporal.io/server/tools/gomad3/cmd/gomadtool","Output":"ok  \tgo.temporal.io/server/tools/gomad3/cmd/gomadtool\t0.961s\n"}
{"Time":"2026-10-05T21:09:26.342855381Z","Action":"pass","Package":"go.temporal.io/server/tools/gomad3/cmd/gomadtool","Elapsed":0.963}
