tools/gomad3/cmd/gomadtool/adapter_regenerate.go:42:15: Error return value of `fmt.Fprintln` is not checked (errcheck)
		fmt.Fprintln(stderr, adapterRegenerateUsage)
		            ^
tools/gomad3/cmd/gomadtool/adapter_regenerate.go:46:15: Error return value of `fmt.Fprintln` is not checked (errcheck)
		fmt.Fprintln(stderr, "--approve and --approve-review must name the same digest")
		            ^
tools/gomad3/cmd/gomadtool/adapter_regenerate.go:53:15: Error return value of `fmt.Fprintln` is not checked (errcheck)
		fmt.Fprintln(stderr, "--stage-only requires an approval digest")
		            ^
tools/gomad3/cmd/gomadtool/adapter_regenerate.go:59:15: Error return value of `fmt.Fprintln` is not checked (errcheck)
		fmt.Fprintln(stderr, err)
		            ^
tools/gomad3/cmd/gomadtool/adapter_regenerate.go:64:16: Error return value of `fmt.Fprintln` is not checked (errcheck)
			fmt.Fprintln(stderr, err)
			            ^
tools/gomad3/cmd/gomadtool/adapter_regenerate.go:77:14: Error return value of `fmt.Fprintf` is not checked (errcheck)
		fmt.Fprintf(stderr, "adapter regeneration requires the pinned go command; set GOMAD3_BOOTSTRAP_GO or pass --go: %v\n", err)
		           ^
tools/gomad3/cmd/gomadtool/adapter_regenerate.go:82:16: Error return value of `fmt.Fprintln` is not checked (errcheck)
			fmt.Fprintln(stderr, adapterRegenerateUsage)
			            ^
tools/gomad3/cmd/gomadtool/adapter_regenerate.go:86:16: Error return value of `fmt.Fprintln` is not checked (errcheck)
			fmt.Fprintln(stderr, err)
			            ^
tools/gomad3/cmd/gomadtool/adapter_regenerate.go:92:15: Error return value of `fmt.Fprintln` is not checked (errcheck)
		fmt.Fprintln(stderr, adapterRegenerateUsage)
		            ^
tools/gomad3/cmd/gomadtool/adapter_regenerate.go:93:14: Error return value of `fmt.Fprintf` is not checked (errcheck)
		fmt.Fprintf(stderr, "regenerable adapters: %s\n", strings.Join(adapterregen.Regenerable(), ", "))
		           ^
tools/gomad3/cmd/gomadtool/adapter_regenerate.go:100:15: Error return value of `fmt.Fprintln` is not checked (errcheck)
		fmt.Fprintln(stderr, err)
		            ^
tools/gomad3/cmd/gomadtool/adapter_regenerate.go:111:15: Error return value of `fmt.Fprintln` is not checked (errcheck)
		fmt.Fprintln(stderr, err)
		            ^
tools/gomad3/cmd/gomadtool/boundary.go:39:16: Error return value of `fmt.Fprintln` is not checked (errcheck)
			fmt.Fprintln(stdout, candidate)
			            ^
tools/gomad3/cmd/gomadtool/boundary.go:52:15: Error return value of `fmt.Fprintln` is not checked (errcheck)
		fmt.Fprintln(stderr, err)
		            ^
tools/gomad3/cmd/gomadtool/compatibility_pack.go:24:15: Error return value of `fmt.Fprintln` is not checked (errcheck)
		fmt.Fprintln(stderr, "usage: gomadtool compatibility-pack discover|review|generate|check|qualify|refresh [flags]")
		            ^
tools/gomad3/cmd/gomadtool/compatibility_pack.go:41:15: Error return value of `fmt.Fprintln` is not checked (errcheck)
		fmt.Fprintln(stderr, "usage: gomadtool compatibility-pack discover|review|generate|check|qualify|refresh [flags]")
		            ^
tools/gomad3/cmd/gomadtool/compatibility_pack.go:58:15: Error return value of `fmt.Fprintln` is not checked (errcheck)
		fmt.Fprintln(stderr, err)
		            ^
tools/gomad3/cmd/gomadtool/compatibility_pack.go:63:15: Error return value of `fmt.Fprintln` is not checked (errcheck)
		fmt.Fprintln(stderr, err)
		            ^
tools/gomad3/cmd/gomadtool/compatibility_pack.go:68:15: Error return value of `fmt.Fprintln` is not checked (errcheck)
		fmt.Fprintln(stderr, err)
		            ^
tools/gomad3/cmd/gomadtool/compatibility_pack.go:78:15: Error return value of `fmt.Fprintln` is not checked (errcheck)
		fmt.Fprintln(stderr, err)
		            ^
tools/gomad3/cmd/gomadtool/compatibility_pack.go:84:15: Error return value of `fmt.Fprintln` is not checked (errcheck)
		fmt.Fprintln(stderr, err)
		            ^
tools/gomad3/cmd/gomadtool/compatibility_pack.go:88:15: Error return value of `fmt.Fprintln` is not checked (errcheck)
		fmt.Fprintln(stderr, "compatibility-pack request must be below internal/compatibilitypack")
		            ^
tools/gomad3/cmd/gomadtool/compatibility_pack.go:92:15: Error return value of `fmt.Fprintln` is not checked (errcheck)
		fmt.Fprintln(stderr, err)
		            ^
tools/gomad3/cmd/gomadtool/compatibility_pack.go:95:14: Error return value of `fmt.Fprintln` is not checked (errcheck)
	fmt.Fprintln(stdout, digest)
	            ^
tools/gomad3/cmd/gomadtool/compatibility_pack.go:111:15: Error return value of `fmt.Fprintln` is not checked (errcheck)
		fmt.Fprintln(stderr, err)
		            ^
tools/gomad3/cmd/gomadtool/compatibility_pack.go:116:15: Error return value of `fmt.Fprintln` is not checked (errcheck)
		fmt.Fprintln(stderr, "compatibility-pack review output must be below internal/compatibilitypack")
		            ^
tools/gomad3/cmd/gomadtool/compatibility_pack.go:125:15: Error return value of `fmt.Fprintln` is not checked (errcheck)
		fmt.Fprintln(stderr, err)
		            ^
tools/gomad3/cmd/gomadtool/compatibility_pack.go:128:14: Error return value of `fmt.Fprintln` is not checked (errcheck)
	fmt.Fprintln(stdout, digest)
	            ^
tools/gomad3/cmd/gomadtool/compatibility_pack.go:145:16: Error return value of `fmt.Fprintln` is not checked (errcheck)
			fmt.Fprintln(stderr, err)
			            ^
tools/gomad3/cmd/gomadtool/compatibility_pack.go:150:16: Error return value of `fmt.Fprintln` is not checked (errcheck)
			fmt.Fprintln(stderr, err)
			            ^
tools/gomad3/cmd/gomadtool/compatibility_pack.go:154:16: Error return value of `fmt.Fprintln` is not checked (errcheck)
			fmt.Fprintln(stderr, err)
			            ^
tools/gomad3/cmd/gomadtool/compatibility_pack.go:157:15: Error return value of `fmt.Fprintln` is not checked (errcheck)
		fmt.Fprintln(stdout, "generated compatibility packs")
		            ^
tools/gomad3/cmd/gomadtool/compatibility_pack.go:165:15: Error return value of `fmt.Fprintln` is not checked (errcheck)
		fmt.Fprintln(stderr, "compatibility-pack request must be below internal/compatibilitypack")
		            ^
tools/gomad3/cmd/gomadtool/compatibility_pack.go:173:15: Error return value of `fmt.Fprintln` is not checked (errcheck)
		fmt.Fprintln(stderr, err)
		            ^
tools/gomad3/cmd/gomadtool/compatibility_pack.go:176:13: Error return value of `fmt.Fprintf` is not checked (errcheck)
	fmt.Fprintf(stdout, "generated compatibility pack %s\n", request.ID)
	           ^
tools/gomad3/cmd/gomadtool/compatibility_pack.go:191:15: Error return value of `fmt.Fprintln` is not checked (errcheck)
		fmt.Fprintln(stderr, err)
		            ^
tools/gomad3/cmd/gomadtool/compatibility_pack.go:196:15: Error return value of `fmt.Fprintln` is not checked (errcheck)
		fmt.Fprintln(stderr, err)
		            ^
tools/gomad3/cmd/gomadtool/compatibility_pack.go:204:15: Error return value of `fmt.Fprintln` is not checked (errcheck)
		fmt.Fprintln(stderr, err)
		            ^
tools/gomad3/cmd/gomadtool/compatibility_pack.go:211:16: Error return value of `fmt.Fprintln` is not checked (errcheck)
			fmt.Fprintln(stderr, err)
			            ^
tools/gomad3/cmd/gomadtool/compatibility_pack.go:215:14: Error return value of `fmt.Fprintln` is not checked (errcheck)
	fmt.Fprintln(stdout, "compatibility packs are current")
	            ^
tools/gomad3/cmd/gomadtool/compatibility_pack.go:241:15: Error return value of `fmt.Fprintln` is not checked (errcheck)
		fmt.Fprintln(stderr, "compatibility-pack request must be below internal/compatibilitypack")
		            ^
tools/gomad3/cmd/gomadtool/compatibility_pack.go:253:15: Error return value of `fmt.Fprintln` is not checked (errcheck)
		fmt.Fprintln(stderr, err)
		            ^
tools/gomad3/cmd/gomadtool/compatibility_pack.go:258:15: Error return value of `fmt.Fprintln` is not checked (errcheck)
		fmt.Fprintln(stderr, err)
		            ^
tools/gomad3/cmd/gomadtool/compatibility_pack.go:263:15: Error return value of `fmt.Fprintln` is not checked (errcheck)
		fmt.Fprintln(stderr, err)
		            ^
tools/gomad3/cmd/gomadtool/compatibility_pack.go:283:14: Error return value of `fmt.Fprintf` is not checked (errcheck)
		fmt.Fprintf(stderr, "no compatibility-pack request names %s\n", platform)
		           ^
tools/gomad3/cmd/gomadtool/compatibility_pack.go:286:13: Error return value of `fmt.Fprintf` is not checked (errcheck)
	fmt.Fprintf(stdout, "qualified %d compatibility-pack requests for %s\n", qualified, platform)
	           ^
tools/gomad3/cmd/gomadtool/compatibility_pack.go:302:15: Error return value of `fmt.Fprintln` is not checked (errcheck)
		fmt.Fprintln(stderr, err)
		            ^
tools/gomad3/cmd/gomadtool/compatibility_pack.go:308:15: Error return value of `fmt.Fprintln` is not checked (errcheck)
		fmt.Fprintln(stderr, err)
		            ^
tools/gomad3/cmd/gomadtool/compatibility_pack.go:311:13: Error return value of `fmt.Fprintf` is not checked (errcheck)
	fmt.Fprintf(stdout, "qualified compatibility-pack request %s\n", request.ID)
	           ^
tools/gomad3/cmd/gomadtool/compatibility_pack.go:389:15: Error return value of `fmt.Fprintln` is not checked (errcheck)
		fmt.Fprintln(stderr, err)
		            ^
tools/gomad3/cmd/gomadtool/compatibility_pack.go:394:15: Error return value of `fmt.Fprintln` is not checked (errcheck)
		fmt.Fprintln(stderr, err)
		            ^
tools/gomad3/cmd/gomadtool/compatibility_pack_refresh.go:51:15: Error return value of `fmt.Fprintln` is not checked (errcheck)
		fmt.Fprintln(stderr, compatibilityPackRefreshUsage)
		            ^
tools/gomad3/cmd/gomadtool/compatibility_pack_refresh.go:56:15: Error return value of `fmt.Fprintln` is not checked (errcheck)
		fmt.Fprintln(stderr, err)
		            ^
tools/gomad3/cmd/gomadtool/compatibility_pack_refresh.go:61:15: Error return value of `fmt.Fprintln` is not checked (errcheck)
		fmt.Fprintln(stderr, err)
		            ^
tools/gomad3/cmd/gomadtool/compatibility_pack_refresh.go:66:15: Error return value of `fmt.Fprintln` is not checked (errcheck)
		fmt.Fprintln(stderr, err)
		            ^
tools/gomad3/cmd/gomadtool/compatibility_pack_refresh.go:77:14: Error return value of `fmt.Fprintf` is not checked (errcheck)
		fmt.Fprintf(stderr, "compatibility-pack refresh requires a go command; set GOMAD3_BOOTSTRAP_GO or pass --go: %v\n", err)
		           ^
tools/gomad3/cmd/gomadtool/compatibility_pack_refresh.go:85:15: Error return value of `fmt.Fprintln` is not checked (errcheck)
		fmt.Fprintln(stderr, err)
		            ^
tools/gomad3/cmd/gomadtool/compatibility_pack_refresh.go:97:16: Error return value of `fmt.Fprintln` is not checked (errcheck)
			fmt.Fprintln(stderr, readErr)
			            ^
tools/gomad3/cmd/gomadtool/compatibility_pack_refresh.go:114:15: Error return value of `fmt.Fprintln` is not checked (errcheck)
		fmt.Fprintln(stderr, err)
		            ^
tools/gomad3/cmd/gomadtool/compatibility_pack_refresh.go:125:13: Error return value of `fmt.Fprintf` is not checked (errcheck)
	fmt.Fprintf(stdout, "gomad3 compatibility-pack refresh on %s: %d requests selected\n", platform, len(results))
	           ^
tools/gomad3/cmd/gomadtool/compatibility_pack_refresh.go:129:15: Error return value of `fmt.Fprintf` is not checked (errcheck)
			fmt.Fprintf(stdout, "current %s\n", result.ID)
			           ^
tools/gomad3/cmd/gomadtool/compatibility_pack_refresh.go:132:15: Error return value of `fmt.Fprintf` is not checked (errcheck)
			fmt.Fprintf(stdout, "awaiting-approval %s %s (%s)\n", result.ID, result.ReviewSHA256, result.Reason)
			           ^
tools/gomad3/cmd/gomadtool/compatibility_pack_refresh.go:133:15: Error return value of `fmt.Fprintf` is not checked (errcheck)
			fmt.Fprintf(stdout, "  review %sreports/%s.md, then approve with:\n  gomadtool compatibility-pack generate %s --request=%srequests/%s.json --approve-review=%s\n", base, result.ID, rootFlag, base, result.ID, result.ReviewSHA256)
			           ^
tools/gomad3/cmd/gomadtool/compatibility_pack_refresh.go:135:15: Error return value of `fmt.Fprintf` is not checked (errcheck)
			fmt.Fprintf(stdout, "%s %s: %s\n", result.Status, result.ID, result.Reason)
			           ^
tools/gomad3/cmd/gomadtool/compatibility_pack_refresh.go:143:14: Error return value of `fmt.Fprintf` is not checked (errcheck)
		fmt.Fprintf(stdout, "unselected %s: its working directory no longer requires the pack's modules; remove the pack, request, report, and working-directory entry once nothing selects it\n", id)
		           ^
tools/gomad3/cmd/gomadtool/diagnostic.go:21:15: Error return value of `fmt.Fprintln` is not checked (errcheck)
		fmt.Fprintln(stderr, "usage: gomadtool diagnostic-diff [--json] EXPECTED_TRACE ACTUAL_TRACE")
		            ^
tools/gomad3/cmd/gomadtool/diagnostic.go:26:15: Error return value of `fmt.Fprintln` is not checked (errcheck)
		fmt.Fprintln(stderr, err)
		            ^
tools/gomad3/cmd/gomadtool/diagnostic.go:31:15: Error return value of `fmt.Fprintln` is not checked (errcheck)
		fmt.Fprintln(stderr, err)
		            ^
tools/gomad3/cmd/gomadtool/diagnostic.go:36:15: Error return value of `fmt.Fprintln` is not checked (errcheck)
		fmt.Fprintln(stderr, err)
		            ^
tools/gomad3/cmd/gomadtool/diagnostic.go:50:15: Error return value of `fmt.Fprintln` is not checked (errcheck)
		fmt.Fprintln(stderr, err)
		            ^
tools/gomad3/cmd/gomadtool/main.go:32:15: Error return value of `fmt.Fprintln` is not checked (errcheck)
		fmt.Fprintln(stderr, usage)
		            ^
tools/gomad3/cmd/gomadtool/main.go:73:15: Error return value of `fmt.Fprintln` is not checked (errcheck)
		fmt.Fprintln(stderr, usage)
		            ^
tools/gomad3/cmd/gomadtool/main.go:80:15: Error return value of `fmt.Fprintln` is not checked (errcheck)
		fmt.Fprintln(stderr, "usage: gomadtool checked-run <seconds> <expected-status> <label> <result-dir> -- <command> [args...]")
		            ^
tools/gomad3/cmd/gomadtool/main.go:86:15: Error return value of `fmt.Fprintln` is not checked (errcheck)
		fmt.Fprintln(stderr, "gomad3 checked runner requires a positive timeout and numeric expected status")
		            ^
tools/gomad3/cmd/gomadtool/main.go:91:14: Error return value of `fmt.Fprintf` is not checked (errcheck)
		fmt.Fprintf(stderr, "gomad3 checked runner result directory is invalid: %v\n", err)
		           ^
tools/gomad3/cmd/gomadtool/main.go:95:15: Error return value of `fmt.Fprintln` is not checked (errcheck)
		fmt.Fprintln(stderr, err)
		            ^
tools/gomad3/cmd/gomadtool/main.go:100:15: Error return value of `fmt.Fprintln` is not checked (errcheck)
		fmt.Fprintln(stderr, err)
		            ^
tools/gomad3/cmd/gomadtool/main.go:114:15: Error return value of `fmt.Fprintln` is not checked (errcheck)
		fmt.Fprintln(stderr, runErr)
		            ^
tools/gomad3/cmd/gomadtool/main.go:125:16: Error return value of `fmt.Fprintln` is not checked (errcheck)
			fmt.Fprintln(stderr, err)
			            ^
tools/gomad3/cmd/gomadtool/main.go:131:15: Error return value of `fmt.Fprintf` is not checked (errcheck)
			fmt.Fprintf(stderr, "gomad3 process failed: %s: status 124 was not a timeout\n", arguments[2])
			           ^
tools/gomad3/cmd/gomadtool/main.go:136:13: Error return value of `fmt.Fprintf` is not checked (errcheck)
	fmt.Fprintf(stderr, "gomad3 process failed: %s: status %d, want %d\n", arguments[2], actual, expected)
	           ^
tools/gomad3/cmd/gomadtool/main.go:138:14: Error return value of `fmt.Fprintf` is not checked (errcheck)
		fmt.Fprintf(stderr, "--- stdout ---\n%s", executed.Stdout.RawBytes)
		           ^
tools/gomad3/cmd/gomadtool/main.go:141:14: Error return value of `fmt.Fprintf` is not checked (errcheck)
		fmt.Fprintf(stderr, "--- stderr ---\n%s", executed.Stderr.RawBytes)
		           ^
tools/gomad3/cmd/gomadtool/main.go:175:15: Error return value of `fmt.Fprintln` is not checked (errcheck)
		fmt.Fprintln(stderr, err)
		            ^
tools/gomad3/cmd/gomadtool/main.go:178:14: Error return value of `fmt.Fprintln` is not checked (errcheck)
	fmt.Fprintln(stdout, "gomad3 patch and overlay inputs are valid")
	            ^
tools/gomad3/cmd/gomadtool/main.go:190:15: Error return value of `fmt.Fprintln` is not checked (errcheck)
		fmt.Fprintln(stderr, err)
		            ^
tools/gomad3/cmd/gomadtool/main.go:193:14: Error return value of `fmt.Fprintln` is not checked (errcheck)
	fmt.Fprintln(stdout, "gomad3 script ownership is valid")
	            ^
tools/gomad3/cmd/gomadtool/main.go:203:15: Error return value of `fmt.Fprintln` is not checked (errcheck)
		fmt.Fprintln(stderr, err)
		            ^
tools/gomad3/cmd/gomadtool/main.go:206:14: Error return value of `fmt.Fprintln` is not checked (errcheck)
	fmt.Fprintln(stdout, "gomad3 patch materialized")
	            ^
tools/gomad3/cmd/gomadtool/main.go:229:16: Error return value of `fmt.Fprintln` is not checked (errcheck)
			fmt.Fprintln(stderr, err)
			            ^
tools/gomad3/cmd/gomadtool/main.go:234:15: Error return value of `fmt.Fprintln` is not checked (errcheck)
		fmt.Fprintln(stderr, err)
		            ^
tools/gomad3/cmd/gomadtool/main.go:237:14: Error return value of `fmt.Fprintln` is not checked (errcheck)
	fmt.Fprintln(stdout, "gomad3 patch regenerated")
	            ^
tools/gomad3/cmd/gomadtool/main.go:311:15: Error return value of `fmt.Fprintln` is not checked (errcheck)
		fmt.Fprintln(stderr, err)
		            ^
tools/gomad3/cmd/gomadtool/main.go:318:14: Error return value of `fmt.Fprintln` is not checked (errcheck)
	fmt.Fprintln(stdout, key)
	            ^
tools/gomad3/cmd/gomadtool/main.go:337:15: Error return value of `fmt.Fprintln` is not checked (errcheck)
		fmt.Fprintln(stderr, err)
		            ^
tools/gomad3/cmd/gomadtool/main.go:342:15: Error return value of `fmt.Fprintln` is not checked (errcheck)
		fmt.Fprintln(stderr, err)
		            ^
tools/gomad3/cmd/gomadtool/main.go:346:17: Error return value of `fmt.Fprintf` is not checked (errcheck)
					fmt.Fprintf(stderr, "--- stdout ---\n%s", result.Stdout)
					           ^
tools/gomad3/cmd/gomadtool/main.go:349:17: Error return value of `fmt.Fprintf` is not checked (errcheck)
					fmt.Fprintf(stderr, "--- stderr ---\n%s", result.Stderr)
					           ^
tools/gomad3/cmd/gomadtool/main.go:357:15: Error return value of `fmt.Fprintln` is not checked (errcheck)
		fmt.Fprintln(stderr, err)
		            ^
tools/gomad3/cmd/gomadtool/main.go:360:14: Error return value of `fmt.Fprintln` is not checked (errcheck)
	fmt.Fprintln(stdout, mode.Success)
	            ^
tools/gomad3/cmd/gomadtool/main.go:381:16: Error return value of `fmt.Fprintln` is not checked (errcheck)
			fmt.Fprintln(stderr, "gomad3 requires an installed bootstrap Go; set GOMAD3_BOOTSTRAP_GO")
			            ^
tools/gomad3/cmd/gomadtool/main.go:388:16: Error return value of `fmt.Fprintln` is not checked (errcheck)
			fmt.Fprintln(stderr, "gomad3 requires Bash to run upstream make.bash")
			            ^
tools/gomad3/cmd/gomadtool/main.go:398:15: Error return value of `fmt.Fprintln` is not checked (errcheck)
		fmt.Fprintln(stderr, err)
		            ^
tools/gomad3/cmd/gomadtool/main.go:406:14: Error return value of `fmt.Fprintf` is not checked (errcheck)
		fmt.Fprintf(stdout, "waiting for gomad3 build key %s\n", result.BuildKey)
		           ^
tools/gomad3/cmd/gomadtool/main.go:408:13: Error return value of `fmt.Fprintf` is not checked (errcheck)
	fmt.Fprintf(stdout, "gomad3 toolchain is ready (%s/%s, key %s)\n", result.HostOS, result.HostArch, result.BuildKey)
	           ^
tools/gomad3/cmd/gomadtool/pin_impact.go:40:15: Error return value of `fmt.Fprintln` is not checked (errcheck)
		fmt.Fprintln(stderr, pinImpactUsage)
		            ^
tools/gomad3/cmd/gomadtool/pin_impact.go:45:16: Error return value of `fmt.Fprintln` is not checked (errcheck)
			fmt.Fprintln(stderr, pinImpactUsage)
			            ^
tools/gomad3/cmd/gomadtool/pin_impact.go:56:15: Error return value of `fmt.Fprintln` is not checked (errcheck)
		fmt.Fprintln(stderr, err)
		            ^
tools/gomad3/cmd/gomadtool/pin_impact.go:63:15: Error return value of `fmt.Fprintf` is not checked (errcheck)
			fmt.Fprintf(stderr, "locate the repository root module: %v; pass --module\n", err)
			           ^
tools/gomad3/cmd/gomadtool/pin_impact.go:69:15: Error return value of `fmt.Fprintln` is not checked (errcheck)
		fmt.Fprintln(stderr, err)
		            ^
tools/gomad3/cmd/gomadtool/pin_impact.go:74:15: Error return value of `fmt.Fprintln` is not checked (errcheck)
		fmt.Fprintln(stderr, err)
		            ^
tools/gomad3/cmd/gomadtool/pin_impact.go:92:15: Error return value of `fmt.Fprintln` is not checked (errcheck)
		fmt.Fprintln(stderr, err)
		            ^
tools/gomad3/cmd/gomadtool/pin_impact.go:102:14: Error return value of `fmt.Fprintf` is not checked (errcheck)
		fmt.Fprintf(stderr, "gomad3 pin impact requires a go command; set GOMAD3_BOOTSTRAP_GO or pass --go: %v\n", err)
		           ^
tools/gomad3/cmd/gomadtool/pin_impact.go:107:15: Error return value of `fmt.Fprintln` is not checked (errcheck)
		fmt.Fprintln(stderr, err)
		            ^
tools/gomad3/cmd/gomadtool/pin_impact.go:112:15: Error return value of `fmt.Fprintln` is not checked (errcheck)
		fmt.Fprintln(stderr, err)
		            ^
tools/gomad3/cmd/gomadtool/pin_impact.go:121:15: Error return value of `fmt.Fprintln` is not checked (errcheck)
		fmt.Fprintln(stderr, err)
		            ^
tools/gomad3/cmd/gomadtool/pin_impact.go:129:15: Error return value of `fmt.Fprintln` is not checked (errcheck)
		fmt.Fprintln(stderr, err)
		            ^
tools/gomad3/cmd/gomadtool/pin_impact.go:134:16: Error return value of `fmt.Fprintln` is not checked (errcheck)
			fmt.Fprintln(stderr, err)
			            ^
tools/gomad3/cmd/gomadtool/pin_impact.go:144:15: Error return value of `fmt.Fprintln` is not checked (errcheck)
		fmt.Fprintln(stderr, err)
		            ^
tools/gomad3/cmd/gomadtool/pin_impact.go:156:15: Error return value of `fmt.Fprintln` is not checked (errcheck)
		fmt.Fprintln(stderr, err)
		            ^
tools/gomad3/cmd/gomadtool/pin_impact.go:165:15: Error return value of `fmt.Fprintln` is not checked (errcheck)
		fmt.Fprintln(stderr, err)
		            ^
tools/gomad3/cmd/gomadtool/pin_impact.go:171:16: Error return value of `fmt.Fprintln` is not checked (errcheck)
			fmt.Fprintln(stderr, err)
			            ^
tools/gomad3/cmd/gomadtool/pin_impact.go:186:15: Error return value of `fmt.Fprintln` is not checked (errcheck)
		fmt.Fprintln(stderr, err)
		            ^
tools/gomad3/cmd/gomadtool/protocol.go:20:15: Error return value of `fmt.Fprintln` is not checked (errcheck)
		fmt.Fprintln(stderr, err)
		            ^
tools/gomad3/cmd/gomadtool/qualification_manifest.go:22:15: Error return value of `fmt.Fprintln` is not checked (errcheck)
		fmt.Fprintln(stderr, "qualification-manifest-generate requires --spec and --output")
		            ^
tools/gomad3/cmd/gomadtool/qualification_manifest.go:26:15: Error return value of `fmt.Fprintln` is not checked (errcheck)
		fmt.Fprintln(stderr, err)
		            ^
tools/gomad3/cmd/gomadtool/soak.go:37:15: Error return value of `fmt.Fprintln` is not checked (errcheck)
		fmt.Fprintln(stderr, "usage: gomadtool soak --manifest=FILE --gomad=FILE --work=DIR --ledger=DIR --output=DIR [flags]")
		            ^
tools/gomad3/cmd/gomadtool/soak.go:47:16: Error return value of `fmt.Fprintf` is not checked (errcheck)
				fmt.Fprintf(stderr, "invalid --seed %q\n", value)
				           ^
tools/gomad3/cmd/gomadtool/soak.go:55:15: Error return value of `fmt.Fprintln` is not checked (errcheck)
		fmt.Fprintln(stderr, err)
		            ^
tools/gomad3/cmd/gomadtool/soak.go:62:15: Error return value of `fmt.Fprintln` is not checked (errcheck)
		fmt.Fprintln(stderr, err)
		            ^
tools/gomad3/cmd/gomadtool/upgrade.go:29:15: Error return value of `fmt.Fprintln` is not checked (errcheck)
		fmt.Fprintln(stderr, err)
		            ^
tools/gomad3/cmd/gomadtool/upgrade.go:41:16: Error return value of `fmt.Fprintln` is not checked (errcheck)
			fmt.Fprintln(stderr, err)
			            ^
tools/gomad3/cmd/gomadtool/upgrade.go:64:15: Error return value of `fmt.Fprintln` is not checked (errcheck)
		fmt.Fprintln(stderr, err)
		            ^
tools/gomad3/cmd/gomadtool/upgrade.go:67:13: Error return value of `fmt.Fprintf` is not checked (errcheck)
	fmt.Fprintf(stdout, "gomad3 upgrade qualification dossier: %s\n", outputPath)
	           ^
tools/gomad3/cmd/gomadtool/version.go:20:15: Error return value of `fmt.Fprintln` is not checked (errcheck)
		fmt.Fprintln(stderr, err)
		            ^
135 issues:
* errcheck: 135
