level=info msg="golangci-lint has version 2.13.0 built with go1.27.1 from (unknown, modified: ?, mod sum: \"h1:n/YR8sCuTAfjwKLHOU0q63X2e4tObi1PCNOz+HXJ3cE=\") on (unknown)"
level=info msg="[config_reader] Used config file ../../.github/.golangci.yml"
level=info msg="[config_reader] Module name \"go.temporal.io/server/tools/gomad3\""
level=info msg="[goenv] Read go env for 4.504416ms: map[string]string{\"GOCACHE\":\"/home/agent/.cache/go-build\", \"GOROOT\":\"/home/agent/go/pkg/mod/golang.org/toolchain@v0.0.1-go1.27.1.linux-arm64\"}"
level=info msg="[lintersdb] Active 13 linters: [depguard errcheck exhaustive forbidigo gci godox goimports govet importas iotamixing revive staticcheck testifylint]"
level=info msg="[loader] Using build tags: [disable_grpc_modules  test_dep ]"
level=info msg="[loader] Go packages loading at mode 8767 (deps|exports_file|imports|types_sizes|files|name|compiled_files) took 1.401960543s"
level=info msg="[runner/filename_unadjuster] Pre-built 0 adjustments in 263.687333ms"
level=info msg="[linters_context/goanalysis] analyzers took 1.632610923s with top 10 stages: revive: 1.120410584s, goimports: 193.084417ms, gci: 90.727376ms, buildir: 62.4615ms, S1038: 12.487583ms, forbidigo: 10.772792ms, QF1010: 10.076333ms, nilness: 8.873505ms, ctrlflow: 6.678718ms, isgenerated: 4.762083ms"
level=info msg="[runner/exclusion_paths] Skipped 0 issues by pattern \"^api\""
level=info msg="[runner/exclusion_paths] Skipped 0 issues by pattern \"^proto\""
level=info msg="[runner/exclusion_paths] Skipped 0 issues by pattern \"^.git\""
level=info msg="[runner/exclusion_rules] Skipped 3 issues by rules: [Text: \"time.Sleep\", Path Except: \"_test\\\\.go|tests/.+\\\\.go\", Linters: \"forbidigo\"]"
level=info msg="[runner/exclusion_rules] Skipped 0 issues by rules: [Text: \"time.Now\", Path: \"chasm/lib/.*_test\\\\.go$\", Linters: \"forbidigo\"]"
level=info msg="[runner/exclusion_rules] Skipped 7 issues by rules: [Text: \"panic\", Path: \"_test\\\\.go|tests/.+\\\\.go|common/testing/\", Linters: \"forbidigo\"]"
level=info msg="[runner/exclusion_rules] Skipped 0 issues by rules: [Text: \"panic\", Path: \"chasm/lib/activity/model/.*\\\\.go$\", Linters: \"forbidigo\"]"
level=info msg="[runner/exclusion_rules] Skipped 0 issues by rules: [Text: \"use of `softassert\\\\.\\\\w+`\", Linters: \"forbidigo\"]"
level=info msg="[runner/exclusion_rules] Skipped 143 issues by rules: [Text: \"(cyclomatic|cognitive)\", Path: \"_test\\\\.go|tests/.+\\\\.go|common/testing/\", Linters: \"revive\"]"
level=info msg="[runner/exclusion_rules] Skipped 1352 issues by rules: [Path: \"^tools\\\\/.+\\\\.go\", Linters: \"revive\"]"
level=info msg="[runner/exclusion_rules] Skipped 0 issues by rules: [Text: \"SA1019: go.temporal.io/server/service/history/hsm/(callbacks|nexusoperations) is deprecated\", Linters: \"staticcheck\"]"
level=info msg="[runner/exclusion_rules] Skipped 74 issues by rules: [Text: \"time.Now\", Path Except: \"chasm/lib/.*\\\\.go$\", Linters: \"forbidigo\"]"
level=info msg="[runner/exclusion_rules] Skipped 1 issues by rules: [Text: \"Unix|UnixMilli|UnixNano\", Path Except: \"common/persistence/cassandra/.*\\\\.go$\", Linters: \"forbidigo\"]"
level=info msg="[runner/exclusion_rules] Skipped 0 issues by rules: [Text: \"FunctionalTestBase\", Path: \"tests/testcore/.*\\\\.go$\", Linters: \"forbidigo\"]"
level=info msg="[runner/exclusion_rules] Skipped 0 issues by rules: [Text: \"context.Background\", Path Except: \"tests/.+_test\\\\.go\", Linters: \"forbidigo\"]"
level=info msg="[runner/exclusion_rules] Skipped 10 issues by rules: [Text: \"(dot-imports|unchecked-type-assertion)\", Path: \"_test\\\\.go|tests/.+\\\\.go|common/testing/\", Linters: \"revive\"]"
level=info msg="[runner/exclusion_rules] Skipped 0 issues by rules: [Text: \"Unix|UnixMilli|UnixNano\", Path: \"_test\\\\.go$\", Linters: \"forbidigo\"]"
level=info msg="[runner/exclusion_rules] Skipped 0 issues by rules: [Text: \"ActiveInCluster\", Path: \"common/namespace/(namespace|replication_resolver)(_test)?\\\\.go$\", Linters: \"forbidigo\"]"
level=info msg="[runner/exclusion_rules] Skipped 0 issues by rules: [Text: \"Eventually\", Path: \"tests/(nexus_standalone|nexus_workflow|schedule|schedule_migration)_test\\\\.go$\", Linters: \"forbidigo\"]"
level=info msg="[runner/exclusion_rules] Skipped 0 issues by rules: [Text: \"assert\\\\.CollectT\", Path: \"tests/(nexus_standalone|nexus_workflow)_test\\\\.go$\", Linters: \"forbidigo\"]"
level=info msg="[runner] Issues before processing: 1908, after processing: 317"
level=info msg="[runner] Processors filtering stat (in/out): sort_results: 317/317, cgo: 1908/1908, filename_unadjuster: 1908/1908, diff: 317/317, uniq_by_line: 317/317, max_per_file_from_linter: 317/317, max_same_issues: 317/317, max_from_linter: 317/317, source_code: 317/317, invalid_issue: 1908/1908, generated_file_filter: 1908/1908, exclusion_rules: 1908/318, path_prettifier: 317/317, path_relativity: 1908/1908, exclusion_paths: 1908/1908, severity-rules: 317/317, path_absoluter: 1908/1908, nolint_filter: 318/317, fixer: 317/317, path_shortener: 317/317"
level=info msg="[runner] processing took 1.037213626s with stages: diff: 870.368834ms, nolint_filter: 69.394417ms, generated_file_filter: 57.872375ms, source_code: 24.454293ms, exclusion_rules: 10.763375ms, path_relativity: 2.70725ms, exclusion_paths: 1.08525ms, cgo: 123.708µs, uniq_by_line: 117µs, invalid_issue: 96.75µs, filename_unadjuster: 76.584µs, sort_results: 54.709µs, path_shortener: 53.957µs, max_per_file_from_linter: 19.292µs, path_absoluter: 17.583µs, path_prettifier: 5.875µs, max_same_issues: 1.124µs, fixer: 791ns, max_from_linter: 333ns, severity-rules: 126ns"
level=info msg="[runner] linters took 3.793206794s with stages: goanalysis_metalinter: 2.755810459s"
level=info msg="File cache stats: 66 entries of total size 979.4KiB"
level=info msg="Memory: 57 samples, avg is 100.5MB, max is 178.5MB"
level=info msg="Execution took 5.53702642s"
make[1]: *** [Makefile:505: lint-code] Error 1
lint module tools/gomad3: exit status 2
exit status 1
make: *** [Makefile:498: lint-code-gomad3] Error 1
