=== RUN   TestCorpusPublishesCanonicalSnapshotOnlyAfterMatchingReplay
--- PASS: TestCorpusPublishesCanonicalSnapshotOnlyAfterMatchingReplay (0.02s)
=== RUN   TestCorpusRejectsIdentityChangesAndNonMatchingReplay
--- PASS: TestCorpusRejectsIdentityChangesAndNonMatchingReplay (0.01s)
=== RUN   TestCorpusAllowsOnlyOneWriter
--- PASS: TestCorpusAllowsOnlyOneWriter (0.00s)
=== RUN   TestCorpusRejectsEntryCapacityOverflowBeforeOpeningCases
--- PASS: TestCorpusRejectsEntryCapacityOverflowBeforeOpeningCases (0.11s)
=== RUN   TestCorpusRejectsPreviousAndFutureSchemaBeforeChangedIdentity
=== RUN   TestCorpusRejectsPreviousAndFutureSchemaBeforeChangedIdentity/gomad3.guide-corpus/v1
=== RUN   TestCorpusRejectsPreviousAndFutureSchemaBeforeChangedIdentity/gomad3.guide-corpus/v999
--- PASS: TestCorpusRejectsPreviousAndFutureSchemaBeforeChangedIdentity (0.00s)
    --- PASS: TestCorpusRejectsPreviousAndFutureSchemaBeforeChangedIdentity/gomad3.guide-corpus/v1 (0.00s)
    --- PASS: TestCorpusRejectsPreviousAndFutureSchemaBeforeChangedIdentity/gomad3.guide-corpus/v999 (0.00s)
=== RUN   TestCorpusRejectsCaseWithChangedEnvironment
--- PASS: TestCorpusRejectsCaseWithChangedEnvironment (0.01s)
=== RUN   TestCorpusRejectsMalformedAndNoncanonicalCurrentSchema
=== RUN   TestCorpusRejectsMalformedAndNoncanonicalCurrentSchema/malformed
=== RUN   TestCorpusRejectsMalformedAndNoncanonicalCurrentSchema/noncanonical
=== RUN   TestCorpusRejectsMalformedAndNoncanonicalCurrentSchema/unknown_field
=== RUN   TestCorpusRejectsMalformedAndNoncanonicalCurrentSchema/duplicate_schema
--- PASS: TestCorpusRejectsMalformedAndNoncanonicalCurrentSchema (0.00s)
    --- PASS: TestCorpusRejectsMalformedAndNoncanonicalCurrentSchema/malformed (0.00s)
    --- PASS: TestCorpusRejectsMalformedAndNoncanonicalCurrentSchema/noncanonical (0.00s)
    --- PASS: TestCorpusRejectsMalformedAndNoncanonicalCurrentSchema/unknown_field (0.00s)
    --- PASS: TestCorpusRejectsMalformedAndNoncanonicalCurrentSchema/duplicate_schema (0.00s)
=== RUN   TestCorpusCasesShareOneTarget
--- PASS: TestCorpusCasesShareOneTarget (0.02s)
=== RUN   TestCorpusKeepsItsTargetUntilNoCaseSharesIt
--- PASS: TestCorpusKeepsItsTargetUntilNoCaseSharesIt (0.02s)
=== RUN   TestCorpusByteCapCountsTheSharedTargetOnce
=== RUN   TestCorpusByteCapCountsTheSharedTargetOnce/private_copies
=== RUN   TestCorpusByteCapCountsTheSharedTargetOnce/one_shared_target
=== RUN   TestCorpusByteCapCountsTheSharedTargetOnce/fewer_cases_than_the_cap
--- PASS: TestCorpusByteCapCountsTheSharedTargetOnce (0.00s)
    --- PASS: TestCorpusByteCapCountsTheSharedTargetOnce/private_copies (0.00s)
    --- PASS: TestCorpusByteCapCountsTheSharedTargetOnce/one_shared_target (0.00s)
    --- PASS: TestCorpusByteCapCountsTheSharedTargetOnce/fewer_cases_than_the_cap (0.00s)
PASS
ok  	go.temporal.io/server/tools/gomad3/runner/internal/corpus	0.205s
