{"Time":"2026-10-05T20:42:48.016428426Z","Action":"start","Package":"go.temporal.io/server/tools/gomad3/internal/sourceinventory"}
{"Time":"2026-10-05T20:42:48.026979717Z","Action":"run","Package":"go.temporal.io/server/tools/gomad3/internal/sourceinventory","Test":"TestDigestPinsInventoryEncoding"}
{"Time":"2026-10-05T20:42:48.027172717Z","Action":"output","Package":"go.temporal.io/server/tools/gomad3/internal/sourceinventory","Test":"TestDigestPinsInventoryEncoding","Output":"=== RUN   TestDigestPinsInventoryEncoding\n","OutputType":"frame"}
{"Time":"2026-10-05T20:42:48.039718217Z","Action":"output","Package":"go.temporal.io/server/tools/gomad3/internal/sourceinventory","Test":"TestDigestPinsInventoryEncoding","Output":"--- PASS: TestDigestPinsInventoryEncoding (0.01s)\n","OutputType":"frame"}
{"Time":"2026-10-05T20:42:48.044037301Z","Action":"pass","Package":"go.temporal.io/server/tools/gomad3/internal/sourceinventory","Test":"TestDigestPinsInventoryEncoding","Elapsed":0.01}
{"Time":"2026-10-05T20:42:48.044672759Z","Action":"run","Package":"go.temporal.io/server/tools/gomad3/internal/sourceinventory","Test":"TestDigestReturnsTypedCapacityError"}
{"Time":"2026-10-05T20:42:48.045821634Z","Action":"output","Package":"go.temporal.io/server/tools/gomad3/internal/sourceinventory","Test":"TestDigestReturnsTypedCapacityError","Output":"=== RUN   TestDigestReturnsTypedCapacityError\n","OutputType":"frame"}
{"Time":"2026-10-05T20:42:48.046008134Z","Action":"run","Package":"go.temporal.io/server/tools/gomad3/internal/sourceinventory","Test":"TestDigestReturnsTypedCapacityError/files"}
{"Time":"2026-10-05T20:42:48.046648801Z","Action":"output","Package":"go.temporal.io/server/tools/gomad3/internal/sourceinventory","Test":"TestDigestReturnsTypedCapacityError/files","Output":"=== RUN   TestDigestReturnsTypedCapacityError/files\n","OutputType":"frame"}
{"Time":"2026-10-05T20:42:48.046775759Z","Action":"output","Package":"go.temporal.io/server/tools/gomad3/internal/sourceinventory","Test":"TestDigestReturnsTypedCapacityError/files","Output":"--- PASS: TestDigestReturnsTypedCapacityError/files (0.00s)\n","OutputType":"frame"}
{"Time":"2026-10-05T20:42:48.046800551Z","Action":"pass","Package":"go.temporal.io/server/tools/gomad3/internal/sourceinventory","Test":"TestDigestReturnsTypedCapacityError/files","Elapsed":0}
{"Time":"2026-10-05T20:42:48.046851759Z","Action":"run","Package":"go.temporal.io/server/tools/gomad3/internal/sourceinventory","Test":"TestDigestReturnsTypedCapacityError/bytes"}
{"Time":"2026-10-05T20:42:48.046879717Z","Action":"output","Package":"go.temporal.io/server/tools/gomad3/internal/sourceinventory","Test":"TestDigestReturnsTypedCapacityError/bytes","Output":"=== RUN   TestDigestReturnsTypedCapacityError/bytes\n","OutputType":"frame"}
{"Time":"2026-10-05T20:42:48.046898176Z","Action":"output","Package":"go.temporal.io/server/tools/gomad3/internal/sourceinventory","Test":"TestDigestReturnsTypedCapacityError/bytes","Output":"--- PASS: TestDigestReturnsTypedCapacityError/bytes (0.00s)\n","OutputType":"frame"}
{"Time":"2026-10-05T20:42:48.047097051Z","Action":"pass","Package":"go.temporal.io/server/tools/gomad3/internal/sourceinventory","Test":"TestDigestReturnsTypedCapacityError/bytes","Elapsed":0}
{"Time":"2026-10-05T20:42:48.047269092Z","Action":"output","Package":"go.temporal.io/server/tools/gomad3/internal/sourceinventory","Test":"TestDigestReturnsTypedCapacityError","Output":"--- PASS: TestDigestReturnsTypedCapacityError (0.00s)\n","OutputType":"frame"}
{"Time":"2026-10-05T20:42:48.047314592Z","Action":"pass","Package":"go.temporal.io/server/tools/gomad3/internal/sourceinventory","Test":"TestDigestReturnsTypedCapacityError","Elapsed":0}
{"Time":"2026-10-05T20:42:48.047520092Z","Action":"run","Package":"go.temporal.io/server/tools/gomad3/internal/sourceinventory","Test":"TestDigestRejectsUnsafeOrEmptyInventories"}
{"Time":"2026-10-05T20:42:48.047908342Z","Action":"output","Package":"go.temporal.io/server/tools/gomad3/internal/sourceinventory","Test":"TestDigestRejectsUnsafeOrEmptyInventories","Output":"=== RUN   TestDigestRejectsUnsafeOrEmptyInventories\n","OutputType":"frame"}
{"Time":"2026-10-05T20:42:48.048170842Z","Action":"run","Package":"go.temporal.io/server/tools/gomad3/internal/sourceinventory","Test":"TestDigestRejectsUnsafeOrEmptyInventories/empty"}
{"Time":"2026-10-05T20:42:48.048205717Z","Action":"output","Package":"go.temporal.io/server/tools/gomad3/internal/sourceinventory","Test":"TestDigestRejectsUnsafeOrEmptyInventories/empty","Output":"=== RUN   TestDigestRejectsUnsafeOrEmptyInventories/empty\n","OutputType":"frame"}
{"Time":"2026-10-05T20:42:48.049081092Z","Action":"output","Package":"go.temporal.io/server/tools/gomad3/internal/sourceinventory","Test":"TestDigestRejectsUnsafeOrEmptyInventories/empty","Output":"--- PASS: TestDigestRejectsUnsafeOrEmptyInventories/empty (0.00s)\n","OutputType":"frame"}
{"Time":"2026-10-05T20:42:48.050366509Z","Action":"pass","Package":"go.temporal.io/server/tools/gomad3/internal/sourceinventory","Test":"TestDigestRejectsUnsafeOrEmptyInventories/empty","Elapsed":0}
{"Time":"2026-10-05T20:42:48.051736676Z","Action":"run","Package":"go.temporal.io/server/tools/gomad3/internal/sourceinventory","Test":"TestDigestRejectsUnsafeOrEmptyInventories/symbolic_link"}
{"Time":"2026-10-05T20:42:48.051845634Z","Action":"output","Package":"go.temporal.io/server/tools/gomad3/internal/sourceinventory","Test":"TestDigestRejectsUnsafeOrEmptyInventories/symbolic_link","Output":"=== RUN   TestDigestRejectsUnsafeOrEmptyInventories/symbolic_link\n","OutputType":"frame"}
{"Time":"2026-10-05T20:42:48.051955176Z","Action":"output","Package":"go.temporal.io/server/tools/gomad3/internal/sourceinventory","Test":"TestDigestRejectsUnsafeOrEmptyInventories/symbolic_link","Output":"--- PASS: TestDigestRejectsUnsafeOrEmptyInventories/symbolic_link (0.00s)\n","OutputType":"frame"}
{"Time":"2026-10-05T20:42:48.052620426Z","Action":"pass","Package":"go.temporal.io/server/tools/gomad3/internal/sourceinventory","Test":"TestDigestRejectsUnsafeOrEmptyInventories/symbolic_link","Elapsed":0}
{"Time":"2026-10-05T20:42:48.052750092Z","Action":"run","Package":"go.temporal.io/server/tools/gomad3/internal/sourceinventory","Test":"TestDigestRejectsUnsafeOrEmptyInventories/missing_root"}
{"Time":"2026-10-05T20:42:48.052817051Z","Action":"output","Package":"go.temporal.io/server/tools/gomad3/internal/sourceinventory","Test":"TestDigestRejectsUnsafeOrEmptyInventories/missing_root","Output":"=== RUN   TestDigestRejectsUnsafeOrEmptyInventories/missing_root\n","OutputType":"frame"}
{"Time":"2026-10-05T20:42:48.052906426Z","Action":"output","Package":"go.temporal.io/server/tools/gomad3/internal/sourceinventory","Test":"TestDigestRejectsUnsafeOrEmptyInventories/missing_root","Output":"--- PASS: TestDigestRejectsUnsafeOrEmptyInventories/missing_root (0.00s)\n","OutputType":"frame"}
{"Time":"2026-10-05T20:42:48.052971217Z","Action":"pass","Package":"go.temporal.io/server/tools/gomad3/internal/sourceinventory","Test":"TestDigestRejectsUnsafeOrEmptyInventories/missing_root","Elapsed":0}
{"Time":"2026-10-05T20:42:48.053059676Z","Action":"output","Package":"go.temporal.io/server/tools/gomad3/internal/sourceinventory","Test":"TestDigestRejectsUnsafeOrEmptyInventories","Output":"--- PASS: TestDigestRejectsUnsafeOrEmptyInventories (0.00s)\n","OutputType":"frame"}
{"Time":"2026-10-05T20:42:48.053220009Z","Action":"pass","Package":"go.temporal.io/server/tools/gomad3/internal/sourceinventory","Test":"TestDigestRejectsUnsafeOrEmptyInventories","Elapsed":0}
{"Time":"2026-10-05T20:42:48.053655009Z","Action":"output","Package":"go.temporal.io/server/tools/gomad3/internal/sourceinventory","Output":"PASS\n","OutputType":"frame"}
{"Time":"2026-10-05T20:42:48.054591884Z","Action":"output","Package":"go.temporal.io/server/tools/gomad3/internal/sourceinventory","Output":"ok  \tgo.temporal.io/server/tools/gomad3/internal/sourceinventory\t0.033s\n"}
{"Time":"2026-10-05T20:42:48.056255926Z","Action":"pass","Package":"go.temporal.io/server/tools/gomad3/internal/sourceinventory","Elapsed":0.04}
