{"Time":"2026-10-05T21:35:25.301701074Z","Action":"start","Package":"go.temporal.io/server/tools/gomad3/cmd/gomadtool"}
{"Time":"2026-10-05T21:35:25.307130615Z","Action":"run","Package":"go.temporal.io/server/tools/gomad3/cmd/gomadtool","Test":"TestRunCompatibilityPackRefreshStopsAtApprovalAndResumes"}
{"Time":"2026-10-05T21:35:25.307406407Z","Action":"output","Package":"go.temporal.io/server/tools/gomad3/cmd/gomadtool","Test":"TestRunCompatibilityPackRefreshStopsAtApprovalAndResumes","Output":"=== RUN   TestRunCompatibilityPackRefreshStopsAtApprovalAndResumes\n","OutputType":"frame"}
{"Time":"2026-10-05T21:35:25.30756724Z","Action":"run","Package":"go.temporal.io/server/tools/gomad3/cmd/gomadtool","Test":"TestRunCompatibilityPackRefreshStopsAtApprovalAndResumes/unset"}
{"Time":"2026-10-05T21:35:25.307659282Z","Action":"output","Package":"go.temporal.io/server/tools/gomad3/cmd/gomadtool","Test":"TestRunCompatibilityPackRefreshStopsAtApprovalAndResumes/unset","Output":"=== RUN   TestRunCompatibilityPackRefreshStopsAtApprovalAndResumes/unset\n","OutputType":"frame"}
{"Time":"2026-10-05T21:35:25.502901365Z","Action":"output","Package":"go.temporal.io/server/tools/gomad3/cmd/gomadtool","Test":"TestRunCompatibilityPackRefreshStopsAtApprovalAndResumes/unset","Output":"--- PASS: TestRunCompatibilityPackRefreshStopsAtApprovalAndResumes/unset (0.20s)\n","OutputType":"frame"}
{"Time":"2026-10-05T21:35:25.503070949Z","Action":"pass","Package":"go.temporal.io/server/tools/gomad3/cmd/gomadtool","Test":"TestRunCompatibilityPackRefreshStopsAtApprovalAndResumes/unset","Elapsed":0.2}
{"Time":"2026-10-05T21:35:25.503148324Z","Action":"run","Package":"go.temporal.io/server/tools/gomad3/cmd/gomadtool","Test":"TestRunCompatibilityPackRefreshStopsAtApprovalAndResumes/root_packs"}
{"Time":"2026-10-05T21:35:25.50322549Z","Action":"output","Package":"go.temporal.io/server/tools/gomad3/cmd/gomadtool","Test":"TestRunCompatibilityPackRefreshStopsAtApprovalAndResumes/root_packs","Output":"=== RUN   TestRunCompatibilityPackRefreshStopsAtApprovalAndResumes/root_packs\n","OutputType":"frame"}
{"Time":"2026-10-05T21:35:25.724011199Z","Action":"output","Package":"go.temporal.io/server/tools/gomad3/cmd/gomadtool","Test":"TestRunCompatibilityPackRefreshStopsAtApprovalAndResumes/root_packs","Output":"--- PASS: TestRunCompatibilityPackRefreshStopsAtApprovalAndResumes/root_packs (0.22s)\n","OutputType":"frame"}
{"Time":"2026-10-05T21:35:25.724124116Z","Action":"pass","Package":"go.temporal.io/server/tools/gomad3/cmd/gomadtool","Test":"TestRunCompatibilityPackRefreshStopsAtApprovalAndResumes/root_packs","Elapsed":0.22}
{"Time":"2026-10-05T21:35:25.724200324Z","Action":"run","Package":"go.temporal.io/server/tools/gomad3/cmd/gomadtool","Test":"TestRunCompatibilityPackRefreshStopsAtApprovalAndResumes/elsewhere"}
{"Time":"2026-10-05T21:35:25.724258866Z","Action":"output","Package":"go.temporal.io/server/tools/gomad3/cmd/gomadtool","Test":"TestRunCompatibilityPackRefreshStopsAtApprovalAndResumes/elsewhere","Output":"=== RUN   TestRunCompatibilityPackRefreshStopsAtApprovalAndResumes/elsewhere\n","OutputType":"frame"}
{"Time":"2026-10-05T21:35:25.876851366Z","Action":"output","Package":"go.temporal.io/server/tools/gomad3/cmd/gomadtool","Test":"TestRunCompatibilityPackRefreshStopsAtApprovalAndResumes/elsewhere","Output":"--- PASS: TestRunCompatibilityPackRefreshStopsAtApprovalAndResumes/elsewhere (0.15s)\n","OutputType":"frame"}
{"Time":"2026-10-05T21:35:25.877030699Z","Action":"pass","Package":"go.temporal.io/server/tools/gomad3/cmd/gomadtool","Test":"TestRunCompatibilityPackRefreshStopsAtApprovalAndResumes/elsewhere","Elapsed":0.15}
{"Time":"2026-10-05T21:35:25.877127491Z","Action":"run","Package":"go.temporal.io/server/tools/gomad3/cmd/gomadtool","Test":"TestRunCompatibilityPackRefreshStopsAtApprovalAndResumes/saved_module_report"}
{"Time":"2026-10-05T21:35:25.877201866Z","Action":"output","Package":"go.temporal.io/server/tools/gomad3/cmd/gomadtool","Test":"TestRunCompatibilityPackRefreshStopsAtApprovalAndResumes/saved_module_report","Output":"=== RUN   TestRunCompatibilityPackRefreshStopsAtApprovalAndResumes/saved_module_report\n","OutputType":"frame"}
{"Time":"2026-10-05T21:35:26.020815407Z","Action":"output","Package":"go.temporal.io/server/tools/gomad3/cmd/gomadtool","Test":"TestRunCompatibilityPackRefreshStopsAtApprovalAndResumes/saved_module_report","Output":"--- PASS: TestRunCompatibilityPackRefreshStopsAtApprovalAndResumes/saved_module_report (0.14s)\n","OutputType":"frame"}
{"Time":"2026-10-05T21:35:26.020962282Z","Action":"pass","Package":"go.temporal.io/server/tools/gomad3/cmd/gomadtool","Test":"TestRunCompatibilityPackRefreshStopsAtApprovalAndResumes/saved_module_report","Elapsed":0.14}
{"Time":"2026-10-05T21:35:26.021085574Z","Action":"run","Package":"go.temporal.io/server/tools/gomad3/cmd/gomadtool","Test":"TestRunCompatibilityPackRefreshStopsAtApprovalAndResumes/saved_file_report"}
{"Time":"2026-10-05T21:35:26.021151574Z","Action":"output","Package":"go.temporal.io/server/tools/gomad3/cmd/gomadtool","Test":"TestRunCompatibilityPackRefreshStopsAtApprovalAndResumes/saved_file_report","Output":"=== RUN   TestRunCompatibilityPackRefreshStopsAtApprovalAndResumes/saved_file_report\n","OutputType":"frame"}
{"Time":"2026-10-05T21:35:26.150709782Z","Action":"output","Package":"go.temporal.io/server/tools/gomad3/cmd/gomadtool","Test":"TestRunCompatibilityPackRefreshStopsAtApprovalAndResumes/saved_file_report","Output":"--- PASS: TestRunCompatibilityPackRefreshStopsAtApprovalAndResumes/saved_file_report (0.13s)\n","OutputType":"frame"}
{"Time":"2026-10-05T21:35:26.150837574Z","Action":"pass","Package":"go.temporal.io/server/tools/gomad3/cmd/gomadtool","Test":"TestRunCompatibilityPackRefreshStopsAtApprovalAndResumes/saved_file_report","Elapsed":0.13}
{"Time":"2026-10-05T21:35:26.150956282Z","Action":"output","Package":"go.temporal.io/server/tools/gomad3/cmd/gomadtool","Test":"TestRunCompatibilityPackRefreshStopsAtApprovalAndResumes","Output":"--- PASS: TestRunCompatibilityPackRefreshStopsAtApprovalAndResumes (0.84s)\n","OutputType":"frame"}
{"Time":"2026-10-05T21:35:26.151020491Z","Action":"pass","Package":"go.temporal.io/server/tools/gomad3/cmd/gomadtool","Test":"TestRunCompatibilityPackRefreshStopsAtApprovalAndResumes","Elapsed":0.84}
{"Time":"2026-10-05T21:35:26.151140699Z","Action":"run","Package":"go.temporal.io/server/tools/gomad3/cmd/gomadtool","Test":"TestRunCompatibilityPackCheckRequiresTheRepositoryWorkingDirectoryTable"}
{"Time":"2026-10-05T21:35:26.151210116Z","Action":"output","Package":"go.temporal.io/server/tools/gomad3/cmd/gomadtool","Test":"TestRunCompatibilityPackCheckRequiresTheRepositoryWorkingDirectoryTable","Output":"=== RUN   TestRunCompatibilityPackCheckRequiresTheRepositoryWorkingDirectoryTable\n","OutputType":"frame"}
{"Time":"2026-10-05T21:35:26.170458741Z","Action":"output","Package":"go.temporal.io/server/tools/gomad3/cmd/gomadtool","Test":"TestRunCompatibilityPackCheckRequiresTheRepositoryWorkingDirectoryTable","Output":"--- PASS: TestRunCompatibilityPackCheckRequiresTheRepositoryWorkingDirectoryTable (0.02s)\n","OutputType":"frame"}
{"Time":"2026-10-05T21:35:26.170509241Z","Action":"pass","Package":"go.temporal.io/server/tools/gomad3/cmd/gomadtool","Test":"TestRunCompatibilityPackCheckRequiresTheRepositoryWorkingDirectoryTable","Elapsed":0.02}
{"Time":"2026-10-05T21:35:26.170567699Z","Action":"run","Package":"go.temporal.io/server/tools/gomad3/cmd/gomadtool","Test":"TestCompatibilityPackRefreshAcceptsSavedPinImpactSchemas"}
{"Time":"2026-10-05T21:35:26.170594241Z","Action":"output","Package":"go.temporal.io/server/tools/gomad3/cmd/gomadtool","Test":"TestCompatibilityPackRefreshAcceptsSavedPinImpactSchemas","Output":"=== RUN   TestCompatibilityPackRefreshAcceptsSavedPinImpactSchemas\n","OutputType":"frame"}
{"Time":"2026-10-05T21:35:26.170653032Z","Action":"run","Package":"go.temporal.io/server/tools/gomad3/cmd/gomadtool","Test":"TestCompatibilityPackRefreshAcceptsSavedPinImpactSchemas/module_report"}
{"Time":"2026-10-05T21:35:26.170710491Z","Action":"output","Package":"go.temporal.io/server/tools/gomad3/cmd/gomadtool","Test":"TestCompatibilityPackRefreshAcceptsSavedPinImpactSchemas/module_report","Output":"=== RUN   TestCompatibilityPackRefreshAcceptsSavedPinImpactSchemas/module_report\n","OutputType":"frame"}
{"Time":"2026-10-05T21:35:26.170928491Z","Action":"output","Package":"go.temporal.io/server/tools/gomad3/cmd/gomadtool","Test":"TestCompatibilityPackRefreshAcceptsSavedPinImpactSchemas/module_report","Output":"--- PASS: TestCompatibilityPackRefreshAcceptsSavedPinImpactSchemas/module_report (0.00s)\n","OutputType":"frame"}
{"Time":"2026-10-05T21:35:26.171029491Z","Action":"pass","Package":"go.temporal.io/server/tools/gomad3/cmd/gomadtool","Test":"TestCompatibilityPackRefreshAcceptsSavedPinImpactSchemas/module_report","Elapsed":0}
{"Time":"2026-10-05T21:35:26.171085074Z","Action":"run","Package":"go.temporal.io/server/tools/gomad3/cmd/gomadtool","Test":"TestCompatibilityPackRefreshAcceptsSavedPinImpactSchemas/file_report"}
{"Time":"2026-10-05T21:35:26.171118241Z","Action":"output","Package":"go.temporal.io/server/tools/gomad3/cmd/gomadtool","Test":"TestCompatibilityPackRefreshAcceptsSavedPinImpactSchemas/file_report","Output":"=== RUN   TestCompatibilityPackRefreshAcceptsSavedPinImpactSchemas/file_report\n","OutputType":"frame"}
{"Time":"2026-10-05T21:35:26.171162282Z","Action":"output","Package":"go.temporal.io/server/tools/gomad3/cmd/gomadtool","Test":"TestCompatibilityPackRefreshAcceptsSavedPinImpactSchemas/file_report","Output":"--- PASS: TestCompatibilityPackRefreshAcceptsSavedPinImpactSchemas/file_report (0.00s)\n","OutputType":"frame"}
{"Time":"2026-10-05T21:35:26.171191866Z","Action":"pass","Package":"go.temporal.io/server/tools/gomad3/cmd/gomadtool","Test":"TestCompatibilityPackRefreshAcceptsSavedPinImpactSchemas/file_report","Elapsed":0}
{"Time":"2026-10-05T21:35:26.171239949Z","Action":"output","Package":"go.temporal.io/server/tools/gomad3/cmd/gomadtool","Test":"TestCompatibilityPackRefreshAcceptsSavedPinImpactSchemas","Output":"--- PASS: TestCompatibilityPackRefreshAcceptsSavedPinImpactSchemas (0.00s)\n","OutputType":"frame"}
{"Time":"2026-10-05T21:35:26.171275782Z","Action":"pass","Package":"go.temporal.io/server/tools/gomad3/cmd/gomadtool","Test":"TestCompatibilityPackRefreshAcceptsSavedPinImpactSchemas","Elapsed":0}
{"Time":"2026-10-05T21:35:26.171315657Z","Action":"run","Package":"go.temporal.io/server/tools/gomad3/cmd/gomadtool","Test":"TestCompatibilityPackRefreshInfrastructureErrorsUseStatusThree"}
{"Time":"2026-10-05T21:35:26.171457824Z","Action":"output","Package":"go.temporal.io/server/tools/gomad3/cmd/gomadtool","Test":"TestCompatibilityPackRefreshInfrastructureErrorsUseStatusThree","Output":"=== RUN   TestCompatibilityPackRefreshInfrastructureErrorsUseStatusThree\n","OutputType":"frame"}
{"Time":"2026-10-05T21:35:26.171504782Z","Action":"output","Package":"go.temporal.io/server/tools/gomad3/cmd/gomadtool","Test":"TestCompatibilityPackRefreshInfrastructureErrorsUseStatusThree","Output":"--- PASS: TestCompatibilityPackRefreshInfrastructureErrorsUseStatusThree (0.00s)\n","OutputType":"frame"}
{"Time":"2026-10-05T21:35:26.171540782Z","Action":"pass","Package":"go.temporal.io/server/tools/gomad3/cmd/gomadtool","Test":"TestCompatibilityPackRefreshInfrastructureErrorsUseStatusThree","Elapsed":0}
{"Time":"2026-10-05T21:35:26.171565824Z","Action":"run","Package":"go.temporal.io/server/tools/gomad3/cmd/gomadtool","Test":"TestCompatibilityPackPathsHonorAnExternalRoot"}
{"Time":"2026-10-05T21:35:26.171592949Z","Action":"output","Package":"go.temporal.io/server/tools/gomad3/cmd/gomadtool","Test":"TestCompatibilityPackPathsHonorAnExternalRoot","Output":"=== RUN   TestCompatibilityPackPathsHonorAnExternalRoot\n","OutputType":"frame"}
{"Time":"2026-10-05T21:35:26.171649741Z","Action":"output","Package":"go.temporal.io/server/tools/gomad3/cmd/gomadtool","Test":"TestCompatibilityPackPathsHonorAnExternalRoot","Output":"--- PASS: TestCompatibilityPackPathsHonorAnExternalRoot (0.00s)\n","OutputType":"frame"}
{"Time":"2026-10-05T21:35:26.171684449Z","Action":"pass","Package":"go.temporal.io/server/tools/gomad3/cmd/gomadtool","Test":"TestCompatibilityPackPathsHonorAnExternalRoot","Elapsed":0}
{"Time":"2026-10-05T21:35:26.171725741Z","Action":"run","Package":"go.temporal.io/server/tools/gomad3/cmd/gomadtool","Test":"TestCompatibilityPathBaseKeepsDefaultPathsRootRelative"}
{"Time":"2026-10-05T21:35:26.171806532Z","Action":"output","Package":"go.temporal.io/server/tools/gomad3/cmd/gomadtool","Test":"TestCompatibilityPathBaseKeepsDefaultPathsRootRelative","Output":"=== RUN   TestCompatibilityPathBaseKeepsDefaultPathsRootRelative\n","OutputType":"frame"}
{"Time":"2026-10-05T21:35:26.171889366Z","Action":"output","Package":"go.temporal.io/server/tools/gomad3/cmd/gomadtool","Test":"TestCompatibilityPathBaseKeepsDefaultPathsRootRelative","Output":"--- PASS: TestCompatibilityPathBaseKeepsDefaultPathsRootRelative (0.00s)\n","OutputType":"frame"}
{"Time":"2026-10-05T21:35:26.172045866Z","Action":"pass","Package":"go.temporal.io/server/tools/gomad3/cmd/gomadtool","Test":"TestCompatibilityPathBaseKeepsDefaultPathsRootRelative","Elapsed":0}
{"Time":"2026-10-05T21:35:26.172098032Z","Action":"run","Package":"go.temporal.io/server/tools/gomad3/cmd/gomadtool","Test":"TestRunCompatibilityPackCheckReportsOperationalFailure"}
{"Time":"2026-10-05T21:35:26.172145199Z","Action":"output","Package":"go.temporal.io/server/tools/gomad3/cmd/gomadtool","Test":"TestRunCompatibilityPackCheckReportsOperationalFailure","Output":"=== RUN   TestRunCompatibilityPackCheckReportsOperationalFailure\n","OutputType":"frame"}
{"Time":"2026-10-05T21:35:26.172215782Z","Action":"output","Package":"go.temporal.io/server/tools/gomad3/cmd/gomadtool","Test":"TestRunCompatibilityPackCheckReportsOperationalFailure","Output":"--- PASS: TestRunCompatibilityPackCheckReportsOperationalFailure (0.00s)\n","OutputType":"frame"}
{"Time":"2026-10-05T21:35:26.172262866Z","Action":"pass","Package":"go.temporal.io/server/tools/gomad3/cmd/gomadtool","Test":"TestRunCompatibilityPackCheckReportsOperationalFailure","Elapsed":0}
{"Time":"2026-10-05T21:35:26.172367741Z","Action":"run","Package":"go.temporal.io/server/tools/gomad3/cmd/gomadtool","Test":"TestRunCompatibilityPackGenerateWithoutApprovalRegeneratesRecordedRequests"}
{"Time":"2026-10-05T21:35:26.172468532Z","Action":"output","Package":"go.temporal.io/server/tools/gomad3/cmd/gomadtool","Test":"TestRunCompatibilityPackGenerateWithoutApprovalRegeneratesRecordedRequests","Output":"=== RUN   TestRunCompatibilityPackGenerateWithoutApprovalRegeneratesRecordedRequests\n","OutputType":"frame"}
{"Time":"2026-10-05T21:35:26.172525699Z","Action":"output","Package":"go.temporal.io/server/tools/gomad3/cmd/gomadtool","Test":"TestRunCompatibilityPackGenerateWithoutApprovalRegeneratesRecordedRequests","Output":"--- PASS: TestRunCompatibilityPackGenerateWithoutApprovalRegeneratesRecordedRequests (0.00s)\n","OutputType":"frame"}
{"Time":"2026-10-05T21:35:26.172569532Z","Action":"pass","Package":"go.temporal.io/server/tools/gomad3/cmd/gomadtool","Test":"TestRunCompatibilityPackGenerateWithoutApprovalRegeneratesRecordedRequests","Elapsed":0}
{"Time":"2026-10-05T21:35:26.172855782Z","Action":"output","Package":"go.temporal.io/server/tools/gomad3/cmd/gomadtool","Output":"PASS\n","OutputType":"frame"}
{"Time":"2026-10-05T21:35:26.179119241Z","Action":"output","Package":"go.temporal.io/server/tools/gomad3/cmd/gomadtool","Output":"ok  \tgo.temporal.io/server/tools/gomad3/cmd/gomadtool\t0.877s\n"}
{"Time":"2026-10-05T21:35:26.179312282Z","Action":"pass","Package":"go.temporal.io/server/tools/gomad3/cmd/gomadtool","Elapsed":0.878}
