{"Time":"2026-10-05T21:42:44.136587866Z","Action":"start","Package":"go.temporal.io/server/tools/gomad3"}
{"Time":"2026-10-05T21:42:44.140359991Z","Action":"run","Package":"go.temporal.io/server/tools/gomad3","Test":"TestArchitectureInventoryFixtures"}
{"Time":"2026-10-05T21:42:44.140548366Z","Action":"output","Package":"go.temporal.io/server/tools/gomad3","Test":"TestArchitectureInventoryFixtures","Output":"=== RUN   TestArchitectureInventoryFixtures\n","OutputType":"frame"}
{"Time":"2026-10-05T21:42:44.140669116Z","Action":"run","Package":"go.temporal.io/server/tools/gomad3","Test":"TestArchitectureInventoryFixtures/root-production"}
{"Time":"2026-10-05T21:42:44.140707325Z","Action":"output","Package":"go.temporal.io/server/tools/gomad3","Test":"TestArchitectureInventoryFixtures/root-production","Output":"=== RUN   TestArchitectureInventoryFixtures/root-production\n","OutputType":"frame"}
{"Time":"2026-10-05T21:42:44.158406991Z","Action":"output","Package":"go.temporal.io/server/tools/gomad3","Test":"TestArchitectureInventoryFixtures/root-production","Output":"--- PASS: TestArchitectureInventoryFixtures/root-production (0.02s)\n","OutputType":"frame"}
{"Time":"2026-10-05T21:42:44.158505075Z","Action":"pass","Package":"go.temporal.io/server/tools/gomad3","Test":"TestArchitectureInventoryFixtures/root-production","Elapsed":0.02}
{"Time":"2026-10-05T21:42:44.158642991Z","Action":"run","Package":"go.temporal.io/server/tools/gomad3","Test":"TestArchitectureInventoryFixtures/hidden-production"}
{"Time":"2026-10-05T21:42:44.158691658Z","Action":"output","Package":"go.temporal.io/server/tools/gomad3","Test":"TestArchitectureInventoryFixtures/hidden-production","Output":"=== RUN   TestArchitectureInventoryFixtures/hidden-production\n","OutputType":"frame"}
{"Time":"2026-10-05T21:42:44.172142491Z","Action":"output","Package":"go.temporal.io/server/tools/gomad3","Test":"TestArchitectureInventoryFixtures/hidden-production","Output":"--- PASS: TestArchitectureInventoryFixtures/hidden-production (0.01s)\n","OutputType":"frame"}
{"Time":"2026-10-05T21:42:44.172212616Z","Action":"pass","Package":"go.temporal.io/server/tools/gomad3","Test":"TestArchitectureInventoryFixtures/hidden-production","Elapsed":0.01}
{"Time":"2026-10-05T21:42:44.17225695Z","Action":"run","Package":"go.temporal.io/server/tools/gomad3","Test":"TestArchitectureInventoryFixtures/underscore-production"}
{"Time":"2026-10-05T21:42:44.172302991Z","Action":"output","Package":"go.temporal.io/server/tools/gomad3","Test":"TestArchitectureInventoryFixtures/underscore-production","Output":"=== RUN   TestArchitectureInventoryFixtures/underscore-production\n","OutputType":"frame"}
{"Time":"2026-10-05T21:42:44.18510245Z","Action":"output","Package":"go.temporal.io/server/tools/gomad3","Test":"TestArchitectureInventoryFixtures/underscore-production","Output":"--- PASS: TestArchitectureInventoryFixtures/underscore-production (0.01s)\n","OutputType":"frame"}
{"Time":"2026-10-05T21:42:44.185232491Z","Action":"pass","Package":"go.temporal.io/server/tools/gomad3","Test":"TestArchitectureInventoryFixtures/underscore-production","Elapsed":0.01}
{"Time":"2026-10-05T21:42:44.185361533Z","Action":"run","Package":"go.temporal.io/server/tools/gomad3","Test":"TestArchitectureInventoryFixtures/unclassified-testdata"}
{"Time":"2026-10-05T21:42:44.185414408Z","Action":"output","Package":"go.temporal.io/server/tools/gomad3","Test":"TestArchitectureInventoryFixtures/unclassified-testdata","Output":"=== RUN   TestArchitectureInventoryFixtures/unclassified-testdata\n","OutputType":"frame"}
{"Time":"2026-10-05T21:42:44.197465325Z","Action":"output","Package":"go.temporal.io/server/tools/gomad3","Test":"TestArchitectureInventoryFixtures/unclassified-testdata","Output":"--- PASS: TestArchitectureInventoryFixtures/unclassified-testdata (0.01s)\n","OutputType":"frame"}
{"Time":"2026-10-05T21:42:44.197618533Z","Action":"pass","Package":"go.temporal.io/server/tools/gomad3","Test":"TestArchitectureInventoryFixtures/unclassified-testdata","Elapsed":0.01}
{"Time":"2026-10-05T21:42:44.197713908Z","Action":"run","Package":"go.temporal.io/server/tools/gomad3","Test":"TestArchitectureInventoryFixtures/overlay-prefix"}
{"Time":"2026-10-05T21:42:44.197819741Z","Action":"output","Package":"go.temporal.io/server/tools/gomad3","Test":"TestArchitectureInventoryFixtures/overlay-prefix","Output":"=== RUN   TestArchitectureInventoryFixtures/overlay-prefix\n","OutputType":"frame"}
{"Time":"2026-10-05T21:42:44.208208325Z","Action":"output","Package":"go.temporal.io/server/tools/gomad3","Test":"TestArchitectureInventoryFixtures/overlay-prefix","Output":"--- PASS: TestArchitectureInventoryFixtures/overlay-prefix (0.01s)\n","OutputType":"frame"}
{"Time":"2026-10-05T21:42:44.208300616Z","Action":"pass","Package":"go.temporal.io/server/tools/gomad3","Test":"TestArchitectureInventoryFixtures/overlay-prefix","Elapsed":0.01}
{"Time":"2026-10-05T21:42:44.208362491Z","Action":"run","Package":"go.temporal.io/server/tools/gomad3","Test":"TestArchitectureInventoryFixtures/hidden-module"}
{"Time":"2026-10-05T21:42:44.208390616Z","Action":"output","Package":"go.temporal.io/server/tools/gomad3","Test":"TestArchitectureInventoryFixtures/hidden-module","Output":"=== RUN   TestArchitectureInventoryFixtures/hidden-module\n","OutputType":"frame"}
{"Time":"2026-10-05T21:42:44.2118362Z","Action":"start","Package":"go.temporal.io/server/tools/gomad3/internal/gomadtool/architecture"}
{"Time":"2026-10-05T21:42:44.214153825Z","Action":"run","Package":"go.temporal.io/server/tools/gomad3/internal/gomadtool/architecture","Test":"TestDiscoveryRejectsOmittedSource"}
{"Time":"2026-10-05T21:42:44.2144822Z","Action":"output","Package":"go.temporal.io/server/tools/gomad3/internal/gomadtool/architecture","Test":"TestDiscoveryRejectsOmittedSource","Output":"=== RUN   TestDiscoveryRejectsOmittedSource\n","OutputType":"frame"}
{"Time":"2026-10-05T21:42:44.2179287Z","Action":"output","Package":"go.temporal.io/server/tools/gomad3/internal/gomadtool/architecture","Test":"TestDiscoveryRejectsOmittedSource","Output":"--- PASS: TestDiscoveryRejectsOmittedSource (0.00s)\n","OutputType":"frame"}
{"Time":"2026-10-05T21:42:44.218112991Z","Action":"pass","Package":"go.temporal.io/server/tools/gomad3/internal/gomadtool/architecture","Test":"TestDiscoveryRejectsOmittedSource","Elapsed":0}
{"Time":"2026-10-05T21:42:44.2182032Z","Action":"run","Package":"go.temporal.io/server/tools/gomad3/internal/gomadtool/architecture","Test":"TestRequiredModuleNeedsItsOwnSource"}
{"Time":"2026-10-05T21:42:44.218276325Z","Action":"output","Package":"go.temporal.io/server/tools/gomad3/internal/gomadtool/architecture","Test":"TestRequiredModuleNeedsItsOwnSource","Output":"=== RUN   TestRequiredModuleNeedsItsOwnSource\n","OutputType":"frame"}
{"Time":"2026-10-05T21:42:44.2199602Z","Action":"output","Package":"go.temporal.io/server/tools/gomad3","Test":"TestArchitectureInventoryFixtures/hidden-module","Output":"--- PASS: TestArchitectureInventoryFixtures/hidden-module (0.01s)\n","OutputType":"frame"}
{"Time":"2026-10-05T21:42:44.220058075Z","Action":"pass","Package":"go.temporal.io/server/tools/gomad3","Test":"TestArchitectureInventoryFixtures/hidden-module","Elapsed":0.01}
{"Time":"2026-10-05T21:42:44.220125325Z","Action":"run","Package":"go.temporal.io/server/tools/gomad3","Test":"TestArchitectureInventoryFixtures/excluded-root-module"}
{"Time":"2026-10-05T21:42:44.220211325Z","Action":"output","Package":"go.temporal.io/server/tools/gomad3","Test":"TestArchitectureInventoryFixtures/excluded-root-module","Output":"=== RUN   TestArchitectureInventoryFixtures/excluded-root-module\n","OutputType":"frame"}
{"Time":"2026-10-05T21:42:44.221879533Z","Action":"output","Package":"go.temporal.io/server/tools/gomad3/internal/gomadtool/architecture","Test":"TestRequiredModuleNeedsItsOwnSource","Output":"--- PASS: TestRequiredModuleNeedsItsOwnSource (0.00s)\n","OutputType":"frame"}
{"Time":"2026-10-05T21:42:44.2220812Z","Action":"pass","Package":"go.temporal.io/server/tools/gomad3/internal/gomadtool/architecture","Test":"TestRequiredModuleNeedsItsOwnSource","Elapsed":0}
{"Time":"2026-10-05T21:42:44.222169325Z","Action":"run","Package":"go.temporal.io/server/tools/gomad3/internal/gomadtool/architecture","Test":"TestDiscoveryRejectsDirectorySymlink"}
{"Time":"2026-10-05T21:42:44.222279075Z","Action":"output","Package":"go.temporal.io/server/tools/gomad3/internal/gomadtool/architecture","Test":"TestDiscoveryRejectsDirectorySymlink","Output":"=== RUN   TestDiscoveryRejectsDirectorySymlink\n","OutputType":"frame"}
{"Time":"2026-10-05T21:42:44.224974241Z","Action":"output","Package":"go.temporal.io/server/tools/gomad3/internal/gomadtool/architecture","Test":"TestDiscoveryRejectsDirectorySymlink","Output":"--- PASS: TestDiscoveryRejectsDirectorySymlink (0.00s)\n","OutputType":"frame"}
{"Time":"2026-10-05T21:42:44.225059866Z","Action":"pass","Package":"go.temporal.io/server/tools/gomad3/internal/gomadtool/architecture","Test":"TestDiscoveryRejectsDirectorySymlink","Elapsed":0}
{"Time":"2026-10-05T21:42:44.22510545Z","Action":"output","Package":"go.temporal.io/server/tools/gomad3/internal/gomadtool/architecture","Output":"PASS\n","OutputType":"frame"}
{"Time":"2026-10-05T21:42:44.225396241Z","Action":"output","Package":"go.temporal.io/server/tools/gomad3/internal/gomadtool/architecture","Output":"ok  \tgo.temporal.io/server/tools/gomad3/internal/gomadtool/architecture\t0.013s\n"}
{"Time":"2026-10-05T21:42:44.225451075Z","Action":"pass","Package":"go.temporal.io/server/tools/gomad3/internal/gomadtool/architecture","Elapsed":0.014}
{"Time":"2026-10-05T21:42:44.230702908Z","Action":"output","Package":"go.temporal.io/server/tools/gomad3","Test":"TestArchitectureInventoryFixtures/excluded-root-module","Output":"--- PASS: TestArchitectureInventoryFixtures/excluded-root-module (0.01s)\n","OutputType":"frame"}
{"Time":"2026-10-05T21:42:44.230878158Z","Action":"pass","Package":"go.temporal.io/server/tools/gomad3","Test":"TestArchitectureInventoryFixtures/excluded-root-module","Elapsed":0.01}
{"Time":"2026-10-05T21:42:44.2309292Z","Action":"run","Package":"go.temporal.io/server/tools/gomad3","Test":"TestArchitectureInventoryFixtures/included-list-error"}
{"Time":"2026-10-05T21:42:44.230998741Z","Action":"output","Package":"go.temporal.io/server/tools/gomad3","Test":"TestArchitectureInventoryFixtures/included-list-error","Output":"=== RUN   TestArchitectureInventoryFixtures/included-list-error\n","OutputType":"frame"}
{"Time":"2026-10-05T21:42:44.239730241Z","Action":"output","Package":"go.temporal.io/server/tools/gomad3","Test":"TestArchitectureInventoryFixtures/included-list-error","Output":"--- PASS: TestArchitectureInventoryFixtures/included-list-error (0.01s)\n","OutputType":"frame"}
{"Time":"2026-10-05T21:42:44.239876908Z","Action":"pass","Package":"go.temporal.io/server/tools/gomad3","Test":"TestArchitectureInventoryFixtures/included-list-error","Elapsed":0.01}
{"Time":"2026-10-05T21:42:44.2399922Z","Action":"run","Package":"go.temporal.io/server/tools/gomad3","Test":"TestArchitectureInventoryFixtures/owner-edge"}
{"Time":"2026-10-05T21:42:44.240062575Z","Action":"output","Package":"go.temporal.io/server/tools/gomad3","Test":"TestArchitectureInventoryFixtures/owner-edge","Output":"=== RUN   TestArchitectureInventoryFixtures/owner-edge\n","OutputType":"frame"}
{"Time":"2026-10-05T21:42:44.250108408Z","Action":"output","Package":"go.temporal.io/server/tools/gomad3","Test":"TestArchitectureInventoryFixtures/owner-edge","Output":"--- PASS: TestArchitectureInventoryFixtures/owner-edge (0.01s)\n","OutputType":"frame"}
{"Time":"2026-10-05T21:42:44.2502057Z","Action":"pass","Package":"go.temporal.io/server/tools/gomad3","Test":"TestArchitectureInventoryFixtures/owner-edge","Elapsed":0.01}
{"Time":"2026-10-05T21:42:44.250294158Z","Action":"run","Package":"go.temporal.io/server/tools/gomad3","Test":"TestArchitectureInventoryFixtures/required-facade-edge"}
{"Time":"2026-10-05T21:42:44.2503512Z","Action":"output","Package":"go.temporal.io/server/tools/gomad3","Test":"TestArchitectureInventoryFixtures/required-facade-edge","Output":"=== RUN   TestArchitectureInventoryFixtures/required-facade-edge\n","OutputType":"frame"}
{"Time":"2026-10-05T21:42:44.262731158Z","Action":"output","Package":"go.temporal.io/server/tools/gomad3","Test":"TestArchitectureInventoryFixtures/required-facade-edge","Output":"--- PASS: TestArchitectureInventoryFixtures/required-facade-edge (0.01s)\n","OutputType":"frame"}
{"Time":"2026-10-05T21:42:44.262892575Z","Action":"pass","Package":"go.temporal.io/server/tools/gomad3","Test":"TestArchitectureInventoryFixtures/required-facade-edge","Elapsed":0.01}
{"Time":"2026-10-05T21:42:44.262970033Z","Action":"output","Package":"go.temporal.io/server/tools/gomad3","Test":"TestArchitectureInventoryFixtures","Output":"--- PASS: TestArchitectureInventoryFixtures (0.12s)\n","OutputType":"frame"}
{"Time":"2026-10-05T21:42:44.263098908Z","Action":"pass","Package":"go.temporal.io/server/tools/gomad3","Test":"TestArchitectureInventoryFixtures","Elapsed":0.12}
{"Time":"2026-10-05T21:42:44.263146741Z","Action":"run","Package":"go.temporal.io/server/tools/gomad3","Test":"TestPackageArchitecture"}
{"Time":"2026-10-05T21:42:44.263266158Z","Action":"output","Package":"go.temporal.io/server/tools/gomad3","Test":"TestPackageArchitecture","Output":"=== RUN   TestPackageArchitecture\n","OutputType":"frame"}
{"Time":"2026-10-05T21:42:47.194083159Z","Action":"output","Package":"go.temporal.io/server/tools/gomad3","Test":"TestPackageArchitecture","Output":"--- PASS: TestPackageArchitecture (2.93s)\n","OutputType":"frame"}
{"Time":"2026-10-05T21:42:47.194559743Z","Action":"pass","Package":"go.temporal.io/server/tools/gomad3","Test":"TestPackageArchitecture","Elapsed":2.93}
{"Time":"2026-10-05T21:42:47.194787451Z","Action":"output","Package":"go.temporal.io/server/tools/gomad3","Output":"PASS\n","OutputType":"frame"}
{"Time":"2026-10-05T21:42:47.195116618Z","Action":"output","Package":"go.temporal.io/server/tools/gomad3","Output":"ok  \tgo.temporal.io/server/tools/gomad3\t3.057s\n"}
{"Time":"2026-10-05T21:42:47.195315326Z","Action":"pass","Package":"go.temporal.io/server/tools/gomad3","Elapsed":3.059}
