[1;36mLinting code...[0m
level=info msg="golangci-lint has version 2.13.0 built with go1.27.1 from (unknown, modified: ?, mod sum: \"h1:n/YR8sCuTAfjwKLHOU0q63X2e4tObi1PCNOz+HXJ3cE=\") on (unknown)"
level=info msg="[config_reader] Used config file .github/.golangci.yml"
level=info msg="[config_reader] Module name \"go.temporal.io/server\""
level=info msg="[goenv] Read go env for 6.583084ms: map[string]string{\"GOCACHE\":\"/Users/stephan/Library/Caches/go-build\", \"GOROOT\":\"/Users/stephan/go/pkg/mod/golang.org/toolchain@v0.0.1-go1.27.1.darwin-arm64\"}"
level=info msg="[lintersdb] Active 13 linters: [depguard errcheck exhaustive forbidigo gci godox goimports govet importas iotamixing revive staticcheck testifylint]"
level=info msg="[loader] Using build tags: [disable_grpc_modules  test_dep ]"
level=info msg="[loader] Go packages loading at mode 8767 (exports_file|imports|name|compiled_files|deps|files|types_sizes) took 400.867833ms"
level=info msg="[runner/filename_unadjuster] Pre-built 0 adjustments in 5.327625ms"
level=error msg="[linters_context] typechecking error: main module (go.temporal.io/server) does not contain package go.temporal.io/server/tools/gomad3/qualification/workload"
level=error msg="[linters_context] typechecking error: main module (go.temporal.io/server) does not contain package go.temporal.io/server/tools/gomad3/runner"
level=error msg="[linters_context] typechecking error: main module (go.temporal.io/server) does not contain package go.temporal.io/server/.flow/artifacts/fn-114-gomad-correct-search-path-defects-and/task-3/retained-fixture"
level=info msg="[linters_context/goanalysis] analyzers took 69.166µs with top 10 stages: gci: 55.833µs, tokenfileanalyzer: 13.333µs"
level=info msg="[runner/exclusion_paths] Skipped 0 issues by pattern \"^api\""
level=info msg="[runner/exclusion_paths] Skipped 0 issues by pattern \"^proto\""
level=info msg="[runner/exclusion_paths] Skipped 0 issues by pattern \"^.git\""
level=info msg="[runner/exclusion_rules] Skipped 0 issues by rules: [Text: \"time.Sleep\", Path Except: \"_test\\\\.go|tests/.+\\\\.go\", Linters: \"forbidigo\"]"
level=info msg="[runner/exclusion_rules] Skipped 0 issues by rules: [Text: \"time.Now\", Path: \"chasm/lib/.*_test\\\\.go$\", Linters: \"forbidigo\"]"
level=info msg="[runner/exclusion_rules] Skipped 0 issues by rules: [Text: \"panic\", Path: \"chasm/lib/activity/model/.*\\\\.go$\", Linters: \"forbidigo\"]"
level=info msg="[runner/exclusion_rules] Skipped 0 issues by rules: [Text: \"ActiveInCluster\", Path: \"common/namespace/(namespace|replication_resolver)(_test)?\\\\.go$\", Linters: \"forbidigo\"]"
level=info msg="[runner/exclusion_rules] Skipped 0 issues by rules: [Text: \"context.Background\", Path Except: \"tests/.+_test\\\\.go\", Linters: \"forbidigo\"]"
level=info msg="[runner/exclusion_rules] Skipped 0 issues by rules: [Text: \"Eventually\", Path: \"tests/(nexus_standalone|nexus_workflow|schedule|schedule_migration)_test\\\\.go$\", Linters: \"forbidigo\"]"
level=info msg="[runner/exclusion_rules] Skipped 0 issues by rules: [Path: \"^tools\\\\/.+\\\\.go\", Linters: \"revive\"]"
level=info msg="[runner/exclusion_rules] Skipped 0 issues by rules: [Text: \"SA1019: go.temporal.io/server/service/history/hsm/(callbacks|nexusoperations) is deprecated\", Linters: \"staticcheck\"]"
level=info msg="[runner/exclusion_rules] Skipped 0 issues by rules: [Text: \"time.Now\", Path Except: \"chasm/lib/.*\\\\.go$\", Linters: \"forbidigo\"]"
level=info msg="[runner/exclusion_rules] Skipped 0 issues by rules: [Text: \"Unix|UnixMilli|UnixNano\", Path Except: \"common/persistence/cassandra/.*\\\\.go$\", Linters: \"forbidigo\"]"
level=info msg="[runner/exclusion_rules] Skipped 0 issues by rules: [Text: \"Unix|UnixMilli|UnixNano\", Path: \"_test\\\\.go$\", Linters: \"forbidigo\"]"
level=info msg="[runner/exclusion_rules] Skipped 0 issues by rules: [Text: \"FunctionalTestBase\", Path: \"tests/testcore/.*\\\\.go$\", Linters: \"forbidigo\"]"
level=info msg="[runner/exclusion_rules] Skipped 0 issues by rules: [Text: \"(dot-imports|unchecked-type-assertion)\", Path: \"_test\\\\.go|tests/.+\\\\.go|common/testing/\", Linters: \"revive\"]"
level=info msg="[runner/exclusion_rules] Skipped 0 issues by rules: [Text: \"panic\", Path: \"_test\\\\.go|tests/.+\\\\.go|common/testing/\", Linters: \"forbidigo\"]"
level=info msg="[runner/exclusion_rules] Skipped 0 issues by rules: [Text: \"(cyclomatic|cognitive)\", Path: \"_test\\\\.go|tests/.+\\\\.go|common/testing/\", Linters: \"revive\"]"
level=info msg="[runner/exclusion_rules] Skipped 0 issues by rules: [Text: \"assert\\\\.CollectT\", Path: \"tests/(nexus_standalone|nexus_workflow)_test\\\\.go$\", Linters: \"forbidigo\"]"
level=info msg="[runner/exclusion_rules] Skipped 0 issues by rules: [Text: \"use of `softassert\\\\.\\\\w+`\", Linters: \"forbidigo\"]"
level=info msg="[runner] processing took 103.005µs with stages: exclusion_rules: 81.709µs, exclusion_paths: 20.084µs, nolint_filter: 292ns, max_same_issues: 292ns, max_from_linter: 84ns, uniq_by_line: 83ns, filename_unadjuster: 42ns, path_prettifier: 42ns, max_per_file_from_linter: 42ns, path_shortener: 42ns, generated_file_filter: 42ns, invalid_issue: 42ns, path_relativity: 42ns, path_absoluter: 42ns, sort_results: 42ns, cgo: 42ns, diff: 41ns, severity-rules: 0s, source_code: 0s, fixer: 0s"
level=info msg="[runner] linters took 397.902541ms with stages: goanalysis_metalinter: 397.743791ms"
0 issues.
level=info msg="File cache stats: 0 entries of total size 0B"
level=info msg="Memory: 10 samples, avg is 74.3MB, max is 145.4MB"
level=info msg="Execution took 832.704417ms"
make[1]: *** [lint-code] Error 7
make: *** [lint-code-fast] Error 2
