tools/gomad3/upgrade/maintenance_compat.go:142:3: missing cases in switch of type pinimpact.Class: pinimpact.ClassAdapter (exhaustive)
		switch pin.Class {
		^
tools/gomad3/upgrade/pinimpact/pinimpact_test.go:534:42: S1016: should convert source (type go.temporal.io/server/tools/gomad3/internal/compatibilitypack.PackSource) to go.temporal.io/server/tools/gomad3/internal/compatibilitypack.Source instead of using struct literal (staticcheck)
			pkg.GoSources = append(pkg.GoSources, compatibility.Source{Name: source.Name, SHA256: source.SHA256})
			                                      ^
tools/gomad3/upgrade/pinimpact/pinimpact_test.go:537:52: S1016: should convert source (type go.temporal.io/server/tools/gomad3/internal/compatibilitypack.PackForeignSource) to go.temporal.io/server/tools/gomad3/internal/compatibilitypack.ForeignSource instead of using struct literal (staticcheck)
			pkg.ForeignSources = append(pkg.ForeignSources, compatibility.ForeignSource{Kind: source.Kind, Name: source.Name, SHA256: source.SHA256})
			                                                ^
tools/gomad3/upgrade/upgrade.go:217:15: Error return value of `fmt.Fprintf` is not checked (errcheck)
			fmt.Fprintf(options.Writer, "gomad3 qualification gate: %s\n", gate.Name)
			           ^
tools/gomad3/upgrade/upgrade.go:459:20: Error return value of `zipper.Close` is not checked (errcheck)
	defer zipper.Close()
	                  ^
tools/gomad3/upgrade/upgrade.go:470:59: SA1019: archive/tar.TypeRegA has been deprecated since Go 1.11 and an alternative has been available since Go 1.1: Use TypeReg instead. (staticcheck)
		if header.Typeflag != tar.TypeReg && header.Typeflag != tar.TypeRegA {
		                                                        ^
6 issues:
* errcheck: 2
* exhaustive: 1
* staticcheck: 3
duration_seconds=2.213
