{"Time":"2026-10-09T23:20:26.48276059Z","Action":"start","Package":"go.temporal.io/server/tools/gomad3/runner/internal/execution"}
{"Time":"2026-10-09T23:20:26.486669049Z","Action":"run","Package":"go.temporal.io/server/tools/gomad3/runner/internal/execution","Test":"TestTargetFixtureOutputPreservesProcessOutcome"}
{"Time":"2026-10-09T23:20:26.486727465Z","Action":"output","Package":"go.temporal.io/server/tools/gomad3/runner/internal/execution","Test":"TestTargetFixtureOutputPreservesProcessOutcome","Output":"=== RUN   TestTargetFixtureOutputPreservesProcessOutcome\n","OutputType":"frame"}
{"Time":"2026-10-09T23:20:26.486870465Z","Action":"run","Package":"go.temporal.io/server/tools/gomad3/runner/internal/execution","Test":"TestTargetFixtureOutputPreservesProcessOutcome/output/healthy"}
{"Time":"2026-10-09T23:20:26.48689059Z","Action":"output","Package":"go.temporal.io/server/tools/gomad3/runner/internal/execution","Test":"TestTargetFixtureOutputPreservesProcessOutcome/output/healthy","Output":"=== RUN   TestTargetFixtureOutputPreservesProcessOutcome/output/healthy\n","OutputType":"frame"}
{"Time":"2026-10-09T23:20:26.489002632Z","Action":"output","Package":"go.temporal.io/server/tools/gomad3/runner/internal/execution","Test":"TestTargetFixtureOutputPreservesProcessOutcome/output/healthy","Output":"--- PASS: TestTargetFixtureOutputPreservesProcessOutcome/output/healthy (0.00s)\n","OutputType":"frame"}
{"Time":"2026-10-09T23:20:26.489043965Z","Action":"pass","Package":"go.temporal.io/server/tools/gomad3/runner/internal/execution","Test":"TestTargetFixtureOutputPreservesProcessOutcome/output/healthy","Elapsed":0}
{"Time":"2026-10-09T23:20:26.489067174Z","Action":"run","Package":"go.temporal.io/server/tools/gomad3/runner/internal/execution","Test":"TestTargetFixtureOutputPreservesProcessOutcome/output/read-only-stdout"}
{"Time":"2026-10-09T23:20:26.489100882Z","Action":"output","Package":"go.temporal.io/server/tools/gomad3/runner/internal/execution","Test":"TestTargetFixtureOutputPreservesProcessOutcome/output/read-only-stdout","Output":"=== RUN   TestTargetFixtureOutputPreservesProcessOutcome/output/read-only-stdout\n","OutputType":"frame"}
{"Time":"2026-10-09T23:20:26.490836507Z","Action":"output","Package":"go.temporal.io/server/tools/gomad3/runner/internal/execution","Test":"TestTargetFixtureOutputPreservesProcessOutcome/output/read-only-stdout","Output":"--- PASS: TestTargetFixtureOutputPreservesProcessOutcome/output/read-only-stdout (0.00s)\n","OutputType":"frame"}
{"Time":"2026-10-09T23:20:26.490872674Z","Action":"pass","Package":"go.temporal.io/server/tools/gomad3/runner/internal/execution","Test":"TestTargetFixtureOutputPreservesProcessOutcome/output/read-only-stdout","Elapsed":0}
{"Time":"2026-10-09T23:20:26.49089909Z","Action":"run","Package":"go.temporal.io/server/tools/gomad3/runner/internal/execution","Test":"TestTargetFixtureOutputPreservesProcessOutcome/choice-marker/healthy"}
{"Time":"2026-10-09T23:20:26.490935715Z","Action":"output","Package":"go.temporal.io/server/tools/gomad3/runner/internal/execution","Test":"TestTargetFixtureOutputPreservesProcessOutcome/choice-marker/healthy","Output":"=== RUN   TestTargetFixtureOutputPreservesProcessOutcome/choice-marker/healthy\n","OutputType":"frame"}
{"Time":"2026-10-09T23:20:26.492895007Z","Action":"output","Package":"go.temporal.io/server/tools/gomad3/runner/internal/execution","Test":"TestTargetFixtureOutputPreservesProcessOutcome/choice-marker/healthy","Output":"--- PASS: TestTargetFixtureOutputPreservesProcessOutcome/choice-marker/healthy (0.00s)\n","OutputType":"frame"}
{"Time":"2026-10-09T23:20:26.49292259Z","Action":"pass","Package":"go.temporal.io/server/tools/gomad3/runner/internal/execution","Test":"TestTargetFixtureOutputPreservesProcessOutcome/choice-marker/healthy","Elapsed":0}
{"Time":"2026-10-09T23:20:26.492947924Z","Action":"run","Package":"go.temporal.io/server/tools/gomad3/runner/internal/execution","Test":"TestTargetFixtureOutputPreservesProcessOutcome/choice-marker/read-only-stdout"}
{"Time":"2026-10-09T23:20:26.492973174Z","Action":"output","Package":"go.temporal.io/server/tools/gomad3/runner/internal/execution","Test":"TestTargetFixtureOutputPreservesProcessOutcome/choice-marker/read-only-stdout","Output":"=== RUN   TestTargetFixtureOutputPreservesProcessOutcome/choice-marker/read-only-stdout\n","OutputType":"frame"}
{"Time":"2026-10-09T23:20:26.494633882Z","Action":"output","Package":"go.temporal.io/server/tools/gomad3/runner/internal/execution","Test":"TestTargetFixtureOutputPreservesProcessOutcome/choice-marker/read-only-stdout","Output":"--- PASS: TestTargetFixtureOutputPreservesProcessOutcome/choice-marker/read-only-stdout (0.00s)\n","OutputType":"frame"}
{"Time":"2026-10-09T23:20:26.494662549Z","Action":"pass","Package":"go.temporal.io/server/tools/gomad3/runner/internal/execution","Test":"TestTargetFixtureOutputPreservesProcessOutcome/choice-marker/read-only-stdout","Elapsed":0}
{"Time":"2026-10-09T23:20:26.49470034Z","Action":"run","Package":"go.temporal.io/server/tools/gomad3/runner/internal/execution","Test":"TestTargetFixtureOutputPreservesProcessOutcome/choice-tape-readonly/healthy"}
{"Time":"2026-10-09T23:20:26.494720257Z","Action":"output","Package":"go.temporal.io/server/tools/gomad3/runner/internal/execution","Test":"TestTargetFixtureOutputPreservesProcessOutcome/choice-tape-readonly/healthy","Output":"=== RUN   TestTargetFixtureOutputPreservesProcessOutcome/choice-tape-readonly/healthy\n","OutputType":"frame"}
{"Time":"2026-10-09T23:20:26.49662834Z","Action":"output","Package":"go.temporal.io/server/tools/gomad3/runner/internal/execution","Test":"TestTargetFixtureOutputPreservesProcessOutcome/choice-tape-readonly/healthy","Output":"--- PASS: TestTargetFixtureOutputPreservesProcessOutcome/choice-tape-readonly/healthy (0.00s)\n","OutputType":"frame"}
{"Time":"2026-10-09T23:20:26.496652924Z","Action":"pass","Package":"go.temporal.io/server/tools/gomad3/runner/internal/execution","Test":"TestTargetFixtureOutputPreservesProcessOutcome/choice-tape-readonly/healthy","Elapsed":0}
{"Time":"2026-10-09T23:20:26.496676674Z","Action":"run","Package":"go.temporal.io/server/tools/gomad3/runner/internal/execution","Test":"TestTargetFixtureOutputPreservesProcessOutcome/choice-tape-readonly/read-only-stdout"}
{"Time":"2026-10-09T23:20:26.496694799Z","Action":"output","Package":"go.temporal.io/server/tools/gomad3/runner/internal/execution","Test":"TestTargetFixtureOutputPreservesProcessOutcome/choice-tape-readonly/read-only-stdout","Output":"=== RUN   TestTargetFixtureOutputPreservesProcessOutcome/choice-tape-readonly/read-only-stdout\n","OutputType":"frame"}
{"Time":"2026-10-09T23:20:26.498227632Z","Action":"output","Package":"go.temporal.io/server/tools/gomad3/runner/internal/execution","Test":"TestTargetFixtureOutputPreservesProcessOutcome/choice-tape-readonly/read-only-stdout","Output":"--- PASS: TestTargetFixtureOutputPreservesProcessOutcome/choice-tape-readonly/read-only-stdout (0.00s)\n","OutputType":"frame"}
{"Time":"2026-10-09T23:20:26.498356132Z","Action":"pass","Package":"go.temporal.io/server/tools/gomad3/runner/internal/execution","Test":"TestTargetFixtureOutputPreservesProcessOutcome/choice-tape-readonly/read-only-stdout","Elapsed":0}
{"Time":"2026-10-09T23:20:26.498607132Z","Action":"run","Package":"go.temporal.io/server/tools/gomad3/runner/internal/execution","Test":"TestTargetFixtureOutputPreservesProcessOutcome/choice-reorder/healthy"}
{"Time":"2026-10-09T23:20:26.498649382Z","Action":"output","Package":"go.temporal.io/server/tools/gomad3/runner/internal/execution","Test":"TestTargetFixtureOutputPreservesProcessOutcome/choice-reorder/healthy","Output":"=== RUN   TestTargetFixtureOutputPreservesProcessOutcome/choice-reorder/healthy\n","OutputType":"frame"}
{"Time":"2026-10-09T23:20:26.500349632Z","Action":"output","Package":"go.temporal.io/server/tools/gomad3/runner/internal/execution","Test":"TestTargetFixtureOutputPreservesProcessOutcome/choice-reorder/healthy","Output":"--- PASS: TestTargetFixtureOutputPreservesProcessOutcome/choice-reorder/healthy (0.00s)\n","OutputType":"frame"}
{"Time":"2026-10-09T23:20:26.500381215Z","Action":"pass","Package":"go.temporal.io/server/tools/gomad3/runner/internal/execution","Test":"TestTargetFixtureOutputPreservesProcessOutcome/choice-reorder/healthy","Elapsed":0}
{"Time":"2026-10-09T23:20:26.500411382Z","Action":"run","Package":"go.temporal.io/server/tools/gomad3/runner/internal/execution","Test":"TestTargetFixtureOutputPreservesProcessOutcome/choice-reorder/read-only-stdout"}
{"Time":"2026-10-09T23:20:26.500431007Z","Action":"output","Package":"go.temporal.io/server/tools/gomad3/runner/internal/execution","Test":"TestTargetFixtureOutputPreservesProcessOutcome/choice-reorder/read-only-stdout","Output":"=== RUN   TestTargetFixtureOutputPreservesProcessOutcome/choice-reorder/read-only-stdout\n","OutputType":"frame"}
{"Time":"2026-10-09T23:20:26.502018257Z","Action":"output","Package":"go.temporal.io/server/tools/gomad3/runner/internal/execution","Test":"TestTargetFixtureOutputPreservesProcessOutcome/choice-reorder/read-only-stdout","Output":"--- PASS: TestTargetFixtureOutputPreservesProcessOutcome/choice-reorder/read-only-stdout (0.00s)\n","OutputType":"frame"}
{"Time":"2026-10-09T23:20:26.502045049Z","Action":"pass","Package":"go.temporal.io/server/tools/gomad3/runner/internal/execution","Test":"TestTargetFixtureOutputPreservesProcessOutcome/choice-reorder/read-only-stdout","Elapsed":0}
{"Time":"2026-10-09T23:20:26.502063507Z","Action":"run","Package":"go.temporal.io/server/tools/gomad3/runner/internal/execution","Test":"TestTargetFixtureOutputPreservesProcessOutcome/choice-select/healthy"}
{"Time":"2026-10-09T23:20:26.502081465Z","Action":"output","Package":"go.temporal.io/server/tools/gomad3/runner/internal/execution","Test":"TestTargetFixtureOutputPreservesProcessOutcome/choice-select/healthy","Output":"=== RUN   TestTargetFixtureOutputPreservesProcessOutcome/choice-select/healthy\n","OutputType":"frame"}
{"Time":"2026-10-09T23:20:26.503533007Z","Action":"output","Package":"go.temporal.io/server/tools/gomad3/runner/internal/execution","Test":"TestTargetFixtureOutputPreservesProcessOutcome/choice-select/healthy","Output":"--- PASS: TestTargetFixtureOutputPreservesProcessOutcome/choice-select/healthy (0.00s)\n","OutputType":"frame"}
{"Time":"2026-10-09T23:20:26.503554674Z","Action":"pass","Package":"go.temporal.io/server/tools/gomad3/runner/internal/execution","Test":"TestTargetFixtureOutputPreservesProcessOutcome/choice-select/healthy","Elapsed":0}
{"Time":"2026-10-09T23:20:26.503570882Z","Action":"run","Package":"go.temporal.io/server/tools/gomad3/runner/internal/execution","Test":"TestTargetFixtureOutputPreservesProcessOutcome/choice-select/read-only-stdout"}
{"Time":"2026-10-09T23:20:26.50359759Z","Action":"output","Package":"go.temporal.io/server/tools/gomad3/runner/internal/execution","Test":"TestTargetFixtureOutputPreservesProcessOutcome/choice-select/read-only-stdout","Output":"=== RUN   TestTargetFixtureOutputPreservesProcessOutcome/choice-select/read-only-stdout\n","OutputType":"frame"}
{"Time":"2026-10-09T23:20:26.505034715Z","Action":"output","Package":"go.temporal.io/server/tools/gomad3/runner/internal/execution","Test":"TestTargetFixtureOutputPreservesProcessOutcome/choice-select/read-only-stdout","Output":"--- PASS: TestTargetFixtureOutputPreservesProcessOutcome/choice-select/read-only-stdout (0.00s)\n","OutputType":"frame"}
{"Time":"2026-10-09T23:20:26.50505584Z","Action":"pass","Package":"go.temporal.io/server/tools/gomad3/runner/internal/execution","Test":"TestTargetFixtureOutputPreservesProcessOutcome/choice-select/read-only-stdout","Elapsed":0}
{"Time":"2026-10-09T23:20:26.505069215Z","Action":"run","Package":"go.temporal.io/server/tools/gomad3/runner/internal/execution","Test":"TestTargetFixtureOutputPreservesProcessOutcome/choice-prefix-rng/healthy"}
{"Time":"2026-10-09T23:20:26.505080382Z","Action":"output","Package":"go.temporal.io/server/tools/gomad3/runner/internal/execution","Test":"TestTargetFixtureOutputPreservesProcessOutcome/choice-prefix-rng/healthy","Output":"=== RUN   TestTargetFixtureOutputPreservesProcessOutcome/choice-prefix-rng/healthy\n","OutputType":"frame"}
{"Time":"2026-10-09T23:20:26.506731465Z","Action":"output","Package":"go.temporal.io/server/tools/gomad3/runner/internal/execution","Test":"TestTargetFixtureOutputPreservesProcessOutcome/choice-prefix-rng/healthy","Output":"--- PASS: TestTargetFixtureOutputPreservesProcessOutcome/choice-prefix-rng/healthy (0.00s)\n","OutputType":"frame"}
{"Time":"2026-10-09T23:20:26.506761965Z","Action":"pass","Package":"go.temporal.io/server/tools/gomad3/runner/internal/execution","Test":"TestTargetFixtureOutputPreservesProcessOutcome/choice-prefix-rng/healthy","Elapsed":0}
{"Time":"2026-10-09T23:20:26.506782965Z","Action":"run","Package":"go.temporal.io/server/tools/gomad3/runner/internal/execution","Test":"TestTargetFixtureOutputPreservesProcessOutcome/choice-prefix-rng/read-only-stdout"}
{"Time":"2026-10-09T23:20:26.506813715Z","Action":"output","Package":"go.temporal.io/server/tools/gomad3/runner/internal/execution","Test":"TestTargetFixtureOutputPreservesProcessOutcome/choice-prefix-rng/read-only-stdout","Output":"=== RUN   TestTargetFixtureOutputPreservesProcessOutcome/choice-prefix-rng/read-only-stdout\n","OutputType":"frame"}
{"Time":"2026-10-09T23:20:26.50824634Z","Action":"output","Package":"go.temporal.io/server/tools/gomad3/runner/internal/execution","Test":"TestTargetFixtureOutputPreservesProcessOutcome/choice-prefix-rng/read-only-stdout","Output":"--- PASS: TestTargetFixtureOutputPreservesProcessOutcome/choice-prefix-rng/read-only-stdout (0.00s)\n","OutputType":"frame"}
{"Time":"2026-10-09T23:20:26.508275965Z","Action":"pass","Package":"go.temporal.io/server/tools/gomad3/runner/internal/execution","Test":"TestTargetFixtureOutputPreservesProcessOutcome/choice-prefix-rng/read-only-stdout","Elapsed":0}
{"Time":"2026-10-09T23:20:26.508305257Z","Action":"output","Package":"go.temporal.io/server/tools/gomad3/runner/internal/execution","Test":"TestTargetFixtureOutputPreservesProcessOutcome","Output":"--- PASS: TestTargetFixtureOutputPreservesProcessOutcome (0.02s)\n","OutputType":"frame"}
{"Time":"2026-10-09T23:20:26.508321674Z","Action":"pass","Package":"go.temporal.io/server/tools/gomad3/runner/internal/execution","Test":"TestTargetFixtureOutputPreservesProcessOutcome","Elapsed":0.02}
{"Time":"2026-10-09T23:20:26.508341007Z","Action":"run","Package":"go.temporal.io/server/tools/gomad3/runner/internal/execution","Test":"TestRunCapturesTargetExitAndBothStreams"}
{"Time":"2026-10-09T23:20:26.508359382Z","Action":"output","Package":"go.temporal.io/server/tools/gomad3/runner/internal/execution","Test":"TestRunCapturesTargetExitAndBothStreams","Output":"=== RUN   TestRunCapturesTargetExitAndBothStreams\n","OutputType":"frame"}
{"Time":"2026-10-09T23:20:26.512550507Z","Action":"output","Package":"go.temporal.io/server/tools/gomad3/runner/internal/execution","Test":"TestRunCapturesTargetExitAndBothStreams","Output":"--- PASS: TestRunCapturesTargetExitAndBothStreams (0.00s)\n","OutputType":"frame"}
{"Time":"2026-10-09T23:20:26.51259984Z","Action":"pass","Package":"go.temporal.io/server/tools/gomad3/runner/internal/execution","Test":"TestRunCapturesTargetExitAndBothStreams","Elapsed":0}
{"Time":"2026-10-09T23:20:26.512627799Z","Action":"run","Package":"go.temporal.io/server/tools/gomad3/runner/internal/execution","Test":"TestRunReplaysLogicalChoiceAcrossPhysicalRunQueueOrder"}
{"Time":"2026-10-09T23:20:26.512640257Z","Action":"output","Package":"go.temporal.io/server/tools/gomad3/runner/internal/execution","Test":"TestRunReplaysLogicalChoiceAcrossPhysicalRunQueueOrder","Output":"=== RUN   TestRunReplaysLogicalChoiceAcrossPhysicalRunQueueOrder\n","OutputType":"frame"}
{"Time":"2026-10-09T23:20:26.517884174Z","Action":"output","Package":"go.temporal.io/server/tools/gomad3/runner/internal/execution","Test":"TestRunReplaysLogicalChoiceAcrossPhysicalRunQueueOrder","Output":"    process_test.go:242: choice trace unterminated\n","OutputType":"error"}
{"Time":"2026-10-09T23:20:26.518042799Z","Action":"output","Package":"go.temporal.io/server/tools/gomad3/runner/internal/execution","Test":"TestRunReplaysLogicalChoiceAcrossPhysicalRunQueueOrder","Output":"--- FAIL: TestRunReplaysLogicalChoiceAcrossPhysicalRunQueueOrder (0.01s)\n","OutputType":"frame"}
{"Time":"2026-10-09T23:20:26.518093674Z","Action":"fail","Package":"go.temporal.io/server/tools/gomad3/runner/internal/execution","Test":"TestRunReplaysLogicalChoiceAcrossPhysicalRunQueueOrder","Elapsed":0.01}
{"Time":"2026-10-09T23:20:26.518121049Z","Action":"run","Package":"go.temporal.io/server/tools/gomad3/runner/internal/execution","Test":"TestRunReplaysSelectPermutationAcrossSeededPhysicalOrder"}
{"Time":"2026-10-09T23:20:26.51813359Z","Action":"output","Package":"go.temporal.io/server/tools/gomad3/runner/internal/execution","Test":"TestRunReplaysSelectPermutationAcrossSeededPhysicalOrder","Output":"=== RUN   TestRunReplaysSelectPermutationAcrossSeededPhysicalOrder\n","OutputType":"frame"}
{"Time":"2026-10-09T23:20:26.522803507Z","Action":"output","Package":"go.temporal.io/server/tools/gomad3/runner/internal/execution","Test":"TestRunReplaysSelectPermutationAcrossSeededPhysicalOrder","Output":"    process_test.go:278: choice trace unterminated\n","OutputType":"error"}
{"Time":"2026-10-09T23:20:26.523064924Z","Action":"output","Package":"go.temporal.io/server/tools/gomad3/runner/internal/execution","Test":"TestRunReplaysSelectPermutationAcrossSeededPhysicalOrder","Output":"--- FAIL: TestRunReplaysSelectPermutationAcrossSeededPhysicalOrder (0.00s)\n","OutputType":"frame"}
{"Time":"2026-10-09T23:20:26.523097549Z","Action":"fail","Package":"go.temporal.io/server/tools/gomad3/runner/internal/execution","Test":"TestRunReplaysSelectPermutationAcrossSeededPhysicalOrder","Elapsed":0}
{"Time":"2026-10-09T23:20:26.523135215Z","Action":"run","Package":"go.temporal.io/server/tools/gomad3/runner/internal/execution","Test":"TestRunPreservesChoicePrefixRNGPosition"}
{"Time":"2026-10-09T23:20:26.523163882Z","Action":"output","Package":"go.temporal.io/server/tools/gomad3/runner/internal/execution","Test":"TestRunPreservesChoicePrefixRNGPosition","Output":"=== RUN   TestRunPreservesChoicePrefixRNGPosition\n","OutputType":"frame"}
{"Time":"2026-10-09T23:20:26.528044674Z","Action":"output","Package":"go.temporal.io/server/tools/gomad3/runner/internal/execution","Test":"TestRunPreservesChoicePrefixRNGPosition","Output":"    process_test.go:352: choice trace unterminated\n","OutputType":"error"}
{"Time":"2026-10-09T23:20:26.528230507Z","Action":"output","Package":"go.temporal.io/server/tools/gomad3/runner/internal/execution","Test":"TestRunPreservesChoicePrefixRNGPosition","Output":"--- FAIL: TestRunPreservesChoicePrefixRNGPosition (0.01s)\n","OutputType":"frame"}
{"Time":"2026-10-09T23:20:26.528264424Z","Action":"fail","Package":"go.temporal.io/server/tools/gomad3/runner/internal/execution","Test":"TestRunPreservesChoicePrefixRNGPosition","Elapsed":0.01}
{"Time":"2026-10-09T23:20:26.528283632Z","Action":"run","Package":"go.temporal.io/server/tools/gomad3/runner/internal/execution","Test":"TestRunTargetInheritsChoiceTapeReadOnly"}
{"Time":"2026-10-09T23:20:26.528298757Z","Action":"output","Package":"go.temporal.io/server/tools/gomad3/runner/internal/execution","Test":"TestRunTargetInheritsChoiceTapeReadOnly","Output":"=== RUN   TestRunTargetInheritsChoiceTapeReadOnly\n","OutputType":"frame"}
{"Time":"2026-10-09T23:20:26.535267049Z","Action":"output","Package":"go.temporal.io/server/tools/gomad3/runner/internal/execution","Test":"TestRunTargetInheritsChoiceTapeReadOnly","Output":"    process_test.go:460: choice trace unterminated\n","OutputType":"error"}
{"Time":"2026-10-09T23:20:26.53541359Z","Action":"output","Package":"go.temporal.io/server/tools/gomad3/runner/internal/execution","Test":"TestRunTargetInheritsChoiceTapeReadOnly","Output":"--- FAIL: TestRunTargetInheritsChoiceTapeReadOnly (0.01s)\n","OutputType":"frame"}
{"Time":"2026-10-09T23:20:26.535433924Z","Action":"fail","Package":"go.temporal.io/server/tools/gomad3/runner/internal/execution","Test":"TestRunTargetInheritsChoiceTapeReadOnly","Elapsed":0.01}
{"Time":"2026-10-09T23:20:26.535447174Z","Action":"run","Package":"go.temporal.io/server/tools/gomad3/runner/internal/execution","Test":"TestRunRejectsExhaustedChoiceTapeBeforeTargetMarker"}
{"Time":"2026-10-09T23:20:26.53546959Z","Action":"output","Package":"go.temporal.io/server/tools/gomad3/runner/internal/execution","Test":"TestRunRejectsExhaustedChoiceTapeBeforeTargetMarker","Output":"=== RUN   TestRunRejectsExhaustedChoiceTapeBeforeTargetMarker\n","OutputType":"frame"}
{"Time":"2026-10-09T23:20:26.539822507Z","Action":"output","Package":"go.temporal.io/server/tools/gomad3/runner/internal/execution","Test":"TestRunRejectsExhaustedChoiceTapeBeforeTargetMarker","Output":"    process_test.go:483: choice trace unterminated\n","OutputType":"error"}
{"Time":"2026-10-09T23:20:26.539911215Z","Action":"output","Package":"go.temporal.io/server/tools/gomad3/runner/internal/execution","Test":"TestRunRejectsExhaustedChoiceTapeBeforeTargetMarker","Output":"--- FAIL: TestRunRejectsExhaustedChoiceTapeBeforeTargetMarker (0.00s)\n","OutputType":"frame"}
{"Time":"2026-10-09T23:20:26.539940757Z","Action":"fail","Package":"go.temporal.io/server/tools/gomad3/runner/internal/execution","Test":"TestRunRejectsExhaustedChoiceTapeBeforeTargetMarker","Elapsed":0}
{"Time":"2026-10-09T23:20:26.539960132Z","Action":"run","Package":"go.temporal.io/server/tools/gomad3/runner/internal/execution","Test":"TestRunRejectsChoiceMetadataMismatchBeforeTargetMarker"}
{"Time":"2026-10-09T23:20:26.539971424Z","Action":"output","Package":"go.temporal.io/server/tools/gomad3/runner/internal/execution","Test":"TestRunRejectsChoiceMetadataMismatchBeforeTargetMarker","Output":"=== RUN   TestRunRejectsChoiceMetadataMismatchBeforeTargetMarker\n","OutputType":"frame"}
{"Time":"2026-10-09T23:20:26.543671465Z","Action":"output","Package":"go.temporal.io/server/tools/gomad3/runner/internal/execution","Test":"TestRunRejectsChoiceMetadataMismatchBeforeTargetMarker","Output":"    process_test.go:540: choice trace unterminated\n","OutputType":"error"}
{"Time":"2026-10-09T23:20:26.543811132Z","Action":"output","Package":"go.temporal.io/server/tools/gomad3/runner/internal/execution","Test":"TestRunRejectsChoiceMetadataMismatchBeforeTargetMarker","Output":"--- FAIL: TestRunRejectsChoiceMetadataMismatchBeforeTargetMarker (0.00s)\n","OutputType":"frame"}
{"Time":"2026-10-09T23:20:26.543842215Z","Action":"fail","Package":"go.temporal.io/server/tools/gomad3/runner/internal/execution","Test":"TestRunRejectsChoiceMetadataMismatchBeforeTargetMarker","Elapsed":0}
{"Time":"2026-10-09T23:20:26.543889965Z","Action":"output","Package":"go.temporal.io/server/tools/gomad3/runner/internal/execution","Output":"FAIL\n","OutputType":"frame"}
{"Time":"2026-10-09T23:20:26.544131132Z","Action":"output","Package":"go.temporal.io/server/tools/gomad3/runner/internal/execution","Output":"FAIL\tgo.temporal.io/server/tools/gomad3/runner/internal/execution\t0.061s\n","OutputType":"frame"}
{"Time":"2026-10-09T23:20:26.544148007Z","Action":"fail","Package":"go.temporal.io/server/tools/gomad3/runner/internal/execution","Elapsed":0.061}
