level=info msg="golangci-lint has version 2.13.0 built with go1.27.1 from (unknown, modified: ?, mod sum: \"h1:n/YR8sCuTAfjwKLHOU0q63X2e4tObi1PCNOz+HXJ3cE=\") on (unknown)"
level=info msg="[config_reader] Used config file ../../.github/.golangci.yml"
level=info msg="[config_reader] Module name \"go.temporal.io/server/tools/gomad3\""
level=info msg="[goenv] Read go env for 1.678959ms: map[string]string{\"GOCACHE\":\"/Users/stephan/Workspace/skunkworks/gomad-fn109-next.nDsJ0uMh/task60-gocache\", \"GOROOT\":\"/home/agent/go/pkg/mod/golang.org/toolchain@v0.0.1-go1.27.1.linux-arm64\"}"
level=info msg="[lintersdb] Active 13 linters: [depguard errcheck exhaustive forbidigo gci godox goimports govet importas iotamixing revive staticcheck testifylint]"
level=info msg="[loader] Using build tags: [disable_grpc_modules  test_dep ]"
level=info msg="[loader] Go packages loading at mode 8767 (deps|exports_file|name|types_sizes|compiled_files|files|imports) took 8.164748921s"
level=info msg="[runner/filename_unadjuster] Pre-built 0 adjustments in 74.928459ms"
level=info msg="[linters_context/goanalysis] analyzers took 1m38.711947914s with top 10 stages: revive: 36.080234891s, goimports: 15.178958343s, buildir: 6.00743496s, gci: 5.010879042s, nilness: 2.953538706s, exhaustive: 2.097288578s, forbidigo: 2.065399628s, isgenerated: 1.90799563s, S1038: 1.321126254s, printf: 1.204554506s"
level=info msg="[runner/exclusion_paths] Skipped 0 issues by pattern \"^api\""
level=info msg="[runner/exclusion_paths] Skipped 0 issues by pattern \"^proto\""
level=info msg="[runner/exclusion_paths] Skipped 0 issues by pattern \"^.git\""
level=info msg="[runner/exclusion_rules] Skipped 1 issues by rules: [Text: \"Unix|UnixMilli|UnixNano\", Path Except: \"common/persistence/cassandra/.*\\\\.go$\", Linters: \"forbidigo\"]"
level=info msg="[runner/exclusion_rules] Skipped 7 issues by rules: [Text: \"panic\", Path: \"_test\\\\.go|tests/.+\\\\.go|common/testing/\", Linters: \"forbidigo\"]"
level=info msg="[runner/exclusion_rules] Skipped 0 issues by rules: [Text: \"panic\", Path: \"chasm/lib/activity/model/.*\\\\.go$\", Linters: \"forbidigo\"]"
level=info msg="[runner/exclusion_rules] Skipped 0 issues by rules: [Text: \"Eventually\", Path: \"tests/(nexus_standalone|nexus_workflow|schedule|schedule_migration)_test\\\\.go$\", Linters: \"forbidigo\"]"
level=info msg="[runner/exclusion_rules] Skipped 0 issues by rules: [Text: \"assert\\\\.CollectT\", Path: \"tests/(nexus_standalone|nexus_workflow)_test\\\\.go$\", Linters: \"forbidigo\"]"
level=info msg="[runner/exclusion_rules] Skipped 0 issues by rules: [Text: \"use of `softassert\\\\.\\\\w+`\", Linters: \"forbidigo\"]"
level=info msg="[runner/exclusion_rules] Skipped 3 issues by rules: [Text: \"time.Sleep\", Path Except: \"_test\\\\.go|tests/.+\\\\.go\", Linters: \"forbidigo\"]"
level=info msg="[runner/exclusion_rules] Skipped 0 issues by rules: [Text: \"Unix|UnixMilli|UnixNano\", Path: \"_test\\\\.go$\", Linters: \"forbidigo\"]"
level=info msg="[runner/exclusion_rules] Skipped 0 issues by rules: [Text: \"FunctionalTestBase\", Path: \"tests/testcore/.*\\\\.go$\", Linters: \"forbidigo\"]"
level=info msg="[runner/exclusion_rules] Skipped 75 issues by rules: [Text: \"time.Now\", Path Except: \"chasm/lib/.*\\\\.go$\", Linters: \"forbidigo\"]"
level=info msg="[runner/exclusion_rules] Skipped 0 issues by rules: [Text: \"time.Now\", Path: \"chasm/lib/.*_test\\\\.go$\", Linters: \"forbidigo\"]"
level=info msg="[runner/exclusion_rules] Skipped 0 issues by rules: [Text: \"ActiveInCluster\", Path: \"common/namespace/(namespace|replication_resolver)(_test)?\\\\.go$\", Linters: \"forbidigo\"]"
level=info msg="[runner/exclusion_rules] Skipped 0 issues by rules: [Text: \"context.Background\", Path Except: \"tests/.+_test\\\\.go\", Linters: \"forbidigo\"]"
level=info msg="[runner/exclusion_rules] Skipped 2 issues by rules: [Text: \"^use of `panic` forbidden because \\\"Please avoid using panic in application code\\\"$\", Source: \"^\\\\t\\\\tpanic\\\\(\\\"gomad3: completed (an inactive campaign attempt|a campaign attempt without a classification)\\\"\\\\)$\", Path: \"^tools/gomad3/runner/internal/campaign/controller\\\\.go$\", Linters: \"forbidigo\"]"
level=info msg="[runner/exclusion_rules] Skipped 254 issues by rules: [Text: \"(cyclomatic|cognitive)\", Path: \"_test\\\\.go|tests/.+\\\\.go|common/testing/\", Linters: \"revive\"]"
level=info msg="[runner/exclusion_rules] Skipped 10 issues by rules: [Text: \"(dot-imports|unchecked-type-assertion)\", Path: \"_test\\\\.go|tests/.+\\\\.go|common/testing/\", Linters: \"revive\"]"
level=info msg="[runner/exclusion_rules] Skipped 1415 issues by rules: [Path: \"^tools\\\\/.+\\\\.go\", Linters: \"revive\"]"
level=info msg="[runner/exclusion_rules] Skipped 0 issues by rules: [Text: \"SA1019: go.temporal.io/server/service/history/hsm/(callbacks|nexusoperations) is deprecated\", Linters: \"staticcheck\"]"
level=info msg="[runner] Issues before processing: 1828, after processing: 60"
level=info msg="[runner] Processors filtering stat (in/out): path_relativity: 1828/1828, exclusion_paths: 1828/1828, exclusion_rules: 1828/61, diff: 60/60, max_from_linter: 60/60, invalid_issue: 1828/1828, nolint_filter: 61/60, fixer: 60/60, source_code: 60/60, path_shortener: 60/60, severity-rules: 60/60, path_prettifier: 60/60, sort_results: 60/60, generated_file_filter: 1828/1828, uniq_by_line: 60/60, max_per_file_from_linter: 60/60, max_same_issues: 60/60, path_absoluter: 1828/1828, cgo: 1828/1828, filename_unadjuster: 1828/1828"
level=info msg="[runner] processing took 306.037123ms with stages: diff: 246.849916ms, generated_file_filter: 35.017916ms, nolint_filter: 11.104375ms, exclusion_rules: 7.581042ms, source_code: 3.715084ms, path_relativity: 1.316625ms, exclusion_paths: 293.958µs, invalid_issue: 56.167µs, cgo: 50.042µs, filename_unadjuster: 13.333µs, uniq_by_line: 11.375µs, path_absoluter: 10.959µs, sort_results: 7.5µs, path_shortener: 5.208µs, max_same_issues: 1.082µs, max_per_file_from_linter: 999ns, path_prettifier: 667ns, fixer: 499ns, max_from_linter: 209ns, severity-rules: 167ns"
level=info msg="[runner] linters took 6.296607087s with stages: goanalysis_metalinter: 5.990465795s"
level=info msg="File cache stats: 26 entries of total size 405.9KiB"
level=info msg="Memory: 147 samples, avg is 331.2MB, max is 995.3MB"
level=info msg="Execution took 14.551548965s"
make[1]: *** [Makefile:505: lint-code] Error 1
lint module tools/gomad3: exit status 2
exit status 1
make: *** [Makefile:498: lint-code-gomad3] Error 1
