=== RUN   TestRunChoiceExplorationDivergencePoliciesAndInspection
=== RUN   TestRunChoiceExplorationDivergencePoliciesAndInspection/first
=== RUN   TestRunChoiceExplorationDivergencePoliciesAndInspection/budget
=== RUN   TestRunChoiceExplorationDivergencePoliciesAndInspection/all
--- PASS: TestRunChoiceExplorationDivergencePoliciesAndInspection (1.14s)
    --- PASS: TestRunChoiceExplorationDivergencePoliciesAndInspection/first (0.29s)
    --- PASS: TestRunChoiceExplorationDivergencePoliciesAndInspection/budget (0.41s)
    --- PASS: TestRunChoiceExplorationDivergencePoliciesAndInspection/all (0.44s)
=== RUN   TestRunChoiceExplorationKeepsOtherErrorsAsHostErrors
=== RUN   TestRunChoiceExplorationKeepsOtherErrorsAsHostErrors/normal_error
=== RUN   TestRunChoiceExplorationKeepsOtherErrorsAsHostErrors/cancelled
=== RUN   TestRunChoiceExplorationKeepsOtherErrorsAsHostErrors/typed_cancelled
=== RUN   TestRunChoiceExplorationKeepsOtherErrorsAsHostErrors/overflow
=== RUN   TestRunChoiceExplorationKeepsOtherErrorsAsHostErrors/malformed_trace
=== RUN   TestRunChoiceExplorationKeepsOtherErrorsAsHostErrors/unterminated_trace
=== RUN   TestRunChoiceExplorationKeepsOtherErrorsAsHostErrors/missing_identity
=== RUN   TestRunChoiceExplorationKeepsOtherErrorsAsHostErrors/duplicate_identity
=== RUN   TestRunChoiceExplorationKeepsOtherErrorsAsHostErrors/alternative_capacity
=== RUN   TestRunChoiceExplorationKeepsOtherErrorsAsHostErrors/wrong_prefix
=== RUN   TestRunChoiceExplorationKeepsOtherErrorsAsHostErrors/malformed_observed
=== RUN   TestRunChoiceExplorationKeepsOtherErrorsAsHostErrors/joined_failure
--- PASS: TestRunChoiceExplorationKeepsOtherErrorsAsHostErrors (2.45s)
    --- PASS: TestRunChoiceExplorationKeepsOtherErrorsAsHostErrors/normal_error (0.17s)
    --- PASS: TestRunChoiceExplorationKeepsOtherErrorsAsHostErrors/cancelled (0.20s)
    --- PASS: TestRunChoiceExplorationKeepsOtherErrorsAsHostErrors/typed_cancelled (0.20s)
    --- PASS: TestRunChoiceExplorationKeepsOtherErrorsAsHostErrors/overflow (0.20s)
    --- PASS: TestRunChoiceExplorationKeepsOtherErrorsAsHostErrors/malformed_trace (0.20s)
    --- PASS: TestRunChoiceExplorationKeepsOtherErrorsAsHostErrors/unterminated_trace (0.22s)
    --- PASS: TestRunChoiceExplorationKeepsOtherErrorsAsHostErrors/missing_identity (0.20s)
    --- PASS: TestRunChoiceExplorationKeepsOtherErrorsAsHostErrors/duplicate_identity (0.20s)
    --- PASS: TestRunChoiceExplorationKeepsOtherErrorsAsHostErrors/alternative_capacity (0.22s)
    --- PASS: TestRunChoiceExplorationKeepsOtherErrorsAsHostErrors/wrong_prefix (0.21s)
    --- PASS: TestRunChoiceExplorationKeepsOtherErrorsAsHostErrors/malformed_observed (0.22s)
    --- PASS: TestRunChoiceExplorationKeepsOtherErrorsAsHostErrors/joined_failure (0.20s)
=== RUN   TestProcessExplorationCompletionKeepsRunnerDomainFallback
--- PASS: TestProcessExplorationCompletionKeepsRunnerDomainFallback (0.02s)
=== RUN   TestRunChoiceExplorationResumePreservesDivergenceIdentity
--- PASS: TestRunChoiceExplorationResumePreservesDivergenceIdentity (1.02s)
=== RUN   TestChoiceExplorationDivergenceCrashHelper
--- PASS: TestChoiceExplorationDivergenceCrashHelper (0.00s)
=== RUN   TestRunChoiceExplorationKilledAfterDivergenceResumesSameState
    choice_exploration_divergence_unix_test.go:80: SIGKILL pid=92594 after committed divergent round1; resumed canonical chain=sha256:22bba92a3958bb1c439f1521d3146493e3244eff1d552a524c67bd8f8c39f50d equals uninterrupted
--- PASS: TestRunChoiceExplorationKilledAfterDivergenceResumesSameState (0.99s)
=== RUN   TestRunChoiceExplorationExecutesRootAndEveryNonSelectedRank
--- PASS: TestRunChoiceExplorationExecutesRootAndEveryNonSelectedRank (0.26s)
=== RUN   TestRunChoiceExplorationResumeRerunsTheWholeIncompleteRound
--- PASS: TestRunChoiceExplorationResumeRerunsTheWholeIncompleteRound (0.37s)
=== RUN   TestRunChoiceExplorationDivergingPrefixRetainsCompletedRound
--- PASS: TestRunChoiceExplorationDivergingPrefixRetainsCompletedRound (0.43s)
=== RUN   TestRunChoiceExplorationExpandsCompleteTargetFailures
--- PASS: TestRunChoiceExplorationExpandsCompleteTargetFailures (0.32s)
=== RUN   TestRunChoiceExplorationPinnedOutcomeEfficiencyMatchesEqualBudgetSeedSampling
--- PASS: TestRunChoiceExplorationPinnedOutcomeEfficiencyMatchesEqualBudgetSeedSampling (6.10s)
PASS
ok  	go.temporal.io/server/tools/gomad3/runner	13.918s
=== RUN   TestResumeExplorationJournalRetainsDivergenceAndRejectsCorruption
=== RUN   TestResumeExplorationJournalRetainsDivergenceAndRejectsCorruption/none
    choice_exploration_divergence_test.go:82: resume changed divergent round: choice.State{Config:choice.Config{Execution:choice.ExecutionIdentity{TargetSHA256:[32]uint8{0x34, 0xa0, 0x40, 0x5, 0xbc, 0xaf, 0x20, 0x6e, 0xec, 0x99, 0xb, 0xd9, 0x63, 0x7d, 0x9f, 0xdb, 0x67, 0x25, 0xe0, 0xa0, 0xc0, 0xd4, 0xae, 0xbf, 0x0, 0x3f, 0x17, 0xf4, 0xc9, 0x56, 0xeb, 0x5c}, ToolchainBuildKey:"aaaaaaaaaaaaaaaaaaaaaaaaaaaaaaaaaaaaaaaaaaaaaaaaaaaaaaaaaaaaaaaa", GOOS:"darwin", GOARCH:"arm64", ImplementationSHA256:[32]uint8{0xc1, 0x47, 0x21, 0x35, 0xb1, 0x4c, 0x77, 0xc8, 0xbe, 0xf9, 0x8e, 0x73, 0xf7, 0x2, 0x8, 0x32, 0x5f, 0xa0, 0xdc, 0xf1, 0xe6, 0xbd, 0x66, 0x8a, 0xe9, 0xb3, 0x1a, 0x9c, 0xea, 0x29, 0x5f, 0xe7}}, ControllerSHA256:"sha256:d10ec8b05e862768bfaf76b78dad446ea46f5850928c04a99e403d7420062389", BaseSeed:0x7, Parallel:2, MaxExecutions:0x8, MaxChoiceDepth:0x4, MaxExplorationBytes:0x100000, FailurePolicy:"all", FailureBudget:0x1}, Queue:[]choice.Candidate{}, Seen:[]record.SHA256{"sha256:098c5c0fd59e82c21a5c9d7bffa4f7ddb4b7d7059d04a3ec7c3478d3ceef8b27", "sha256:d003c389b8a7485fb54486d9610dbdbc6b7667f6d742933e4d4b9a3584d6d8ca"}, Outcomes:[]record.SHA256{"sha256:4813494d137e1631bba301d5acab6e7bb7aa74ce1185d456565ef51d737677b2"}, FailureSignatures:[]record.SHA256(nil), LogicalExecutions:0x2, CommittedRounds:0x2, PendingBytes:0x0, DeepestPrefix:0x1, OmittedByExecutionBound:0x0, OmittedByDepth:0x0, OmittedByCapacity:0x0, StopReason:"exploration_exhausted"}
=== RUN   TestResumeExplorationJournalRetainsDivergenceAndRejectsCorruption/old_schema
=== RUN   TestResumeExplorationJournalRetainsDivergenceAndRejectsCorruption/run_divergence
--- FAIL: TestResumeExplorationJournalRetainsDivergenceAndRejectsCorruption (0.22s)
    --- FAIL: TestResumeExplorationJournalRetainsDivergenceAndRejectsCorruption/none (0.08s)
    --- PASS: TestResumeExplorationJournalRetainsDivergenceAndRejectsCorruption/old_schema (0.07s)
    --- PASS: TestResumeExplorationJournalRetainsDivergenceAndRejectsCorruption/run_divergence (0.07s)
=== RUN   TestDivergenceFieldsAreAbsentFromOrdinaryJSON
--- PASS: TestDivergenceFieldsAreAbsentFromOrdinaryJSON (0.00s)
=== RUN   TestExplorationDivergenceEvidenceCannotBeUsedAsTargetOutcome
=== RUN   TestExplorationDivergenceEvidenceCannotBeUsedAsTargetOutcome/outcome
=== RUN   TestExplorationDivergenceEvidenceCannotBeUsedAsTargetOutcome/target
=== RUN   TestExplorationDivergenceEvidenceCannotBeUsedAsTargetOutcome/signature
=== RUN   TestExplorationDivergenceEvidenceCannotBeUsedAsTargetOutcome/artifact
=== RUN   TestExplorationDivergenceEvidenceCannotBeUsedAsTargetOutcome/trace
=== RUN   TestExplorationDivergenceEvidenceCannotBeUsedAsTargetOutcome/success
=== RUN   TestExplorationDivergenceEvidenceCannotBeUsedAsTargetOutcome/root
--- PASS: TestExplorationDivergenceEvidenceCannotBeUsedAsTargetOutcome (0.07s)
    --- PASS: TestExplorationDivergenceEvidenceCannotBeUsedAsTargetOutcome/outcome (0.00s)
    --- PASS: TestExplorationDivergenceEvidenceCannotBeUsedAsTargetOutcome/target (0.00s)
    --- PASS: TestExplorationDivergenceEvidenceCannotBeUsedAsTargetOutcome/signature (0.00s)
    --- PASS: TestExplorationDivergenceEvidenceCannotBeUsedAsTargetOutcome/artifact (0.00s)
    --- PASS: TestExplorationDivergenceEvidenceCannotBeUsedAsTargetOutcome/trace (0.00s)
    --- PASS: TestExplorationDivergenceEvidenceCannotBeUsedAsTargetOutcome/success (0.00s)
    --- PASS: TestExplorationDivergenceEvidenceCannotBeUsedAsTargetOutcome/root (0.00s)
FAIL
FAIL	go.temporal.io/server/tools/gomad3/runner/internal/campaign	0.684s
testing: warning: no tests to run
PASS
ok  	go.temporal.io/server/tools/gomad3/runner/internal/exploration/choice	0.547s [no tests to run]
FAIL
