=== RUN   TestWorldIdentityAndTransitionExhaustionDoNotWrap
=== RUN   TestWorldIdentityAndTransitionExhaustionDoNotWrap/request
=== RUN   TestWorldIdentityAndTransitionExhaustionDoNotWrap/event
=== RUN   TestWorldIdentityAndTransitionExhaustionDoNotWrap/transition
--- PASS: TestWorldIdentityAndTransitionExhaustionDoNotWrap (0.00s)
    --- PASS: TestWorldIdentityAndTransitionExhaustionDoNotWrap/request (0.00s)
    --- PASS: TestWorldIdentityAndTransitionExhaustionDoNotWrap/event (0.00s)
    --- PASS: TestWorldIdentityAndTransitionExhaustionDoNotWrap/transition (0.00s)
=== RUN   TestWorldQueueCapacityRollbackPreservesEventSequence
--- PASS: TestWorldQueueCapacityRollbackPreservesEventSequence (0.00s)
=== RUN   TestWorldTransitionCapacityIsTerminalWithoutMutation
--- PASS: TestWorldTransitionCapacityIsTerminalWithoutMutation (0.00s)
=== RUN   TestWorldPayloadCapacityIncludesTranscriptCopies
--- PASS: TestWorldPayloadCapacityIncludesTranscriptCopies (0.00s)
=== RUN   TestWorldRejectsEveryZeroLimit
=== RUN   TestWorldRejectsEveryZeroLimit/requests
=== RUN   TestWorldRejectsEveryZeroLimit/events
=== RUN   TestWorldRejectsEveryZeroLimit/queued
=== RUN   TestWorldRejectsEveryZeroLimit/transitions
=== RUN   TestWorldRejectsEveryZeroLimit/payload
=== RUN   TestWorldRejectsEveryZeroLimit/string
--- PASS: TestWorldRejectsEveryZeroLimit (0.00s)
    --- PASS: TestWorldRejectsEveryZeroLimit/requests (0.00s)
    --- PASS: TestWorldRejectsEveryZeroLimit/events (0.00s)
    --- PASS: TestWorldRejectsEveryZeroLimit/queued (0.00s)
    --- PASS: TestWorldRejectsEveryZeroLimit/transitions (0.00s)
    --- PASS: TestWorldRejectsEveryZeroLimit/payload (0.00s)
    --- PASS: TestWorldRejectsEveryZeroLimit/string (0.00s)
=== RUN   TestWorldStringLimitCoversResourceComponents
--- PASS: TestWorldStringLimitCoversResourceComponents (0.00s)
=== RUN   TestDecodeSnapshotRejectsUnknownDuplicateAndTrailingData
=== RUN   TestDecodeSnapshotRejectsUnknownDuplicateAndTrailingData/unknown
=== RUN   TestDecodeSnapshotRejectsUnknownDuplicateAndTrailingData/duplicate
=== RUN   TestDecodeSnapshotRejectsUnknownDuplicateAndTrailingData/trailing
=== RUN   TestDecodeSnapshotRejectsUnknownDuplicateAndTrailingData/truncated
=== RUN   TestDecodeSnapshotRejectsUnknownDuplicateAndTrailingData/whitespace
--- PASS: TestDecodeSnapshotRejectsUnknownDuplicateAndTrailingData (0.00s)
    --- PASS: TestDecodeSnapshotRejectsUnknownDuplicateAndTrailingData/unknown (0.00s)
    --- PASS: TestDecodeSnapshotRejectsUnknownDuplicateAndTrailingData/duplicate (0.00s)
    --- PASS: TestDecodeSnapshotRejectsUnknownDuplicateAndTrailingData/trailing (0.00s)
    --- PASS: TestDecodeSnapshotRejectsUnknownDuplicateAndTrailingData/truncated (0.00s)
    --- PASS: TestDecodeSnapshotRejectsUnknownDuplicateAndTrailingData/whitespace (0.00s)
=== RUN   TestDecodeSnapshotPreflightsConfiguredArrayLimits
--- PASS: TestDecodeSnapshotPreflightsConfiguredArrayLimits (0.00s)
=== RUN   TestSnapshotPreflightCountsObjectMembersAndScalarValues
--- PASS: TestSnapshotPreflightCountsObjectMembersAndScalarValues (0.00s)
=== RUN   TestMinimumLimitSnapshotRoundTrips
--- PASS: TestMinimumLimitSnapshotRoundTrips (0.00s)
=== RUN   TestPopulatedHighCardinalitySnapshotRoundTrips
--- PASS: TestPopulatedHighCardinalitySnapshotRoundTrips (0.12s)
=== RUN   TestWorldConcurrentRegistrationAllocatesEveryIDOnce
--- PASS: TestWorldConcurrentRegistrationAllocatesEveryIDOnce (0.00s)
=== RUN   TestWorldCancelQuiesceRaceLinearizes
--- PASS: TestWorldCancelQuiesceRaceLinearizes (0.00s)
=== RUN   TestRecorderRejectsExternalCallbacksWithoutMutation
=== RUN   TestRecorderRejectsExternalCallbacksWithoutMutation/error
=== RUN   TestRecorderRejectsExternalCallbacksWithoutMutation/is
=== RUN   TestRecorderRejectsExternalCallbacksWithoutMutation/single
=== RUN   TestRecorderRejectsExternalCallbacksWithoutMutation/multi
=== RUN   TestRecorderRejectsExternalCallbacksWithoutMutation/wrapper
=== RUN   TestRecorderRejectsExternalCallbacksWithoutMutation/unknown
--- PASS: TestRecorderRejectsExternalCallbacksWithoutMutation (0.00s)
    --- PASS: TestRecorderRejectsExternalCallbacksWithoutMutation/error (0.00s)
    --- PASS: TestRecorderRejectsExternalCallbacksWithoutMutation/is (0.00s)
    --- PASS: TestRecorderRejectsExternalCallbacksWithoutMutation/single (0.00s)
    --- PASS: TestRecorderRejectsExternalCallbacksWithoutMutation/multi (0.00s)
    --- PASS: TestRecorderRejectsExternalCallbacksWithoutMutation/wrapper (0.00s)
    --- PASS: TestRecorderRejectsExternalCallbacksWithoutMutation/unknown (0.00s)
=== RUN   TestRecorderAndModelIgnoreSentinelRebinding
--- PASS: TestRecorderAndModelIgnoreSentinelRebinding (0.00s)
=== RUN   TestOwnedTerminalPreservesAllCategoriesAndRecordingBytes
=== RUN   TestOwnedTerminalPreservesAllCategoriesAndRecordingBytes/invalid_World_config
=== RUN   TestOwnedTerminalPreservesAllCategoriesAndRecordingBytes/invalid_World_request
=== RUN   TestOwnedTerminalPreservesAllCategoriesAndRecordingBytes/unknown_World_request
=== RUN   TestOwnedTerminalPreservesAllCategoriesAndRecordingBytes/invalid_World_request_state
=== RUN   TestOwnedTerminalPreservesAllCategoriesAndRecordingBytes/World_time_regression
=== RUN   TestOwnedTerminalPreservesAllCategoriesAndRecordingBytes/invalid_World_snapshot
=== RUN   TestOwnedTerminalPreservesAllCategoriesAndRecordingBytes/World_capacity_exhausted
=== RUN   TestOwnedTerminalPreservesAllCategoriesAndRecordingBytes/World_replay_divergence
=== RUN   TestOwnedTerminalPreservesAllCategoriesAndRecordingBytes/World_capacity_exhausted:_雪"_xxxxxxxxxxxxxxxxxxx
=== RUN   TestOwnedTerminalPreservesAllCategoriesAndRecordingBytes/World_replay_divergence:_transition=5_field=digest
--- PASS: TestOwnedTerminalPreservesAllCategoriesAndRecordingBytes (0.00s)
    --- PASS: TestOwnedTerminalPreservesAllCategoriesAndRecordingBytes/invalid_World_config (0.00s)
    --- PASS: TestOwnedTerminalPreservesAllCategoriesAndRecordingBytes/invalid_World_request (0.00s)
    --- PASS: TestOwnedTerminalPreservesAllCategoriesAndRecordingBytes/unknown_World_request (0.00s)
    --- PASS: TestOwnedTerminalPreservesAllCategoriesAndRecordingBytes/invalid_World_request_state (0.00s)
    --- PASS: TestOwnedTerminalPreservesAllCategoriesAndRecordingBytes/World_time_regression (0.00s)
    --- PASS: TestOwnedTerminalPreservesAllCategoriesAndRecordingBytes/invalid_World_snapshot (0.00s)
    --- PASS: TestOwnedTerminalPreservesAllCategoriesAndRecordingBytes/World_capacity_exhausted (0.00s)
    --- PASS: TestOwnedTerminalPreservesAllCategoriesAndRecordingBytes/World_replay_divergence (0.00s)
    --- PASS: TestOwnedTerminalPreservesAllCategoriesAndRecordingBytes/World_capacity_exhausted:_雪"_xxxxxxxxxxxxxxxxxxx (0.00s)
    --- PASS: TestOwnedTerminalPreservesAllCategoriesAndRecordingBytes/World_replay_divergence:_transition=5_field=digest (0.00s)
=== RUN   TestDetachedTerminalRejectsInvalidDataAndTypedNilWithoutClosing
--- PASS: TestDetachedTerminalRejectsInvalidDataAndTypedNilWithoutClosing (0.00s)
=== RUN   TestOwnedModelErrorPreservesMessagesAndCauseIdentity
--- PASS: TestOwnedModelErrorPreservesMessagesAndCauseIdentity (0.00s)
=== RUN   TestWorldRecordingEnforcesTransitionBytesBeforeMutation
--- PASS: TestWorldRecordingEnforcesTransitionBytesBeforeMutation (0.00s)
=== RUN   TestWorldRecordingEnvelopeRoundTripsExecutedTransitions
--- PASS: TestWorldRecordingEnvelopeRoundTripsExecutedTransitions (0.00s)
=== RUN   TestWorldRecordingCarriesStructuredTerminalResults
--- PASS: TestWorldRecordingCarriesStructuredTerminalResults (0.00s)
=== RUN   TestWorldRecordingCarriesStructuredCapacityError
--- PASS: TestWorldRecordingCarriesStructuredCapacityError (0.00s)
=== RUN   TestWorldReplayValidatesEveryTransitionAndFinalDigest
--- PASS: TestWorldReplayValidatesEveryTransitionAndFinalDigest (0.00s)
=== RUN   TestWorldReplayDivergenceDoesNotMutateStateOrCursor
--- PASS: TestWorldReplayDivergenceDoesNotMutateStateOrCursor (0.00s)
=== RUN   TestWorldReplayRejectsInvalidPlanBeforeUse
--- PASS: TestWorldReplayRejectsInvalidPlanBeforeUse (0.00s)
=== RUN   TestWorldReplayRejectsUnexpectedOperationAfterPlan
--- PASS: TestWorldReplayRejectsUnexpectedOperationAfterPlan (0.00s)
=== RUN   TestWorldSnapshotRestoreContinuesWithIdenticalState
--- PASS: TestWorldSnapshotRestoreContinuesWithIdenticalState (0.00s)
=== RUN   TestRestoreRejectsCorruptionWithoutPublishingWorld
=== RUN   TestRestoreRejectsCorruptionWithoutPublishingWorld/event_reference
=== RUN   TestRestoreRejectsCorruptionWithoutPublishingWorld/payload_accounting
=== RUN   TestRestoreRejectsCorruptionWithoutPublishingWorld/time
=== RUN   TestRestoreRejectsCorruptionWithoutPublishingWorld/transition_digest
=== RUN   TestRestoreRejectsCorruptionWithoutPublishingWorld/schema
=== RUN   TestRestoreRejectsCorruptionWithoutPublishingWorld/digest
=== RUN   TestRestoreRejectsCorruptionWithoutPublishingWorld/request_order
--- PASS: TestRestoreRejectsCorruptionWithoutPublishingWorld (0.00s)
    --- PASS: TestRestoreRejectsCorruptionWithoutPublishingWorld/event_reference (0.00s)
    --- PASS: TestRestoreRejectsCorruptionWithoutPublishingWorld/payload_accounting (0.00s)
    --- PASS: TestRestoreRejectsCorruptionWithoutPublishingWorld/time (0.00s)
    --- PASS: TestRestoreRejectsCorruptionWithoutPublishingWorld/transition_digest (0.00s)
    --- PASS: TestRestoreRejectsCorruptionWithoutPublishingWorld/schema (0.00s)
    --- PASS: TestRestoreRejectsCorruptionWithoutPublishingWorld/digest (0.00s)
    --- PASS: TestRestoreRejectsCorruptionWithoutPublishingWorld/request_order (0.00s)
=== RUN   TestWorldJSONIdentitiesRequireCanonicalDecimalStrings
--- PASS: TestWorldJSONIdentitiesRequireCanonicalDecimalStrings (0.00s)
=== RUN   TestWorldStateDigestGolden
--- PASS: TestWorldStateDigestGolden (0.00s)
=== RUN   TestWorldLifecycleCopiesDataAndDeliversWholeInstant
--- PASS: TestWorldLifecycleCopiesDataAndDeliversWholeInstant (0.00s)
=== RUN   TestWorldOrdinaryOrderingIsLexicographicAndSeedIndependent
--- PASS: TestWorldOrdinaryOrderingIsLexicographicAndSeedIndependent (0.00s)
=== RUN   TestWorldEquivalentOrderingRepeatsAndCanVaryBySeed
--- PASS: TestWorldEquivalentOrderingRepeatsAndCanVaryBySeed (0.00s)
=== RUN   TestWorldCancellationIdleAndDeadlock
--- PASS: TestWorldCancellationIdleAndDeadlock (0.00s)
=== RUN   TestWorldInvalidAndCapacityErrorsDoNotMutateState
--- PASS: TestWorldInvalidAndCapacityErrorsDoNotMutateState (0.00s)
=== RUN   FuzzDecodeSnapshot
=== RUN   FuzzDecodeSnapshot/seed#0
=== RUN   FuzzDecodeSnapshot/seed#1
--- PASS: FuzzDecodeSnapshot (0.00s)
    --- PASS: FuzzDecodeSnapshot/seed#0 (0.00s)
    --- PASS: FuzzDecodeSnapshot/seed#1 (0.00s)
PASS
ok  	go.temporal.io/server/tools/gomad3/world	0.130s
=== RUN   TestConfigurationRoundTripsAndRejectsMalformedInput
=== RUN   TestConfigurationRoundTripsAndRejectsMalformedInput/zero-limit
=== RUN   TestConfigurationRoundTripsAndRejectsMalformedInput/short
=== RUN   TestConfigurationRoundTripsAndRejectsMalformedInput/bad-magic
--- PASS: TestConfigurationRoundTripsAndRejectsMalformedInput (0.00s)
    --- PASS: TestConfigurationRoundTripsAndRejectsMalformedInput/zero-limit (0.00s)
    --- PASS: TestConfigurationRoundTripsAndRejectsMalformedInput/short (0.00s)
    --- PASS: TestConfigurationRoundTripsAndRejectsMalformedInput/bad-magic (0.00s)
=== RUN   TestSessionNormalizesDetailBeforeOrderedClassification
--- PASS: TestSessionNormalizesDetailBeforeOrderedClassification (0.00s)
=== RUN   TestSessionRetainsJoinedErrorPrecedenceAndUnknownIdentity
--- PASS: TestSessionRetainsJoinedErrorPrecedenceAndUnknownIdentity (0.00s)
=== RUN   TestSessionValidatesBeforeCallingErrors
--- PASS: TestSessionValidatesBeforeCallingErrors (0.00s)
PASS
ok  	go.temporal.io/server/tools/gomad3/world/process	0.003s
