2026-10-04T07:15:13Z
=== RUN   TestRangeAssignmentSlots
=== RUN   TestRangeAssignmentSlots/existing
    range_test.go:58: stock native causal fixture: === RUN   TestBehavior
            pure_test.go:1: actual effects=1
        --- PASS: TestBehavior (0.00s)
        PASS
        ok  	example.invalid/rangeslots/record	0.001s
=== RUN   TestRangeAssignmentSlots/field
    range_test.go:58: stock native causal fixture: === RUN   TestBehavior
            pure_test.go:1: actual effects=1
        --- PASS: TestBehavior (0.00s)
        PASS
        ok  	example.invalid/rangeslots/record	0.002s
=== RUN   TestRangeAssignmentSlots/index
    range_test.go:58: stock native causal fixture: === RUN   TestBehavior
            pure_test.go:1: actual effects=1
        --- PASS: TestBehavior (0.00s)
        PASS
        ok  	example.invalid/rangeslots/record	0.001s
=== RUN   TestRangeAssignmentSlots/dereference
    range_test.go:58: stock native causal fixture: === RUN   TestBehavior
            pure_test.go:1: actual effects=1
        --- PASS: TestBehavior (0.00s)
        PASS
        ok  	example.invalid/rangeslots/record	0.001s
=== RUN   TestRangeAssignmentSlots/captured-existing
    range_test.go:58: stock native causal fixture: === RUN   TestBehavior
            pure_test.go:1: actual effects=1
        --- PASS: TestBehavior (0.00s)
        PASS
        ok  	example.invalid/rangeslots/record	0.001s
=== RUN   TestRangeAssignmentSlots/declared-capture
    range_test.go:58: stock native causal fixture: === RUN   TestBehavior
            pure_test.go:1: actual effects=1
        --- PASS: TestBehavior (0.00s)
        PASS
        ok  	example.invalid/rangeslots/record	0.001s
=== RUN   TestRangeAssignmentSlots/two-values
    range_test.go:58: stock native causal fixture: === RUN   TestBehavior
            pure_test.go:1: actual effects=1
        --- PASS: TestBehavior (0.00s)
        PASS
        ok  	example.invalid/rangeslots/record	0.001s
=== RUN   TestRangeAssignmentSlots/slice-existing-capture
    range_test.go:58: stock native causal fixture: === RUN   TestBehavior
            pure_test.go:1: actual effects=1
        --- PASS: TestBehavior (0.00s)
        PASS
        ok  	example.invalid/rangeslots/record	0.001s
=== RUN   TestRangeAssignmentSlots/slice-field
    range_test.go:58: stock native causal fixture: === RUN   TestBehavior
            pure_test.go:1: actual effects=1
        --- PASS: TestBehavior (0.00s)
        PASS
        ok  	example.invalid/rangeslots/record	0.001s
=== RUN   TestRangeAssignmentSlots/map-index
    range_test.go:58: stock native causal fixture: === RUN   TestBehavior
            pure_test.go:1: actual effects=1
        --- PASS: TestBehavior (0.00s)
        PASS
        ok  	example.invalid/rangeslots/record	0.001s
=== RUN   TestRangeAssignmentSlots/clean-existing
    range_test.go:58: stock native causal fixture: === RUN   TestBehavior
            pure_test.go:1: actual effects=0
        --- PASS: TestBehavior (0.00s)
        PASS
        ok  	example.invalid/rangeslots/record	0.001s
=== RUN   TestRangeAssignmentSlots/clean-field
    range_test.go:58: stock native causal fixture: === RUN   TestBehavior
            pure_test.go:1: actual effects=0
        --- PASS: TestBehavior (0.00s)
        PASS
        ok  	example.invalid/rangeslots/record	0.001s
=== RUN   TestRangeAssignmentSlots/clean-capture
    range_test.go:58: stock native causal fixture: === RUN   TestBehavior
            pure_test.go:1: actual effects=0
        --- PASS: TestBehavior (0.00s)
        PASS
        ok  	example.invalid/rangeslots/record	0.001s
=== RUN   TestRangeAssignmentSlots/noninvoked
    range_test.go:58: stock native causal fixture: === RUN   TestBehavior
            pure_test.go:1: actual effects=0
        --- PASS: TestBehavior (0.00s)
        PASS
        ok  	example.invalid/rangeslots/record	0.001s
--- PASS: TestRangeAssignmentSlots (8.77s)
    --- PASS: TestRangeAssignmentSlots/existing (0.66s)
    --- PASS: TestRangeAssignmentSlots/field (0.66s)
    --- PASS: TestRangeAssignmentSlots/index (0.64s)
    --- PASS: TestRangeAssignmentSlots/dereference (0.66s)
    --- PASS: TestRangeAssignmentSlots/captured-existing (0.66s)
    --- PASS: TestRangeAssignmentSlots/declared-capture (0.56s)
    --- PASS: TestRangeAssignmentSlots/two-values (0.65s)
    --- PASS: TestRangeAssignmentSlots/slice-existing-capture (0.57s)
    --- PASS: TestRangeAssignmentSlots/slice-field (0.62s)
    --- PASS: TestRangeAssignmentSlots/map-index (0.61s)
    --- PASS: TestRangeAssignmentSlots/clean-existing (0.67s)
    --- PASS: TestRangeAssignmentSlots/clean-field (0.61s)
    --- PASS: TestRangeAssignmentSlots/clean-capture (0.65s)
    --- PASS: TestRangeAssignmentSlots/noninvoked (0.56s)
PASS
ok  	go.temporal.io/server/tools/gomad3/internal/gomadtool/architecture	8.777s
2026-10-04T07:15:22Z
suite_rc=0
