2026-10-04T07:29:43Z
=== RUN   TestDiscoveryRejectsOmittedSource
--- PASS: TestDiscoveryRejectsOmittedSource (0.00s)
=== RUN   TestRequiredModuleNeedsItsOwnSource
--- PASS: TestRequiredModuleNeedsItsOwnSource (0.00s)
=== RUN   TestDiscoveryRejectsDirectorySymlink
--- PASS: TestDiscoveryRejectsDirectorySymlink (0.00s)
=== RUN   TestEffectThroughHelper
--- PASS: TestEffectThroughHelper (0.27s)
=== RUN   TestMemorySummarySourceIdentity
=== RUN   TestMemorySummarySourceIdentity/foreign-inspected-body
=== RUN   TestMemorySummarySourceIdentity/changed-source
--- PASS: TestMemorySummarySourceIdentity (0.24s)
    --- PASS: TestMemorySummarySourceIdentity/foreign-inspected-body (0.01s)
    --- PASS: TestMemorySummarySourceIdentity/changed-source (0.01s)
=== RUN   TestPureRootStoredClosureIsChecked
--- PASS: TestPureRootStoredClosureIsChecked (0.22s)
=== RUN   TestEffectCallbackContextsAndUnwrapReturns
=== RUN   TestEffectCallbackContextsAndUnwrapReturns/argument-order
=== RUN   TestEffectCallbackContextsAndUnwrapReturns/captured-order
=== RUN   TestEffectCallbackContextsAndUnwrapReturns/single-unwrap
=== RUN   TestEffectCallbackContextsAndUnwrapReturns/joined-unwrap
=== RUN   TestEffectCallbackContextsAndUnwrapReturns/wrapped-is
=== RUN   TestEffectCallbackContextsAndUnwrapReturns/interface-return
=== RUN   TestEffectCallbackContextsAndUnwrapReturns/multi-unwrap
=== RUN   TestEffectCallbackContextsAndUnwrapReturns/unwrap-return
=== RUN   TestEffectCallbackContextsAndUnwrapReturns/recursive-wrapper
=== RUN   TestEffectCallbackContextsAndUnwrapReturns/recursive-returned-callback
=== RUN   TestEffectCallbackContextsAndUnwrapReturns/global-callback-tuple
=== RUN   TestEffectCallbackContextsAndUnwrapReturns/cross-argument-alias
=== RUN   TestEffectCallbackContextsAndUnwrapReturns/cached-mutation
=== RUN   TestEffectCallbackContextsAndUnwrapReturns/json-marshaler-error-return
=== RUN   TestEffectCallbackContextsAndUnwrapReturns/json-writer-error-return
=== RUN   TestEffectCallbackContextsAndUnwrapReturns/json-reader-error-return
=== RUN   TestEffectCallbackContextsAndUnwrapReturns/json-distinct-receivers
--- PASS: TestEffectCallbackContextsAndUnwrapReturns (5.92s)
    --- PASS: TestEffectCallbackContextsAndUnwrapReturns/argument-order (0.35s)
    --- PASS: TestEffectCallbackContextsAndUnwrapReturns/captured-order (0.35s)
    --- PASS: TestEffectCallbackContextsAndUnwrapReturns/single-unwrap (0.35s)
    --- PASS: TestEffectCallbackContextsAndUnwrapReturns/joined-unwrap (0.34s)
    --- PASS: TestEffectCallbackContextsAndUnwrapReturns/wrapped-is (0.35s)
    --- PASS: TestEffectCallbackContextsAndUnwrapReturns/interface-return (0.35s)
    --- PASS: TestEffectCallbackContextsAndUnwrapReturns/multi-unwrap (0.35s)
    --- PASS: TestEffectCallbackContextsAndUnwrapReturns/unwrap-return (0.35s)
    --- PASS: TestEffectCallbackContextsAndUnwrapReturns/recursive-wrapper (0.35s)
    --- PASS: TestEffectCallbackContextsAndUnwrapReturns/recursive-returned-callback (0.35s)
    --- PASS: TestEffectCallbackContextsAndUnwrapReturns/global-callback-tuple (0.35s)
    --- PASS: TestEffectCallbackContextsAndUnwrapReturns/cross-argument-alias (0.34s)
    --- PASS: TestEffectCallbackContextsAndUnwrapReturns/cached-mutation (0.34s)
    --- PASS: TestEffectCallbackContextsAndUnwrapReturns/json-marshaler-error-return (0.35s)
    --- PASS: TestEffectCallbackContextsAndUnwrapReturns/json-writer-error-return (0.35s)
    --- PASS: TestEffectCallbackContextsAndUnwrapReturns/json-reader-error-return (0.35s)
    --- PASS: TestEffectCallbackContextsAndUnwrapReturns/json-distinct-receivers (0.35s)
=== RUN   TestPureMemoryFormattingAndJSON
--- PASS: TestPureMemoryFormattingAndJSON (0.35s)
=== RUN   TestPureJSONHelperRetainsConcreteArgument
--- PASS: TestPureJSONHelperRetainsConcreteArgument (0.34s)
=== RUN   TestImplicitCallbackPrecedence
=== RUN   TestImplicitCallbackPrecedence/formatter-precedence
=== RUN   TestImplicitCallbackPrecedence/gostring-not-v
=== RUN   TestImplicitCallbackPrecedence/marshal-precedence
=== RUN   TestImplicitCallbackPrecedence/recursive-owned-copy
=== RUN   TestImplicitCallbackPrecedence/recursive-returned-closure
=== RUN   TestImplicitCallbackPrecedence/known-pure-closure-factory
=== RUN   TestImplicitCallbackPrecedence/unwrap-does-not-call-multi
--- PASS: TestImplicitCallbackPrecedence (2.41s)
    --- PASS: TestImplicitCallbackPrecedence/formatter-precedence (0.34s)
    --- PASS: TestImplicitCallbackPrecedence/gostring-not-v (0.34s)
    --- PASS: TestImplicitCallbackPrecedence/marshal-precedence (0.34s)
    --- PASS: TestImplicitCallbackPrecedence/recursive-owned-copy (0.35s)
    --- PASS: TestImplicitCallbackPrecedence/recursive-returned-closure (0.34s)
    --- PASS: TestImplicitCallbackPrecedence/known-pure-closure-factory (0.34s)
    --- PASS: TestImplicitCallbackPrecedence/unwrap-does-not-call-multi (0.34s)
=== RUN   TestPureCanonicalJSONConcreteArgument
--- PASS: TestPureCanonicalJSONConcreteArgument (0.36s)
=== RUN   TestDependencyInitialization
=== RUN   TestDependencyInitialization/called-dependency
=== RUN   TestDependencyInitialization/blank-import
=== RUN   TestDependencyInitialization/variable-initializer
=== RUN   TestDependencyInitialization/second-init
=== RUN   TestDependencyInitialization/transitive-import
=== RUN   TestDependencyInitialization/pure-initializers
=== RUN   TestDependencyInitialization/once-callback
=== RUN   TestDependencyInitialization/pure-once
=== RUN   TestDependencyInitialization/standard-startup
--- PASS: TestDependencyInitialization (3.87s)
    --- PASS: TestDependencyInitialization/called-dependency (0.43s)
    --- PASS: TestDependencyInitialization/blank-import (0.43s)
    --- PASS: TestDependencyInitialization/variable-initializer (0.44s)
    --- PASS: TestDependencyInitialization/second-init (0.44s)
    --- PASS: TestDependencyInitialization/transitive-import (0.44s)
    --- PASS: TestDependencyInitialization/pure-initializers (0.01s)
    --- PASS: TestDependencyInitialization/once-callback (0.43s)
    --- PASS: TestDependencyInitialization/pure-once (0.36s)
    --- PASS: TestDependencyInitialization/standard-startup (0.88s)
=== RUN   TestThirdPartyInitialization
=== RUN   TestThirdPartyInitialization/clock
=== RUN   TestThirdPartyInitialization/pure
--- PASS: TestThirdPartyInitialization (0.44s)
    --- PASS: TestThirdPartyInitialization/clock (0.43s)
    --- PASS: TestThirdPartyInitialization/pure (0.01s)
=== RUN   TestStandardStartupIdentity
--- PASS: TestStandardStartupIdentity (0.23s)
=== RUN   TestCallbackContainerMutations
=== RUN   TestCallbackContainerMutations/copy-slice
=== RUN   TestCallbackContainerMutations/copy-alias
=== RUN   TestCallbackContainerMutations/insert
=== RUN   TestCallbackContainerMutations/insert-ellipsis
=== RUN   TestCallbackContainerMutations/insert-alias
=== RUN   TestCallbackContainerMutations/clone-assignment
=== RUN   TestCallbackContainerMutations/pointer-store
=== RUN   TestCallbackContainerMutations/pointer-helper
=== RUN   TestCallbackContainerMutations/range-function
=== RUN   TestCallbackContainerMutations/range-yield-callback
=== RUN   TestCallbackContainerMutations/slice-pointer-marshaler
=== RUN   TestCallbackContainerMutations/addressable-array-marshaler
=== RUN   TestCallbackContainerMutations/addressable-field-marshaler
=== RUN   TestCallbackContainerMutations/map-nonaddressable
=== RUN   TestCallbackContainerMutations/array-nonaddressable
=== RUN   TestCallbackContainerMutations/field-nonaddressable
=== RUN   TestCallbackContainerMutations/pure-copy
=== RUN   TestCallbackContainerMutations/pure-insert
=== RUN   TestCallbackContainerMutations/pure-clone
=== RUN   TestCallbackContainerMutations/pure-pointer
=== RUN   TestCallbackContainerMutations/pure-iterator
--- PASS: TestCallbackContainerMutations (14.51s)
    --- PASS: TestCallbackContainerMutations/copy-slice (0.69s)
    --- PASS: TestCallbackContainerMutations/copy-alias (0.69s)
    --- PASS: TestCallbackContainerMutations/insert (0.68s)
    --- PASS: TestCallbackContainerMutations/insert-ellipsis (0.70s)
    --- PASS: TestCallbackContainerMutations/insert-alias (0.70s)
    --- PASS: TestCallbackContainerMutations/clone-assignment (0.69s)
    --- PASS: TestCallbackContainerMutations/pointer-store (0.69s)
    --- PASS: TestCallbackContainerMutations/pointer-helper (0.69s)
    --- PASS: TestCallbackContainerMutations/range-function (0.69s)
    --- PASS: TestCallbackContainerMutations/range-yield-callback (0.68s)
    --- PASS: TestCallbackContainerMutations/slice-pointer-marshaler (0.69s)
    --- PASS: TestCallbackContainerMutations/addressable-array-marshaler (0.69s)
    --- PASS: TestCallbackContainerMutations/addressable-field-marshaler (0.68s)
    --- PASS: TestCallbackContainerMutations/map-nonaddressable (0.69s)
    --- PASS: TestCallbackContainerMutations/array-nonaddressable (0.71s)
    --- PASS: TestCallbackContainerMutations/field-nonaddressable (0.69s)
    --- PASS: TestCallbackContainerMutations/pure-copy (0.70s)
    --- PASS: TestCallbackContainerMutations/pure-insert (0.69s)
    --- PASS: TestCallbackContainerMutations/pure-clone (0.69s)
    --- PASS: TestCallbackContainerMutations/pure-pointer (0.69s)
    --- PASS: TestCallbackContainerMutations/pure-iterator (0.70s)
=== RUN   TestRangeAssignmentSlots
=== RUN   TestRangeAssignmentSlots/existing
    range_test.go:73: stock native causal fixture: === RUN   TestBehavior
            pure_test.go:1: actual effects=1
        --- PASS: TestBehavior (0.00s)
        PASS
        ok  	example.invalid/rangeslots/record	0.001s
=== RUN   TestRangeAssignmentSlots/field
    range_test.go:73: stock native causal fixture: === RUN   TestBehavior
            pure_test.go:1: actual effects=1
        --- PASS: TestBehavior (0.00s)
        PASS
        ok  	example.invalid/rangeslots/record	0.001s
=== RUN   TestRangeAssignmentSlots/index
    range_test.go:73: stock native causal fixture: === RUN   TestBehavior
            pure_test.go:1: actual effects=1
        --- PASS: TestBehavior (0.00s)
        PASS
        ok  	example.invalid/rangeslots/record	0.001s
=== RUN   TestRangeAssignmentSlots/dereference
    range_test.go:73: stock native causal fixture: === RUN   TestBehavior
            pure_test.go:1: actual effects=1
        --- PASS: TestBehavior (0.00s)
        PASS
        ok  	example.invalid/rangeslots/record	0.001s
=== RUN   TestRangeAssignmentSlots/captured-existing
    range_test.go:73: stock native causal fixture: === RUN   TestBehavior
            pure_test.go:1: actual effects=1
        --- PASS: TestBehavior (0.00s)
        PASS
        ok  	example.invalid/rangeslots/record	0.001s
=== RUN   TestRangeAssignmentSlots/declared-capture
    range_test.go:73: stock native causal fixture: === RUN   TestBehavior
            pure_test.go:1: actual effects=1
        --- PASS: TestBehavior (0.00s)
        PASS
        ok  	example.invalid/rangeslots/record	0.001s
=== RUN   TestRangeAssignmentSlots/two-values
    range_test.go:73: stock native causal fixture: === RUN   TestBehavior
            pure_test.go:1: actual effects=1
        --- PASS: TestBehavior (0.00s)
        PASS
        ok  	example.invalid/rangeslots/record	0.001s
=== RUN   TestRangeAssignmentSlots/slice-existing-capture
    range_test.go:73: stock native causal fixture: === RUN   TestBehavior
            pure_test.go:1: actual effects=1
        --- PASS: TestBehavior (0.00s)
        PASS
        ok  	example.invalid/rangeslots/record	0.001s
=== RUN   TestRangeAssignmentSlots/slice-field
    range_test.go:73: stock native causal fixture: === RUN   TestBehavior
            pure_test.go:1: actual effects=1
        --- PASS: TestBehavior (0.00s)
        PASS
        ok  	example.invalid/rangeslots/record	0.001s
=== RUN   TestRangeAssignmentSlots/map-index
    range_test.go:73: stock native causal fixture: === RUN   TestBehavior
            pure_test.go:1: actual effects=1
        --- PASS: TestBehavior (0.00s)
        PASS
        ok  	example.invalid/rangeslots/record	0.001s
=== RUN   TestRangeAssignmentSlots/clean-existing
    range_test.go:73: stock native causal fixture: === RUN   TestBehavior
            pure_test.go:1: actual effects=0
        --- PASS: TestBehavior (0.00s)
        PASS
        ok  	example.invalid/rangeslots/record	0.001s
=== RUN   TestRangeAssignmentSlots/clean-field
    range_test.go:73: stock native causal fixture: === RUN   TestBehavior
            pure_test.go:1: actual effects=0
        --- PASS: TestBehavior (0.00s)
        PASS
        ok  	example.invalid/rangeslots/record	0.001s
=== RUN   TestRangeAssignmentSlots/clean-capture
    range_test.go:73: stock native causal fixture: === RUN   TestBehavior
            pure_test.go:1: actual effects=0
        --- PASS: TestBehavior (0.00s)
        PASS
        ok  	example.invalid/rangeslots/record	0.001s
=== RUN   TestRangeAssignmentSlots/noninvoked
    range_test.go:73: stock native causal fixture: === RUN   TestBehavior
            pure_test.go:1: actual effects=0
        --- PASS: TestBehavior (0.00s)
        PASS
        ok  	example.invalid/rangeslots/record	0.001s
=== RUN   TestRangeAssignmentSlots/paren-existing
    range_test.go:73: stock native causal fixture: === RUN   TestBehavior
            pure_test.go:1: actual effects=1
        --- PASS: TestBehavior (0.00s)
        PASS
        ok  	example.invalid/rangeslots/record	0.001s
=== RUN   TestRangeAssignmentSlots/paren-field
    range_test.go:73: stock native causal fixture: === RUN   TestBehavior
            pure_test.go:1: actual effects=1
        --- PASS: TestBehavior (0.00s)
        PASS
        ok  	example.invalid/rangeslots/record	0.001s
=== RUN   TestRangeAssignmentSlots/paren-index
    range_test.go:73: stock native causal fixture: === RUN   TestBehavior
            pure_test.go:1: actual effects=1
        --- PASS: TestBehavior (0.00s)
        PASS
        ok  	example.invalid/rangeslots/record	0.001s
=== RUN   TestRangeAssignmentSlots/paren-dereference
    range_test.go:73: stock native causal fixture: === RUN   TestBehavior
            pure_test.go:1: actual effects=1
        --- PASS: TestBehavior (0.00s)
        PASS
        ok  	example.invalid/rangeslots/record	0.001s
=== RUN   TestRangeAssignmentSlots/effect-index
    range_test.go:73: stock native causal fixture: === RUN   TestBehavior
            pure_test.go:1: actual effects=1
        --- PASS: TestBehavior (0.00s)
        PASS
        ok  	example.invalid/rangeslots/record	0.001s
=== RUN   TestRangeAssignmentSlots/ordinary-paren
    range_test.go:73: stock native causal fixture: === RUN   TestBehavior
            pure_test.go:1: actual effects=1
        --- PASS: TestBehavior (0.00s)
        PASS
        ok  	example.invalid/rangeslots/record	0.001s
=== RUN   TestRangeAssignmentSlots/ordinary-index
    range_test.go:73: stock native causal fixture: === RUN   TestBehavior
            pure_test.go:1: actual effects=1
        --- PASS: TestBehavior (0.00s)
        PASS
        ok  	example.invalid/rangeslots/record	0.001s
=== RUN   TestRangeAssignmentSlots/slice-max
    range_test.go:73: stock native causal fixture: === RUN   TestBehavior
            pure_test.go:1: actual effects=1
        --- PASS: TestBehavior (0.00s)
        PASS
        ok  	example.invalid/rangeslots/record	0.001s
=== RUN   TestRangeAssignmentSlots/map-key
    range_test.go:73: stock native causal fixture: === RUN   TestBehavior
            pure_test.go:1: actual effects=1
        --- PASS: TestBehavior (0.00s)
        PASS
        ok  	example.invalid/rangeslots/record	0.001s
=== RUN   TestRangeAssignmentSlots/clean-paren
    range_test.go:73: stock native causal fixture: === RUN   TestBehavior
            pure_test.go:1: actual effects=0
        --- PASS: TestBehavior (0.00s)
        PASS
        ok  	example.invalid/rangeslots/record	0.001s
=== RUN   TestRangeAssignmentSlots/clean-index
    range_test.go:73: stock native causal fixture: === RUN   TestBehavior
            pure_test.go:1: actual effects=0
        --- PASS: TestBehavior (0.00s)
        PASS
        ok  	example.invalid/rangeslots/record	0.001s
=== RUN   TestRangeAssignmentSlots/clean-slice-max
    range_test.go:73: stock native causal fixture: === RUN   TestBehavior
            pure_test.go:1: actual effects=0
        --- PASS: TestBehavior (0.00s)
        PASS
        ok  	example.invalid/rangeslots/record	0.001s
=== RUN   TestRangeAssignmentSlots/clean-map-key
    range_test.go:73: stock native causal fixture: === RUN   TestBehavior
            pure_test.go:1: actual effects=0
        --- PASS: TestBehavior (0.00s)
        PASS
        ok  	example.invalid/rangeslots/record	0.001s
=== RUN   TestRangeAssignmentSlots/noninvoked-map-key
    range_test.go:73: stock native causal fixture: === RUN   TestBehavior
            pure_test.go:1: actual effects=0
        --- PASS: TestBehavior (0.00s)
        PASS
        ok  	example.invalid/rangeslots/record	0.001s
=== RUN   TestRangeAssignmentSlots/noninvoked-slice-max
    range_test.go:73: stock native causal fixture: === RUN   TestBehavior
            pure_test.go:1: actual effects=0
        --- PASS: TestBehavior (0.00s)
        PASS
        ok  	example.invalid/rangeslots/record	0.001s
--- PASS: TestRangeAssignmentSlots (15.80s)
    --- PASS: TestRangeAssignmentSlots/existing (0.53s)
    --- PASS: TestRangeAssignmentSlots/field (0.53s)
    --- PASS: TestRangeAssignmentSlots/index (0.54s)
    --- PASS: TestRangeAssignmentSlots/dereference (0.53s)
    --- PASS: TestRangeAssignmentSlots/captured-existing (0.54s)
    --- PASS: TestRangeAssignmentSlots/declared-capture (0.54s)
    --- PASS: TestRangeAssignmentSlots/two-values (0.52s)
    --- PASS: TestRangeAssignmentSlots/slice-existing-capture (0.53s)
    --- PASS: TestRangeAssignmentSlots/slice-field (0.53s)
    --- PASS: TestRangeAssignmentSlots/map-index (0.55s)
    --- PASS: TestRangeAssignmentSlots/clean-existing (0.57s)
    --- PASS: TestRangeAssignmentSlots/clean-field (0.54s)
    --- PASS: TestRangeAssignmentSlots/clean-capture (0.54s)
    --- PASS: TestRangeAssignmentSlots/noninvoked (0.55s)
    --- PASS: TestRangeAssignmentSlots/paren-existing (0.63s)
    --- PASS: TestRangeAssignmentSlots/paren-field (0.59s)
    --- PASS: TestRangeAssignmentSlots/paren-index (0.54s)
    --- PASS: TestRangeAssignmentSlots/paren-dereference (0.55s)
    --- PASS: TestRangeAssignmentSlots/effect-index (0.55s)
    --- PASS: TestRangeAssignmentSlots/ordinary-paren (0.54s)
    --- PASS: TestRangeAssignmentSlots/ordinary-index (0.54s)
    --- PASS: TestRangeAssignmentSlots/slice-max (0.54s)
    --- PASS: TestRangeAssignmentSlots/map-key (0.54s)
    --- PASS: TestRangeAssignmentSlots/clean-paren (0.54s)
    --- PASS: TestRangeAssignmentSlots/clean-index (0.54s)
    --- PASS: TestRangeAssignmentSlots/clean-slice-max (0.54s)
    --- PASS: TestRangeAssignmentSlots/clean-map-key (0.55s)
    --- PASS: TestRangeAssignmentSlots/noninvoked-map-key (0.55s)
    --- PASS: TestRangeAssignmentSlots/noninvoked-slice-max (0.53s)
=== RUN   TestSignatureNestedInternalIdentity
--- PASS: TestSignatureNestedInternalIdentity (0.00s)
=== RUN   TestImportableForeignNamedBoundary
--- PASS: TestImportableForeignNamedBoundary (0.00s)
=== RUN   TestInternalVisibilityChecksEveryParent
--- PASS: TestInternalVisibilityChecksEveryParent (0.00s)
PASS
ok  	go.temporal.io/server/tools/gomad3/internal/gomadtool/architecture	44.981s
2026-10-04T07:30:28Z
suite_rc=0
