2026-10-04T06:50:10Z
=== RUN   TestDependencyInitialization
=== RUN   TestDependencyInitialization/called-dependency
    initialization_test.go:73: dependency clock escaped {linux amd64}: []
=== RUN   TestDependencyInitialization/blank-import
    initialization_test.go:73: dependency clock escaped {linux amd64}: []
=== RUN   TestDependencyInitialization/variable-initializer
    initialization_test.go:73: dependency clock escaped {linux amd64}: []
=== RUN   TestDependencyInitialization/second-init
    initialization_test.go:73: dependency clock escaped {linux amd64}: []
=== RUN   TestDependencyInitialization/transitive-import
    initialization_test.go:73: dependency clock escaped {linux amd64}: []
=== RUN   TestDependencyInitialization/pure-initializers
=== RUN   TestDependencyInitialization/standard-startup
--- FAIL: TestDependencyInitialization (2.02s)
    --- FAIL: TestDependencyInitialization/called-dependency (0.24s)
    --- FAIL: TestDependencyInitialization/blank-import (0.26s)
    --- FAIL: TestDependencyInitialization/variable-initializer (0.22s)
    --- FAIL: TestDependencyInitialization/second-init (0.27s)
    --- FAIL: TestDependencyInitialization/transitive-import (0.23s)
    --- PASS: TestDependencyInitialization/pure-initializers (0.01s)
    --- PASS: TestDependencyInitialization/standard-startup (0.79s)
FAIL
FAIL	go.temporal.io/server/tools/gomad3/internal/gomadtool/architecture	2.028s
FAIL
2026-10-04T06:50:12Z
suite_rc=1
