GOCACHE=/Users/stephan/Workspace/temporal/gomad/tools/gomad3/.toolchain/generator-cache go run ./cmd/gomadtool version-generate -check
GOCACHE=/Users/stephan/Workspace/temporal/gomad/tools/gomad3/.toolchain/generator-cache go run ./cmd/gomadtool protocol-generate -check
GOCACHE=/Users/stephan/Workspace/temporal/gomad/tools/gomad3/.toolchain/generator-cache go run ./cmd/gomadtool boundary-generate -check
GOCACHE=/Users/stephan/Workspace/temporal/gomad/tools/gomad3/.toolchain/generator-cache go run ./cmd/gomadtool boundary-generate -check-compiler-tests
GOCACHE=/Users/stephan/Workspace/temporal/gomad/tools/gomad3/.toolchain/generator-cache go run ./cmd/gomadtool patch-validate --root=/Users/stephan/Workspace/temporal/gomad/tools/gomad3
gomad3 patch and overlay inputs are valid
GOCACHE=/Users/stephan/Workspace/temporal/gomad/tools/gomad3/.toolchain/generator-cache go run ./cmd/gomadtool script-validate --root=/Users/stephan/Workspace/temporal/gomad/tools/gomad3
gomad3 script ownership is valid
env -u GOMADSEED -u GOMAD3_CHILD_SEED GOCACHE=/Users/stephan/Workspace/temporal/gomad/tools/gomad3/.toolchain/generator-cache GOTOOLCHAIN=local GOWORK=off \
		go run ./cmd/gomadtool toolchain-build --root=/Users/stephan/Workspace/temporal/gomad/tools/gomad3
gomad3 toolchain is ready (darwin/arm64, key 2ecdbd330bb5928f360739fdd80cb3eb0f0764e513a5cc208cd83714fff0a457)
ok  	go.temporal.io/server/tools/gomad3	5.287s
ok  	go.temporal.io/server/tools/gomad3/cmd/gomad	66.312s
ok  	go.temporal.io/server/tools/gomad3/cmd/gomad/internal/cli	3.942s
ok  	go.temporal.io/server/tools/gomad3/cmd/gomadtool	2.369s
ok  	go.temporal.io/server/tools/gomad3/runner	186.066s
ok  	go.temporal.io/server/tools/gomad3/runner/internal/campaign	39.206s
ok  	go.temporal.io/server/tools/gomad3/runner/internal/corpus	3.441s
ok  	go.temporal.io/server/tools/gomad3/runner/internal/execution	119.029s
ok  	go.temporal.io/server/tools/gomad3/runner/internal/exploration	0.286s
ok  	go.temporal.io/server/tools/gomad3/runner/internal/exploration/choice	0.547s
ok  	go.temporal.io/server/tools/gomad3/runner/internal/exploration/simulation	0.708s
ok  	go.temporal.io/server/tools/gomad3/runner/internal/exploration/simulationrecord	0.976s
ok  	go.temporal.io/server/tools/gomad3/runner/internal/minimizer	2.720s
ok  	go.temporal.io/server/tools/gomad3/qualification	2.278s
ok  	go.temporal.io/server/tools/gomad3/qualification/analysis	36.178s
ok  	go.temporal.io/server/tools/gomad3/qualification/comparison	1.236s
ok  	go.temporal.io/server/tools/gomad3/qualification/set	4.230s
ok  	go.temporal.io/server/tools/gomad3/qualification/set/manifestgen	2.632s
ok  	go.temporal.io/server/tools/gomad3/qualification/workload	0.318s
ok  	go.temporal.io/server/tools/gomad3/target	50.551s
ok  	go.temporal.io/server/tools/gomad3/target/internal/build	0.417s
ok  	go.temporal.io/server/tools/gomad3/target/internal/capabilityreview	0.980s
ok  	go.temporal.io/server/tools/gomad3/target/internal/livecap	14.778s
ok  	go.temporal.io/server/tools/gomad3/target/internal/provenance	0.931s
ok  	go.temporal.io/server/tools/gomad3/record	0.306s
ok  	go.temporal.io/server/tools/gomad3/artifact	7.251s
ok  	go.temporal.io/server/tools/gomad3/choice	0.482s
ok  	go.temporal.io/server/tools/gomad3/choice/internal/wire	0.403s
ok  	go.temporal.io/server/tools/gomad3/deterministicio	90.905s
ok  	go.temporal.io/server/tools/gomad3/deterministicio/internal/wire	0.323s
ok  	go.temporal.io/server/tools/gomad3/deterministicio/readonlymount	0.566s
ok  	go.temporal.io/server/tools/gomad3/world	0.665s
ok  	go.temporal.io/server/tools/gomad3/world/mailbox	0.577s
ok  	go.temporal.io/server/tools/gomad3/world/process	0.314s
ok  	go.temporal.io/server/tools/gomad3/toolchain/version	3.070s
ok  	go.temporal.io/server/tools/gomad3/upgrade	4.472s
ok  	go.temporal.io/server/tools/gomad3/internal/canonicaljson	0.490s
ok  	go.temporal.io/server/tools/gomad3/internal/compatibilitypack	0.803s
ok  	go.temporal.io/server/tools/gomad3/internal/compatibilitypack/authoring	0.530s
ok  	go.temporal.io/server/tools/gomad3/internal/gomadtool/conformance	32.823s
ok  	go.temporal.io/server/tools/gomad3/internal/gomadtool/generation/boundary	5.372s
ok  	go.temporal.io/server/tools/gomad3/internal/gomadtool/generation/protocol	1.842s
ok  	go.temporal.io/server/tools/gomad3/internal/gomadtool/validation	0.337s
ok  	go.temporal.io/server/tools/gomad3/internal/hostexec	0.645s
ok  	go.temporal.io/server/tools/gomad3/internal/hostfs	0.404s
ok  	go.temporal.io/server/tools/gomad3/internal/preparation	4.776s
