{"Time":"2026-10-09T02:36:52.692326158Z","Action":"start","Package":"go.temporal.io/server/tools/gomad3/internal/gomadtool/architecture"}
{"Time":"2026-10-09T02:36:52.696061991Z","Action":"run","Package":"go.temporal.io/server/tools/gomad3/internal/gomadtool/architecture","Test":"TestMemorySummarySourceIdentity"}
{"Time":"2026-10-09T02:36:52.696110949Z","Action":"output","Package":"go.temporal.io/server/tools/gomad3/internal/gomadtool/architecture","Test":"TestMemorySummarySourceIdentity","Output":"=== RUN   TestMemorySummarySourceIdentity\n","OutputType":"frame"}
{"Time":"2026-10-09T02:36:53.002763825Z","Action":"run","Package":"go.temporal.io/server/tools/gomad3/internal/gomadtool/architecture","Test":"TestMemorySummarySourceIdentity/foreign-inspected-body"}
{"Time":"2026-10-09T02:36:53.002827241Z","Action":"output","Package":"go.temporal.io/server/tools/gomad3/internal/gomadtool/architecture","Test":"TestMemorySummarySourceIdentity/foreign-inspected-body","Output":"=== RUN   TestMemorySummarySourceIdentity/foreign-inspected-body\n","OutputType":"frame"}
{"Time":"2026-10-09T02:36:53.018458408Z","Action":"output","Package":"go.temporal.io/server/tools/gomad3/internal/gomadtool/architecture","Test":"TestMemorySummarySourceIdentity/foreign-inspected-body","Output":"--- PASS: TestMemorySummarySourceIdentity/foreign-inspected-body (0.02s)\n","OutputType":"frame"}
{"Time":"2026-10-09T02:36:53.018522116Z","Action":"pass","Package":"go.temporal.io/server/tools/gomad3/internal/gomadtool/architecture","Test":"TestMemorySummarySourceIdentity/foreign-inspected-body","Elapsed":0.02}
{"Time":"2026-10-09T02:36:53.018542991Z","Action":"run","Package":"go.temporal.io/server/tools/gomad3/internal/gomadtool/architecture","Test":"TestMemorySummarySourceIdentity/changed-source"}
{"Time":"2026-10-09T02:36:53.018555616Z","Action":"output","Package":"go.temporal.io/server/tools/gomad3/internal/gomadtool/architecture","Test":"TestMemorySummarySourceIdentity/changed-source","Output":"=== RUN   TestMemorySummarySourceIdentity/changed-source\n","OutputType":"frame"}
{"Time":"2026-10-09T02:36:53.033139158Z","Action":"output","Package":"go.temporal.io/server/tools/gomad3/internal/gomadtool/architecture","Test":"TestMemorySummarySourceIdentity/changed-source","Output":"--- PASS: TestMemorySummarySourceIdentity/changed-source (0.01s)\n","OutputType":"frame"}
{"Time":"2026-10-09T02:36:53.033195783Z","Action":"pass","Package":"go.temporal.io/server/tools/gomad3/internal/gomadtool/architecture","Test":"TestMemorySummarySourceIdentity/changed-source","Elapsed":0.01}
{"Time":"2026-10-09T02:36:53.033467825Z","Action":"output","Package":"go.temporal.io/server/tools/gomad3/internal/gomadtool/architecture","Test":"TestMemorySummarySourceIdentity","Output":"--- PASS: TestMemorySummarySourceIdentity (0.34s)\n","OutputType":"frame"}
{"Time":"2026-10-09T02:36:53.033522533Z","Action":"pass","Package":"go.temporal.io/server/tools/gomad3/internal/gomadtool/architecture","Test":"TestMemorySummarySourceIdentity","Elapsed":0.34}
{"Time":"2026-10-09T02:36:53.033560616Z","Action":"run","Package":"go.temporal.io/server/tools/gomad3/internal/gomadtool/architecture","Test":"TestPureMemoryFormattingAndJSON"}
{"Time":"2026-10-09T02:36:53.033576658Z","Action":"output","Package":"go.temporal.io/server/tools/gomad3/internal/gomadtool/architecture","Test":"TestPureMemoryFormattingAndJSON","Output":"=== RUN   TestPureMemoryFormattingAndJSON\n","OutputType":"frame"}
{"Time":"2026-10-09T02:36:53.487225908Z","Action":"output","Package":"go.temporal.io/server/tools/gomad3/internal/gomadtool/architecture","Test":"TestPureMemoryFormattingAndJSON","Output":"--- PASS: TestPureMemoryFormattingAndJSON (0.45s)\n","OutputType":"frame"}
{"Time":"2026-10-09T02:36:53.487302408Z","Action":"pass","Package":"go.temporal.io/server/tools/gomad3/internal/gomadtool/architecture","Test":"TestPureMemoryFormattingAndJSON","Elapsed":0.45}
{"Time":"2026-10-09T02:36:53.487320491Z","Action":"run","Package":"go.temporal.io/server/tools/gomad3/internal/gomadtool/architecture","Test":"TestPureCanonicalJSONConcreteArgument"}
{"Time":"2026-10-09T02:36:53.487375908Z","Action":"output","Package":"go.temporal.io/server/tools/gomad3/internal/gomadtool/architecture","Test":"TestPureCanonicalJSONConcreteArgument","Output":"=== RUN   TestPureCanonicalJSONConcreteArgument\n","OutputType":"frame"}
{"Time":"2026-10-09T02:36:53.904023367Z","Action":"output","Package":"go.temporal.io/server/tools/gomad3/internal/gomadtool/architecture","Test":"TestPureCanonicalJSONConcreteArgument","Output":"--- PASS: TestPureCanonicalJSONConcreteArgument (0.42s)\n","OutputType":"frame"}
{"Time":"2026-10-09T02:36:53.904105783Z","Action":"pass","Package":"go.temporal.io/server/tools/gomad3/internal/gomadtool/architecture","Test":"TestPureCanonicalJSONConcreteArgument","Elapsed":0.42}
{"Time":"2026-10-09T02:36:53.904162408Z","Action":"run","Package":"go.temporal.io/server/tools/gomad3/internal/gomadtool/architecture","Test":"TestDependencyInitialization"}
{"Time":"2026-10-09T02:36:53.904186908Z","Action":"output","Package":"go.temporal.io/server/tools/gomad3/internal/gomadtool/architecture","Test":"TestDependencyInitialization","Output":"=== RUN   TestDependencyInitialization\n","OutputType":"frame"}
{"Time":"2026-10-09T02:36:53.904211742Z","Action":"run","Package":"go.temporal.io/server/tools/gomad3/internal/gomadtool/architecture","Test":"TestDependencyInitialization/called-dependency"}
{"Time":"2026-10-09T02:36:53.904267575Z","Action":"output","Package":"go.temporal.io/server/tools/gomad3/internal/gomadtool/architecture","Test":"TestDependencyInitialization/called-dependency","Output":"=== RUN   TestDependencyInitialization/called-dependency\n","OutputType":"frame"}
{"Time":"2026-10-09T02:36:54.430647534Z","Action":"output","Package":"go.temporal.io/server/tools/gomad3/internal/gomadtool/architecture","Test":"TestDependencyInitialization/called-dependency","Output":"--- PASS: TestDependencyInitialization/called-dependency (0.53s)\n","OutputType":"frame"}
{"Time":"2026-10-09T02:36:54.430734284Z","Action":"pass","Package":"go.temporal.io/server/tools/gomad3/internal/gomadtool/architecture","Test":"TestDependencyInitialization/called-dependency","Elapsed":0.53}
{"Time":"2026-10-09T02:36:54.430826325Z","Action":"run","Package":"go.temporal.io/server/tools/gomad3/internal/gomadtool/architecture","Test":"TestDependencyInitialization/blank-import"}
{"Time":"2026-10-09T02:36:54.430883492Z","Action":"output","Package":"go.temporal.io/server/tools/gomad3/internal/gomadtool/architecture","Test":"TestDependencyInitialization/blank-import","Output":"=== RUN   TestDependencyInitialization/blank-import\n","OutputType":"frame"}
{"Time":"2026-10-09T02:36:54.930825575Z","Action":"output","Package":"go.temporal.io/server/tools/gomad3/internal/gomadtool/architecture","Test":"TestDependencyInitialization/blank-import","Output":"--- PASS: TestDependencyInitialization/blank-import (0.50s)\n","OutputType":"frame"}
{"Time":"2026-10-09T02:36:54.930917367Z","Action":"pass","Package":"go.temporal.io/server/tools/gomad3/internal/gomadtool/architecture","Test":"TestDependencyInitialization/blank-import","Elapsed":0.5}
{"Time":"2026-10-09T02:36:54.9309552Z","Action":"run","Package":"go.temporal.io/server/tools/gomad3/internal/gomadtool/architecture","Test":"TestDependencyInitialization/variable-initializer"}
{"Time":"2026-10-09T02:36:54.930986617Z","Action":"output","Package":"go.temporal.io/server/tools/gomad3/internal/gomadtool/architecture","Test":"TestDependencyInitialization/variable-initializer","Output":"=== RUN   TestDependencyInitialization/variable-initializer\n","OutputType":"frame"}
{"Time":"2026-10-09T02:36:55.441601617Z","Action":"output","Package":"go.temporal.io/server/tools/gomad3/internal/gomadtool/architecture","Test":"TestDependencyInitialization/variable-initializer","Output":"--- PASS: TestDependencyInitialization/variable-initializer (0.51s)\n","OutputType":"frame"}
{"Time":"2026-10-09T02:36:55.441711867Z","Action":"pass","Package":"go.temporal.io/server/tools/gomad3/internal/gomadtool/architecture","Test":"TestDependencyInitialization/variable-initializer","Elapsed":0.51}
{"Time":"2026-10-09T02:36:55.441767742Z","Action":"run","Package":"go.temporal.io/server/tools/gomad3/internal/gomadtool/architecture","Test":"TestDependencyInitialization/second-init"}
{"Time":"2026-10-09T02:36:55.441835784Z","Action":"output","Package":"go.temporal.io/server/tools/gomad3/internal/gomadtool/architecture","Test":"TestDependencyInitialization/second-init","Output":"=== RUN   TestDependencyInitialization/second-init\n","OutputType":"frame"}
{"Time":"2026-10-09T02:36:55.952364159Z","Action":"output","Package":"go.temporal.io/server/tools/gomad3/internal/gomadtool/architecture","Test":"TestDependencyInitialization/second-init","Output":"--- PASS: TestDependencyInitialization/second-init (0.51s)\n","OutputType":"frame"}
{"Time":"2026-10-09T02:36:55.952499534Z","Action":"pass","Package":"go.temporal.io/server/tools/gomad3/internal/gomadtool/architecture","Test":"TestDependencyInitialization/second-init","Elapsed":0.51}
{"Time":"2026-10-09T02:36:55.952538201Z","Action":"run","Package":"go.temporal.io/server/tools/gomad3/internal/gomadtool/architecture","Test":"TestDependencyInitialization/transitive-import"}
{"Time":"2026-10-09T02:36:55.952568826Z","Action":"output","Package":"go.temporal.io/server/tools/gomad3/internal/gomadtool/architecture","Test":"TestDependencyInitialization/transitive-import","Output":"=== RUN   TestDependencyInitialization/transitive-import\n","OutputType":"frame"}
{"Time":"2026-10-09T02:36:56.451293785Z","Action":"output","Package":"go.temporal.io/server/tools/gomad3/internal/gomadtool/architecture","Test":"TestDependencyInitialization/transitive-import","Output":"--- PASS: TestDependencyInitialization/transitive-import (0.50s)\n","OutputType":"frame"}
{"Time":"2026-10-09T02:36:56.451384243Z","Action":"pass","Package":"go.temporal.io/server/tools/gomad3/internal/gomadtool/architecture","Test":"TestDependencyInitialization/transitive-import","Elapsed":0.5}
{"Time":"2026-10-09T02:36:56.451415868Z","Action":"run","Package":"go.temporal.io/server/tools/gomad3/internal/gomadtool/architecture","Test":"TestDependencyInitialization/pure-initializers"}
{"Time":"2026-10-09T02:36:56.451442118Z","Action":"output","Package":"go.temporal.io/server/tools/gomad3/internal/gomadtool/architecture","Test":"TestDependencyInitialization/pure-initializers","Output":"=== RUN   TestDependencyInitialization/pure-initializers\n","OutputType":"frame"}
{"Time":"2026-10-09T02:36:56.468365701Z","Action":"output","Package":"go.temporal.io/server/tools/gomad3/internal/gomadtool/architecture","Test":"TestDependencyInitialization/pure-initializers","Output":"--- PASS: TestDependencyInitialization/pure-initializers (0.02s)\n","OutputType":"frame"}
{"Time":"2026-10-09T02:36:56.468398618Z","Action":"pass","Package":"go.temporal.io/server/tools/gomad3/internal/gomadtool/architecture","Test":"TestDependencyInitialization/pure-initializers","Elapsed":0.02}
{"Time":"2026-10-09T02:36:56.468414701Z","Action":"run","Package":"go.temporal.io/server/tools/gomad3/internal/gomadtool/architecture","Test":"TestDependencyInitialization/once-callback"}
{"Time":"2026-10-09T02:36:56.468427743Z","Action":"output","Package":"go.temporal.io/server/tools/gomad3/internal/gomadtool/architecture","Test":"TestDependencyInitialization/once-callback","Output":"=== RUN   TestDependencyInitialization/once-callback\n","OutputType":"frame"}
{"Time":"2026-10-09T02:36:56.972194951Z","Action":"output","Package":"go.temporal.io/server/tools/gomad3/internal/gomadtool/architecture","Test":"TestDependencyInitialization/once-callback","Output":"--- PASS: TestDependencyInitialization/once-callback (0.50s)\n","OutputType":"frame"}
{"Time":"2026-10-09T02:36:56.972289535Z","Action":"pass","Package":"go.temporal.io/server/tools/gomad3/internal/gomadtool/architecture","Test":"TestDependencyInitialization/once-callback","Elapsed":0.5}
{"Time":"2026-10-09T02:36:56.972323285Z","Action":"run","Package":"go.temporal.io/server/tools/gomad3/internal/gomadtool/architecture","Test":"TestDependencyInitialization/pure-once"}
{"Time":"2026-10-09T02:36:56.972348868Z","Action":"output","Package":"go.temporal.io/server/tools/gomad3/internal/gomadtool/architecture","Test":"TestDependencyInitialization/pure-once","Output":"=== RUN   TestDependencyInitialization/pure-once\n","OutputType":"frame"}
{"Time":"2026-10-09T02:36:57.387068952Z","Action":"output","Package":"go.temporal.io/server/tools/gomad3/internal/gomadtool/architecture","Test":"TestDependencyInitialization/pure-once","Output":"--- PASS: TestDependencyInitialization/pure-once (0.41s)\n","OutputType":"frame"}
{"Time":"2026-10-09T02:36:57.387172577Z","Action":"pass","Package":"go.temporal.io/server/tools/gomad3/internal/gomadtool/architecture","Test":"TestDependencyInitialization/pure-once","Elapsed":0.41}
{"Time":"2026-10-09T02:36:57.387217993Z","Action":"run","Package":"go.temporal.io/server/tools/gomad3/internal/gomadtool/architecture","Test":"TestDependencyInitialization/standard-startup"}
{"Time":"2026-10-09T02:36:57.387310202Z","Action":"output","Package":"go.temporal.io/server/tools/gomad3/internal/gomadtool/architecture","Test":"TestDependencyInitialization/standard-startup","Output":"=== RUN   TestDependencyInitialization/standard-startup\n","OutputType":"frame"}
{"Time":"2026-10-09T02:36:58.455226244Z","Action":"output","Package":"go.temporal.io/server/tools/gomad3/internal/gomadtool/architecture","Test":"TestDependencyInitialization/standard-startup","Output":"--- PASS: TestDependencyInitialization/standard-startup (1.07s)\n","OutputType":"frame"}
{"Time":"2026-10-09T02:36:58.455359202Z","Action":"pass","Package":"go.temporal.io/server/tools/gomad3/internal/gomadtool/architecture","Test":"TestDependencyInitialization/standard-startup","Elapsed":1.07}
{"Time":"2026-10-09T02:36:58.455397452Z","Action":"output","Package":"go.temporal.io/server/tools/gomad3/internal/gomadtool/architecture","Test":"TestDependencyInitialization","Output":"--- PASS: TestDependencyInitialization (4.55s)\n","OutputType":"frame"}
{"Time":"2026-10-09T02:36:58.455420285Z","Action":"pass","Package":"go.temporal.io/server/tools/gomad3/internal/gomadtool/architecture","Test":"TestDependencyInitialization","Elapsed":4.55}
{"Time":"2026-10-09T02:36:58.455446535Z","Action":"run","Package":"go.temporal.io/server/tools/gomad3/internal/gomadtool/architecture","Test":"TestThirdPartyInitialization"}
{"Time":"2026-10-09T02:36:58.45547316Z","Action":"output","Package":"go.temporal.io/server/tools/gomad3/internal/gomadtool/architecture","Test":"TestThirdPartyInitialization","Output":"=== RUN   TestThirdPartyInitialization\n","OutputType":"frame"}
{"Time":"2026-10-09T02:36:58.455517619Z","Action":"run","Package":"go.temporal.io/server/tools/gomad3/internal/gomadtool/architecture","Test":"TestThirdPartyInitialization/clock"}
{"Time":"2026-10-09T02:36:58.455540744Z","Action":"output","Package":"go.temporal.io/server/tools/gomad3/internal/gomadtool/architecture","Test":"TestThirdPartyInitialization/clock","Output":"=== RUN   TestThirdPartyInitialization/clock\n","OutputType":"frame"}
{"Time":"2026-10-09T02:36:58.954843161Z","Action":"output","Package":"go.temporal.io/server/tools/gomad3/internal/gomadtool/architecture","Test":"TestThirdPartyInitialization/clock","Output":"--- PASS: TestThirdPartyInitialization/clock (0.50s)\n","OutputType":"frame"}
{"Time":"2026-10-09T02:36:58.954950577Z","Action":"pass","Package":"go.temporal.io/server/tools/gomad3/internal/gomadtool/architecture","Test":"TestThirdPartyInitialization/clock","Elapsed":0.5}
{"Time":"2026-10-09T02:36:58.954997577Z","Action":"run","Package":"go.temporal.io/server/tools/gomad3/internal/gomadtool/architecture","Test":"TestThirdPartyInitialization/pure"}
{"Time":"2026-10-09T02:36:58.955034702Z","Action":"output","Package":"go.temporal.io/server/tools/gomad3/internal/gomadtool/architecture","Test":"TestThirdPartyInitialization/pure","Output":"=== RUN   TestThirdPartyInitialization/pure\n","OutputType":"frame"}
{"Time":"2026-10-09T02:36:58.973969161Z","Action":"output","Package":"go.temporal.io/server/tools/gomad3/internal/gomadtool/architecture","Test":"TestThirdPartyInitialization/pure","Output":"--- PASS: TestThirdPartyInitialization/pure (0.02s)\n","OutputType":"frame"}
{"Time":"2026-10-09T02:36:58.974062994Z","Action":"pass","Package":"go.temporal.io/server/tools/gomad3/internal/gomadtool/architecture","Test":"TestThirdPartyInitialization/pure","Elapsed":0.02}
{"Time":"2026-10-09T02:36:58.974089661Z","Action":"output","Package":"go.temporal.io/server/tools/gomad3/internal/gomadtool/architecture","Test":"TestThirdPartyInitialization","Output":"--- PASS: TestThirdPartyInitialization (0.52s)\n","OutputType":"frame"}
{"Time":"2026-10-09T02:36:58.974129494Z","Action":"pass","Package":"go.temporal.io/server/tools/gomad3/internal/gomadtool/architecture","Test":"TestThirdPartyInitialization","Elapsed":0.52}
{"Time":"2026-10-09T02:36:58.974148161Z","Action":"run","Package":"go.temporal.io/server/tools/gomad3/internal/gomadtool/architecture","Test":"TestStandardStartupIdentity"}
{"Time":"2026-10-09T02:36:58.974172119Z","Action":"output","Package":"go.temporal.io/server/tools/gomad3/internal/gomadtool/architecture","Test":"TestStandardStartupIdentity","Output":"=== RUN   TestStandardStartupIdentity\n","OutputType":"frame"}
{"Time":"2026-10-09T02:36:59.230701077Z","Action":"output","Package":"go.temporal.io/server/tools/gomad3/internal/gomadtool/architecture","Test":"TestStandardStartupIdentity","Output":"--- PASS: TestStandardStartupIdentity (0.26s)\n","OutputType":"frame"}
{"Time":"2026-10-09T02:36:59.230765077Z","Action":"pass","Package":"go.temporal.io/server/tools/gomad3/internal/gomadtool/architecture","Test":"TestStandardStartupIdentity","Elapsed":0.26}
{"Time":"2026-10-09T02:36:59.230787786Z","Action":"run","Package":"go.temporal.io/server/tools/gomad3/internal/gomadtool/architecture","Test":"TestSourceDigestFraming"}
{"Time":"2026-10-09T02:36:59.230816827Z","Action":"output","Package":"go.temporal.io/server/tools/gomad3/internal/gomadtool/architecture","Test":"TestSourceDigestFraming","Output":"=== RUN   TestSourceDigestFraming\n","OutputType":"frame"}
{"Time":"2026-10-09T02:36:59.230846827Z","Action":"run","Package":"go.temporal.io/server/tools/gomad3/internal/gomadtool/architecture","Test":"TestSourceDigestFraming/startup"}
{"Time":"2026-10-09T02:36:59.230863827Z","Action":"output","Package":"go.temporal.io/server/tools/gomad3/internal/gomadtool/architecture","Test":"TestSourceDigestFraming/startup","Output":"=== RUN   TestSourceDigestFraming/startup\n","OutputType":"frame"}
{"Time":"2026-10-09T02:36:59.232565786Z","Action":"output","Package":"go.temporal.io/server/tools/gomad3/internal/gomadtool/architecture","Test":"TestSourceDigestFraming/startup","Output":"--- PASS: TestSourceDigestFraming/startup (0.00s)\n","OutputType":"frame"}
{"Time":"2026-10-09T02:36:59.232661536Z","Action":"pass","Package":"go.temporal.io/server/tools/gomad3/internal/gomadtool/architecture","Test":"TestSourceDigestFraming/startup","Elapsed":0}
{"Time":"2026-10-09T02:36:59.232686703Z","Action":"run","Package":"go.temporal.io/server/tools/gomad3/internal/gomadtool/architecture","Test":"TestSourceDigestFraming/memory"}
{"Time":"2026-10-09T02:36:59.232699161Z","Action":"output","Package":"go.temporal.io/server/tools/gomad3/internal/gomadtool/architecture","Test":"TestSourceDigestFraming/memory","Output":"=== RUN   TestSourceDigestFraming/memory\n","OutputType":"frame"}
{"Time":"2026-10-09T02:36:59.234172494Z","Action":"output","Package":"go.temporal.io/server/tools/gomad3/internal/gomadtool/architecture","Test":"TestSourceDigestFraming/memory","Output":"--- PASS: TestSourceDigestFraming/memory (0.00s)\n","OutputType":"frame"}
{"Time":"2026-10-09T02:36:59.234210786Z","Action":"pass","Package":"go.temporal.io/server/tools/gomad3/internal/gomadtool/architecture","Test":"TestSourceDigestFraming/memory","Elapsed":0}
{"Time":"2026-10-09T02:36:59.234256869Z","Action":"output","Package":"go.temporal.io/server/tools/gomad3/internal/gomadtool/architecture","Test":"TestSourceDigestFraming","Output":"--- PASS: TestSourceDigestFraming (0.00s)\n","OutputType":"frame"}
{"Time":"2026-10-09T02:36:59.234282661Z","Action":"pass","Package":"go.temporal.io/server/tools/gomad3/internal/gomadtool/architecture","Test":"TestSourceDigestFraming","Elapsed":0}
{"Time":"2026-10-09T02:36:59.234309661Z","Action":"output","Package":"go.temporal.io/server/tools/gomad3/internal/gomadtool/architecture","Output":"PASS\n","OutputType":"frame"}
{"Time":"2026-10-09T02:36:59.235575869Z","Action":"output","Package":"go.temporal.io/server/tools/gomad3/internal/gomadtool/architecture","Output":"ok  \tgo.temporal.io/server/tools/gomad3/internal/gomadtool/architecture\t6.543s\n"}
{"Time":"2026-10-09T02:36:59.235601244Z","Action":"pass","Package":"go.temporal.io/server/tools/gomad3/internal/gomadtool/architecture","Elapsed":6.543}
