{
	"Dir": "/Users/stephan/Workspace/skunkworks/gomad/temporal/tools/gomad3/internal/gomadtool/architecture",
	"ImportPath": "go.temporal.io/server/tools/gomad3/internal/gomadtool/architecture",
	"Name": "architecture",
	"Root": "/Users/stephan/Workspace/skunkworks/gomad/temporal/tools/gomad3",
	"Module": {
		"Path": "go.temporal.io/server/tools/gomad3",
		"Main": true,
		"Dir": "/Users/stephan/Workspace/skunkworks/gomad/temporal/tools/gomad3",
		"GoMod": "/Users/stephan/Workspace/skunkworks/gomad/temporal/tools/gomad3/go.mod",
		"GoVersion": "1.27.1"
	},
	"Match": [
		"./internal/gomadtool/architecture"
	],
	"GoFiles": [
		"architecture.go",
		"edges.go",
		"effects.go",
		"initialization.go",
		"memory_sources.go",
		"program.go",
		"standard.go",
		"startup_sources.go"
	],
	"Imports": [
		"bytes",
		"crypto/sha256",
		"encoding/json",
		"fmt",
		"go/ast",
		"go/constant",
		"go/parser",
		"go/token",
		"go/types",
		"golang.org/x/mod/modfile",
		"io",
		"os",
		"os/exec",
		"path/filepath",
		"slices",
		"sort",
		"strconv",
		"strings"
	],
	"Deps": [
		"bytes",
		"cmp",
		"container/heap",
		"context",
		"crypto",
		"crypto/cipher",
		"crypto/fips140",
		"crypto/internal/boring",
		"crypto/internal/boring/sig",
		"crypto/internal/constanttime",
		"crypto/internal/entropy/v1.0.0",
		"crypto/internal/fips140",
		"crypto/internal/fips140/aes",
		"crypto/internal/fips140/aes/gcm",
		"crypto/internal/fips140/alias",
		"crypto/internal/fips140/check",
		"crypto/internal/fips140/drbg",
		"crypto/internal/fips140/hmac",
		"crypto/internal/fips140/sha256",
		"crypto/internal/fips140/sha3",
		"crypto/internal/fips140/sha512",
		"crypto/internal/fips140/subtle",
		"crypto/internal/fips140deps/byteorder",
		"crypto/internal/fips140deps/cpu",
		"crypto/internal/fips140deps/godebug",
		"crypto/internal/fips140deps/time",
		"crypto/internal/fips140only",
		"crypto/internal/impl",
		"crypto/internal/sysrand",
		"crypto/sha256",
		"crypto/subtle",
		"encoding",
		"encoding/base32",
		"encoding/base64",
		"encoding/binary",
		"encoding/hex",
		"encoding/json",
		"encoding/json/internal",
		"encoding/json/internal/jsonflags",
		"encoding/json/internal/jsonopts",
		"encoding/json/internal/jsonwire",
		"encoding/json/jsontext",
		"encoding/json/v2",
		"errors",
		"fmt",
		"go/ast",
		"go/build/constraint",
		"go/constant",
		"go/parser",
		"go/scanner",
		"go/token",
		"go/types",
		"go/version",
		"golang.org/x/mod/internal/lazyregexp",
		"golang.org/x/mod/modfile",
		"golang.org/x/mod/module",
		"golang.org/x/mod/semver",
		"hash",
		"hash/maphash",
		"internal/abi",
		"internal/asan",
		"internal/bisect",
		"internal/bytealg",
		"internal/byteorder",
		"internal/chacha8rand",
		"internal/coverage/rtcov",
		"internal/cpu",
		"internal/filepathlite",
		"internal/fmtsort",
		"internal/goarch",
		"internal/godebug",
		"internal/godebugs",
		"internal/goexperiment",
		"internal/goos",
		"internal/gover",
		"internal/goversion",
		"internal/msan",
		"internal/oserror",
		"internal/poll",
		"internal/profilerecord",
		"internal/race",
		"internal/reflectlite",
		"internal/runtime/atomic",
		"internal/runtime/exithook",
		"internal/runtime/gc",
		"internal/runtime/gc/scan",
		"internal/runtime/maps",
		"internal/runtime/math",
		"internal/runtime/pprof/label",
		"internal/runtime/sys",
		"internal/strconv",
		"internal/stringslite",
		"internal/sync",
		"internal/synctest",
		"internal/syscall/execenv",
		"internal/syscall/unix",
		"internal/testlog",
		"internal/trace/tracev2",
		"internal/types/errors",
		"internal/unsafeheader",
		"io",
		"io/fs",
		"iter",
		"math",
		"math/big",
		"math/bits",
		"math/rand",
		"os",
		"os/exec",
		"path",
		"path/filepath",
		"reflect",
		"regexp",
		"regexp/syntax",
		"runtime",
		"slices",
		"sort",
		"strconv",
		"strings",
		"sync",
		"sync/atomic",
		"syscall",
		"time",
		"unicode",
		"unicode/utf16",
		"unicode/utf8",
		"unsafe"
	],
	"TestGoFiles": [
		"architecture_test.go",
		"effects_test.go",
		"error_provenance_test.go",
		"initialization_test.go",
		"mutation_test.go",
		"range_test.go",
		"signature_test.go",
		"source_digest_test.go"
	],
	"TestImports": [
		"go/ast",
		"go/parser",
		"go/token",
		"go/types",
		"os",
		"os/exec",
		"path/filepath",
		"strconv",
		"strings",
		"testing"
	]
}
