{"Time":"2026-10-10T02:32:32.946814548Z","Action":"start","Package":"go.temporal.io/server/tools/gomad3/runner"}
{"Time":"2026-10-10T02:32:33.019525506Z","Action":"run","Package":"go.temporal.io/server/tools/gomad3/runner","Test":"TestInjectionCharacterizationIsolatedExploreRejectsEverySubstitution"}
{"Time":"2026-10-10T02:32:33.01961634Z","Action":"output","Package":"go.temporal.io/server/tools/gomad3/runner","Test":"TestInjectionCharacterizationIsolatedExploreRejectsEverySubstitution","Output":"=== RUN   TestInjectionCharacterizationIsolatedExploreRejectsEverySubstitution\n","OutputType":"frame"}
{"Time":"2026-10-10T02:32:33.019807798Z","Action":"run","Package":"go.temporal.io/server/tools/gomad3/runner","Test":"TestInjectionCharacterizationIsolatedExploreRejectsEverySubstitution/executor"}
{"Time":"2026-10-10T02:32:33.019857215Z","Action":"output","Package":"go.temporal.io/server/tools/gomad3/runner","Test":"TestInjectionCharacterizationIsolatedExploreRejectsEverySubstitution/executor","Output":"=== RUN   TestInjectionCharacterizationIsolatedExploreRejectsEverySubstitution/executor\n","OutputType":"frame"}
{"Time":"2026-10-10T02:32:33.020844006Z","Action":"output","Package":"go.temporal.io/server/tools/gomad3/runner","Test":"TestInjectionCharacterizationIsolatedExploreRejectsEverySubstitution/executor","Output":"--- PASS: TestInjectionCharacterizationIsolatedExploreRejectsEverySubstitution/executor (0.00s)\n","OutputType":"frame"}
{"Time":"2026-10-10T02:32:33.020984631Z","Action":"pass","Package":"go.temporal.io/server/tools/gomad3/runner","Test":"TestInjectionCharacterizationIsolatedExploreRejectsEverySubstitution/executor","Elapsed":0}
{"Time":"2026-10-10T02:32:33.021026965Z","Action":"run","Package":"go.temporal.io/server/tools/gomad3/runner","Test":"TestInjectionCharacterizationIsolatedExploreRejectsEverySubstitution/preparer"}
{"Time":"2026-10-10T02:32:33.02104159Z","Action":"output","Package":"go.temporal.io/server/tools/gomad3/runner","Test":"TestInjectionCharacterizationIsolatedExploreRejectsEverySubstitution/preparer","Output":"=== RUN   TestInjectionCharacterizationIsolatedExploreRejectsEverySubstitution/preparer\n","OutputType":"frame"}
{"Time":"2026-10-10T02:32:33.02365884Z","Action":"output","Package":"go.temporal.io/server/tools/gomad3/runner","Test":"TestInjectionCharacterizationIsolatedExploreRejectsEverySubstitution/preparer","Output":"--- PASS: TestInjectionCharacterizationIsolatedExploreRejectsEverySubstitution/preparer (0.00s)\n","OutputType":"frame"}
{"Time":"2026-10-10T02:32:33.023713506Z","Action":"pass","Package":"go.temporal.io/server/tools/gomad3/runner","Test":"TestInjectionCharacterizationIsolatedExploreRejectsEverySubstitution/preparer","Elapsed":0}
{"Time":"2026-10-10T02:32:33.023759798Z","Action":"run","Package":"go.temporal.io/server/tools/gomad3/runner","Test":"TestInjectionCharacterizationIsolatedExploreRejectsEverySubstitution/replayer"}
{"Time":"2026-10-10T02:32:33.023791423Z","Action":"output","Package":"go.temporal.io/server/tools/gomad3/runner","Test":"TestInjectionCharacterizationIsolatedExploreRejectsEverySubstitution/replayer","Output":"=== RUN   TestInjectionCharacterizationIsolatedExploreRejectsEverySubstitution/replayer\n","OutputType":"frame"}
{"Time":"2026-10-10T02:32:33.025500965Z","Action":"output","Package":"go.temporal.io/server/tools/gomad3/runner","Test":"TestInjectionCharacterizationIsolatedExploreRejectsEverySubstitution/replayer","Output":"--- PASS: TestInjectionCharacterizationIsolatedExploreRejectsEverySubstitution/replayer (0.00s)\n","OutputType":"frame"}
{"Time":"2026-10-10T02:32:33.025721506Z","Action":"pass","Package":"go.temporal.io/server/tools/gomad3/runner","Test":"TestInjectionCharacterizationIsolatedExploreRejectsEverySubstitution/replayer","Elapsed":0}
{"Time":"2026-10-10T02:32:33.025790923Z","Action":"output","Package":"go.temporal.io/server/tools/gomad3/runner","Test":"TestInjectionCharacterizationIsolatedExploreRejectsEverySubstitution","Output":"--- PASS: TestInjectionCharacterizationIsolatedExploreRejectsEverySubstitution (0.01s)\n","OutputType":"frame"}
{"Time":"2026-10-10T02:32:33.025893298Z","Action":"pass","Package":"go.temporal.io/server/tools/gomad3/runner","Test":"TestInjectionCharacterizationIsolatedExploreRejectsEverySubstitution","Elapsed":0.01}
{"Time":"2026-10-10T02:32:33.025949298Z","Action":"run","Package":"go.temporal.io/server/tools/gomad3/runner","Test":"TestInjectionCharacterizationIsolatedPreparationDependencies"}
{"Time":"2026-10-10T02:32:33.025988548Z","Action":"output","Package":"go.temporal.io/server/tools/gomad3/runner","Test":"TestInjectionCharacterizationIsolatedPreparationDependencies","Output":"=== RUN   TestInjectionCharacterizationIsolatedPreparationDependencies\n","OutputType":"frame"}
{"Time":"2026-10-10T02:32:33.026054381Z","Action":"run","Package":"go.temporal.io/server/tools/gomad3/runner","Test":"TestInjectionCharacterizationIsolatedPreparationDependencies/prepare_only"}
{"Time":"2026-10-10T02:32:33.02621234Z","Action":"output","Package":"go.temporal.io/server/tools/gomad3/runner","Test":"TestInjectionCharacterizationIsolatedPreparationDependencies/prepare_only","Output":"=== RUN   TestInjectionCharacterizationIsolatedPreparationDependencies/prepare_only\n","OutputType":"frame"}
{"Time":"2026-10-10T02:32:33.030767131Z","Action":"output","Package":"go.temporal.io/server/tools/gomad3/runner","Test":"TestInjectionCharacterizationIsolatedPreparationDependencies/prepare_only","Output":"--- PASS: TestInjectionCharacterizationIsolatedPreparationDependencies/prepare_only (0.00s)\n","OutputType":"frame"}
{"Time":"2026-10-10T02:32:33.030862381Z","Action":"pass","Package":"go.temporal.io/server/tools/gomad3/runner","Test":"TestInjectionCharacterizationIsolatedPreparationDependencies/prepare_only","Elapsed":0}
{"Time":"2026-10-10T02:32:33.030905423Z","Action":"run","Package":"go.temporal.io/server/tools/gomad3/runner","Test":"TestInjectionCharacterizationIsolatedPreparationDependencies/bootstrap_only"}
{"Time":"2026-10-10T02:32:33.030921673Z","Action":"output","Package":"go.temporal.io/server/tools/gomad3/runner","Test":"TestInjectionCharacterizationIsolatedPreparationDependencies/bootstrap_only","Output":"=== RUN   TestInjectionCharacterizationIsolatedPreparationDependencies/bootstrap_only\n","OutputType":"frame"}
{"Time":"2026-10-10T02:32:33.034233631Z","Action":"output","Package":"go.temporal.io/server/tools/gomad3/runner","Test":"TestInjectionCharacterizationIsolatedPreparationDependencies/bootstrap_only","Output":"--- PASS: TestInjectionCharacterizationIsolatedPreparationDependencies/bootstrap_only (0.00s)\n","OutputType":"frame"}
{"Time":"2026-10-10T02:32:33.043297381Z","Action":"pass","Package":"go.temporal.io/server/tools/gomad3/runner","Test":"TestInjectionCharacterizationIsolatedPreparationDependencies/bootstrap_only","Elapsed":0}
{"Time":"2026-10-10T02:32:33.043376881Z","Action":"run","Package":"go.temporal.io/server/tools/gomad3/runner","Test":"TestInjectionCharacterizationIsolatedPreparationDependencies/combined"}
{"Time":"2026-10-10T02:32:33.043409465Z","Action":"output","Package":"go.temporal.io/server/tools/gomad3/runner","Test":"TestInjectionCharacterizationIsolatedPreparationDependencies/combined","Output":"=== RUN   TestInjectionCharacterizationIsolatedPreparationDependencies/combined\n","OutputType":"frame"}
{"Time":"2026-10-10T02:32:33.043448673Z","Action":"output","Package":"go.temporal.io/server/tools/gomad3/runner","Test":"TestInjectionCharacterizationIsolatedPreparationDependencies/combined","Output":"--- PASS: TestInjectionCharacterizationIsolatedPreparationDependencies/combined (0.00s)\n","OutputType":"frame"}
{"Time":"2026-10-10T02:32:33.043488215Z","Action":"pass","Package":"go.temporal.io/server/tools/gomad3/runner","Test":"TestInjectionCharacterizationIsolatedPreparationDependencies/combined","Elapsed":0}
{"Time":"2026-10-10T02:32:33.043514881Z","Action":"run","Package":"go.temporal.io/server/tools/gomad3/runner","Test":"TestInjectionCharacterizationIsolatedPreparationDependencies/injection_before_seed_validation"}
{"Time":"2026-10-10T02:32:33.043828381Z","Action":"output","Package":"go.temporal.io/server/tools/gomad3/runner","Test":"TestInjectionCharacterizationIsolatedPreparationDependencies/injection_before_seed_validation","Output":"=== RUN   TestInjectionCharacterizationIsolatedPreparationDependencies/injection_before_seed_validation\n","OutputType":"frame"}
{"Time":"2026-10-10T02:32:33.048660965Z","Action":"output","Package":"go.temporal.io/server/tools/gomad3/runner","Test":"TestInjectionCharacterizationIsolatedPreparationDependencies/injection_before_seed_validation","Output":"--- PASS: TestInjectionCharacterizationIsolatedPreparationDependencies/injection_before_seed_validation (0.01s)\n","OutputType":"frame"}
{"Time":"2026-10-10T02:32:33.048717215Z","Action":"pass","Package":"go.temporal.io/server/tools/gomad3/runner","Test":"TestInjectionCharacterizationIsolatedPreparationDependencies/injection_before_seed_validation","Elapsed":0.01}
{"Time":"2026-10-10T02:32:33.048851131Z","Action":"run","Package":"go.temporal.io/server/tools/gomad3/runner","Test":"TestInjectionCharacterizationIsolatedPreparationDependencies/resume_preflight_before_injection"}
{"Time":"2026-10-10T02:32:33.048882465Z","Action":"output","Package":"go.temporal.io/server/tools/gomad3/runner","Test":"TestInjectionCharacterizationIsolatedPreparationDependencies/resume_preflight_before_injection","Output":"=== RUN   TestInjectionCharacterizationIsolatedPreparationDependencies/resume_preflight_before_injection\n","OutputType":"frame"}
{"Time":"2026-10-10T02:32:33.061176965Z","Action":"output","Package":"go.temporal.io/server/tools/gomad3/runner","Test":"TestInjectionCharacterizationIsolatedPreparationDependencies/resume_preflight_before_injection","Output":"--- PASS: TestInjectionCharacterizationIsolatedPreparationDependencies/resume_preflight_before_injection (0.01s)\n","OutputType":"frame"}
{"Time":"2026-10-10T02:32:33.061245965Z","Action":"pass","Package":"go.temporal.io/server/tools/gomad3/runner","Test":"TestInjectionCharacterizationIsolatedPreparationDependencies/resume_preflight_before_injection","Elapsed":0.01}
{"Time":"2026-10-10T02:32:33.061261423Z","Action":"output","Package":"go.temporal.io/server/tools/gomad3/runner","Test":"TestInjectionCharacterizationIsolatedPreparationDependencies","Output":"--- PASS: TestInjectionCharacterizationIsolatedPreparationDependencies (0.04s)\n","OutputType":"frame"}
{"Time":"2026-10-10T02:32:33.061273506Z","Action":"pass","Package":"go.temporal.io/server/tools/gomad3/runner","Test":"TestInjectionCharacterizationIsolatedPreparationDependencies","Elapsed":0.04}
{"Time":"2026-10-10T02:32:33.061288756Z","Action":"run","Package":"go.temporal.io/server/tools/gomad3/runner","Test":"TestPreparationDependenciesForwardRealFixtureInputs"}
{"Time":"2026-10-10T02:32:33.061305715Z","Action":"output","Package":"go.temporal.io/server/tools/gomad3/runner","Test":"TestPreparationDependenciesForwardRealFixtureInputs","Output":"=== RUN   TestPreparationDependenciesForwardRealFixtureInputs\n","OutputType":"frame"}
{"Time":"2026-10-10T02:32:33.369611632Z","Action":"output","Package":"go.temporal.io/server/tools/gomad3/runner","Test":"TestPreparationDependenciesForwardRealFixtureInputs","Output":"--- PASS: TestPreparationDependenciesForwardRealFixtureInputs (0.31s)\n","OutputType":"frame"}
{"Time":"2026-10-10T02:32:33.370286882Z","Action":"pass","Package":"go.temporal.io/server/tools/gomad3/runner","Test":"TestPreparationDependenciesForwardRealFixtureInputs","Elapsed":0.31}
{"Time":"2026-10-10T02:32:33.370804632Z","Action":"run","Package":"go.temporal.io/server/tools/gomad3/runner","Test":"TestPreparationDependenciesOperationErrorsRemainUnchanged"}
{"Time":"2026-10-10T02:32:33.371504673Z","Action":"output","Package":"go.temporal.io/server/tools/gomad3/runner","Test":"TestPreparationDependenciesOperationErrorsRemainUnchanged","Output":"=== RUN   TestPreparationDependenciesOperationErrorsRemainUnchanged\n","OutputType":"frame"}
{"Time":"2026-10-10T02:32:33.374542382Z","Action":"output","Package":"go.temporal.io/server/tools/gomad3/runner","Test":"TestPreparationDependenciesOperationErrorsRemainUnchanged","Output":"--- PASS: TestPreparationDependenciesOperationErrorsRemainUnchanged (0.01s)\n","OutputType":"frame"}
{"Time":"2026-10-10T02:32:33.374661215Z","Action":"pass","Package":"go.temporal.io/server/tools/gomad3/runner","Test":"TestPreparationDependenciesOperationErrorsRemainUnchanged","Elapsed":0.01}
{"Time":"2026-10-10T02:32:33.374692673Z","Action":"run","Package":"go.temporal.io/server/tools/gomad3/runner","Test":"TestPreparationDependenciesFailuresStopAtOriginalStages"}
{"Time":"2026-10-10T02:32:33.374721548Z","Action":"output","Package":"go.temporal.io/server/tools/gomad3/runner","Test":"TestPreparationDependenciesFailuresStopAtOriginalStages","Output":"=== RUN   TestPreparationDependenciesFailuresStopAtOriginalStages\n","OutputType":"frame"}
{"Time":"2026-10-10T02:32:33.374732298Z","Action":"run","Package":"go.temporal.io/server/tools/gomad3/runner","Test":"TestPreparationDependenciesFailuresStopAtOriginalStages/prepare"}
{"Time":"2026-10-10T02:32:33.374767465Z","Action":"output","Package":"go.temporal.io/server/tools/gomad3/runner","Test":"TestPreparationDependenciesFailuresStopAtOriginalStages/prepare","Output":"=== RUN   TestPreparationDependenciesFailuresStopAtOriginalStages/prepare\n","OutputType":"frame"}
{"Time":"2026-10-10T02:32:33.413677673Z","Action":"output","Package":"go.temporal.io/server/tools/gomad3/runner","Test":"TestPreparationDependenciesFailuresStopAtOriginalStages/prepare","Output":"--- PASS: TestPreparationDependenciesFailuresStopAtOriginalStages/prepare (0.04s)\n","OutputType":"frame"}
{"Time":"2026-10-10T02:32:33.413751173Z","Action":"pass","Package":"go.temporal.io/server/tools/gomad3/runner","Test":"TestPreparationDependenciesFailuresStopAtOriginalStages/prepare","Elapsed":0.04}
{"Time":"2026-10-10T02:32:33.41381834Z","Action":"run","Package":"go.temporal.io/server/tools/gomad3/runner","Test":"TestPreparationDependenciesFailuresStopAtOriginalStages/bootstrap"}
{"Time":"2026-10-10T02:32:33.413861673Z","Action":"output","Package":"go.temporal.io/server/tools/gomad3/runner","Test":"TestPreparationDependenciesFailuresStopAtOriginalStages/bootstrap","Output":"=== RUN   TestPreparationDependenciesFailuresStopAtOriginalStages/bootstrap\n","OutputType":"frame"}
{"Time":"2026-10-10T02:32:33.502967007Z","Action":"output","Package":"go.temporal.io/server/tools/gomad3/runner","Test":"TestPreparationDependenciesFailuresStopAtOriginalStages/bootstrap","Output":"--- PASS: TestPreparationDependenciesFailuresStopAtOriginalStages/bootstrap (0.09s)\n","OutputType":"frame"}
{"Time":"2026-10-10T02:32:33.503058465Z","Action":"pass","Package":"go.temporal.io/server/tools/gomad3/runner","Test":"TestPreparationDependenciesFailuresStopAtOriginalStages/bootstrap","Elapsed":0.09}
{"Time":"2026-10-10T02:32:33.503094007Z","Action":"output","Package":"go.temporal.io/server/tools/gomad3/runner","Test":"TestPreparationDependenciesFailuresStopAtOriginalStages","Output":"--- PASS: TestPreparationDependenciesFailuresStopAtOriginalStages (0.13s)\n","OutputType":"frame"}
{"Time":"2026-10-10T02:32:33.503118173Z","Action":"pass","Package":"go.temporal.io/server/tools/gomad3/runner","Test":"TestPreparationDependenciesFailuresStopAtOriginalStages","Elapsed":0.13}
{"Time":"2026-10-10T02:32:33.503140923Z","Action":"run","Package":"go.temporal.io/server/tools/gomad3/runner","Test":"TestPreparationDependenciesKeepRealDefaultsAndBootstrapGuard"}
{"Time":"2026-10-10T02:32:33.50316184Z","Action":"output","Package":"go.temporal.io/server/tools/gomad3/runner","Test":"TestPreparationDependenciesKeepRealDefaultsAndBootstrapGuard","Output":"=== RUN   TestPreparationDependenciesKeepRealDefaultsAndBootstrapGuard\n","OutputType":"frame"}
{"Time":"2026-10-10T02:32:33.503183798Z","Action":"run","Package":"go.temporal.io/server/tools/gomad3/runner","Test":"TestPreparationDependenciesKeepRealDefaultsAndBootstrapGuard/public"}
{"Time":"2026-10-10T02:32:33.503216423Z","Action":"output","Package":"go.temporal.io/server/tools/gomad3/runner","Test":"TestPreparationDependenciesKeepRealDefaultsAndBootstrapGuard/public","Output":"=== RUN   TestPreparationDependenciesKeepRealDefaultsAndBootstrapGuard/public\n","OutputType":"frame"}
{"Time":"2026-10-10T02:32:33.530593757Z","Action":"output","Package":"go.temporal.io/server/tools/gomad3/runner","Test":"TestPreparationDependenciesKeepRealDefaultsAndBootstrapGuard/public","Output":"--- PASS: TestPreparationDependenciesKeepRealDefaultsAndBootstrapGuard/public (0.03s)\n","OutputType":"frame"}
{"Time":"2026-10-10T02:32:33.530694465Z","Action":"pass","Package":"go.temporal.io/server/tools/gomad3/runner","Test":"TestPreparationDependenciesKeepRealDefaultsAndBootstrapGuard/public","Elapsed":0.03}
{"Time":"2026-10-10T02:32:33.530758673Z","Action":"run","Package":"go.temporal.io/server/tools/gomad3/runner","Test":"TestPreparationDependenciesKeepRealDefaultsAndBootstrapGuard/executor_only"}
{"Time":"2026-10-10T02:32:33.530812798Z","Action":"output","Package":"go.temporal.io/server/tools/gomad3/runner","Test":"TestPreparationDependenciesKeepRealDefaultsAndBootstrapGuard/executor_only","Output":"=== RUN   TestPreparationDependenciesKeepRealDefaultsAndBootstrapGuard/executor_only\n","OutputType":"frame"}
{"Time":"2026-10-10T02:32:33.579505298Z","Action":"output","Package":"go.temporal.io/server/tools/gomad3/runner","Test":"TestPreparationDependenciesKeepRealDefaultsAndBootstrapGuard/executor_only","Output":"--- PASS: TestPreparationDependenciesKeepRealDefaultsAndBootstrapGuard/executor_only (0.05s)\n","OutputType":"frame"}
{"Time":"2026-10-10T02:32:33.579640673Z","Action":"pass","Package":"go.temporal.io/server/tools/gomad3/runner","Test":"TestPreparationDependenciesKeepRealDefaultsAndBootstrapGuard/executor_only","Elapsed":0.05}
{"Time":"2026-10-10T02:32:33.580179132Z","Action":"run","Package":"go.temporal.io/server/tools/gomad3/runner","Test":"TestPreparationDependenciesKeepRealDefaultsAndBootstrapGuard/prepare_only"}
{"Time":"2026-10-10T02:32:33.580380632Z","Action":"output","Package":"go.temporal.io/server/tools/gomad3/runner","Test":"TestPreparationDependenciesKeepRealDefaultsAndBootstrapGuard/prepare_only","Output":"=== RUN   TestPreparationDependenciesKeepRealDefaultsAndBootstrapGuard/prepare_only\n","OutputType":"frame"}
{"Time":"2026-10-10T02:32:33.649524632Z","Action":"start","Package":"go.temporal.io/server/tools/gomad3/deterministicio"}
{"Time":"2026-10-10T02:32:33.658364215Z","Action":"run","Package":"go.temporal.io/server/tools/gomad3/deterministicio","Test":"TestPortableProfilePublicGuardsRemainFirst"}
{"Time":"2026-10-10T02:32:33.65848759Z","Action":"output","Package":"go.temporal.io/server/tools/gomad3/deterministicio","Test":"TestPortableProfilePublicGuardsRemainFirst","Output":"=== RUN   TestPortableProfilePublicGuardsRemainFirst\n","OutputType":"frame"}
{"Time":"2026-10-10T02:32:33.658641382Z","Action":"run","Package":"go.temporal.io/server/tools/gomad3/deterministicio","Test":"TestPortableProfilePublicGuardsRemainFirst/adapters"}
{"Time":"2026-10-10T02:32:33.658782257Z","Action":"output","Package":"go.temporal.io/server/tools/gomad3/deterministicio","Test":"TestPortableProfilePublicGuardsRemainFirst/adapters","Output":"=== RUN   TestPortableProfilePublicGuardsRemainFirst/adapters\n","OutputType":"frame"}
{"Time":"2026-10-10T02:32:33.658871298Z","Action":"output","Package":"go.temporal.io/server/tools/gomad3/deterministicio","Test":"TestPortableProfilePublicGuardsRemainFirst/adapters","Output":"--- PASS: TestPortableProfilePublicGuardsRemainFirst/adapters (0.00s)\n","OutputType":"frame"}
{"Time":"2026-10-10T02:32:33.658912382Z","Action":"pass","Package":"go.temporal.io/server/tools/gomad3/deterministicio","Test":"TestPortableProfilePublicGuardsRemainFirst/adapters","Elapsed":0}
{"Time":"2026-10-10T02:32:33.65894834Z","Action":"run","Package":"go.temporal.io/server/tools/gomad3/deterministicio","Test":"TestPortableProfilePublicGuardsRemainFirst/requirements"}
{"Time":"2026-10-10T02:32:33.65897359Z","Action":"output","Package":"go.temporal.io/server/tools/gomad3/deterministicio","Test":"TestPortableProfilePublicGuardsRemainFirst/requirements","Output":"=== RUN   TestPortableProfilePublicGuardsRemainFirst/requirements\n","OutputType":"frame"}
{"Time":"2026-10-10T02:32:33.658987673Z","Action":"output","Package":"go.temporal.io/server/tools/gomad3/deterministicio","Test":"TestPortableProfilePublicGuardsRemainFirst/requirements","Output":"--- PASS: TestPortableProfilePublicGuardsRemainFirst/requirements (0.00s)\n","OutputType":"frame"}
{"Time":"2026-10-10T02:32:33.659029048Z","Action":"pass","Package":"go.temporal.io/server/tools/gomad3/deterministicio","Test":"TestPortableProfilePublicGuardsRemainFirst/requirements","Elapsed":0}
{"Time":"2026-10-10T02:32:33.659043507Z","Action":"run","Package":"go.temporal.io/server/tools/gomad3/deterministicio","Test":"TestPortableProfilePublicGuardsRemainFirst/bootstrap"}
{"Time":"2026-10-10T02:32:33.65968684Z","Action":"output","Package":"go.temporal.io/server/tools/gomad3/deterministicio","Test":"TestPortableProfilePublicGuardsRemainFirst/bootstrap","Output":"=== RUN   TestPortableProfilePublicGuardsRemainFirst/bootstrap\n","OutputType":"frame"}
{"Time":"2026-10-10T02:32:33.659936048Z","Action":"output","Package":"go.temporal.io/server/tools/gomad3/deterministicio","Test":"TestPortableProfilePublicGuardsRemainFirst/bootstrap","Output":"--- PASS: TestPortableProfilePublicGuardsRemainFirst/bootstrap (0.00s)\n","OutputType":"frame"}
{"Time":"2026-10-10T02:32:33.659955132Z","Action":"pass","Package":"go.temporal.io/server/tools/gomad3/deterministicio","Test":"TestPortableProfilePublicGuardsRemainFirst/bootstrap","Elapsed":0}
{"Time":"2026-10-10T02:32:33.660262757Z","Action":"run","Package":"go.temporal.io/server/tools/gomad3/deterministicio","Test":"TestPortableProfilePublicGuardsRemainFirst/prepared"}
{"Time":"2026-10-10T02:32:33.660297173Z","Action":"output","Package":"go.temporal.io/server/tools/gomad3/deterministicio","Test":"TestPortableProfilePublicGuardsRemainFirst/prepared","Output":"=== RUN   TestPortableProfilePublicGuardsRemainFirst/prepared\n","OutputType":"frame"}
{"Time":"2026-10-10T02:32:33.660318632Z","Action":"output","Package":"go.temporal.io/server/tools/gomad3/deterministicio","Test":"TestPortableProfilePublicGuardsRemainFirst/prepared","Output":"--- PASS: TestPortableProfilePublicGuardsRemainFirst/prepared (0.00s)\n","OutputType":"frame"}
{"Time":"2026-10-10T02:32:33.660335173Z","Action":"pass","Package":"go.temporal.io/server/tools/gomad3/deterministicio","Test":"TestPortableProfilePublicGuardsRemainFirst/prepared","Elapsed":0}
{"Time":"2026-10-10T02:32:33.660357507Z","Action":"output","Package":"go.temporal.io/server/tools/gomad3/deterministicio","Test":"TestPortableProfilePublicGuardsRemainFirst","Output":"--- PASS: TestPortableProfilePublicGuardsRemainFirst (0.00s)\n","OutputType":"frame"}
{"Time":"2026-10-10T02:32:33.66037434Z","Action":"pass","Package":"go.temporal.io/server/tools/gomad3/deterministicio","Test":"TestPortableProfilePublicGuardsRemainFirst","Elapsed":0}
{"Time":"2026-10-10T02:32:33.660389048Z","Action":"output","Package":"go.temporal.io/server/tools/gomad3/deterministicio","Output":"PASS\n","OutputType":"frame"}
{"Time":"2026-10-10T02:32:33.660441132Z","Action":"output","Package":"go.temporal.io/server/tools/gomad3/deterministicio","Output":"ok  \tgo.temporal.io/server/tools/gomad3/deterministicio\t0.011s\n"}
{"Time":"2026-10-10T02:32:33.660517298Z","Action":"pass","Package":"go.temporal.io/server/tools/gomad3/deterministicio","Elapsed":0.011}
{"Time":"2026-10-10T02:32:33.71250509Z","Action":"output","Package":"go.temporal.io/server/tools/gomad3/runner","Test":"TestPreparationDependenciesKeepRealDefaultsAndBootstrapGuard/prepare_only","Output":"--- PASS: TestPreparationDependenciesKeepRealDefaultsAndBootstrapGuard/prepare_only (0.13s)\n","OutputType":"frame"}
{"Time":"2026-10-10T02:32:33.712831215Z","Action":"pass","Package":"go.temporal.io/server/tools/gomad3/runner","Test":"TestPreparationDependenciesKeepRealDefaultsAndBootstrapGuard/prepare_only","Elapsed":0.13}
{"Time":"2026-10-10T02:32:33.71287484Z","Action":"output","Package":"go.temporal.io/server/tools/gomad3/runner","Test":"TestPreparationDependenciesKeepRealDefaultsAndBootstrapGuard","Output":"--- PASS: TestPreparationDependenciesKeepRealDefaultsAndBootstrapGuard (0.21s)\n","OutputType":"frame"}
{"Time":"2026-10-10T02:32:33.71291909Z","Action":"pass","Package":"go.temporal.io/server/tools/gomad3/runner","Test":"TestPreparationDependenciesKeepRealDefaultsAndBootstrapGuard","Elapsed":0.21}
{"Time":"2026-10-10T02:32:33.712950257Z","Action":"run","Package":"go.temporal.io/server/tools/gomad3/runner","Test":"TestWaitForProgressStart"}
{"Time":"2026-10-10T02:32:33.713196882Z","Action":"output","Package":"go.temporal.io/server/tools/gomad3/runner","Test":"TestWaitForProgressStart","Output":"=== RUN   TestWaitForProgressStart\n","OutputType":"frame"}
{"Time":"2026-10-10T02:32:33.713279798Z","Action":"run","Package":"go.temporal.io/server/tools/gomad3/runner","Test":"TestWaitForProgressStart/started"}
{"Time":"2026-10-10T02:32:33.713326215Z","Action":"output","Package":"go.temporal.io/server/tools/gomad3/runner","Test":"TestWaitForProgressStart/started","Output":"=== RUN   TestWaitForProgressStart/started\n","OutputType":"frame"}
{"Time":"2026-10-10T02:32:33.713571548Z","Action":"output","Package":"go.temporal.io/server/tools/gomad3/runner","Test":"TestWaitForProgressStart/started","Output":"--- PASS: TestWaitForProgressStart/started (0.00s)\n","OutputType":"frame"}
{"Time":"2026-10-10T02:32:33.713880173Z","Action":"pass","Package":"go.temporal.io/server/tools/gomad3/runner","Test":"TestWaitForProgressStart/started","Elapsed":0}
{"Time":"2026-10-10T02:32:33.713998257Z","Action":"run","Package":"go.temporal.io/server/tools/gomad3/runner","Test":"TestWaitForProgressStart/nil_completion"}
{"Time":"2026-10-10T02:32:33.714031132Z","Action":"output","Package":"go.temporal.io/server/tools/gomad3/runner","Test":"TestWaitForProgressStart/nil_completion","Output":"=== RUN   TestWaitForProgressStart/nil_completion\n","OutputType":"frame"}
{"Time":"2026-10-10T02:32:33.714084465Z","Action":"output","Package":"go.temporal.io/server/tools/gomad3/runner","Test":"TestWaitForProgressStart/nil_completion","Output":"--- PASS: TestWaitForProgressStart/nil_completion (0.00s)\n","OutputType":"frame"}
{"Time":"2026-10-10T02:32:33.714110423Z","Action":"pass","Package":"go.temporal.io/server/tools/gomad3/runner","Test":"TestWaitForProgressStart/nil_completion","Elapsed":0}
{"Time":"2026-10-10T02:32:33.714133632Z","Action":"run","Package":"go.temporal.io/server/tools/gomad3/runner","Test":"TestWaitForProgressStart/deadline"}
{"Time":"2026-10-10T02:32:33.714740673Z","Action":"output","Package":"go.temporal.io/server/tools/gomad3/runner","Test":"TestWaitForProgressStart/deadline","Output":"=== RUN   TestWaitForProgressStart/deadline\n","OutputType":"frame"}
{"Time":"2026-10-10T02:32:33.715006173Z","Action":"output","Package":"go.temporal.io/server/tools/gomad3/runner","Test":"TestWaitForProgressStart/deadline","Output":"--- PASS: TestWaitForProgressStart/deadline (0.00s)\n","OutputType":"frame"}
{"Time":"2026-10-10T02:32:33.715025882Z","Action":"pass","Package":"go.temporal.io/server/tools/gomad3/runner","Test":"TestWaitForProgressStart/deadline","Elapsed":0}
{"Time":"2026-10-10T02:32:33.715286173Z","Action":"output","Package":"go.temporal.io/server/tools/gomad3/runner","Test":"TestWaitForProgressStart","Output":"--- PASS: TestWaitForProgressStart (0.00s)\n","OutputType":"frame"}
{"Time":"2026-10-10T02:32:33.71579284Z","Action":"pass","Package":"go.temporal.io/server/tools/gomad3/runner","Test":"TestWaitForProgressStart","Elapsed":0}
{"Time":"2026-10-10T02:32:33.715999632Z","Action":"run","Package":"go.temporal.io/server/tools/gomad3/runner","Test":"TestWaitForProgressStartObservesPreparationFailure"}
{"Time":"2026-10-10T02:32:33.716054423Z","Action":"output","Package":"go.temporal.io/server/tools/gomad3/runner","Test":"TestWaitForProgressStartObservesPreparationFailure","Output":"=== RUN   TestWaitForProgressStartObservesPreparationFailure\n","OutputType":"frame"}
{"Time":"2026-10-10T02:32:33.748655465Z","Action":"output","Package":"go.temporal.io/server/tools/gomad3/runner","Test":"TestWaitForProgressStartObservesPreparationFailure","Output":"--- PASS: TestWaitForProgressStartObservesPreparationFailure (0.04s)\n","OutputType":"frame"}
{"Time":"2026-10-10T02:32:33.751716423Z","Action":"pass","Package":"go.temporal.io/server/tools/gomad3/runner","Test":"TestWaitForProgressStartObservesPreparationFailure","Elapsed":0.04}
{"Time":"2026-10-10T02:32:33.751812548Z","Action":"run","Package":"go.temporal.io/server/tools/gomad3/runner","Test":"TestLocalCampaignPreparationShortCircuits"}
{"Time":"2026-10-10T02:32:33.751859215Z","Action":"output","Package":"go.temporal.io/server/tools/gomad3/runner","Test":"TestLocalCampaignPreparationShortCircuits","Output":"=== RUN   TestLocalCampaignPreparationShortCircuits\n","OutputType":"frame"}
{"Time":"2026-10-10T02:32:33.751892423Z","Action":"run","Package":"go.temporal.io/server/tools/gomad3/runner","Test":"TestLocalCampaignPreparationShortCircuits/progress_failure"}
{"Time":"2026-10-10T02:32:33.751915173Z","Action":"output","Package":"go.temporal.io/server/tools/gomad3/runner","Test":"TestLocalCampaignPreparationShortCircuits/progress_failure","Output":"=== RUN   TestLocalCampaignPreparationShortCircuits/progress_failure\n","OutputType":"frame"}
{"Time":"2026-10-10T02:32:33.772445257Z","Action":"output","Package":"go.temporal.io/server/tools/gomad3/runner","Test":"TestLocalCampaignPreparationShortCircuits/progress_failure","Output":"--- PASS: TestLocalCampaignPreparationShortCircuits/progress_failure (0.02s)\n","OutputType":"frame"}
{"Time":"2026-10-10T02:32:33.772735257Z","Action":"pass","Package":"go.temporal.io/server/tools/gomad3/runner","Test":"TestLocalCampaignPreparationShortCircuits/progress_failure","Elapsed":0.02}
{"Time":"2026-10-10T02:32:33.773044257Z","Action":"run","Package":"go.temporal.io/server/tools/gomad3/runner","Test":"TestLocalCampaignPreparationShortCircuits/parent_cancellation"}
{"Time":"2026-10-10T02:32:33.773160757Z","Action":"output","Package":"go.temporal.io/server/tools/gomad3/runner","Test":"TestLocalCampaignPreparationShortCircuits/parent_cancellation","Output":"=== RUN   TestLocalCampaignPreparationShortCircuits/parent_cancellation\n","OutputType":"frame"}
{"Time":"2026-10-10T02:32:33.790863173Z","Action":"output","Package":"go.temporal.io/server/tools/gomad3/runner","Test":"TestLocalCampaignPreparationShortCircuits/parent_cancellation","Output":"--- PASS: TestLocalCampaignPreparationShortCircuits/parent_cancellation (0.02s)\n","OutputType":"frame"}
{"Time":"2026-10-10T02:32:33.791920632Z","Action":"pass","Package":"go.temporal.io/server/tools/gomad3/runner","Test":"TestLocalCampaignPreparationShortCircuits/parent_cancellation","Elapsed":0.02}
{"Time":"2026-10-10T02:32:33.792089173Z","Action":"output","Package":"go.temporal.io/server/tools/gomad3/runner","Test":"TestLocalCampaignPreparationShortCircuits","Output":"--- PASS: TestLocalCampaignPreparationShortCircuits (0.04s)\n","OutputType":"frame"}
{"Time":"2026-10-10T02:32:33.792183173Z","Action":"pass","Package":"go.temporal.io/server/tools/gomad3/runner","Test":"TestLocalCampaignPreparationShortCircuits","Elapsed":0.04}
{"Time":"2026-10-10T02:32:33.79223759Z","Action":"run","Package":"go.temporal.io/server/tools/gomad3/runner","Test":"TestLocalCompletionErrorPrecedence"}
{"Time":"2026-10-10T02:32:33.792274423Z","Action":"output","Package":"go.temporal.io/server/tools/gomad3/runner","Test":"TestLocalCompletionErrorPrecedence","Output":"=== RUN   TestLocalCompletionErrorPrecedence\n","OutputType":"frame"}
{"Time":"2026-10-10T02:32:33.792319298Z","Action":"run","Package":"go.temporal.io/server/tools/gomad3/runner","Test":"TestLocalCompletionErrorPrecedence/cancellation_before_supervision_and_evidence"}
{"Time":"2026-10-10T02:32:33.792348715Z","Action":"output","Package":"go.temporal.io/server/tools/gomad3/runner","Test":"TestLocalCompletionErrorPrecedence/cancellation_before_supervision_and_evidence","Output":"=== RUN   TestLocalCompletionErrorPrecedence/cancellation_before_supervision_and_evidence\n","OutputType":"frame"}
{"Time":"2026-10-10T02:32:33.792379298Z","Action":"output","Package":"go.temporal.io/server/tools/gomad3/runner","Test":"TestLocalCompletionErrorPrecedence/cancellation_before_supervision_and_evidence","Output":"--- PASS: TestLocalCompletionErrorPrecedence/cancellation_before_supervision_and_evidence (0.00s)\n","OutputType":"frame"}
{"Time":"2026-10-10T02:32:33.792514382Z","Action":"pass","Package":"go.temporal.io/server/tools/gomad3/runner","Test":"TestLocalCompletionErrorPrecedence/cancellation_before_supervision_and_evidence","Elapsed":0}
{"Time":"2026-10-10T02:32:33.792542673Z","Action":"run","Package":"go.temporal.io/server/tools/gomad3/runner","Test":"TestLocalCompletionErrorPrecedence/supervision_before_integrity_and_evidence"}
{"Time":"2026-10-10T02:32:33.792557548Z","Action":"output","Package":"go.temporal.io/server/tools/gomad3/runner","Test":"TestLocalCompletionErrorPrecedence/supervision_before_integrity_and_evidence","Output":"=== RUN   TestLocalCompletionErrorPrecedence/supervision_before_integrity_and_evidence\n","OutputType":"frame"}
{"Time":"2026-10-10T02:32:33.792671257Z","Action":"output","Package":"go.temporal.io/server/tools/gomad3/runner","Test":"TestLocalCompletionErrorPrecedence/supervision_before_integrity_and_evidence","Output":"--- PASS: TestLocalCompletionErrorPrecedence/supervision_before_integrity_and_evidence (0.00s)\n","OutputType":"frame"}
{"Time":"2026-10-10T02:32:33.79268284Z","Action":"pass","Package":"go.temporal.io/server/tools/gomad3/runner","Test":"TestLocalCompletionErrorPrecedence/supervision_before_integrity_and_evidence","Elapsed":0}
{"Time":"2026-10-10T02:32:33.792716257Z","Action":"run","Package":"go.temporal.io/server/tools/gomad3/runner","Test":"TestLocalCompletionErrorPrecedence/integrity_before_World_evidence"}
{"Time":"2026-10-10T02:32:33.792759007Z","Action":"output","Package":"go.temporal.io/server/tools/gomad3/runner","Test":"TestLocalCompletionErrorPrecedence/integrity_before_World_evidence","Output":"=== RUN   TestLocalCompletionErrorPrecedence/integrity_before_World_evidence\n","OutputType":"frame"}
{"Time":"2026-10-10T02:32:33.792794965Z","Action":"output","Package":"go.temporal.io/server/tools/gomad3/runner","Test":"TestLocalCompletionErrorPrecedence/integrity_before_World_evidence","Output":"--- PASS: TestLocalCompletionErrorPrecedence/integrity_before_World_evidence (0.00s)\n","OutputType":"frame"}
{"Time":"2026-10-10T02:32:33.792806923Z","Action":"pass","Package":"go.temporal.io/server/tools/gomad3/runner","Test":"TestLocalCompletionErrorPrecedence/integrity_before_World_evidence","Elapsed":0}
{"Time":"2026-10-10T02:32:33.792817757Z","Action":"run","Package":"go.temporal.io/server/tools/gomad3/runner","Test":"TestLocalCompletionErrorPrecedence/World_evidence_before_watchdog_outcome"}
{"Time":"2026-10-10T02:32:33.792829507Z","Action":"output","Package":"go.temporal.io/server/tools/gomad3/runner","Test":"TestLocalCompletionErrorPrecedence/World_evidence_before_watchdog_outcome","Output":"=== RUN   TestLocalCompletionErrorPrecedence/World_evidence_before_watchdog_outcome\n","OutputType":"frame"}
{"Time":"2026-10-10T02:32:33.805757048Z","Action":"output","Package":"go.temporal.io/server/tools/gomad3/runner","Test":"TestLocalCompletionErrorPrecedence/World_evidence_before_watchdog_outcome","Output":"--- PASS: TestLocalCompletionErrorPrecedence/World_evidence_before_watchdog_outcome (0.01s)\n","OutputType":"frame"}
{"Time":"2026-10-10T02:32:33.805979965Z","Action":"pass","Package":"go.temporal.io/server/tools/gomad3/runner","Test":"TestLocalCompletionErrorPrecedence/World_evidence_before_watchdog_outcome","Elapsed":0.01}
{"Time":"2026-10-10T02:32:33.806045173Z","Action":"output","Package":"go.temporal.io/server/tools/gomad3/runner","Test":"TestLocalCompletionErrorPrecedence","Output":"--- PASS: TestLocalCompletionErrorPrecedence (0.01s)\n","OutputType":"frame"}
{"Time":"2026-10-10T02:32:33.806168798Z","Action":"pass","Package":"go.temporal.io/server/tools/gomad3/runner","Test":"TestLocalCompletionErrorPrecedence","Elapsed":0.01}
{"Time":"2026-10-10T02:32:33.806514215Z","Action":"run","Package":"go.temporal.io/server/tools/gomad3/runner","Test":"TestLocalFinalizationPreservesHostFailureBeforePublication"}
{"Time":"2026-10-10T02:32:33.806651132Z","Action":"output","Package":"go.temporal.io/server/tools/gomad3/runner","Test":"TestLocalFinalizationPreservesHostFailureBeforePublication","Output":"=== RUN   TestLocalFinalizationPreservesHostFailureBeforePublication\n","OutputType":"frame"}
{"Time":"2026-10-10T02:32:33.806717923Z","Action":"run","Package":"go.temporal.io/server/tools/gomad3/runner","Test":"TestLocalFinalizationPreservesHostFailureBeforePublication/prior_failure=false"}
{"Time":"2026-10-10T02:32:33.806736257Z","Action":"output","Package":"go.temporal.io/server/tools/gomad3/runner","Test":"TestLocalFinalizationPreservesHostFailureBeforePublication/prior_failure=false","Output":"=== RUN   TestLocalFinalizationPreservesHostFailureBeforePublication/prior_failure=false\n","OutputType":"frame"}
{"Time":"2026-10-10T02:32:33.806749173Z","Action":"output","Package":"go.temporal.io/server/tools/gomad3/runner","Test":"TestLocalFinalizationPreservesHostFailureBeforePublication/prior_failure=false","Output":"--- PASS: TestLocalFinalizationPreservesHostFailureBeforePublication/prior_failure=false (0.00s)\n","OutputType":"frame"}
{"Time":"2026-10-10T02:32:33.806762215Z","Action":"pass","Package":"go.temporal.io/server/tools/gomad3/runner","Test":"TestLocalFinalizationPreservesHostFailureBeforePublication/prior_failure=false","Elapsed":0}
{"Time":"2026-10-10T02:32:33.806836132Z","Action":"run","Package":"go.temporal.io/server/tools/gomad3/runner","Test":"TestLocalFinalizationPreservesHostFailureBeforePublication/prior_failure=true"}
{"Time":"2026-10-10T02:32:33.80686534Z","Action":"output","Package":"go.temporal.io/server/tools/gomad3/runner","Test":"TestLocalFinalizationPreservesHostFailureBeforePublication/prior_failure=true","Output":"=== RUN   TestLocalFinalizationPreservesHostFailureBeforePublication/prior_failure=true\n","OutputType":"frame"}
{"Time":"2026-10-10T02:32:33.806924173Z","Action":"output","Package":"go.temporal.io/server/tools/gomad3/runner","Test":"TestLocalFinalizationPreservesHostFailureBeforePublication/prior_failure=true","Output":"--- PASS: TestLocalFinalizationPreservesHostFailureBeforePublication/prior_failure=true (0.00s)\n","OutputType":"frame"}
{"Time":"2026-10-10T02:32:33.806982882Z","Action":"pass","Package":"go.temporal.io/server/tools/gomad3/runner","Test":"TestLocalFinalizationPreservesHostFailureBeforePublication/prior_failure=true","Elapsed":0}
{"Time":"2026-10-10T02:32:33.807017465Z","Action":"output","Package":"go.temporal.io/server/tools/gomad3/runner","Test":"TestLocalFinalizationPreservesHostFailureBeforePublication","Output":"--- PASS: TestLocalFinalizationPreservesHostFailureBeforePublication (0.00s)\n","OutputType":"frame"}
{"Time":"2026-10-10T02:32:33.807070298Z","Action":"pass","Package":"go.temporal.io/server/tools/gomad3/runner","Test":"TestLocalFinalizationPreservesHostFailureBeforePublication","Elapsed":0}
{"Time":"2026-10-10T02:32:33.807141007Z","Action":"run","Package":"go.temporal.io/server/tools/gomad3/runner","Test":"TestLocalFinalizationClassifiesPublicationFailure"}
{"Time":"2026-10-10T02:32:33.807202632Z","Action":"output","Package":"go.temporal.io/server/tools/gomad3/runner","Test":"TestLocalFinalizationClassifiesPublicationFailure","Output":"=== RUN   TestLocalFinalizationClassifiesPublicationFailure\n","OutputType":"frame"}
{"Time":"2026-10-10T02:32:33.820292673Z","Action":"output","Package":"go.temporal.io/server/tools/gomad3/runner","Test":"TestLocalFinalizationClassifiesPublicationFailure","Output":"--- PASS: TestLocalFinalizationClassifiesPublicationFailure (0.01s)\n","OutputType":"frame"}
{"Time":"2026-10-10T02:32:33.820468882Z","Action":"pass","Package":"go.temporal.io/server/tools/gomad3/runner","Test":"TestLocalFinalizationClassifiesPublicationFailure","Elapsed":0.01}
{"Time":"2026-10-10T02:32:33.820546465Z","Action":"run","Package":"go.temporal.io/server/tools/gomad3/runner","Test":"TestLocalStoppedCancellationPreservesPriorFailure"}
{"Time":"2026-10-10T02:32:33.82058434Z","Action":"output","Package":"go.temporal.io/server/tools/gomad3/runner","Test":"TestLocalStoppedCancellationPreservesPriorFailure","Output":"=== RUN   TestLocalStoppedCancellationPreservesPriorFailure\n","OutputType":"frame"}
{"Time":"2026-10-10T02:32:33.83336609Z","Action":"output","Package":"go.temporal.io/server/tools/gomad3/runner","Test":"TestLocalStoppedCancellationPreservesPriorFailure","Output":"--- PASS: TestLocalStoppedCancellationPreservesPriorFailure (0.01s)\n","OutputType":"frame"}
{"Time":"2026-10-10T02:32:33.833863423Z","Action":"pass","Package":"go.temporal.io/server/tools/gomad3/runner","Test":"TestLocalStoppedCancellationPreservesPriorFailure","Elapsed":0.01}
{"Time":"2026-10-10T02:32:33.834432257Z","Action":"run","Package":"go.temporal.io/server/tools/gomad3/runner","Test":"TestRunPreparesOnceBoundsParallelismAndGroupsMatchingFailures"}
{"Time":"2026-10-10T02:32:33.834563132Z","Action":"output","Package":"go.temporal.io/server/tools/gomad3/runner","Test":"TestRunPreparesOnceBoundsParallelismAndGroupsMatchingFailures","Output":"=== RUN   TestRunPreparesOnceBoundsParallelismAndGroupsMatchingFailures\n","OutputType":"frame"}
{"Time":"2026-10-10T02:32:34.420017299Z","Action":"output","Package":"go.temporal.io/server/tools/gomad3/runner","Test":"TestRunPreparesOnceBoundsParallelismAndGroupsMatchingFailures","Output":"--- PASS: TestRunPreparesOnceBoundsParallelismAndGroupsMatchingFailures (0.59s)\n","OutputType":"frame"}
{"Time":"2026-10-10T02:32:34.42016784Z","Action":"pass","Package":"go.temporal.io/server/tools/gomad3/runner","Test":"TestRunPreparesOnceBoundsParallelismAndGroupsMatchingFailures","Elapsed":0.59}
{"Time":"2026-10-10T02:32:34.420208549Z","Action":"run","Package":"go.temporal.io/server/tools/gomad3/runner","Test":"TestRunReportsPreparationProgressAndCompletedCounts"}
{"Time":"2026-10-10T02:32:34.420229757Z","Action":"output","Package":"go.temporal.io/server/tools/gomad3/runner","Test":"TestRunReportsPreparationProgressAndCompletedCounts","Output":"=== RUN   TestRunReportsPreparationProgressAndCompletedCounts\n","OutputType":"frame"}
{"Time":"2026-10-10T02:32:34.649350757Z","Action":"output","Package":"go.temporal.io/server/tools/gomad3/runner","Test":"TestRunReportsPreparationProgressAndCompletedCounts","Output":"--- PASS: TestRunReportsPreparationProgressAndCompletedCounts (0.23s)\n","OutputType":"frame"}
{"Time":"2026-10-10T02:32:34.649463924Z","Action":"pass","Package":"go.temporal.io/server/tools/gomad3/runner","Test":"TestRunReportsPreparationProgressAndCompletedCounts","Elapsed":0.23}
{"Time":"2026-10-10T02:32:34.649521507Z","Action":"run","Package":"go.temporal.io/server/tools/gomad3/runner","Test":"TestRunReportsPeriodicProgressWhileTargetIsRunning"}
{"Time":"2026-10-10T02:32:34.649557382Z","Action":"output","Package":"go.temporal.io/server/tools/gomad3/runner","Test":"TestRunReportsPeriodicProgressWhileTargetIsRunning","Output":"=== RUN   TestRunReportsPeriodicProgressWhileTargetIsRunning\n","OutputType":"frame"}
{"Time":"2026-10-10T02:32:34.722086341Z","Action":"output","Package":"go.temporal.io/server/tools/gomad3/runner","Test":"TestRunReportsPeriodicProgressWhileTargetIsRunning","Output":"--- PASS: TestRunReportsPeriodicProgressWhileTargetIsRunning (0.07s)\n","OutputType":"frame"}
{"Time":"2026-10-10T02:32:34.722182299Z","Action":"pass","Package":"go.temporal.io/server/tools/gomad3/runner","Test":"TestRunReportsPeriodicProgressWhileTargetIsRunning","Elapsed":0.07}
{"Time":"2026-10-10T02:32:34.722386466Z","Action":"run","Package":"go.temporal.io/server/tools/gomad3/runner","Test":"TestRunReportsPassiveSemanticCoverage"}
{"Time":"2026-10-10T02:32:34.722684174Z","Action":"output","Package":"go.temporal.io/server/tools/gomad3/runner","Test":"TestRunReportsPassiveSemanticCoverage","Output":"=== RUN   TestRunReportsPassiveSemanticCoverage\n","OutputType":"frame"}
{"Time":"2026-10-10T02:32:34.792759257Z","Action":"output","Package":"go.temporal.io/server/tools/gomad3/runner","Test":"TestRunReportsPassiveSemanticCoverage","Output":"--- PASS: TestRunReportsPassiveSemanticCoverage (0.07s)\n","OutputType":"frame"}
{"Time":"2026-10-10T02:32:34.792967632Z","Action":"pass","Package":"go.temporal.io/server/tools/gomad3/runner","Test":"TestRunReportsPassiveSemanticCoverage","Elapsed":0.07}
{"Time":"2026-10-10T02:32:34.793038799Z","Action":"run","Package":"go.temporal.io/server/tools/gomad3/runner","Test":"TestRunFailsWhenRequiredSemanticProbeIsMissing"}
{"Time":"2026-10-10T02:32:34.793060549Z","Action":"output","Package":"go.temporal.io/server/tools/gomad3/runner","Test":"TestRunFailsWhenRequiredSemanticProbeIsMissing","Output":"=== RUN   TestRunFailsWhenRequiredSemanticProbeIsMissing\n","OutputType":"frame"}
{"Time":"2026-10-10T02:32:34.852269466Z","Action":"output","Package":"go.temporal.io/server/tools/gomad3/runner","Test":"TestRunFailsWhenRequiredSemanticProbeIsMissing","Output":"--- PASS: TestRunFailsWhenRequiredSemanticProbeIsMissing (0.06s)\n","OutputType":"frame"}
{"Time":"2026-10-10T02:32:34.852573049Z","Action":"pass","Package":"go.temporal.io/server/tools/gomad3/runner","Test":"TestRunFailsWhenRequiredSemanticProbeIsMissing","Elapsed":0.06}
{"Time":"2026-10-10T02:32:34.852614049Z","Action":"run","Package":"go.temporal.io/server/tools/gomad3/runner","Test":"TestRunRetainsOnlyProbeNovelSuccessesWithinExplicitBounds"}
{"Time":"2026-10-10T02:32:34.852746007Z","Action":"output","Package":"go.temporal.io/server/tools/gomad3/runner","Test":"TestRunRetainsOnlyProbeNovelSuccessesWithinExplicitBounds","Output":"=== RUN   TestRunRetainsOnlyProbeNovelSuccessesWithinExplicitBounds\n","OutputType":"frame"}
{"Time":"2026-10-10T02:32:35.262381174Z","Action":"output","Package":"go.temporal.io/server/tools/gomad3/runner","Test":"TestRunRetainsOnlyProbeNovelSuccessesWithinExplicitBounds","Output":"--- PASS: TestRunRetainsOnlyProbeNovelSuccessesWithinExplicitBounds (0.41s)\n","OutputType":"frame"}
{"Time":"2026-10-10T02:32:35.262490049Z","Action":"pass","Package":"go.temporal.io/server/tools/gomad3/runner","Test":"TestRunRetainsOnlyProbeNovelSuccessesWithinExplicitBounds","Elapsed":0.41}
{"Time":"2026-10-10T02:32:35.262543174Z","Action":"run","Package":"go.temporal.io/server/tools/gomad3/runner","Test":"TestRunRetainsOnlyChoiceNovelSuccessesAndRecordsTheirFeatures"}
{"Time":"2026-10-10T02:32:35.262572424Z","Action":"output","Package":"go.temporal.io/server/tools/gomad3/runner","Test":"TestRunRetainsOnlyChoiceNovelSuccessesAndRecordsTheirFeatures","Output":"=== RUN   TestRunRetainsOnlyChoiceNovelSuccessesAndRecordsTheirFeatures\n","OutputType":"frame"}
{"Time":"2026-10-10T02:32:35.684035341Z","Action":"output","Package":"go.temporal.io/server/tools/gomad3/runner","Test":"TestRunRetainsOnlyChoiceNovelSuccessesAndRecordsTheirFeatures","Output":"--- PASS: TestRunRetainsOnlyChoiceNovelSuccessesAndRecordsTheirFeatures (0.42s)\n","OutputType":"frame"}
{"Time":"2026-10-10T02:32:35.684366549Z","Action":"pass","Package":"go.temporal.io/server/tools/gomad3/runner","Test":"TestRunRetainsOnlyChoiceNovelSuccessesAndRecordsTheirFeatures","Elapsed":0.42}
{"Time":"2026-10-10T02:32:35.684513424Z","Action":"run","Package":"go.temporal.io/server/tools/gomad3/runner","Test":"TestRunMergesParallelCompletionsInSelectionOrdinalOrder"}
{"Time":"2026-10-10T02:32:35.684555008Z","Action":"output","Package":"go.temporal.io/server/tools/gomad3/runner","Test":"TestRunMergesParallelCompletionsInSelectionOrdinalOrder","Output":"=== RUN   TestRunMergesParallelCompletionsInSelectionOrdinalOrder\n","OutputType":"frame"}
{"Time":"2026-10-10T02:32:36.10676355Z","Action":"output","Package":"go.temporal.io/server/tools/gomad3/runner","Test":"TestRunMergesParallelCompletionsInSelectionOrdinalOrder","Output":"--- PASS: TestRunMergesParallelCompletionsInSelectionOrdinalOrder (0.42s)\n","OutputType":"frame"}
{"Time":"2026-10-10T02:32:36.107060508Z","Action":"pass","Package":"go.temporal.io/server/tools/gomad3/runner","Test":"TestRunMergesParallelCompletionsInSelectionOrdinalOrder","Elapsed":0.42}
{"Time":"2026-10-10T02:32:36.10731155Z","Action":"run","Package":"go.temporal.io/server/tools/gomad3/runner","Test":"TestRunFailsClosedWhenSuccessRetentionCountIsExhausted"}
{"Time":"2026-10-10T02:32:36.107343841Z","Action":"output","Package":"go.temporal.io/server/tools/gomad3/runner","Test":"TestRunFailsClosedWhenSuccessRetentionCountIsExhausted","Output":"=== RUN   TestRunFailsClosedWhenSuccessRetentionCountIsExhausted\n","OutputType":"frame"}
{"Time":"2026-10-10T02:32:36.348395675Z","Action":"output","Package":"go.temporal.io/server/tools/gomad3/runner","Test":"TestRunFailsClosedWhenSuccessRetentionCountIsExhausted","Output":"--- PASS: TestRunFailsClosedWhenSuccessRetentionCountIsExhausted (0.24s)\n","OutputType":"frame"}
{"Time":"2026-10-10T02:32:36.348535883Z","Action":"pass","Package":"go.temporal.io/server/tools/gomad3/runner","Test":"TestRunFailsClosedWhenSuccessRetentionCountIsExhausted","Elapsed":0.24}
{"Time":"2026-10-10T02:32:36.348578675Z","Action":"run","Package":"go.temporal.io/server/tools/gomad3/runner","Test":"TestRunRejectsSuccessfulRetentionWithoutReplayTranscript"}
{"Time":"2026-10-10T02:32:36.348600175Z","Action":"output","Package":"go.temporal.io/server/tools/gomad3/runner","Test":"TestRunRejectsSuccessfulRetentionWithoutReplayTranscript","Output":"=== RUN   TestRunRejectsSuccessfulRetentionWithoutReplayTranscript\n","OutputType":"frame"}
{"Time":"2026-10-10T02:32:36.4157713Z","Action":"output","Package":"go.temporal.io/server/tools/gomad3/runner","Test":"TestRunRejectsSuccessfulRetentionWithoutReplayTranscript","Output":"--- PASS: TestRunRejectsSuccessfulRetentionWithoutReplayTranscript (0.07s)\n","OutputType":"frame"}
{"Time":"2026-10-10T02:32:36.415946508Z","Action":"pass","Package":"go.temporal.io/server/tools/gomad3/runner","Test":"TestRunRejectsSuccessfulRetentionWithoutReplayTranscript","Elapsed":0.07}
{"Time":"2026-10-10T02:32:36.416022508Z","Action":"run","Package":"go.temporal.io/server/tools/gomad3/runner","Test":"TestRunCollectsBoundedQualificationEvidenceForOneSeed"}
{"Time":"2026-10-10T02:32:36.416071508Z","Action":"output","Package":"go.temporal.io/server/tools/gomad3/runner","Test":"TestRunCollectsBoundedQualificationEvidenceForOneSeed","Output":"=== RUN   TestRunCollectsBoundedQualificationEvidenceForOneSeed\n","OutputType":"frame"}
{"Time":"2026-10-10T02:32:36.518933675Z","Action":"output","Package":"go.temporal.io/server/tools/gomad3/runner","Test":"TestRunCollectsBoundedQualificationEvidenceForOneSeed","Output":"--- PASS: TestRunCollectsBoundedQualificationEvidenceForOneSeed (0.10s)\n","OutputType":"frame"}
{"Time":"2026-10-10T02:32:36.519759175Z","Action":"pass","Package":"go.temporal.io/server/tools/gomad3/runner","Test":"TestRunCollectsBoundedQualificationEvidenceForOneSeed","Elapsed":0.1}
{"Time":"2026-10-10T02:32:36.520433633Z","Action":"run","Package":"go.temporal.io/server/tools/gomad3/runner","Test":"TestRunPublishesConnectedWorldBundle"}
{"Time":"2026-10-10T02:32:36.5208223Z","Action":"output","Package":"go.temporal.io/server/tools/gomad3/runner","Test":"TestRunPublishesConnectedWorldBundle","Output":"=== RUN   TestRunPublishesConnectedWorldBundle\n","OutputType":"frame"}
{"Time":"2026-10-10T02:32:36.729601258Z","Action":"output","Package":"go.temporal.io/server/tools/gomad3/runner","Test":"TestRunPublishesConnectedWorldBundle","Output":"--- PASS: TestRunPublishesConnectedWorldBundle (0.21s)\n","OutputType":"frame"}
{"Time":"2026-10-10T02:32:36.729739175Z","Action":"pass","Package":"go.temporal.io/server/tools/gomad3/runner","Test":"TestRunPublishesConnectedWorldBundle","Elapsed":0.21}
{"Time":"2026-10-10T02:32:36.729953508Z","Action":"run","Package":"go.temporal.io/server/tools/gomad3/runner","Test":"TestRunClassifiesConnectedWorldDeadlock"}
{"Time":"2026-10-10T02:32:36.730047008Z","Action":"output","Package":"go.temporal.io/server/tools/gomad3/runner","Test":"TestRunClassifiesConnectedWorldDeadlock","Output":"=== RUN   TestRunClassifiesConnectedWorldDeadlock\n","OutputType":"frame"}
{"Time":"2026-10-10T02:32:36.952678508Z","Action":"output","Package":"go.temporal.io/server/tools/gomad3/runner","Test":"TestRunClassifiesConnectedWorldDeadlock","Output":"--- PASS: TestRunClassifiesConnectedWorldDeadlock (0.22s)\n","OutputType":"frame"}
{"Time":"2026-10-10T02:32:36.953259342Z","Action":"pass","Package":"go.temporal.io/server/tools/gomad3/runner","Test":"TestRunClassifiesConnectedWorldDeadlock","Elapsed":0.22}
{"Time":"2026-10-10T02:32:36.953481592Z","Action":"run","Package":"go.temporal.io/server/tools/gomad3/runner","Test":"TestRunCountsConnectedWorldReplayDivergence"}
{"Time":"2026-10-10T02:32:36.9535438Z","Action":"output","Package":"go.temporal.io/server/tools/gomad3/runner","Test":"TestRunCountsConnectedWorldReplayDivergence","Output":"=== RUN   TestRunCountsConnectedWorldReplayDivergence\n","OutputType":"frame"}
{"Time":"2026-10-10T02:32:37.154194508Z","Action":"output","Package":"go.temporal.io/server/tools/gomad3/runner","Test":"TestRunCountsConnectedWorldReplayDivergence","Output":"--- PASS: TestRunCountsConnectedWorldReplayDivergence (0.20s)\n","OutputType":"frame"}
{"Time":"2026-10-10T02:32:37.1543143Z","Action":"pass","Package":"go.temporal.io/server/tools/gomad3/runner","Test":"TestRunCountsConnectedWorldReplayDivergence","Elapsed":0.2}
{"Time":"2026-10-10T02:32:37.154499258Z","Action":"run","Package":"go.temporal.io/server/tools/gomad3/runner","Test":"TestRunRejectsInvalidConnectedWorldBeforePublication"}
{"Time":"2026-10-10T02:32:37.15454405Z","Action":"output","Package":"go.temporal.io/server/tools/gomad3/runner","Test":"TestRunRejectsInvalidConnectedWorldBeforePublication","Output":"=== RUN   TestRunRejectsInvalidConnectedWorldBeforePublication\n","OutputType":"frame"}
{"Time":"2026-10-10T02:32:37.3828718Z","Action":"output","Package":"go.temporal.io/server/tools/gomad3/runner","Test":"TestRunRejectsInvalidConnectedWorldBeforePublication","Output":"--- PASS: TestRunRejectsInvalidConnectedWorldBeforePublication (0.23s)\n","OutputType":"frame"}
{"Time":"2026-10-10T02:32:37.383047342Z","Action":"pass","Package":"go.temporal.io/server/tools/gomad3/runner","Test":"TestRunRejectsInvalidConnectedWorldBeforePublication","Elapsed":0.23}
{"Time":"2026-10-10T02:32:37.38309955Z","Action":"run","Package":"go.temporal.io/server/tools/gomad3/runner","Test":"TestRunRejectsPreparedTargetMutationBeforeFailurePublication"}
{"Time":"2026-10-10T02:32:37.383183508Z","Action":"output","Package":"go.temporal.io/server/tools/gomad3/runner","Test":"TestRunRejectsPreparedTargetMutationBeforeFailurePublication","Output":"=== RUN   TestRunRejectsPreparedTargetMutationBeforeFailurePublication\n","OutputType":"frame"}
{"Time":"2026-10-10T02:32:37.455009425Z","Action":"output","Package":"go.temporal.io/server/tools/gomad3/runner","Test":"TestRunRejectsPreparedTargetMutationBeforeFailurePublication","Output":"--- PASS: TestRunRejectsPreparedTargetMutationBeforeFailurePublication (0.07s)\n","OutputType":"frame"}
{"Time":"2026-10-10T02:32:37.455112425Z","Action":"pass","Package":"go.temporal.io/server/tools/gomad3/runner","Test":"TestRunRejectsPreparedTargetMutationBeforeFailurePublication","Elapsed":0.07}
{"Time":"2026-10-10T02:32:37.455156342Z","Action":"run","Package":"go.temporal.io/server/tools/gomad3/runner","Test":"TestRunChoiceExplorationExecutesRootAndEveryNonSelectedRank"}
{"Time":"2026-10-10T02:32:37.455202759Z","Action":"output","Package":"go.temporal.io/server/tools/gomad3/runner","Test":"TestRunChoiceExplorationExecutesRootAndEveryNonSelectedRank","Output":"=== RUN   TestRunChoiceExplorationExecutesRootAndEveryNonSelectedRank\n","OutputType":"frame"}
{"Time":"2026-10-10T02:32:37.79176355Z","Action":"output","Package":"go.temporal.io/server/tools/gomad3/runner","Test":"TestRunChoiceExplorationExecutesRootAndEveryNonSelectedRank","Output":"--- PASS: TestRunChoiceExplorationExecutesRootAndEveryNonSelectedRank (0.34s)\n","OutputType":"frame"}
{"Time":"2026-10-10T02:32:37.792422717Z","Action":"pass","Package":"go.temporal.io/server/tools/gomad3/runner","Test":"TestRunChoiceExplorationExecutesRootAndEveryNonSelectedRank","Elapsed":0.34}
{"Time":"2026-10-10T02:32:37.792590509Z","Action":"run","Package":"go.temporal.io/server/tools/gomad3/runner","Test":"TestRunChoiceExplorationDivergingPrefixRetainsCompletedRound"}
{"Time":"2026-10-10T02:32:37.792862842Z","Action":"output","Package":"go.temporal.io/server/tools/gomad3/runner","Test":"TestRunChoiceExplorationDivergingPrefixRetainsCompletedRound","Output":"=== RUN   TestRunChoiceExplorationDivergingPrefixRetainsCompletedRound\n","OutputType":"frame"}
{"Time":"2026-10-10T02:32:38.210175842Z","Action":"output","Package":"go.temporal.io/server/tools/gomad3/runner","Test":"TestRunChoiceExplorationDivergingPrefixRetainsCompletedRound","Output":"--- PASS: TestRunChoiceExplorationDivergingPrefixRetainsCompletedRound (0.42s)\n","OutputType":"frame"}
{"Time":"2026-10-10T02:32:38.211553676Z","Action":"pass","Package":"go.temporal.io/server/tools/gomad3/runner","Test":"TestRunChoiceExplorationDivergingPrefixRetainsCompletedRound","Elapsed":0.42}
{"Time":"2026-10-10T02:32:38.211634634Z","Action":"run","Package":"go.temporal.io/server/tools/gomad3/runner","Test":"TestRunChoiceExplorationExpandsCompleteTargetFailures"}
{"Time":"2026-10-10T02:32:38.211676801Z","Action":"output","Package":"go.temporal.io/server/tools/gomad3/runner","Test":"TestRunChoiceExplorationExpandsCompleteTargetFailures","Output":"=== RUN   TestRunChoiceExplorationExpandsCompleteTargetFailures\n","OutputType":"frame"}
{"Time":"2026-10-10T02:32:38.913497718Z","Action":"output","Package":"go.temporal.io/server/tools/gomad3/runner","Test":"TestRunChoiceExplorationExpandsCompleteTargetFailures","Output":"--- PASS: TestRunChoiceExplorationExpandsCompleteTargetFailures (0.70s)\n","OutputType":"frame"}
{"Time":"2026-10-10T02:32:38.913827968Z","Action":"pass","Package":"go.temporal.io/server/tools/gomad3/runner","Test":"TestRunChoiceExplorationExpandsCompleteTargetFailures","Elapsed":0.7}
{"Time":"2026-10-10T02:32:38.918328759Z","Action":"run","Package":"go.temporal.io/server/tools/gomad3/runner","Test":"TestRunPreparationFailureLeavesClassifiedPartial"}
{"Time":"2026-10-10T02:32:38.918457426Z","Action":"output","Package":"go.temporal.io/server/tools/gomad3/runner","Test":"TestRunPreparationFailureLeavesClassifiedPartial","Output":"=== RUN   TestRunPreparationFailureLeavesClassifiedPartial\n","OutputType":"frame"}
{"Time":"2026-10-10T02:32:38.918573093Z","Action":"run","Package":"go.temporal.io/server/tools/gomad3/runner","Test":"TestRunPreparationFailureLeavesClassifiedPartial/build_failure"}
{"Time":"2026-10-10T02:32:38.918742009Z","Action":"output","Package":"go.temporal.io/server/tools/gomad3/runner","Test":"TestRunPreparationFailureLeavesClassifiedPartial/build_failure","Output":"=== RUN   TestRunPreparationFailureLeavesClassifiedPartial/build_failure\n","OutputType":"frame"}
{"Time":"2026-10-10T02:32:38.944605343Z","Action":"output","Package":"go.temporal.io/server/tools/gomad3/runner","Test":"TestRunPreparationFailureLeavesClassifiedPartial/build_failure","Output":"--- PASS: TestRunPreparationFailureLeavesClassifiedPartial/build_failure (0.03s)\n","OutputType":"frame"}
{"Time":"2026-10-10T02:32:38.945130843Z","Action":"pass","Package":"go.temporal.io/server/tools/gomad3/runner","Test":"TestRunPreparationFailureLeavesClassifiedPartial/build_failure","Elapsed":0.03}
{"Time":"2026-10-10T02:32:38.945247759Z","Action":"run","Package":"go.temporal.io/server/tools/gomad3/runner","Test":"TestRunPreparationFailureLeavesClassifiedPartial/cancelled"}
{"Time":"2026-10-10T02:32:38.945329593Z","Action":"output","Package":"go.temporal.io/server/tools/gomad3/runner","Test":"TestRunPreparationFailureLeavesClassifiedPartial/cancelled","Output":"=== RUN   TestRunPreparationFailureLeavesClassifiedPartial/cancelled\n","OutputType":"frame"}
{"Time":"2026-10-10T02:32:38.964415384Z","Action":"output","Package":"go.temporal.io/server/tools/gomad3/runner","Test":"TestRunPreparationFailureLeavesClassifiedPartial/cancelled","Output":"--- PASS: TestRunPreparationFailureLeavesClassifiedPartial/cancelled (0.02s)\n","OutputType":"frame"}
{"Time":"2026-10-10T02:32:38.964492634Z","Action":"pass","Package":"go.temporal.io/server/tools/gomad3/runner","Test":"TestRunPreparationFailureLeavesClassifiedPartial/cancelled","Elapsed":0.02}
{"Time":"2026-10-10T02:32:38.964537093Z","Action":"run","Package":"go.temporal.io/server/tools/gomad3/runner","Test":"TestRunPreparationFailureLeavesClassifiedPartial/overall_timeout"}
{"Time":"2026-10-10T02:32:38.964579926Z","Action":"output","Package":"go.temporal.io/server/tools/gomad3/runner","Test":"TestRunPreparationFailureLeavesClassifiedPartial/overall_timeout","Output":"=== RUN   TestRunPreparationFailureLeavesClassifiedPartial/overall_timeout\n","OutputType":"frame"}
{"Time":"2026-10-10T02:32:38.981927134Z","Action":"output","Package":"go.temporal.io/server/tools/gomad3/runner","Test":"TestRunPreparationFailureLeavesClassifiedPartial/overall_timeout","Output":"--- PASS: TestRunPreparationFailureLeavesClassifiedPartial/overall_timeout (0.02s)\n","OutputType":"frame"}
{"Time":"2026-10-10T02:32:38.982137343Z","Action":"pass","Package":"go.temporal.io/server/tools/gomad3/runner","Test":"TestRunPreparationFailureLeavesClassifiedPartial/overall_timeout","Elapsed":0.02}
{"Time":"2026-10-10T02:32:38.982276093Z","Action":"output","Package":"go.temporal.io/server/tools/gomad3/runner","Test":"TestRunPreparationFailureLeavesClassifiedPartial","Output":"--- PASS: TestRunPreparationFailureLeavesClassifiedPartial (0.07s)\n","OutputType":"frame"}
{"Time":"2026-10-10T02:32:38.982392343Z","Action":"pass","Package":"go.temporal.io/server/tools/gomad3/runner","Test":"TestRunPreparationFailureLeavesClassifiedPartial","Elapsed":0.07}
{"Time":"2026-10-10T02:32:38.982586259Z","Action":"output","Package":"go.temporal.io/server/tools/gomad3/runner","Output":"PASS\n","OutputType":"frame"}
{"Time":"2026-10-10T02:32:38.983116468Z","Action":"output","Package":"go.temporal.io/server/tools/gomad3/runner","Output":"ok  \tgo.temporal.io/server/tools/gomad3/runner\t6.030s\n"}
{"Time":"2026-10-10T02:32:38.983194634Z","Action":"pass","Package":"go.temporal.io/server/tools/gomad3/runner","Elapsed":6.036}
