Lint module tools/gomad3: 55 host packages
make[1]: Entering directory '/Users/stephan/Workspace/skunkworks/.gomad-scripted-and-spin-corrections.gFiXmTVr/spins'
[1;36mLinting code...[0m
level=info msg="golangci-lint has version 2.13.0 built with go1.27.1 from (unknown, modified: ?, mod sum: \"h1:n/YR8sCuTAfjwKLHOU0q63X2e4tObi1PCNOz+HXJ3cE=\") on (unknown)"
level=info msg="[config_reader] Used config file ../../.github/.golangci.yml"
level=info msg="[config_reader] Module name \"go.temporal.io/server/tools/gomad3\""
level=info msg="[goenv] Read go env for 2.823166ms: map[string]string{\"GOCACHE\":\"/Users/stephan/Workspace/skunkworks/.gomad-fn10963-admission.Ho6KcW4t/go-cache\", \"GOROOT\":\"/home/agent/go/pkg/mod/golang.org/toolchain@v0.0.1-go1.27.1.linux-arm64\"}"
level=info msg="[lintersdb] Active 13 linters: [depguard errcheck exhaustive forbidigo gci godox goimports govet importas iotamixing revive staticcheck testifylint]"
level=info msg="[loader] Using build tags: [test_dep]"
level=info msg="[loader] Go packages loading at mode 8767 (files|name|types_sizes|compiled_files|imports|deps|exports_file) took 4.953798086s"
level=info msg="[runner/filename_unadjuster] Pre-built 0 adjustments in 147.958208ms"
level=info msg="[linters_context/goanalysis] analyzers took 1m59.526890936s with top 10 stages: revive: 40.361879802s, goimports: 18.976657254s, gci: 6.505832504s, buildir: 5.338960551s, isgenerated: 2.756557043s, nilness: 2.055148077s, forbidigo: 1.776881585s, exhaustive: 1.566073084s, printf: 1.454427755s, S1038: 1.380508547s"
level=info msg="[runner/exclusion_paths] Skipped 0 issues by pattern \"^api\""
level=info msg="[runner/exclusion_paths] Skipped 0 issues by pattern \"^proto\""
level=info msg="[runner/exclusion_paths] Skipped 0 issues by pattern \"^.git\""
level=info msg="[runner/exclusion_rules] Skipped 10 issues by rules: [Text: \"(dot-imports|unchecked-type-assertion)\", Path: \"_test\\\\.go|tests/.+\\\\.go|common/testing/\", Linters: \"revive\"]"
level=info msg="[runner/exclusion_rules] Skipped 0 issues by rules: [Text: \"time.Now\", Path: \"chasm/lib/.*_test\\\\.go$\", Linters: \"forbidigo\"]"
level=info msg="[runner/exclusion_rules] Skipped 0 issues by rules: [Text: \"panic\", Path: \"chasm/lib/activity/model/.*\\\\.go$\", Linters: \"forbidigo\"]"
level=info msg="[runner/exclusion_rules] Skipped 0 issues by rules: [Text: \"context.Background\", Path Except: \"tests/.+_test\\\\.go\", Linters: \"forbidigo\"]"
level=info msg="[runner/exclusion_rules] Skipped 1 issues by rules: [Text: \"Unix|UnixMilli|UnixNano\", Path Except: \"common/persistence/cassandra/.*\\\\.go$\", Linters: \"forbidigo\"]"
level=info msg="[runner/exclusion_rules] Skipped 0 issues by rules: [Text: \"Unix|UnixMilli|UnixNano\", Path: \"_test\\\\.go$\", Linters: \"forbidigo\"]"
level=info msg="[runner/exclusion_rules] Skipped 0 issues by rules: [Text: \"Eventually\", Path: \"tests/(nexus_standalone|nexus_workflow|schedule|schedule_migration)_test\\\\.go$\", Linters: \"forbidigo\"]"
level=info msg="[runner/exclusion_rules] Skipped 7 issues by rules: [Text: \"panic\", Path: \"_test\\\\.go|tests/.+\\\\.go|common/testing/\", Linters: \"forbidigo\"]"
level=info msg="[runner/exclusion_rules] Skipped 1422 issues by rules: [Path: \"^tools\\\\/.+\\\\.go\", Linters: \"revive\"]"
level=info msg="[runner/exclusion_rules] Skipped 0 issues by rules: [Text: \"SA1019: go.temporal.io/server/service/history/hsm/(callbacks|nexusoperations) is deprecated\", Linters: \"staticcheck\"]"
level=info msg="[runner/exclusion_rules] Skipped 2 issues by rules: [Text: \"^use of `panic` forbidden because \\\"Please avoid using panic in application code\\\"$\", Source: \"^\\\\t\\\\tpanic\\\\(\\\"gomad3: completed (an inactive campaign attempt|a campaign attempt without a classification)\\\"\\\\)$\", Path: \"^tools/gomad3/runner/internal/campaign/controller\\\\.go$\", Linters: \"forbidigo\"]"
level=info msg="[runner/exclusion_rules] Skipped 3 issues by rules: [Text: \"time.Sleep\", Path Except: \"_test\\\\.go|tests/.+\\\\.go\", Linters: \"forbidigo\"]"
level=info msg="[runner/exclusion_rules] Skipped 75 issues by rules: [Text: \"time.Now\", Path Except: \"chasm/lib/.*\\\\.go$\", Linters: \"forbidigo\"]"
level=info msg="[runner/exclusion_rules] Skipped 0 issues by rules: [Text: \"FunctionalTestBase\", Path: \"tests/testcore/.*\\\\.go$\", Linters: \"forbidigo\"]"
level=info msg="[runner/exclusion_rules] Skipped 0 issues by rules: [Text: \"ActiveInCluster\", Path: \"common/namespace/(namespace|replication_resolver)(_test)?\\\\.go$\", Linters: \"forbidigo\"]"
level=info msg="[runner/exclusion_rules] Skipped 0 issues by rules: [Text: \"assert\\\\.CollectT\", Path: \"tests/(nexus_standalone|nexus_workflow)_test\\\\.go$\", Linters: \"forbidigo\"]"
level=info msg="[runner/exclusion_rules] Skipped 0 issues by rules: [Text: \"use of `softassert\\\\.\\\\w+`\", Linters: \"forbidigo\"]"
level=info msg="[runner/exclusion_rules] Skipped 262 issues by rules: [Text: \"(cyclomatic|cognitive)\", Path: \"_test\\\\.go|tests/.+\\\\.go|common/testing/\", Linters: \"revive\"]"
level=info msg="[runner] Issues before processing: 1833, after processing: 0"
level=info msg="[runner] Processors filtering stat (in/out): filename_unadjuster: 1833/1833, path_relativity: 1833/1833, diff: 50/0, generated_file_filter: 1833/1833, cgo: 1833/1833, exclusion_paths: 1833/1833, exclusion_rules: 1833/51, path_absoluter: 1833/1833, invalid_issue: 1833/1833, nolint_filter: 51/50"
level=info msg="[runner] processing took 446.699709ms with stages: diff: 274.857585ms, generated_file_filter: 130.82875ms, nolint_filter: 25.438833ms, exclusion_rules: 13.178207ms, path_relativity: 1.696583ms, exclusion_paths: 511.416µs, invalid_issue: 69.375µs, cgo: 68.166µs, path_absoluter: 15.084µs, filename_unadjuster: 11.375µs, max_same_issues: 10.542µs, sort_results: 10.125µs, fixer: 1.375µs, source_code: 458ns, max_per_file_from_linter: 375ns, path_prettifier: 374ns, uniq_by_line: 334ns, path_shortener: 334ns, max_from_linter: 251ns, severity-rules: 167ns"
level=info msg="[runner] linters took 6.750008962s with stages: goanalysis_metalinter: 6.303110503s"
0 issues.
level=info msg="File cache stats: 1 entries of total size 5.6KiB"
level=info msg="Memory: 120 samples, avg is 342.6MB, max is 802.8MB"
level=info msg="Execution took 11.869645755s"
make[1]: Leaving directory '/Users/stephan/Workspace/skunkworks/.gomad-scripted-and-spin-corrections.gFiXmTVr/spins'
