{"Time":"2026-10-09T21:47:12.510316205Z","Action":"start","Package":"go.temporal.io/server/tools/gomad3/runner"}
{"Time":"2026-10-09T21:47:12.510529747Z","Action":"start","Package":"go.temporal.io/server/tools/gomad3/internal/gomadtool/conformance"}
{"Time":"2026-10-09T21:47:12.512167913Z","Action":"run","Package":"go.temporal.io/server/tools/gomad3/internal/gomadtool/conformance","Test":"TestInterceptionCleanupPreservesInvalidPackage"}
{"Time":"2026-10-09T21:47:12.51223733Z","Action":"output","Package":"go.temporal.io/server/tools/gomad3/internal/gomadtool/conformance","Test":"TestInterceptionCleanupPreservesInvalidPackage","Output":"=== RUN   TestInterceptionCleanupPreservesInvalidPackage\n","OutputType":"frame"}
{"Time":"2026-10-09T21:47:12.512801038Z","Action":"run","Package":"go.temporal.io/server/tools/gomad3/runner","Test":"TestInspectCleanupPreservesNoChoiceArtifact"}
{"Time":"2026-10-09T21:47:12.512820163Z","Action":"output","Package":"go.temporal.io/server/tools/gomad3/runner","Test":"TestInspectCleanupPreservesNoChoiceArtifact","Output":"=== RUN   TestInspectCleanupPreservesNoChoiceArtifact\n","OutputType":"frame"}
{"Time":"2026-10-09T21:47:12.518531872Z","Action":"output","Package":"go.temporal.io/server/tools/gomad3/internal/gomadtool/conformance","Test":"TestInterceptionCleanupPreservesInvalidPackage","Output":"--- PASS: TestInterceptionCleanupPreservesInvalidPackage (0.01s)\n","OutputType":"frame"}
{"Time":"2026-10-09T21:47:12.518547247Z","Action":"pass","Package":"go.temporal.io/server/tools/gomad3/internal/gomadtool/conformance","Test":"TestInterceptionCleanupPreservesInvalidPackage","Elapsed":0.01}
{"Time":"2026-10-09T21:47:12.518561622Z","Action":"run","Package":"go.temporal.io/server/tools/gomad3/internal/gomadtool/conformance","Test":"TestInterceptionCleanupPreservesValidFixtureOwnership"}
{"Time":"2026-10-09T21:47:12.518563372Z","Action":"output","Package":"go.temporal.io/server/tools/gomad3/internal/gomadtool/conformance","Test":"TestInterceptionCleanupPreservesValidFixtureOwnership","Output":"=== RUN   TestInterceptionCleanupPreservesValidFixtureOwnership\n","OutputType":"frame"}
{"Time":"2026-10-09T21:47:12.522117122Z","Action":"output","Package":"go.temporal.io/server/tools/gomad3/internal/gomadtool/conformance","Test":"TestInterceptionCleanupPreservesValidFixtureOwnership","Output":"--- PASS: TestInterceptionCleanupPreservesValidFixtureOwnership (0.00s)\n","OutputType":"frame"}
{"Time":"2026-10-09T21:47:12.522132663Z","Action":"pass","Package":"go.temporal.io/server/tools/gomad3/internal/gomadtool/conformance","Test":"TestInterceptionCleanupPreservesValidFixtureOwnership","Elapsed":0}
{"Time":"2026-10-09T21:47:12.522139122Z","Action":"output","Package":"go.temporal.io/server/tools/gomad3/internal/gomadtool/conformance","Output":"PASS\n","OutputType":"frame"}
{"Time":"2026-10-09T21:47:12.522267538Z","Action":"output","Package":"go.temporal.io/server/tools/gomad3/internal/gomadtool/conformance","Output":"ok  \tgo.temporal.io/server/tools/gomad3/internal/gomadtool/conformance\t0.012s\n"}
{"Time":"2026-10-09T21:47:12.522277497Z","Action":"pass","Package":"go.temporal.io/server/tools/gomad3/internal/gomadtool/conformance","Elapsed":0.012}
{"Time":"2026-10-09T21:47:12.524589038Z","Action":"run","Package":"go.temporal.io/server/tools/gomad3/runner","Test":"TestInspectCleanupPreservesNoChoiceArtifact/private"}
{"Time":"2026-10-09T21:47:12.52460033Z","Action":"output","Package":"go.temporal.io/server/tools/gomad3/runner","Test":"TestInspectCleanupPreservesNoChoiceArtifact/private","Output":"=== RUN   TestInspectCleanupPreservesNoChoiceArtifact/private\n","OutputType":"frame"}
{"Time":"2026-10-09T21:47:12.525920497Z","Action":"output","Package":"go.temporal.io/server/tools/gomad3/runner","Test":"TestInspectCleanupPreservesNoChoiceArtifact/private","Output":"--- PASS: TestInspectCleanupPreservesNoChoiceArtifact/private (0.00s)\n","OutputType":"frame"}
{"Time":"2026-10-09T21:47:12.525926705Z","Action":"pass","Package":"go.temporal.io/server/tools/gomad3/runner","Test":"TestInspectCleanupPreservesNoChoiceArtifact/private","Elapsed":0}
{"Time":"2026-10-09T21:47:12.525932997Z","Action":"run","Package":"go.temporal.io/server/tools/gomad3/runner","Test":"TestInspectCleanupPreservesNoChoiceArtifact/shared"}
{"Time":"2026-10-09T21:47:12.525935497Z","Action":"output","Package":"go.temporal.io/server/tools/gomad3/runner","Test":"TestInspectCleanupPreservesNoChoiceArtifact/shared","Output":"=== RUN   TestInspectCleanupPreservesNoChoiceArtifact/shared\n","OutputType":"frame"}
{"Time":"2026-10-09T21:47:12.526755663Z","Action":"output","Package":"go.temporal.io/server/tools/gomad3/runner","Test":"TestInspectCleanupPreservesNoChoiceArtifact/shared","Output":"--- PASS: TestInspectCleanupPreservesNoChoiceArtifact/shared (0.00s)\n","OutputType":"frame"}
{"Time":"2026-10-09T21:47:12.526763497Z","Action":"pass","Package":"go.temporal.io/server/tools/gomad3/runner","Test":"TestInspectCleanupPreservesNoChoiceArtifact/shared","Elapsed":0}
{"Time":"2026-10-09T21:47:12.527626288Z","Action":"output","Package":"go.temporal.io/server/tools/gomad3/runner","Test":"TestInspectCleanupPreservesNoChoiceArtifact","Output":"--- PASS: TestInspectCleanupPreservesNoChoiceArtifact (0.01s)\n","OutputType":"frame"}
{"Time":"2026-10-09T21:47:12.527632413Z","Action":"pass","Package":"go.temporal.io/server/tools/gomad3/runner","Test":"TestInspectCleanupPreservesNoChoiceArtifact","Elapsed":0.01}
{"Time":"2026-10-09T21:47:12.527635955Z","Action":"run","Package":"go.temporal.io/server/tools/gomad3/runner","Test":"TestInspectCleanupPreservesEarlierErrors"}
{"Time":"2026-10-09T21:47:12.527637872Z","Action":"output","Package":"go.temporal.io/server/tools/gomad3/runner","Test":"TestInspectCleanupPreservesEarlierErrors","Output":"=== RUN   TestInspectCleanupPreservesEarlierErrors\n","OutputType":"frame"}
{"Time":"2026-10-09T21:47:12.535017997Z","Action":"output","Package":"go.temporal.io/server/tools/gomad3/runner","Test":"TestInspectCleanupPreservesEarlierErrors","Output":"--- PASS: TestInspectCleanupPreservesEarlierErrors (0.01s)\n","OutputType":"frame"}
{"Time":"2026-10-09T21:47:12.535029247Z","Action":"pass","Package":"go.temporal.io/server/tools/gomad3/runner","Test":"TestInspectCleanupPreservesEarlierErrors","Elapsed":0.01}
{"Time":"2026-10-09T21:47:12.535032788Z","Action":"output","Package":"go.temporal.io/server/tools/gomad3/runner","Output":"PASS\n","OutputType":"frame"}
{"Time":"2026-10-09T21:47:12.535197247Z","Action":"output","Package":"go.temporal.io/server/tools/gomad3/runner","Output":"ok  \tgo.temporal.io/server/tools/gomad3/runner\t0.025s\n"}
{"Time":"2026-10-09T21:47:12.535206413Z","Action":"pass","Package":"go.temporal.io/server/tools/gomad3/runner","Elapsed":0.025}
