{"Time":"2026-10-09T21:56:03.802103958Z","Action":"start","Package":"go.temporal.io/server/tools/gomad3/internal/gomadtool/conformance"}
{"Time":"2026-10-09T21:56:03.803532Z","Action":"run","Package":"go.temporal.io/server/tools/gomad3/internal/gomadtool/conformance","Test":"TestInterceptionCleanupPreservesInvalidPackage"}
{"Time":"2026-10-09T21:56:03.803561333Z","Action":"output","Package":"go.temporal.io/server/tools/gomad3/internal/gomadtool/conformance","Test":"TestInterceptionCleanupPreservesInvalidPackage","Output":"=== RUN   TestInterceptionCleanupPreservesInvalidPackage\n","OutputType":"frame"}
{"Time":"2026-10-09T21:56:03.811936875Z","Action":"output","Package":"go.temporal.io/server/tools/gomad3/internal/gomadtool/conformance","Test":"TestInterceptionCleanupPreservesInvalidPackage","Output":"--- PASS: TestInterceptionCleanupPreservesInvalidPackage (0.01s)\n","OutputType":"frame"}
{"Time":"2026-10-09T21:56:03.811958042Z","Action":"pass","Package":"go.temporal.io/server/tools/gomad3/internal/gomadtool/conformance","Test":"TestInterceptionCleanupPreservesInvalidPackage","Elapsed":0.01}
{"Time":"2026-10-09T21:56:03.811969667Z","Action":"run","Package":"go.temporal.io/server/tools/gomad3/internal/gomadtool/conformance","Test":"TestInterceptionCleanupPreservesValidFixtureOwnership"}
{"Time":"2026-10-09T21:56:03.811971167Z","Action":"output","Package":"go.temporal.io/server/tools/gomad3/internal/gomadtool/conformance","Test":"TestInterceptionCleanupPreservesValidFixtureOwnership","Output":"=== RUN   TestInterceptionCleanupPreservesValidFixtureOwnership\n","OutputType":"frame"}
{"Time":"2026-10-09T21:56:03.817488Z","Action":"output","Package":"go.temporal.io/server/tools/gomad3/internal/gomadtool/conformance","Test":"TestInterceptionCleanupPreservesValidFixtureOwnership","Output":"--- PASS: TestInterceptionCleanupPreservesValidFixtureOwnership (0.01s)\n","OutputType":"frame"}
{"Time":"2026-10-09T21:56:03.817569958Z","Action":"pass","Package":"go.temporal.io/server/tools/gomad3/internal/gomadtool/conformance","Test":"TestInterceptionCleanupPreservesValidFixtureOwnership","Elapsed":0.01}
{"Time":"2026-10-09T21:56:03.817619708Z","Action":"run","Package":"go.temporal.io/server/tools/gomad3/internal/gomadtool/conformance","Test":"TestRunUpstreamExecutesTypedGatesInOrder"}
{"Time":"2026-10-09T21:56:03.817633792Z","Action":"output","Package":"go.temporal.io/server/tools/gomad3/internal/gomadtool/conformance","Test":"TestRunUpstreamExecutesTypedGatesInOrder","Output":"=== RUN   TestRunUpstreamExecutesTypedGatesInOrder\n","OutputType":"frame"}
{"Time":"2026-10-09T21:56:03.817651958Z","Action":"output","Package":"go.temporal.io/server/tools/gomad3/internal/gomadtool/conformance","Test":"TestRunUpstreamExecutesTypedGatesInOrder","Output":"--- PASS: TestRunUpstreamExecutesTypedGatesInOrder (0.00s)\n","OutputType":"frame"}
{"Time":"2026-10-09T21:56:03.817657792Z","Action":"pass","Package":"go.temporal.io/server/tools/gomad3/internal/gomadtool/conformance","Test":"TestRunUpstreamExecutesTypedGatesInOrder","Elapsed":0}
{"Time":"2026-10-09T21:56:03.817664417Z","Action":"run","Package":"go.temporal.io/server/tools/gomad3/internal/gomadtool/conformance","Test":"TestRunBuilderExecutesTypedPackageGate"}
{"Time":"2026-10-09T21:56:03.817668458Z","Action":"output","Package":"go.temporal.io/server/tools/gomad3/internal/gomadtool/conformance","Test":"TestRunBuilderExecutesTypedPackageGate","Output":"=== RUN   TestRunBuilderExecutesTypedPackageGate\n","OutputType":"frame"}
{"Time":"2026-10-09T21:56:03.817813667Z","Action":"output","Package":"go.temporal.io/server/tools/gomad3/internal/gomadtool/conformance","Test":"TestRunBuilderExecutesTypedPackageGate","Output":"--- PASS: TestRunBuilderExecutesTypedPackageGate (0.00s)\n","OutputType":"frame"}
{"Time":"2026-10-09T21:56:03.817828417Z","Action":"pass","Package":"go.temporal.io/server/tools/gomad3/internal/gomadtool/conformance","Test":"TestRunBuilderExecutesTypedPackageGate","Elapsed":0}
{"Time":"2026-10-09T21:56:03.817831583Z","Action":"run","Package":"go.temporal.io/server/tools/gomad3/internal/gomadtool/conformance","Test":"TestRunLiveCapabilityExecutesPinnedSemanticFixtures"}
{"Time":"2026-10-09T21:56:03.817833833Z","Action":"output","Package":"go.temporal.io/server/tools/gomad3/internal/gomadtool/conformance","Test":"TestRunLiveCapabilityExecutesPinnedSemanticFixtures","Output":"=== RUN   TestRunLiveCapabilityExecutesPinnedSemanticFixtures\n","OutputType":"frame"}
{"Time":"2026-10-09T21:56:03.819190292Z","Action":"output","Package":"go.temporal.io/server/tools/gomad3/internal/gomadtool/conformance","Test":"TestRunLiveCapabilityExecutesPinnedSemanticFixtures","Output":"--- PASS: TestRunLiveCapabilityExecutesPinnedSemanticFixtures (0.00s)\n","OutputType":"frame"}
{"Time":"2026-10-09T21:56:03.81922275Z","Action":"pass","Package":"go.temporal.io/server/tools/gomad3/internal/gomadtool/conformance","Test":"TestRunLiveCapabilityExecutesPinnedSemanticFixtures","Elapsed":0}
{"Time":"2026-10-09T21:56:03.819229333Z","Action":"run","Package":"go.temporal.io/server/tools/gomad3/internal/gomadtool/conformance","Test":"TestRunAcceptsExecutableSymlink"}
{"Time":"2026-10-09T21:56:03.819232917Z","Action":"output","Package":"go.temporal.io/server/tools/gomad3/internal/gomadtool/conformance","Test":"TestRunAcceptsExecutableSymlink","Output":"=== RUN   TestRunAcceptsExecutableSymlink\n","OutputType":"frame"}
{"Time":"2026-10-09T21:56:03.819237417Z","Action":"output","Package":"go.temporal.io/server/tools/gomad3/internal/gomadtool/conformance","Test":"TestRunAcceptsExecutableSymlink","Output":"--- PASS: TestRunAcceptsExecutableSymlink (0.00s)\n","OutputType":"frame"}
{"Time":"2026-10-09T21:56:03.81924075Z","Action":"pass","Package":"go.temporal.io/server/tools/gomad3/internal/gomadtool/conformance","Test":"TestRunAcceptsExecutableSymlink","Elapsed":0}
{"Time":"2026-10-09T21:56:03.819244208Z","Action":"run","Package":"go.temporal.io/server/tools/gomad3/internal/gomadtool/conformance","Test":"TestRunUpstreamStopsAtFailedGateWithBoundedEvidence"}
{"Time":"2026-10-09T21:56:03.819246917Z","Action":"output","Package":"go.temporal.io/server/tools/gomad3/internal/gomadtool/conformance","Test":"TestRunUpstreamStopsAtFailedGateWithBoundedEvidence","Output":"=== RUN   TestRunUpstreamStopsAtFailedGateWithBoundedEvidence\n","OutputType":"frame"}
{"Time":"2026-10-09T21:56:03.8192505Z","Action":"output","Package":"go.temporal.io/server/tools/gomad3/internal/gomadtool/conformance","Test":"TestRunUpstreamStopsAtFailedGateWithBoundedEvidence","Output":"--- PASS: TestRunUpstreamStopsAtFailedGateWithBoundedEvidence (0.00s)\n","OutputType":"frame"}
{"Time":"2026-10-09T21:56:03.819253542Z","Action":"pass","Package":"go.temporal.io/server/tools/gomad3/internal/gomadtool/conformance","Test":"TestRunUpstreamStopsAtFailedGateWithBoundedEvidence","Elapsed":0}
{"Time":"2026-10-09T21:56:03.819257042Z","Action":"run","Package":"go.temporal.io/server/tools/gomad3/internal/gomadtool/conformance","Test":"TestRunRejectsUnknownModeAndMissingToolchain"}
{"Time":"2026-10-09T21:56:03.819259542Z","Action":"output","Package":"go.temporal.io/server/tools/gomad3/internal/gomadtool/conformance","Test":"TestRunRejectsUnknownModeAndMissingToolchain","Output":"=== RUN   TestRunRejectsUnknownModeAndMissingToolchain\n","OutputType":"frame"}
{"Time":"2026-10-09T21:56:03.819262625Z","Action":"run","Package":"go.temporal.io/server/tools/gomad3/internal/gomadtool/conformance","Test":"TestRunRejectsUnknownModeAndMissingToolchain/mode"}
{"Time":"2026-10-09T21:56:03.819267625Z","Action":"output","Package":"go.temporal.io/server/tools/gomad3/internal/gomadtool/conformance","Test":"TestRunRejectsUnknownModeAndMissingToolchain/mode","Output":"=== RUN   TestRunRejectsUnknownModeAndMissingToolchain/mode\n","OutputType":"frame"}
{"Time":"2026-10-09T21:56:03.819271208Z","Action":"output","Package":"go.temporal.io/server/tools/gomad3/internal/gomadtool/conformance","Test":"TestRunRejectsUnknownModeAndMissingToolchain/mode","Output":"--- PASS: TestRunRejectsUnknownModeAndMissingToolchain/mode (0.00s)\n","OutputType":"frame"}
{"Time":"2026-10-09T21:56:03.819274375Z","Action":"pass","Package":"go.temporal.io/server/tools/gomad3/internal/gomadtool/conformance","Test":"TestRunRejectsUnknownModeAndMissingToolchain/mode","Elapsed":0}
{"Time":"2026-10-09T21:56:03.819279542Z","Action":"run","Package":"go.temporal.io/server/tools/gomad3/internal/gomadtool/conformance","Test":"TestRunRejectsUnknownModeAndMissingToolchain/toolchain"}
{"Time":"2026-10-09T21:56:03.819282417Z","Action":"output","Package":"go.temporal.io/server/tools/gomad3/internal/gomadtool/conformance","Test":"TestRunRejectsUnknownModeAndMissingToolchain/toolchain","Output":"=== RUN   TestRunRejectsUnknownModeAndMissingToolchain/toolchain\n","OutputType":"frame"}
{"Time":"2026-10-09T21:56:03.819286333Z","Action":"output","Package":"go.temporal.io/server/tools/gomad3/internal/gomadtool/conformance","Test":"TestRunRejectsUnknownModeAndMissingToolchain/toolchain","Output":"--- PASS: TestRunRejectsUnknownModeAndMissingToolchain/toolchain (0.00s)\n","OutputType":"frame"}
{"Time":"2026-10-09T21:56:03.819289208Z","Action":"pass","Package":"go.temporal.io/server/tools/gomad3/internal/gomadtool/conformance","Test":"TestRunRejectsUnknownModeAndMissingToolchain/toolchain","Elapsed":0}
{"Time":"2026-10-09T21:56:03.81929275Z","Action":"output","Package":"go.temporal.io/server/tools/gomad3/internal/gomadtool/conformance","Test":"TestRunRejectsUnknownModeAndMissingToolchain","Output":"--- PASS: TestRunRejectsUnknownModeAndMissingToolchain (0.00s)\n","OutputType":"frame"}
{"Time":"2026-10-09T21:56:03.819295708Z","Action":"pass","Package":"go.temporal.io/server/tools/gomad3/internal/gomadtool/conformance","Test":"TestRunRejectsUnknownModeAndMissingToolchain","Elapsed":0}
{"Time":"2026-10-09T21:56:03.81929825Z","Action":"run","Package":"go.temporal.io/server/tools/gomad3/internal/gomadtool/conformance","Test":"TestRunReportsInfrastructureError"}
{"Time":"2026-10-09T21:56:03.819301458Z","Action":"output","Package":"go.temporal.io/server/tools/gomad3/internal/gomadtool/conformance","Test":"TestRunReportsInfrastructureError","Output":"=== RUN   TestRunReportsInfrastructureError\n","OutputType":"frame"}
{"Time":"2026-10-09T21:56:03.819304875Z","Action":"output","Package":"go.temporal.io/server/tools/gomad3/internal/gomadtool/conformance","Test":"TestRunReportsInfrastructureError","Output":"--- PASS: TestRunReportsInfrastructureError (0.00s)\n","OutputType":"frame"}
{"Time":"2026-10-09T21:56:03.819307833Z","Action":"pass","Package":"go.temporal.io/server/tools/gomad3/internal/gomadtool/conformance","Test":"TestRunReportsInfrastructureError","Elapsed":0}
{"Time":"2026-10-09T21:56:03.8193115Z","Action":"run","Package":"go.temporal.io/server/tools/gomad3/internal/gomadtool/conformance","Test":"TestRunInterceptionExecutesManifestDrivenCompilerCases"}
{"Time":"2026-10-09T21:56:03.819314083Z","Action":"output","Package":"go.temporal.io/server/tools/gomad3/internal/gomadtool/conformance","Test":"TestRunInterceptionExecutesManifestDrivenCompilerCases","Output":"=== RUN   TestRunInterceptionExecutesManifestDrivenCompilerCases\n","OutputType":"frame"}
{"Time":"2026-10-09T21:56:03.823580292Z","Action":"output","Package":"go.temporal.io/server/tools/gomad3/internal/gomadtool/conformance","Test":"TestRunInterceptionExecutesManifestDrivenCompilerCases","Output":"--- PASS: TestRunInterceptionExecutesManifestDrivenCompilerCases (0.00s)\n","OutputType":"frame"}
{"Time":"2026-10-09T21:56:03.823602083Z","Action":"pass","Package":"go.temporal.io/server/tools/gomad3/internal/gomadtool/conformance","Test":"TestRunInterceptionExecutesManifestDrivenCompilerCases","Elapsed":0}
{"Time":"2026-10-09T21:56:03.823605833Z","Action":"run","Package":"go.temporal.io/server/tools/gomad3/internal/gomadtool/conformance","Test":"TestRunInterceptionRejectsMissingCompiler"}
{"Time":"2026-10-09T21:56:03.823607583Z","Action":"output","Package":"go.temporal.io/server/tools/gomad3/internal/gomadtool/conformance","Test":"TestRunInterceptionRejectsMissingCompiler","Output":"=== RUN   TestRunInterceptionRejectsMissingCompiler\n","OutputType":"frame"}
{"Time":"2026-10-09T21:56:03.825093917Z","Action":"output","Package":"go.temporal.io/server/tools/gomad3/internal/gomadtool/conformance","Test":"TestRunInterceptionRejectsMissingCompiler","Output":"--- PASS: TestRunInterceptionRejectsMissingCompiler (0.00s)\n","OutputType":"frame"}
{"Time":"2026-10-09T21:56:03.825104625Z","Action":"pass","Package":"go.temporal.io/server/tools/gomad3/internal/gomadtool/conformance","Test":"TestRunInterceptionRejectsMissingCompiler","Elapsed":0}
{"Time":"2026-10-09T21:56:03.825107Z","Action":"run","Package":"go.temporal.io/server/tools/gomad3/internal/gomadtool/conformance","Test":"TestExecWrapperIsStrictPOSIX"}
{"Time":"2026-10-09T21:56:03.825108708Z","Action":"output","Package":"go.temporal.io/server/tools/gomad3/internal/gomadtool/conformance","Test":"TestExecWrapperIsStrictPOSIX","Output":"=== RUN   TestExecWrapperIsStrictPOSIX\n","OutputType":"frame"}
{"Time":"2026-10-09T21:56:03.825110667Z","Action":"output","Package":"go.temporal.io/server/tools/gomad3/internal/gomadtool/conformance","Test":"TestExecWrapperIsStrictPOSIX","Output":"--- PASS: TestExecWrapperIsStrictPOSIX (0.00s)\n","OutputType":"frame"}
{"Time":"2026-10-09T21:56:03.825112292Z","Action":"pass","Package":"go.temporal.io/server/tools/gomad3/internal/gomadtool/conformance","Test":"TestExecWrapperIsStrictPOSIX","Elapsed":0}
{"Time":"2026-10-09T21:56:03.825115167Z","Action":"run","Package":"go.temporal.io/server/tools/gomad3/internal/gomadtool/conformance","Test":"TestExecWrapperRequiresSeedAndCommand"}
{"Time":"2026-10-09T21:56:03.8251165Z","Action":"output","Package":"go.temporal.io/server/tools/gomad3/internal/gomadtool/conformance","Test":"TestExecWrapperRequiresSeedAndCommand","Output":"=== RUN   TestExecWrapperRequiresSeedAndCommand\n","OutputType":"frame"}
{"Time":"2026-10-09T21:56:03.825121583Z","Action":"run","Package":"go.temporal.io/server/tools/gomad3/internal/gomadtool/conformance","Test":"TestExecWrapperRequiresSeedAndCommand/seed"}
{"Time":"2026-10-09T21:56:03.825122958Z","Action":"output","Package":"go.temporal.io/server/tools/gomad3/internal/gomadtool/conformance","Test":"TestExecWrapperRequiresSeedAndCommand/seed","Output":"=== RUN   TestExecWrapperRequiresSeedAndCommand/seed\n","OutputType":"frame"}
{"Time":"2026-10-09T21:56:03.835487458Z","Action":"output","Package":"go.temporal.io/server/tools/gomad3/internal/gomadtool/conformance","Test":"TestExecWrapperRequiresSeedAndCommand/seed","Output":"--- PASS: TestExecWrapperRequiresSeedAndCommand/seed (0.01s)\n","OutputType":"frame"}
{"Time":"2026-10-09T21:56:03.835512708Z","Action":"pass","Package":"go.temporal.io/server/tools/gomad3/internal/gomadtool/conformance","Test":"TestExecWrapperRequiresSeedAndCommand/seed","Elapsed":0.01}
{"Time":"2026-10-09T21:56:03.835519292Z","Action":"run","Package":"go.temporal.io/server/tools/gomad3/internal/gomadtool/conformance","Test":"TestExecWrapperRequiresSeedAndCommand/command"}
{"Time":"2026-10-09T21:56:03.83552125Z","Action":"output","Package":"go.temporal.io/server/tools/gomad3/internal/gomadtool/conformance","Test":"TestExecWrapperRequiresSeedAndCommand/command","Output":"=== RUN   TestExecWrapperRequiresSeedAndCommand/command\n","OutputType":"frame"}
{"Time":"2026-10-09T21:56:03.8423495Z","Action":"output","Package":"go.temporal.io/server/tools/gomad3/internal/gomadtool/conformance","Test":"TestExecWrapperRequiresSeedAndCommand/command","Output":"--- PASS: TestExecWrapperRequiresSeedAndCommand/command (0.01s)\n","OutputType":"frame"}
{"Time":"2026-10-09T21:56:03.842374708Z","Action":"pass","Package":"go.temporal.io/server/tools/gomad3/internal/gomadtool/conformance","Test":"TestExecWrapperRequiresSeedAndCommand/command","Elapsed":0.01}
{"Time":"2026-10-09T21:56:03.842380708Z","Action":"output","Package":"go.temporal.io/server/tools/gomad3/internal/gomadtool/conformance","Test":"TestExecWrapperRequiresSeedAndCommand","Output":"--- PASS: TestExecWrapperRequiresSeedAndCommand (0.02s)\n","OutputType":"frame"}
{"Time":"2026-10-09T21:56:03.842382875Z","Action":"pass","Package":"go.temporal.io/server/tools/gomad3/internal/gomadtool/conformance","Test":"TestExecWrapperRequiresSeedAndCommand","Elapsed":0.02}
{"Time":"2026-10-09T21:56:03.842389625Z","Action":"run","Package":"go.temporal.io/server/tools/gomad3/internal/gomadtool/conformance","Test":"TestExecWrapperTransfersSeedAndArguments"}
{"Time":"2026-10-09T21:56:03.842391542Z","Action":"output","Package":"go.temporal.io/server/tools/gomad3/internal/gomadtool/conformance","Test":"TestExecWrapperTransfersSeedAndArguments","Output":"=== RUN   TestExecWrapperTransfersSeedAndArguments\n","OutputType":"frame"}
{"Time":"2026-10-09T21:56:03.848082708Z","Action":"output","Package":"go.temporal.io/server/tools/gomad3/internal/gomadtool/conformance","Test":"TestExecWrapperTransfersSeedAndArguments","Output":"--- PASS: TestExecWrapperTransfersSeedAndArguments (0.01s)\n","OutputType":"frame"}
{"Time":"2026-10-09T21:56:03.848113917Z","Action":"pass","Package":"go.temporal.io/server/tools/gomad3/internal/gomadtool/conformance","Test":"TestExecWrapperTransfersSeedAndArguments","Elapsed":0.01}
{"Time":"2026-10-09T21:56:03.848123792Z","Action":"run","Package":"go.temporal.io/server/tools/gomad3/internal/gomadtool/conformance","Test":"TestExecWrapperPreservesTargetExitAndSignal"}
{"Time":"2026-10-09T21:56:03.848133042Z","Action":"output","Package":"go.temporal.io/server/tools/gomad3/internal/gomadtool/conformance","Test":"TestExecWrapperPreservesTargetExitAndSignal","Output":"=== RUN   TestExecWrapperPreservesTargetExitAndSignal\n","OutputType":"frame"}
{"Time":"2026-10-09T21:56:03.854216458Z","Action":"output","Package":"go.temporal.io/server/tools/gomad3/internal/gomadtool/conformance","Test":"TestExecWrapperPreservesTargetExitAndSignal","Output":"--- PASS: TestExecWrapperPreservesTargetExitAndSignal (0.01s)\n","OutputType":"frame"}
{"Time":"2026-10-09T21:56:03.854276875Z","Action":"pass","Package":"go.temporal.io/server/tools/gomad3/internal/gomadtool/conformance","Test":"TestExecWrapperPreservesTargetExitAndSignal","Elapsed":0.01}
{"Time":"2026-10-09T21:56:03.854286208Z","Action":"run","Package":"go.temporal.io/server/tools/gomad3/internal/gomadtool/conformance","Test":"TestResolveReturnsOrderedTiersAndSpecificSuccessMessage"}
{"Time":"2026-10-09T21:56:03.85428925Z","Action":"output","Package":"go.temporal.io/server/tools/gomad3/internal/gomadtool/conformance","Test":"TestResolveReturnsOrderedTiersAndSpecificSuccessMessage","Output":"=== RUN   TestResolveReturnsOrderedTiersAndSpecificSuccessMessage\n","OutputType":"frame"}
{"Time":"2026-10-09T21:56:03.854294292Z","Action":"run","Package":"go.temporal.io/server/tools/gomad3/internal/gomadtool/conformance","Test":"TestResolveReturnsOrderedTiersAndSpecificSuccessMessage/test"}
{"Time":"2026-10-09T21:56:03.854296958Z","Action":"output","Package":"go.temporal.io/server/tools/gomad3/internal/gomadtool/conformance","Test":"TestResolveReturnsOrderedTiersAndSpecificSuccessMessage/test","Output":"=== RUN   TestResolveReturnsOrderedTiersAndSpecificSuccessMessage/test\n","OutputType":"frame"}
{"Time":"2026-10-09T21:56:03.854301208Z","Action":"output","Package":"go.temporal.io/server/tools/gomad3/internal/gomadtool/conformance","Test":"TestResolveReturnsOrderedTiersAndSpecificSuccessMessage/test","Output":"--- PASS: TestResolveReturnsOrderedTiersAndSpecificSuccessMessage/test (0.00s)\n","OutputType":"frame"}
{"Time":"2026-10-09T21:56:03.85430525Z","Action":"pass","Package":"go.temporal.io/server/tools/gomad3/internal/gomadtool/conformance","Test":"TestResolveReturnsOrderedTiersAndSpecificSuccessMessage/test","Elapsed":0}
{"Time":"2026-10-09T21:56:03.854308542Z","Action":"run","Package":"go.temporal.io/server/tools/gomad3/internal/gomadtool/conformance","Test":"TestResolveReturnsOrderedTiersAndSpecificSuccessMessage/test-builder"}
{"Time":"2026-10-09T21:56:03.85431125Z","Action":"output","Package":"go.temporal.io/server/tools/gomad3/internal/gomadtool/conformance","Test":"TestResolveReturnsOrderedTiersAndSpecificSuccessMessage/test-builder","Output":"=== RUN   TestResolveReturnsOrderedTiersAndSpecificSuccessMessage/test-builder\n","OutputType":"frame"}
{"Time":"2026-10-09T21:56:03.854315875Z","Action":"output","Package":"go.temporal.io/server/tools/gomad3/internal/gomadtool/conformance","Test":"TestResolveReturnsOrderedTiersAndSpecificSuccessMessage/test-builder","Output":"--- PASS: TestResolveReturnsOrderedTiersAndSpecificSuccessMessage/test-builder (0.00s)\n","OutputType":"frame"}
{"Time":"2026-10-09T21:56:03.85433475Z","Action":"pass","Package":"go.temporal.io/server/tools/gomad3/internal/gomadtool/conformance","Test":"TestResolveReturnsOrderedTiersAndSpecificSuccessMessage/test-builder","Elapsed":0}
{"Time":"2026-10-09T21:56:03.854340125Z","Action":"run","Package":"go.temporal.io/server/tools/gomad3/internal/gomadtool/conformance","Test":"TestResolveReturnsOrderedTiersAndSpecificSuccessMessage/test-runtime"}
{"Time":"2026-10-09T21:56:03.854342833Z","Action":"output","Package":"go.temporal.io/server/tools/gomad3/internal/gomadtool/conformance","Test":"TestResolveReturnsOrderedTiersAndSpecificSuccessMessage/test-runtime","Output":"=== RUN   TestResolveReturnsOrderedTiersAndSpecificSuccessMessage/test-runtime\n","OutputType":"frame"}
{"Time":"2026-10-09T21:56:03.854347083Z","Action":"output","Package":"go.temporal.io/server/tools/gomad3/internal/gomadtool/conformance","Test":"TestResolveReturnsOrderedTiersAndSpecificSuccessMessage/test-runtime","Output":"--- PASS: TestResolveReturnsOrderedTiersAndSpecificSuccessMessage/test-runtime (0.00s)\n","OutputType":"frame"}
{"Time":"2026-10-09T21:56:03.854350417Z","Action":"pass","Package":"go.temporal.io/server/tools/gomad3/internal/gomadtool/conformance","Test":"TestResolveReturnsOrderedTiersAndSpecificSuccessMessage/test-runtime","Elapsed":0}
{"Time":"2026-10-09T21:56:03.854362917Z","Action":"run","Package":"go.temporal.io/server/tools/gomad3/internal/gomadtool/conformance","Test":"TestResolveReturnsOrderedTiersAndSpecificSuccessMessage/test-upstream"}
{"Time":"2026-10-09T21:56:03.854365833Z","Action":"output","Package":"go.temporal.io/server/tools/gomad3/internal/gomadtool/conformance","Test":"TestResolveReturnsOrderedTiersAndSpecificSuccessMessage/test-upstream","Output":"=== RUN   TestResolveReturnsOrderedTiersAndSpecificSuccessMessage/test-upstream\n","OutputType":"frame"}
{"Time":"2026-10-09T21:56:03.854369708Z","Action":"output","Package":"go.temporal.io/server/tools/gomad3/internal/gomadtool/conformance","Test":"TestResolveReturnsOrderedTiersAndSpecificSuccessMessage/test-upstream","Output":"--- PASS: TestResolveReturnsOrderedTiersAndSpecificSuccessMessage/test-upstream (0.00s)\n","OutputType":"frame"}
{"Time":"2026-10-09T21:56:03.85437275Z","Action":"pass","Package":"go.temporal.io/server/tools/gomad3/internal/gomadtool/conformance","Test":"TestResolveReturnsOrderedTiersAndSpecificSuccessMessage/test-upstream","Elapsed":0}
{"Time":"2026-10-09T21:56:03.854375625Z","Action":"run","Package":"go.temporal.io/server/tools/gomad3/internal/gomadtool/conformance","Test":"TestResolveReturnsOrderedTiersAndSpecificSuccessMessage/test-interception"}
{"Time":"2026-10-09T21:56:03.854378125Z","Action":"output","Package":"go.temporal.io/server/tools/gomad3/internal/gomadtool/conformance","Test":"TestResolveReturnsOrderedTiersAndSpecificSuccessMessage/test-interception","Output":"=== RUN   TestResolveReturnsOrderedTiersAndSpecificSuccessMessage/test-interception\n","OutputType":"frame"}
{"Time":"2026-10-09T21:56:03.854384042Z","Action":"output","Package":"go.temporal.io/server/tools/gomad3/internal/gomadtool/conformance","Test":"TestResolveReturnsOrderedTiersAndSpecificSuccessMessage/test-interception","Output":"--- PASS: TestResolveReturnsOrderedTiersAndSpecificSuccessMessage/test-interception (0.00s)\n","OutputType":"frame"}
{"Time":"2026-10-09T21:56:03.854387292Z","Action":"pass","Package":"go.temporal.io/server/tools/gomad3/internal/gomadtool/conformance","Test":"TestResolveReturnsOrderedTiersAndSpecificSuccessMessage/test-interception","Elapsed":0}
{"Time":"2026-10-09T21:56:03.854390167Z","Action":"run","Package":"go.temporal.io/server/tools/gomad3/internal/gomadtool/conformance","Test":"TestResolveReturnsOrderedTiersAndSpecificSuccessMessage/test-live-capability"}
{"Time":"2026-10-09T21:56:03.854392833Z","Action":"output","Package":"go.temporal.io/server/tools/gomad3/internal/gomadtool/conformance","Test":"TestResolveReturnsOrderedTiersAndSpecificSuccessMessage/test-live-capability","Output":"=== RUN   TestResolveReturnsOrderedTiersAndSpecificSuccessMessage/test-live-capability\n","OutputType":"frame"}
{"Time":"2026-10-09T21:56:03.854397167Z","Action":"output","Package":"go.temporal.io/server/tools/gomad3/internal/gomadtool/conformance","Test":"TestResolveReturnsOrderedTiersAndSpecificSuccessMessage/test-live-capability","Output":"--- PASS: TestResolveReturnsOrderedTiersAndSpecificSuccessMessage/test-live-capability (0.00s)\n","OutputType":"frame"}
{"Time":"2026-10-09T21:56:03.854400708Z","Action":"pass","Package":"go.temporal.io/server/tools/gomad3/internal/gomadtool/conformance","Test":"TestResolveReturnsOrderedTiersAndSpecificSuccessMessage/test-live-capability","Elapsed":0}
{"Time":"2026-10-09T21:56:03.854416417Z","Action":"output","Package":"go.temporal.io/server/tools/gomad3/internal/gomadtool/conformance","Test":"TestResolveReturnsOrderedTiersAndSpecificSuccessMessage","Output":"--- PASS: TestResolveReturnsOrderedTiersAndSpecificSuccessMessage (0.00s)\n","OutputType":"frame"}
{"Time":"2026-10-09T21:56:03.854426625Z","Action":"pass","Package":"go.temporal.io/server/tools/gomad3/internal/gomadtool/conformance","Test":"TestResolveReturnsOrderedTiersAndSpecificSuccessMessage","Elapsed":0}
{"Time":"2026-10-09T21:56:03.854430375Z","Action":"run","Package":"go.temporal.io/server/tools/gomad3/internal/gomadtool/conformance","Test":"TestResolveRejectsUnknownMode"}
{"Time":"2026-10-09T21:56:03.854433Z","Action":"output","Package":"go.temporal.io/server/tools/gomad3/internal/gomadtool/conformance","Test":"TestResolveRejectsUnknownMode","Output":"=== RUN   TestResolveRejectsUnknownMode\n","OutputType":"frame"}
{"Time":"2026-10-09T21:56:03.854949625Z","Action":"output","Package":"go.temporal.io/server/tools/gomad3/internal/gomadtool/conformance","Test":"TestResolveRejectsUnknownMode","Output":"--- PASS: TestResolveRejectsUnknownMode (0.00s)\n","OutputType":"frame"}
{"Time":"2026-10-09T21:56:03.854967917Z","Action":"pass","Package":"go.temporal.io/server/tools/gomad3/internal/gomadtool/conformance","Test":"TestResolveRejectsUnknownMode","Elapsed":0}
{"Time":"2026-10-09T21:56:03.8549715Z","Action":"run","Package":"go.temporal.io/server/tools/gomad3/internal/gomadtool/conformance","Test":"TestRuntimeOwnedControlProbe"}
{"Time":"2026-10-09T21:56:03.854973Z","Action":"output","Package":"go.temporal.io/server/tools/gomad3/internal/gomadtool/conformance","Test":"TestRuntimeOwnedControlProbe","Output":"=== RUN   TestRuntimeOwnedControlProbe\n","OutputType":"frame"}
{"Time":"2026-10-09T21:56:03.857601875Z","Action":"output","Package":"go.temporal.io/server/tools/gomad3/internal/gomadtool/conformance","Test":"TestRuntimeOwnedControlProbe","Output":"    runtime_owned_test.go:31: run gomad3 fixture runtime-owned-build: start command \"/tmp/gomad-fn109-parallel.pmgezCtg/task-58/tools/gomad3/.toolchain/bin/go\": fork/exec /tmp/gomad-fn109-parallel.pmgezCtg/task-58/tools/gomad3/.toolchain/bin/go: no such file or directory\n","OutputType":"error"}
{"Time":"2026-10-09T21:56:03.857637708Z","Action":"output","Package":"go.temporal.io/server/tools/gomad3/internal/gomadtool/conformance","Test":"TestRuntimeOwnedControlProbe","Output":"--- FAIL: TestRuntimeOwnedControlProbe (0.00s)\n","OutputType":"frame"}
{"Time":"2026-10-09T21:56:03.857648292Z","Action":"fail","Package":"go.temporal.io/server/tools/gomad3/internal/gomadtool/conformance","Test":"TestRuntimeOwnedControlProbe","Elapsed":0}
{"Time":"2026-10-09T21:56:03.857653583Z","Action":"run","Package":"go.temporal.io/server/tools/gomad3/internal/gomadtool/conformance","Test":"TestRuntimeOwnedRejectsPreviousController"}
{"Time":"2026-10-09T21:56:03.8576565Z","Action":"output","Package":"go.temporal.io/server/tools/gomad3/internal/gomadtool/conformance","Test":"TestRuntimeOwnedRejectsPreviousController","Output":"=== RUN   TestRuntimeOwnedRejectsPreviousController\n","OutputType":"frame"}
{"Time":"2026-10-09T21:56:03.858015083Z","Action":"output","Package":"go.temporal.io/server/tools/gomad3/internal/gomadtool/conformance","Test":"TestRuntimeOwnedRejectsPreviousController","Output":"--- PASS: TestRuntimeOwnedRejectsPreviousController (0.00s)\n","OutputType":"frame"}
{"Time":"2026-10-09T21:56:03.858030375Z","Action":"pass","Package":"go.temporal.io/server/tools/gomad3/internal/gomadtool/conformance","Test":"TestRuntimeOwnedRejectsPreviousController","Elapsed":0}
{"Time":"2026-10-09T21:56:03.858033417Z","Action":"run","Package":"go.temporal.io/server/tools/gomad3/internal/gomadtool/conformance","Test":"TestRuntimeCampaignCollectorProfile"}
{"Time":"2026-10-09T21:56:03.858034792Z","Action":"output","Package":"go.temporal.io/server/tools/gomad3/internal/gomadtool/conformance","Test":"TestRuntimeCampaignCollectorProfile","Output":"=== RUN   TestRuntimeCampaignCollectorProfile\n","OutputType":"frame"}
{"Time":"2026-10-09T21:56:03.85803675Z","Action":"output","Package":"go.temporal.io/server/tools/gomad3/internal/gomadtool/conformance","Test":"TestRuntimeCampaignCollectorProfile","Output":"--- PASS: TestRuntimeCampaignCollectorProfile (0.00s)\n","OutputType":"frame"}
{"Time":"2026-10-09T21:56:03.858038125Z","Action":"pass","Package":"go.temporal.io/server/tools/gomad3/internal/gomadtool/conformance","Test":"TestRuntimeCampaignCollectorProfile","Elapsed":0}
{"Time":"2026-10-09T21:56:03.858039875Z","Action":"run","Package":"go.temporal.io/server/tools/gomad3/internal/gomadtool/conformance","Test":"TestRuntimeCampaignSimulationTimeVectors"}
{"Time":"2026-10-09T21:56:03.858041042Z","Action":"output","Package":"go.temporal.io/server/tools/gomad3/internal/gomadtool/conformance","Test":"TestRuntimeCampaignSimulationTimeVectors","Output":"=== RUN   TestRuntimeCampaignSimulationTimeVectors\n","OutputType":"frame"}
{"Time":"2026-10-09T21:56:03.858042292Z","Action":"run","Package":"go.temporal.io/server/tools/gomad3/internal/gomadtool/conformance","Test":"TestRuntimeCampaignSimulationTimeVectors/selected"}
{"Time":"2026-10-09T21:56:03.858043333Z","Action":"output","Package":"go.temporal.io/server/tools/gomad3/internal/gomadtool/conformance","Test":"TestRuntimeCampaignSimulationTimeVectors/selected","Output":"=== RUN   TestRuntimeCampaignSimulationTimeVectors/selected\n","OutputType":"frame"}
{"Time":"2026-10-09T21:56:03.858045083Z","Action":"output","Package":"go.temporal.io/server/tools/gomad3/internal/gomadtool/conformance","Test":"TestRuntimeCampaignSimulationTimeVectors/selected","Output":"--- PASS: TestRuntimeCampaignSimulationTimeVectors/selected (0.00s)\n","OutputType":"frame"}
{"Time":"2026-10-09T21:56:03.858046458Z","Action":"pass","Package":"go.temporal.io/server/tools/gomad3/internal/gomadtool/conformance","Test":"TestRuntimeCampaignSimulationTimeVectors/selected","Elapsed":0}
{"Time":"2026-10-09T21:56:03.858115958Z","Action":"run","Package":"go.temporal.io/server/tools/gomad3/internal/gomadtool/conformance","Test":"TestRuntimeCampaignSimulationTimeVectors/empty_selection"}
{"Time":"2026-10-09T21:56:03.858118083Z","Action":"output","Package":"go.temporal.io/server/tools/gomad3/internal/gomadtool/conformance","Test":"TestRuntimeCampaignSimulationTimeVectors/empty_selection","Output":"=== RUN   TestRuntimeCampaignSimulationTimeVectors/empty_selection\n","OutputType":"frame"}
{"Time":"2026-10-09T21:56:03.858368208Z","Action":"output","Package":"go.temporal.io/server/tools/gomad3/internal/gomadtool/conformance","Test":"TestRuntimeCampaignSimulationTimeVectors/empty_selection","Output":"--- PASS: TestRuntimeCampaignSimulationTimeVectors/empty_selection (0.00s)\n","OutputType":"frame"}
{"Time":"2026-10-09T21:56:03.858388167Z","Action":"pass","Package":"go.temporal.io/server/tools/gomad3/internal/gomadtool/conformance","Test":"TestRuntimeCampaignSimulationTimeVectors/empty_selection","Elapsed":0}
{"Time":"2026-10-09T21:56:03.858393167Z","Action":"output","Package":"go.temporal.io/server/tools/gomad3/internal/gomadtool/conformance","Test":"TestRuntimeCampaignSimulationTimeVectors","Output":"--- PASS: TestRuntimeCampaignSimulationTimeVectors (0.00s)\n","OutputType":"frame"}
{"Time":"2026-10-09T21:56:03.858399542Z","Action":"pass","Package":"go.temporal.io/server/tools/gomad3/internal/gomadtool/conformance","Test":"TestRuntimeCampaignSimulationTimeVectors","Elapsed":0}
{"Time":"2026-10-09T21:56:03.858401667Z","Action":"run","Package":"go.temporal.io/server/tools/gomad3/internal/gomadtool/conformance","Test":"TestRequireStockCompatibilitySelectsPinnedToolchain"}
{"Time":"2026-10-09T21:56:03.858403Z","Action":"output","Package":"go.temporal.io/server/tools/gomad3/internal/gomadtool/conformance","Test":"TestRequireStockCompatibilitySelectsPinnedToolchain","Output":"=== RUN   TestRequireStockCompatibilitySelectsPinnedToolchain\n","OutputType":"frame"}
{"Time":"2026-10-09T21:56:03.858958333Z","Action":"output","Package":"go.temporal.io/server/tools/gomad3/internal/gomadtool/conformance","Test":"TestRequireStockCompatibilitySelectsPinnedToolchain","Output":"--- PASS: TestRequireStockCompatibilitySelectsPinnedToolchain (0.00s)\n","OutputType":"frame"}
{"Time":"2026-10-09T21:56:03.858983167Z","Action":"pass","Package":"go.temporal.io/server/tools/gomad3/internal/gomadtool/conformance","Test":"TestRequireStockCompatibilitySelectsPinnedToolchain","Elapsed":0}
{"Time":"2026-10-09T21:56:03.858989625Z","Action":"run","Package":"go.temporal.io/server/tools/gomad3/internal/gomadtool/conformance","Test":"TestValidateRandomContract"}
{"Time":"2026-10-09T21:56:03.858992875Z","Action":"output","Package":"go.temporal.io/server/tools/gomad3/internal/gomadtool/conformance","Test":"TestValidateRandomContract","Output":"=== RUN   TestValidateRandomContract\n","OutputType":"frame"}
{"Time":"2026-10-09T21:56:03.85899725Z","Action":"output","Package":"go.temporal.io/server/tools/gomad3/internal/gomadtool/conformance","Test":"TestValidateRandomContract","Output":"--- PASS: TestValidateRandomContract (0.00s)\n","OutputType":"frame"}
{"Time":"2026-10-09T21:56:03.859Z","Action":"pass","Package":"go.temporal.io/server/tools/gomad3/internal/gomadtool/conformance","Test":"TestValidateRandomContract","Elapsed":0}
{"Time":"2026-10-09T21:56:03.859003167Z","Action":"run","Package":"go.temporal.io/server/tools/gomad3/internal/gomadtool/conformance","Test":"TestValidateClockRaceOutput"}
{"Time":"2026-10-09T21:56:03.859008125Z","Action":"output","Package":"go.temporal.io/server/tools/gomad3/internal/gomadtool/conformance","Test":"TestValidateClockRaceOutput","Output":"=== RUN   TestValidateClockRaceOutput\n","OutputType":"frame"}
{"Time":"2026-10-09T21:56:03.859012208Z","Action":"output","Package":"go.temporal.io/server/tools/gomad3/internal/gomadtool/conformance","Test":"TestValidateClockRaceOutput","Output":"--- PASS: TestValidateClockRaceOutput (0.00s)\n","OutputType":"frame"}
{"Time":"2026-10-09T21:56:03.859015208Z","Action":"pass","Package":"go.temporal.io/server/tools/gomad3/internal/gomadtool/conformance","Test":"TestValidateClockRaceOutput","Elapsed":0}
{"Time":"2026-10-09T21:56:03.859018625Z","Action":"run","Package":"go.temporal.io/server/tools/gomad3/internal/gomadtool/conformance","Test":"TestBenchmarkMedianNS"}
{"Time":"2026-10-09T21:56:03.859021Z","Action":"output","Package":"go.temporal.io/server/tools/gomad3/internal/gomadtool/conformance","Test":"TestBenchmarkMedianNS","Output":"=== RUN   TestBenchmarkMedianNS\n","OutputType":"frame"}
{"Time":"2026-10-09T21:56:03.859025083Z","Action":"output","Package":"go.temporal.io/server/tools/gomad3/internal/gomadtool/conformance","Test":"TestBenchmarkMedianNS","Output":"--- PASS: TestBenchmarkMedianNS (0.00s)\n","OutputType":"frame"}
{"Time":"2026-10-09T21:56:03.85902775Z","Action":"pass","Package":"go.temporal.io/server/tools/gomad3/internal/gomadtool/conformance","Test":"TestBenchmarkMedianNS","Elapsed":0}
{"Time":"2026-10-09T21:56:03.85903075Z","Action":"run","Package":"go.temporal.io/server/tools/gomad3/internal/gomadtool/conformance","Test":"TestRepeatabilityMismatchRetainsDivergentEvidence"}
{"Time":"2026-10-09T21:56:03.859033875Z","Action":"output","Package":"go.temporal.io/server/tools/gomad3/internal/gomadtool/conformance","Test":"TestRepeatabilityMismatchRetainsDivergentEvidence","Output":"=== RUN   TestRepeatabilityMismatchRetainsDivergentEvidence\n","OutputType":"frame"}
{"Time":"2026-10-09T21:56:03.859043667Z","Action":"output","Package":"go.temporal.io/server/tools/gomad3/internal/gomadtool/conformance","Test":"TestRepeatabilityMismatchRetainsDivergentEvidence","Output":"--- PASS: TestRepeatabilityMismatchRetainsDivergentEvidence (0.00s)\n","OutputType":"frame"}
{"Time":"2026-10-09T21:56:03.859047Z","Action":"pass","Package":"go.temporal.io/server/tools/gomad3/internal/gomadtool/conformance","Test":"TestRepeatabilityMismatchRetainsDivergentEvidence","Elapsed":0}
{"Time":"2026-10-09T21:56:03.85904975Z","Action":"run","Package":"go.temporal.io/server/tools/gomad3/internal/gomadtool/conformance","Test":"TestRuntimeSearchFixtures"}
{"Time":"2026-10-09T21:56:03.859052Z","Action":"output","Package":"go.temporal.io/server/tools/gomad3/internal/gomadtool/conformance","Test":"TestRuntimeSearchFixtures","Output":"=== RUN   TestRuntimeSearchFixtures\n","OutputType":"frame"}
{"Time":"2026-10-09T21:56:03.859055042Z","Action":"output","Package":"go.temporal.io/server/tools/gomad3/internal/gomadtool/conformance","Test":"TestRuntimeSearchFixtures","Output":"    runtime_test.go:184: patched toolchain is not installed\n"}
{"Time":"2026-10-09T21:56:03.859058292Z","Action":"output","Package":"go.temporal.io/server/tools/gomad3/internal/gomadtool/conformance","Test":"TestRuntimeSearchFixtures","Output":"--- SKIP: TestRuntimeSearchFixtures (0.00s)\n","OutputType":"frame"}
{"Time":"2026-10-09T21:56:03.859060917Z","Action":"skip","Package":"go.temporal.io/server/tools/gomad3/internal/gomadtool/conformance","Test":"TestRuntimeSearchFixtures","Elapsed":0}
{"Time":"2026-10-09T21:56:03.8590635Z","Action":"run","Package":"go.temporal.io/server/tools/gomad3/internal/gomadtool/conformance","Test":"TestRuntimeChannelFixtures"}
{"Time":"2026-10-09T21:56:03.85906575Z","Action":"output","Package":"go.temporal.io/server/tools/gomad3/internal/gomadtool/conformance","Test":"TestRuntimeChannelFixtures","Output":"=== RUN   TestRuntimeChannelFixtures\n","OutputType":"frame"}
{"Time":"2026-10-09T21:56:03.859068708Z","Action":"output","Package":"go.temporal.io/server/tools/gomad3/internal/gomadtool/conformance","Test":"TestRuntimeChannelFixtures","Output":"    runtime_test.go:241: patched toolchain is not installed\n"}
{"Time":"2026-10-09T21:56:03.859072042Z","Action":"output","Package":"go.temporal.io/server/tools/gomad3/internal/gomadtool/conformance","Test":"TestRuntimeChannelFixtures","Output":"--- SKIP: TestRuntimeChannelFixtures (0.00s)\n","OutputType":"frame"}
{"Time":"2026-10-09T21:56:03.859074667Z","Action":"skip","Package":"go.temporal.io/server/tools/gomad3/internal/gomadtool/conformance","Test":"TestRuntimeChannelFixtures","Elapsed":0}
{"Time":"2026-10-09T21:56:03.859077208Z","Action":"run","Package":"go.temporal.io/server/tools/gomad3/internal/gomadtool/conformance","Test":"TestTimerCallbackAssociationRejectsUnidentifiedHandoff"}
{"Time":"2026-10-09T21:56:03.859079542Z","Action":"output","Package":"go.temporal.io/server/tools/gomad3/internal/gomadtool/conformance","Test":"TestTimerCallbackAssociationRejectsUnidentifiedHandoff","Output":"=== RUN   TestTimerCallbackAssociationRejectsUnidentifiedHandoff\n","OutputType":"frame"}
{"Time":"2026-10-09T21:56:03.859085417Z","Action":"output","Package":"go.temporal.io/server/tools/gomad3/internal/gomadtool/conformance","Test":"TestTimerCallbackAssociationRejectsUnidentifiedHandoff","Output":"--- PASS: TestTimerCallbackAssociationRejectsUnidentifiedHandoff (0.00s)\n","OutputType":"frame"}
{"Time":"2026-10-09T21:56:03.859088333Z","Action":"pass","Package":"go.temporal.io/server/tools/gomad3/internal/gomadtool/conformance","Test":"TestTimerCallbackAssociationRejectsUnidentifiedHandoff","Elapsed":0}
{"Time":"2026-10-09T21:56:03.859091208Z","Action":"run","Package":"go.temporal.io/server/tools/gomad3/internal/gomadtool/conformance","Test":"TestStableHandoffsRequireOneAlternativeSetAndConsistentLeaders"}
{"Time":"2026-10-09T21:56:03.859093583Z","Action":"output","Package":"go.temporal.io/server/tools/gomad3/internal/gomadtool/conformance","Test":"TestStableHandoffsRequireOneAlternativeSetAndConsistentLeaders","Output":"=== RUN   TestStableHandoffsRequireOneAlternativeSetAndConsistentLeaders\n","OutputType":"frame"}
{"Time":"2026-10-09T21:56:03.859097833Z","Action":"output","Package":"go.temporal.io/server/tools/gomad3/internal/gomadtool/conformance","Test":"TestStableHandoffsRequireOneAlternativeSetAndConsistentLeaders","Output":"--- PASS: TestStableHandoffsRequireOneAlternativeSetAndConsistentLeaders (0.00s)\n","OutputType":"frame"}
{"Time":"2026-10-09T21:56:03.859101167Z","Action":"pass","Package":"go.temporal.io/server/tools/gomad3/internal/gomadtool/conformance","Test":"TestStableHandoffsRequireOneAlternativeSetAndConsistentLeaders","Elapsed":0}
{"Time":"2026-10-09T21:56:03.859103667Z","Action":"output","Package":"go.temporal.io/server/tools/gomad3/internal/gomadtool/conformance","Output":"FAIL\n","OutputType":"frame"}
{"Time":"2026-10-09T21:56:03.859700708Z","Action":"output","Package":"go.temporal.io/server/tools/gomad3/internal/gomadtool/conformance","Output":"FAIL\tgo.temporal.io/server/tools/gomad3/internal/gomadtool/conformance\t0.057s\n","OutputType":"frame"}
{"Time":"2026-10-09T21:56:03.859726125Z","Action":"fail","Package":"go.temporal.io/server/tools/gomad3/internal/gomadtool/conformance","Elapsed":0.058}
