{"Time":"2026-10-08T13:02:46.585126527Z","Action":"start","Package":"go.temporal.io/server/tools/gomad3/qualification"}
{"Time":"2026-10-08T13:02:46.589627652Z","Action":"run","Package":"go.temporal.io/server/tools/gomad3/qualification","Test":"TestDiagnosticsIdentifyFreshPairAfterEarlierOutputDivergence"}
{"Time":"2026-10-08T13:02:46.589678735Z","Action":"output","Package":"go.temporal.io/server/tools/gomad3/qualification","Test":"TestDiagnosticsIdentifyFreshPairAfterEarlierOutputDivergence","Output":"=== RUN   TestDiagnosticsIdentifyFreshPairAfterEarlierOutputDivergence\n","OutputType":"frame"}
{"Time":"2026-10-08T13:02:46.597527152Z","Action":"output","Package":"go.temporal.io/server/tools/gomad3/qualification","Test":"TestDiagnosticsIdentifyFreshPairAfterEarlierOutputDivergence","Output":"--- PASS: TestDiagnosticsIdentifyFreshPairAfterEarlierOutputDivergence (0.01s)\n","OutputType":"frame"}
{"Time":"2026-10-08T13:02:46.597551943Z","Action":"pass","Package":"go.temporal.io/server/tools/gomad3/qualification","Test":"TestDiagnosticsIdentifyFreshPairAfterEarlierOutputDivergence","Elapsed":0.01}
{"Time":"2026-10-08T13:02:46.597564735Z","Action":"run","Package":"go.temporal.io/server/tools/gomad3/qualification","Test":"TestQualificationRejectsChangedDiagnosticTraceAndEvidence"}
{"Time":"2026-10-08T13:02:46.597568193Z","Action":"output","Package":"go.temporal.io/server/tools/gomad3/qualification","Test":"TestQualificationRejectsChangedDiagnosticTraceAndEvidence","Output":"=== RUN   TestQualificationRejectsChangedDiagnosticTraceAndEvidence\n","OutputType":"frame"}
{"Time":"2026-10-08T13:02:46.597572318Z","Action":"run","Package":"go.temporal.io/server/tools/gomad3/qualification","Test":"TestQualificationRejectsChangedDiagnosticTraceAndEvidence/file"}
{"Time":"2026-10-08T13:02:46.597578818Z","Action":"output","Package":"go.temporal.io/server/tools/gomad3/qualification","Test":"TestQualificationRejectsChangedDiagnosticTraceAndEvidence/file","Output":"=== RUN   TestQualificationRejectsChangedDiagnosticTraceAndEvidence/file\n","OutputType":"frame"}
{"Time":"2026-10-08T13:02:46.59959611Z","Action":"output","Package":"go.temporal.io/server/tools/gomad3/qualification","Test":"TestQualificationRejectsChangedDiagnosticTraceAndEvidence/file","Output":"--- PASS: TestQualificationRejectsChangedDiagnosticTraceAndEvidence/file (0.00s)\n","OutputType":"frame"}
{"Time":"2026-10-08T13:02:46.59961786Z","Action":"pass","Package":"go.temporal.io/server/tools/gomad3/qualification","Test":"TestQualificationRejectsChangedDiagnosticTraceAndEvidence/file","Elapsed":0}
{"Time":"2026-10-08T13:02:46.59962236Z","Action":"run","Package":"go.temporal.io/server/tools/gomad3/qualification","Test":"TestQualificationRejectsChangedDiagnosticTraceAndEvidence/evidence"}
{"Time":"2026-10-08T13:02:46.599625068Z","Action":"output","Package":"go.temporal.io/server/tools/gomad3/qualification","Test":"TestQualificationRejectsChangedDiagnosticTraceAndEvidence/evidence","Output":"=== RUN   TestQualificationRejectsChangedDiagnosticTraceAndEvidence/evidence\n","OutputType":"frame"}
{"Time":"2026-10-08T13:02:46.60027486Z","Action":"output","Package":"go.temporal.io/server/tools/gomad3/qualification","Test":"TestQualificationRejectsChangedDiagnosticTraceAndEvidence/evidence","Output":"--- PASS: TestQualificationRejectsChangedDiagnosticTraceAndEvidence/evidence (0.00s)\n","OutputType":"frame"}
{"Time":"2026-10-08T13:02:46.600291902Z","Action":"pass","Package":"go.temporal.io/server/tools/gomad3/qualification","Test":"TestQualificationRejectsChangedDiagnosticTraceAndEvidence/evidence","Elapsed":0}
{"Time":"2026-10-08T13:02:46.600297068Z","Action":"run","Package":"go.temporal.io/server/tools/gomad3/qualification","Test":"TestQualificationRejectsChangedDiagnosticTraceAndEvidence/second_evidence"}
{"Time":"2026-10-08T13:02:46.600302777Z","Action":"output","Package":"go.temporal.io/server/tools/gomad3/qualification","Test":"TestQualificationRejectsChangedDiagnosticTraceAndEvidence/second_evidence","Output":"=== RUN   TestQualificationRejectsChangedDiagnosticTraceAndEvidence/second_evidence\n","OutputType":"frame"}
{"Time":"2026-10-08T13:02:46.877580568Z","Action":"output","Package":"go.temporal.io/server/tools/gomad3/qualification","Test":"TestQualificationRejectsChangedDiagnosticTraceAndEvidence/second_evidence","Output":"--- PASS: TestQualificationRejectsChangedDiagnosticTraceAndEvidence/second_evidence (0.28s)\n","OutputType":"frame"}
{"Time":"2026-10-08T13:02:46.877623402Z","Action":"pass","Package":"go.temporal.io/server/tools/gomad3/qualification","Test":"TestQualificationRejectsChangedDiagnosticTraceAndEvidence/second_evidence","Elapsed":0.28}
{"Time":"2026-10-08T13:02:46.877635985Z","Action":"run","Package":"go.temporal.io/server/tools/gomad3/qualification","Test":"TestQualificationRejectsChangedDiagnosticTraceAndEvidence/missing"}
{"Time":"2026-10-08T13:02:46.877639485Z","Action":"output","Package":"go.temporal.io/server/tools/gomad3/qualification","Test":"TestQualificationRejectsChangedDiagnosticTraceAndEvidence/missing","Output":"=== RUN   TestQualificationRejectsChangedDiagnosticTraceAndEvidence/missing\n","OutputType":"frame"}
{"Time":"2026-10-08T13:02:46.87846461Z","Action":"output","Package":"go.temporal.io/server/tools/gomad3/qualification","Test":"TestQualificationRejectsChangedDiagnosticTraceAndEvidence/missing","Output":"--- PASS: TestQualificationRejectsChangedDiagnosticTraceAndEvidence/missing (0.00s)\n","OutputType":"frame"}
{"Time":"2026-10-08T13:02:46.878485235Z","Action":"pass","Package":"go.temporal.io/server/tools/gomad3/qualification","Test":"TestQualificationRejectsChangedDiagnosticTraceAndEvidence/missing","Elapsed":0}
{"Time":"2026-10-08T13:02:46.878489277Z","Action":"output","Package":"go.temporal.io/server/tools/gomad3/qualification","Test":"TestQualificationRejectsChangedDiagnosticTraceAndEvidence","Output":"--- PASS: TestQualificationRejectsChangedDiagnosticTraceAndEvidence (0.28s)\n","OutputType":"frame"}
{"Time":"2026-10-08T13:02:46.878490943Z","Action":"pass","Package":"go.temporal.io/server/tools/gomad3/qualification","Test":"TestQualificationRejectsChangedDiagnosticTraceAndEvidence","Elapsed":0.28}
{"Time":"2026-10-08T13:02:46.878493235Z","Action":"run","Package":"go.temporal.io/server/tools/gomad3/qualification","Test":"TestDiagnosticsPreserveInterruptedQualificationEvidence"}
{"Time":"2026-10-08T13:02:46.878495568Z","Action":"output","Package":"go.temporal.io/server/tools/gomad3/qualification","Test":"TestDiagnosticsPreserveInterruptedQualificationEvidence","Output":"=== RUN   TestDiagnosticsPreserveInterruptedQualificationEvidence\n","OutputType":"frame"}
{"Time":"2026-10-08T13:02:46.878499568Z","Action":"run","Package":"go.temporal.io/server/tools/gomad3/qualification","Test":"TestDiagnosticsPreserveInterruptedQualificationEvidence/watchdog_timeout/first=false"}
{"Time":"2026-10-08T13:02:46.878502027Z","Action":"output","Package":"go.temporal.io/server/tools/gomad3/qualification","Test":"TestDiagnosticsPreserveInterruptedQualificationEvidence/watchdog_timeout/first=false","Output":"=== RUN   TestDiagnosticsPreserveInterruptedQualificationEvidence/watchdog_timeout/first=false\n","OutputType":"frame"}
{"Time":"2026-10-08T13:02:46.892411193Z","Action":"output","Package":"go.temporal.io/server/tools/gomad3/qualification","Test":"TestDiagnosticsPreserveInterruptedQualificationEvidence/watchdog_timeout/first=false","Output":"--- PASS: TestDiagnosticsPreserveInterruptedQualificationEvidence/watchdog_timeout/first=false (0.01s)\n","OutputType":"frame"}
{"Time":"2026-10-08T13:02:46.892429152Z","Action":"pass","Package":"go.temporal.io/server/tools/gomad3/qualification","Test":"TestDiagnosticsPreserveInterruptedQualificationEvidence/watchdog_timeout/first=false","Elapsed":0.01}
{"Time":"2026-10-08T13:02:46.892434735Z","Action":"run","Package":"go.temporal.io/server/tools/gomad3/qualification","Test":"TestDiagnosticsPreserveInterruptedQualificationEvidence/watchdog_timeout/first=true"}
{"Time":"2026-10-08T13:02:46.892436777Z","Action":"output","Package":"go.temporal.io/server/tools/gomad3/qualification","Test":"TestDiagnosticsPreserveInterruptedQualificationEvidence/watchdog_timeout/first=true","Output":"=== RUN   TestDiagnosticsPreserveInterruptedQualificationEvidence/watchdog_timeout/first=true\n","OutputType":"frame"}
{"Time":"2026-10-08T13:02:46.902532152Z","Action":"output","Package":"go.temporal.io/server/tools/gomad3/qualification","Test":"TestDiagnosticsPreserveInterruptedQualificationEvidence/watchdog_timeout/first=true","Output":"--- PASS: TestDiagnosticsPreserveInterruptedQualificationEvidence/watchdog_timeout/first=true (0.01s)\n","OutputType":"frame"}
{"Time":"2026-10-08T13:02:46.902547902Z","Action":"pass","Package":"go.temporal.io/server/tools/gomad3/qualification","Test":"TestDiagnosticsPreserveInterruptedQualificationEvidence/watchdog_timeout/first=true","Elapsed":0.01}
{"Time":"2026-10-08T13:02:46.902557485Z","Action":"run","Package":"go.temporal.io/server/tools/gomad3/qualification","Test":"TestDiagnosticsPreserveInterruptedQualificationEvidence/runner_cancelled/first=false"}
{"Time":"2026-10-08T13:02:46.90256061Z","Action":"output","Package":"go.temporal.io/server/tools/gomad3/qualification","Test":"TestDiagnosticsPreserveInterruptedQualificationEvidence/runner_cancelled/first=false","Output":"=== RUN   TestDiagnosticsPreserveInterruptedQualificationEvidence/runner_cancelled/first=false\n","OutputType":"frame"}
{"Time":"2026-10-08T13:02:46.912801027Z","Action":"output","Package":"go.temporal.io/server/tools/gomad3/qualification","Test":"TestDiagnosticsPreserveInterruptedQualificationEvidence/runner_cancelled/first=false","Output":"--- PASS: TestDiagnosticsPreserveInterruptedQualificationEvidence/runner_cancelled/first=false (0.01s)\n","OutputType":"frame"}
{"Time":"2026-10-08T13:02:46.91282386Z","Action":"pass","Package":"go.temporal.io/server/tools/gomad3/qualification","Test":"TestDiagnosticsPreserveInterruptedQualificationEvidence/runner_cancelled/first=false","Elapsed":0.01}
{"Time":"2026-10-08T13:02:46.912828818Z","Action":"run","Package":"go.temporal.io/server/tools/gomad3/qualification","Test":"TestDiagnosticsPreserveInterruptedQualificationEvidence/runner_cancelled/first=true"}
{"Time":"2026-10-08T13:02:46.912830735Z","Action":"output","Package":"go.temporal.io/server/tools/gomad3/qualification","Test":"TestDiagnosticsPreserveInterruptedQualificationEvidence/runner_cancelled/first=true","Output":"=== RUN   TestDiagnosticsPreserveInterruptedQualificationEvidence/runner_cancelled/first=true\n","OutputType":"frame"}
{"Time":"2026-10-08T13:02:46.921430068Z","Action":"output","Package":"go.temporal.io/server/tools/gomad3/qualification","Test":"TestDiagnosticsPreserveInterruptedQualificationEvidence/runner_cancelled/first=true","Output":"--- PASS: TestDiagnosticsPreserveInterruptedQualificationEvidence/runner_cancelled/first=true (0.01s)\n","OutputType":"frame"}
{"Time":"2026-10-08T13:02:46.921446318Z","Action":"pass","Package":"go.temporal.io/server/tools/gomad3/qualification","Test":"TestDiagnosticsPreserveInterruptedQualificationEvidence/runner_cancelled/first=true","Elapsed":0.01}
{"Time":"2026-10-08T13:02:46.921450318Z","Action":"output","Package":"go.temporal.io/server/tools/gomad3/qualification","Test":"TestDiagnosticsPreserveInterruptedQualificationEvidence","Output":"--- PASS: TestDiagnosticsPreserveInterruptedQualificationEvidence (0.04s)\n","OutputType":"frame"}
{"Time":"2026-10-08T13:02:46.92145286Z","Action":"pass","Package":"go.temporal.io/server/tools/gomad3/qualification","Test":"TestDiagnosticsPreserveInterruptedQualificationEvidence","Elapsed":0.04}
{"Time":"2026-10-08T13:02:46.921455402Z","Action":"run","Package":"go.temporal.io/server/tools/gomad3/qualification","Test":"TestDiagnosticsRejectCorruptedSavedReportBindings"}
{"Time":"2026-10-08T13:02:46.921460568Z","Action":"output","Package":"go.temporal.io/server/tools/gomad3/qualification","Test":"TestDiagnosticsRejectCorruptedSavedReportBindings","Output":"=== RUN   TestDiagnosticsRejectCorruptedSavedReportBindings\n","OutputType":"frame"}
{"Time":"2026-10-08T13:02:46.921463693Z","Action":"run","Package":"go.temporal.io/server/tools/gomad3/qualification","Test":"TestDiagnosticsRejectCorruptedSavedReportBindings/different=false/missing"}
{"Time":"2026-10-08T13:02:46.921466985Z","Action":"output","Package":"go.temporal.io/server/tools/gomad3/qualification","Test":"TestDiagnosticsRejectCorruptedSavedReportBindings/different=false/missing","Output":"=== RUN   TestDiagnosticsRejectCorruptedSavedReportBindings/different=false/missing\n","OutputType":"frame"}
{"Time":"2026-10-08T13:02:46.923660068Z","Action":"output","Package":"go.temporal.io/server/tools/gomad3/qualification","Test":"TestDiagnosticsRejectCorruptedSavedReportBindings/different=false/missing","Output":"--- PASS: TestDiagnosticsRejectCorruptedSavedReportBindings/different=false/missing (0.00s)\n","OutputType":"frame"}
{"Time":"2026-10-08T13:02:46.92367036Z","Action":"pass","Package":"go.temporal.io/server/tools/gomad3/qualification","Test":"TestDiagnosticsRejectCorruptedSavedReportBindings/different=false/missing","Elapsed":0}
{"Time":"2026-10-08T13:02:46.923673318Z","Action":"run","Package":"go.temporal.io/server/tools/gomad3/qualification","Test":"TestDiagnosticsRejectCorruptedSavedReportBindings/different=false/contradictory"}
{"Time":"2026-10-08T13:02:46.923674818Z","Action":"output","Package":"go.temporal.io/server/tools/gomad3/qualification","Test":"TestDiagnosticsRejectCorruptedSavedReportBindings/different=false/contradictory","Output":"=== RUN   TestDiagnosticsRejectCorruptedSavedReportBindings/different=false/contradictory\n","OutputType":"frame"}
{"Time":"2026-10-08T13:02:46.925442777Z","Action":"output","Package":"go.temporal.io/server/tools/gomad3/qualification","Test":"TestDiagnosticsRejectCorruptedSavedReportBindings/different=false/contradictory","Output":"--- PASS: TestDiagnosticsRejectCorruptedSavedReportBindings/different=false/contradictory (0.00s)\n","OutputType":"frame"}
{"Time":"2026-10-08T13:02:46.925460777Z","Action":"pass","Package":"go.temporal.io/server/tools/gomad3/qualification","Test":"TestDiagnosticsRejectCorruptedSavedReportBindings/different=false/contradictory","Elapsed":0}
{"Time":"2026-10-08T13:02:46.925464235Z","Action":"run","Package":"go.temporal.io/server/tools/gomad3/qualification","Test":"TestDiagnosticsRejectCorruptedSavedReportBindings/different=false/evidence_missing"}
{"Time":"2026-10-08T13:02:46.925466318Z","Action":"output","Package":"go.temporal.io/server/tools/gomad3/qualification","Test":"TestDiagnosticsRejectCorruptedSavedReportBindings/different=false/evidence_missing","Output":"=== RUN   TestDiagnosticsRejectCorruptedSavedReportBindings/different=false/evidence_missing\n","OutputType":"frame"}
{"Time":"2026-10-08T13:02:46.92715811Z","Action":"output","Package":"go.temporal.io/server/tools/gomad3/qualification","Test":"TestDiagnosticsRejectCorruptedSavedReportBindings/different=false/evidence_missing","Output":"--- PASS: TestDiagnosticsRejectCorruptedSavedReportBindings/different=false/evidence_missing (0.00s)\n","OutputType":"frame"}
{"Time":"2026-10-08T13:02:46.927169443Z","Action":"pass","Package":"go.temporal.io/server/tools/gomad3/qualification","Test":"TestDiagnosticsRejectCorruptedSavedReportBindings/different=false/evidence_missing","Elapsed":0}
{"Time":"2026-10-08T13:02:46.927172068Z","Action":"run","Package":"go.temporal.io/server/tools/gomad3/qualification","Test":"TestDiagnosticsRejectCorruptedSavedReportBindings/different=false/evidence_altered"}
{"Time":"2026-10-08T13:02:46.927173485Z","Action":"output","Package":"go.temporal.io/server/tools/gomad3/qualification","Test":"TestDiagnosticsRejectCorruptedSavedReportBindings/different=false/evidence_altered","Output":"=== RUN   TestDiagnosticsRejectCorruptedSavedReportBindings/different=false/evidence_altered\n","OutputType":"frame"}
{"Time":"2026-10-08T13:02:46.928829818Z","Action":"output","Package":"go.temporal.io/server/tools/gomad3/qualification","Test":"TestDiagnosticsRejectCorruptedSavedReportBindings/different=false/evidence_altered","Output":"--- PASS: TestDiagnosticsRejectCorruptedSavedReportBindings/different=false/evidence_altered (0.00s)\n","OutputType":"frame"}
{"Time":"2026-10-08T13:02:46.92884211Z","Action":"pass","Package":"go.temporal.io/server/tools/gomad3/qualification","Test":"TestDiagnosticsRejectCorruptedSavedReportBindings/different=false/evidence_altered","Elapsed":0}
{"Time":"2026-10-08T13:02:46.928844527Z","Action":"run","Package":"go.temporal.io/server/tools/gomad3/qualification","Test":"TestDiagnosticsRejectCorruptedSavedReportBindings/different=false/status_missing"}
{"Time":"2026-10-08T13:02:46.92884661Z","Action":"output","Package":"go.temporal.io/server/tools/gomad3/qualification","Test":"TestDiagnosticsRejectCorruptedSavedReportBindings/different=false/status_missing","Output":"=== RUN   TestDiagnosticsRejectCorruptedSavedReportBindings/different=false/status_missing\n","OutputType":"frame"}
{"Time":"2026-10-08T13:02:46.930718235Z","Action":"output","Package":"go.temporal.io/server/tools/gomad3/qualification","Test":"TestDiagnosticsRejectCorruptedSavedReportBindings/different=false/status_missing","Output":"--- PASS: TestDiagnosticsRejectCorruptedSavedReportBindings/different=false/status_missing (0.00s)\n","OutputType":"frame"}
{"Time":"2026-10-08T13:02:46.930731402Z","Action":"pass","Package":"go.temporal.io/server/tools/gomad3/qualification","Test":"TestDiagnosticsRejectCorruptedSavedReportBindings/different=false/status_missing","Elapsed":0}
{"Time":"2026-10-08T13:02:46.930734568Z","Action":"run","Package":"go.temporal.io/server/tools/gomad3/qualification","Test":"TestDiagnosticsRejectCorruptedSavedReportBindings/different=false/status_contradictory"}
{"Time":"2026-10-08T13:02:46.93073611Z","Action":"output","Package":"go.temporal.io/server/tools/gomad3/qualification","Test":"TestDiagnosticsRejectCorruptedSavedReportBindings/different=false/status_contradictory","Output":"=== RUN   TestDiagnosticsRejectCorruptedSavedReportBindings/different=false/status_contradictory\n","OutputType":"frame"}
{"Time":"2026-10-08T13:02:46.932768943Z","Action":"output","Package":"go.temporal.io/server/tools/gomad3/qualification","Test":"TestDiagnosticsRejectCorruptedSavedReportBindings/different=false/status_contradictory","Output":"--- PASS: TestDiagnosticsRejectCorruptedSavedReportBindings/different=false/status_contradictory (0.00s)\n","OutputType":"frame"}
{"Time":"2026-10-08T13:02:46.932782193Z","Action":"pass","Package":"go.temporal.io/server/tools/gomad3/qualification","Test":"TestDiagnosticsRejectCorruptedSavedReportBindings/different=false/status_contradictory","Elapsed":0}
{"Time":"2026-10-08T13:02:46.932795068Z","Action":"run","Package":"go.temporal.io/server/tools/gomad3/qualification","Test":"TestDiagnosticsRejectCorruptedSavedReportBindings/different=false/baseline_digest"}
{"Time":"2026-10-08T13:02:46.93280686Z","Action":"output","Package":"go.temporal.io/server/tools/gomad3/qualification","Test":"TestDiagnosticsRejectCorruptedSavedReportBindings/different=false/baseline_digest","Output":"=== RUN   TestDiagnosticsRejectCorruptedSavedReportBindings/different=false/baseline_digest\n","OutputType":"frame"}
{"Time":"2026-10-08T13:02:46.93473186Z","Action":"output","Package":"go.temporal.io/server/tools/gomad3/qualification","Test":"TestDiagnosticsRejectCorruptedSavedReportBindings/different=false/baseline_digest","Output":"--- PASS: TestDiagnosticsRejectCorruptedSavedReportBindings/different=false/baseline_digest (0.00s)\n","OutputType":"frame"}
{"Time":"2026-10-08T13:02:46.93474186Z","Action":"pass","Package":"go.temporal.io/server/tools/gomad3/qualification","Test":"TestDiagnosticsRejectCorruptedSavedReportBindings/different=false/baseline_digest","Elapsed":0}
{"Time":"2026-10-08T13:02:46.934745068Z","Action":"run","Package":"go.temporal.io/server/tools/gomad3/qualification","Test":"TestDiagnosticsRejectCorruptedSavedReportBindings/different=true/missing"}
{"Time":"2026-10-08T13:02:46.934746735Z","Action":"output","Package":"go.temporal.io/server/tools/gomad3/qualification","Test":"TestDiagnosticsRejectCorruptedSavedReportBindings/different=true/missing","Output":"=== RUN   TestDiagnosticsRejectCorruptedSavedReportBindings/different=true/missing\n","OutputType":"frame"}
{"Time":"2026-10-08T13:02:46.937045068Z","Action":"output","Package":"go.temporal.io/server/tools/gomad3/qualification","Test":"TestDiagnosticsRejectCorruptedSavedReportBindings/different=true/missing","Output":"--- PASS: TestDiagnosticsRejectCorruptedSavedReportBindings/different=true/missing (0.00s)\n","OutputType":"frame"}
{"Time":"2026-10-08T13:02:46.937055902Z","Action":"pass","Package":"go.temporal.io/server/tools/gomad3/qualification","Test":"TestDiagnosticsRejectCorruptedSavedReportBindings/different=true/missing","Elapsed":0}
{"Time":"2026-10-08T13:02:46.937059277Z","Action":"run","Package":"go.temporal.io/server/tools/gomad3/qualification","Test":"TestDiagnosticsRejectCorruptedSavedReportBindings/different=true/contradictory"}
{"Time":"2026-10-08T13:02:46.937060902Z","Action":"output","Package":"go.temporal.io/server/tools/gomad3/qualification","Test":"TestDiagnosticsRejectCorruptedSavedReportBindings/different=true/contradictory","Output":"=== RUN   TestDiagnosticsRejectCorruptedSavedReportBindings/different=true/contradictory\n","OutputType":"frame"}
{"Time":"2026-10-08T13:02:46.939280985Z","Action":"output","Package":"go.temporal.io/server/tools/gomad3/qualification","Test":"TestDiagnosticsRejectCorruptedSavedReportBindings/different=true/contradictory","Output":"--- PASS: TestDiagnosticsRejectCorruptedSavedReportBindings/different=true/contradictory (0.00s)\n","OutputType":"frame"}
{"Time":"2026-10-08T13:02:46.93929111Z","Action":"pass","Package":"go.temporal.io/server/tools/gomad3/qualification","Test":"TestDiagnosticsRejectCorruptedSavedReportBindings/different=true/contradictory","Elapsed":0}
{"Time":"2026-10-08T13:02:46.939293902Z","Action":"run","Package":"go.temporal.io/server/tools/gomad3/qualification","Test":"TestDiagnosticsRejectCorruptedSavedReportBindings/different=true/evidence_missing"}
{"Time":"2026-10-08T13:02:46.939295985Z","Action":"output","Package":"go.temporal.io/server/tools/gomad3/qualification","Test":"TestDiagnosticsRejectCorruptedSavedReportBindings/different=true/evidence_missing","Output":"=== RUN   TestDiagnosticsRejectCorruptedSavedReportBindings/different=true/evidence_missing\n","OutputType":"frame"}
{"Time":"2026-10-08T13:02:46.941444193Z","Action":"output","Package":"go.temporal.io/server/tools/gomad3/qualification","Test":"TestDiagnosticsRejectCorruptedSavedReportBindings/different=true/evidence_missing","Output":"--- PASS: TestDiagnosticsRejectCorruptedSavedReportBindings/different=true/evidence_missing (0.00s)\n","OutputType":"frame"}
{"Time":"2026-10-08T13:02:46.941455735Z","Action":"pass","Package":"go.temporal.io/server/tools/gomad3/qualification","Test":"TestDiagnosticsRejectCorruptedSavedReportBindings/different=true/evidence_missing","Elapsed":0}
{"Time":"2026-10-08T13:02:46.941460818Z","Action":"run","Package":"go.temporal.io/server/tools/gomad3/qualification","Test":"TestDiagnosticsRejectCorruptedSavedReportBindings/different=true/evidence_altered"}
{"Time":"2026-10-08T13:02:46.941462652Z","Action":"output","Package":"go.temporal.io/server/tools/gomad3/qualification","Test":"TestDiagnosticsRejectCorruptedSavedReportBindings/different=true/evidence_altered","Output":"=== RUN   TestDiagnosticsRejectCorruptedSavedReportBindings/different=true/evidence_altered\n","OutputType":"frame"}
{"Time":"2026-10-08T13:02:46.943775527Z","Action":"output","Package":"go.temporal.io/server/tools/gomad3/qualification","Test":"TestDiagnosticsRejectCorruptedSavedReportBindings/different=true/evidence_altered","Output":"--- PASS: TestDiagnosticsRejectCorruptedSavedReportBindings/different=true/evidence_altered (0.00s)\n","OutputType":"frame"}
{"Time":"2026-10-08T13:02:46.943794985Z","Action":"pass","Package":"go.temporal.io/server/tools/gomad3/qualification","Test":"TestDiagnosticsRejectCorruptedSavedReportBindings/different=true/evidence_altered","Elapsed":0}
{"Time":"2026-10-08T13:02:46.943798693Z","Action":"run","Package":"go.temporal.io/server/tools/gomad3/qualification","Test":"TestDiagnosticsRejectCorruptedSavedReportBindings/different=true/status_missing"}
{"Time":"2026-10-08T13:02:46.943800777Z","Action":"output","Package":"go.temporal.io/server/tools/gomad3/qualification","Test":"TestDiagnosticsRejectCorruptedSavedReportBindings/different=true/status_missing","Output":"=== RUN   TestDiagnosticsRejectCorruptedSavedReportBindings/different=true/status_missing\n","OutputType":"frame"}
{"Time":"2026-10-08T13:02:46.946049818Z","Action":"output","Package":"go.temporal.io/server/tools/gomad3/qualification","Test":"TestDiagnosticsRejectCorruptedSavedReportBindings/different=true/status_missing","Output":"--- PASS: TestDiagnosticsRejectCorruptedSavedReportBindings/different=true/status_missing (0.00s)\n","OutputType":"frame"}
{"Time":"2026-10-08T13:02:46.946060402Z","Action":"pass","Package":"go.temporal.io/server/tools/gomad3/qualification","Test":"TestDiagnosticsRejectCorruptedSavedReportBindings/different=true/status_missing","Elapsed":0}
{"Time":"2026-10-08T13:02:46.946064318Z","Action":"run","Package":"go.temporal.io/server/tools/gomad3/qualification","Test":"TestDiagnosticsRejectCorruptedSavedReportBindings/different=true/status_contradictory"}
{"Time":"2026-10-08T13:02:46.946066277Z","Action":"output","Package":"go.temporal.io/server/tools/gomad3/qualification","Test":"TestDiagnosticsRejectCorruptedSavedReportBindings/different=true/status_contradictory","Output":"=== RUN   TestDiagnosticsRejectCorruptedSavedReportBindings/different=true/status_contradictory\n","OutputType":"frame"}
{"Time":"2026-10-08T13:02:46.948378152Z","Action":"output","Package":"go.temporal.io/server/tools/gomad3/qualification","Test":"TestDiagnosticsRejectCorruptedSavedReportBindings/different=true/status_contradictory","Output":"--- PASS: TestDiagnosticsRejectCorruptedSavedReportBindings/different=true/status_contradictory (0.00s)\n","OutputType":"frame"}
{"Time":"2026-10-08T13:02:46.948401402Z","Action":"pass","Package":"go.temporal.io/server/tools/gomad3/qualification","Test":"TestDiagnosticsRejectCorruptedSavedReportBindings/different=true/status_contradictory","Elapsed":0}
{"Time":"2026-10-08T13:02:46.948406235Z","Action":"run","Package":"go.temporal.io/server/tools/gomad3/qualification","Test":"TestDiagnosticsRejectCorruptedSavedReportBindings/different=true/baseline_digest"}
{"Time":"2026-10-08T13:02:46.94840811Z","Action":"output","Package":"go.temporal.io/server/tools/gomad3/qualification","Test":"TestDiagnosticsRejectCorruptedSavedReportBindings/different=true/baseline_digest","Output":"=== RUN   TestDiagnosticsRejectCorruptedSavedReportBindings/different=true/baseline_digest\n","OutputType":"frame"}
{"Time":"2026-10-08T13:02:46.950641652Z","Action":"output","Package":"go.temporal.io/server/tools/gomad3/qualification","Test":"TestDiagnosticsRejectCorruptedSavedReportBindings/different=true/baseline_digest","Output":"--- PASS: TestDiagnosticsRejectCorruptedSavedReportBindings/different=true/baseline_digest (0.00s)\n","OutputType":"frame"}
{"Time":"2026-10-08T13:02:46.950654694Z","Action":"pass","Package":"go.temporal.io/server/tools/gomad3/qualification","Test":"TestDiagnosticsRejectCorruptedSavedReportBindings/different=true/baseline_digest","Elapsed":0}
{"Time":"2026-10-08T13:02:46.95065811Z","Action":"output","Package":"go.temporal.io/server/tools/gomad3/qualification","Test":"TestDiagnosticsRejectCorruptedSavedReportBindings","Output":"--- PASS: TestDiagnosticsRejectCorruptedSavedReportBindings (0.03s)\n","OutputType":"frame"}
{"Time":"2026-10-08T13:02:46.950660819Z","Action":"pass","Package":"go.temporal.io/server/tools/gomad3/qualification","Test":"TestDiagnosticsRejectCorruptedSavedReportBindings","Elapsed":0.03}
{"Time":"2026-10-08T13:02:46.950664152Z","Action":"run","Package":"go.temporal.io/server/tools/gomad3/qualification","Test":"TestDiagnosticsCompareAvailablePairsAfterInterruptedBaseline"}
{"Time":"2026-10-08T13:02:46.950666319Z","Action":"output","Package":"go.temporal.io/server/tools/gomad3/qualification","Test":"TestDiagnosticsCompareAvailablePairsAfterInterruptedBaseline","Output":"=== RUN   TestDiagnosticsCompareAvailablePairsAfterInterruptedBaseline\n","OutputType":"frame"}
{"Time":"2026-10-08T13:02:46.958331194Z","Action":"output","Package":"go.temporal.io/server/tools/gomad3/qualification","Test":"TestDiagnosticsCompareAvailablePairsAfterInterruptedBaseline","Output":"--- PASS: TestDiagnosticsCompareAvailablePairsAfterInterruptedBaseline (0.01s)\n","OutputType":"frame"}
{"Time":"2026-10-08T13:02:46.958350194Z","Action":"pass","Package":"go.temporal.io/server/tools/gomad3/qualification","Test":"TestDiagnosticsCompareAvailablePairsAfterInterruptedBaseline","Elapsed":0.01}
{"Time":"2026-10-08T13:02:46.958354819Z","Action":"run","Package":"go.temporal.io/server/tools/gomad3/qualification","Test":"TestDiagnosticsUnavailableForEveryInterruptedRun"}
{"Time":"2026-10-08T13:02:46.958363194Z","Action":"output","Package":"go.temporal.io/server/tools/gomad3/qualification","Test":"TestDiagnosticsUnavailableForEveryInterruptedRun","Output":"=== RUN   TestDiagnosticsUnavailableForEveryInterruptedRun\n","OutputType":"frame"}
{"Time":"2026-10-08T13:02:46.963726277Z","Action":"output","Package":"go.temporal.io/server/tools/gomad3/qualification","Test":"TestDiagnosticsUnavailableForEveryInterruptedRun","Output":"--- PASS: TestDiagnosticsUnavailableForEveryInterruptedRun (0.01s)\n","OutputType":"frame"}
{"Time":"2026-10-08T13:02:46.963745527Z","Action":"pass","Package":"go.temporal.io/server/tools/gomad3/qualification","Test":"TestDiagnosticsUnavailableForEveryInterruptedRun","Elapsed":0.01}
{"Time":"2026-10-08T13:02:46.963749777Z","Action":"run","Package":"go.temporal.io/server/tools/gomad3/qualification","Test":"TestDiagnosticsOffReportFieldsRemainAbsent"}
{"Time":"2026-10-08T13:02:46.963751652Z","Action":"output","Package":"go.temporal.io/server/tools/gomad3/qualification","Test":"TestDiagnosticsOffReportFieldsRemainAbsent","Output":"=== RUN   TestDiagnosticsOffReportFieldsRemainAbsent\n","OutputType":"frame"}
{"Time":"2026-10-08T13:02:46.964778527Z","Action":"output","Package":"go.temporal.io/server/tools/gomad3/qualification","Test":"TestDiagnosticsOffReportFieldsRemainAbsent","Output":"--- PASS: TestDiagnosticsOffReportFieldsRemainAbsent (0.00s)\n","OutputType":"frame"}
{"Time":"2026-10-08T13:02:46.964791777Z","Action":"pass","Package":"go.temporal.io/server/tools/gomad3/qualification","Test":"TestDiagnosticsOffReportFieldsRemainAbsent","Elapsed":0}
{"Time":"2026-10-08T13:02:46.964807652Z","Action":"run","Package":"go.temporal.io/server/tools/gomad3/qualification","Test":"TestQualificationEventStreamReturnsRetainedResult"}
{"Time":"2026-10-08T13:02:46.964828569Z","Action":"output","Package":"go.temporal.io/server/tools/gomad3/qualification","Test":"TestQualificationEventStreamReturnsRetainedResult","Output":"=== RUN   TestQualificationEventStreamReturnsRetainedResult\n","OutputType":"frame"}
{"Time":"2026-10-08T13:02:46.964832527Z","Action":"output","Package":"go.temporal.io/server/tools/gomad3/qualification","Test":"TestQualificationEventStreamReturnsRetainedResult","Output":"--- PASS: TestQualificationEventStreamReturnsRetainedResult (0.00s)\n","OutputType":"frame"}
{"Time":"2026-10-08T13:02:46.964834652Z","Action":"pass","Package":"go.temporal.io/server/tools/gomad3/qualification","Test":"TestQualificationEventStreamReturnsRetainedResult","Elapsed":0}
{"Time":"2026-10-08T13:02:46.964836944Z","Action":"run","Package":"go.temporal.io/server/tools/gomad3/qualification","Test":"TestDecodeResultEventRejectsInvalidStreams"}
{"Time":"2026-10-08T13:02:46.964852944Z","Action":"output","Package":"go.temporal.io/server/tools/gomad3/qualification","Test":"TestDecodeResultEventRejectsInvalidStreams","Output":"=== RUN   TestDecodeResultEventRejectsInvalidStreams\n","OutputType":"frame"}
{"Time":"2026-10-08T13:02:46.964855694Z","Action":"run","Package":"go.temporal.io/server/tools/gomad3/qualification","Test":"TestDecodeResultEventRejectsInvalidStreams/missing_result"}
{"Time":"2026-10-08T13:02:46.964862652Z","Action":"output","Package":"go.temporal.io/server/tools/gomad3/qualification","Test":"TestDecodeResultEventRejectsInvalidStreams/missing_result","Output":"=== RUN   TestDecodeResultEventRejectsInvalidStreams/missing_result\n","OutputType":"frame"}
{"Time":"2026-10-08T13:02:46.964866277Z","Action":"output","Package":"go.temporal.io/server/tools/gomad3/qualification","Test":"TestDecodeResultEventRejectsInvalidStreams/missing_result","Output":"--- PASS: TestDecodeResultEventRejectsInvalidStreams/missing_result (0.00s)\n","OutputType":"frame"}
{"Time":"2026-10-08T13:02:46.964879152Z","Action":"pass","Package":"go.temporal.io/server/tools/gomad3/qualification","Test":"TestDecodeResultEventRejectsInvalidStreams/missing_result","Elapsed":0}
{"Time":"2026-10-08T13:02:46.964881235Z","Action":"run","Package":"go.temporal.io/server/tools/gomad3/qualification","Test":"TestDecodeResultEventRejectsInvalidStreams/unretained_error"}
{"Time":"2026-10-08T13:02:46.96488261Z","Action":"output","Package":"go.temporal.io/server/tools/gomad3/qualification","Test":"TestDecodeResultEventRejectsInvalidStreams/unretained_error","Output":"=== RUN   TestDecodeResultEventRejectsInvalidStreams/unretained_error\n","OutputType":"frame"}
{"Time":"2026-10-08T13:02:46.964885194Z","Action":"output","Package":"go.temporal.io/server/tools/gomad3/qualification","Test":"TestDecodeResultEventRejectsInvalidStreams/unretained_error","Output":"--- PASS: TestDecodeResultEventRejectsInvalidStreams/unretained_error (0.00s)\n","OutputType":"frame"}
{"Time":"2026-10-08T13:02:46.964891444Z","Action":"pass","Package":"go.temporal.io/server/tools/gomad3/qualification","Test":"TestDecodeResultEventRejectsInvalidStreams/unretained_error","Elapsed":0}
{"Time":"2026-10-08T13:02:46.964893069Z","Action":"run","Package":"go.temporal.io/server/tools/gomad3/qualification","Test":"TestDecodeResultEventRejectsInvalidStreams/unsupported_schema"}
{"Time":"2026-10-08T13:02:46.964900402Z","Action":"output","Package":"go.temporal.io/server/tools/gomad3/qualification","Test":"TestDecodeResultEventRejectsInvalidStreams/unsupported_schema","Output":"=== RUN   TestDecodeResultEventRejectsInvalidStreams/unsupported_schema\n","OutputType":"frame"}
{"Time":"2026-10-08T13:02:46.964902402Z","Action":"output","Package":"go.temporal.io/server/tools/gomad3/qualification","Test":"TestDecodeResultEventRejectsInvalidStreams/unsupported_schema","Output":"--- PASS: TestDecodeResultEventRejectsInvalidStreams/unsupported_schema (0.00s)\n","OutputType":"frame"}
{"Time":"2026-10-08T13:02:46.964903944Z","Action":"pass","Package":"go.temporal.io/server/tools/gomad3/qualification","Test":"TestDecodeResultEventRejectsInvalidStreams/unsupported_schema","Elapsed":0}
{"Time":"2026-10-08T13:02:46.96490536Z","Action":"run","Package":"go.temporal.io/server/tools/gomad3/qualification","Test":"TestDecodeResultEventRejectsInvalidStreams/duplicate_result"}
{"Time":"2026-10-08T13:02:46.964916485Z","Action":"output","Package":"go.temporal.io/server/tools/gomad3/qualification","Test":"TestDecodeResultEventRejectsInvalidStreams/duplicate_result","Output":"=== RUN   TestDecodeResultEventRejectsInvalidStreams/duplicate_result\n","OutputType":"frame"}
{"Time":"2026-10-08T13:02:46.964918902Z","Action":"output","Package":"go.temporal.io/server/tools/gomad3/qualification","Test":"TestDecodeResultEventRejectsInvalidStreams/duplicate_result","Output":"--- PASS: TestDecodeResultEventRejectsInvalidStreams/duplicate_result (0.00s)\n","OutputType":"frame"}
{"Time":"2026-10-08T13:02:46.96492111Z","Action":"pass","Package":"go.temporal.io/server/tools/gomad3/qualification","Test":"TestDecodeResultEventRejectsInvalidStreams/duplicate_result","Elapsed":0}
{"Time":"2026-10-08T13:02:46.96492286Z","Action":"output","Package":"go.temporal.io/server/tools/gomad3/qualification","Test":"TestDecodeResultEventRejectsInvalidStreams","Output":"--- PASS: TestDecodeResultEventRejectsInvalidStreams (0.00s)\n","OutputType":"frame"}
{"Time":"2026-10-08T13:02:46.964926652Z","Action":"pass","Package":"go.temporal.io/server/tools/gomad3/qualification","Test":"TestDecodeResultEventRejectsInvalidStreams","Elapsed":0}
{"Time":"2026-10-08T13:02:46.964927944Z","Action":"run","Package":"go.temporal.io/server/tools/gomad3/qualification","Test":"TestBuildReportQualifiesRepeatedSuccessfulEvidence"}
{"Time":"2026-10-08T13:02:46.964935985Z","Action":"output","Package":"go.temporal.io/server/tools/gomad3/qualification","Test":"TestBuildReportQualifiesRepeatedSuccessfulEvidence","Output":"=== RUN   TestBuildReportQualifiesRepeatedSuccessfulEvidence\n","OutputType":"frame"}
{"Time":"2026-10-08T13:02:46.965217235Z","Action":"output","Package":"go.temporal.io/server/tools/gomad3/qualification","Test":"TestBuildReportQualifiesRepeatedSuccessfulEvidence","Output":"--- PASS: TestBuildReportQualifiesRepeatedSuccessfulEvidence (0.00s)\n","OutputType":"frame"}
{"Time":"2026-10-08T13:02:46.965223652Z","Action":"pass","Package":"go.temporal.io/server/tools/gomad3/qualification","Test":"TestBuildReportQualifiesRepeatedSuccessfulEvidence","Elapsed":0}
{"Time":"2026-10-08T13:02:46.965230194Z","Action":"run","Package":"go.temporal.io/server/tools/gomad3/qualification","Test":"TestBuildReportNamesFirstEvidenceDivergence"}
{"Time":"2026-10-08T13:02:46.96523161Z","Action":"output","Package":"go.temporal.io/server/tools/gomad3/qualification","Test":"TestBuildReportNamesFirstEvidenceDivergence","Output":"=== RUN   TestBuildReportNamesFirstEvidenceDivergence\n","OutputType":"frame"}
{"Time":"2026-10-08T13:02:46.965530444Z","Action":"output","Package":"go.temporal.io/server/tools/gomad3/qualification","Test":"TestBuildReportNamesFirstEvidenceDivergence","Output":"--- PASS: TestBuildReportNamesFirstEvidenceDivergence (0.00s)\n","OutputType":"frame"}
{"Time":"2026-10-08T13:02:46.965541069Z","Action":"pass","Package":"go.temporal.io/server/tools/gomad3/qualification","Test":"TestBuildReportNamesFirstEvidenceDivergence","Elapsed":0}
{"Time":"2026-10-08T13:02:46.965543985Z","Action":"run","Package":"go.temporal.io/server/tools/gomad3/qualification","Test":"TestBuildReportRecordsFailureReplay"}
{"Time":"2026-10-08T13:02:46.96554586Z","Action":"output","Package":"go.temporal.io/server/tools/gomad3/qualification","Test":"TestBuildReportRecordsFailureReplay","Output":"=== RUN   TestBuildReportRecordsFailureReplay\n","OutputType":"frame"}
{"Time":"2026-10-08T13:02:46.965835319Z","Action":"output","Package":"go.temporal.io/server/tools/gomad3/qualification","Test":"TestBuildReportRecordsFailureReplay","Output":"--- PASS: TestBuildReportRecordsFailureReplay (0.00s)\n","OutputType":"frame"}
{"Time":"2026-10-08T13:02:46.96584536Z","Action":"pass","Package":"go.temporal.io/server/tools/gomad3/qualification","Test":"TestBuildReportRecordsFailureReplay","Elapsed":0}
{"Time":"2026-10-08T13:02:46.965852985Z","Action":"run","Package":"go.temporal.io/server/tools/gomad3/qualification","Test":"TestBuildReportRecordsPerRunSuccessfulReplay"}
{"Time":"2026-10-08T13:02:46.965865652Z","Action":"output","Package":"go.temporal.io/server/tools/gomad3/qualification","Test":"TestBuildReportRecordsPerRunSuccessfulReplay","Output":"=== RUN   TestBuildReportRecordsPerRunSuccessfulReplay\n","OutputType":"frame"}
{"Time":"2026-10-08T13:02:46.966148985Z","Action":"output","Package":"go.temporal.io/server/tools/gomad3/qualification","Test":"TestBuildReportRecordsPerRunSuccessfulReplay","Output":"--- PASS: TestBuildReportRecordsPerRunSuccessfulReplay (0.00s)\n","OutputType":"frame"}
{"Time":"2026-10-08T13:02:46.966158194Z","Action":"pass","Package":"go.temporal.io/server/tools/gomad3/qualification","Test":"TestBuildReportRecordsPerRunSuccessfulReplay","Elapsed":0}
{"Time":"2026-10-08T13:02:46.966160444Z","Action":"run","Package":"go.temporal.io/server/tools/gomad3/qualification","Test":"TestBuildReportRequiresExactChoiceStatusForMatchedChoiceReplay"}
{"Time":"2026-10-08T13:02:46.96617011Z","Action":"output","Package":"go.temporal.io/server/tools/gomad3/qualification","Test":"TestBuildReportRequiresExactChoiceStatusForMatchedChoiceReplay","Output":"=== RUN   TestBuildReportRequiresExactChoiceStatusForMatchedChoiceReplay\n","OutputType":"frame"}
{"Time":"2026-10-08T13:02:46.966732819Z","Action":"output","Package":"go.temporal.io/server/tools/gomad3/qualification","Test":"TestBuildReportRequiresExactChoiceStatusForMatchedChoiceReplay","Output":"--- PASS: TestBuildReportRequiresExactChoiceStatusForMatchedChoiceReplay (0.00s)\n","OutputType":"frame"}
{"Time":"2026-10-08T13:02:46.966741652Z","Action":"pass","Package":"go.temporal.io/server/tools/gomad3/qualification","Test":"TestBuildReportRequiresExactChoiceStatusForMatchedChoiceReplay","Elapsed":0}
{"Time":"2026-10-08T13:02:46.966743569Z","Action":"run","Package":"go.temporal.io/server/tools/gomad3/qualification","Test":"TestBuildReportRejectsMismatchedPerRunReplay"}
{"Time":"2026-10-08T13:02:46.966745194Z","Action":"output","Package":"go.temporal.io/server/tools/gomad3/qualification","Test":"TestBuildReportRejectsMismatchedPerRunReplay","Output":"=== RUN   TestBuildReportRejectsMismatchedPerRunReplay\n","OutputType":"frame"}
{"Time":"2026-10-08T13:02:46.96699386Z","Action":"output","Package":"go.temporal.io/server/tools/gomad3/qualification","Test":"TestBuildReportRejectsMismatchedPerRunReplay","Output":"--- PASS: TestBuildReportRejectsMismatchedPerRunReplay (0.00s)\n","OutputType":"frame"}
{"Time":"2026-10-08T13:02:46.96700211Z","Action":"pass","Package":"go.temporal.io/server/tools/gomad3/qualification","Test":"TestBuildReportRejectsMismatchedPerRunReplay","Elapsed":0}
{"Time":"2026-10-08T13:02:46.967006194Z","Action":"run","Package":"go.temporal.io/server/tools/gomad3/qualification","Test":"TestBuildReportClassifiesExactChoiceReplayWithEvidenceDivergence"}
{"Time":"2026-10-08T13:02:46.967008194Z","Action":"output","Package":"go.temporal.io/server/tools/gomad3/qualification","Test":"TestBuildReportClassifiesExactChoiceReplayWithEvidenceDivergence","Output":"=== RUN   TestBuildReportClassifiesExactChoiceReplayWithEvidenceDivergence\n","OutputType":"frame"}
{"Time":"2026-10-08T13:02:46.97103586Z","Action":"output","Package":"go.temporal.io/server/tools/gomad3/qualification","Test":"TestBuildReportClassifiesExactChoiceReplayWithEvidenceDivergence","Output":"--- PASS: TestBuildReportClassifiesExactChoiceReplayWithEvidenceDivergence (0.00s)\n","OutputType":"frame"}
{"Time":"2026-10-08T13:02:46.971049027Z","Action":"pass","Package":"go.temporal.io/server/tools/gomad3/qualification","Test":"TestBuildReportClassifiesExactChoiceReplayWithEvidenceDivergence","Elapsed":0}
{"Time":"2026-10-08T13:02:46.971051985Z","Action":"run","Package":"go.temporal.io/server/tools/gomad3/qualification","Test":"TestBuildReportRejectsInvalidEvidenceSet"}
{"Time":"2026-10-08T13:02:46.97105386Z","Action":"output","Package":"go.temporal.io/server/tools/gomad3/qualification","Test":"TestBuildReportRejectsInvalidEvidenceSet","Output":"=== RUN   TestBuildReportRejectsInvalidEvidenceSet\n","OutputType":"frame"}
{"Time":"2026-10-08T13:02:46.971551235Z","Action":"output","Package":"go.temporal.io/server/tools/gomad3/qualification","Test":"TestBuildReportRejectsInvalidEvidenceSet","Output":"--- PASS: TestBuildReportRejectsInvalidEvidenceSet (0.00s)\n","OutputType":"frame"}
{"Time":"2026-10-08T13:02:46.971567402Z","Action":"pass","Package":"go.temporal.io/server/tools/gomad3/qualification","Test":"TestBuildReportRejectsInvalidEvidenceSet","Elapsed":0}
{"Time":"2026-10-08T13:02:46.971570152Z","Action":"run","Package":"go.temporal.io/server/tools/gomad3/qualification","Test":"TestBuildFailureRetainsFirstUnsupportedBoundary"}
{"Time":"2026-10-08T13:02:46.971571777Z","Action":"output","Package":"go.temporal.io/server/tools/gomad3/qualification","Test":"TestBuildFailureRetainsFirstUnsupportedBoundary","Output":"=== RUN   TestBuildFailureRetainsFirstUnsupportedBoundary\n","OutputType":"frame"}
{"Time":"2026-10-08T13:02:46.971574319Z","Action":"output","Package":"go.temporal.io/server/tools/gomad3/qualification","Test":"TestBuildFailureRetainsFirstUnsupportedBoundary","Output":"--- PASS: TestBuildFailureRetainsFirstUnsupportedBoundary (0.00s)\n","OutputType":"frame"}
{"Time":"2026-10-08T13:02:46.971576319Z","Action":"pass","Package":"go.temporal.io/server/tools/gomad3/qualification","Test":"TestBuildFailureRetainsFirstUnsupportedBoundary","Elapsed":0}
{"Time":"2026-10-08T13:02:46.971578319Z","Action":"run","Package":"go.temporal.io/server/tools/gomad3/qualification","Test":"TestWriteReportRetainsCanonicalPrivateFile"}
{"Time":"2026-10-08T13:02:46.97158036Z","Action":"output","Package":"go.temporal.io/server/tools/gomad3/qualification","Test":"TestWriteReportRetainsCanonicalPrivateFile","Output":"=== RUN   TestWriteReportRetainsCanonicalPrivateFile\n","OutputType":"frame"}
{"Time":"2026-10-08T13:02:46.975136777Z","Action":"output","Package":"go.temporal.io/server/tools/gomad3/qualification","Test":"TestWriteReportRetainsCanonicalPrivateFile","Output":"--- PASS: TestWriteReportRetainsCanonicalPrivateFile (0.00s)\n","OutputType":"frame"}
{"Time":"2026-10-08T13:02:46.975151652Z","Action":"pass","Package":"go.temporal.io/server/tools/gomad3/qualification","Test":"TestWriteReportRetainsCanonicalPrivateFile","Elapsed":0}
{"Time":"2026-10-08T13:02:46.975154985Z","Action":"run","Package":"go.temporal.io/server/tools/gomad3/qualification","Test":"TestWriteRejectsInconsistentDeterministicOutcome"}
{"Time":"2026-10-08T13:02:46.975156735Z","Action":"output","Package":"go.temporal.io/server/tools/gomad3/qualification","Test":"TestWriteRejectsInconsistentDeterministicOutcome","Output":"=== RUN   TestWriteRejectsInconsistentDeterministicOutcome\n","OutputType":"frame"}
{"Time":"2026-10-08T13:02:46.975828194Z","Action":"output","Package":"go.temporal.io/server/tools/gomad3/qualification","Test":"TestWriteRejectsInconsistentDeterministicOutcome","Output":"--- PASS: TestWriteRejectsInconsistentDeterministicOutcome (0.00s)\n","OutputType":"frame"}
{"Time":"2026-10-08T13:02:46.975841902Z","Action":"pass","Package":"go.temporal.io/server/tools/gomad3/qualification","Test":"TestWriteRejectsInconsistentDeterministicOutcome","Elapsed":0}
{"Time":"2026-10-08T13:02:46.975846027Z","Action":"run","Package":"go.temporal.io/server/tools/gomad3/qualification","Test":"TestQualificationReportStoragePreservation"}
{"Time":"2026-10-08T13:02:46.975847694Z","Action":"output","Package":"go.temporal.io/server/tools/gomad3/qualification","Test":"TestQualificationReportStoragePreservation","Output":"=== RUN   TestQualificationReportStoragePreservation\n","OutputType":"frame"}
{"Time":"2026-10-08T13:02:46.980654152Z","Action":"output","Package":"go.temporal.io/server/tools/gomad3/qualification","Test":"TestQualificationReportStoragePreservation","Output":"--- PASS: TestQualificationReportStoragePreservation (0.00s)\n","OutputType":"frame"}
{"Time":"2026-10-08T13:02:46.980677569Z","Action":"pass","Package":"go.temporal.io/server/tools/gomad3/qualification","Test":"TestQualificationReportStoragePreservation","Elapsed":0}
{"Time":"2026-10-08T13:02:46.980682027Z","Action":"run","Package":"go.temporal.io/server/tools/gomad3/qualification","Test":"TestQualificationReportWriteValidationPreservation"}
{"Time":"2026-10-08T13:02:46.980683985Z","Action":"output","Package":"go.temporal.io/server/tools/gomad3/qualification","Test":"TestQualificationReportWriteValidationPreservation","Output":"=== RUN   TestQualificationReportWriteValidationPreservation\n","OutputType":"frame"}
{"Time":"2026-10-08T13:02:46.981112152Z","Action":"run","Package":"go.temporal.io/server/tools/gomad3/qualification","Test":"TestQualificationReportWriteValidationPreservation/empty_root"}
{"Time":"2026-10-08T13:02:46.981122527Z","Action":"output","Package":"go.temporal.io/server/tools/gomad3/qualification","Test":"TestQualificationReportWriteValidationPreservation/empty_root","Output":"=== RUN   TestQualificationReportWriteValidationPreservation/empty_root\n","OutputType":"frame"}
{"Time":"2026-10-08T13:02:46.981143152Z","Action":"output","Package":"go.temporal.io/server/tools/gomad3/qualification","Test":"TestQualificationReportWriteValidationPreservation/empty_root","Output":"--- PASS: TestQualificationReportWriteValidationPreservation/empty_root (0.00s)\n","OutputType":"frame"}
{"Time":"2026-10-08T13:02:46.981146069Z","Action":"pass","Package":"go.temporal.io/server/tools/gomad3/qualification","Test":"TestQualificationReportWriteValidationPreservation/empty_root","Elapsed":0}
{"Time":"2026-10-08T13:02:46.981149402Z","Action":"run","Package":"go.temporal.io/server/tools/gomad3/qualification","Test":"TestQualificationReportWriteValidationPreservation/root_before_schema"}
{"Time":"2026-10-08T13:02:46.981156985Z","Action":"output","Package":"go.temporal.io/server/tools/gomad3/qualification","Test":"TestQualificationReportWriteValidationPreservation/root_before_schema","Output":"=== RUN   TestQualificationReportWriteValidationPreservation/root_before_schema\n","OutputType":"frame"}
{"Time":"2026-10-08T13:02:46.981159985Z","Action":"output","Package":"go.temporal.io/server/tools/gomad3/qualification","Test":"TestQualificationReportWriteValidationPreservation/root_before_schema","Output":"--- PASS: TestQualificationReportWriteValidationPreservation/root_before_schema (0.00s)\n","OutputType":"frame"}
{"Time":"2026-10-08T13:02:46.981162194Z","Action":"pass","Package":"go.temporal.io/server/tools/gomad3/qualification","Test":"TestQualificationReportWriteValidationPreservation/root_before_schema","Elapsed":0}
{"Time":"2026-10-08T13:02:46.981166819Z","Action":"run","Package":"go.temporal.io/server/tools/gomad3/qualification","Test":"TestQualificationReportWriteValidationPreservation/invalid_schema"}
{"Time":"2026-10-08T13:02:46.981168569Z","Action":"output","Package":"go.temporal.io/server/tools/gomad3/qualification","Test":"TestQualificationReportWriteValidationPreservation/invalid_schema","Output":"=== RUN   TestQualificationReportWriteValidationPreservation/invalid_schema\n","OutputType":"frame"}
{"Time":"2026-10-08T13:02:46.981171485Z","Action":"output","Package":"go.temporal.io/server/tools/gomad3/qualification","Test":"TestQualificationReportWriteValidationPreservation/invalid_schema","Output":"--- PASS: TestQualificationReportWriteValidationPreservation/invalid_schema (0.00s)\n","OutputType":"frame"}
{"Time":"2026-10-08T13:02:46.981178235Z","Action":"pass","Package":"go.temporal.io/server/tools/gomad3/qualification","Test":"TestQualificationReportWriteValidationPreservation/invalid_schema","Elapsed":0}
{"Time":"2026-10-08T13:02:46.98118086Z","Action":"run","Package":"go.temporal.io/server/tools/gomad3/qualification","Test":"TestQualificationReportWriteValidationPreservation/invalid_report"}
{"Time":"2026-10-08T13:02:46.981182277Z","Action":"output","Package":"go.temporal.io/server/tools/gomad3/qualification","Test":"TestQualificationReportWriteValidationPreservation/invalid_report","Output":"=== RUN   TestQualificationReportWriteValidationPreservation/invalid_report\n","OutputType":"frame"}
{"Time":"2026-10-08T13:02:46.981198235Z","Action":"output","Package":"go.temporal.io/server/tools/gomad3/qualification","Test":"TestQualificationReportWriteValidationPreservation/invalid_report","Output":"--- PASS: TestQualificationReportWriteValidationPreservation/invalid_report (0.00s)\n","OutputType":"frame"}
{"Time":"2026-10-08T13:02:46.981204527Z","Action":"pass","Package":"go.temporal.io/server/tools/gomad3/qualification","Test":"TestQualificationReportWriteValidationPreservation/invalid_report","Elapsed":0}
{"Time":"2026-10-08T13:02:46.981206027Z","Action":"run","Package":"go.temporal.io/server/tools/gomad3/qualification","Test":"TestQualificationReportWriteValidationPreservation/non-directory_ancestor"}
{"Time":"2026-10-08T13:02:46.98120736Z","Action":"output","Package":"go.temporal.io/server/tools/gomad3/qualification","Test":"TestQualificationReportWriteValidationPreservation/non-directory_ancestor","Output":"=== RUN   TestQualificationReportWriteValidationPreservation/non-directory_ancestor\n","OutputType":"frame"}
{"Time":"2026-10-08T13:02:46.981859319Z","Action":"output","Package":"go.temporal.io/server/tools/gomad3/qualification","Test":"TestQualificationReportWriteValidationPreservation/non-directory_ancestor","Output":"--- PASS: TestQualificationReportWriteValidationPreservation/non-directory_ancestor (0.00s)\n","OutputType":"frame"}
{"Time":"2026-10-08T13:02:46.98186961Z","Action":"pass","Package":"go.temporal.io/server/tools/gomad3/qualification","Test":"TestQualificationReportWriteValidationPreservation/non-directory_ancestor","Elapsed":0}
{"Time":"2026-10-08T13:02:46.982054485Z","Action":"output","Package":"go.temporal.io/server/tools/gomad3/qualification","Test":"TestQualificationReportWriteValidationPreservation","Output":"--- PASS: TestQualificationReportWriteValidationPreservation (0.00s)\n","OutputType":"frame"}
{"Time":"2026-10-08T13:02:46.982063319Z","Action":"pass","Package":"go.temporal.io/server/tools/gomad3/qualification","Test":"TestQualificationReportWriteValidationPreservation","Elapsed":0}
{"Time":"2026-10-08T13:02:46.982066152Z","Action":"run","Package":"go.temporal.io/server/tools/gomad3/qualification","Test":"TestQualificationReportReadValidationPreservation"}
{"Time":"2026-10-08T13:02:46.982068027Z","Action":"output","Package":"go.temporal.io/server/tools/gomad3/qualification","Test":"TestQualificationReportReadValidationPreservation","Output":"=== RUN   TestQualificationReportReadValidationPreservation\n","OutputType":"frame"}
{"Time":"2026-10-08T13:02:46.984095194Z","Action":"run","Package":"go.temporal.io/server/tools/gomad3/qualification","Test":"TestQualificationReportReadValidationPreservation/empty"}
{"Time":"2026-10-08T13:02:46.984107652Z","Action":"output","Package":"go.temporal.io/server/tools/gomad3/qualification","Test":"TestQualificationReportReadValidationPreservation/empty","Output":"=== RUN   TestQualificationReportReadValidationPreservation/empty\n","OutputType":"frame"}
{"Time":"2026-10-08T13:02:46.984755402Z","Action":"output","Package":"go.temporal.io/server/tools/gomad3/qualification","Test":"TestQualificationReportReadValidationPreservation/empty","Output":"--- PASS: TestQualificationReportReadValidationPreservation/empty (0.00s)\n","OutputType":"frame"}
{"Time":"2026-10-08T13:02:46.984764527Z","Action":"pass","Package":"go.temporal.io/server/tools/gomad3/qualification","Test":"TestQualificationReportReadValidationPreservation/empty","Elapsed":0}
{"Time":"2026-10-08T13:02:46.984767069Z","Action":"run","Package":"go.temporal.io/server/tools/gomad3/qualification","Test":"TestQualificationReportReadValidationPreservation/malformed"}
{"Time":"2026-10-08T13:02:46.98476886Z","Action":"output","Package":"go.temporal.io/server/tools/gomad3/qualification","Test":"TestQualificationReportReadValidationPreservation/malformed","Output":"=== RUN   TestQualificationReportReadValidationPreservation/malformed\n","OutputType":"frame"}
{"Time":"2026-10-08T13:02:46.985458319Z","Action":"output","Package":"go.temporal.io/server/tools/gomad3/qualification","Test":"TestQualificationReportReadValidationPreservation/malformed","Output":"--- PASS: TestQualificationReportReadValidationPreservation/malformed (0.00s)\n","OutputType":"frame"}
{"Time":"2026-10-08T13:02:46.985468735Z","Action":"pass","Package":"go.temporal.io/server/tools/gomad3/qualification","Test":"TestQualificationReportReadValidationPreservation/malformed","Elapsed":0}
{"Time":"2026-10-08T13:02:46.985471485Z","Action":"run","Package":"go.temporal.io/server/tools/gomad3/qualification","Test":"TestQualificationReportReadValidationPreservation/noncanonical"}
{"Time":"2026-10-08T13:02:46.985473319Z","Action":"output","Package":"go.temporal.io/server/tools/gomad3/qualification","Test":"TestQualificationReportReadValidationPreservation/noncanonical","Output":"=== RUN   TestQualificationReportReadValidationPreservation/noncanonical\n","OutputType":"frame"}
{"Time":"2026-10-08T13:02:46.986345444Z","Action":"output","Package":"go.temporal.io/server/tools/gomad3/qualification","Test":"TestQualificationReportReadValidationPreservation/noncanonical","Output":"--- PASS: TestQualificationReportReadValidationPreservation/noncanonical (0.00s)\n","OutputType":"frame"}
{"Time":"2026-10-08T13:02:46.986353735Z","Action":"pass","Package":"go.temporal.io/server/tools/gomad3/qualification","Test":"TestQualificationReportReadValidationPreservation/noncanonical","Elapsed":0}
{"Time":"2026-10-08T13:02:46.986356902Z","Action":"run","Package":"go.temporal.io/server/tools/gomad3/qualification","Test":"TestQualificationReportReadValidationPreservation/old_schema"}
{"Time":"2026-10-08T13:02:46.986358319Z","Action":"output","Package":"go.temporal.io/server/tools/gomad3/qualification","Test":"TestQualificationReportReadValidationPreservation/old_schema","Output":"=== RUN   TestQualificationReportReadValidationPreservation/old_schema\n","OutputType":"frame"}
{"Time":"2026-10-08T13:02:46.987173735Z","Action":"output","Package":"go.temporal.io/server/tools/gomad3/qualification","Test":"TestQualificationReportReadValidationPreservation/old_schema","Output":"--- PASS: TestQualificationReportReadValidationPreservation/old_schema (0.00s)\n","OutputType":"frame"}
{"Time":"2026-10-08T13:02:46.987186527Z","Action":"pass","Package":"go.temporal.io/server/tools/gomad3/qualification","Test":"TestQualificationReportReadValidationPreservation/old_schema","Elapsed":0}
{"Time":"2026-10-08T13:02:46.98718936Z","Action":"run","Package":"go.temporal.io/server/tools/gomad3/qualification","Test":"TestQualificationReportReadValidationPreservation/future_schema"}
{"Time":"2026-10-08T13:02:46.987191402Z","Action":"output","Package":"go.temporal.io/server/tools/gomad3/qualification","Test":"TestQualificationReportReadValidationPreservation/future_schema","Output":"=== RUN   TestQualificationReportReadValidationPreservation/future_schema\n","OutputType":"frame"}
{"Time":"2026-10-08T13:02:46.98792836Z","Action":"output","Package":"go.temporal.io/server/tools/gomad3/qualification","Test":"TestQualificationReportReadValidationPreservation/future_schema","Output":"--- PASS: TestQualificationReportReadValidationPreservation/future_schema (0.00s)\n","OutputType":"frame"}
{"Time":"2026-10-08T13:02:46.98793661Z","Action":"pass","Package":"go.temporal.io/server/tools/gomad3/qualification","Test":"TestQualificationReportReadValidationPreservation/future_schema","Elapsed":0}
{"Time":"2026-10-08T13:02:46.987938444Z","Action":"run","Package":"go.temporal.io/server/tools/gomad3/qualification","Test":"TestQualificationReportReadValidationPreservation/invalid_evidence"}
{"Time":"2026-10-08T13:02:46.987940277Z","Action":"output","Package":"go.temporal.io/server/tools/gomad3/qualification","Test":"TestQualificationReportReadValidationPreservation/invalid_evidence","Output":"=== RUN   TestQualificationReportReadValidationPreservation/invalid_evidence\n","OutputType":"frame"}
{"Time":"2026-10-08T13:02:46.988661777Z","Action":"output","Package":"go.temporal.io/server/tools/gomad3/qualification","Test":"TestQualificationReportReadValidationPreservation/invalid_evidence","Output":"--- PASS: TestQualificationReportReadValidationPreservation/invalid_evidence (0.00s)\n","OutputType":"frame"}
{"Time":"2026-10-08T13:02:46.98867111Z","Action":"pass","Package":"go.temporal.io/server/tools/gomad3/qualification","Test":"TestQualificationReportReadValidationPreservation/invalid_evidence","Elapsed":0}
{"Time":"2026-10-08T13:02:46.988673902Z","Action":"run","Package":"go.temporal.io/server/tools/gomad3/qualification","Test":"TestQualificationReportReadValidationPreservation/invalid_evidence_digest"}
{"Time":"2026-10-08T13:02:46.988675527Z","Action":"output","Package":"go.temporal.io/server/tools/gomad3/qualification","Test":"TestQualificationReportReadValidationPreservation/invalid_evidence_digest","Output":"=== RUN   TestQualificationReportReadValidationPreservation/invalid_evidence_digest\n","OutputType":"frame"}
{"Time":"2026-10-08T13:02:46.98944936Z","Action":"output","Package":"go.temporal.io/server/tools/gomad3/qualification","Test":"TestQualificationReportReadValidationPreservation/invalid_evidence_digest","Output":"--- PASS: TestQualificationReportReadValidationPreservation/invalid_evidence_digest (0.00s)\n","OutputType":"frame"}
{"Time":"2026-10-08T13:02:46.989465819Z","Action":"pass","Package":"go.temporal.io/server/tools/gomad3/qualification","Test":"TestQualificationReportReadValidationPreservation/invalid_evidence_digest","Elapsed":0}
{"Time":"2026-10-08T13:02:46.989469027Z","Action":"run","Package":"go.temporal.io/server/tools/gomad3/qualification","Test":"TestQualificationReportReadValidationPreservation/double_newline"}
{"Time":"2026-10-08T13:02:46.989472902Z","Action":"output","Package":"go.temporal.io/server/tools/gomad3/qualification","Test":"TestQualificationReportReadValidationPreservation/double_newline","Output":"=== RUN   TestQualificationReportReadValidationPreservation/double_newline\n","OutputType":"frame"}
{"Time":"2026-10-08T13:02:46.99083861Z","Action":"output","Package":"go.temporal.io/server/tools/gomad3/qualification","Test":"TestQualificationReportReadValidationPreservation/double_newline","Output":"--- PASS: TestQualificationReportReadValidationPreservation/double_newline (0.00s)\n","OutputType":"frame"}
{"Time":"2026-10-08T13:02:46.990851569Z","Action":"pass","Package":"go.temporal.io/server/tools/gomad3/qualification","Test":"TestQualificationReportReadValidationPreservation/double_newline","Elapsed":0}
{"Time":"2026-10-08T13:02:46.990855194Z","Action":"run","Package":"go.temporal.io/server/tools/gomad3/qualification","Test":"TestQualificationReportReadValidationPreservation/missing_path"}
{"Time":"2026-10-08T13:02:46.990856819Z","Action":"output","Package":"go.temporal.io/server/tools/gomad3/qualification","Test":"TestQualificationReportReadValidationPreservation/missing_path","Output":"=== RUN   TestQualificationReportReadValidationPreservation/missing_path\n","OutputType":"frame"}
{"Time":"2026-10-08T13:02:46.991213735Z","Action":"output","Package":"go.temporal.io/server/tools/gomad3/qualification","Test":"TestQualificationReportReadValidationPreservation/missing_path","Output":"--- PASS: TestQualificationReportReadValidationPreservation/missing_path (0.00s)\n","OutputType":"frame"}
{"Time":"2026-10-08T13:02:46.991225527Z","Action":"pass","Package":"go.temporal.io/server/tools/gomad3/qualification","Test":"TestQualificationReportReadValidationPreservation/missing_path","Elapsed":0}
{"Time":"2026-10-08T13:02:46.99122986Z","Action":"run","Package":"go.temporal.io/server/tools/gomad3/qualification","Test":"TestQualificationReportReadValidationPreservation/directory"}
{"Time":"2026-10-08T13:02:46.991231819Z","Action":"output","Package":"go.temporal.io/server/tools/gomad3/qualification","Test":"TestQualificationReportReadValidationPreservation/directory","Output":"=== RUN   TestQualificationReportReadValidationPreservation/directory\n","OutputType":"frame"}
{"Time":"2026-10-08T13:02:46.991475444Z","Action":"output","Package":"go.temporal.io/server/tools/gomad3/qualification","Test":"TestQualificationReportReadValidationPreservation/directory","Output":"--- PASS: TestQualificationReportReadValidationPreservation/directory (0.00s)\n","OutputType":"frame"}
{"Time":"2026-10-08T13:02:46.99148461Z","Action":"pass","Package":"go.temporal.io/server/tools/gomad3/qualification","Test":"TestQualificationReportReadValidationPreservation/directory","Elapsed":0}
{"Time":"2026-10-08T13:02:46.991500402Z","Action":"run","Package":"go.temporal.io/server/tools/gomad3/qualification","Test":"TestQualificationReportReadValidationPreservation/oversized_sparse_file"}
{"Time":"2026-10-08T13:02:46.991508069Z","Action":"output","Package":"go.temporal.io/server/tools/gomad3/qualification","Test":"TestQualificationReportReadValidationPreservation/oversized_sparse_file","Output":"=== RUN   TestQualificationReportReadValidationPreservation/oversized_sparse_file\n","OutputType":"frame"}
{"Time":"2026-10-08T13:02:47.062035444Z","Action":"output","Package":"go.temporal.io/server/tools/gomad3/qualification","Test":"TestQualificationReportReadValidationPreservation/oversized_sparse_file","Output":"--- PASS: TestQualificationReportReadValidationPreservation/oversized_sparse_file (0.07s)\n","OutputType":"frame"}
{"Time":"2026-10-08T13:02:47.062059027Z","Action":"pass","Package":"go.temporal.io/server/tools/gomad3/qualification","Test":"TestQualificationReportReadValidationPreservation/oversized_sparse_file","Elapsed":0.07}
{"Time":"2026-10-08T13:02:47.062064319Z","Action":"run","Package":"go.temporal.io/server/tools/gomad3/qualification","Test":"TestQualificationReportReadValidationPreservation/without_newline"}
{"Time":"2026-10-08T13:02:47.062074277Z","Action":"output","Package":"go.temporal.io/server/tools/gomad3/qualification","Test":"TestQualificationReportReadValidationPreservation/without_newline","Output":"=== RUN   TestQualificationReportReadValidationPreservation/without_newline\n","OutputType":"frame"}
{"Time":"2026-10-08T13:02:47.063541485Z","Action":"output","Package":"go.temporal.io/server/tools/gomad3/qualification","Test":"TestQualificationReportReadValidationPreservation/without_newline","Output":"--- PASS: TestQualificationReportReadValidationPreservation/without_newline (0.00s)\n","OutputType":"frame"}
{"Time":"2026-10-08T13:02:47.063566819Z","Action":"pass","Package":"go.temporal.io/server/tools/gomad3/qualification","Test":"TestQualificationReportReadValidationPreservation/without_newline","Elapsed":0}
{"Time":"2026-10-08T13:02:47.063976277Z","Action":"output","Package":"go.temporal.io/server/tools/gomad3/qualification","Test":"TestQualificationReportReadValidationPreservation","Output":"--- PASS: TestQualificationReportReadValidationPreservation (0.08s)\n","OutputType":"frame"}
{"Time":"2026-10-08T13:02:47.064005527Z","Action":"pass","Package":"go.temporal.io/server/tools/gomad3/qualification","Test":"TestQualificationReportReadValidationPreservation","Elapsed":0.08}
{"Time":"2026-10-08T13:02:47.06402061Z","Action":"output","Package":"go.temporal.io/server/tools/gomad3/qualification","Output":"PASS\n","OutputType":"frame"}
{"Time":"2026-10-08T13:02:47.064323527Z","Action":"output","Package":"go.temporal.io/server/tools/gomad3/qualification","Output":"ok  \tgo.temporal.io/server/tools/gomad3/qualification\t0.479s\n"}
{"Time":"2026-10-08T13:02:47.064334777Z","Action":"pass","Package":"go.temporal.io/server/tools/gomad3/qualification","Elapsed":0.479}
