node:internal/modules/run_main:123
    triggerUncaughtException(
    ^

AssertionError [ERR_ASSERTION]: tools/gomad3/cmd/gomad/internal/cli/cli_test.go dirty local integration
+ actual - expected

+ '0797fb0f755db4fcd3b47d1bf29868f3d967f93adca080b87963f306545c6d8c'
- 'b383b8d20a6a9f3611d291a144a26a380ca23e0e499e721dd6b652f74897ee35'

    at build (file:///Users/stephan/Workspace/skunkworks/gomad/temporal/.flow/artifacts/fn-109-gomad-deepen-modules-and-tool-interfaces/task-5/source-acceptance-20261008/proof.mjs:42:50)
    at file:///Users/stephan/Workspace/skunkworks/gomad/temporal/.flow/artifacts/fn-109-gomad-deepen-modules-and-tool-interfaces/task-5/source-acceptance-20261008/proof.mjs:50:80
    at ModuleJob.run (node:internal/modules/esm/module_job:343:25)
    at async onImport.tracePromise.__proto__ (node:internal/modules/esm/loader:665:26)
    at async asyncRunEntryPointWithESMLoader (node:internal/modules/run_main:117:5) {
  generatedMessage: false,
  code: 'ERR_ASSERTION',
  actual: '0797fb0f755db4fcd3b47d1bf29868f3d967f93adca080b87963f306545c6d8c',
  expected: 'b383b8d20a6a9f3611d291a144a26a380ca23e0e499e721dd6b652f74897ee35',
  operator: 'strictEqual',
  diff: 'simple'
}

Node.js v22.22.1
