{
  "success": true,
  "assignee": "stephanos@users.noreply.github.com",
  "claim_note": "",
  "claimed_at": "2026-10-08T12:40:12.255643Z",
  "created_at": "2026-10-01T01:09:58.149092Z",
  "depends_on": [
    "fn-109-gomad-deepen-modules-and-tool-interfaces.4"
  ],
  "id": "fn-109-gomad-deepen-modules-and-tool-interfaces.5",
  "priority": null,
  "spec": "fn-109-gomad-deepen-modules-and-tool-interfaces",
  "spec_path": ".flow/tasks/fn-109-gomad-deepen-modules-and-tool-interfaces.5.md",
  "status": "in_progress",
  "title": "Share plan and explore parsing directly and move semantic normalization to Runner",
  "updated_at": "2026-10-08T12:40:12.255626Z",
  "impl": null,
  "review": null,
  "sync": null,
  "status_source": "flow-state"
}
