{"Time":"2026-10-08T13:01:28.411901531Z","Action":"start","Package":"go.temporal.io/server/tools/gomad3/cmd/gomad/internal/cli"}
{"Time":"2026-10-08T13:01:28.417458739Z","Action":"run","Package":"go.temporal.io/server/tools/gomad3/cmd/gomad/internal/cli","Test":"TestExploreErrorReportsClassificationAfterChoiceDiagnosticWriterFailure"}
{"Time":"2026-10-08T13:01:28.417509364Z","Action":"output","Package":"go.temporal.io/server/tools/gomad3/cmd/gomad/internal/cli","Test":"TestExploreErrorReportsClassificationAfterChoiceDiagnosticWriterFailure","Output":"=== RUN   TestExploreErrorReportsClassificationAfterChoiceDiagnosticWriterFailure\n","OutputType":"frame"}
{"Time":"2026-10-08T13:01:28.417796739Z","Action":"output","Package":"go.temporal.io/server/tools/gomad3/cmd/gomad/internal/cli","Test":"TestExploreErrorReportsClassificationAfterChoiceDiagnosticWriterFailure","Output":"--- PASS: TestExploreErrorReportsClassificationAfterChoiceDiagnosticWriterFailure (0.00s)\n","OutputType":"frame"}
{"Time":"2026-10-08T13:01:28.417804406Z","Action":"pass","Package":"go.temporal.io/server/tools/gomad3/cmd/gomad/internal/cli","Test":"TestExploreErrorReportsClassificationAfterChoiceDiagnosticWriterFailure","Elapsed":0}
{"Time":"2026-10-08T13:01:28.417811448Z","Action":"run","Package":"go.temporal.io/server/tools/gomad3/cmd/gomad/internal/cli","Test":"TestExploreErrorJoinsDiagnosticAndReporterWriterFailures"}
{"Time":"2026-10-08T13:01:28.417816989Z","Action":"output","Package":"go.temporal.io/server/tools/gomad3/cmd/gomad/internal/cli","Test":"TestExploreErrorJoinsDiagnosticAndReporterWriterFailures","Output":"=== RUN   TestExploreErrorJoinsDiagnosticAndReporterWriterFailures\n","OutputType":"frame"}
{"Time":"2026-10-08T13:01:28.417856156Z","Action":"run","Package":"go.temporal.io/server/tools/gomad3/cmd/gomad/internal/cli","Test":"TestExploreErrorJoinsDiagnosticAndReporterWriterFailures/final_write_succeeds"}
{"Time":"2026-10-08T13:01:28.417869781Z","Action":"output","Package":"go.temporal.io/server/tools/gomad3/cmd/gomad/internal/cli","Test":"TestExploreErrorJoinsDiagnosticAndReporterWriterFailures/final_write_succeeds","Output":"=== RUN   TestExploreErrorJoinsDiagnosticAndReporterWriterFailures/final_write_succeeds\n","OutputType":"frame"}
{"Time":"2026-10-08T13:01:28.417874948Z","Action":"output","Package":"go.temporal.io/server/tools/gomad3/cmd/gomad/internal/cli","Test":"TestExploreErrorJoinsDiagnosticAndReporterWriterFailures/final_write_succeeds","Output":"--- PASS: TestExploreErrorJoinsDiagnosticAndReporterWriterFailures/final_write_succeeds (0.00s)\n","OutputType":"frame"}
{"Time":"2026-10-08T13:01:28.417880656Z","Action":"pass","Package":"go.temporal.io/server/tools/gomad3/cmd/gomad/internal/cli","Test":"TestExploreErrorJoinsDiagnosticAndReporterWriterFailures/final_write_succeeds","Elapsed":0}
{"Time":"2026-10-08T13:01:28.417888906Z","Action":"run","Package":"go.temporal.io/server/tools/gomad3/cmd/gomad/internal/cli","Test":"TestExploreErrorJoinsDiagnosticAndReporterWriterFailures/final_write_fails"}
{"Time":"2026-10-08T13:01:28.417890906Z","Action":"output","Package":"go.temporal.io/server/tools/gomad3/cmd/gomad/internal/cli","Test":"TestExploreErrorJoinsDiagnosticAndReporterWriterFailures/final_write_fails","Output":"=== RUN   TestExploreErrorJoinsDiagnosticAndReporterWriterFailures/final_write_fails\n","OutputType":"frame"}
{"Time":"2026-10-08T13:01:28.417894448Z","Action":"output","Package":"go.temporal.io/server/tools/gomad3/cmd/gomad/internal/cli","Test":"TestExploreErrorJoinsDiagnosticAndReporterWriterFailures/final_write_fails","Output":"--- PASS: TestExploreErrorJoinsDiagnosticAndReporterWriterFailures/final_write_fails (0.00s)\n","OutputType":"frame"}
{"Time":"2026-10-08T13:01:28.417899323Z","Action":"pass","Package":"go.temporal.io/server/tools/gomad3/cmd/gomad/internal/cli","Test":"TestExploreErrorJoinsDiagnosticAndReporterWriterFailures/final_write_fails","Elapsed":0}
{"Time":"2026-10-08T13:01:28.417901614Z","Action":"output","Package":"go.temporal.io/server/tools/gomad3/cmd/gomad/internal/cli","Test":"TestExploreErrorJoinsDiagnosticAndReporterWriterFailures","Output":"--- PASS: TestExploreErrorJoinsDiagnosticAndReporterWriterFailures (0.00s)\n","OutputType":"frame"}
{"Time":"2026-10-08T13:01:28.417903614Z","Action":"pass","Package":"go.temporal.io/server/tools/gomad3/cmd/gomad/internal/cli","Test":"TestExploreErrorJoinsDiagnosticAndReporterWriterFailures","Elapsed":0}
{"Time":"2026-10-08T13:01:28.417909739Z","Action":"output","Package":"go.temporal.io/server/tools/gomad3/cmd/gomad/internal/cli","Output":"PASS\n","OutputType":"frame"}
{"Time":"2026-10-08T13:01:28.418202073Z","Action":"output","Package":"go.temporal.io/server/tools/gomad3/cmd/gomad/internal/cli","Output":"ok  \tgo.temporal.io/server/tools/gomad3/cmd/gomad/internal/cli\t0.006s\n"}
{"Time":"2026-10-08T13:01:28.418213906Z","Action":"pass","Package":"go.temporal.io/server/tools/gomad3/cmd/gomad/internal/cli","Elapsed":0.006}
