# go.temporal.io/server/tools/gomad3/runner [go.temporal.io/server/tools/gomad3/runner.test]
runner/choice_exploration_divergence_test.go:156:10: declared and not used: configDependencies
runner/clock_tick_test.go:20:11: declared and not used: configDependencies
runner/clock_tick_test.go:35:10: declared and not used: configDependencies
runner/guidance_identity_test.go:38:14: declared and not used: configDependencies
runner/minimize_operation_test.go:133:52: multiple-value minimizationSpec(t, artifactPath, t.TempDir()) (value of type (MinimizeSpec, executionDependencies)) in single-value context
runner/minimize_operation_test.go:133:52: not enough arguments in call to minimizeWith
	have (context.Context, (MinimizeSpec, executionDependencies))
	want (context.Context, MinimizeSpec, executionDependencies)
runner/minimize_operation_test.go:218:57: multiple-value minimizationSpec(t, otherPath, outputRoot) (value of type (MinimizeSpec, executionDependencies)) in single-value context
runner/minimize_operation_test.go:218:57: not enough arguments in call to minimizeWith
	have (context.Context, (MinimizeSpec, executionDependencies))
	want (context.Context, MinimizeSpec, executionDependencies)
runner/minimize_operation_test.go:343:54: multiple-value minimizationSpec(t, otherPath, outputRoot) (value of type (MinimizeSpec, executionDependencies)) in single-value context
runner/minimize_operation_test.go:343:54: not enough arguments in call to minimizeWith
	have (context.Context, (MinimizeSpec, executionDependencies))
	want (context.Context, MinimizeSpec, executionDependencies)
runner/minimize_operation_test.go:343:54: too many errors
FAIL	go.temporal.io/server/tools/gomad3/runner [build failed]
FAIL
