{"Time":"2026-10-08T10:52:42.035727957Z","Action":"start","Package":"go.temporal.io/server/tools/gomad3/runner"}
{"Time":"2026-10-08T10:52:42.038055374Z","Action":"run","Package":"go.temporal.io/server/tools/gomad3/runner","Test":"TestCampaignShardPartitionsCanonicalOrdinals"}
{"Time":"2026-10-08T10:52:42.038087291Z","Action":"output","Package":"go.temporal.io/server/tools/gomad3/runner","Test":"TestCampaignShardPartitionsCanonicalOrdinals","Output":"=== RUN   TestCampaignShardPartitionsCanonicalOrdinals\n","OutputType":"frame"}
{"Time":"2026-10-08T10:52:42.038103082Z","Action":"output","Package":"go.temporal.io/server/tools/gomad3/runner","Test":"TestCampaignShardPartitionsCanonicalOrdinals","Output":"--- PASS: TestCampaignShardPartitionsCanonicalOrdinals (0.00s)\n","OutputType":"frame"}
{"Time":"2026-10-08T10:52:42.038114332Z","Action":"pass","Package":"go.temporal.io/server/tools/gomad3/runner","Test":"TestCampaignShardPartitionsCanonicalOrdinals","Elapsed":0}
{"Time":"2026-10-08T10:52:42.038119624Z","Action":"run","Package":"go.temporal.io/server/tools/gomad3/runner","Test":"TestCampaignShardRejectsInvalidAssignments"}
{"Time":"2026-10-08T10:52:42.038124791Z","Action":"output","Package":"go.temporal.io/server/tools/gomad3/runner","Test":"TestCampaignShardRejectsInvalidAssignments","Output":"=== RUN   TestCampaignShardRejectsInvalidAssignments\n","OutputType":"frame"}
{"Time":"2026-10-08T10:52:42.038129707Z","Action":"output","Package":"go.temporal.io/server/tools/gomad3/runner","Test":"TestCampaignShardRejectsInvalidAssignments","Output":"--- PASS: TestCampaignShardRejectsInvalidAssignments (0.00s)\n","OutputType":"frame"}
{"Time":"2026-10-08T10:52:42.038131832Z","Action":"pass","Package":"go.temporal.io/server/tools/gomad3/runner","Test":"TestCampaignShardRejectsInvalidAssignments","Elapsed":0}
{"Time":"2026-10-08T10:52:42.038136707Z","Action":"run","Package":"go.temporal.io/server/tools/gomad3/runner","Test":"TestPendingJobsRetainsGlobalOrdinalsForShard"}
{"Time":"2026-10-08T10:52:42.038140916Z","Action":"output","Package":"go.temporal.io/server/tools/gomad3/runner","Test":"TestPendingJobsRetainsGlobalOrdinalsForShard","Output":"=== RUN   TestPendingJobsRetainsGlobalOrdinalsForShard\n","OutputType":"frame"}
{"Time":"2026-10-08T10:52:42.038143832Z","Action":"output","Package":"go.temporal.io/server/tools/gomad3/runner","Test":"TestPendingJobsRetainsGlobalOrdinalsForShard","Output":"--- PASS: TestPendingJobsRetainsGlobalOrdinalsForShard (0.00s)\n","OutputType":"frame"}
{"Time":"2026-10-08T10:52:42.038146332Z","Action":"pass","Package":"go.temporal.io/server/tools/gomad3/runner","Test":"TestPendingJobsRetainsGlobalOrdinalsForShard","Elapsed":0}
{"Time":"2026-10-08T10:52:42.038154166Z","Action":"run","Package":"go.temporal.io/server/tools/gomad3/runner","Test":"TestValidateConfigRecordsOnlyTheForwardClockTick"}
{"Time":"2026-10-08T10:52:42.038155832Z","Action":"output","Package":"go.temporal.io/server/tools/gomad3/runner","Test":"TestValidateConfigRecordsOnlyTheForwardClockTick","Output":"=== RUN   TestValidateConfigRecordsOnlyTheForwardClockTick\n","OutputType":"frame"}
{"Time":"2026-10-08T10:52:42.038958957Z","Action":"output","Package":"go.temporal.io/server/tools/gomad3/runner","Test":"TestValidateConfigRecordsOnlyTheForwardClockTick","Output":"--- PASS: TestValidateConfigRecordsOnlyTheForwardClockTick (0.00s)\n","OutputType":"frame"}
{"Time":"2026-10-08T10:52:42.038970541Z","Action":"pass","Package":"go.temporal.io/server/tools/gomad3/runner","Test":"TestValidateConfigRecordsOnlyTheForwardClockTick","Elapsed":0}
{"Time":"2026-10-08T10:52:42.038974207Z","Action":"run","Package":"go.temporal.io/server/tools/gomad3/runner","Test":"TestDecodeCoordinatorMessagesForwardsProgressAndFinalResponse"}
{"Time":"2026-10-08T10:52:42.038976291Z","Action":"output","Package":"go.temporal.io/server/tools/gomad3/runner","Test":"TestDecodeCoordinatorMessagesForwardsProgressAndFinalResponse","Output":"=== RUN   TestDecodeCoordinatorMessagesForwardsProgressAndFinalResponse\n","OutputType":"frame"}
{"Time":"2026-10-08T10:52:42.039078249Z","Action":"output","Package":"go.temporal.io/server/tools/gomad3/runner","Test":"TestDecodeCoordinatorMessagesForwardsProgressAndFinalResponse","Output":"--- PASS: TestDecodeCoordinatorMessagesForwardsProgressAndFinalResponse (0.00s)\n","OutputType":"frame"}
{"Time":"2026-10-08T10:52:42.039085582Z","Action":"pass","Package":"go.temporal.io/server/tools/gomad3/runner","Test":"TestDecodeCoordinatorMessagesForwardsProgressAndFinalResponse","Elapsed":0}
{"Time":"2026-10-08T10:52:42.039087916Z","Action":"run","Package":"go.temporal.io/server/tools/gomad3/runner","Test":"TestDecodeCoordinatorMessagesRejectsProgressAfterResult"}
{"Time":"2026-10-08T10:52:42.039089666Z","Action":"output","Package":"go.temporal.io/server/tools/gomad3/runner","Test":"TestDecodeCoordinatorMessagesRejectsProgressAfterResult","Output":"=== RUN   TestDecodeCoordinatorMessagesRejectsProgressAfterResult\n","OutputType":"frame"}
{"Time":"2026-10-08T10:52:42.039092541Z","Action":"output","Package":"go.temporal.io/server/tools/gomad3/runner","Test":"TestDecodeCoordinatorMessagesRejectsProgressAfterResult","Output":"--- PASS: TestDecodeCoordinatorMessagesRejectsProgressAfterResult (0.00s)\n","OutputType":"frame"}
{"Time":"2026-10-08T10:52:42.039094457Z","Action":"pass","Package":"go.temporal.io/server/tools/gomad3/runner","Test":"TestDecodeCoordinatorMessagesRejectsProgressAfterResult","Elapsed":0}
{"Time":"2026-10-08T10:52:42.039096041Z","Action":"run","Package":"go.temporal.io/server/tools/gomad3/runner","Test":"TestDecodeCoordinatorMessagesPreservesDrainFailure"}
{"Time":"2026-10-08T10:52:42.039097332Z","Action":"output","Package":"go.temporal.io/server/tools/gomad3/runner","Test":"TestDecodeCoordinatorMessagesPreservesDrainFailure","Output":"=== RUN   TestDecodeCoordinatorMessagesPreservesDrainFailure\n","OutputType":"frame"}
{"Time":"2026-10-08T10:52:42.039115332Z","Action":"output","Package":"go.temporal.io/server/tools/gomad3/runner","Test":"TestDecodeCoordinatorMessagesPreservesDrainFailure","Output":"--- PASS: TestDecodeCoordinatorMessagesPreservesDrainFailure (0.00s)\n","OutputType":"frame"}
{"Time":"2026-10-08T10:52:42.039122124Z","Action":"pass","Package":"go.temporal.io/server/tools/gomad3/runner","Test":"TestDecodeCoordinatorMessagesPreservesDrainFailure","Elapsed":0}
{"Time":"2026-10-08T10:52:42.039124457Z","Action":"run","Package":"go.temporal.io/server/tools/gomad3/runner","Test":"TestExploreRejectsPrivateExecutionForIsolatedCampaign"}
{"Time":"2026-10-08T10:52:42.039125874Z","Action":"output","Package":"go.temporal.io/server/tools/gomad3/runner","Test":"TestExploreRejectsPrivateExecutionForIsolatedCampaign","Output":"=== RUN   TestExploreRejectsPrivateExecutionForIsolatedCampaign\n","OutputType":"frame"}
{"Time":"2026-10-08T10:52:42.039127749Z","Action":"output","Package":"go.temporal.io/server/tools/gomad3/runner","Test":"TestExploreRejectsPrivateExecutionForIsolatedCampaign","Output":"--- PASS: TestExploreRejectsPrivateExecutionForIsolatedCampaign (0.00s)\n","OutputType":"frame"}
{"Time":"2026-10-08T10:52:42.039129291Z","Action":"pass","Package":"go.temporal.io/server/tools/gomad3/runner","Test":"TestExploreRejectsPrivateExecutionForIsolatedCampaign","Elapsed":0}
{"Time":"2026-10-08T10:52:42.039131457Z","Action":"run","Package":"go.temporal.io/server/tools/gomad3/runner","Test":"TestCoordinatorTransportCoversEveryCampaignSpecField"}
{"Time":"2026-10-08T10:52:42.039133041Z","Action":"output","Package":"go.temporal.io/server/tools/gomad3/runner","Test":"TestCoordinatorTransportCoversEveryCampaignSpecField","Output":"=== RUN   TestCoordinatorTransportCoversEveryCampaignSpecField\n","OutputType":"frame"}
{"Time":"2026-10-08T10:52:42.039234249Z","Action":"output","Package":"go.temporal.io/server/tools/gomad3/runner","Test":"TestCoordinatorTransportCoversEveryCampaignSpecField","Output":"--- PASS: TestCoordinatorTransportCoversEveryCampaignSpecField (0.00s)\n","OutputType":"frame"}
{"Time":"2026-10-08T10:52:42.039243249Z","Action":"pass","Package":"go.temporal.io/server/tools/gomad3/runner","Test":"TestCoordinatorTransportCoversEveryCampaignSpecField","Elapsed":0}
{"Time":"2026-10-08T10:52:42.039245207Z","Action":"run","Package":"go.temporal.io/server/tools/gomad3/runner","Test":"TestCoordinatorTransportRoundTripsEveryTransportedField"}
{"Time":"2026-10-08T10:52:42.039246957Z","Action":"output","Package":"go.temporal.io/server/tools/gomad3/runner","Test":"TestCoordinatorTransportRoundTripsEveryTransportedField","Output":"=== RUN   TestCoordinatorTransportRoundTripsEveryTransportedField\n","OutputType":"frame"}
{"Time":"2026-10-08T10:52:42.039288832Z","Action":"run","Package":"go.temporal.io/server/tools/gomad3/runner","Test":"TestCoordinatorTransportRoundTripsEveryTransportedField/distinct_nonzero_values"}
{"Time":"2026-10-08T10:52:42.039305207Z","Action":"output","Package":"go.temporal.io/server/tools/gomad3/runner","Test":"TestCoordinatorTransportRoundTripsEveryTransportedField/distinct_nonzero_values","Output":"=== RUN   TestCoordinatorTransportRoundTripsEveryTransportedField/distinct_nonzero_values\n","OutputType":"frame"}
{"Time":"2026-10-08T10:52:42.039515791Z","Action":"output","Package":"go.temporal.io/server/tools/gomad3/runner","Test":"TestCoordinatorTransportRoundTripsEveryTransportedField/distinct_nonzero_values","Output":"--- PASS: TestCoordinatorTransportRoundTripsEveryTransportedField/distinct_nonzero_values (0.00s)\n","OutputType":"frame"}
{"Time":"2026-10-08T10:52:42.039524582Z","Action":"pass","Package":"go.temporal.io/server/tools/gomad3/runner","Test":"TestCoordinatorTransportRoundTripsEveryTransportedField/distinct_nonzero_values","Elapsed":0}
{"Time":"2026-10-08T10:52:42.039528124Z","Action":"run","Package":"go.temporal.io/server/tools/gomad3/runner","Test":"TestCoordinatorTransportRoundTripsEveryTransportedField/zero_values"}
{"Time":"2026-10-08T10:52:42.039530166Z","Action":"output","Package":"go.temporal.io/server/tools/gomad3/runner","Test":"TestCoordinatorTransportRoundTripsEveryTransportedField/zero_values","Output":"=== RUN   TestCoordinatorTransportRoundTripsEveryTransportedField/zero_values\n","OutputType":"frame"}
{"Time":"2026-10-08T10:52:42.039570207Z","Action":"output","Package":"go.temporal.io/server/tools/gomad3/runner","Test":"TestCoordinatorTransportRoundTripsEveryTransportedField/zero_values","Output":"--- PASS: TestCoordinatorTransportRoundTripsEveryTransportedField/zero_values (0.00s)\n","OutputType":"frame"}
{"Time":"2026-10-08T10:52:42.039581041Z","Action":"pass","Package":"go.temporal.io/server/tools/gomad3/runner","Test":"TestCoordinatorTransportRoundTripsEveryTransportedField/zero_values","Elapsed":0}
{"Time":"2026-10-08T10:52:42.039584249Z","Action":"run","Package":"go.temporal.io/server/tools/gomad3/runner","Test":"TestCoordinatorTransportRoundTripsEveryTransportedField/explicit_false_regression_override"}
{"Time":"2026-10-08T10:52:42.039586082Z","Action":"output","Package":"go.temporal.io/server/tools/gomad3/runner","Test":"TestCoordinatorTransportRoundTripsEveryTransportedField/explicit_false_regression_override","Output":"=== RUN   TestCoordinatorTransportRoundTripsEveryTransportedField/explicit_false_regression_override\n","OutputType":"frame"}
{"Time":"2026-10-08T10:52:42.039633791Z","Action":"output","Package":"go.temporal.io/server/tools/gomad3/runner","Test":"TestCoordinatorTransportRoundTripsEveryTransportedField/explicit_false_regression_override","Output":"--- PASS: TestCoordinatorTransportRoundTripsEveryTransportedField/explicit_false_regression_override (0.00s)\n","OutputType":"frame"}
{"Time":"2026-10-08T10:52:42.039645082Z","Action":"pass","Package":"go.temporal.io/server/tools/gomad3/runner","Test":"TestCoordinatorTransportRoundTripsEveryTransportedField/explicit_false_regression_override","Elapsed":0}
{"Time":"2026-10-08T10:52:42.039648499Z","Action":"output","Package":"go.temporal.io/server/tools/gomad3/runner","Test":"TestCoordinatorTransportRoundTripsEveryTransportedField","Output":"--- PASS: TestCoordinatorTransportRoundTripsEveryTransportedField (0.00s)\n","OutputType":"frame"}
{"Time":"2026-10-08T10:52:42.039650499Z","Action":"pass","Package":"go.temporal.io/server/tools/gomad3/runner","Test":"TestCoordinatorTransportRoundTripsEveryTransportedField","Elapsed":0}
{"Time":"2026-10-08T10:52:42.039663749Z","Action":"run","Package":"go.temporal.io/server/tools/gomad3/runner","Test":"TestCoordinatorRejectsInvalidStrategyBoundsLikeTheLocalRunner"}
{"Time":"2026-10-08T10:52:42.039666624Z","Action":"output","Package":"go.temporal.io/server/tools/gomad3/runner","Test":"TestCoordinatorRejectsInvalidStrategyBoundsLikeTheLocalRunner","Output":"=== RUN   TestCoordinatorRejectsInvalidStrategyBoundsLikeTheLocalRunner\n","OutputType":"frame"}
{"Time":"2026-10-08T10:52:42.040465457Z","Action":"run","Package":"go.temporal.io/server/tools/gomad3/runner","Test":"TestCoordinatorRejectsInvalidStrategyBoundsLikeTheLocalRunner/zero_forced_decisions"}
{"Time":"2026-10-08T10:52:42.040473499Z","Action":"output","Package":"go.temporal.io/server/tools/gomad3/runner","Test":"TestCoordinatorRejectsInvalidStrategyBoundsLikeTheLocalRunner/zero_forced_decisions","Output":"=== RUN   TestCoordinatorRejectsInvalidStrategyBoundsLikeTheLocalRunner/zero_forced_decisions\n","OutputType":"frame"}
{"Time":"2026-10-08T10:52:42.042657041Z","Action":"output","Package":"go.temporal.io/server/tools/gomad3/runner","Test":"TestCoordinatorRejectsInvalidStrategyBoundsLikeTheLocalRunner/zero_forced_decisions","Output":"--- PASS: TestCoordinatorRejectsInvalidStrategyBoundsLikeTheLocalRunner/zero_forced_decisions (0.00s)\n","OutputType":"frame"}
{"Time":"2026-10-08T10:52:42.042666582Z","Action":"pass","Package":"go.temporal.io/server/tools/gomad3/runner","Test":"TestCoordinatorRejectsInvalidStrategyBoundsLikeTheLocalRunner/zero_forced_decisions","Elapsed":0}
{"Time":"2026-10-08T10:52:42.042668916Z","Action":"run","Package":"go.temporal.io/server/tools/gomad3/runner","Test":"TestCoordinatorRejectsInvalidStrategyBoundsLikeTheLocalRunner/missing_forced_decisions"}
{"Time":"2026-10-08T10:52:42.042670582Z","Action":"output","Package":"go.temporal.io/server/tools/gomad3/runner","Test":"TestCoordinatorRejectsInvalidStrategyBoundsLikeTheLocalRunner/missing_forced_decisions","Output":"=== RUN   TestCoordinatorRejectsInvalidStrategyBoundsLikeTheLocalRunner/missing_forced_decisions\n","OutputType":"frame"}
{"Time":"2026-10-08T10:52:42.044224166Z","Action":"output","Package":"go.temporal.io/server/tools/gomad3/runner","Test":"TestCoordinatorRejectsInvalidStrategyBoundsLikeTheLocalRunner/missing_forced_decisions","Output":"--- PASS: TestCoordinatorRejectsInvalidStrategyBoundsLikeTheLocalRunner/missing_forced_decisions (0.00s)\n","OutputType":"frame"}
{"Time":"2026-10-08T10:52:42.044232457Z","Action":"pass","Package":"go.temporal.io/server/tools/gomad3/runner","Test":"TestCoordinatorRejectsInvalidStrategyBoundsLikeTheLocalRunner/missing_forced_decisions","Elapsed":0}
{"Time":"2026-10-08T10:52:42.044235457Z","Action":"run","Package":"go.temporal.io/server/tools/gomad3/runner","Test":"TestCoordinatorRejectsInvalidStrategyBoundsLikeTheLocalRunner/zero_result_bytes"}
{"Time":"2026-10-08T10:52:42.044244124Z","Action":"output","Package":"go.temporal.io/server/tools/gomad3/runner","Test":"TestCoordinatorRejectsInvalidStrategyBoundsLikeTheLocalRunner/zero_result_bytes","Output":"=== RUN   TestCoordinatorRejectsInvalidStrategyBoundsLikeTheLocalRunner/zero_result_bytes\n","OutputType":"frame"}
{"Time":"2026-10-08T10:52:42.045903374Z","Action":"output","Package":"go.temporal.io/server/tools/gomad3/runner","Test":"TestCoordinatorRejectsInvalidStrategyBoundsLikeTheLocalRunner/zero_result_bytes","Output":"--- PASS: TestCoordinatorRejectsInvalidStrategyBoundsLikeTheLocalRunner/zero_result_bytes (0.00s)\n","OutputType":"frame"}
{"Time":"2026-10-08T10:52:42.045915374Z","Action":"pass","Package":"go.temporal.io/server/tools/gomad3/runner","Test":"TestCoordinatorRejectsInvalidStrategyBoundsLikeTheLocalRunner/zero_result_bytes","Elapsed":0}
{"Time":"2026-10-08T10:52:42.045917291Z","Action":"run","Package":"go.temporal.io/server/tools/gomad3/runner","Test":"TestCoordinatorRejectsInvalidStrategyBoundsLikeTheLocalRunner/missing_result_bytes"}
{"Time":"2026-10-08T10:52:42.045918707Z","Action":"output","Package":"go.temporal.io/server/tools/gomad3/runner","Test":"TestCoordinatorRejectsInvalidStrategyBoundsLikeTheLocalRunner/missing_result_bytes","Output":"=== RUN   TestCoordinatorRejectsInvalidStrategyBoundsLikeTheLocalRunner/missing_result_bytes\n","OutputType":"frame"}
{"Time":"2026-10-08T10:52:42.047582707Z","Action":"output","Package":"go.temporal.io/server/tools/gomad3/runner","Test":"TestCoordinatorRejectsInvalidStrategyBoundsLikeTheLocalRunner/missing_result_bytes","Output":"--- PASS: TestCoordinatorRejectsInvalidStrategyBoundsLikeTheLocalRunner/missing_result_bytes (0.00s)\n","OutputType":"frame"}
{"Time":"2026-10-08T10:52:42.047593666Z","Action":"pass","Package":"go.temporal.io/server/tools/gomad3/runner","Test":"TestCoordinatorRejectsInvalidStrategyBoundsLikeTheLocalRunner/missing_result_bytes","Elapsed":0}
{"Time":"2026-10-08T10:52:42.047595749Z","Action":"run","Package":"go.temporal.io/server/tools/gomad3/runner","Test":"TestCoordinatorRejectsInvalidStrategyBoundsLikeTheLocalRunner/missing_dimension_bounds"}
{"Time":"2026-10-08T10:52:42.047597457Z","Action":"output","Package":"go.temporal.io/server/tools/gomad3/runner","Test":"TestCoordinatorRejectsInvalidStrategyBoundsLikeTheLocalRunner/missing_dimension_bounds","Output":"=== RUN   TestCoordinatorRejectsInvalidStrategyBoundsLikeTheLocalRunner/missing_dimension_bounds\n","OutputType":"frame"}
{"Time":"2026-10-08T10:52:42.049217832Z","Action":"output","Package":"go.temporal.io/server/tools/gomad3/runner","Test":"TestCoordinatorRejectsInvalidStrategyBoundsLikeTheLocalRunner/missing_dimension_bounds","Output":"--- PASS: TestCoordinatorRejectsInvalidStrategyBoundsLikeTheLocalRunner/missing_dimension_bounds (0.00s)\n","OutputType":"frame"}
{"Time":"2026-10-08T10:52:42.049223874Z","Action":"pass","Package":"go.temporal.io/server/tools/gomad3/runner","Test":"TestCoordinatorRejectsInvalidStrategyBoundsLikeTheLocalRunner/missing_dimension_bounds","Elapsed":0}
{"Time":"2026-10-08T10:52:42.049228582Z","Action":"run","Package":"go.temporal.io/server/tools/gomad3/runner","Test":"TestCoordinatorRejectsInvalidStrategyBoundsLikeTheLocalRunner/zero_executions"}
{"Time":"2026-10-08T10:52:42.049230166Z","Action":"output","Package":"go.temporal.io/server/tools/gomad3/runner","Test":"TestCoordinatorRejectsInvalidStrategyBoundsLikeTheLocalRunner/zero_executions","Output":"=== RUN   TestCoordinatorRejectsInvalidStrategyBoundsLikeTheLocalRunner/zero_executions\n","OutputType":"frame"}
{"Time":"2026-10-08T10:52:42.050794041Z","Action":"output","Package":"go.temporal.io/server/tools/gomad3/runner","Test":"TestCoordinatorRejectsInvalidStrategyBoundsLikeTheLocalRunner/zero_executions","Output":"--- PASS: TestCoordinatorRejectsInvalidStrategyBoundsLikeTheLocalRunner/zero_executions (0.00s)\n","OutputType":"frame"}
{"Time":"2026-10-08T10:52:42.050806207Z","Action":"pass","Package":"go.temporal.io/server/tools/gomad3/runner","Test":"TestCoordinatorRejectsInvalidStrategyBoundsLikeTheLocalRunner/zero_executions","Elapsed":0}
{"Time":"2026-10-08T10:52:42.050808166Z","Action":"run","Package":"go.temporal.io/server/tools/gomad3/runner","Test":"TestCoordinatorRejectsInvalidStrategyBoundsLikeTheLocalRunner/zero_exploration_bytes"}
{"Time":"2026-10-08T10:52:42.050809624Z","Action":"output","Package":"go.temporal.io/server/tools/gomad3/runner","Test":"TestCoordinatorRejectsInvalidStrategyBoundsLikeTheLocalRunner/zero_exploration_bytes","Output":"=== RUN   TestCoordinatorRejectsInvalidStrategyBoundsLikeTheLocalRunner/zero_exploration_bytes\n","OutputType":"frame"}
{"Time":"2026-10-08T10:52:42.052360499Z","Action":"output","Package":"go.temporal.io/server/tools/gomad3/runner","Test":"TestCoordinatorRejectsInvalidStrategyBoundsLikeTheLocalRunner/zero_exploration_bytes","Output":"--- PASS: TestCoordinatorRejectsInvalidStrategyBoundsLikeTheLocalRunner/zero_exploration_bytes (0.00s)\n","OutputType":"frame"}
{"Time":"2026-10-08T10:52:42.052374832Z","Action":"pass","Package":"go.temporal.io/server/tools/gomad3/runner","Test":"TestCoordinatorRejectsInvalidStrategyBoundsLikeTheLocalRunner/zero_exploration_bytes","Elapsed":0}
{"Time":"2026-10-08T10:52:42.052376832Z","Action":"run","Package":"go.temporal.io/server/tools/gomad3/runner","Test":"TestCoordinatorRejectsInvalidStrategyBoundsLikeTheLocalRunner/choice_depth_with_simulation_strategy"}
{"Time":"2026-10-08T10:52:42.052378291Z","Action":"output","Package":"go.temporal.io/server/tools/gomad3/runner","Test":"TestCoordinatorRejectsInvalidStrategyBoundsLikeTheLocalRunner/choice_depth_with_simulation_strategy","Output":"=== RUN   TestCoordinatorRejectsInvalidStrategyBoundsLikeTheLocalRunner/choice_depth_with_simulation_strategy\n","OutputType":"frame"}
{"Time":"2026-10-08T10:52:42.053977291Z","Action":"output","Package":"go.temporal.io/server/tools/gomad3/runner","Test":"TestCoordinatorRejectsInvalidStrategyBoundsLikeTheLocalRunner/choice_depth_with_simulation_strategy","Output":"--- PASS: TestCoordinatorRejectsInvalidStrategyBoundsLikeTheLocalRunner/choice_depth_with_simulation_strategy (0.00s)\n","OutputType":"frame"}
{"Time":"2026-10-08T10:52:42.053985041Z","Action":"pass","Package":"go.temporal.io/server/tools/gomad3/runner","Test":"TestCoordinatorRejectsInvalidStrategyBoundsLikeTheLocalRunner/choice_depth_with_simulation_strategy","Elapsed":0}
{"Time":"2026-10-08T10:52:42.053995957Z","Action":"run","Package":"go.temporal.io/server/tools/gomad3/runner","Test":"TestCoordinatorRejectsInvalidStrategyBoundsLikeTheLocalRunner/forced_decisions_with_choice_strategy"}
{"Time":"2026-10-08T10:52:42.053998082Z","Action":"output","Package":"go.temporal.io/server/tools/gomad3/runner","Test":"TestCoordinatorRejectsInvalidStrategyBoundsLikeTheLocalRunner/forced_decisions_with_choice_strategy","Output":"=== RUN   TestCoordinatorRejectsInvalidStrategyBoundsLikeTheLocalRunner/forced_decisions_with_choice_strategy\n","OutputType":"frame"}
{"Time":"2026-10-08T10:52:42.055564457Z","Action":"output","Package":"go.temporal.io/server/tools/gomad3/runner","Test":"TestCoordinatorRejectsInvalidStrategyBoundsLikeTheLocalRunner/forced_decisions_with_choice_strategy","Output":"--- PASS: TestCoordinatorRejectsInvalidStrategyBoundsLikeTheLocalRunner/forced_decisions_with_choice_strategy (0.00s)\n","OutputType":"frame"}
{"Time":"2026-10-08T10:52:42.055572166Z","Action":"pass","Package":"go.temporal.io/server/tools/gomad3/runner","Test":"TestCoordinatorRejectsInvalidStrategyBoundsLikeTheLocalRunner/forced_decisions_with_choice_strategy","Elapsed":0}
{"Time":"2026-10-08T10:52:42.055574291Z","Action":"run","Package":"go.temporal.io/server/tools/gomad3/runner","Test":"TestCoordinatorRejectsInvalidStrategyBoundsLikeTheLocalRunner/result_bytes_with_choice_strategy"}
{"Time":"2026-10-08T10:52:42.055576249Z","Action":"output","Package":"go.temporal.io/server/tools/gomad3/runner","Test":"TestCoordinatorRejectsInvalidStrategyBoundsLikeTheLocalRunner/result_bytes_with_choice_strategy","Output":"=== RUN   TestCoordinatorRejectsInvalidStrategyBoundsLikeTheLocalRunner/result_bytes_with_choice_strategy\n","OutputType":"frame"}
{"Time":"2026-10-08T10:52:42.057144291Z","Action":"output","Package":"go.temporal.io/server/tools/gomad3/runner","Test":"TestCoordinatorRejectsInvalidStrategyBoundsLikeTheLocalRunner/result_bytes_with_choice_strategy","Output":"--- PASS: TestCoordinatorRejectsInvalidStrategyBoundsLikeTheLocalRunner/result_bytes_with_choice_strategy (0.00s)\n","OutputType":"frame"}
{"Time":"2026-10-08T10:52:42.057152291Z","Action":"pass","Package":"go.temporal.io/server/tools/gomad3/runner","Test":"TestCoordinatorRejectsInvalidStrategyBoundsLikeTheLocalRunner/result_bytes_with_choice_strategy","Elapsed":0}
{"Time":"2026-10-08T10:52:42.057157916Z","Action":"run","Package":"go.temporal.io/server/tools/gomad3/runner","Test":"TestCoordinatorRejectsInvalidStrategyBoundsLikeTheLocalRunner/dimension_bound_with_choice_strategy"}
{"Time":"2026-10-08T10:52:42.057160041Z","Action":"output","Package":"go.temporal.io/server/tools/gomad3/runner","Test":"TestCoordinatorRejectsInvalidStrategyBoundsLikeTheLocalRunner/dimension_bound_with_choice_strategy","Output":"=== RUN   TestCoordinatorRejectsInvalidStrategyBoundsLikeTheLocalRunner/dimension_bound_with_choice_strategy\n","OutputType":"frame"}
{"Time":"2026-10-08T10:52:42.058723666Z","Action":"output","Package":"go.temporal.io/server/tools/gomad3/runner","Test":"TestCoordinatorRejectsInvalidStrategyBoundsLikeTheLocalRunner/dimension_bound_with_choice_strategy","Output":"--- PASS: TestCoordinatorRejectsInvalidStrategyBoundsLikeTheLocalRunner/dimension_bound_with_choice_strategy (0.00s)\n","OutputType":"frame"}
{"Time":"2026-10-08T10:52:42.058734082Z","Action":"pass","Package":"go.temporal.io/server/tools/gomad3/runner","Test":"TestCoordinatorRejectsInvalidStrategyBoundsLikeTheLocalRunner/dimension_bound_with_choice_strategy","Elapsed":0}
{"Time":"2026-10-08T10:52:42.058736874Z","Action":"run","Package":"go.temporal.io/server/tools/gomad3/runner","Test":"TestCoordinatorRejectsInvalidStrategyBoundsLikeTheLocalRunner/zero_choice_depth"}
{"Time":"2026-10-08T10:52:42.058739541Z","Action":"output","Package":"go.temporal.io/server/tools/gomad3/runner","Test":"TestCoordinatorRejectsInvalidStrategyBoundsLikeTheLocalRunner/zero_choice_depth","Output":"=== RUN   TestCoordinatorRejectsInvalidStrategyBoundsLikeTheLocalRunner/zero_choice_depth\n","OutputType":"frame"}
{"Time":"2026-10-08T10:52:42.060103374Z","Action":"output","Package":"go.temporal.io/server/tools/gomad3/runner","Test":"TestCoordinatorRejectsInvalidStrategyBoundsLikeTheLocalRunner/zero_choice_depth","Output":"--- PASS: TestCoordinatorRejectsInvalidStrategyBoundsLikeTheLocalRunner/zero_choice_depth (0.00s)\n","OutputType":"frame"}
{"Time":"2026-10-08T10:52:42.060112832Z","Action":"pass","Package":"go.temporal.io/server/tools/gomad3/runner","Test":"TestCoordinatorRejectsInvalidStrategyBoundsLikeTheLocalRunner/zero_choice_depth","Elapsed":0}
{"Time":"2026-10-08T10:52:42.060116207Z","Action":"run","Package":"go.temporal.io/server/tools/gomad3/runner","Test":"TestCoordinatorRejectsInvalidStrategyBoundsLikeTheLocalRunner/simulation_bounds_with_seed_strategy"}
{"Time":"2026-10-08T10:52:42.060117874Z","Action":"output","Package":"go.temporal.io/server/tools/gomad3/runner","Test":"TestCoordinatorRejectsInvalidStrategyBoundsLikeTheLocalRunner/simulation_bounds_with_seed_strategy","Output":"=== RUN   TestCoordinatorRejectsInvalidStrategyBoundsLikeTheLocalRunner/simulation_bounds_with_seed_strategy\n","OutputType":"frame"}
{"Time":"2026-10-08T10:52:42.061736332Z","Action":"output","Package":"go.temporal.io/server/tools/gomad3/runner","Test":"TestCoordinatorRejectsInvalidStrategyBoundsLikeTheLocalRunner/simulation_bounds_with_seed_strategy","Output":"--- PASS: TestCoordinatorRejectsInvalidStrategyBoundsLikeTheLocalRunner/simulation_bounds_with_seed_strategy (0.00s)\n","OutputType":"frame"}
{"Time":"2026-10-08T10:52:42.061744874Z","Action":"pass","Package":"go.temporal.io/server/tools/gomad3/runner","Test":"TestCoordinatorRejectsInvalidStrategyBoundsLikeTheLocalRunner/simulation_bounds_with_seed_strategy","Elapsed":0}
{"Time":"2026-10-08T10:52:42.061747291Z","Action":"run","Package":"go.temporal.io/server/tools/gomad3/runner","Test":"TestCoordinatorRejectsInvalidStrategyBoundsLikeTheLocalRunner/unknown_strategy"}
{"Time":"2026-10-08T10:52:42.061748999Z","Action":"output","Package":"go.temporal.io/server/tools/gomad3/runner","Test":"TestCoordinatorRejectsInvalidStrategyBoundsLikeTheLocalRunner/unknown_strategy","Output":"=== RUN   TestCoordinatorRejectsInvalidStrategyBoundsLikeTheLocalRunner/unknown_strategy\n","OutputType":"frame"}
{"Time":"2026-10-08T10:52:42.063739707Z","Action":"output","Package":"go.temporal.io/server/tools/gomad3/runner","Test":"TestCoordinatorRejectsInvalidStrategyBoundsLikeTheLocalRunner/unknown_strategy","Output":"--- PASS: TestCoordinatorRejectsInvalidStrategyBoundsLikeTheLocalRunner/unknown_strategy (0.00s)\n","OutputType":"frame"}
{"Time":"2026-10-08T10:52:42.063772999Z","Action":"pass","Package":"go.temporal.io/server/tools/gomad3/runner","Test":"TestCoordinatorRejectsInvalidStrategyBoundsLikeTheLocalRunner/unknown_strategy","Elapsed":0}
{"Time":"2026-10-08T10:52:42.063783416Z","Action":"run","Package":"go.temporal.io/server/tools/gomad3/runner","Test":"TestCoordinatorRejectsInvalidStrategyBoundsLikeTheLocalRunner/zero_runtime_dimension"}
{"Time":"2026-10-08T10:52:42.063786082Z","Action":"output","Package":"go.temporal.io/server/tools/gomad3/runner","Test":"TestCoordinatorRejectsInvalidStrategyBoundsLikeTheLocalRunner/zero_runtime_dimension","Output":"=== RUN   TestCoordinatorRejectsInvalidStrategyBoundsLikeTheLocalRunner/zero_runtime_dimension\n","OutputType":"frame"}
{"Time":"2026-10-08T10:52:42.065390166Z","Action":"output","Package":"go.temporal.io/server/tools/gomad3/runner","Test":"TestCoordinatorRejectsInvalidStrategyBoundsLikeTheLocalRunner/zero_runtime_dimension","Output":"--- PASS: TestCoordinatorRejectsInvalidStrategyBoundsLikeTheLocalRunner/zero_runtime_dimension (0.00s)\n","OutputType":"frame"}
{"Time":"2026-10-08T10:52:42.065398916Z","Action":"pass","Package":"go.temporal.io/server/tools/gomad3/runner","Test":"TestCoordinatorRejectsInvalidStrategyBoundsLikeTheLocalRunner/zero_runtime_dimension","Elapsed":0}
{"Time":"2026-10-08T10:52:42.065401249Z","Action":"run","Package":"go.temporal.io/server/tools/gomad3/runner","Test":"TestCoordinatorRejectsInvalidStrategyBoundsLikeTheLocalRunner/zero_scenario_dimension"}
{"Time":"2026-10-08T10:52:42.065402832Z","Action":"output","Package":"go.temporal.io/server/tools/gomad3/runner","Test":"TestCoordinatorRejectsInvalidStrategyBoundsLikeTheLocalRunner/zero_scenario_dimension","Output":"=== RUN   TestCoordinatorRejectsInvalidStrategyBoundsLikeTheLocalRunner/zero_scenario_dimension\n","OutputType":"frame"}
{"Time":"2026-10-08T10:52:42.066842207Z","Action":"output","Package":"go.temporal.io/server/tools/gomad3/runner","Test":"TestCoordinatorRejectsInvalidStrategyBoundsLikeTheLocalRunner/zero_scenario_dimension","Output":"--- PASS: TestCoordinatorRejectsInvalidStrategyBoundsLikeTheLocalRunner/zero_scenario_dimension (0.00s)\n","OutputType":"frame"}
{"Time":"2026-10-08T10:52:42.066849707Z","Action":"pass","Package":"go.temporal.io/server/tools/gomad3/runner","Test":"TestCoordinatorRejectsInvalidStrategyBoundsLikeTheLocalRunner/zero_scenario_dimension","Elapsed":0}
{"Time":"2026-10-08T10:52:42.066851791Z","Action":"run","Package":"go.temporal.io/server/tools/gomad3/runner","Test":"TestCoordinatorRejectsInvalidStrategyBoundsLikeTheLocalRunner/zero_network_dimension"}
{"Time":"2026-10-08T10:52:42.066853499Z","Action":"output","Package":"go.temporal.io/server/tools/gomad3/runner","Test":"TestCoordinatorRejectsInvalidStrategyBoundsLikeTheLocalRunner/zero_network_dimension","Output":"=== RUN   TestCoordinatorRejectsInvalidStrategyBoundsLikeTheLocalRunner/zero_network_dimension\n","OutputType":"frame"}
{"Time":"2026-10-08T10:52:42.068252707Z","Action":"output","Package":"go.temporal.io/server/tools/gomad3/runner","Test":"TestCoordinatorRejectsInvalidStrategyBoundsLikeTheLocalRunner/zero_network_dimension","Output":"--- PASS: TestCoordinatorRejectsInvalidStrategyBoundsLikeTheLocalRunner/zero_network_dimension (0.00s)\n","OutputType":"frame"}
{"Time":"2026-10-08T10:52:42.068262374Z","Action":"pass","Package":"go.temporal.io/server/tools/gomad3/runner","Test":"TestCoordinatorRejectsInvalidStrategyBoundsLikeTheLocalRunner/zero_network_dimension","Elapsed":0}
{"Time":"2026-10-08T10:52:42.068264249Z","Action":"run","Package":"go.temporal.io/server/tools/gomad3/runner","Test":"TestCoordinatorRejectsInvalidStrategyBoundsLikeTheLocalRunner/zero_storage_dimension"}
{"Time":"2026-10-08T10:52:42.068265666Z","Action":"output","Package":"go.temporal.io/server/tools/gomad3/runner","Test":"TestCoordinatorRejectsInvalidStrategyBoundsLikeTheLocalRunner/zero_storage_dimension","Output":"=== RUN   TestCoordinatorRejectsInvalidStrategyBoundsLikeTheLocalRunner/zero_storage_dimension\n","OutputType":"frame"}
{"Time":"2026-10-08T10:52:42.069669207Z","Action":"output","Package":"go.temporal.io/server/tools/gomad3/runner","Test":"TestCoordinatorRejectsInvalidStrategyBoundsLikeTheLocalRunner/zero_storage_dimension","Output":"--- PASS: TestCoordinatorRejectsInvalidStrategyBoundsLikeTheLocalRunner/zero_storage_dimension (0.00s)\n","OutputType":"frame"}
{"Time":"2026-10-08T10:52:42.069676999Z","Action":"pass","Package":"go.temporal.io/server/tools/gomad3/runner","Test":"TestCoordinatorRejectsInvalidStrategyBoundsLikeTheLocalRunner/zero_storage_dimension","Elapsed":0}
{"Time":"2026-10-08T10:52:42.069678874Z","Action":"run","Package":"go.temporal.io/server/tools/gomad3/runner","Test":"TestCoordinatorRejectsInvalidStrategyBoundsLikeTheLocalRunner/zero_fault_dimension"}
{"Time":"2026-10-08T10:52:42.069680166Z","Action":"output","Package":"go.temporal.io/server/tools/gomad3/runner","Test":"TestCoordinatorRejectsInvalidStrategyBoundsLikeTheLocalRunner/zero_fault_dimension","Output":"=== RUN   TestCoordinatorRejectsInvalidStrategyBoundsLikeTheLocalRunner/zero_fault_dimension\n","OutputType":"frame"}
{"Time":"2026-10-08T10:52:42.071483916Z","Action":"output","Package":"go.temporal.io/server/tools/gomad3/runner","Test":"TestCoordinatorRejectsInvalidStrategyBoundsLikeTheLocalRunner/zero_fault_dimension","Output":"--- PASS: TestCoordinatorRejectsInvalidStrategyBoundsLikeTheLocalRunner/zero_fault_dimension (0.00s)\n","OutputType":"frame"}
{"Time":"2026-10-08T10:52:42.071492291Z","Action":"pass","Package":"go.temporal.io/server/tools/gomad3/runner","Test":"TestCoordinatorRejectsInvalidStrategyBoundsLikeTheLocalRunner/zero_fault_dimension","Elapsed":0}
{"Time":"2026-10-08T10:52:42.071494582Z","Action":"run","Package":"go.temporal.io/server/tools/gomad3/runner","Test":"TestCoordinatorRejectsInvalidStrategyBoundsLikeTheLocalRunner/zero_crash_dimension"}
{"Time":"2026-10-08T10:52:42.071496207Z","Action":"output","Package":"go.temporal.io/server/tools/gomad3/runner","Test":"TestCoordinatorRejectsInvalidStrategyBoundsLikeTheLocalRunner/zero_crash_dimension","Output":"=== RUN   TestCoordinatorRejectsInvalidStrategyBoundsLikeTheLocalRunner/zero_crash_dimension\n","OutputType":"frame"}
{"Time":"2026-10-08T10:52:42.072931624Z","Action":"output","Package":"go.temporal.io/server/tools/gomad3/runner","Test":"TestCoordinatorRejectsInvalidStrategyBoundsLikeTheLocalRunner/zero_crash_dimension","Output":"--- PASS: TestCoordinatorRejectsInvalidStrategyBoundsLikeTheLocalRunner/zero_crash_dimension (0.00s)\n","OutputType":"frame"}
{"Time":"2026-10-08T10:52:42.072939249Z","Action":"pass","Package":"go.temporal.io/server/tools/gomad3/runner","Test":"TestCoordinatorRejectsInvalidStrategyBoundsLikeTheLocalRunner/zero_crash_dimension","Elapsed":0}
{"Time":"2026-10-08T10:52:42.073312207Z","Action":"output","Package":"go.temporal.io/server/tools/gomad3/runner","Test":"TestCoordinatorRejectsInvalidStrategyBoundsLikeTheLocalRunner","Output":"--- PASS: TestCoordinatorRejectsInvalidStrategyBoundsLikeTheLocalRunner (0.03s)\n","OutputType":"frame"}
{"Time":"2026-10-08T10:52:42.073321499Z","Action":"pass","Package":"go.temporal.io/server/tools/gomad3/runner","Test":"TestCoordinatorRejectsInvalidStrategyBoundsLikeTheLocalRunner","Elapsed":0.03}
{"Time":"2026-10-08T10:52:42.073327124Z","Action":"run","Package":"go.temporal.io/server/tools/gomad3/runner","Test":"TestCoordinatorRejectsMalformedRequests"}
{"Time":"2026-10-08T10:52:42.073329416Z","Action":"output","Package":"go.temporal.io/server/tools/gomad3/runner","Test":"TestCoordinatorRejectsMalformedRequests","Output":"=== RUN   TestCoordinatorRejectsMalformedRequests\n","OutputType":"frame"}
{"Time":"2026-10-08T10:52:42.073418374Z","Action":"run","Package":"go.temporal.io/server/tools/gomad3/runner","Test":"TestCoordinatorRejectsMalformedRequests/malformed_JSON"}
{"Time":"2026-10-08T10:52:42.073432791Z","Action":"output","Package":"go.temporal.io/server/tools/gomad3/runner","Test":"TestCoordinatorRejectsMalformedRequests/malformed_JSON","Output":"=== RUN   TestCoordinatorRejectsMalformedRequests/malformed_JSON\n","OutputType":"frame"}
{"Time":"2026-10-08T10:52:42.074785874Z","Action":"output","Package":"go.temporal.io/server/tools/gomad3/runner","Test":"TestCoordinatorRejectsMalformedRequests/malformed_JSON","Output":"--- PASS: TestCoordinatorRejectsMalformedRequests/malformed_JSON (0.00s)\n","OutputType":"frame"}
{"Time":"2026-10-08T10:52:42.074796832Z","Action":"pass","Package":"go.temporal.io/server/tools/gomad3/runner","Test":"TestCoordinatorRejectsMalformedRequests/malformed_JSON","Elapsed":0}
{"Time":"2026-10-08T10:52:42.074801249Z","Action":"run","Package":"go.temporal.io/server/tools/gomad3/runner","Test":"TestCoordinatorRejectsMalformedRequests/wrong_field_type"}
{"Time":"2026-10-08T10:52:42.074803207Z","Action":"output","Package":"go.temporal.io/server/tools/gomad3/runner","Test":"TestCoordinatorRejectsMalformedRequests/wrong_field_type","Output":"=== RUN   TestCoordinatorRejectsMalformedRequests/wrong_field_type\n","OutputType":"frame"}
{"Time":"2026-10-08T10:52:42.076310874Z","Action":"output","Package":"go.temporal.io/server/tools/gomad3/runner","Test":"TestCoordinatorRejectsMalformedRequests/wrong_field_type","Output":"--- PASS: TestCoordinatorRejectsMalformedRequests/wrong_field_type (0.00s)\n","OutputType":"frame"}
{"Time":"2026-10-08T10:52:42.076324207Z","Action":"pass","Package":"go.temporal.io/server/tools/gomad3/runner","Test":"TestCoordinatorRejectsMalformedRequests/wrong_field_type","Elapsed":0}
{"Time":"2026-10-08T10:52:42.076326457Z","Action":"run","Package":"go.temporal.io/server/tools/gomad3/runner","Test":"TestCoordinatorRejectsMalformedRequests/unknown_field"}
{"Time":"2026-10-08T10:52:42.076327957Z","Action":"output","Package":"go.temporal.io/server/tools/gomad3/runner","Test":"TestCoordinatorRejectsMalformedRequests/unknown_field","Output":"=== RUN   TestCoordinatorRejectsMalformedRequests/unknown_field\n","OutputType":"frame"}
{"Time":"2026-10-08T10:52:42.077641999Z","Action":"output","Package":"go.temporal.io/server/tools/gomad3/runner","Test":"TestCoordinatorRejectsMalformedRequests/unknown_field","Output":"--- PASS: TestCoordinatorRejectsMalformedRequests/unknown_field (0.00s)\n","OutputType":"frame"}
{"Time":"2026-10-08T10:52:42.077651291Z","Action":"pass","Package":"go.temporal.io/server/tools/gomad3/runner","Test":"TestCoordinatorRejectsMalformedRequests/unknown_field","Elapsed":0}
{"Time":"2026-10-08T10:52:42.077653624Z","Action":"run","Package":"go.temporal.io/server/tools/gomad3/runner","Test":"TestCoordinatorRejectsMalformedRequests/unknown_dimension"}
{"Time":"2026-10-08T10:52:42.077655291Z","Action":"output","Package":"go.temporal.io/server/tools/gomad3/runner","Test":"TestCoordinatorRejectsMalformedRequests/unknown_dimension","Output":"=== RUN   TestCoordinatorRejectsMalformedRequests/unknown_dimension\n","OutputType":"frame"}
{"Time":"2026-10-08T10:52:42.079147624Z","Action":"output","Package":"go.temporal.io/server/tools/gomad3/runner","Test":"TestCoordinatorRejectsMalformedRequests/unknown_dimension","Output":"--- PASS: TestCoordinatorRejectsMalformedRequests/unknown_dimension (0.00s)\n","OutputType":"frame"}
{"Time":"2026-10-08T10:52:42.079156041Z","Action":"pass","Package":"go.temporal.io/server/tools/gomad3/runner","Test":"TestCoordinatorRejectsMalformedRequests/unknown_dimension","Elapsed":0}
{"Time":"2026-10-08T10:52:42.079158374Z","Action":"run","Package":"go.temporal.io/server/tools/gomad3/runner","Test":"TestCoordinatorRejectsMalformedRequests/trailing_data"}
{"Time":"2026-10-08T10:52:42.079160124Z","Action":"output","Package":"go.temporal.io/server/tools/gomad3/runner","Test":"TestCoordinatorRejectsMalformedRequests/trailing_data","Output":"=== RUN   TestCoordinatorRejectsMalformedRequests/trailing_data\n","OutputType":"frame"}
{"Time":"2026-10-08T10:52:42.080504457Z","Action":"output","Package":"go.temporal.io/server/tools/gomad3/runner","Test":"TestCoordinatorRejectsMalformedRequests/trailing_data","Output":"--- PASS: TestCoordinatorRejectsMalformedRequests/trailing_data (0.00s)\n","OutputType":"frame"}
{"Time":"2026-10-08T10:52:42.080513832Z","Action":"pass","Package":"go.temporal.io/server/tools/gomad3/runner","Test":"TestCoordinatorRejectsMalformedRequests/trailing_data","Elapsed":0}
{"Time":"2026-10-08T10:52:42.080568999Z","Action":"output","Package":"go.temporal.io/server/tools/gomad3/runner","Test":"TestCoordinatorRejectsMalformedRequests","Output":"--- PASS: TestCoordinatorRejectsMalformedRequests (0.01s)\n","OutputType":"frame"}
{"Time":"2026-10-08T10:52:42.080575791Z","Action":"pass","Package":"go.temporal.io/server/tools/gomad3/runner","Test":"TestCoordinatorRejectsMalformedRequests","Elapsed":0.01}
{"Time":"2026-10-08T10:52:42.080624832Z","Action":"output","Package":"go.temporal.io/server/tools/gomad3/runner","Output":"PASS\n","OutputType":"frame"}
{"Time":"2026-10-08T10:52:42.080871874Z","Action":"output","Package":"go.temporal.io/server/tools/gomad3/runner","Output":"ok  \tgo.temporal.io/server/tools/gomad3/runner\t0.045s\n"}
{"Time":"2026-10-08T10:52:42.080882749Z","Action":"pass","Package":"go.temporal.io/server/tools/gomad3/runner","Elapsed":0.045}
