{"Time":"2026-10-08T10:43:14.13234727Z","Action":"start","Package":"go.temporal.io/server/tools/gomad3/deterministicio/readonlymount"}
{"Time":"2026-10-08T10:43:14.133949478Z","Action":"run","Package":"go.temporal.io/server/tools/gomad3/deterministicio/readonlymount","Test":"TestCaptureEnforcesLimitsBeforePublishingEntry"}
{"Time":"2026-10-08T10:43:14.133995478Z","Action":"output","Package":"go.temporal.io/server/tools/gomad3/deterministicio/readonlymount","Test":"TestCaptureEnforcesLimitsBeforePublishingEntry","Output":"=== RUN   TestCaptureEnforcesLimitsBeforePublishingEntry\n","OutputType":"frame"}
{"Time":"2026-10-08T10:43:14.134276811Z","Action":"output","Package":"go.temporal.io/server/tools/gomad3/deterministicio/readonlymount","Test":"TestCaptureEnforcesLimitsBeforePublishingEntry","Output":"--- PASS: TestCaptureEnforcesLimitsBeforePublishingEntry (0.00s)\n","OutputType":"frame"}
{"Time":"2026-10-08T10:43:14.134289353Z","Action":"pass","Package":"go.temporal.io/server/tools/gomad3/deterministicio/readonlymount","Test":"TestCaptureEnforcesLimitsBeforePublishingEntry","Elapsed":0}
{"Time":"2026-10-08T10:43:14.134300061Z","Action":"run","Package":"go.temporal.io/server/tools/gomad3/deterministicio/readonlymount","Test":"TestParseMappingsNormalizesSourcesAndTargets"}
{"Time":"2026-10-08T10:43:14.134309353Z","Action":"output","Package":"go.temporal.io/server/tools/gomad3/deterministicio/readonlymount","Test":"TestParseMappingsNormalizesSourcesAndTargets","Output":"=== RUN   TestParseMappingsNormalizesSourcesAndTargets\n","OutputType":"frame"}
{"Time":"2026-10-08T10:43:14.134497728Z","Action":"output","Package":"go.temporal.io/server/tools/gomad3/deterministicio/readonlymount","Test":"TestParseMappingsNormalizesSourcesAndTargets","Output":"--- PASS: TestParseMappingsNormalizesSourcesAndTargets (0.00s)\n","OutputType":"frame"}
{"Time":"2026-10-08T10:43:14.134505353Z","Action":"pass","Package":"go.temporal.io/server/tools/gomad3/deterministicio/readonlymount","Test":"TestParseMappingsNormalizesSourcesAndTargets","Elapsed":0}
{"Time":"2026-10-08T10:43:14.134507936Z","Action":"run","Package":"go.temporal.io/server/tools/gomad3/deterministicio/readonlymount","Test":"TestParseMappingsRejectsUnsafeOrOverlappingMappings"}
{"Time":"2026-10-08T10:43:14.134512728Z","Action":"output","Package":"go.temporal.io/server/tools/gomad3/deterministicio/readonlymount","Test":"TestParseMappingsRejectsUnsafeOrOverlappingMappings","Output":"=== RUN   TestParseMappingsRejectsUnsafeOrOverlappingMappings\n","OutputType":"frame"}
{"Time":"2026-10-08T10:43:14.13470052Z","Action":"run","Package":"go.temporal.io/server/tools/gomad3/deterministicio/readonlymount","Test":"TestParseMappingsRejectsUnsafeOrOverlappingMappings/missing_equals"}
{"Time":"2026-10-08T10:43:14.13471077Z","Action":"output","Package":"go.temporal.io/server/tools/gomad3/deterministicio/readonlymount","Test":"TestParseMappingsRejectsUnsafeOrOverlappingMappings/missing_equals","Output":"=== RUN   TestParseMappingsRejectsUnsafeOrOverlappingMappings/missing_equals\n","OutputType":"frame"}
{"Time":"2026-10-08T10:43:14.134726228Z","Action":"output","Package":"go.temporal.io/server/tools/gomad3/deterministicio/readonlymount","Test":"TestParseMappingsRejectsUnsafeOrOverlappingMappings/missing_equals","Output":"--- PASS: TestParseMappingsRejectsUnsafeOrOverlappingMappings/missing_equals (0.00s)\n","OutputType":"frame"}
{"Time":"2026-10-08T10:43:14.134728478Z","Action":"pass","Package":"go.temporal.io/server/tools/gomad3/deterministicio/readonlymount","Test":"TestParseMappingsRejectsUnsafeOrOverlappingMappings/missing_equals","Elapsed":0}
{"Time":"2026-10-08T10:43:14.134834311Z","Action":"run","Package":"go.temporal.io/server/tools/gomad3/deterministicio/readonlymount","Test":"TestParseMappingsRejectsUnsafeOrOverlappingMappings/empty_source"}
{"Time":"2026-10-08T10:43:14.13485052Z","Action":"output","Package":"go.temporal.io/server/tools/gomad3/deterministicio/readonlymount","Test":"TestParseMappingsRejectsUnsafeOrOverlappingMappings/empty_source","Output":"=== RUN   TestParseMappingsRejectsUnsafeOrOverlappingMappings/empty_source\n","OutputType":"frame"}
{"Time":"2026-10-08T10:43:14.134860103Z","Action":"output","Package":"go.temporal.io/server/tools/gomad3/deterministicio/readonlymount","Test":"TestParseMappingsRejectsUnsafeOrOverlappingMappings/empty_source","Output":"--- PASS: TestParseMappingsRejectsUnsafeOrOverlappingMappings/empty_source (0.00s)\n","OutputType":"frame"}
{"Time":"2026-10-08T10:43:14.13487077Z","Action":"pass","Package":"go.temporal.io/server/tools/gomad3/deterministicio/readonlymount","Test":"TestParseMappingsRejectsUnsafeOrOverlappingMappings/empty_source","Elapsed":0}
{"Time":"2026-10-08T10:43:14.134888686Z","Action":"run","Package":"go.temporal.io/server/tools/gomad3/deterministicio/readonlymount","Test":"TestParseMappingsRejectsUnsafeOrOverlappingMappings/target_traversal"}
{"Time":"2026-10-08T10:43:14.134922603Z","Action":"output","Package":"go.temporal.io/server/tools/gomad3/deterministicio/readonlymount","Test":"TestParseMappingsRejectsUnsafeOrOverlappingMappings/target_traversal","Output":"=== RUN   TestParseMappingsRejectsUnsafeOrOverlappingMappings/target_traversal\n","OutputType":"frame"}
{"Time":"2026-10-08T10:43:14.13493127Z","Action":"output","Package":"go.temporal.io/server/tools/gomad3/deterministicio/readonlymount","Test":"TestParseMappingsRejectsUnsafeOrOverlappingMappings/target_traversal","Output":"--- PASS: TestParseMappingsRejectsUnsafeOrOverlappingMappings/target_traversal (0.00s)\n","OutputType":"frame"}
{"Time":"2026-10-08T10:43:14.134938395Z","Action":"pass","Package":"go.temporal.io/server/tools/gomad3/deterministicio/readonlymount","Test":"TestParseMappingsRejectsUnsafeOrOverlappingMappings/target_traversal","Elapsed":0}
{"Time":"2026-10-08T10:43:14.134943061Z","Action":"run","Package":"go.temporal.io/server/tools/gomad3/deterministicio/readonlymount","Test":"TestParseMappingsRejectsUnsafeOrOverlappingMappings/target_root"}
{"Time":"2026-10-08T10:43:14.134953478Z","Action":"output","Package":"go.temporal.io/server/tools/gomad3/deterministicio/readonlymount","Test":"TestParseMappingsRejectsUnsafeOrOverlappingMappings/target_root","Output":"=== RUN   TestParseMappingsRejectsUnsafeOrOverlappingMappings/target_root\n","OutputType":"frame"}
{"Time":"2026-10-08T10:43:14.134958228Z","Action":"output","Package":"go.temporal.io/server/tools/gomad3/deterministicio/readonlymount","Test":"TestParseMappingsRejectsUnsafeOrOverlappingMappings/target_root","Output":"--- PASS: TestParseMappingsRejectsUnsafeOrOverlappingMappings/target_root (0.00s)\n","OutputType":"frame"}
{"Time":"2026-10-08T10:43:14.134966978Z","Action":"pass","Package":"go.temporal.io/server/tools/gomad3/deterministicio/readonlymount","Test":"TestParseMappingsRejectsUnsafeOrOverlappingMappings/target_root","Elapsed":0}
{"Time":"2026-10-08T10:43:14.13497077Z","Action":"run","Package":"go.temporal.io/server/tools/gomad3/deterministicio/readonlymount","Test":"TestParseMappingsRejectsUnsafeOrOverlappingMappings/duplicate"}
{"Time":"2026-10-08T10:43:14.134977103Z","Action":"output","Package":"go.temporal.io/server/tools/gomad3/deterministicio/readonlymount","Test":"TestParseMappingsRejectsUnsafeOrOverlappingMappings/duplicate","Output":"=== RUN   TestParseMappingsRejectsUnsafeOrOverlappingMappings/duplicate\n","OutputType":"frame"}
{"Time":"2026-10-08T10:43:14.134980645Z","Action":"output","Package":"go.temporal.io/server/tools/gomad3/deterministicio/readonlymount","Test":"TestParseMappingsRejectsUnsafeOrOverlappingMappings/duplicate","Output":"--- PASS: TestParseMappingsRejectsUnsafeOrOverlappingMappings/duplicate (0.00s)\n","OutputType":"frame"}
{"Time":"2026-10-08T10:43:14.134985145Z","Action":"pass","Package":"go.temporal.io/server/tools/gomad3/deterministicio/readonlymount","Test":"TestParseMappingsRejectsUnsafeOrOverlappingMappings/duplicate","Elapsed":0}
{"Time":"2026-10-08T10:43:14.134990728Z","Action":"run","Package":"go.temporal.io/server/tools/gomad3/deterministicio/readonlymount","Test":"TestParseMappingsRejectsUnsafeOrOverlappingMappings/nested"}
{"Time":"2026-10-08T10:43:14.134992728Z","Action":"output","Package":"go.temporal.io/server/tools/gomad3/deterministicio/readonlymount","Test":"TestParseMappingsRejectsUnsafeOrOverlappingMappings/nested","Output":"=== RUN   TestParseMappingsRejectsUnsafeOrOverlappingMappings/nested\n","OutputType":"frame"}
{"Time":"2026-10-08T10:43:14.134995728Z","Action":"output","Package":"go.temporal.io/server/tools/gomad3/deterministicio/readonlymount","Test":"TestParseMappingsRejectsUnsafeOrOverlappingMappings/nested","Output":"--- PASS: TestParseMappingsRejectsUnsafeOrOverlappingMappings/nested (0.00s)\n","OutputType":"frame"}
{"Time":"2026-10-08T10:43:14.135003895Z","Action":"pass","Package":"go.temporal.io/server/tools/gomad3/deterministicio/readonlymount","Test":"TestParseMappingsRejectsUnsafeOrOverlappingMappings/nested","Elapsed":0}
{"Time":"2026-10-08T10:43:14.135009395Z","Action":"output","Package":"go.temporal.io/server/tools/gomad3/deterministicio/readonlymount","Test":"TestParseMappingsRejectsUnsafeOrOverlappingMappings","Output":"--- PASS: TestParseMappingsRejectsUnsafeOrOverlappingMappings (0.00s)\n","OutputType":"frame"}
{"Time":"2026-10-08T10:43:14.13501127Z","Action":"pass","Package":"go.temporal.io/server/tools/gomad3/deterministicio/readonlymount","Test":"TestParseMappingsRejectsUnsafeOrOverlappingMappings","Elapsed":0}
{"Time":"2026-10-08T10:43:14.135012853Z","Action":"run","Package":"go.temporal.io/server/tools/gomad3/deterministicio/readonlymount","Test":"TestParseMappingsRejectsNonDirectoryAndSymlinkRoots"}
{"Time":"2026-10-08T10:43:14.135014853Z","Action":"output","Package":"go.temporal.io/server/tools/gomad3/deterministicio/readonlymount","Test":"TestParseMappingsRejectsNonDirectoryAndSymlinkRoots","Output":"=== RUN   TestParseMappingsRejectsNonDirectoryAndSymlinkRoots\n","OutputType":"frame"}
{"Time":"2026-10-08T10:43:14.13511552Z","Action":"output","Package":"go.temporal.io/server/tools/gomad3/deterministicio/readonlymount","Test":"TestParseMappingsRejectsNonDirectoryAndSymlinkRoots","Output":"--- PASS: TestParseMappingsRejectsNonDirectoryAndSymlinkRoots (0.00s)\n","OutputType":"frame"}
{"Time":"2026-10-08T10:43:14.135124895Z","Action":"pass","Package":"go.temporal.io/server/tools/gomad3/deterministicio/readonlymount","Test":"TestParseMappingsRejectsNonDirectoryAndSymlinkRoots","Elapsed":0}
{"Time":"2026-10-08T10:43:14.135128686Z","Action":"output","Package":"go.temporal.io/server/tools/gomad3/deterministicio/readonlymount","Output":"PASS\n","OutputType":"frame"}
{"Time":"2026-10-08T10:43:14.13525977Z","Action":"output","Package":"go.temporal.io/server/tools/gomad3/deterministicio/readonlymount","Output":"ok  \tgo.temporal.io/server/tools/gomad3/deterministicio/readonlymount\t0.003s\n"}
{"Time":"2026-10-08T10:43:14.135269728Z","Action":"pass","Package":"go.temporal.io/server/tools/gomad3/deterministicio/readonlymount","Elapsed":0.003}
