{"Time":"2026-10-08T10:31:47.895493234Z","Action":"start","Package":"go.temporal.io/server/tools/gomad3/runner"}
{"Time":"2026-10-08T10:31:47.897796317Z","Action":"run","Package":"go.temporal.io/server/tools/gomad3/runner","Test":"TestCampaignShardPartitionsCanonicalOrdinals"}
{"Time":"2026-10-08T10:31:47.897864817Z","Action":"output","Package":"go.temporal.io/server/tools/gomad3/runner","Test":"TestCampaignShardPartitionsCanonicalOrdinals","Output":"=== RUN   TestCampaignShardPartitionsCanonicalOrdinals\n","OutputType":"frame"}
{"Time":"2026-10-08T10:31:47.897875901Z","Action":"output","Package":"go.temporal.io/server/tools/gomad3/runner","Test":"TestCampaignShardPartitionsCanonicalOrdinals","Output":"--- PASS: TestCampaignShardPartitionsCanonicalOrdinals (0.00s)\n","OutputType":"frame"}
{"Time":"2026-10-08T10:31:47.897882234Z","Action":"pass","Package":"go.temporal.io/server/tools/gomad3/runner","Test":"TestCampaignShardPartitionsCanonicalOrdinals","Elapsed":0}
{"Time":"2026-10-08T10:31:47.897898734Z","Action":"run","Package":"go.temporal.io/server/tools/gomad3/runner","Test":"TestCampaignShardRejectsInvalidAssignments"}
{"Time":"2026-10-08T10:31:47.897906401Z","Action":"output","Package":"go.temporal.io/server/tools/gomad3/runner","Test":"TestCampaignShardRejectsInvalidAssignments","Output":"=== RUN   TestCampaignShardRejectsInvalidAssignments\n","OutputType":"frame"}
{"Time":"2026-10-08T10:31:47.897913067Z","Action":"output","Package":"go.temporal.io/server/tools/gomad3/runner","Test":"TestCampaignShardRejectsInvalidAssignments","Output":"--- PASS: TestCampaignShardRejectsInvalidAssignments (0.00s)\n","OutputType":"frame"}
{"Time":"2026-10-08T10:31:47.897914776Z","Action":"pass","Package":"go.temporal.io/server/tools/gomad3/runner","Test":"TestCampaignShardRejectsInvalidAssignments","Elapsed":0}
{"Time":"2026-10-08T10:31:47.897938234Z","Action":"run","Package":"go.temporal.io/server/tools/gomad3/runner","Test":"TestPendingJobsRetainsGlobalOrdinalsForShard"}
{"Time":"2026-10-08T10:31:47.897945484Z","Action":"output","Package":"go.temporal.io/server/tools/gomad3/runner","Test":"TestPendingJobsRetainsGlobalOrdinalsForShard","Output":"=== RUN   TestPendingJobsRetainsGlobalOrdinalsForShard\n","OutputType":"frame"}
{"Time":"2026-10-08T10:31:47.897949192Z","Action":"output","Package":"go.temporal.io/server/tools/gomad3/runner","Test":"TestPendingJobsRetainsGlobalOrdinalsForShard","Output":"--- PASS: TestPendingJobsRetainsGlobalOrdinalsForShard (0.00s)\n","OutputType":"frame"}
{"Time":"2026-10-08T10:31:47.897951609Z","Action":"pass","Package":"go.temporal.io/server/tools/gomad3/runner","Test":"TestPendingJobsRetainsGlobalOrdinalsForShard","Elapsed":0}
{"Time":"2026-10-08T10:31:47.897962484Z","Action":"run","Package":"go.temporal.io/server/tools/gomad3/runner","Test":"TestValidateConfigRecordsOnlyTheForwardClockTick"}
{"Time":"2026-10-08T10:31:47.897965484Z","Action":"output","Package":"go.temporal.io/server/tools/gomad3/runner","Test":"TestValidateConfigRecordsOnlyTheForwardClockTick","Output":"=== RUN   TestValidateConfigRecordsOnlyTheForwardClockTick\n","OutputType":"frame"}
{"Time":"2026-10-08T10:31:47.898672484Z","Action":"output","Package":"go.temporal.io/server/tools/gomad3/runner","Test":"TestValidateConfigRecordsOnlyTheForwardClockTick","Output":"--- PASS: TestValidateConfigRecordsOnlyTheForwardClockTick (0.00s)\n","OutputType":"frame"}
{"Time":"2026-10-08T10:31:47.898683276Z","Action":"pass","Package":"go.temporal.io/server/tools/gomad3/runner","Test":"TestValidateConfigRecordsOnlyTheForwardClockTick","Elapsed":0}
{"Time":"2026-10-08T10:31:47.898688651Z","Action":"run","Package":"go.temporal.io/server/tools/gomad3/runner","Test":"TestDecodeCoordinatorMessagesForwardsProgressAndFinalResponse"}
{"Time":"2026-10-08T10:31:47.898700776Z","Action":"output","Package":"go.temporal.io/server/tools/gomad3/runner","Test":"TestDecodeCoordinatorMessagesForwardsProgressAndFinalResponse","Output":"=== RUN   TestDecodeCoordinatorMessagesForwardsProgressAndFinalResponse\n","OutputType":"frame"}
{"Time":"2026-10-08T10:31:47.898806901Z","Action":"output","Package":"go.temporal.io/server/tools/gomad3/runner","Test":"TestDecodeCoordinatorMessagesForwardsProgressAndFinalResponse","Output":"--- PASS: TestDecodeCoordinatorMessagesForwardsProgressAndFinalResponse (0.00s)\n","OutputType":"frame"}
{"Time":"2026-10-08T10:31:47.898813359Z","Action":"pass","Package":"go.temporal.io/server/tools/gomad3/runner","Test":"TestDecodeCoordinatorMessagesForwardsProgressAndFinalResponse","Elapsed":0}
{"Time":"2026-10-08T10:31:47.898826442Z","Action":"run","Package":"go.temporal.io/server/tools/gomad3/runner","Test":"TestDecodeCoordinatorMessagesRejectsProgressAfterResult"}
{"Time":"2026-10-08T10:31:47.898828151Z","Action":"output","Package":"go.temporal.io/server/tools/gomad3/runner","Test":"TestDecodeCoordinatorMessagesRejectsProgressAfterResult","Output":"=== RUN   TestDecodeCoordinatorMessagesRejectsProgressAfterResult\n","OutputType":"frame"}
{"Time":"2026-10-08T10:31:47.898830734Z","Action":"output","Package":"go.temporal.io/server/tools/gomad3/runner","Test":"TestDecodeCoordinatorMessagesRejectsProgressAfterResult","Output":"--- PASS: TestDecodeCoordinatorMessagesRejectsProgressAfterResult (0.00s)\n","OutputType":"frame"}
{"Time":"2026-10-08T10:31:47.898832401Z","Action":"pass","Package":"go.temporal.io/server/tools/gomad3/runner","Test":"TestDecodeCoordinatorMessagesRejectsProgressAfterResult","Elapsed":0}
{"Time":"2026-10-08T10:31:47.898834359Z","Action":"run","Package":"go.temporal.io/server/tools/gomad3/runner","Test":"TestDecodeCoordinatorMessagesPreservesDrainFailure"}
{"Time":"2026-10-08T10:31:47.898835942Z","Action":"output","Package":"go.temporal.io/server/tools/gomad3/runner","Test":"TestDecodeCoordinatorMessagesPreservesDrainFailure","Output":"=== RUN   TestDecodeCoordinatorMessagesPreservesDrainFailure\n","OutputType":"frame"}
{"Time":"2026-10-08T10:31:47.898839442Z","Action":"output","Package":"go.temporal.io/server/tools/gomad3/runner","Test":"TestDecodeCoordinatorMessagesPreservesDrainFailure","Output":"--- PASS: TestDecodeCoordinatorMessagesPreservesDrainFailure (0.00s)\n","OutputType":"frame"}
{"Time":"2026-10-08T10:31:47.898845192Z","Action":"pass","Package":"go.temporal.io/server/tools/gomad3/runner","Test":"TestDecodeCoordinatorMessagesPreservesDrainFailure","Elapsed":0}
{"Time":"2026-10-08T10:31:47.898847317Z","Action":"run","Package":"go.temporal.io/server/tools/gomad3/runner","Test":"TestExploreRejectsPrivateExecutionForIsolatedCampaign"}
{"Time":"2026-10-08T10:31:47.898848526Z","Action":"output","Package":"go.temporal.io/server/tools/gomad3/runner","Test":"TestExploreRejectsPrivateExecutionForIsolatedCampaign","Output":"=== RUN   TestExploreRejectsPrivateExecutionForIsolatedCampaign\n","OutputType":"frame"}
{"Time":"2026-10-08T10:31:47.898856151Z","Action":"output","Package":"go.temporal.io/server/tools/gomad3/runner","Test":"TestExploreRejectsPrivateExecutionForIsolatedCampaign","Output":"--- PASS: TestExploreRejectsPrivateExecutionForIsolatedCampaign (0.00s)\n","OutputType":"frame"}
{"Time":"2026-10-08T10:31:47.898857776Z","Action":"pass","Package":"go.temporal.io/server/tools/gomad3/runner","Test":"TestExploreRejectsPrivateExecutionForIsolatedCampaign","Elapsed":0}
{"Time":"2026-10-08T10:31:47.898867276Z","Action":"run","Package":"go.temporal.io/server/tools/gomad3/runner","Test":"TestCoordinatorTransportCoversEveryCampaignSpecField"}
{"Time":"2026-10-08T10:31:47.898868901Z","Action":"output","Package":"go.temporal.io/server/tools/gomad3/runner","Test":"TestCoordinatorTransportCoversEveryCampaignSpecField","Output":"=== RUN   TestCoordinatorTransportCoversEveryCampaignSpecField\n","OutputType":"frame"}
{"Time":"2026-10-08T10:31:47.898961942Z","Action":"output","Package":"go.temporal.io/server/tools/gomad3/runner","Test":"TestCoordinatorTransportCoversEveryCampaignSpecField","Output":"--- PASS: TestCoordinatorTransportCoversEveryCampaignSpecField (0.00s)\n","OutputType":"frame"}
{"Time":"2026-10-08T10:31:47.898967776Z","Action":"pass","Package":"go.temporal.io/server/tools/gomad3/runner","Test":"TestCoordinatorTransportCoversEveryCampaignSpecField","Elapsed":0}
{"Time":"2026-10-08T10:31:47.898969651Z","Action":"run","Package":"go.temporal.io/server/tools/gomad3/runner","Test":"TestCoordinatorTransportRoundTripsEveryTransportedField"}
{"Time":"2026-10-08T10:31:47.898970984Z","Action":"output","Package":"go.temporal.io/server/tools/gomad3/runner","Test":"TestCoordinatorTransportRoundTripsEveryTransportedField","Output":"=== RUN   TestCoordinatorTransportRoundTripsEveryTransportedField\n","OutputType":"frame"}
{"Time":"2026-10-08T10:31:47.899017942Z","Action":"run","Package":"go.temporal.io/server/tools/gomad3/runner","Test":"TestCoordinatorTransportRoundTripsEveryTransportedField/distinct_nonzero_values"}
{"Time":"2026-10-08T10:31:47.899024442Z","Action":"output","Package":"go.temporal.io/server/tools/gomad3/runner","Test":"TestCoordinatorTransportRoundTripsEveryTransportedField/distinct_nonzero_values","Output":"=== RUN   TestCoordinatorTransportRoundTripsEveryTransportedField/distinct_nonzero_values\n","OutputType":"frame"}
{"Time":"2026-10-08T10:31:47.899179901Z","Action":"output","Package":"go.temporal.io/server/tools/gomad3/runner","Test":"TestCoordinatorTransportRoundTripsEveryTransportedField/distinct_nonzero_values","Output":"--- PASS: TestCoordinatorTransportRoundTripsEveryTransportedField/distinct_nonzero_values (0.00s)\n","OutputType":"frame"}
{"Time":"2026-10-08T10:31:47.899187359Z","Action":"pass","Package":"go.temporal.io/server/tools/gomad3/runner","Test":"TestCoordinatorTransportRoundTripsEveryTransportedField/distinct_nonzero_values","Elapsed":0}
{"Time":"2026-10-08T10:31:47.899189484Z","Action":"run","Package":"go.temporal.io/server/tools/gomad3/runner","Test":"TestCoordinatorTransportRoundTripsEveryTransportedField/zero_values"}
{"Time":"2026-10-08T10:31:47.899197067Z","Action":"output","Package":"go.temporal.io/server/tools/gomad3/runner","Test":"TestCoordinatorTransportRoundTripsEveryTransportedField/zero_values","Output":"=== RUN   TestCoordinatorTransportRoundTripsEveryTransportedField/zero_values\n","OutputType":"frame"}
{"Time":"2026-10-08T10:31:47.899203234Z","Action":"output","Package":"go.temporal.io/server/tools/gomad3/runner","Test":"TestCoordinatorTransportRoundTripsEveryTransportedField/zero_values","Output":"--- PASS: TestCoordinatorTransportRoundTripsEveryTransportedField/zero_values (0.00s)\n","OutputType":"frame"}
{"Time":"2026-10-08T10:31:47.899226526Z","Action":"pass","Package":"go.temporal.io/server/tools/gomad3/runner","Test":"TestCoordinatorTransportRoundTripsEveryTransportedField/zero_values","Elapsed":0}
{"Time":"2026-10-08T10:31:47.899237442Z","Action":"run","Package":"go.temporal.io/server/tools/gomad3/runner","Test":"TestCoordinatorTransportRoundTripsEveryTransportedField/explicit_false_regression_override"}
{"Time":"2026-10-08T10:31:47.899240067Z","Action":"output","Package":"go.temporal.io/server/tools/gomad3/runner","Test":"TestCoordinatorTransportRoundTripsEveryTransportedField/explicit_false_regression_override","Output":"=== RUN   TestCoordinatorTransportRoundTripsEveryTransportedField/explicit_false_regression_override\n","OutputType":"frame"}
{"Time":"2026-10-08T10:31:47.899287067Z","Action":"output","Package":"go.temporal.io/server/tools/gomad3/runner","Test":"TestCoordinatorTransportRoundTripsEveryTransportedField/explicit_false_regression_override","Output":"--- PASS: TestCoordinatorTransportRoundTripsEveryTransportedField/explicit_false_regression_override (0.00s)\n","OutputType":"frame"}
{"Time":"2026-10-08T10:31:47.899295776Z","Action":"pass","Package":"go.temporal.io/server/tools/gomad3/runner","Test":"TestCoordinatorTransportRoundTripsEveryTransportedField/explicit_false_regression_override","Elapsed":0}
{"Time":"2026-10-08T10:31:47.899298859Z","Action":"output","Package":"go.temporal.io/server/tools/gomad3/runner","Test":"TestCoordinatorTransportRoundTripsEveryTransportedField","Output":"--- PASS: TestCoordinatorTransportRoundTripsEveryTransportedField (0.00s)\n","OutputType":"frame"}
{"Time":"2026-10-08T10:31:47.899302151Z","Action":"pass","Package":"go.temporal.io/server/tools/gomad3/runner","Test":"TestCoordinatorTransportRoundTripsEveryTransportedField","Elapsed":0}
{"Time":"2026-10-08T10:31:47.899315859Z","Action":"run","Package":"go.temporal.io/server/tools/gomad3/runner","Test":"TestCoordinatorRejectsInvalidStrategyBoundsLikeTheLocalRunner"}
{"Time":"2026-10-08T10:31:47.899318734Z","Action":"output","Package":"go.temporal.io/server/tools/gomad3/runner","Test":"TestCoordinatorRejectsInvalidStrategyBoundsLikeTheLocalRunner","Output":"=== RUN   TestCoordinatorRejectsInvalidStrategyBoundsLikeTheLocalRunner\n","OutputType":"frame"}
{"Time":"2026-10-08T10:31:47.899805484Z","Action":"run","Package":"go.temporal.io/server/tools/gomad3/runner","Test":"TestCoordinatorRejectsInvalidStrategyBoundsLikeTheLocalRunner/zero_forced_decisions"}
{"Time":"2026-10-08T10:31:47.899813776Z","Action":"output","Package":"go.temporal.io/server/tools/gomad3/runner","Test":"TestCoordinatorRejectsInvalidStrategyBoundsLikeTheLocalRunner/zero_forced_decisions","Output":"=== RUN   TestCoordinatorRejectsInvalidStrategyBoundsLikeTheLocalRunner/zero_forced_decisions\n","OutputType":"frame"}
{"Time":"2026-10-08T10:31:47.901504526Z","Action":"output","Package":"go.temporal.io/server/tools/gomad3/runner","Test":"TestCoordinatorRejectsInvalidStrategyBoundsLikeTheLocalRunner/zero_forced_decisions","Output":"--- PASS: TestCoordinatorRejectsInvalidStrategyBoundsLikeTheLocalRunner/zero_forced_decisions (0.00s)\n","OutputType":"frame"}
{"Time":"2026-10-08T10:31:47.901518067Z","Action":"pass","Package":"go.temporal.io/server/tools/gomad3/runner","Test":"TestCoordinatorRejectsInvalidStrategyBoundsLikeTheLocalRunner/zero_forced_decisions","Elapsed":0}
{"Time":"2026-10-08T10:31:47.901521401Z","Action":"run","Package":"go.temporal.io/server/tools/gomad3/runner","Test":"TestCoordinatorRejectsInvalidStrategyBoundsLikeTheLocalRunner/missing_forced_decisions"}
{"Time":"2026-10-08T10:31:47.901523359Z","Action":"output","Package":"go.temporal.io/server/tools/gomad3/runner","Test":"TestCoordinatorRejectsInvalidStrategyBoundsLikeTheLocalRunner/missing_forced_decisions","Output":"=== RUN   TestCoordinatorRejectsInvalidStrategyBoundsLikeTheLocalRunner/missing_forced_decisions\n","OutputType":"frame"}
{"Time":"2026-10-08T10:31:47.903261442Z","Action":"output","Package":"go.temporal.io/server/tools/gomad3/runner","Test":"TestCoordinatorRejectsInvalidStrategyBoundsLikeTheLocalRunner/missing_forced_decisions","Output":"--- PASS: TestCoordinatorRejectsInvalidStrategyBoundsLikeTheLocalRunner/missing_forced_decisions (0.00s)\n","OutputType":"frame"}
{"Time":"2026-10-08T10:31:47.903273526Z","Action":"pass","Package":"go.temporal.io/server/tools/gomad3/runner","Test":"TestCoordinatorRejectsInvalidStrategyBoundsLikeTheLocalRunner/missing_forced_decisions","Elapsed":0}
{"Time":"2026-10-08T10:31:47.903276026Z","Action":"run","Package":"go.temporal.io/server/tools/gomad3/runner","Test":"TestCoordinatorRejectsInvalidStrategyBoundsLikeTheLocalRunner/zero_result_bytes"}
{"Time":"2026-10-08T10:31:47.903278526Z","Action":"output","Package":"go.temporal.io/server/tools/gomad3/runner","Test":"TestCoordinatorRejectsInvalidStrategyBoundsLikeTheLocalRunner/zero_result_bytes","Output":"=== RUN   TestCoordinatorRejectsInvalidStrategyBoundsLikeTheLocalRunner/zero_result_bytes\n","OutputType":"frame"}
{"Time":"2026-10-08T10:31:47.904880776Z","Action":"output","Package":"go.temporal.io/server/tools/gomad3/runner","Test":"TestCoordinatorRejectsInvalidStrategyBoundsLikeTheLocalRunner/zero_result_bytes","Output":"--- PASS: TestCoordinatorRejectsInvalidStrategyBoundsLikeTheLocalRunner/zero_result_bytes (0.00s)\n","OutputType":"frame"}
{"Time":"2026-10-08T10:31:47.904888692Z","Action":"pass","Package":"go.temporal.io/server/tools/gomad3/runner","Test":"TestCoordinatorRejectsInvalidStrategyBoundsLikeTheLocalRunner/zero_result_bytes","Elapsed":0}
{"Time":"2026-10-08T10:31:47.904890609Z","Action":"run","Package":"go.temporal.io/server/tools/gomad3/runner","Test":"TestCoordinatorRejectsInvalidStrategyBoundsLikeTheLocalRunner/missing_result_bytes"}
{"Time":"2026-10-08T10:31:47.904892234Z","Action":"output","Package":"go.temporal.io/server/tools/gomad3/runner","Test":"TestCoordinatorRejectsInvalidStrategyBoundsLikeTheLocalRunner/missing_result_bytes","Output":"=== RUN   TestCoordinatorRejectsInvalidStrategyBoundsLikeTheLocalRunner/missing_result_bytes\n","OutputType":"frame"}
{"Time":"2026-10-08T10:31:47.906430359Z","Action":"output","Package":"go.temporal.io/server/tools/gomad3/runner","Test":"TestCoordinatorRejectsInvalidStrategyBoundsLikeTheLocalRunner/missing_result_bytes","Output":"--- PASS: TestCoordinatorRejectsInvalidStrategyBoundsLikeTheLocalRunner/missing_result_bytes (0.00s)\n","OutputType":"frame"}
{"Time":"2026-10-08T10:31:47.906438776Z","Action":"pass","Package":"go.temporal.io/server/tools/gomad3/runner","Test":"TestCoordinatorRejectsInvalidStrategyBoundsLikeTheLocalRunner/missing_result_bytes","Elapsed":0}
{"Time":"2026-10-08T10:31:47.906441109Z","Action":"run","Package":"go.temporal.io/server/tools/gomad3/runner","Test":"TestCoordinatorRejectsInvalidStrategyBoundsLikeTheLocalRunner/missing_dimension_bounds"}
{"Time":"2026-10-08T10:31:47.906443067Z","Action":"output","Package":"go.temporal.io/server/tools/gomad3/runner","Test":"TestCoordinatorRejectsInvalidStrategyBoundsLikeTheLocalRunner/missing_dimension_bounds","Output":"=== RUN   TestCoordinatorRejectsInvalidStrategyBoundsLikeTheLocalRunner/missing_dimension_bounds\n","OutputType":"frame"}
{"Time":"2026-10-08T10:31:47.907830359Z","Action":"output","Package":"go.temporal.io/server/tools/gomad3/runner","Test":"TestCoordinatorRejectsInvalidStrategyBoundsLikeTheLocalRunner/missing_dimension_bounds","Output":"--- PASS: TestCoordinatorRejectsInvalidStrategyBoundsLikeTheLocalRunner/missing_dimension_bounds (0.00s)\n","OutputType":"frame"}
{"Time":"2026-10-08T10:31:47.907842026Z","Action":"pass","Package":"go.temporal.io/server/tools/gomad3/runner","Test":"TestCoordinatorRejectsInvalidStrategyBoundsLikeTheLocalRunner/missing_dimension_bounds","Elapsed":0}
{"Time":"2026-10-08T10:31:47.907845192Z","Action":"run","Package":"go.temporal.io/server/tools/gomad3/runner","Test":"TestCoordinatorRejectsInvalidStrategyBoundsLikeTheLocalRunner/zero_executions"}
{"Time":"2026-10-08T10:31:47.907846984Z","Action":"output","Package":"go.temporal.io/server/tools/gomad3/runner","Test":"TestCoordinatorRejectsInvalidStrategyBoundsLikeTheLocalRunner/zero_executions","Output":"=== RUN   TestCoordinatorRejectsInvalidStrategyBoundsLikeTheLocalRunner/zero_executions\n","OutputType":"frame"}
{"Time":"2026-10-08T10:31:47.909416484Z","Action":"output","Package":"go.temporal.io/server/tools/gomad3/runner","Test":"TestCoordinatorRejectsInvalidStrategyBoundsLikeTheLocalRunner/zero_executions","Output":"--- PASS: TestCoordinatorRejectsInvalidStrategyBoundsLikeTheLocalRunner/zero_executions (0.00s)\n","OutputType":"frame"}
{"Time":"2026-10-08T10:31:47.909424651Z","Action":"pass","Package":"go.temporal.io/server/tools/gomad3/runner","Test":"TestCoordinatorRejectsInvalidStrategyBoundsLikeTheLocalRunner/zero_executions","Elapsed":0}
{"Time":"2026-10-08T10:31:47.909426651Z","Action":"run","Package":"go.temporal.io/server/tools/gomad3/runner","Test":"TestCoordinatorRejectsInvalidStrategyBoundsLikeTheLocalRunner/zero_exploration_bytes"}
{"Time":"2026-10-08T10:31:47.909428526Z","Action":"output","Package":"go.temporal.io/server/tools/gomad3/runner","Test":"TestCoordinatorRejectsInvalidStrategyBoundsLikeTheLocalRunner/zero_exploration_bytes","Output":"=== RUN   TestCoordinatorRejectsInvalidStrategyBoundsLikeTheLocalRunner/zero_exploration_bytes\n","OutputType":"frame"}
{"Time":"2026-10-08T10:31:47.910983359Z","Action":"output","Package":"go.temporal.io/server/tools/gomad3/runner","Test":"TestCoordinatorRejectsInvalidStrategyBoundsLikeTheLocalRunner/zero_exploration_bytes","Output":"--- PASS: TestCoordinatorRejectsInvalidStrategyBoundsLikeTheLocalRunner/zero_exploration_bytes (0.00s)\n","OutputType":"frame"}
{"Time":"2026-10-08T10:31:47.910992234Z","Action":"pass","Package":"go.temporal.io/server/tools/gomad3/runner","Test":"TestCoordinatorRejectsInvalidStrategyBoundsLikeTheLocalRunner/zero_exploration_bytes","Elapsed":0}
{"Time":"2026-10-08T10:31:47.910995859Z","Action":"run","Package":"go.temporal.io/server/tools/gomad3/runner","Test":"TestCoordinatorRejectsInvalidStrategyBoundsLikeTheLocalRunner/choice_depth_with_simulation_strategy"}
{"Time":"2026-10-08T10:31:47.910997234Z","Action":"output","Package":"go.temporal.io/server/tools/gomad3/runner","Test":"TestCoordinatorRejectsInvalidStrategyBoundsLikeTheLocalRunner/choice_depth_with_simulation_strategy","Output":"=== RUN   TestCoordinatorRejectsInvalidStrategyBoundsLikeTheLocalRunner/choice_depth_with_simulation_strategy\n","OutputType":"frame"}
{"Time":"2026-10-08T10:31:47.912552109Z","Action":"output","Package":"go.temporal.io/server/tools/gomad3/runner","Test":"TestCoordinatorRejectsInvalidStrategyBoundsLikeTheLocalRunner/choice_depth_with_simulation_strategy","Output":"--- PASS: TestCoordinatorRejectsInvalidStrategyBoundsLikeTheLocalRunner/choice_depth_with_simulation_strategy (0.00s)\n","OutputType":"frame"}
{"Time":"2026-10-08T10:31:47.912561192Z","Action":"pass","Package":"go.temporal.io/server/tools/gomad3/runner","Test":"TestCoordinatorRejectsInvalidStrategyBoundsLikeTheLocalRunner/choice_depth_with_simulation_strategy","Elapsed":0}
{"Time":"2026-10-08T10:31:47.912564151Z","Action":"run","Package":"go.temporal.io/server/tools/gomad3/runner","Test":"TestCoordinatorRejectsInvalidStrategyBoundsLikeTheLocalRunner/forced_decisions_with_choice_strategy"}
{"Time":"2026-10-08T10:31:47.912565901Z","Action":"output","Package":"go.temporal.io/server/tools/gomad3/runner","Test":"TestCoordinatorRejectsInvalidStrategyBoundsLikeTheLocalRunner/forced_decisions_with_choice_strategy","Output":"=== RUN   TestCoordinatorRejectsInvalidStrategyBoundsLikeTheLocalRunner/forced_decisions_with_choice_strategy\n","OutputType":"frame"}
{"Time":"2026-10-08T10:31:47.914078734Z","Action":"output","Package":"go.temporal.io/server/tools/gomad3/runner","Test":"TestCoordinatorRejectsInvalidStrategyBoundsLikeTheLocalRunner/forced_decisions_with_choice_strategy","Output":"--- PASS: TestCoordinatorRejectsInvalidStrategyBoundsLikeTheLocalRunner/forced_decisions_with_choice_strategy (0.00s)\n","OutputType":"frame"}
{"Time":"2026-10-08T10:31:47.914086984Z","Action":"pass","Package":"go.temporal.io/server/tools/gomad3/runner","Test":"TestCoordinatorRejectsInvalidStrategyBoundsLikeTheLocalRunner/forced_decisions_with_choice_strategy","Elapsed":0}
{"Time":"2026-10-08T10:31:47.914088984Z","Action":"run","Package":"go.temporal.io/server/tools/gomad3/runner","Test":"TestCoordinatorRejectsInvalidStrategyBoundsLikeTheLocalRunner/result_bytes_with_choice_strategy"}
{"Time":"2026-10-08T10:31:47.914090567Z","Action":"output","Package":"go.temporal.io/server/tools/gomad3/runner","Test":"TestCoordinatorRejectsInvalidStrategyBoundsLikeTheLocalRunner/result_bytes_with_choice_strategy","Output":"=== RUN   TestCoordinatorRejectsInvalidStrategyBoundsLikeTheLocalRunner/result_bytes_with_choice_strategy\n","OutputType":"frame"}
{"Time":"2026-10-08T10:31:47.915595234Z","Action":"output","Package":"go.temporal.io/server/tools/gomad3/runner","Test":"TestCoordinatorRejectsInvalidStrategyBoundsLikeTheLocalRunner/result_bytes_with_choice_strategy","Output":"--- PASS: TestCoordinatorRejectsInvalidStrategyBoundsLikeTheLocalRunner/result_bytes_with_choice_strategy (0.00s)\n","OutputType":"frame"}
{"Time":"2026-10-08T10:31:47.915614734Z","Action":"pass","Package":"go.temporal.io/server/tools/gomad3/runner","Test":"TestCoordinatorRejectsInvalidStrategyBoundsLikeTheLocalRunner/result_bytes_with_choice_strategy","Elapsed":0}
{"Time":"2026-10-08T10:31:47.915617859Z","Action":"run","Package":"go.temporal.io/server/tools/gomad3/runner","Test":"TestCoordinatorRejectsInvalidStrategyBoundsLikeTheLocalRunner/dimension_bound_with_choice_strategy"}
{"Time":"2026-10-08T10:31:47.915621067Z","Action":"output","Package":"go.temporal.io/server/tools/gomad3/runner","Test":"TestCoordinatorRejectsInvalidStrategyBoundsLikeTheLocalRunner/dimension_bound_with_choice_strategy","Output":"=== RUN   TestCoordinatorRejectsInvalidStrategyBoundsLikeTheLocalRunner/dimension_bound_with_choice_strategy\n","OutputType":"frame"}
{"Time":"2026-10-08T10:31:47.917475109Z","Action":"output","Package":"go.temporal.io/server/tools/gomad3/runner","Test":"TestCoordinatorRejectsInvalidStrategyBoundsLikeTheLocalRunner/dimension_bound_with_choice_strategy","Output":"--- PASS: TestCoordinatorRejectsInvalidStrategyBoundsLikeTheLocalRunner/dimension_bound_with_choice_strategy (0.00s)\n","OutputType":"frame"}
{"Time":"2026-10-08T10:31:47.917483484Z","Action":"pass","Package":"go.temporal.io/server/tools/gomad3/runner","Test":"TestCoordinatorRejectsInvalidStrategyBoundsLikeTheLocalRunner/dimension_bound_with_choice_strategy","Elapsed":0}
{"Time":"2026-10-08T10:31:47.917486526Z","Action":"run","Package":"go.temporal.io/server/tools/gomad3/runner","Test":"TestCoordinatorRejectsInvalidStrategyBoundsLikeTheLocalRunner/zero_choice_depth"}
{"Time":"2026-10-08T10:31:47.917488401Z","Action":"output","Package":"go.temporal.io/server/tools/gomad3/runner","Test":"TestCoordinatorRejectsInvalidStrategyBoundsLikeTheLocalRunner/zero_choice_depth","Output":"=== RUN   TestCoordinatorRejectsInvalidStrategyBoundsLikeTheLocalRunner/zero_choice_depth\n","OutputType":"frame"}
{"Time":"2026-10-08T10:31:47.919086359Z","Action":"output","Package":"go.temporal.io/server/tools/gomad3/runner","Test":"TestCoordinatorRejectsInvalidStrategyBoundsLikeTheLocalRunner/zero_choice_depth","Output":"--- PASS: TestCoordinatorRejectsInvalidStrategyBoundsLikeTheLocalRunner/zero_choice_depth (0.00s)\n","OutputType":"frame"}
{"Time":"2026-10-08T10:31:47.919094401Z","Action":"pass","Package":"go.temporal.io/server/tools/gomad3/runner","Test":"TestCoordinatorRejectsInvalidStrategyBoundsLikeTheLocalRunner/zero_choice_depth","Elapsed":0}
{"Time":"2026-10-08T10:31:47.919096817Z","Action":"run","Package":"go.temporal.io/server/tools/gomad3/runner","Test":"TestCoordinatorRejectsInvalidStrategyBoundsLikeTheLocalRunner/simulation_bounds_with_seed_strategy"}
{"Time":"2026-10-08T10:31:47.919098734Z","Action":"output","Package":"go.temporal.io/server/tools/gomad3/runner","Test":"TestCoordinatorRejectsInvalidStrategyBoundsLikeTheLocalRunner/simulation_bounds_with_seed_strategy","Output":"=== RUN   TestCoordinatorRejectsInvalidStrategyBoundsLikeTheLocalRunner/simulation_bounds_with_seed_strategy\n","OutputType":"frame"}
{"Time":"2026-10-08T10:31:47.920558276Z","Action":"output","Package":"go.temporal.io/server/tools/gomad3/runner","Test":"TestCoordinatorRejectsInvalidStrategyBoundsLikeTheLocalRunner/simulation_bounds_with_seed_strategy","Output":"--- PASS: TestCoordinatorRejectsInvalidStrategyBoundsLikeTheLocalRunner/simulation_bounds_with_seed_strategy (0.00s)\n","OutputType":"frame"}
{"Time":"2026-10-08T10:31:47.920565442Z","Action":"pass","Package":"go.temporal.io/server/tools/gomad3/runner","Test":"TestCoordinatorRejectsInvalidStrategyBoundsLikeTheLocalRunner/simulation_bounds_with_seed_strategy","Elapsed":0}
{"Time":"2026-10-08T10:31:47.920567484Z","Action":"run","Package":"go.temporal.io/server/tools/gomad3/runner","Test":"TestCoordinatorRejectsInvalidStrategyBoundsLikeTheLocalRunner/unknown_strategy"}
{"Time":"2026-10-08T10:31:47.920569109Z","Action":"output","Package":"go.temporal.io/server/tools/gomad3/runner","Test":"TestCoordinatorRejectsInvalidStrategyBoundsLikeTheLocalRunner/unknown_strategy","Output":"=== RUN   TestCoordinatorRejectsInvalidStrategyBoundsLikeTheLocalRunner/unknown_strategy\n","OutputType":"frame"}
{"Time":"2026-10-08T10:31:47.921988609Z","Action":"output","Package":"go.temporal.io/server/tools/gomad3/runner","Test":"TestCoordinatorRejectsInvalidStrategyBoundsLikeTheLocalRunner/unknown_strategy","Output":"--- PASS: TestCoordinatorRejectsInvalidStrategyBoundsLikeTheLocalRunner/unknown_strategy (0.00s)\n","OutputType":"frame"}
{"Time":"2026-10-08T10:31:47.921996026Z","Action":"pass","Package":"go.temporal.io/server/tools/gomad3/runner","Test":"TestCoordinatorRejectsInvalidStrategyBoundsLikeTheLocalRunner/unknown_strategy","Elapsed":0}
{"Time":"2026-10-08T10:31:47.921998276Z","Action":"run","Package":"go.temporal.io/server/tools/gomad3/runner","Test":"TestCoordinatorRejectsInvalidStrategyBoundsLikeTheLocalRunner/zero_runtime_dimension"}
{"Time":"2026-10-08T10:31:47.922000151Z","Action":"output","Package":"go.temporal.io/server/tools/gomad3/runner","Test":"TestCoordinatorRejectsInvalidStrategyBoundsLikeTheLocalRunner/zero_runtime_dimension","Output":"=== RUN   TestCoordinatorRejectsInvalidStrategyBoundsLikeTheLocalRunner/zero_runtime_dimension\n","OutputType":"frame"}
{"Time":"2026-10-08T10:31:47.923395568Z","Action":"output","Package":"go.temporal.io/server/tools/gomad3/runner","Test":"TestCoordinatorRejectsInvalidStrategyBoundsLikeTheLocalRunner/zero_runtime_dimension","Output":"--- PASS: TestCoordinatorRejectsInvalidStrategyBoundsLikeTheLocalRunner/zero_runtime_dimension (0.00s)\n","OutputType":"frame"}
{"Time":"2026-10-08T10:31:47.923402901Z","Action":"pass","Package":"go.temporal.io/server/tools/gomad3/runner","Test":"TestCoordinatorRejectsInvalidStrategyBoundsLikeTheLocalRunner/zero_runtime_dimension","Elapsed":0}
{"Time":"2026-10-08T10:31:47.923405109Z","Action":"run","Package":"go.temporal.io/server/tools/gomad3/runner","Test":"TestCoordinatorRejectsInvalidStrategyBoundsLikeTheLocalRunner/zero_scenario_dimension"}
{"Time":"2026-10-08T10:31:47.923406859Z","Action":"output","Package":"go.temporal.io/server/tools/gomad3/runner","Test":"TestCoordinatorRejectsInvalidStrategyBoundsLikeTheLocalRunner/zero_scenario_dimension","Output":"=== RUN   TestCoordinatorRejectsInvalidStrategyBoundsLikeTheLocalRunner/zero_scenario_dimension\n","OutputType":"frame"}
{"Time":"2026-10-08T10:31:47.924824651Z","Action":"output","Package":"go.temporal.io/server/tools/gomad3/runner","Test":"TestCoordinatorRejectsInvalidStrategyBoundsLikeTheLocalRunner/zero_scenario_dimension","Output":"--- PASS: TestCoordinatorRejectsInvalidStrategyBoundsLikeTheLocalRunner/zero_scenario_dimension (0.00s)\n","OutputType":"frame"}
{"Time":"2026-10-08T10:31:47.924834068Z","Action":"pass","Package":"go.temporal.io/server/tools/gomad3/runner","Test":"TestCoordinatorRejectsInvalidStrategyBoundsLikeTheLocalRunner/zero_scenario_dimension","Elapsed":0}
{"Time":"2026-10-08T10:31:47.924839484Z","Action":"run","Package":"go.temporal.io/server/tools/gomad3/runner","Test":"TestCoordinatorRejectsInvalidStrategyBoundsLikeTheLocalRunner/zero_network_dimension"}
{"Time":"2026-10-08T10:31:47.924840943Z","Action":"output","Package":"go.temporal.io/server/tools/gomad3/runner","Test":"TestCoordinatorRejectsInvalidStrategyBoundsLikeTheLocalRunner/zero_network_dimension","Output":"=== RUN   TestCoordinatorRejectsInvalidStrategyBoundsLikeTheLocalRunner/zero_network_dimension\n","OutputType":"frame"}
{"Time":"2026-10-08T10:31:47.926621734Z","Action":"output","Package":"go.temporal.io/server/tools/gomad3/runner","Test":"TestCoordinatorRejectsInvalidStrategyBoundsLikeTheLocalRunner/zero_network_dimension","Output":"--- PASS: TestCoordinatorRejectsInvalidStrategyBoundsLikeTheLocalRunner/zero_network_dimension (0.00s)\n","OutputType":"frame"}
{"Time":"2026-10-08T10:31:47.926629109Z","Action":"pass","Package":"go.temporal.io/server/tools/gomad3/runner","Test":"TestCoordinatorRejectsInvalidStrategyBoundsLikeTheLocalRunner/zero_network_dimension","Elapsed":0}
{"Time":"2026-10-08T10:31:47.926630943Z","Action":"run","Package":"go.temporal.io/server/tools/gomad3/runner","Test":"TestCoordinatorRejectsInvalidStrategyBoundsLikeTheLocalRunner/zero_storage_dimension"}
{"Time":"2026-10-08T10:31:47.926632401Z","Action":"output","Package":"go.temporal.io/server/tools/gomad3/runner","Test":"TestCoordinatorRejectsInvalidStrategyBoundsLikeTheLocalRunner/zero_storage_dimension","Output":"=== RUN   TestCoordinatorRejectsInvalidStrategyBoundsLikeTheLocalRunner/zero_storage_dimension\n","OutputType":"frame"}
{"Time":"2026-10-08T10:31:47.928218234Z","Action":"output","Package":"go.temporal.io/server/tools/gomad3/runner","Test":"TestCoordinatorRejectsInvalidStrategyBoundsLikeTheLocalRunner/zero_storage_dimension","Output":"--- PASS: TestCoordinatorRejectsInvalidStrategyBoundsLikeTheLocalRunner/zero_storage_dimension (0.00s)\n","OutputType":"frame"}
{"Time":"2026-10-08T10:31:47.928234901Z","Action":"pass","Package":"go.temporal.io/server/tools/gomad3/runner","Test":"TestCoordinatorRejectsInvalidStrategyBoundsLikeTheLocalRunner/zero_storage_dimension","Elapsed":0}
{"Time":"2026-10-08T10:31:47.928237401Z","Action":"run","Package":"go.temporal.io/server/tools/gomad3/runner","Test":"TestCoordinatorRejectsInvalidStrategyBoundsLikeTheLocalRunner/zero_fault_dimension"}
{"Time":"2026-10-08T10:31:47.928238984Z","Action":"output","Package":"go.temporal.io/server/tools/gomad3/runner","Test":"TestCoordinatorRejectsInvalidStrategyBoundsLikeTheLocalRunner/zero_fault_dimension","Output":"=== RUN   TestCoordinatorRejectsInvalidStrategyBoundsLikeTheLocalRunner/zero_fault_dimension\n","OutputType":"frame"}
{"Time":"2026-10-08T10:31:47.929749568Z","Action":"output","Package":"go.temporal.io/server/tools/gomad3/runner","Test":"TestCoordinatorRejectsInvalidStrategyBoundsLikeTheLocalRunner/zero_fault_dimension","Output":"--- PASS: TestCoordinatorRejectsInvalidStrategyBoundsLikeTheLocalRunner/zero_fault_dimension (0.00s)\n","OutputType":"frame"}
{"Time":"2026-10-08T10:31:47.929758943Z","Action":"pass","Package":"go.temporal.io/server/tools/gomad3/runner","Test":"TestCoordinatorRejectsInvalidStrategyBoundsLikeTheLocalRunner/zero_fault_dimension","Elapsed":0}
{"Time":"2026-10-08T10:31:47.929761151Z","Action":"run","Package":"go.temporal.io/server/tools/gomad3/runner","Test":"TestCoordinatorRejectsInvalidStrategyBoundsLikeTheLocalRunner/zero_crash_dimension"}
{"Time":"2026-10-08T10:31:47.929764484Z","Action":"output","Package":"go.temporal.io/server/tools/gomad3/runner","Test":"TestCoordinatorRejectsInvalidStrategyBoundsLikeTheLocalRunner/zero_crash_dimension","Output":"=== RUN   TestCoordinatorRejectsInvalidStrategyBoundsLikeTheLocalRunner/zero_crash_dimension\n","OutputType":"frame"}
{"Time":"2026-10-08T10:31:47.931180234Z","Action":"output","Package":"go.temporal.io/server/tools/gomad3/runner","Test":"TestCoordinatorRejectsInvalidStrategyBoundsLikeTheLocalRunner/zero_crash_dimension","Output":"--- PASS: TestCoordinatorRejectsInvalidStrategyBoundsLikeTheLocalRunner/zero_crash_dimension (0.00s)\n","OutputType":"frame"}
{"Time":"2026-10-08T10:31:47.931188526Z","Action":"pass","Package":"go.temporal.io/server/tools/gomad3/runner","Test":"TestCoordinatorRejectsInvalidStrategyBoundsLikeTheLocalRunner/zero_crash_dimension","Elapsed":0}
{"Time":"2026-10-08T10:31:47.931542734Z","Action":"output","Package":"go.temporal.io/server/tools/gomad3/runner","Test":"TestCoordinatorRejectsInvalidStrategyBoundsLikeTheLocalRunner","Output":"--- PASS: TestCoordinatorRejectsInvalidStrategyBoundsLikeTheLocalRunner (0.03s)\n","OutputType":"frame"}
{"Time":"2026-10-08T10:31:47.931552318Z","Action":"pass","Package":"go.temporal.io/server/tools/gomad3/runner","Test":"TestCoordinatorRejectsInvalidStrategyBoundsLikeTheLocalRunner","Elapsed":0.03}
{"Time":"2026-10-08T10:31:47.931557109Z","Action":"run","Package":"go.temporal.io/server/tools/gomad3/runner","Test":"TestCoordinatorRejectsMalformedRequests"}
{"Time":"2026-10-08T10:31:47.931566943Z","Action":"output","Package":"go.temporal.io/server/tools/gomad3/runner","Test":"TestCoordinatorRejectsMalformedRequests","Output":"=== RUN   TestCoordinatorRejectsMalformedRequests\n","OutputType":"frame"}
{"Time":"2026-10-08T10:31:47.931656651Z","Action":"run","Package":"go.temporal.io/server/tools/gomad3/runner","Test":"TestCoordinatorRejectsMalformedRequests/malformed_JSON"}
{"Time":"2026-10-08T10:31:47.931666359Z","Action":"output","Package":"go.temporal.io/server/tools/gomad3/runner","Test":"TestCoordinatorRejectsMalformedRequests/malformed_JSON","Output":"=== RUN   TestCoordinatorRejectsMalformedRequests/malformed_JSON\n","OutputType":"frame"}
{"Time":"2026-10-08T10:31:47.933603526Z","Action":"output","Package":"go.temporal.io/server/tools/gomad3/runner","Test":"TestCoordinatorRejectsMalformedRequests/malformed_JSON","Output":"--- PASS: TestCoordinatorRejectsMalformedRequests/malformed_JSON (0.00s)\n","OutputType":"frame"}
{"Time":"2026-10-08T10:31:47.933614943Z","Action":"pass","Package":"go.temporal.io/server/tools/gomad3/runner","Test":"TestCoordinatorRejectsMalformedRequests/malformed_JSON","Elapsed":0}
{"Time":"2026-10-08T10:31:47.933617859Z","Action":"run","Package":"go.temporal.io/server/tools/gomad3/runner","Test":"TestCoordinatorRejectsMalformedRequests/wrong_field_type"}
{"Time":"2026-10-08T10:31:47.933619818Z","Action":"output","Package":"go.temporal.io/server/tools/gomad3/runner","Test":"TestCoordinatorRejectsMalformedRequests/wrong_field_type","Output":"=== RUN   TestCoordinatorRejectsMalformedRequests/wrong_field_type\n","OutputType":"frame"}
{"Time":"2026-10-08T10:31:47.934938068Z","Action":"output","Package":"go.temporal.io/server/tools/gomad3/runner","Test":"TestCoordinatorRejectsMalformedRequests/wrong_field_type","Output":"--- PASS: TestCoordinatorRejectsMalformedRequests/wrong_field_type (0.00s)\n","OutputType":"frame"}
{"Time":"2026-10-08T10:31:47.934947984Z","Action":"pass","Package":"go.temporal.io/server/tools/gomad3/runner","Test":"TestCoordinatorRejectsMalformedRequests/wrong_field_type","Elapsed":0}
{"Time":"2026-10-08T10:31:47.934950151Z","Action":"run","Package":"go.temporal.io/server/tools/gomad3/runner","Test":"TestCoordinatorRejectsMalformedRequests/unknown_field"}
{"Time":"2026-10-08T10:31:47.934951818Z","Action":"output","Package":"go.temporal.io/server/tools/gomad3/runner","Test":"TestCoordinatorRejectsMalformedRequests/unknown_field","Output":"=== RUN   TestCoordinatorRejectsMalformedRequests/unknown_field\n","OutputType":"frame"}
{"Time":"2026-10-08T10:31:47.936311859Z","Action":"output","Package":"go.temporal.io/server/tools/gomad3/runner","Test":"TestCoordinatorRejectsMalformedRequests/unknown_field","Output":"--- PASS: TestCoordinatorRejectsMalformedRequests/unknown_field (0.00s)\n","OutputType":"frame"}
{"Time":"2026-10-08T10:31:47.936318776Z","Action":"pass","Package":"go.temporal.io/server/tools/gomad3/runner","Test":"TestCoordinatorRejectsMalformedRequests/unknown_field","Elapsed":0}
{"Time":"2026-10-08T10:31:47.936321401Z","Action":"run","Package":"go.temporal.io/server/tools/gomad3/runner","Test":"TestCoordinatorRejectsMalformedRequests/unknown_dimension"}
{"Time":"2026-10-08T10:31:47.936322776Z","Action":"output","Package":"go.temporal.io/server/tools/gomad3/runner","Test":"TestCoordinatorRejectsMalformedRequests/unknown_dimension","Output":"=== RUN   TestCoordinatorRejectsMalformedRequests/unknown_dimension\n","OutputType":"frame"}
{"Time":"2026-10-08T10:31:47.937770193Z","Action":"output","Package":"go.temporal.io/server/tools/gomad3/runner","Test":"TestCoordinatorRejectsMalformedRequests/unknown_dimension","Output":"--- PASS: TestCoordinatorRejectsMalformedRequests/unknown_dimension (0.00s)\n","OutputType":"frame"}
{"Time":"2026-10-08T10:31:47.937779568Z","Action":"pass","Package":"go.temporal.io/server/tools/gomad3/runner","Test":"TestCoordinatorRejectsMalformedRequests/unknown_dimension","Elapsed":0}
{"Time":"2026-10-08T10:31:47.937781693Z","Action":"run","Package":"go.temporal.io/server/tools/gomad3/runner","Test":"TestCoordinatorRejectsMalformedRequests/trailing_data"}
{"Time":"2026-10-08T10:31:47.937783401Z","Action":"output","Package":"go.temporal.io/server/tools/gomad3/runner","Test":"TestCoordinatorRejectsMalformedRequests/trailing_data","Output":"=== RUN   TestCoordinatorRejectsMalformedRequests/trailing_data\n","OutputType":"frame"}
{"Time":"2026-10-08T10:31:47.939242234Z","Action":"output","Package":"go.temporal.io/server/tools/gomad3/runner","Test":"TestCoordinatorRejectsMalformedRequests/trailing_data","Output":"--- PASS: TestCoordinatorRejectsMalformedRequests/trailing_data (0.00s)\n","OutputType":"frame"}
{"Time":"2026-10-08T10:31:47.939249359Z","Action":"pass","Package":"go.temporal.io/server/tools/gomad3/runner","Test":"TestCoordinatorRejectsMalformedRequests/trailing_data","Elapsed":0}
{"Time":"2026-10-08T10:31:47.939299943Z","Action":"output","Package":"go.temporal.io/server/tools/gomad3/runner","Test":"TestCoordinatorRejectsMalformedRequests","Output":"--- PASS: TestCoordinatorRejectsMalformedRequests (0.01s)\n","OutputType":"frame"}
{"Time":"2026-10-08T10:31:47.939306609Z","Action":"pass","Package":"go.temporal.io/server/tools/gomad3/runner","Test":"TestCoordinatorRejectsMalformedRequests","Elapsed":0.01}
{"Time":"2026-10-08T10:31:47.939355276Z","Action":"output","Package":"go.temporal.io/server/tools/gomad3/runner","Output":"PASS\n","OutputType":"frame"}
{"Time":"2026-10-08T10:31:47.939556443Z","Action":"output","Package":"go.temporal.io/server/tools/gomad3/runner","Output":"ok  \tgo.temporal.io/server/tools/gomad3/runner\t0.044s\n"}
{"Time":"2026-10-08T10:31:47.939571984Z","Action":"pass","Package":"go.temporal.io/server/tools/gomad3/runner","Elapsed":0.044}
