{"Time":"2026-10-08T10:33:46.687755541Z","Action":"start","Package":"go.temporal.io/server/tools/gomad3/runner/internal/campaign"}
{"Time":"2026-10-08T10:33:46.689570707Z","Action":"run","Package":"go.temporal.io/server/tools/gomad3/runner/internal/campaign","Test":"TestValidateBatchPlanRejectsChangedArtifactCapacity"}
{"Time":"2026-10-08T10:33:46.689616666Z","Action":"output","Package":"go.temporal.io/server/tools/gomad3/runner/internal/campaign","Test":"TestValidateBatchPlanRejectsChangedArtifactCapacity","Output":"=== RUN   TestValidateBatchPlanRejectsChangedArtifactCapacity\n","OutputType":"frame"}
{"Time":"2026-10-08T10:33:46.689633291Z","Action":"output","Package":"go.temporal.io/server/tools/gomad3/runner/internal/campaign","Test":"TestValidateBatchPlanRejectsChangedArtifactCapacity","Output":"--- PASS: TestValidateBatchPlanRejectsChangedArtifactCapacity (0.00s)\n","OutputType":"frame"}
{"Time":"2026-10-08T10:33:46.689640374Z","Action":"pass","Package":"go.temporal.io/server/tools/gomad3/runner/internal/campaign","Test":"TestValidateBatchPlanRejectsChangedArtifactCapacity","Elapsed":0}
{"Time":"2026-10-08T10:33:46.689655707Z","Action":"run","Package":"go.temporal.io/server/tools/gomad3/runner/internal/campaign","Test":"TestBatchJournalRecordsCanonicalResumePlan"}
{"Time":"2026-10-08T10:33:46.689658457Z","Action":"output","Package":"go.temporal.io/server/tools/gomad3/runner/internal/campaign","Test":"TestBatchJournalRecordsCanonicalResumePlan","Output":"=== RUN   TestBatchJournalRecordsCanonicalResumePlan\n","OutputType":"frame"}
{"Time":"2026-10-08T10:33:46.696530541Z","Action":"output","Package":"go.temporal.io/server/tools/gomad3/runner/internal/campaign","Test":"TestBatchJournalRecordsCanonicalResumePlan","Output":"--- PASS: TestBatchJournalRecordsCanonicalResumePlan (0.01s)\n","OutputType":"frame"}
{"Time":"2026-10-08T10:33:46.696545374Z","Action":"pass","Package":"go.temporal.io/server/tools/gomad3/runner/internal/campaign","Test":"TestBatchJournalRecordsCanonicalResumePlan","Elapsed":0.01}
{"Time":"2026-10-08T10:33:46.696556624Z","Action":"run","Package":"go.temporal.io/server/tools/gomad3/runner/internal/campaign","Test":"TestChoiceProfileMatchesResumePlanExactly"}
{"Time":"2026-10-08T10:33:46.696558916Z","Action":"output","Package":"go.temporal.io/server/tools/gomad3/runner/internal/campaign","Test":"TestChoiceProfileMatchesResumePlanExactly","Output":"=== RUN   TestChoiceProfileMatchesResumePlanExactly\n","OutputType":"frame"}
{"Time":"2026-10-08T10:33:46.696561249Z","Action":"output","Package":"go.temporal.io/server/tools/gomad3/runner/internal/campaign","Test":"TestChoiceProfileMatchesResumePlanExactly","Output":"--- PASS: TestChoiceProfileMatchesResumePlanExactly (0.00s)\n","OutputType":"frame"}
{"Time":"2026-10-08T10:33:46.696563166Z","Action":"pass","Package":"go.temporal.io/server/tools/gomad3/runner/internal/campaign","Test":"TestChoiceProfileMatchesResumePlanExactly","Elapsed":0}
{"Time":"2026-10-08T10:33:46.696565791Z","Action":"run","Package":"go.temporal.io/server/tools/gomad3/runner/internal/campaign","Test":"TestDefaultChoiceStartKeepsRetainedIdentityAndPlanBytes"}
{"Time":"2026-10-08T10:33:46.696571457Z","Action":"output","Package":"go.temporal.io/server/tools/gomad3/runner/internal/campaign","Test":"TestDefaultChoiceStartKeepsRetainedIdentityAndPlanBytes","Output":"=== RUN   TestDefaultChoiceStartKeepsRetainedIdentityAndPlanBytes\n","OutputType":"frame"}
{"Time":"2026-10-08T10:33:46.698281582Z","Action":"output","Package":"go.temporal.io/server/tools/gomad3/runner/internal/campaign","Test":"TestDefaultChoiceStartKeepsRetainedIdentityAndPlanBytes","Output":"--- PASS: TestDefaultChoiceStartKeepsRetainedIdentityAndPlanBytes (0.00s)\n","OutputType":"frame"}
{"Time":"2026-10-08T10:33:46.698289999Z","Action":"pass","Package":"go.temporal.io/server/tools/gomad3/runner/internal/campaign","Test":"TestDefaultChoiceStartKeepsRetainedIdentityAndPlanBytes","Elapsed":0}
{"Time":"2026-10-08T10:33:46.698292832Z","Action":"run","Package":"go.temporal.io/server/tools/gomad3/runner/internal/campaign","Test":"TestResumeExplorationJournalWrittenBeforeTheStartOrdinal"}
{"Time":"2026-10-08T10:33:46.698294374Z","Action":"output","Package":"go.temporal.io/server/tools/gomad3/runner/internal/campaign","Test":"TestResumeExplorationJournalWrittenBeforeTheStartOrdinal","Output":"=== RUN   TestResumeExplorationJournalWrittenBeforeTheStartOrdinal\n","OutputType":"frame"}
{"Time":"2026-10-08T10:33:46.699808082Z","Action":"output","Package":"go.temporal.io/server/tools/gomad3/runner/internal/campaign","Test":"TestResumeExplorationJournalWrittenBeforeTheStartOrdinal","Output":"--- PASS: TestResumeExplorationJournalWrittenBeforeTheStartOrdinal (0.00s)\n","OutputType":"frame"}
{"Time":"2026-10-08T10:33:46.699816124Z","Action":"pass","Package":"go.temporal.io/server/tools/gomad3/runner/internal/campaign","Test":"TestResumeExplorationJournalWrittenBeforeTheStartOrdinal","Elapsed":0}
{"Time":"2026-10-08T10:33:46.699819916Z","Action":"run","Package":"go.temporal.io/server/tools/gomad3/runner/internal/campaign","Test":"TestResumeExplorationJournalRequiresItsStartOrdinal"}
{"Time":"2026-10-08T10:33:46.699829124Z","Action":"output","Package":"go.temporal.io/server/tools/gomad3/runner/internal/campaign","Test":"TestResumeExplorationJournalRequiresItsStartOrdinal","Output":"=== RUN   TestResumeExplorationJournalRequiresItsStartOrdinal\n","OutputType":"frame"}
{"Time":"2026-10-08T10:33:46.701793707Z","Action":"output","Package":"go.temporal.io/server/tools/gomad3/runner/internal/campaign","Test":"TestResumeExplorationJournalRequiresItsStartOrdinal","Output":"--- PASS: TestResumeExplorationJournalRequiresItsStartOrdinal (0.00s)\n","OutputType":"frame"}
{"Time":"2026-10-08T10:33:46.701803291Z","Action":"pass","Package":"go.temporal.io/server/tools/gomad3/runner/internal/campaign","Test":"TestResumeExplorationJournalRequiresItsStartOrdinal","Elapsed":0}
{"Time":"2026-10-08T10:33:46.701805832Z","Action":"run","Package":"go.temporal.io/server/tools/gomad3/runner/internal/campaign","Test":"TestSeedCampaignPlanRejectsChoiceStartOrdinal"}
{"Time":"2026-10-08T10:33:46.701807832Z","Action":"output","Package":"go.temporal.io/server/tools/gomad3/runner/internal/campaign","Test":"TestSeedCampaignPlanRejectsChoiceStartOrdinal","Output":"=== RUN   TestSeedCampaignPlanRejectsChoiceStartOrdinal\n","OutputType":"frame"}
{"Time":"2026-10-08T10:33:46.701812874Z","Action":"output","Package":"go.temporal.io/server/tools/gomad3/runner/internal/campaign","Test":"TestSeedCampaignPlanRejectsChoiceStartOrdinal","Output":"--- PASS: TestSeedCampaignPlanRejectsChoiceStartOrdinal (0.00s)\n","OutputType":"frame"}
{"Time":"2026-10-08T10:33:46.701817166Z","Action":"pass","Package":"go.temporal.io/server/tools/gomad3/runner/internal/campaign","Test":"TestSeedCampaignPlanRejectsChoiceStartOrdinal","Elapsed":0}
{"Time":"2026-10-08T10:33:46.701818666Z","Action":"run","Package":"go.temporal.io/server/tools/gomad3/runner/internal/campaign","Test":"TestPreflightResumeReturnsValidatedLifecycleAndPlan"}
{"Time":"2026-10-08T10:33:46.701819957Z","Action":"output","Package":"go.temporal.io/server/tools/gomad3/runner/internal/campaign","Test":"TestPreflightResumeReturnsValidatedLifecycleAndPlan","Output":"=== RUN   TestPreflightResumeReturnsValidatedLifecycleAndPlan\n","OutputType":"frame"}
{"Time":"2026-10-08T10:33:46.704571582Z","Action":"output","Package":"go.temporal.io/server/tools/gomad3/runner/internal/campaign","Test":"TestPreflightResumeReturnsValidatedLifecycleAndPlan","Output":"--- PASS: TestPreflightResumeReturnsValidatedLifecycleAndPlan (0.00s)\n","OutputType":"frame"}
{"Time":"2026-10-08T10:33:46.704584791Z","Action":"pass","Package":"go.temporal.io/server/tools/gomad3/runner/internal/campaign","Test":"TestPreflightResumeReturnsValidatedLifecycleAndPlan","Elapsed":0}
{"Time":"2026-10-08T10:33:46.704587957Z","Action":"run","Package":"go.temporal.io/server/tools/gomad3/runner/internal/campaign","Test":"TestPreflightResumeRejectsUnrecoverableLifecycle"}
{"Time":"2026-10-08T10:33:46.704589916Z","Action":"output","Package":"go.temporal.io/server/tools/gomad3/runner/internal/campaign","Test":"TestPreflightResumeRejectsUnrecoverableLifecycle","Output":"=== RUN   TestPreflightResumeRejectsUnrecoverableLifecycle\n","OutputType":"frame"}
{"Time":"2026-10-08T10:33:46.705508916Z","Action":"output","Package":"go.temporal.io/server/tools/gomad3/runner/internal/campaign","Test":"TestPreflightResumeRejectsUnrecoverableLifecycle","Output":"--- PASS: TestPreflightResumeRejectsUnrecoverableLifecycle (0.00s)\n","OutputType":"frame"}
{"Time":"2026-10-08T10:33:46.705516749Z","Action":"pass","Package":"go.temporal.io/server/tools/gomad3/runner/internal/campaign","Test":"TestPreflightResumeRejectsUnrecoverableLifecycle","Elapsed":0}
{"Time":"2026-10-08T10:33:46.705519499Z","Action":"run","Package":"go.temporal.io/server/tools/gomad3/runner/internal/campaign","Test":"TestRecoverAndResumeShareExclusiveLock"}
{"Time":"2026-10-08T10:33:46.705522291Z","Action":"output","Package":"go.temporal.io/server/tools/gomad3/runner/internal/campaign","Test":"TestRecoverAndResumeShareExclusiveLock","Output":"=== RUN   TestRecoverAndResumeShareExclusiveLock\n","OutputType":"frame"}
{"Time":"2026-10-08T10:33:46.708678082Z","Action":"output","Package":"go.temporal.io/server/tools/gomad3/runner/internal/campaign","Test":"TestRecoverAndResumeShareExclusiveLock","Output":"--- PASS: TestRecoverAndResumeShareExclusiveLock (0.00s)\n","OutputType":"frame"}
{"Time":"2026-10-08T10:33:46.708698832Z","Action":"pass","Package":"go.temporal.io/server/tools/gomad3/runner/internal/campaign","Test":"TestRecoverAndResumeShareExclusiveLock","Elapsed":0}
{"Time":"2026-10-08T10:33:46.708705582Z","Action":"output","Package":"go.temporal.io/server/tools/gomad3/runner/internal/campaign","Output":"PASS\n","OutputType":"frame"}
{"Time":"2026-10-08T10:33:46.708879957Z","Action":"output","Package":"go.temporal.io/server/tools/gomad3/runner/internal/campaign","Output":"ok  \tgo.temporal.io/server/tools/gomad3/runner/internal/campaign\t0.021s\n"}
{"Time":"2026-10-08T10:33:46.708892249Z","Action":"pass","Package":"go.temporal.io/server/tools/gomad3/runner/internal/campaign","Elapsed":0.021}
