{"Time":"2026-10-08T12:07:59.856430611Z","Action":"start","Package":"go.temporal.io/server/tools/gomad3/qualification"}
{"Time":"2026-10-08T12:07:59.860519361Z","Action":"run","Package":"go.temporal.io/server/tools/gomad3/qualification","Test":"TestDiagnosticsIdentifyFreshPairAfterEarlierOutputDivergence"}
{"Time":"2026-10-08T12:07:59.860564528Z","Action":"output","Package":"go.temporal.io/server/tools/gomad3/qualification","Test":"TestDiagnosticsIdentifyFreshPairAfterEarlierOutputDivergence","Output":"=== RUN   TestDiagnosticsIdentifyFreshPairAfterEarlierOutputDivergence\n","OutputType":"frame"}
{"Time":"2026-10-08T12:07:59.869309445Z","Action":"output","Package":"go.temporal.io/server/tools/gomad3/qualification","Test":"TestDiagnosticsIdentifyFreshPairAfterEarlierOutputDivergence","Output":"--- PASS: TestDiagnosticsIdentifyFreshPairAfterEarlierOutputDivergence (0.01s)\n","OutputType":"frame"}
{"Time":"2026-10-08T12:07:59.869335695Z","Action":"pass","Package":"go.temporal.io/server/tools/gomad3/qualification","Test":"TestDiagnosticsIdentifyFreshPairAfterEarlierOutputDivergence","Elapsed":0.01}
{"Time":"2026-10-08T12:07:59.86934482Z","Action":"run","Package":"go.temporal.io/server/tools/gomad3/qualification","Test":"TestQualificationRejectsChangedDiagnosticTraceAndEvidence"}
{"Time":"2026-10-08T12:07:59.869347195Z","Action":"output","Package":"go.temporal.io/server/tools/gomad3/qualification","Test":"TestQualificationRejectsChangedDiagnosticTraceAndEvidence","Output":"=== RUN   TestQualificationRejectsChangedDiagnosticTraceAndEvidence\n","OutputType":"frame"}
{"Time":"2026-10-08T12:07:59.869352861Z","Action":"run","Package":"go.temporal.io/server/tools/gomad3/qualification","Test":"TestQualificationRejectsChangedDiagnosticTraceAndEvidence/file"}
{"Time":"2026-10-08T12:07:59.869365361Z","Action":"output","Package":"go.temporal.io/server/tools/gomad3/qualification","Test":"TestQualificationRejectsChangedDiagnosticTraceAndEvidence/file","Output":"=== RUN   TestQualificationRejectsChangedDiagnosticTraceAndEvidence/file\n","OutputType":"frame"}
{"Time":"2026-10-08T12:07:59.87400957Z","Action":"output","Package":"go.temporal.io/server/tools/gomad3/qualification","Test":"TestQualificationRejectsChangedDiagnosticTraceAndEvidence/file","Output":"--- PASS: TestQualificationRejectsChangedDiagnosticTraceAndEvidence/file (0.00s)\n","OutputType":"frame"}
{"Time":"2026-10-08T12:07:59.874030361Z","Action":"pass","Package":"go.temporal.io/server/tools/gomad3/qualification","Test":"TestQualificationRejectsChangedDiagnosticTraceAndEvidence/file","Elapsed":0}
{"Time":"2026-10-08T12:07:59.874041486Z","Action":"run","Package":"go.temporal.io/server/tools/gomad3/qualification","Test":"TestQualificationRejectsChangedDiagnosticTraceAndEvidence/evidence"}
{"Time":"2026-10-08T12:07:59.874044653Z","Action":"output","Package":"go.temporal.io/server/tools/gomad3/qualification","Test":"TestQualificationRejectsChangedDiagnosticTraceAndEvidence/evidence","Output":"=== RUN   TestQualificationRejectsChangedDiagnosticTraceAndEvidence/evidence\n","OutputType":"frame"}
{"Time":"2026-10-08T12:08:00.261090278Z","Action":"output","Package":"go.temporal.io/server/tools/gomad3/qualification","Test":"TestQualificationRejectsChangedDiagnosticTraceAndEvidence/evidence","Output":"--- PASS: TestQualificationRejectsChangedDiagnosticTraceAndEvidence/evidence (0.39s)\n","OutputType":"frame"}
{"Time":"2026-10-08T12:08:00.261146028Z","Action":"pass","Package":"go.temporal.io/server/tools/gomad3/qualification","Test":"TestQualificationRejectsChangedDiagnosticTraceAndEvidence/evidence","Elapsed":0.39}
{"Time":"2026-10-08T12:08:00.261167945Z","Action":"run","Package":"go.temporal.io/server/tools/gomad3/qualification","Test":"TestQualificationRejectsChangedDiagnosticTraceAndEvidence/second_evidence"}
{"Time":"2026-10-08T12:08:00.261172237Z","Action":"output","Package":"go.temporal.io/server/tools/gomad3/qualification","Test":"TestQualificationRejectsChangedDiagnosticTraceAndEvidence/second_evidence","Output":"=== RUN   TestQualificationRejectsChangedDiagnosticTraceAndEvidence/second_evidence\n","OutputType":"frame"}
{"Time":"2026-10-08T12:08:00.262778528Z","Action":"output","Package":"go.temporal.io/server/tools/gomad3/qualification","Test":"TestQualificationRejectsChangedDiagnosticTraceAndEvidence/second_evidence","Output":"--- PASS: TestQualificationRejectsChangedDiagnosticTraceAndEvidence/second_evidence (0.00s)\n","OutputType":"frame"}
{"Time":"2026-10-08T12:08:00.262806612Z","Action":"pass","Package":"go.temporal.io/server/tools/gomad3/qualification","Test":"TestQualificationRejectsChangedDiagnosticTraceAndEvidence/second_evidence","Elapsed":0}
{"Time":"2026-10-08T12:08:00.262815362Z","Action":"run","Package":"go.temporal.io/server/tools/gomad3/qualification","Test":"TestQualificationRejectsChangedDiagnosticTraceAndEvidence/missing"}
{"Time":"2026-10-08T12:08:00.26282032Z","Action":"output","Package":"go.temporal.io/server/tools/gomad3/qualification","Test":"TestQualificationRejectsChangedDiagnosticTraceAndEvidence/missing","Output":"=== RUN   TestQualificationRejectsChangedDiagnosticTraceAndEvidence/missing\n","OutputType":"frame"}
{"Time":"2026-10-08T12:08:00.263622278Z","Action":"output","Package":"go.temporal.io/server/tools/gomad3/qualification","Test":"TestQualificationRejectsChangedDiagnosticTraceAndEvidence/missing","Output":"--- PASS: TestQualificationRejectsChangedDiagnosticTraceAndEvidence/missing (0.00s)\n","OutputType":"frame"}
{"Time":"2026-10-08T12:08:00.263632778Z","Action":"pass","Package":"go.temporal.io/server/tools/gomad3/qualification","Test":"TestQualificationRejectsChangedDiagnosticTraceAndEvidence/missing","Elapsed":0}
{"Time":"2026-10-08T12:08:00.263636945Z","Action":"output","Package":"go.temporal.io/server/tools/gomad3/qualification","Test":"TestQualificationRejectsChangedDiagnosticTraceAndEvidence","Output":"--- PASS: TestQualificationRejectsChangedDiagnosticTraceAndEvidence (0.39s)\n","OutputType":"frame"}
{"Time":"2026-10-08T12:08:00.26363932Z","Action":"pass","Package":"go.temporal.io/server/tools/gomad3/qualification","Test":"TestQualificationRejectsChangedDiagnosticTraceAndEvidence","Elapsed":0.39}
{"Time":"2026-10-08T12:08:00.26364307Z","Action":"run","Package":"go.temporal.io/server/tools/gomad3/qualification","Test":"TestDiagnosticsPreserveInterruptedQualificationEvidence"}
{"Time":"2026-10-08T12:08:00.26365332Z","Action":"output","Package":"go.temporal.io/server/tools/gomad3/qualification","Test":"TestDiagnosticsPreserveInterruptedQualificationEvidence","Output":"=== RUN   TestDiagnosticsPreserveInterruptedQualificationEvidence\n","OutputType":"frame"}
{"Time":"2026-10-08T12:08:00.263668903Z","Action":"run","Package":"go.temporal.io/server/tools/gomad3/qualification","Test":"TestDiagnosticsPreserveInterruptedQualificationEvidence/watchdog_timeout/first=false"}
{"Time":"2026-10-08T12:08:00.263675153Z","Action":"output","Package":"go.temporal.io/server/tools/gomad3/qualification","Test":"TestDiagnosticsPreserveInterruptedQualificationEvidence/watchdog_timeout/first=false","Output":"=== RUN   TestDiagnosticsPreserveInterruptedQualificationEvidence/watchdog_timeout/first=false\n","OutputType":"frame"}
{"Time":"2026-10-08T12:08:00.276544028Z","Action":"output","Package":"go.temporal.io/server/tools/gomad3/qualification","Test":"TestDiagnosticsPreserveInterruptedQualificationEvidence/watchdog_timeout/first=false","Output":"--- PASS: TestDiagnosticsPreserveInterruptedQualificationEvidence/watchdog_timeout/first=false (0.01s)\n","OutputType":"frame"}
{"Time":"2026-10-08T12:08:00.27656682Z","Action":"pass","Package":"go.temporal.io/server/tools/gomad3/qualification","Test":"TestDiagnosticsPreserveInterruptedQualificationEvidence/watchdog_timeout/first=false","Elapsed":0.01}
{"Time":"2026-10-08T12:08:00.27659007Z","Action":"run","Package":"go.temporal.io/server/tools/gomad3/qualification","Test":"TestDiagnosticsPreserveInterruptedQualificationEvidence/watchdog_timeout/first=true"}
{"Time":"2026-10-08T12:08:00.276598737Z","Action":"output","Package":"go.temporal.io/server/tools/gomad3/qualification","Test":"TestDiagnosticsPreserveInterruptedQualificationEvidence/watchdog_timeout/first=true","Output":"=== RUN   TestDiagnosticsPreserveInterruptedQualificationEvidence/watchdog_timeout/first=true\n","OutputType":"frame"}
{"Time":"2026-10-08T12:08:00.287968362Z","Action":"output","Package":"go.temporal.io/server/tools/gomad3/qualification","Test":"TestDiagnosticsPreserveInterruptedQualificationEvidence/watchdog_timeout/first=true","Output":"--- PASS: TestDiagnosticsPreserveInterruptedQualificationEvidence/watchdog_timeout/first=true (0.01s)\n","OutputType":"frame"}
{"Time":"2026-10-08T12:08:00.287992737Z","Action":"pass","Package":"go.temporal.io/server/tools/gomad3/qualification","Test":"TestDiagnosticsPreserveInterruptedQualificationEvidence/watchdog_timeout/first=true","Elapsed":0.01}
{"Time":"2026-10-08T12:08:00.287997987Z","Action":"run","Package":"go.temporal.io/server/tools/gomad3/qualification","Test":"TestDiagnosticsPreserveInterruptedQualificationEvidence/runner_cancelled/first=false"}
{"Time":"2026-10-08T12:08:00.288008237Z","Action":"output","Package":"go.temporal.io/server/tools/gomad3/qualification","Test":"TestDiagnosticsPreserveInterruptedQualificationEvidence/runner_cancelled/first=false","Output":"=== RUN   TestDiagnosticsPreserveInterruptedQualificationEvidence/runner_cancelled/first=false\n","OutputType":"frame"}
{"Time":"2026-10-08T12:08:00.298461278Z","Action":"output","Package":"go.temporal.io/server/tools/gomad3/qualification","Test":"TestDiagnosticsPreserveInterruptedQualificationEvidence/runner_cancelled/first=false","Output":"--- PASS: TestDiagnosticsPreserveInterruptedQualificationEvidence/runner_cancelled/first=false (0.01s)\n","OutputType":"frame"}
{"Time":"2026-10-08T12:08:00.298489528Z","Action":"pass","Package":"go.temporal.io/server/tools/gomad3/qualification","Test":"TestDiagnosticsPreserveInterruptedQualificationEvidence/runner_cancelled/first=false","Elapsed":0.01}
{"Time":"2026-10-08T12:08:00.29849807Z","Action":"run","Package":"go.temporal.io/server/tools/gomad3/qualification","Test":"TestDiagnosticsPreserveInterruptedQualificationEvidence/runner_cancelled/first=true"}
{"Time":"2026-10-08T12:08:00.298500987Z","Action":"output","Package":"go.temporal.io/server/tools/gomad3/qualification","Test":"TestDiagnosticsPreserveInterruptedQualificationEvidence/runner_cancelled/first=true","Output":"=== RUN   TestDiagnosticsPreserveInterruptedQualificationEvidence/runner_cancelled/first=true\n","OutputType":"frame"}
{"Time":"2026-10-08T12:08:00.308901862Z","Action":"output","Package":"go.temporal.io/server/tools/gomad3/qualification","Test":"TestDiagnosticsPreserveInterruptedQualificationEvidence/runner_cancelled/first=true","Output":"--- PASS: TestDiagnosticsPreserveInterruptedQualificationEvidence/runner_cancelled/first=true (0.01s)\n","OutputType":"frame"}
{"Time":"2026-10-08T12:08:00.308928653Z","Action":"pass","Package":"go.temporal.io/server/tools/gomad3/qualification","Test":"TestDiagnosticsPreserveInterruptedQualificationEvidence/runner_cancelled/first=true","Elapsed":0.01}
{"Time":"2026-10-08T12:08:00.308934737Z","Action":"output","Package":"go.temporal.io/server/tools/gomad3/qualification","Test":"TestDiagnosticsPreserveInterruptedQualificationEvidence","Output":"--- PASS: TestDiagnosticsPreserveInterruptedQualificationEvidence (0.05s)\n","OutputType":"frame"}
{"Time":"2026-10-08T12:08:00.308938653Z","Action":"pass","Package":"go.temporal.io/server/tools/gomad3/qualification","Test":"TestDiagnosticsPreserveInterruptedQualificationEvidence","Elapsed":0.05}
{"Time":"2026-10-08T12:08:00.308941528Z","Action":"run","Package":"go.temporal.io/server/tools/gomad3/qualification","Test":"TestDiagnosticsRejectCorruptedSavedReportBindings"}
{"Time":"2026-10-08T12:08:00.308954612Z","Action":"output","Package":"go.temporal.io/server/tools/gomad3/qualification","Test":"TestDiagnosticsRejectCorruptedSavedReportBindings","Output":"=== RUN   TestDiagnosticsRejectCorruptedSavedReportBindings\n","OutputType":"frame"}
{"Time":"2026-10-08T12:08:00.308967403Z","Action":"run","Package":"go.temporal.io/server/tools/gomad3/qualification","Test":"TestDiagnosticsRejectCorruptedSavedReportBindings/different=false/missing"}
{"Time":"2026-10-08T12:08:00.308975445Z","Action":"output","Package":"go.temporal.io/server/tools/gomad3/qualification","Test":"TestDiagnosticsRejectCorruptedSavedReportBindings/different=false/missing","Output":"=== RUN   TestDiagnosticsRejectCorruptedSavedReportBindings/different=false/missing\n","OutputType":"frame"}
{"Time":"2026-10-08T12:08:00.31111882Z","Action":"output","Package":"go.temporal.io/server/tools/gomad3/qualification","Test":"TestDiagnosticsRejectCorruptedSavedReportBindings/different=false/missing","Output":"--- PASS: TestDiagnosticsRejectCorruptedSavedReportBindings/different=false/missing (0.00s)\n","OutputType":"frame"}
{"Time":"2026-10-08T12:08:00.31113332Z","Action":"pass","Package":"go.temporal.io/server/tools/gomad3/qualification","Test":"TestDiagnosticsRejectCorruptedSavedReportBindings/different=false/missing","Elapsed":0}
{"Time":"2026-10-08T12:08:00.31113657Z","Action":"run","Package":"go.temporal.io/server/tools/gomad3/qualification","Test":"TestDiagnosticsRejectCorruptedSavedReportBindings/different=false/contradictory"}
{"Time":"2026-10-08T12:08:00.311138445Z","Action":"output","Package":"go.temporal.io/server/tools/gomad3/qualification","Test":"TestDiagnosticsRejectCorruptedSavedReportBindings/different=false/contradictory","Output":"=== RUN   TestDiagnosticsRejectCorruptedSavedReportBindings/different=false/contradictory\n","OutputType":"frame"}
{"Time":"2026-10-08T12:08:00.312987653Z","Action":"output","Package":"go.temporal.io/server/tools/gomad3/qualification","Test":"TestDiagnosticsRejectCorruptedSavedReportBindings/different=false/contradictory","Output":"--- PASS: TestDiagnosticsRejectCorruptedSavedReportBindings/different=false/contradictory (0.00s)\n","OutputType":"frame"}
{"Time":"2026-10-08T12:08:00.312998778Z","Action":"pass","Package":"go.temporal.io/server/tools/gomad3/qualification","Test":"TestDiagnosticsRejectCorruptedSavedReportBindings/different=false/contradictory","Elapsed":0}
{"Time":"2026-10-08T12:08:00.313001945Z","Action":"run","Package":"go.temporal.io/server/tools/gomad3/qualification","Test":"TestDiagnosticsRejectCorruptedSavedReportBindings/different=false/evidence_missing"}
{"Time":"2026-10-08T12:08:00.313003528Z","Action":"output","Package":"go.temporal.io/server/tools/gomad3/qualification","Test":"TestDiagnosticsRejectCorruptedSavedReportBindings/different=false/evidence_missing","Output":"=== RUN   TestDiagnosticsRejectCorruptedSavedReportBindings/different=false/evidence_missing\n","OutputType":"frame"}
{"Time":"2026-10-08T12:08:00.314580237Z","Action":"output","Package":"go.temporal.io/server/tools/gomad3/qualification","Test":"TestDiagnosticsRejectCorruptedSavedReportBindings/different=false/evidence_missing","Output":"--- PASS: TestDiagnosticsRejectCorruptedSavedReportBindings/different=false/evidence_missing (0.00s)\n","OutputType":"frame"}
{"Time":"2026-10-08T12:08:00.31458832Z","Action":"pass","Package":"go.temporal.io/server/tools/gomad3/qualification","Test":"TestDiagnosticsRejectCorruptedSavedReportBindings/different=false/evidence_missing","Elapsed":0}
{"Time":"2026-10-08T12:08:00.314591362Z","Action":"run","Package":"go.temporal.io/server/tools/gomad3/qualification","Test":"TestDiagnosticsRejectCorruptedSavedReportBindings/different=false/evidence_altered"}
{"Time":"2026-10-08T12:08:00.314593153Z","Action":"output","Package":"go.temporal.io/server/tools/gomad3/qualification","Test":"TestDiagnosticsRejectCorruptedSavedReportBindings/different=false/evidence_altered","Output":"=== RUN   TestDiagnosticsRejectCorruptedSavedReportBindings/different=false/evidence_altered\n","OutputType":"frame"}
{"Time":"2026-10-08T12:08:00.31657382Z","Action":"output","Package":"go.temporal.io/server/tools/gomad3/qualification","Test":"TestDiagnosticsRejectCorruptedSavedReportBindings/different=false/evidence_altered","Output":"--- PASS: TestDiagnosticsRejectCorruptedSavedReportBindings/different=false/evidence_altered (0.00s)\n","OutputType":"frame"}
{"Time":"2026-10-08T12:08:00.316583153Z","Action":"pass","Package":"go.temporal.io/server/tools/gomad3/qualification","Test":"TestDiagnosticsRejectCorruptedSavedReportBindings/different=false/evidence_altered","Elapsed":0}
{"Time":"2026-10-08T12:08:00.316589195Z","Action":"run","Package":"go.temporal.io/server/tools/gomad3/qualification","Test":"TestDiagnosticsRejectCorruptedSavedReportBindings/different=false/status_missing"}
{"Time":"2026-10-08T12:08:00.316591403Z","Action":"output","Package":"go.temporal.io/server/tools/gomad3/qualification","Test":"TestDiagnosticsRejectCorruptedSavedReportBindings/different=false/status_missing","Output":"=== RUN   TestDiagnosticsRejectCorruptedSavedReportBindings/different=false/status_missing\n","OutputType":"frame"}
{"Time":"2026-10-08T12:08:00.318319278Z","Action":"output","Package":"go.temporal.io/server/tools/gomad3/qualification","Test":"TestDiagnosticsRejectCorruptedSavedReportBindings/different=false/status_missing","Output":"--- PASS: TestDiagnosticsRejectCorruptedSavedReportBindings/different=false/status_missing (0.00s)\n","OutputType":"frame"}
{"Time":"2026-10-08T12:08:00.318327862Z","Action":"pass","Package":"go.temporal.io/server/tools/gomad3/qualification","Test":"TestDiagnosticsRejectCorruptedSavedReportBindings/different=false/status_missing","Elapsed":0}
{"Time":"2026-10-08T12:08:00.318331695Z","Action":"run","Package":"go.temporal.io/server/tools/gomad3/qualification","Test":"TestDiagnosticsRejectCorruptedSavedReportBindings/different=false/status_contradictory"}
{"Time":"2026-10-08T12:08:00.318334445Z","Action":"output","Package":"go.temporal.io/server/tools/gomad3/qualification","Test":"TestDiagnosticsRejectCorruptedSavedReportBindings/different=false/status_contradictory","Output":"=== RUN   TestDiagnosticsRejectCorruptedSavedReportBindings/different=false/status_contradictory\n","OutputType":"frame"}
{"Time":"2026-10-08T12:08:00.32020382Z","Action":"output","Package":"go.temporal.io/server/tools/gomad3/qualification","Test":"TestDiagnosticsRejectCorruptedSavedReportBindings/different=false/status_contradictory","Output":"--- PASS: TestDiagnosticsRejectCorruptedSavedReportBindings/different=false/status_contradictory (0.00s)\n","OutputType":"frame"}
{"Time":"2026-10-08T12:08:00.320216153Z","Action":"pass","Package":"go.temporal.io/server/tools/gomad3/qualification","Test":"TestDiagnosticsRejectCorruptedSavedReportBindings/different=false/status_contradictory","Elapsed":0}
{"Time":"2026-10-08T12:08:00.320219403Z","Action":"run","Package":"go.temporal.io/server/tools/gomad3/qualification","Test":"TestDiagnosticsRejectCorruptedSavedReportBindings/different=false/baseline_digest"}
{"Time":"2026-10-08T12:08:00.320222862Z","Action":"output","Package":"go.temporal.io/server/tools/gomad3/qualification","Test":"TestDiagnosticsRejectCorruptedSavedReportBindings/different=false/baseline_digest","Output":"=== RUN   TestDiagnosticsRejectCorruptedSavedReportBindings/different=false/baseline_digest\n","OutputType":"frame"}
{"Time":"2026-10-08T12:08:00.322408445Z","Action":"output","Package":"go.temporal.io/server/tools/gomad3/qualification","Test":"TestDiagnosticsRejectCorruptedSavedReportBindings/different=false/baseline_digest","Output":"--- PASS: TestDiagnosticsRejectCorruptedSavedReportBindings/different=false/baseline_digest (0.00s)\n","OutputType":"frame"}
{"Time":"2026-10-08T12:08:00.322425153Z","Action":"pass","Package":"go.temporal.io/server/tools/gomad3/qualification","Test":"TestDiagnosticsRejectCorruptedSavedReportBindings/different=false/baseline_digest","Elapsed":0}
{"Time":"2026-10-08T12:08:00.322428445Z","Action":"run","Package":"go.temporal.io/server/tools/gomad3/qualification","Test":"TestDiagnosticsRejectCorruptedSavedReportBindings/different=true/missing"}
{"Time":"2026-10-08T12:08:00.322430237Z","Action":"output","Package":"go.temporal.io/server/tools/gomad3/qualification","Test":"TestDiagnosticsRejectCorruptedSavedReportBindings/different=true/missing","Output":"=== RUN   TestDiagnosticsRejectCorruptedSavedReportBindings/different=true/missing\n","OutputType":"frame"}
{"Time":"2026-10-08T12:08:00.324439653Z","Action":"output","Package":"go.temporal.io/server/tools/gomad3/qualification","Test":"TestDiagnosticsRejectCorruptedSavedReportBindings/different=true/missing","Output":"--- PASS: TestDiagnosticsRejectCorruptedSavedReportBindings/different=true/missing (0.00s)\n","OutputType":"frame"}
{"Time":"2026-10-08T12:08:00.324451737Z","Action":"pass","Package":"go.temporal.io/server/tools/gomad3/qualification","Test":"TestDiagnosticsRejectCorruptedSavedReportBindings/different=true/missing","Elapsed":0}
{"Time":"2026-10-08T12:08:00.324454987Z","Action":"run","Package":"go.temporal.io/server/tools/gomad3/qualification","Test":"TestDiagnosticsRejectCorruptedSavedReportBindings/different=true/contradictory"}
{"Time":"2026-10-08T12:08:00.324456695Z","Action":"output","Package":"go.temporal.io/server/tools/gomad3/qualification","Test":"TestDiagnosticsRejectCorruptedSavedReportBindings/different=true/contradictory","Output":"=== RUN   TestDiagnosticsRejectCorruptedSavedReportBindings/different=true/contradictory\n","OutputType":"frame"}
{"Time":"2026-10-08T12:08:00.328572195Z","Action":"output","Package":"go.temporal.io/server/tools/gomad3/qualification","Test":"TestDiagnosticsRejectCorruptedSavedReportBindings/different=true/contradictory","Output":"--- PASS: TestDiagnosticsRejectCorruptedSavedReportBindings/different=true/contradictory (0.00s)\n","OutputType":"frame"}
{"Time":"2026-10-08T12:08:00.328587278Z","Action":"pass","Package":"go.temporal.io/server/tools/gomad3/qualification","Test":"TestDiagnosticsRejectCorruptedSavedReportBindings/different=true/contradictory","Elapsed":0}
{"Time":"2026-10-08T12:08:00.328591278Z","Action":"run","Package":"go.temporal.io/server/tools/gomad3/qualification","Test":"TestDiagnosticsRejectCorruptedSavedReportBindings/different=true/evidence_missing"}
{"Time":"2026-10-08T12:08:00.328593362Z","Action":"output","Package":"go.temporal.io/server/tools/gomad3/qualification","Test":"TestDiagnosticsRejectCorruptedSavedReportBindings/different=true/evidence_missing","Output":"=== RUN   TestDiagnosticsRejectCorruptedSavedReportBindings/different=true/evidence_missing\n","OutputType":"frame"}
{"Time":"2026-10-08T12:08:00.330987653Z","Action":"output","Package":"go.temporal.io/server/tools/gomad3/qualification","Test":"TestDiagnosticsRejectCorruptedSavedReportBindings/different=true/evidence_missing","Output":"--- PASS: TestDiagnosticsRejectCorruptedSavedReportBindings/different=true/evidence_missing (0.00s)\n","OutputType":"frame"}
{"Time":"2026-10-08T12:08:00.330999237Z","Action":"pass","Package":"go.temporal.io/server/tools/gomad3/qualification","Test":"TestDiagnosticsRejectCorruptedSavedReportBindings/different=true/evidence_missing","Elapsed":0}
{"Time":"2026-10-08T12:08:00.33100382Z","Action":"run","Package":"go.temporal.io/server/tools/gomad3/qualification","Test":"TestDiagnosticsRejectCorruptedSavedReportBindings/different=true/evidence_altered"}
{"Time":"2026-10-08T12:08:00.331005695Z","Action":"output","Package":"go.temporal.io/server/tools/gomad3/qualification","Test":"TestDiagnosticsRejectCorruptedSavedReportBindings/different=true/evidence_altered","Output":"=== RUN   TestDiagnosticsRejectCorruptedSavedReportBindings/different=true/evidence_altered\n","OutputType":"frame"}
{"Time":"2026-10-08T12:08:00.333988487Z","Action":"output","Package":"go.temporal.io/server/tools/gomad3/qualification","Test":"TestDiagnosticsRejectCorruptedSavedReportBindings/different=true/evidence_altered","Output":"--- PASS: TestDiagnosticsRejectCorruptedSavedReportBindings/different=true/evidence_altered (0.00s)\n","OutputType":"frame"}
{"Time":"2026-10-08T12:08:00.334006403Z","Action":"pass","Package":"go.temporal.io/server/tools/gomad3/qualification","Test":"TestDiagnosticsRejectCorruptedSavedReportBindings/different=true/evidence_altered","Elapsed":0}
{"Time":"2026-10-08T12:08:00.334011403Z","Action":"run","Package":"go.temporal.io/server/tools/gomad3/qualification","Test":"TestDiagnosticsRejectCorruptedSavedReportBindings/different=true/status_missing"}
{"Time":"2026-10-08T12:08:00.334015612Z","Action":"output","Package":"go.temporal.io/server/tools/gomad3/qualification","Test":"TestDiagnosticsRejectCorruptedSavedReportBindings/different=true/status_missing","Output":"=== RUN   TestDiagnosticsRejectCorruptedSavedReportBindings/different=true/status_missing\n","OutputType":"frame"}
{"Time":"2026-10-08T12:08:00.336470403Z","Action":"output","Package":"go.temporal.io/server/tools/gomad3/qualification","Test":"TestDiagnosticsRejectCorruptedSavedReportBindings/different=true/status_missing","Output":"--- PASS: TestDiagnosticsRejectCorruptedSavedReportBindings/different=true/status_missing (0.00s)\n","OutputType":"frame"}
{"Time":"2026-10-08T12:08:00.336485737Z","Action":"pass","Package":"go.temporal.io/server/tools/gomad3/qualification","Test":"TestDiagnosticsRejectCorruptedSavedReportBindings/different=true/status_missing","Elapsed":0}
{"Time":"2026-10-08T12:08:00.336489945Z","Action":"run","Package":"go.temporal.io/server/tools/gomad3/qualification","Test":"TestDiagnosticsRejectCorruptedSavedReportBindings/different=true/status_contradictory"}
{"Time":"2026-10-08T12:08:00.336491695Z","Action":"output","Package":"go.temporal.io/server/tools/gomad3/qualification","Test":"TestDiagnosticsRejectCorruptedSavedReportBindings/different=true/status_contradictory","Output":"=== RUN   TestDiagnosticsRejectCorruptedSavedReportBindings/different=true/status_contradictory\n","OutputType":"frame"}
{"Time":"2026-10-08T12:08:00.338850695Z","Action":"output","Package":"go.temporal.io/server/tools/gomad3/qualification","Test":"TestDiagnosticsRejectCorruptedSavedReportBindings/different=true/status_contradictory","Output":"--- PASS: TestDiagnosticsRejectCorruptedSavedReportBindings/different=true/status_contradictory (0.00s)\n","OutputType":"frame"}
{"Time":"2026-10-08T12:08:00.338862653Z","Action":"pass","Package":"go.temporal.io/server/tools/gomad3/qualification","Test":"TestDiagnosticsRejectCorruptedSavedReportBindings/different=true/status_contradictory","Elapsed":0}
{"Time":"2026-10-08T12:08:00.338867153Z","Action":"run","Package":"go.temporal.io/server/tools/gomad3/qualification","Test":"TestDiagnosticsRejectCorruptedSavedReportBindings/different=true/baseline_digest"}
{"Time":"2026-10-08T12:08:00.338868945Z","Action":"output","Package":"go.temporal.io/server/tools/gomad3/qualification","Test":"TestDiagnosticsRejectCorruptedSavedReportBindings/different=true/baseline_digest","Output":"=== RUN   TestDiagnosticsRejectCorruptedSavedReportBindings/different=true/baseline_digest\n","OutputType":"frame"}
{"Time":"2026-10-08T12:08:00.341768403Z","Action":"output","Package":"go.temporal.io/server/tools/gomad3/qualification","Test":"TestDiagnosticsRejectCorruptedSavedReportBindings/different=true/baseline_digest","Output":"--- PASS: TestDiagnosticsRejectCorruptedSavedReportBindings/different=true/baseline_digest (0.00s)\n","OutputType":"frame"}
{"Time":"2026-10-08T12:08:00.341778778Z","Action":"pass","Package":"go.temporal.io/server/tools/gomad3/qualification","Test":"TestDiagnosticsRejectCorruptedSavedReportBindings/different=true/baseline_digest","Elapsed":0}
{"Time":"2026-10-08T12:08:00.341782278Z","Action":"output","Package":"go.temporal.io/server/tools/gomad3/qualification","Test":"TestDiagnosticsRejectCorruptedSavedReportBindings","Output":"--- PASS: TestDiagnosticsRejectCorruptedSavedReportBindings (0.03s)\n","OutputType":"frame"}
{"Time":"2026-10-08T12:08:00.341785653Z","Action":"pass","Package":"go.temporal.io/server/tools/gomad3/qualification","Test":"TestDiagnosticsRejectCorruptedSavedReportBindings","Elapsed":0.03}
{"Time":"2026-10-08T12:08:00.341791695Z","Action":"run","Package":"go.temporal.io/server/tools/gomad3/qualification","Test":"TestDiagnosticsCompareAvailablePairsAfterInterruptedBaseline"}
{"Time":"2026-10-08T12:08:00.341798945Z","Action":"output","Package":"go.temporal.io/server/tools/gomad3/qualification","Test":"TestDiagnosticsCompareAvailablePairsAfterInterruptedBaseline","Output":"=== RUN   TestDiagnosticsCompareAvailablePairsAfterInterruptedBaseline\n","OutputType":"frame"}
{"Time":"2026-10-08T12:08:00.348769653Z","Action":"output","Package":"go.temporal.io/server/tools/gomad3/qualification","Test":"TestDiagnosticsCompareAvailablePairsAfterInterruptedBaseline","Output":"--- PASS: TestDiagnosticsCompareAvailablePairsAfterInterruptedBaseline (0.01s)\n","OutputType":"frame"}
{"Time":"2026-10-08T12:08:00.348784153Z","Action":"pass","Package":"go.temporal.io/server/tools/gomad3/qualification","Test":"TestDiagnosticsCompareAvailablePairsAfterInterruptedBaseline","Elapsed":0.01}
{"Time":"2026-10-08T12:08:00.348789695Z","Action":"run","Package":"go.temporal.io/server/tools/gomad3/qualification","Test":"TestDiagnosticsUnavailableForEveryInterruptedRun"}
{"Time":"2026-10-08T12:08:00.348793653Z","Action":"output","Package":"go.temporal.io/server/tools/gomad3/qualification","Test":"TestDiagnosticsUnavailableForEveryInterruptedRun","Output":"=== RUN   TestDiagnosticsUnavailableForEveryInterruptedRun\n","OutputType":"frame"}
{"Time":"2026-10-08T12:08:00.35455407Z","Action":"output","Package":"go.temporal.io/server/tools/gomad3/qualification","Test":"TestDiagnosticsUnavailableForEveryInterruptedRun","Output":"--- PASS: TestDiagnosticsUnavailableForEveryInterruptedRun (0.01s)\n","OutputType":"frame"}
{"Time":"2026-10-08T12:08:00.354564112Z","Action":"pass","Package":"go.temporal.io/server/tools/gomad3/qualification","Test":"TestDiagnosticsUnavailableForEveryInterruptedRun","Elapsed":0.01}
{"Time":"2026-10-08T12:08:00.354574487Z","Action":"run","Package":"go.temporal.io/server/tools/gomad3/qualification","Test":"TestDiagnosticsOffReportFieldsRemainAbsent"}
{"Time":"2026-10-08T12:08:00.35458132Z","Action":"output","Package":"go.temporal.io/server/tools/gomad3/qualification","Test":"TestDiagnosticsOffReportFieldsRemainAbsent","Output":"=== RUN   TestDiagnosticsOffReportFieldsRemainAbsent\n","OutputType":"frame"}
{"Time":"2026-10-08T12:08:00.355499528Z","Action":"output","Package":"go.temporal.io/server/tools/gomad3/qualification","Test":"TestDiagnosticsOffReportFieldsRemainAbsent","Output":"--- PASS: TestDiagnosticsOffReportFieldsRemainAbsent (0.00s)\n","OutputType":"frame"}
{"Time":"2026-10-08T12:08:00.355517153Z","Action":"pass","Package":"go.temporal.io/server/tools/gomad3/qualification","Test":"TestDiagnosticsOffReportFieldsRemainAbsent","Elapsed":0}
{"Time":"2026-10-08T12:08:00.355530737Z","Action":"run","Package":"go.temporal.io/server/tools/gomad3/qualification","Test":"TestQualificationEventStreamReturnsRetainedResult"}
{"Time":"2026-10-08T12:08:00.355548737Z","Action":"output","Package":"go.temporal.io/server/tools/gomad3/qualification","Test":"TestQualificationEventStreamReturnsRetainedResult","Output":"=== RUN   TestQualificationEventStreamReturnsRetainedResult\n","OutputType":"frame"}
{"Time":"2026-10-08T12:08:00.355553945Z","Action":"output","Package":"go.temporal.io/server/tools/gomad3/qualification","Test":"TestQualificationEventStreamReturnsRetainedResult","Output":"--- PASS: TestQualificationEventStreamReturnsRetainedResult (0.00s)\n","OutputType":"frame"}
{"Time":"2026-10-08T12:08:00.35556007Z","Action":"pass","Package":"go.temporal.io/server/tools/gomad3/qualification","Test":"TestQualificationEventStreamReturnsRetainedResult","Elapsed":0}
{"Time":"2026-10-08T12:08:00.355566195Z","Action":"run","Package":"go.temporal.io/server/tools/gomad3/qualification","Test":"TestDecodeResultEventRejectsInvalidStreams"}
{"Time":"2026-10-08T12:08:00.355568653Z","Action":"output","Package":"go.temporal.io/server/tools/gomad3/qualification","Test":"TestDecodeResultEventRejectsInvalidStreams","Output":"=== RUN   TestDecodeResultEventRejectsInvalidStreams\n","OutputType":"frame"}
{"Time":"2026-10-08T12:08:00.35557157Z","Action":"run","Package":"go.temporal.io/server/tools/gomad3/qualification","Test":"TestDecodeResultEventRejectsInvalidStreams/missing_result"}
{"Time":"2026-10-08T12:08:00.35557732Z","Action":"output","Package":"go.temporal.io/server/tools/gomad3/qualification","Test":"TestDecodeResultEventRejectsInvalidStreams/missing_result","Output":"=== RUN   TestDecodeResultEventRejectsInvalidStreams/missing_result\n","OutputType":"frame"}
{"Time":"2026-10-08T12:08:00.355582737Z","Action":"output","Package":"go.temporal.io/server/tools/gomad3/qualification","Test":"TestDecodeResultEventRejectsInvalidStreams/missing_result","Output":"--- PASS: TestDecodeResultEventRejectsInvalidStreams/missing_result (0.00s)\n","OutputType":"frame"}
{"Time":"2026-10-08T12:08:00.355584778Z","Action":"pass","Package":"go.temporal.io/server/tools/gomad3/qualification","Test":"TestDecodeResultEventRejectsInvalidStreams/missing_result","Elapsed":0}
{"Time":"2026-10-08T12:08:00.355586612Z","Action":"run","Package":"go.temporal.io/server/tools/gomad3/qualification","Test":"TestDecodeResultEventRejectsInvalidStreams/unretained_error"}
{"Time":"2026-10-08T12:08:00.355592778Z","Action":"output","Package":"go.temporal.io/server/tools/gomad3/qualification","Test":"TestDecodeResultEventRejectsInvalidStreams/unretained_error","Output":"=== RUN   TestDecodeResultEventRejectsInvalidStreams/unretained_error\n","OutputType":"frame"}
{"Time":"2026-10-08T12:08:00.355594862Z","Action":"output","Package":"go.temporal.io/server/tools/gomad3/qualification","Test":"TestDecodeResultEventRejectsInvalidStreams/unretained_error","Output":"--- PASS: TestDecodeResultEventRejectsInvalidStreams/unretained_error (0.00s)\n","OutputType":"frame"}
{"Time":"2026-10-08T12:08:00.355596487Z","Action":"pass","Package":"go.temporal.io/server/tools/gomad3/qualification","Test":"TestDecodeResultEventRejectsInvalidStreams/unretained_error","Elapsed":0}
{"Time":"2026-10-08T12:08:00.355602737Z","Action":"run","Package":"go.temporal.io/server/tools/gomad3/qualification","Test":"TestDecodeResultEventRejectsInvalidStreams/unsupported_schema"}
{"Time":"2026-10-08T12:08:00.355605445Z","Action":"output","Package":"go.temporal.io/server/tools/gomad3/qualification","Test":"TestDecodeResultEventRejectsInvalidStreams/unsupported_schema","Output":"=== RUN   TestDecodeResultEventRejectsInvalidStreams/unsupported_schema\n","OutputType":"frame"}
{"Time":"2026-10-08T12:08:00.355607695Z","Action":"output","Package":"go.temporal.io/server/tools/gomad3/qualification","Test":"TestDecodeResultEventRejectsInvalidStreams/unsupported_schema","Output":"--- PASS: TestDecodeResultEventRejectsInvalidStreams/unsupported_schema (0.00s)\n","OutputType":"frame"}
{"Time":"2026-10-08T12:08:00.355612778Z","Action":"pass","Package":"go.temporal.io/server/tools/gomad3/qualification","Test":"TestDecodeResultEventRejectsInvalidStreams/unsupported_schema","Elapsed":0}
{"Time":"2026-10-08T12:08:00.355615445Z","Action":"run","Package":"go.temporal.io/server/tools/gomad3/qualification","Test":"TestDecodeResultEventRejectsInvalidStreams/duplicate_result"}
{"Time":"2026-10-08T12:08:00.355617278Z","Action":"output","Package":"go.temporal.io/server/tools/gomad3/qualification","Test":"TestDecodeResultEventRejectsInvalidStreams/duplicate_result","Output":"=== RUN   TestDecodeResultEventRejectsInvalidStreams/duplicate_result\n","OutputType":"frame"}
{"Time":"2026-10-08T12:08:00.355620653Z","Action":"output","Package":"go.temporal.io/server/tools/gomad3/qualification","Test":"TestDecodeResultEventRejectsInvalidStreams/duplicate_result","Output":"--- PASS: TestDecodeResultEventRejectsInvalidStreams/duplicate_result (0.00s)\n","OutputType":"frame"}
{"Time":"2026-10-08T12:08:00.35562357Z","Action":"pass","Package":"go.temporal.io/server/tools/gomad3/qualification","Test":"TestDecodeResultEventRejectsInvalidStreams/duplicate_result","Elapsed":0}
{"Time":"2026-10-08T12:08:00.35562682Z","Action":"output","Package":"go.temporal.io/server/tools/gomad3/qualification","Test":"TestDecodeResultEventRejectsInvalidStreams","Output":"--- PASS: TestDecodeResultEventRejectsInvalidStreams (0.00s)\n","OutputType":"frame"}
{"Time":"2026-10-08T12:08:00.355629237Z","Action":"pass","Package":"go.temporal.io/server/tools/gomad3/qualification","Test":"TestDecodeResultEventRejectsInvalidStreams","Elapsed":0}
{"Time":"2026-10-08T12:08:00.355636445Z","Action":"run","Package":"go.temporal.io/server/tools/gomad3/qualification","Test":"TestBuildReportQualifiesRepeatedSuccessfulEvidence"}
{"Time":"2026-10-08T12:08:00.355654862Z","Action":"output","Package":"go.temporal.io/server/tools/gomad3/qualification","Test":"TestBuildReportQualifiesRepeatedSuccessfulEvidence","Output":"=== RUN   TestBuildReportQualifiesRepeatedSuccessfulEvidence\n","OutputType":"frame"}
{"Time":"2026-10-08T12:08:00.355933487Z","Action":"output","Package":"go.temporal.io/server/tools/gomad3/qualification","Test":"TestBuildReportQualifiesRepeatedSuccessfulEvidence","Output":"--- PASS: TestBuildReportQualifiesRepeatedSuccessfulEvidence (0.00s)\n","OutputType":"frame"}
{"Time":"2026-10-08T12:08:00.355942403Z","Action":"pass","Package":"go.temporal.io/server/tools/gomad3/qualification","Test":"TestBuildReportQualifiesRepeatedSuccessfulEvidence","Elapsed":0}
{"Time":"2026-10-08T12:08:00.355944737Z","Action":"run","Package":"go.temporal.io/server/tools/gomad3/qualification","Test":"TestBuildReportNamesFirstEvidenceDivergence"}
{"Time":"2026-10-08T12:08:00.355946278Z","Action":"output","Package":"go.temporal.io/server/tools/gomad3/qualification","Test":"TestBuildReportNamesFirstEvidenceDivergence","Output":"=== RUN   TestBuildReportNamesFirstEvidenceDivergence\n","OutputType":"frame"}
{"Time":"2026-10-08T12:08:00.356282528Z","Action":"output","Package":"go.temporal.io/server/tools/gomad3/qualification","Test":"TestBuildReportNamesFirstEvidenceDivergence","Output":"--- PASS: TestBuildReportNamesFirstEvidenceDivergence (0.00s)\n","OutputType":"frame"}
{"Time":"2026-10-08T12:08:00.35629457Z","Action":"pass","Package":"go.temporal.io/server/tools/gomad3/qualification","Test":"TestBuildReportNamesFirstEvidenceDivergence","Elapsed":0}
{"Time":"2026-10-08T12:08:00.356299445Z","Action":"run","Package":"go.temporal.io/server/tools/gomad3/qualification","Test":"TestBuildReportRecordsFailureReplay"}
{"Time":"2026-10-08T12:08:00.356302445Z","Action":"output","Package":"go.temporal.io/server/tools/gomad3/qualification","Test":"TestBuildReportRecordsFailureReplay","Output":"=== RUN   TestBuildReportRecordsFailureReplay\n","OutputType":"frame"}
{"Time":"2026-10-08T12:08:00.35660432Z","Action":"output","Package":"go.temporal.io/server/tools/gomad3/qualification","Test":"TestBuildReportRecordsFailureReplay","Output":"--- PASS: TestBuildReportRecordsFailureReplay (0.00s)\n","OutputType":"frame"}
{"Time":"2026-10-08T12:08:00.356613487Z","Action":"pass","Package":"go.temporal.io/server/tools/gomad3/qualification","Test":"TestBuildReportRecordsFailureReplay","Elapsed":0}
{"Time":"2026-10-08T12:08:00.356616278Z","Action":"run","Package":"go.temporal.io/server/tools/gomad3/qualification","Test":"TestBuildReportRecordsPerRunSuccessfulReplay"}
{"Time":"2026-10-08T12:08:00.356625028Z","Action":"output","Package":"go.temporal.io/server/tools/gomad3/qualification","Test":"TestBuildReportRecordsPerRunSuccessfulReplay","Output":"=== RUN   TestBuildReportRecordsPerRunSuccessfulReplay\n","OutputType":"frame"}
{"Time":"2026-10-08T12:08:00.357313945Z","Action":"output","Package":"go.temporal.io/server/tools/gomad3/qualification","Test":"TestBuildReportRecordsPerRunSuccessfulReplay","Output":"--- PASS: TestBuildReportRecordsPerRunSuccessfulReplay (0.00s)\n","OutputType":"frame"}
{"Time":"2026-10-08T12:08:00.35732457Z","Action":"pass","Package":"go.temporal.io/server/tools/gomad3/qualification","Test":"TestBuildReportRecordsPerRunSuccessfulReplay","Elapsed":0}
{"Time":"2026-10-08T12:08:00.357330778Z","Action":"run","Package":"go.temporal.io/server/tools/gomad3/qualification","Test":"TestBuildReportRequiresExactChoiceStatusForMatchedChoiceReplay"}
{"Time":"2026-10-08T12:08:00.357337362Z","Action":"output","Package":"go.temporal.io/server/tools/gomad3/qualification","Test":"TestBuildReportRequiresExactChoiceStatusForMatchedChoiceReplay","Output":"=== RUN   TestBuildReportRequiresExactChoiceStatusForMatchedChoiceReplay\n","OutputType":"frame"}
{"Time":"2026-10-08T12:08:00.358033237Z","Action":"output","Package":"go.temporal.io/server/tools/gomad3/qualification","Test":"TestBuildReportRequiresExactChoiceStatusForMatchedChoiceReplay","Output":"--- PASS: TestBuildReportRequiresExactChoiceStatusForMatchedChoiceReplay (0.00s)\n","OutputType":"frame"}
{"Time":"2026-10-08T12:08:00.358042987Z","Action":"pass","Package":"go.temporal.io/server/tools/gomad3/qualification","Test":"TestBuildReportRequiresExactChoiceStatusForMatchedChoiceReplay","Elapsed":0}
{"Time":"2026-10-08T12:08:00.358046862Z","Action":"run","Package":"go.temporal.io/server/tools/gomad3/qualification","Test":"TestBuildReportRejectsMismatchedPerRunReplay"}
{"Time":"2026-10-08T12:08:00.358053653Z","Action":"output","Package":"go.temporal.io/server/tools/gomad3/qualification","Test":"TestBuildReportRejectsMismatchedPerRunReplay","Output":"=== RUN   TestBuildReportRejectsMismatchedPerRunReplay\n","OutputType":"frame"}
{"Time":"2026-10-08T12:08:00.358386778Z","Action":"output","Package":"go.temporal.io/server/tools/gomad3/qualification","Test":"TestBuildReportRejectsMismatchedPerRunReplay","Output":"--- PASS: TestBuildReportRejectsMismatchedPerRunReplay (0.00s)\n","OutputType":"frame"}
{"Time":"2026-10-08T12:08:00.358397028Z","Action":"pass","Package":"go.temporal.io/server/tools/gomad3/qualification","Test":"TestBuildReportRejectsMismatchedPerRunReplay","Elapsed":0}
{"Time":"2026-10-08T12:08:00.35840032Z","Action":"run","Package":"go.temporal.io/server/tools/gomad3/qualification","Test":"TestBuildReportClassifiesExactChoiceReplayWithEvidenceDivergence"}
{"Time":"2026-10-08T12:08:00.358403487Z","Action":"output","Package":"go.temporal.io/server/tools/gomad3/qualification","Test":"TestBuildReportClassifiesExactChoiceReplayWithEvidenceDivergence","Output":"=== RUN   TestBuildReportClassifiesExactChoiceReplayWithEvidenceDivergence\n","OutputType":"frame"}
{"Time":"2026-10-08T12:08:00.36117457Z","Action":"output","Package":"go.temporal.io/server/tools/gomad3/qualification","Test":"TestBuildReportClassifiesExactChoiceReplayWithEvidenceDivergence","Output":"--- PASS: TestBuildReportClassifiesExactChoiceReplayWithEvidenceDivergence (0.00s)\n","OutputType":"frame"}
{"Time":"2026-10-08T12:08:00.361188445Z","Action":"pass","Package":"go.temporal.io/server/tools/gomad3/qualification","Test":"TestBuildReportClassifiesExactChoiceReplayWithEvidenceDivergence","Elapsed":0}
{"Time":"2026-10-08T12:08:00.361192695Z","Action":"run","Package":"go.temporal.io/server/tools/gomad3/qualification","Test":"TestBuildReportRejectsInvalidEvidenceSet"}
{"Time":"2026-10-08T12:08:00.361197487Z","Action":"output","Package":"go.temporal.io/server/tools/gomad3/qualification","Test":"TestBuildReportRejectsInvalidEvidenceSet","Output":"=== RUN   TestBuildReportRejectsInvalidEvidenceSet\n","OutputType":"frame"}
{"Time":"2026-10-08T12:08:00.36176807Z","Action":"output","Package":"go.temporal.io/server/tools/gomad3/qualification","Test":"TestBuildReportRejectsInvalidEvidenceSet","Output":"--- PASS: TestBuildReportRejectsInvalidEvidenceSet (0.00s)\n","OutputType":"frame"}
{"Time":"2026-10-08T12:08:00.361783612Z","Action":"pass","Package":"go.temporal.io/server/tools/gomad3/qualification","Test":"TestBuildReportRejectsInvalidEvidenceSet","Elapsed":0}
{"Time":"2026-10-08T12:08:00.361788403Z","Action":"run","Package":"go.temporal.io/server/tools/gomad3/qualification","Test":"TestBuildFailureRetainsFirstUnsupportedBoundary"}
{"Time":"2026-10-08T12:08:00.361791695Z","Action":"output","Package":"go.temporal.io/server/tools/gomad3/qualification","Test":"TestBuildFailureRetainsFirstUnsupportedBoundary","Output":"=== RUN   TestBuildFailureRetainsFirstUnsupportedBoundary\n","OutputType":"frame"}
{"Time":"2026-10-08T12:08:00.361797403Z","Action":"output","Package":"go.temporal.io/server/tools/gomad3/qualification","Test":"TestBuildFailureRetainsFirstUnsupportedBoundary","Output":"--- PASS: TestBuildFailureRetainsFirstUnsupportedBoundary (0.00s)\n","OutputType":"frame"}
{"Time":"2026-10-08T12:08:00.361805195Z","Action":"pass","Package":"go.temporal.io/server/tools/gomad3/qualification","Test":"TestBuildFailureRetainsFirstUnsupportedBoundary","Elapsed":0}
{"Time":"2026-10-08T12:08:00.361808778Z","Action":"run","Package":"go.temporal.io/server/tools/gomad3/qualification","Test":"TestWriteReportRetainsCanonicalPrivateFile"}
{"Time":"2026-10-08T12:08:00.361811945Z","Action":"output","Package":"go.temporal.io/server/tools/gomad3/qualification","Test":"TestWriteReportRetainsCanonicalPrivateFile","Output":"=== RUN   TestWriteReportRetainsCanonicalPrivateFile\n","OutputType":"frame"}
{"Time":"2026-10-08T12:08:00.364722903Z","Action":"output","Package":"go.temporal.io/server/tools/gomad3/qualification","Test":"TestWriteReportRetainsCanonicalPrivateFile","Output":"--- PASS: TestWriteReportRetainsCanonicalPrivateFile (0.00s)\n","OutputType":"frame"}
{"Time":"2026-10-08T12:08:00.364729945Z","Action":"pass","Package":"go.temporal.io/server/tools/gomad3/qualification","Test":"TestWriteReportRetainsCanonicalPrivateFile","Elapsed":0}
{"Time":"2026-10-08T12:08:00.364731903Z","Action":"run","Package":"go.temporal.io/server/tools/gomad3/qualification","Test":"TestWriteRejectsInconsistentDeterministicOutcome"}
{"Time":"2026-10-08T12:08:00.364735653Z","Action":"output","Package":"go.temporal.io/server/tools/gomad3/qualification","Test":"TestWriteRejectsInconsistentDeterministicOutcome","Output":"=== RUN   TestWriteRejectsInconsistentDeterministicOutcome\n","OutputType":"frame"}
{"Time":"2026-10-08T12:08:00.365449195Z","Action":"output","Package":"go.temporal.io/server/tools/gomad3/qualification","Test":"TestWriteRejectsInconsistentDeterministicOutcome","Output":"--- PASS: TestWriteRejectsInconsistentDeterministicOutcome (0.00s)\n","OutputType":"frame"}
{"Time":"2026-10-08T12:08:00.365459778Z","Action":"pass","Package":"go.temporal.io/server/tools/gomad3/qualification","Test":"TestWriteRejectsInconsistentDeterministicOutcome","Elapsed":0}
{"Time":"2026-10-08T12:08:00.36546382Z","Action":"run","Package":"go.temporal.io/server/tools/gomad3/qualification","Test":"TestQualificationReportStoragePreservation"}
{"Time":"2026-10-08T12:08:00.36546582Z","Action":"output","Package":"go.temporal.io/server/tools/gomad3/qualification","Test":"TestQualificationReportStoragePreservation","Output":"=== RUN   TestQualificationReportStoragePreservation\n","OutputType":"frame"}
{"Time":"2026-10-08T12:08:00.371046487Z","Action":"output","Package":"go.temporal.io/server/tools/gomad3/qualification","Test":"TestQualificationReportStoragePreservation","Output":"--- PASS: TestQualificationReportStoragePreservation (0.01s)\n","OutputType":"frame"}
{"Time":"2026-10-08T12:08:00.371058695Z","Action":"pass","Package":"go.temporal.io/server/tools/gomad3/qualification","Test":"TestQualificationReportStoragePreservation","Elapsed":0.01}
{"Time":"2026-10-08T12:08:00.371063278Z","Action":"run","Package":"go.temporal.io/server/tools/gomad3/qualification","Test":"TestQualificationReportWriteValidationPreservation"}
{"Time":"2026-10-08T12:08:00.37106657Z","Action":"output","Package":"go.temporal.io/server/tools/gomad3/qualification","Test":"TestQualificationReportWriteValidationPreservation","Output":"=== RUN   TestQualificationReportWriteValidationPreservation\n","OutputType":"frame"}
{"Time":"2026-10-08T12:08:00.371605028Z","Action":"run","Package":"go.temporal.io/server/tools/gomad3/qualification","Test":"TestQualificationReportWriteValidationPreservation/empty_root"}
{"Time":"2026-10-08T12:08:00.371621528Z","Action":"output","Package":"go.temporal.io/server/tools/gomad3/qualification","Test":"TestQualificationReportWriteValidationPreservation/empty_root","Output":"=== RUN   TestQualificationReportWriteValidationPreservation/empty_root\n","OutputType":"frame"}
{"Time":"2026-10-08T12:08:00.371628237Z","Action":"output","Package":"go.temporal.io/server/tools/gomad3/qualification","Test":"TestQualificationReportWriteValidationPreservation/empty_root","Output":"--- PASS: TestQualificationReportWriteValidationPreservation/empty_root (0.00s)\n","OutputType":"frame"}
{"Time":"2026-10-08T12:08:00.371634153Z","Action":"pass","Package":"go.temporal.io/server/tools/gomad3/qualification","Test":"TestQualificationReportWriteValidationPreservation/empty_root","Elapsed":0}
{"Time":"2026-10-08T12:08:00.371638112Z","Action":"run","Package":"go.temporal.io/server/tools/gomad3/qualification","Test":"TestQualificationReportWriteValidationPreservation/root_before_schema"}
{"Time":"2026-10-08T12:08:00.371644778Z","Action":"output","Package":"go.temporal.io/server/tools/gomad3/qualification","Test":"TestQualificationReportWriteValidationPreservation/root_before_schema","Output":"=== RUN   TestQualificationReportWriteValidationPreservation/root_before_schema\n","OutputType":"frame"}
{"Time":"2026-10-08T12:08:00.371649778Z","Action":"output","Package":"go.temporal.io/server/tools/gomad3/qualification","Test":"TestQualificationReportWriteValidationPreservation/root_before_schema","Output":"--- PASS: TestQualificationReportWriteValidationPreservation/root_before_schema (0.00s)\n","OutputType":"frame"}
{"Time":"2026-10-08T12:08:00.371653278Z","Action":"pass","Package":"go.temporal.io/server/tools/gomad3/qualification","Test":"TestQualificationReportWriteValidationPreservation/root_before_schema","Elapsed":0}
{"Time":"2026-10-08T12:08:00.371655112Z","Action":"run","Package":"go.temporal.io/server/tools/gomad3/qualification","Test":"TestQualificationReportWriteValidationPreservation/invalid_schema"}
{"Time":"2026-10-08T12:08:00.371656903Z","Action":"output","Package":"go.temporal.io/server/tools/gomad3/qualification","Test":"TestQualificationReportWriteValidationPreservation/invalid_schema","Output":"=== RUN   TestQualificationReportWriteValidationPreservation/invalid_schema\n","OutputType":"frame"}
{"Time":"2026-10-08T12:08:00.371659028Z","Action":"output","Package":"go.temporal.io/server/tools/gomad3/qualification","Test":"TestQualificationReportWriteValidationPreservation/invalid_schema","Output":"--- PASS: TestQualificationReportWriteValidationPreservation/invalid_schema (0.00s)\n","OutputType":"frame"}
{"Time":"2026-10-08T12:08:00.371660528Z","Action":"pass","Package":"go.temporal.io/server/tools/gomad3/qualification","Test":"TestQualificationReportWriteValidationPreservation/invalid_schema","Elapsed":0}
{"Time":"2026-10-08T12:08:00.37166257Z","Action":"run","Package":"go.temporal.io/server/tools/gomad3/qualification","Test":"TestQualificationReportWriteValidationPreservation/invalid_report"}
{"Time":"2026-10-08T12:08:00.371664112Z","Action":"output","Package":"go.temporal.io/server/tools/gomad3/qualification","Test":"TestQualificationReportWriteValidationPreservation/invalid_report","Output":"=== RUN   TestQualificationReportWriteValidationPreservation/invalid_report\n","OutputType":"frame"}
{"Time":"2026-10-08T12:08:00.371668237Z","Action":"output","Package":"go.temporal.io/server/tools/gomad3/qualification","Test":"TestQualificationReportWriteValidationPreservation/invalid_report","Output":"--- PASS: TestQualificationReportWriteValidationPreservation/invalid_report (0.00s)\n","OutputType":"frame"}
{"Time":"2026-10-08T12:08:00.37168557Z","Action":"pass","Package":"go.temporal.io/server/tools/gomad3/qualification","Test":"TestQualificationReportWriteValidationPreservation/invalid_report","Elapsed":0}
{"Time":"2026-10-08T12:08:00.371693153Z","Action":"run","Package":"go.temporal.io/server/tools/gomad3/qualification","Test":"TestQualificationReportWriteValidationPreservation/non-directory_ancestor"}
{"Time":"2026-10-08T12:08:00.371694945Z","Action":"output","Package":"go.temporal.io/server/tools/gomad3/qualification","Test":"TestQualificationReportWriteValidationPreservation/non-directory_ancestor","Output":"=== RUN   TestQualificationReportWriteValidationPreservation/non-directory_ancestor\n","OutputType":"frame"}
{"Time":"2026-10-08T12:08:00.372323903Z","Action":"output","Package":"go.temporal.io/server/tools/gomad3/qualification","Test":"TestQualificationReportWriteValidationPreservation/non-directory_ancestor","Output":"--- PASS: TestQualificationReportWriteValidationPreservation/non-directory_ancestor (0.00s)\n","OutputType":"frame"}
{"Time":"2026-10-08T12:08:00.372333653Z","Action":"pass","Package":"go.temporal.io/server/tools/gomad3/qualification","Test":"TestQualificationReportWriteValidationPreservation/non-directory_ancestor","Elapsed":0}
{"Time":"2026-10-08T12:08:00.372541737Z","Action":"output","Package":"go.temporal.io/server/tools/gomad3/qualification","Test":"TestQualificationReportWriteValidationPreservation","Output":"--- PASS: TestQualificationReportWriteValidationPreservation (0.00s)\n","OutputType":"frame"}
{"Time":"2026-10-08T12:08:00.372556778Z","Action":"pass","Package":"go.temporal.io/server/tools/gomad3/qualification","Test":"TestQualificationReportWriteValidationPreservation","Elapsed":0}
{"Time":"2026-10-08T12:08:00.372562237Z","Action":"run","Package":"go.temporal.io/server/tools/gomad3/qualification","Test":"TestQualificationReportReadValidationPreservation"}
{"Time":"2026-10-08T12:08:00.372564778Z","Action":"output","Package":"go.temporal.io/server/tools/gomad3/qualification","Test":"TestQualificationReportReadValidationPreservation","Output":"=== RUN   TestQualificationReportReadValidationPreservation\n","OutputType":"frame"}
{"Time":"2026-10-08T12:08:00.37460557Z","Action":"run","Package":"go.temporal.io/server/tools/gomad3/qualification","Test":"TestQualificationReportReadValidationPreservation/empty"}
{"Time":"2026-10-08T12:08:00.374616778Z","Action":"output","Package":"go.temporal.io/server/tools/gomad3/qualification","Test":"TestQualificationReportReadValidationPreservation/empty","Output":"=== RUN   TestQualificationReportReadValidationPreservation/empty\n","OutputType":"frame"}
{"Time":"2026-10-08T12:08:00.375307153Z","Action":"output","Package":"go.temporal.io/server/tools/gomad3/qualification","Test":"TestQualificationReportReadValidationPreservation/empty","Output":"--- PASS: TestQualificationReportReadValidationPreservation/empty (0.00s)\n","OutputType":"frame"}
{"Time":"2026-10-08T12:08:00.375317445Z","Action":"pass","Package":"go.temporal.io/server/tools/gomad3/qualification","Test":"TestQualificationReportReadValidationPreservation/empty","Elapsed":0}
{"Time":"2026-10-08T12:08:00.375321903Z","Action":"run","Package":"go.temporal.io/server/tools/gomad3/qualification","Test":"TestQualificationReportReadValidationPreservation/malformed"}
{"Time":"2026-10-08T12:08:00.375331903Z","Action":"output","Package":"go.temporal.io/server/tools/gomad3/qualification","Test":"TestQualificationReportReadValidationPreservation/malformed","Output":"=== RUN   TestQualificationReportReadValidationPreservation/malformed\n","OutputType":"frame"}
{"Time":"2026-10-08T12:08:00.376034112Z","Action":"output","Package":"go.temporal.io/server/tools/gomad3/qualification","Test":"TestQualificationReportReadValidationPreservation/malformed","Output":"--- PASS: TestQualificationReportReadValidationPreservation/malformed (0.00s)\n","OutputType":"frame"}
{"Time":"2026-10-08T12:08:00.376042778Z","Action":"pass","Package":"go.temporal.io/server/tools/gomad3/qualification","Test":"TestQualificationReportReadValidationPreservation/malformed","Elapsed":0}
{"Time":"2026-10-08T12:08:00.376046653Z","Action":"run","Package":"go.temporal.io/server/tools/gomad3/qualification","Test":"TestQualificationReportReadValidationPreservation/noncanonical"}
{"Time":"2026-10-08T12:08:00.376048653Z","Action":"output","Package":"go.temporal.io/server/tools/gomad3/qualification","Test":"TestQualificationReportReadValidationPreservation/noncanonical","Output":"=== RUN   TestQualificationReportReadValidationPreservation/noncanonical\n","OutputType":"frame"}
{"Time":"2026-10-08T12:08:00.377094528Z","Action":"output","Package":"go.temporal.io/server/tools/gomad3/qualification","Test":"TestQualificationReportReadValidationPreservation/noncanonical","Output":"--- PASS: TestQualificationReportReadValidationPreservation/noncanonical (0.00s)\n","OutputType":"frame"}
{"Time":"2026-10-08T12:08:00.377106987Z","Action":"pass","Package":"go.temporal.io/server/tools/gomad3/qualification","Test":"TestQualificationReportReadValidationPreservation/noncanonical","Elapsed":0}
{"Time":"2026-10-08T12:08:00.377110195Z","Action":"run","Package":"go.temporal.io/server/tools/gomad3/qualification","Test":"TestQualificationReportReadValidationPreservation/old_schema"}
{"Time":"2026-10-08T12:08:00.37711207Z","Action":"output","Package":"go.temporal.io/server/tools/gomad3/qualification","Test":"TestQualificationReportReadValidationPreservation/old_schema","Output":"=== RUN   TestQualificationReportReadValidationPreservation/old_schema\n","OutputType":"frame"}
{"Time":"2026-10-08T12:08:00.37780332Z","Action":"output","Package":"go.temporal.io/server/tools/gomad3/qualification","Test":"TestQualificationReportReadValidationPreservation/old_schema","Output":"--- PASS: TestQualificationReportReadValidationPreservation/old_schema (0.00s)\n","OutputType":"frame"}
{"Time":"2026-10-08T12:08:00.377814195Z","Action":"pass","Package":"go.temporal.io/server/tools/gomad3/qualification","Test":"TestQualificationReportReadValidationPreservation/old_schema","Elapsed":0}
{"Time":"2026-10-08T12:08:00.377817112Z","Action":"run","Package":"go.temporal.io/server/tools/gomad3/qualification","Test":"TestQualificationReportReadValidationPreservation/future_schema"}
{"Time":"2026-10-08T12:08:00.377819237Z","Action":"output","Package":"go.temporal.io/server/tools/gomad3/qualification","Test":"TestQualificationReportReadValidationPreservation/future_schema","Output":"=== RUN   TestQualificationReportReadValidationPreservation/future_schema\n","OutputType":"frame"}
{"Time":"2026-10-08T12:08:00.378629695Z","Action":"output","Package":"go.temporal.io/server/tools/gomad3/qualification","Test":"TestQualificationReportReadValidationPreservation/future_schema","Output":"--- PASS: TestQualificationReportReadValidationPreservation/future_schema (0.00s)\n","OutputType":"frame"}
{"Time":"2026-10-08T12:08:00.378639987Z","Action":"pass","Package":"go.temporal.io/server/tools/gomad3/qualification","Test":"TestQualificationReportReadValidationPreservation/future_schema","Elapsed":0}
{"Time":"2026-10-08T12:08:00.37864257Z","Action":"run","Package":"go.temporal.io/server/tools/gomad3/qualification","Test":"TestQualificationReportReadValidationPreservation/invalid_evidence"}
{"Time":"2026-10-08T12:08:00.378644653Z","Action":"output","Package":"go.temporal.io/server/tools/gomad3/qualification","Test":"TestQualificationReportReadValidationPreservation/invalid_evidence","Output":"=== RUN   TestQualificationReportReadValidationPreservation/invalid_evidence\n","OutputType":"frame"}
{"Time":"2026-10-08T12:08:00.379371778Z","Action":"output","Package":"go.temporal.io/server/tools/gomad3/qualification","Test":"TestQualificationReportReadValidationPreservation/invalid_evidence","Output":"--- PASS: TestQualificationReportReadValidationPreservation/invalid_evidence (0.00s)\n","OutputType":"frame"}
{"Time":"2026-10-08T12:08:00.37937957Z","Action":"pass","Package":"go.temporal.io/server/tools/gomad3/qualification","Test":"TestQualificationReportReadValidationPreservation/invalid_evidence","Elapsed":0}
{"Time":"2026-10-08T12:08:00.379382112Z","Action":"run","Package":"go.temporal.io/server/tools/gomad3/qualification","Test":"TestQualificationReportReadValidationPreservation/invalid_evidence_digest"}
{"Time":"2026-10-08T12:08:00.379384278Z","Action":"output","Package":"go.temporal.io/server/tools/gomad3/qualification","Test":"TestQualificationReportReadValidationPreservation/invalid_evidence_digest","Output":"=== RUN   TestQualificationReportReadValidationPreservation/invalid_evidence_digest\n","OutputType":"frame"}
{"Time":"2026-10-08T12:08:00.380306487Z","Action":"output","Package":"go.temporal.io/server/tools/gomad3/qualification","Test":"TestQualificationReportReadValidationPreservation/invalid_evidence_digest","Output":"--- PASS: TestQualificationReportReadValidationPreservation/invalid_evidence_digest (0.00s)\n","OutputType":"frame"}
{"Time":"2026-10-08T12:08:00.380317278Z","Action":"pass","Package":"go.temporal.io/server/tools/gomad3/qualification","Test":"TestQualificationReportReadValidationPreservation/invalid_evidence_digest","Elapsed":0}
{"Time":"2026-10-08T12:08:00.380323653Z","Action":"run","Package":"go.temporal.io/server/tools/gomad3/qualification","Test":"TestQualificationReportReadValidationPreservation/double_newline"}
{"Time":"2026-10-08T12:08:00.380332112Z","Action":"output","Package":"go.temporal.io/server/tools/gomad3/qualification","Test":"TestQualificationReportReadValidationPreservation/double_newline","Output":"=== RUN   TestQualificationReportReadValidationPreservation/double_newline\n","OutputType":"frame"}
{"Time":"2026-10-08T12:08:00.381068528Z","Action":"output","Package":"go.temporal.io/server/tools/gomad3/qualification","Test":"TestQualificationReportReadValidationPreservation/double_newline","Output":"--- PASS: TestQualificationReportReadValidationPreservation/double_newline (0.00s)\n","OutputType":"frame"}
{"Time":"2026-10-08T12:08:00.381080487Z","Action":"pass","Package":"go.temporal.io/server/tools/gomad3/qualification","Test":"TestQualificationReportReadValidationPreservation/double_newline","Elapsed":0}
{"Time":"2026-10-08T12:08:00.381084903Z","Action":"run","Package":"go.temporal.io/server/tools/gomad3/qualification","Test":"TestQualificationReportReadValidationPreservation/missing_path"}
{"Time":"2026-10-08T12:08:00.381087237Z","Action":"output","Package":"go.temporal.io/server/tools/gomad3/qualification","Test":"TestQualificationReportReadValidationPreservation/missing_path","Output":"=== RUN   TestQualificationReportReadValidationPreservation/missing_path\n","OutputType":"frame"}
{"Time":"2026-10-08T12:08:00.451654987Z","Action":"output","Package":"go.temporal.io/server/tools/gomad3/qualification","Test":"TestQualificationReportReadValidationPreservation/missing_path","Output":"--- PASS: TestQualificationReportReadValidationPreservation/missing_path (0.07s)\n","OutputType":"frame"}
{"Time":"2026-10-08T12:08:00.451681862Z","Action":"pass","Package":"go.temporal.io/server/tools/gomad3/qualification","Test":"TestQualificationReportReadValidationPreservation/missing_path","Elapsed":0.07}
{"Time":"2026-10-08T12:08:00.45168907Z","Action":"run","Package":"go.temporal.io/server/tools/gomad3/qualification","Test":"TestQualificationReportReadValidationPreservation/directory"}
{"Time":"2026-10-08T12:08:00.451691903Z","Action":"output","Package":"go.temporal.io/server/tools/gomad3/qualification","Test":"TestQualificationReportReadValidationPreservation/directory","Output":"=== RUN   TestQualificationReportReadValidationPreservation/directory\n","OutputType":"frame"}
{"Time":"2026-10-08T12:08:00.522312487Z","Action":"output","Package":"go.temporal.io/server/tools/gomad3/qualification","Test":"TestQualificationReportReadValidationPreservation/directory","Output":"--- PASS: TestQualificationReportReadValidationPreservation/directory (0.07s)\n","OutputType":"frame"}
{"Time":"2026-10-08T12:08:00.52234032Z","Action":"pass","Package":"go.temporal.io/server/tools/gomad3/qualification","Test":"TestQualificationReportReadValidationPreservation/directory","Elapsed":0.07}
{"Time":"2026-10-08T12:08:00.522375653Z","Action":"run","Package":"go.temporal.io/server/tools/gomad3/qualification","Test":"TestQualificationReportReadValidationPreservation/oversized_sparse_file"}
{"Time":"2026-10-08T12:08:00.52238082Z","Action":"output","Package":"go.temporal.io/server/tools/gomad3/qualification","Test":"TestQualificationReportReadValidationPreservation/oversized_sparse_file","Output":"=== RUN   TestQualificationReportReadValidationPreservation/oversized_sparse_file\n","OutputType":"frame"}
{"Time":"2026-10-08T12:08:00.523216903Z","Action":"output","Package":"go.temporal.io/server/tools/gomad3/qualification","Test":"TestQualificationReportReadValidationPreservation/oversized_sparse_file","Output":"--- PASS: TestQualificationReportReadValidationPreservation/oversized_sparse_file (0.00s)\n","OutputType":"frame"}
{"Time":"2026-10-08T12:08:00.523230362Z","Action":"pass","Package":"go.temporal.io/server/tools/gomad3/qualification","Test":"TestQualificationReportReadValidationPreservation/oversized_sparse_file","Elapsed":0}
{"Time":"2026-10-08T12:08:00.523234195Z","Action":"run","Package":"go.temporal.io/server/tools/gomad3/qualification","Test":"TestQualificationReportReadValidationPreservation/without_newline"}
{"Time":"2026-10-08T12:08:00.523237445Z","Action":"output","Package":"go.temporal.io/server/tools/gomad3/qualification","Test":"TestQualificationReportReadValidationPreservation/without_newline","Output":"=== RUN   TestQualificationReportReadValidationPreservation/without_newline\n","OutputType":"frame"}
{"Time":"2026-10-08T12:08:00.524636737Z","Action":"output","Package":"go.temporal.io/server/tools/gomad3/qualification","Test":"TestQualificationReportReadValidationPreservation/without_newline","Output":"--- PASS: TestQualificationReportReadValidationPreservation/without_newline (0.00s)\n","OutputType":"frame"}
{"Time":"2026-10-08T12:08:00.524649695Z","Action":"pass","Package":"go.temporal.io/server/tools/gomad3/qualification","Test":"TestQualificationReportReadValidationPreservation/without_newline","Elapsed":0}
{"Time":"2026-10-08T12:08:00.52503307Z","Action":"output","Package":"go.temporal.io/server/tools/gomad3/qualification","Test":"TestQualificationReportReadValidationPreservation","Output":"--- PASS: TestQualificationReportReadValidationPreservation (0.15s)\n","OutputType":"frame"}
{"Time":"2026-10-08T12:08:00.525055903Z","Action":"pass","Package":"go.temporal.io/server/tools/gomad3/qualification","Test":"TestQualificationReportReadValidationPreservation","Elapsed":0.15}
{"Time":"2026-10-08T12:08:00.52506082Z","Action":"output","Package":"go.temporal.io/server/tools/gomad3/qualification","Output":"PASS\n","OutputType":"frame"}
{"Time":"2026-10-08T12:08:00.525479695Z","Action":"output","Package":"go.temporal.io/server/tools/gomad3/qualification","Output":"ok  \tgo.temporal.io/server/tools/gomad3/qualification\t0.669s\n"}
{"Time":"2026-10-08T12:08:00.525490028Z","Action":"pass","Package":"go.temporal.io/server/tools/gomad3/qualification","Elapsed":0.669}
