node:internal/modules/run_main:123
    triggerUncaughtException(
    ^

AssertionError [ERR_ASSERTION]: fatal: path 'tools/gomad3/cmd/gomad/internal/cli/application_characterization_test.go' exists on disk, but not in 'debca5eb56e7719c566eb4552a04279631982671'


128 !== 0

    at git (file:///Users/stephan/Workspace/skunkworks/gomad/temporal/.flow/artifacts/fn-109-gomad-deepen-modules-and-tool-interfaces/task-4/source-acceptance-20261008/capture.mjs:12:92)
    at file:///Users/stephan/Workspace/skunkworks/gomad/temporal/.flow/artifacts/fn-109-gomad-deepen-modules-and-tool-interfaces/task-4/source-acceptance-20261008/proof.mjs:42:57
    at Array.map (<anonymous>)
    at build (file:///Users/stephan/Workspace/skunkworks/gomad/temporal/.flow/artifacts/fn-109-gomad-deepen-modules-and-tool-interfaces/task-4/source-acceptance-20261008/proof.mjs:41:22)
    at file:///Users/stephan/Workspace/skunkworks/gomad/temporal/.flow/artifacts/fn-109-gomad-deepen-modules-and-tool-interfaces/task-4/source-acceptance-20261008/proof.mjs:55:80
    at ModuleJob.run (node:internal/modules/esm/module_job:343:25)
    at async onImport.tracePromise.__proto__ (node:internal/modules/esm/loader:665:26)
    at async asyncRunEntryPointWithESMLoader (node:internal/modules/run_main:117:5) {
  generatedMessage: false,
  code: 'ERR_ASSERTION',
  actual: 128,
  expected: 0,
  operator: 'strictEqual',
  diff: 'simple'
}

Node.js v22.22.1
