node:internal/modules/run_main:123
    triggerUncaughtException(
    ^

AssertionError [ERR_ASSERTION]: tools/gomad3/cmd/gomad/internal/cli/analyze.go old integrated after later local owners
+ actual - expected

+ 'cb4f0c9892968176b6768a0e9c370ee3add229c694def4fc6fe1bff202330bc2'
- 'c55ac32805ccda0b0a0e1ea80e9d547d011d4c39d4e114fdea44c73a2c9f81c0'

    at file:///Users/stephan/Workspace/skunkworks/gomad/temporal/.flow/artifacts/fn-109-gomad-deepen-modules-and-tool-interfaces/task-4/source-acceptance-20261008/proof.mjs:42:10
    at Array.map (<anonymous>)
    at build (file:///Users/stephan/Workspace/skunkworks/gomad/temporal/.flow/artifacts/fn-109-gomad-deepen-modules-and-tool-interfaces/task-4/source-acceptance-20261008/proof.mjs:40:22)
    at file:///Users/stephan/Workspace/skunkworks/gomad/temporal/.flow/artifacts/fn-109-gomad-deepen-modules-and-tool-interfaces/task-4/source-acceptance-20261008/proof.mjs:53:80
    at ModuleJob.run (node:internal/modules/esm/module_job:343:25)
    at async onImport.tracePromise.__proto__ (node:internal/modules/esm/loader:665:26)
    at async asyncRunEntryPointWithESMLoader (node:internal/modules/run_main:117:5) {
  generatedMessage: false,
  code: 'ERR_ASSERTION',
  actual: 'cb4f0c9892968176b6768a0e9c370ee3add229c694def4fc6fe1bff202330bc2',
  expected: 'c55ac32805ccda0b0a0e1ea80e9d547d011d4c39d4e114fdea44c73a2c9f81c0',
  operator: 'strictEqual',
  diff: 'simple'
}

Node.js v22.22.1
