=== RUN   TestBuiltInSimulationLinknamesRequireExactFirstPartySource
--- PASS: TestBuiltInSimulationLinknamesRequireExactFirstPartySource (0.00s)
=== RUN   TestBuiltInSimulationTimeBridgeRequiresExactSource
=== RUN   TestBuiltInSimulationTimeBridgeRequiresExactSource/predecessor_hash
=== RUN   TestBuiltInSimulationTimeBridgeRequiresExactSource/missing_Current
=== RUN   TestBuiltInSimulationTimeBridgeRequiresExactSource/reordered_directives
=== RUN   TestBuiltInSimulationTimeBridgeRequiresExactSource/malformed_linkname
=== RUN   TestBuiltInSimulationTimeBridgeRequiresExactSource/foreign_source
=== RUN   TestBuiltInSimulationTimeBridgeRequiresExactSource/foreign_import
=== RUN   TestBuiltInSimulationTimeBridgeRequiresExactSource/lookalike_import
=== RUN   TestBuiltInSimulationTimeBridgeRequiresExactSource/foreign_test_variant
=== RUN   TestBuiltInSimulationTimeBridgeRequiresExactSource/wrong_module
=== RUN   TestBuiltInSimulationTimeBridgeRequiresExactSource/non-main_module
=== RUN   TestBuiltInSimulationTimeBridgeRequiresExactSource/replaced_module
=== RUN   TestBuiltInSimulationTimeBridgeRequiresExactSource/wrong_hash
--- PASS: TestBuiltInSimulationTimeBridgeRequiresExactSource (0.00s)
    --- PASS: TestBuiltInSimulationTimeBridgeRequiresExactSource/predecessor_hash (0.00s)
    --- PASS: TestBuiltInSimulationTimeBridgeRequiresExactSource/missing_Current (0.00s)
    --- PASS: TestBuiltInSimulationTimeBridgeRequiresExactSource/reordered_directives (0.00s)
    --- PASS: TestBuiltInSimulationTimeBridgeRequiresExactSource/malformed_linkname (0.00s)
    --- PASS: TestBuiltInSimulationTimeBridgeRequiresExactSource/foreign_source (0.00s)
    --- PASS: TestBuiltInSimulationTimeBridgeRequiresExactSource/foreign_import (0.00s)
    --- PASS: TestBuiltInSimulationTimeBridgeRequiresExactSource/lookalike_import (0.00s)
    --- PASS: TestBuiltInSimulationTimeBridgeRequiresExactSource/foreign_test_variant (0.00s)
    --- PASS: TestBuiltInSimulationTimeBridgeRequiresExactSource/wrong_module (0.00s)
    --- PASS: TestBuiltInSimulationTimeBridgeRequiresExactSource/non-main_module (0.00s)
    --- PASS: TestBuiltInSimulationTimeBridgeRequiresExactSource/replaced_module (0.00s)
    --- PASS: TestBuiltInSimulationTimeBridgeRequiresExactSource/wrong_hash (0.00s)
PASS
ok  	go.temporal.io/server/tools/gomad3/target/internal/capabilitypolicy	0.002s
