{"Time":"2026-10-08T22:53:40.005578366Z","Action":"start","Package":"go.temporal.io/server/tools/gomad3/internal/preparation"}
{"Time":"2026-10-08T22:53:40.009893199Z","Action":"run","Package":"go.temporal.io/server/tools/gomad3/internal/preparation","Test":"TestInspectSourcePublicHostRefusal"}
{"Time":"2026-10-08T22:53:40.009993116Z","Action":"output","Package":"go.temporal.io/server/tools/gomad3/internal/preparation","Test":"TestInspectSourcePublicHostRefusal","Output":"=== RUN   TestInspectSourcePublicHostRefusal\n","OutputType":"frame"}
{"Time":"2026-10-08T22:53:40.010790324Z","Action":"output","Package":"go.temporal.io/server/tools/gomad3/internal/preparation","Test":"TestInspectSourcePublicHostRefusal","Output":"--- PASS: TestInspectSourcePublicHostRefusal (0.00s)\n","OutputType":"frame"}
{"Time":"2026-10-08T22:53:40.010880366Z","Action":"pass","Package":"go.temporal.io/server/tools/gomad3/internal/preparation","Test":"TestInspectSourcePublicHostRefusal","Elapsed":0}
{"Time":"2026-10-08T22:53:40.010934532Z","Action":"run","Package":"go.temporal.io/server/tools/gomad3/internal/preparation","Test":"TestInspectSourceCleanupPreservesOriginalErrorText"}
{"Time":"2026-10-08T22:53:40.010963949Z","Action":"output","Package":"go.temporal.io/server/tools/gomad3/internal/preparation","Test":"TestInspectSourceCleanupPreservesOriginalErrorText","Output":"=== RUN   TestInspectSourceCleanupPreservesOriginalErrorText\n","OutputType":"frame"}
{"Time":"2026-10-08T22:53:40.011310366Z","Action":"output","Package":"go.temporal.io/server/tools/gomad3/internal/preparation","Test":"TestInspectSourceCleanupPreservesOriginalErrorText","Output":"--- PASS: TestInspectSourceCleanupPreservesOriginalErrorText (0.00s)\n","OutputType":"frame"}
{"Time":"2026-10-08T22:53:40.011387991Z","Action":"pass","Package":"go.temporal.io/server/tools/gomad3/internal/preparation","Test":"TestInspectSourceCleanupPreservesOriginalErrorText","Elapsed":0}
{"Time":"2026-10-08T22:53:40.011445282Z","Action":"run","Package":"go.temporal.io/server/tools/gomad3/internal/preparation","Test":"TestInspectSourceOwnsWorkspaceAndCompleteEvidence"}
{"Time":"2026-10-08T22:53:40.011468074Z","Action":"output","Package":"go.temporal.io/server/tools/gomad3/internal/preparation","Test":"TestInspectSourceOwnsWorkspaceAndCompleteEvidence","Output":"=== RUN   TestInspectSourceOwnsWorkspaceAndCompleteEvidence\n","OutputType":"frame"}
{"Time":"2026-10-08T22:53:40.011718532Z","Action":"output","Package":"go.temporal.io/server/tools/gomad3/internal/preparation","Test":"TestInspectSourceOwnsWorkspaceAndCompleteEvidence","Output":"--- PASS: TestInspectSourceOwnsWorkspaceAndCompleteEvidence (0.00s)\n","OutputType":"frame"}
{"Time":"2026-10-08T22:53:40.011769282Z","Action":"pass","Package":"go.temporal.io/server/tools/gomad3/internal/preparation","Test":"TestInspectSourceOwnsWorkspaceAndCompleteEvidence","Elapsed":0}
{"Time":"2026-10-08T22:53:40.011801616Z","Action":"run","Package":"go.temporal.io/server/tools/gomad3/internal/preparation","Test":"TestInspectSourcePreservesStageAndPrimaryErrors"}
{"Time":"2026-10-08T22:53:40.011827199Z","Action":"output","Package":"go.temporal.io/server/tools/gomad3/internal/preparation","Test":"TestInspectSourcePreservesStageAndPrimaryErrors","Output":"=== RUN   TestInspectSourcePreservesStageAndPrimaryErrors\n","OutputType":"frame"}
{"Time":"2026-10-08T22:53:40.011889199Z","Action":"run","Package":"go.temporal.io/server/tools/gomad3/internal/preparation","Test":"TestInspectSourcePreservesStageAndPrimaryErrors/invalid_adapter"}
{"Time":"2026-10-08T22:53:40.011918616Z","Action":"output","Package":"go.temporal.io/server/tools/gomad3/internal/preparation","Test":"TestInspectSourcePreservesStageAndPrimaryErrors/invalid_adapter","Output":"=== RUN   TestInspectSourcePreservesStageAndPrimaryErrors/invalid_adapter\n","OutputType":"frame"}
{"Time":"2026-10-08T22:53:40.012110907Z","Action":"output","Package":"go.temporal.io/server/tools/gomad3/internal/preparation","Test":"TestInspectSourcePreservesStageAndPrimaryErrors/invalid_adapter","Output":"--- PASS: TestInspectSourcePreservesStageAndPrimaryErrors/invalid_adapter (0.00s)\n","OutputType":"frame"}
{"Time":"2026-10-08T22:53:40.012260657Z","Action":"pass","Package":"go.temporal.io/server/tools/gomad3/internal/preparation","Test":"TestInspectSourcePreservesStageAndPrimaryErrors/invalid_adapter","Elapsed":0}
{"Time":"2026-10-08T22:53:40.012290366Z","Action":"run","Package":"go.temporal.io/server/tools/gomad3/internal/preparation","Test":"TestInspectSourcePreservesStageAndPrimaryErrors/invalid_review"}
{"Time":"2026-10-08T22:53:40.012315991Z","Action":"output","Package":"go.temporal.io/server/tools/gomad3/internal/preparation","Test":"TestInspectSourcePreservesStageAndPrimaryErrors/invalid_review","Output":"=== RUN   TestInspectSourcePreservesStageAndPrimaryErrors/invalid_review\n","OutputType":"frame"}
{"Time":"2026-10-08T22:53:40.012772282Z","Action":"output","Package":"go.temporal.io/server/tools/gomad3/internal/preparation","Test":"TestInspectSourcePreservesStageAndPrimaryErrors/invalid_review","Output":"--- PASS: TestInspectSourcePreservesStageAndPrimaryErrors/invalid_review (0.00s)\n","OutputType":"frame"}
{"Time":"2026-10-08T22:53:40.012826991Z","Action":"pass","Package":"go.temporal.io/server/tools/gomad3/internal/preparation","Test":"TestInspectSourcePreservesStageAndPrimaryErrors/invalid_review","Elapsed":0}
{"Time":"2026-10-08T22:53:40.012864366Z","Action":"run","Package":"go.temporal.io/server/tools/gomad3/internal/preparation","Test":"TestInspectSourcePreservesStageAndPrimaryErrors/unsupported"}
{"Time":"2026-10-08T22:53:40.012900157Z","Action":"output","Package":"go.temporal.io/server/tools/gomad3/internal/preparation","Test":"TestInspectSourcePreservesStageAndPrimaryErrors/unsupported","Output":"=== RUN   TestInspectSourcePreservesStageAndPrimaryErrors/unsupported\n","OutputType":"frame"}
{"Time":"2026-10-08T22:53:40.013178241Z","Action":"output","Package":"go.temporal.io/server/tools/gomad3/internal/preparation","Test":"TestInspectSourcePreservesStageAndPrimaryErrors/unsupported","Output":"--- PASS: TestInspectSourcePreservesStageAndPrimaryErrors/unsupported (0.00s)\n","OutputType":"frame"}
{"Time":"2026-10-08T22:53:40.013206282Z","Action":"pass","Package":"go.temporal.io/server/tools/gomad3/internal/preparation","Test":"TestInspectSourcePreservesStageAndPrimaryErrors/unsupported","Elapsed":0}
{"Time":"2026-10-08T22:53:40.013243657Z","Action":"run","Package":"go.temporal.io/server/tools/gomad3/internal/preparation","Test":"TestInspectSourcePreservesStageAndPrimaryErrors/malformed_linked"}
{"Time":"2026-10-08T22:53:40.013267991Z","Action":"output","Package":"go.temporal.io/server/tools/gomad3/internal/preparation","Test":"TestInspectSourcePreservesStageAndPrimaryErrors/malformed_linked","Output":"=== RUN   TestInspectSourcePreservesStageAndPrimaryErrors/malformed_linked\n","OutputType":"frame"}
{"Time":"2026-10-08T22:53:40.013502491Z","Action":"output","Package":"go.temporal.io/server/tools/gomad3/internal/preparation","Test":"TestInspectSourcePreservesStageAndPrimaryErrors/malformed_linked","Output":"--- PASS: TestInspectSourcePreservesStageAndPrimaryErrors/malformed_linked (0.00s)\n","OutputType":"frame"}
{"Time":"2026-10-08T22:53:40.013551907Z","Action":"pass","Package":"go.temporal.io/server/tools/gomad3/internal/preparation","Test":"TestInspectSourcePreservesStageAndPrimaryErrors/malformed_linked","Elapsed":0}
{"Time":"2026-10-08T22:53:40.013581949Z","Action":"output","Package":"go.temporal.io/server/tools/gomad3/internal/preparation","Test":"TestInspectSourcePreservesStageAndPrimaryErrors","Output":"--- PASS: TestInspectSourcePreservesStageAndPrimaryErrors (0.00s)\n","OutputType":"frame"}
{"Time":"2026-10-08T22:53:40.013607741Z","Action":"pass","Package":"go.temporal.io/server/tools/gomad3/internal/preparation","Test":"TestInspectSourcePreservesStageAndPrimaryErrors","Elapsed":0}
{"Time":"2026-10-08T22:53:40.013638116Z","Action":"run","Package":"go.temporal.io/server/tools/gomad3/internal/preparation","Test":"TestInspectSourceFailedCloseRetiresOwnership"}
{"Time":"2026-10-08T22:53:40.013689574Z","Action":"output","Package":"go.temporal.io/server/tools/gomad3/internal/preparation","Test":"TestInspectSourceFailedCloseRetiresOwnership","Output":"=== RUN   TestInspectSourceFailedCloseRetiresOwnership\n","OutputType":"frame"}
{"Time":"2026-10-08T22:53:40.013935074Z","Action":"output","Package":"go.temporal.io/server/tools/gomad3/internal/preparation","Test":"TestInspectSourceFailedCloseRetiresOwnership","Output":"--- PASS: TestInspectSourceFailedCloseRetiresOwnership (0.00s)\n","OutputType":"frame"}
{"Time":"2026-10-08T22:53:40.014015574Z","Action":"pass","Package":"go.temporal.io/server/tools/gomad3/internal/preparation","Test":"TestInspectSourceFailedCloseRetiresOwnership","Elapsed":0}
{"Time":"2026-10-08T22:53:40.014043324Z","Action":"run","Package":"go.temporal.io/server/tools/gomad3/internal/preparation","Test":"TestInspectSourceRefusesCallerRootBeforeServices"}
{"Time":"2026-10-08T22:53:40.014063282Z","Action":"output","Package":"go.temporal.io/server/tools/gomad3/internal/preparation","Test":"TestInspectSourceRefusesCallerRootBeforeServices","Output":"=== RUN   TestInspectSourceRefusesCallerRootBeforeServices\n","OutputType":"frame"}
{"Time":"2026-10-08T22:53:40.031018324Z","Action":"output","Package":"go.temporal.io/server/tools/gomad3/internal/preparation","Test":"TestInspectSourceRefusesCallerRootBeforeServices","Output":"--- PASS: TestInspectSourceRefusesCallerRootBeforeServices (0.02s)\n","OutputType":"frame"}
{"Time":"2026-10-08T22:53:40.032516199Z","Action":"pass","Package":"go.temporal.io/server/tools/gomad3/internal/preparation","Test":"TestInspectSourceRefusesCallerRootBeforeServices","Elapsed":0.02}
{"Time":"2026-10-08T22:53:40.033158032Z","Action":"output","Package":"go.temporal.io/server/tools/gomad3/internal/preparation","Output":"PASS\n","OutputType":"frame"}
{"Time":"2026-10-08T22:53:40.033298949Z","Action":"output","Package":"go.temporal.io/server/tools/gomad3/internal/preparation","Output":"ok  \tgo.temporal.io/server/tools/gomad3/internal/preparation\t0.027s\n"}
{"Time":"2026-10-08T22:53:40.033344449Z","Action":"pass","Package":"go.temporal.io/server/tools/gomad3/internal/preparation","Elapsed":0.028}
{"Time":"2026-10-08T22:53:40.253814907Z","Action":"start","Package":"go.temporal.io/server/tools/gomad3/target"}
{"Time":"2026-10-08T22:53:40.253955616Z","Action":"start","Package":"go.temporal.io/server/tools/gomad3/cmd/gomad/internal/cli"}
{"Time":"2026-10-08T22:53:40.254041157Z","Action":"start","Package":"go.temporal.io/server/tools/gomad3/cmd/gomadtool"}
{"Time":"2026-10-08T22:53:40.322352157Z","Action":"run","Package":"go.temporal.io/server/tools/gomad3/target","Test":"TestReviewCapabilitiesSourceCommandBoundary"}
{"Time":"2026-10-08T22:53:40.322453991Z","Action":"output","Package":"go.temporal.io/server/tools/gomad3/target","Test":"TestReviewCapabilitiesSourceCommandBoundary","Output":"=== RUN   TestReviewCapabilitiesSourceCommandBoundary\n","OutputType":"frame"}
{"Time":"2026-10-08T22:53:40.322516866Z","Action":"run","Package":"go.temporal.io/server/tools/gomad3/target","Test":"TestReviewCapabilitiesSourceCommandBoundary/closure"}
{"Time":"2026-10-08T22:53:40.322559532Z","Action":"output","Package":"go.temporal.io/server/tools/gomad3/target","Test":"TestReviewCapabilitiesSourceCommandBoundary/closure","Output":"=== RUN   TestReviewCapabilitiesSourceCommandBoundary/closure\n","OutputType":"frame"}
{"Time":"2026-10-08T22:53:40.328971574Z","Action":"run","Package":"go.temporal.io/server/tools/gomad3/cmd/gomadtool","Test":"TestCompatibilityPackSourceUsagePreservesBytesAndWriteFailure"}
{"Time":"2026-10-08T22:53:40.329027032Z","Action":"output","Package":"go.temporal.io/server/tools/gomad3/cmd/gomadtool","Test":"TestCompatibilityPackSourceUsagePreservesBytesAndWriteFailure","Output":"=== RUN   TestCompatibilityPackSourceUsagePreservesBytesAndWriteFailure\n","OutputType":"frame"}
{"Time":"2026-10-08T22:53:40.329184491Z","Action":"run","Package":"go.temporal.io/server/tools/gomad3/cmd/gomadtool","Test":"TestCompatibilityPackSourceUsagePreservesBytesAndWriteFailure/no_command"}
{"Time":"2026-10-08T22:53:40.329212532Z","Action":"output","Package":"go.temporal.io/server/tools/gomad3/cmd/gomadtool","Test":"TestCompatibilityPackSourceUsagePreservesBytesAndWriteFailure/no_command","Output":"=== RUN   TestCompatibilityPackSourceUsagePreservesBytesAndWriteFailure/no_command\n","OutputType":"frame"}
{"Time":"2026-10-08T22:53:40.329239616Z","Action":"output","Package":"go.temporal.io/server/tools/gomad3/cmd/gomadtool","Test":"TestCompatibilityPackSourceUsagePreservesBytesAndWriteFailure/no_command","Output":"--- PASS: TestCompatibilityPackSourceUsagePreservesBytesAndWriteFailure/no_command (0.00s)\n","OutputType":"frame"}
{"Time":"2026-10-08T22:53:40.329254199Z","Action":"pass","Package":"go.temporal.io/server/tools/gomad3/cmd/gomadtool","Test":"TestCompatibilityPackSourceUsagePreservesBytesAndWriteFailure/no_command","Elapsed":0}
{"Time":"2026-10-08T22:53:40.329335699Z","Action":"run","Package":"go.temporal.io/server/tools/gomad3/cmd/gomadtool","Test":"TestCompatibilityPackSourceUsagePreservesBytesAndWriteFailure/unknown_command"}
{"Time":"2026-10-08T22:53:40.329378491Z","Action":"output","Package":"go.temporal.io/server/tools/gomad3/cmd/gomadtool","Test":"TestCompatibilityPackSourceUsagePreservesBytesAndWriteFailure/unknown_command","Output":"=== RUN   TestCompatibilityPackSourceUsagePreservesBytesAndWriteFailure/unknown_command\n","OutputType":"frame"}
{"Time":"2026-10-08T22:53:40.329419657Z","Action":"output","Package":"go.temporal.io/server/tools/gomad3/cmd/gomadtool","Test":"TestCompatibilityPackSourceUsagePreservesBytesAndWriteFailure/unknown_command","Output":"--- PASS: TestCompatibilityPackSourceUsagePreservesBytesAndWriteFailure/unknown_command (0.00s)\n","OutputType":"frame"}
{"Time":"2026-10-08T22:53:40.329445449Z","Action":"pass","Package":"go.temporal.io/server/tools/gomad3/cmd/gomadtool","Test":"TestCompatibilityPackSourceUsagePreservesBytesAndWriteFailure/unknown_command","Elapsed":0}
{"Time":"2026-10-08T22:53:40.329498324Z","Action":"run","Package":"go.temporal.io/server/tools/gomad3/cmd/gomadtool","Test":"TestCompatibilityPackSourceUsagePreservesBytesAndWriteFailure/no_command_closed_writer"}
{"Time":"2026-10-08T22:53:40.329520949Z","Action":"output","Package":"go.temporal.io/server/tools/gomad3/cmd/gomadtool","Test":"TestCompatibilityPackSourceUsagePreservesBytesAndWriteFailure/no_command_closed_writer","Output":"=== RUN   TestCompatibilityPackSourceUsagePreservesBytesAndWriteFailure/no_command_closed_writer\n","OutputType":"frame"}
{"Time":"2026-10-08T22:53:40.329799824Z","Action":"run","Package":"go.temporal.io/server/tools/gomad3/cmd/gomad/internal/cli","Test":"TestAnalyzeSourceInspectionForwardsCompleteEvidence"}
{"Time":"2026-10-08T22:53:40.329853407Z","Action":"output","Package":"go.temporal.io/server/tools/gomad3/cmd/gomad/internal/cli","Test":"TestAnalyzeSourceInspectionForwardsCompleteEvidence","Output":"=== RUN   TestAnalyzeSourceInspectionForwardsCompleteEvidence\n","OutputType":"frame"}
{"Time":"2026-10-08T22:53:40.330288157Z","Action":"output","Package":"go.temporal.io/server/tools/gomad3/cmd/gomad/internal/cli","Test":"TestAnalyzeSourceInspectionForwardsCompleteEvidence","Output":"--- PASS: TestAnalyzeSourceInspectionForwardsCompleteEvidence (0.00s)\n","OutputType":"frame"}
{"Time":"2026-10-08T22:53:40.330470949Z","Action":"pass","Package":"go.temporal.io/server/tools/gomad3/cmd/gomad/internal/cli","Test":"TestAnalyzeSourceInspectionForwardsCompleteEvidence","Elapsed":0}
{"Time":"2026-10-08T22:53:40.330627407Z","Action":"run","Package":"go.temporal.io/server/tools/gomad3/cmd/gomad/internal/cli","Test":"TestAnalyzeSourcePublicHostRefusal"}
{"Time":"2026-10-08T22:53:40.330704491Z","Action":"output","Package":"go.temporal.io/server/tools/gomad3/cmd/gomad/internal/cli","Test":"TestAnalyzeSourcePublicHostRefusal","Output":"=== RUN   TestAnalyzeSourcePublicHostRefusal\n","OutputType":"frame"}
{"Time":"2026-10-08T22:53:40.330743657Z","Action":"output","Package":"go.temporal.io/server/tools/gomad3/cmd/gomadtool","Test":"TestCompatibilityPackSourceUsagePreservesBytesAndWriteFailure/no_command_closed_writer","Output":"--- PASS: TestCompatibilityPackSourceUsagePreservesBytesAndWriteFailure/no_command_closed_writer (0.00s)\n","OutputType":"frame"}
{"Time":"2026-10-08T22:53:40.330788241Z","Action":"pass","Package":"go.temporal.io/server/tools/gomad3/cmd/gomadtool","Test":"TestCompatibilityPackSourceUsagePreservesBytesAndWriteFailure/no_command_closed_writer","Elapsed":0}
{"Time":"2026-10-08T22:53:40.330813949Z","Action":"run","Package":"go.temporal.io/server/tools/gomad3/cmd/gomadtool","Test":"TestCompatibilityPackSourceUsagePreservesBytesAndWriteFailure/unknown_command_closed_writer"}
{"Time":"2026-10-08T22:53:40.330831282Z","Action":"output","Package":"go.temporal.io/server/tools/gomad3/cmd/gomadtool","Test":"TestCompatibilityPackSourceUsagePreservesBytesAndWriteFailure/unknown_command_closed_writer","Output":"=== RUN   TestCompatibilityPackSourceUsagePreservesBytesAndWriteFailure/unknown_command_closed_writer\n","OutputType":"frame"}
{"Time":"2026-10-08T22:53:40.331656991Z","Action":"output","Package":"go.temporal.io/server/tools/gomad3/cmd/gomad/internal/cli","Test":"TestAnalyzeSourcePublicHostRefusal","Output":"--- PASS: TestAnalyzeSourcePublicHostRefusal (0.00s)\n","OutputType":"frame"}
{"Time":"2026-10-08T22:53:40.331715449Z","Action":"pass","Package":"go.temporal.io/server/tools/gomad3/cmd/gomad/internal/cli","Test":"TestAnalyzeSourcePublicHostRefusal","Elapsed":0}
{"Time":"2026-10-08T22:53:40.331867782Z","Action":"output","Package":"go.temporal.io/server/tools/gomad3/cmd/gomadtool","Test":"TestCompatibilityPackSourceUsagePreservesBytesAndWriteFailure/unknown_command_closed_writer","Output":"--- PASS: TestCompatibilityPackSourceUsagePreservesBytesAndWriteFailure/unknown_command_closed_writer (0.00s)\n","OutputType":"frame"}
{"Time":"2026-10-08T22:53:40.331929032Z","Action":"pass","Package":"go.temporal.io/server/tools/gomad3/cmd/gomadtool","Test":"TestCompatibilityPackSourceUsagePreservesBytesAndWriteFailure/unknown_command_closed_writer","Elapsed":0}
{"Time":"2026-10-08T22:53:40.331959657Z","Action":"output","Package":"go.temporal.io/server/tools/gomad3/cmd/gomadtool","Test":"TestCompatibilityPackSourceUsagePreservesBytesAndWriteFailure","Output":"--- PASS: TestCompatibilityPackSourceUsagePreservesBytesAndWriteFailure (0.00s)\n","OutputType":"frame"}
{"Time":"2026-10-08T22:53:40.331994491Z","Action":"pass","Package":"go.temporal.io/server/tools/gomad3/cmd/gomadtool","Test":"TestCompatibilityPackSourceUsagePreservesBytesAndWriteFailure","Elapsed":0}
{"Time":"2026-10-08T22:53:40.332210824Z","Action":"run","Package":"go.temporal.io/server/tools/gomad3/cmd/gomad/internal/cli","Test":"TestAnalyzeClassifiesLinkedCapabilityCapacityAsUnsupported"}
{"Time":"2026-10-08T22:53:40.332245782Z","Action":"output","Package":"go.temporal.io/server/tools/gomad3/cmd/gomad/internal/cli","Test":"TestAnalyzeClassifiesLinkedCapabilityCapacityAsUnsupported","Output":"=== RUN   TestAnalyzeClassifiesLinkedCapabilityCapacityAsUnsupported\n","OutputType":"frame"}
{"Time":"2026-10-08T22:53:40.332316116Z","Action":"output","Package":"go.temporal.io/server/tools/gomad3/cmd/gomad/internal/cli","Test":"TestAnalyzeClassifiesLinkedCapabilityCapacityAsUnsupported","Output":"--- PASS: TestAnalyzeClassifiesLinkedCapabilityCapacityAsUnsupported (0.00s)\n","OutputType":"frame"}
{"Time":"2026-10-08T22:53:40.332361199Z","Action":"pass","Package":"go.temporal.io/server/tools/gomad3/cmd/gomad/internal/cli","Test":"TestAnalyzeClassifiesLinkedCapabilityCapacityAsUnsupported","Elapsed":0}
{"Time":"2026-10-08T22:53:40.332424407Z","Action":"output","Package":"go.temporal.io/server/tools/gomad3/cmd/gomadtool","Output":"PASS\n","OutputType":"frame"}
{"Time":"2026-10-08T22:53:40.332792116Z","Action":"output","Package":"go.temporal.io/server/tools/gomad3/cmd/gomadtool","Output":"ok  \tgo.temporal.io/server/tools/gomad3/cmd/gomadtool\t0.079s\n"}
{"Time":"2026-10-08T22:53:40.332830991Z","Action":"pass","Package":"go.temporal.io/server/tools/gomad3/cmd/gomadtool","Elapsed":0.079}
{"Time":"2026-10-08T22:53:40.333538074Z","Action":"output","Package":"go.temporal.io/server/tools/gomad3/cmd/gomad/internal/cli","Output":"PASS\n","OutputType":"frame"}
{"Time":"2026-10-08T22:53:40.333692074Z","Action":"output","Package":"go.temporal.io/server/tools/gomad3/cmd/gomad/internal/cli","Output":"ok  \tgo.temporal.io/server/tools/gomad3/cmd/gomad/internal/cli\t0.080s\n"}
{"Time":"2026-10-08T22:53:40.333739116Z","Action":"pass","Package":"go.temporal.io/server/tools/gomad3/cmd/gomad/internal/cli","Elapsed":0.08}
{"Time":"2026-10-08T22:53:40.337499782Z","Action":"output","Package":"go.temporal.io/server/tools/gomad3/target","Test":"TestReviewCapabilitiesSourceCommandBoundary/closure","Output":"--- PASS: TestReviewCapabilitiesSourceCommandBoundary/closure (0.01s)\n","OutputType":"frame"}
{"Time":"2026-10-08T22:53:40.337530949Z","Action":"pass","Package":"go.temporal.io/server/tools/gomad3/target","Test":"TestReviewCapabilitiesSourceCommandBoundary/closure","Elapsed":0.01}
{"Time":"2026-10-08T22:53:40.337555074Z","Action":"run","Package":"go.temporal.io/server/tools/gomad3/target","Test":"TestReviewCapabilitiesSourceCommandBoundary/linked_run"}
{"Time":"2026-10-08T22:53:40.337575782Z","Action":"output","Package":"go.temporal.io/server/tools/gomad3/target","Test":"TestReviewCapabilitiesSourceCommandBoundary/linked_run","Output":"=== RUN   TestReviewCapabilitiesSourceCommandBoundary/linked_run\n","OutputType":"frame"}
{"Time":"2026-10-08T22:53:40.350411491Z","Action":"output","Package":"go.temporal.io/server/tools/gomad3/target","Test":"TestReviewCapabilitiesSourceCommandBoundary/linked_run","Output":"--- PASS: TestReviewCapabilitiesSourceCommandBoundary/linked_run (0.01s)\n","OutputType":"frame"}
{"Time":"2026-10-08T22:53:40.350457741Z","Action":"pass","Package":"go.temporal.io/server/tools/gomad3/target","Test":"TestReviewCapabilitiesSourceCommandBoundary/linked_run","Elapsed":0.01}
{"Time":"2026-10-08T22:53:40.350480824Z","Action":"run","Package":"go.temporal.io/server/tools/gomad3/target","Test":"TestReviewCapabilitiesSourceCommandBoundary/linked_test"}
{"Time":"2026-10-08T22:53:40.350499407Z","Action":"output","Package":"go.temporal.io/server/tools/gomad3/target","Test":"TestReviewCapabilitiesSourceCommandBoundary/linked_test","Output":"=== RUN   TestReviewCapabilitiesSourceCommandBoundary/linked_test\n","OutputType":"frame"}
{"Time":"2026-10-08T22:53:40.362092699Z","Action":"output","Package":"go.temporal.io/server/tools/gomad3/target","Test":"TestReviewCapabilitiesSourceCommandBoundary/linked_test","Output":"--- PASS: TestReviewCapabilitiesSourceCommandBoundary/linked_test (0.01s)\n","OutputType":"frame"}
{"Time":"2026-10-08T22:53:40.362155574Z","Action":"pass","Package":"go.temporal.io/server/tools/gomad3/target","Test":"TestReviewCapabilitiesSourceCommandBoundary/linked_test","Elapsed":0.01}
{"Time":"2026-10-08T22:53:40.362186949Z","Action":"run","Package":"go.temporal.io/server/tools/gomad3/target","Test":"TestReviewCapabilitiesSourceCommandBoundary/guarded"}
{"Time":"2026-10-08T22:53:40.362204116Z","Action":"output","Package":"go.temporal.io/server/tools/gomad3/target","Test":"TestReviewCapabilitiesSourceCommandBoundary/guarded","Output":"=== RUN   TestReviewCapabilitiesSourceCommandBoundary/guarded\n","OutputType":"frame"}
{"Time":"2026-10-08T22:53:40.375177949Z","Action":"output","Package":"go.temporal.io/server/tools/gomad3/target","Test":"TestReviewCapabilitiesSourceCommandBoundary/guarded","Output":"--- PASS: TestReviewCapabilitiesSourceCommandBoundary/guarded (0.01s)\n","OutputType":"frame"}
{"Time":"2026-10-08T22:53:40.375213157Z","Action":"pass","Package":"go.temporal.io/server/tools/gomad3/target","Test":"TestReviewCapabilitiesSourceCommandBoundary/guarded","Elapsed":0.01}
{"Time":"2026-10-08T22:53:40.375293366Z","Action":"run","Package":"go.temporal.io/server/tools/gomad3/target","Test":"TestReviewCapabilitiesSourceCommandBoundary/malformed_linked"}
{"Time":"2026-10-08T22:53:40.375316032Z","Action":"output","Package":"go.temporal.io/server/tools/gomad3/target","Test":"TestReviewCapabilitiesSourceCommandBoundary/malformed_linked","Output":"=== RUN   TestReviewCapabilitiesSourceCommandBoundary/malformed_linked\n","OutputType":"frame"}
{"Time":"2026-10-08T22:53:40.391870491Z","Action":"output","Package":"go.temporal.io/server/tools/gomad3/target","Test":"TestReviewCapabilitiesSourceCommandBoundary/malformed_linked","Output":"--- PASS: TestReviewCapabilitiesSourceCommandBoundary/malformed_linked (0.02s)\n","OutputType":"frame"}
{"Time":"2026-10-08T22:53:40.391965158Z","Action":"pass","Package":"go.temporal.io/server/tools/gomad3/target","Test":"TestReviewCapabilitiesSourceCommandBoundary/malformed_linked","Elapsed":0.02}
{"Time":"2026-10-08T22:53:40.392006408Z","Action":"run","Package":"go.temporal.io/server/tools/gomad3/target","Test":"TestReviewCapabilitiesSourceCommandBoundary/unsupported_linked_capacity"}
{"Time":"2026-10-08T22:53:40.392043033Z","Action":"output","Package":"go.temporal.io/server/tools/gomad3/target","Test":"TestReviewCapabilitiesSourceCommandBoundary/unsupported_linked_capacity","Output":"=== RUN   TestReviewCapabilitiesSourceCommandBoundary/unsupported_linked_capacity\n","OutputType":"frame"}
{"Time":"2026-10-08T22:53:40.404212574Z","Action":"output","Package":"go.temporal.io/server/tools/gomad3/target","Test":"TestReviewCapabilitiesSourceCommandBoundary/unsupported_linked_capacity","Output":"--- PASS: TestReviewCapabilitiesSourceCommandBoundary/unsupported_linked_capacity (0.01s)\n","OutputType":"frame"}
{"Time":"2026-10-08T22:53:40.404256491Z","Action":"pass","Package":"go.temporal.io/server/tools/gomad3/target","Test":"TestReviewCapabilitiesSourceCommandBoundary/unsupported_linked_capacity","Elapsed":0.01}
{"Time":"2026-10-08T22:53:40.404277449Z","Action":"output","Package":"go.temporal.io/server/tools/gomad3/target","Test":"TestReviewCapabilitiesSourceCommandBoundary","Output":"--- PASS: TestReviewCapabilitiesSourceCommandBoundary (0.08s)\n","OutputType":"frame"}
{"Time":"2026-10-08T22:53:40.404295616Z","Action":"pass","Package":"go.temporal.io/server/tools/gomad3/target","Test":"TestReviewCapabilitiesSourceCommandBoundary","Elapsed":0.08}
{"Time":"2026-10-08T22:53:40.404821199Z","Action":"output","Package":"go.temporal.io/server/tools/gomad3/target","Output":"PASS\n","OutputType":"frame"}
{"Time":"2026-10-08T22:53:40.405243283Z","Action":"output","Package":"go.temporal.io/server/tools/gomad3/target","Output":"ok  \tgo.temporal.io/server/tools/gomad3/target\t0.151s\n"}
{"Time":"2026-10-08T22:53:40.405267491Z","Action":"pass","Package":"go.temporal.io/server/tools/gomad3/target","Elapsed":0.151}
