{"Time":"2026-10-08T23:05:10.091721941Z","Action":"start","Package":"go.temporal.io/server/tools/gomad3/cmd/gomad/internal/cli"}
{"Time":"2026-10-08T23:05:10.098481608Z","Action":"run","Package":"go.temporal.io/server/tools/gomad3/cmd/gomad/internal/cli","Test":"TestRunAnalyzeForwardsTargetAndClassifiesReport"}
{"Time":"2026-10-08T23:05:10.098550566Z","Action":"output","Package":"go.temporal.io/server/tools/gomad3/cmd/gomad/internal/cli","Test":"TestRunAnalyzeForwardsTargetAndClassifiesReport","Output":"=== RUN   TestRunAnalyzeForwardsTargetAndClassifiesReport\n","OutputType":"frame"}
{"Time":"2026-10-08T23:05:10.098577233Z","Action":"run","Package":"go.temporal.io/server/tools/gomad3/cmd/gomad/internal/cli","Test":"TestRunAnalyzeForwardsTargetAndClassifiesReport/emits_supported_JSON_without_executing_target"}
{"Time":"2026-10-08T23:05:10.09859065Z","Action":"output","Package":"go.temporal.io/server/tools/gomad3/cmd/gomad/internal/cli","Test":"TestRunAnalyzeForwardsTargetAndClassifiesReport/emits_supported_JSON_without_executing_target","Output":"=== RUN   TestRunAnalyzeForwardsTargetAndClassifiesReport/emits_supported_JSON_without_executing_target\n","OutputType":"frame"}
{"Time":"2026-10-08T23:05:10.098899525Z","Action":"output","Package":"go.temporal.io/server/tools/gomad3/cmd/gomad/internal/cli","Test":"TestRunAnalyzeForwardsTargetAndClassifiesReport/emits_supported_JSON_without_executing_target","Output":"--- PASS: TestRunAnalyzeForwardsTargetAndClassifiesReport/emits_supported_JSON_without_executing_target (0.00s)\n","OutputType":"frame"}
{"Time":"2026-10-08T23:05:10.098923691Z","Action":"pass","Package":"go.temporal.io/server/tools/gomad3/cmd/gomad/internal/cli","Test":"TestRunAnalyzeForwardsTargetAndClassifiesReport/emits_supported_JSON_without_executing_target","Elapsed":0}
{"Time":"2026-10-08T23:05:10.098946275Z","Action":"run","Package":"go.temporal.io/server/tools/gomad3/cmd/gomad/internal/cli","Test":"TestRunAnalyzeForwardsTargetAndClassifiesReport/unsupported"}
{"Time":"2026-10-08T23:05:10.098961816Z","Action":"output","Package":"go.temporal.io/server/tools/gomad3/cmd/gomad/internal/cli","Test":"TestRunAnalyzeForwardsTargetAndClassifiesReport/unsupported","Output":"=== RUN   TestRunAnalyzeForwardsTargetAndClassifiesReport/unsupported\n","OutputType":"frame"}
{"Time":"2026-10-08T23:05:10.0989969Z","Action":"output","Package":"go.temporal.io/server/tools/gomad3/cmd/gomad/internal/cli","Test":"TestRunAnalyzeForwardsTargetAndClassifiesReport/unsupported","Output":"--- PASS: TestRunAnalyzeForwardsTargetAndClassifiesReport/unsupported (0.00s)\n","OutputType":"frame"}
{"Time":"2026-10-08T23:05:10.099011316Z","Action":"pass","Package":"go.temporal.io/server/tools/gomad3/cmd/gomad/internal/cli","Test":"TestRunAnalyzeForwardsTargetAndClassifiesReport/unsupported","Elapsed":0}
{"Time":"2026-10-08T23:05:10.09902265Z","Action":"run","Package":"go.temporal.io/server/tools/gomad3/cmd/gomad/internal/cli","Test":"TestRunAnalyzeForwardsTargetAndClassifiesReport/opaque_executable"}
{"Time":"2026-10-08T23:05:10.099031691Z","Action":"output","Package":"go.temporal.io/server/tools/gomad3/cmd/gomad/internal/cli","Test":"TestRunAnalyzeForwardsTargetAndClassifiesReport/opaque_executable","Output":"=== RUN   TestRunAnalyzeForwardsTargetAndClassifiesReport/opaque_executable\n","OutputType":"frame"}
{"Time":"2026-10-08T23:05:10.099042233Z","Action":"output","Package":"go.temporal.io/server/tools/gomad3/cmd/gomad/internal/cli","Test":"TestRunAnalyzeForwardsTargetAndClassifiesReport/opaque_executable","Output":"--- PASS: TestRunAnalyzeForwardsTargetAndClassifiesReport/opaque_executable (0.00s)\n","OutputType":"frame"}
{"Time":"2026-10-08T23:05:10.099050858Z","Action":"pass","Package":"go.temporal.io/server/tools/gomad3/cmd/gomad/internal/cli","Test":"TestRunAnalyzeForwardsTargetAndClassifiesReport/opaque_executable","Elapsed":0}
{"Time":"2026-10-08T23:05:10.099059691Z","Action":"run","Package":"go.temporal.io/server/tools/gomad3/cmd/gomad/internal/cli","Test":"TestRunAnalyzeForwardsTargetAndClassifiesReport/invalid_package"}
{"Time":"2026-10-08T23:05:10.099067816Z","Action":"output","Package":"go.temporal.io/server/tools/gomad3/cmd/gomad/internal/cli","Test":"TestRunAnalyzeForwardsTargetAndClassifiesReport/invalid_package","Output":"=== RUN   TestRunAnalyzeForwardsTargetAndClassifiesReport/invalid_package\n","OutputType":"frame"}
{"Time":"2026-10-08T23:05:10.099106983Z","Action":"output","Package":"go.temporal.io/server/tools/gomad3/cmd/gomad/internal/cli","Test":"TestRunAnalyzeForwardsTargetAndClassifiesReport/invalid_package","Output":"--- PASS: TestRunAnalyzeForwardsTargetAndClassifiesReport/invalid_package (0.00s)\n","OutputType":"frame"}
{"Time":"2026-10-08T23:05:10.099119483Z","Action":"pass","Package":"go.temporal.io/server/tools/gomad3/cmd/gomad/internal/cli","Test":"TestRunAnalyzeForwardsTargetAndClassifiesReport/invalid_package","Elapsed":0}
{"Time":"2026-10-08T23:05:10.099130066Z","Action":"run","Package":"go.temporal.io/server/tools/gomad3/cmd/gomad/internal/cli","Test":"TestRunAnalyzeForwardsTargetAndClassifiesReport/infrastructure"}
{"Time":"2026-10-08T23:05:10.099139733Z","Action":"output","Package":"go.temporal.io/server/tools/gomad3/cmd/gomad/internal/cli","Test":"TestRunAnalyzeForwardsTargetAndClassifiesReport/infrastructure","Output":"=== RUN   TestRunAnalyzeForwardsTargetAndClassifiesReport/infrastructure\n","OutputType":"frame"}
{"Time":"2026-10-08T23:05:10.099149316Z","Action":"output","Package":"go.temporal.io/server/tools/gomad3/cmd/gomad/internal/cli","Test":"TestRunAnalyzeForwardsTargetAndClassifiesReport/infrastructure","Output":"--- PASS: TestRunAnalyzeForwardsTargetAndClassifiesReport/infrastructure (0.00s)\n","OutputType":"frame"}
{"Time":"2026-10-08T23:05:10.099158358Z","Action":"pass","Package":"go.temporal.io/server/tools/gomad3/cmd/gomad/internal/cli","Test":"TestRunAnalyzeForwardsTargetAndClassifiesReport/infrastructure","Elapsed":0}
{"Time":"2026-10-08T23:05:10.0991664Z","Action":"run","Package":"go.temporal.io/server/tools/gomad3/cmd/gomad/internal/cli","Test":"TestRunAnalyzeForwardsTargetAndClassifiesReport/cleanup_failure_preserves_classification"}
{"Time":"2026-10-08T23:05:10.099174233Z","Action":"output","Package":"go.temporal.io/server/tools/gomad3/cmd/gomad/internal/cli","Test":"TestRunAnalyzeForwardsTargetAndClassifiesReport/cleanup_failure_preserves_classification","Output":"=== RUN   TestRunAnalyzeForwardsTargetAndClassifiesReport/cleanup_failure_preserves_classification\n","OutputType":"frame"}
{"Time":"2026-10-08T23:05:10.099185358Z","Action":"output","Package":"go.temporal.io/server/tools/gomad3/cmd/gomad/internal/cli","Test":"TestRunAnalyzeForwardsTargetAndClassifiesReport/cleanup_failure_preserves_classification","Output":"--- PASS: TestRunAnalyzeForwardsTargetAndClassifiesReport/cleanup_failure_preserves_classification (0.00s)\n","OutputType":"frame"}
{"Time":"2026-10-08T23:05:10.0992209Z","Action":"pass","Package":"go.temporal.io/server/tools/gomad3/cmd/gomad/internal/cli","Test":"TestRunAnalyzeForwardsTargetAndClassifiesReport/cleanup_failure_preserves_classification","Elapsed":0}
{"Time":"2026-10-08T23:05:10.099228983Z","Action":"run","Package":"go.temporal.io/server/tools/gomad3/cmd/gomad/internal/cli","Test":"TestRunAnalyzeForwardsTargetAndClassifiesReport/cleanup_failure_after_supported_report"}
{"Time":"2026-10-08T23:05:10.099237025Z","Action":"output","Package":"go.temporal.io/server/tools/gomad3/cmd/gomad/internal/cli","Test":"TestRunAnalyzeForwardsTargetAndClassifiesReport/cleanup_failure_after_supported_report","Output":"=== RUN   TestRunAnalyzeForwardsTargetAndClassifiesReport/cleanup_failure_after_supported_report\n","OutputType":"frame"}
{"Time":"2026-10-08T23:05:10.099245025Z","Action":"output","Package":"go.temporal.io/server/tools/gomad3/cmd/gomad/internal/cli","Test":"TestRunAnalyzeForwardsTargetAndClassifiesReport/cleanup_failure_after_supported_report","Output":"--- PASS: TestRunAnalyzeForwardsTargetAndClassifiesReport/cleanup_failure_after_supported_report (0.00s)\n","OutputType":"frame"}
{"Time":"2026-10-08T23:05:10.099252816Z","Action":"pass","Package":"go.temporal.io/server/tools/gomad3/cmd/gomad/internal/cli","Test":"TestRunAnalyzeForwardsTargetAndClassifiesReport/cleanup_failure_after_supported_report","Elapsed":0}
{"Time":"2026-10-08T23:05:10.099265941Z","Action":"run","Package":"go.temporal.io/server/tools/gomad3/cmd/gomad/internal/cli","Test":"TestRunAnalyzeForwardsTargetAndClassifiesReport/builds_from_prepared_review"}
{"Time":"2026-10-08T23:05:10.099277191Z","Action":"output","Package":"go.temporal.io/server/tools/gomad3/cmd/gomad/internal/cli","Test":"TestRunAnalyzeForwardsTargetAndClassifiesReport/builds_from_prepared_review","Output":"=== RUN   TestRunAnalyzeForwardsTargetAndClassifiesReport/builds_from_prepared_review\n","OutputType":"frame"}
{"Time":"2026-10-08T23:05:10.099288816Z","Action":"output","Package":"go.temporal.io/server/tools/gomad3/cmd/gomad/internal/cli","Test":"TestRunAnalyzeForwardsTargetAndClassifiesReport/builds_from_prepared_review","Output":"--- PASS: TestRunAnalyzeForwardsTargetAndClassifiesReport/builds_from_prepared_review (0.00s)\n","OutputType":"frame"}
{"Time":"2026-10-08T23:05:10.099299358Z","Action":"pass","Package":"go.temporal.io/server/tools/gomad3/cmd/gomad/internal/cli","Test":"TestRunAnalyzeForwardsTargetAndClassifiesReport/builds_from_prepared_review","Elapsed":0}
{"Time":"2026-10-08T23:05:10.099308025Z","Action":"run","Package":"go.temporal.io/server/tools/gomad3/cmd/gomad/internal/cli","Test":"TestRunAnalyzeForwardsTargetAndClassifiesReport/output_failure_is_infrastructure"}
{"Time":"2026-10-08T23:05:10.0993239Z","Action":"output","Package":"go.temporal.io/server/tools/gomad3/cmd/gomad/internal/cli","Test":"TestRunAnalyzeForwardsTargetAndClassifiesReport/output_failure_is_infrastructure","Output":"=== RUN   TestRunAnalyzeForwardsTargetAndClassifiesReport/output_failure_is_infrastructure\n","OutputType":"frame"}
{"Time":"2026-10-08T23:05:10.0993329Z","Action":"output","Package":"go.temporal.io/server/tools/gomad3/cmd/gomad/internal/cli","Test":"TestRunAnalyzeForwardsTargetAndClassifiesReport/output_failure_is_infrastructure","Output":"--- PASS: TestRunAnalyzeForwardsTargetAndClassifiesReport/output_failure_is_infrastructure (0.00s)\n","OutputType":"frame"}
{"Time":"2026-10-08T23:05:10.099345275Z","Action":"pass","Package":"go.temporal.io/server/tools/gomad3/cmd/gomad/internal/cli","Test":"TestRunAnalyzeForwardsTargetAndClassifiesReport/output_failure_is_infrastructure","Elapsed":0}
{"Time":"2026-10-08T23:05:10.099360566Z","Action":"output","Package":"go.temporal.io/server/tools/gomad3/cmd/gomad/internal/cli","Test":"TestRunAnalyzeForwardsTargetAndClassifiesReport","Output":"--- PASS: TestRunAnalyzeForwardsTargetAndClassifiesReport (0.00s)\n","OutputType":"frame"}
{"Time":"2026-10-08T23:05:10.099398233Z","Action":"pass","Package":"go.temporal.io/server/tools/gomad3/cmd/gomad/internal/cli","Test":"TestRunAnalyzeForwardsTargetAndClassifiesReport","Elapsed":0}
{"Time":"2026-10-08T23:05:10.099425983Z","Action":"run","Package":"go.temporal.io/server/tools/gomad3/cmd/gomad/internal/cli","Test":"TestRunAnalyzeClassifiesRealReadonlyModuleFailureAsInvalidInput"}
{"Time":"2026-10-08T23:05:10.099436733Z","Action":"output","Package":"go.temporal.io/server/tools/gomad3/cmd/gomad/internal/cli","Test":"TestRunAnalyzeClassifiesRealReadonlyModuleFailureAsInvalidInput","Output":"=== RUN   TestRunAnalyzeClassifiesRealReadonlyModuleFailureAsInvalidInput\n","OutputType":"frame"}
{"Time":"2026-10-08T23:05:10.132079066Z","Action":"output","Package":"go.temporal.io/server/tools/gomad3/cmd/gomad/internal/cli","Test":"TestRunAnalyzeClassifiesRealReadonlyModuleFailureAsInvalidInput","Output":"--- PASS: TestRunAnalyzeClassifiesRealReadonlyModuleFailureAsInvalidInput (0.03s)\n","OutputType":"frame"}
{"Time":"2026-10-08T23:05:10.132136858Z","Action":"pass","Package":"go.temporal.io/server/tools/gomad3/cmd/gomad/internal/cli","Test":"TestRunAnalyzeClassifiesRealReadonlyModuleFailureAsInvalidInput","Elapsed":0.03}
{"Time":"2026-10-08T23:05:10.132483358Z","Action":"output","Package":"go.temporal.io/server/tools/gomad3/cmd/gomad/internal/cli","Output":"PASS\n","OutputType":"frame"}
{"Time":"2026-10-08T23:05:10.13268465Z","Action":"output","Package":"go.temporal.io/server/tools/gomad3/cmd/gomad/internal/cli","Output":"ok  \tgo.temporal.io/server/tools/gomad3/cmd/gomad/internal/cli\t0.041s\n"}
{"Time":"2026-10-08T23:05:10.132709941Z","Action":"pass","Package":"go.temporal.io/server/tools/gomad3/cmd/gomad/internal/cli","Elapsed":0.041}
