{"Time":"2026-10-08T22:57:51.946370486Z","Action":"start","Package":"go.temporal.io/server/tools/gomad3/internal/preparation"}
{"Time":"2026-10-08T22:57:51.950442652Z","Action":"run","Package":"go.temporal.io/server/tools/gomad3/internal/preparation","Test":"TestInspectClosureDoesNotBuildOrLaunch"}
{"Time":"2026-10-08T22:57:51.950512861Z","Action":"output","Package":"go.temporal.io/server/tools/gomad3/internal/preparation","Test":"TestInspectClosureDoesNotBuildOrLaunch","Output":"=== RUN   TestInspectClosureDoesNotBuildOrLaunch\n","OutputType":"frame"}
{"Time":"2026-10-08T22:57:52.013406361Z","Action":"output","Package":"go.temporal.io/server/tools/gomad3/internal/preparation","Test":"TestInspectClosureDoesNotBuildOrLaunch","Output":"--- PASS: TestInspectClosureDoesNotBuildOrLaunch (0.06s)\n","OutputType":"frame"}
{"Time":"2026-10-08T22:57:52.013493861Z","Action":"pass","Package":"go.temporal.io/server/tools/gomad3/internal/preparation","Test":"TestInspectClosureDoesNotBuildOrLaunch","Elapsed":0.06}
{"Time":"2026-10-08T22:57:52.013532111Z","Action":"run","Package":"go.temporal.io/server/tools/gomad3/internal/preparation","Test":"TestInspectRejectsCallerRootAndPreservesReviewClassificationOnCleanupFailure"}
{"Time":"2026-10-08T22:57:52.013587444Z","Action":"output","Package":"go.temporal.io/server/tools/gomad3/internal/preparation","Test":"TestInspectRejectsCallerRootAndPreservesReviewClassificationOnCleanupFailure","Output":"=== RUN   TestInspectRejectsCallerRootAndPreservesReviewClassificationOnCleanupFailure\n","OutputType":"frame"}
{"Time":"2026-10-08T22:57:52.014974027Z","Action":"output","Package":"go.temporal.io/server/tools/gomad3/internal/preparation","Test":"TestInspectRejectsCallerRootAndPreservesReviewClassificationOnCleanupFailure","Output":"--- PASS: TestInspectRejectsCallerRootAndPreservesReviewClassificationOnCleanupFailure (0.00s)\n","OutputType":"frame"}
{"Time":"2026-10-08T22:57:52.015011486Z","Action":"pass","Package":"go.temporal.io/server/tools/gomad3/internal/preparation","Test":"TestInspectRejectsCallerRootAndPreservesReviewClassificationOnCleanupFailure","Elapsed":0}
{"Time":"2026-10-08T22:57:52.015053861Z","Action":"run","Package":"go.temporal.io/server/tools/gomad3/internal/preparation","Test":"TestInspectCloseSurfacesCleanupFailure"}
{"Time":"2026-10-08T22:57:52.015078236Z","Action":"output","Package":"go.temporal.io/server/tools/gomad3/internal/preparation","Test":"TestInspectCloseSurfacesCleanupFailure","Output":"=== RUN   TestInspectCloseSurfacesCleanupFailure\n","OutputType":"frame"}
{"Time":"2026-10-08T22:57:52.067360736Z","Action":"output","Package":"go.temporal.io/server/tools/gomad3/internal/preparation","Test":"TestInspectCloseSurfacesCleanupFailure","Output":"--- PASS: TestInspectCloseSurfacesCleanupFailure (0.05s)\n","OutputType":"frame"}
{"Time":"2026-10-08T22:57:52.067480736Z","Action":"pass","Package":"go.temporal.io/server/tools/gomad3/internal/preparation","Test":"TestInspectCloseSurfacesCleanupFailure","Elapsed":0.05}
{"Time":"2026-10-08T22:57:52.067539319Z","Action":"run","Package":"go.temporal.io/server/tools/gomad3/internal/preparation","Test":"TestInspectPreservesInvalidAdapterSum"}
{"Time":"2026-10-08T22:57:52.067578028Z","Action":"output","Package":"go.temporal.io/server/tools/gomad3/internal/preparation","Test":"TestInspectPreservesInvalidAdapterSum","Output":"=== RUN   TestInspectPreservesInvalidAdapterSum\n","OutputType":"frame"}
{"Time":"2026-10-08T22:57:52.069746028Z","Action":"output","Package":"go.temporal.io/server/tools/gomad3/internal/preparation","Test":"TestInspectPreservesInvalidAdapterSum","Output":"--- PASS: TestInspectPreservesInvalidAdapterSum (0.00s)\n","OutputType":"frame"}
{"Time":"2026-10-08T22:57:52.069780028Z","Action":"pass","Package":"go.temporal.io/server/tools/gomad3/internal/preparation","Test":"TestInspectPreservesInvalidAdapterSum","Elapsed":0}
{"Time":"2026-10-08T22:57:52.069852236Z","Action":"run","Package":"go.temporal.io/server/tools/gomad3/internal/preparation","Test":"TestInspectRetainsUnsupportedClosureClassification"}
{"Time":"2026-10-08T22:57:52.069902694Z","Action":"output","Package":"go.temporal.io/server/tools/gomad3/internal/preparation","Test":"TestInspectRetainsUnsupportedClosureClassification","Output":"=== RUN   TestInspectRetainsUnsupportedClosureClassification\n","OutputType":"frame"}
{"Time":"2026-10-08T22:57:52.237923944Z","Action":"output","Package":"go.temporal.io/server/tools/gomad3/internal/preparation","Test":"TestInspectRetainsUnsupportedClosureClassification","Output":"--- PASS: TestInspectRetainsUnsupportedClosureClassification (0.17s)\n","OutputType":"frame"}
{"Time":"2026-10-08T22:57:52.238067819Z","Action":"pass","Package":"go.temporal.io/server/tools/gomad3/internal/preparation","Test":"TestInspectRetainsUnsupportedClosureClassification","Elapsed":0.17}
{"Time":"2026-10-08T22:57:52.238292319Z","Action":"output","Package":"go.temporal.io/server/tools/gomad3/internal/preparation","Output":"PASS\n","OutputType":"frame"}
{"Time":"2026-10-08T22:57:52.240014153Z","Action":"output","Package":"go.temporal.io/server/tools/gomad3/internal/preparation","Output":"ok  \tgo.temporal.io/server/tools/gomad3/internal/preparation\t0.293s\n"}
{"Time":"2026-10-08T22:57:52.240130028Z","Action":"pass","Package":"go.temporal.io/server/tools/gomad3/internal/preparation","Elapsed":0.294}
