{"Time":"2026-10-08T22:53:22.881454441Z","Action":"start","Package":"go.temporal.io/server/tools/gomad3/internal/preparation"}
{"Time":"2026-10-08T22:53:22.893739566Z","Action":"run","Package":"go.temporal.io/server/tools/gomad3/internal/preparation","Test":"TestInspectSourcePublicHostRefusal"}
{"Time":"2026-10-08T22:53:22.893860357Z","Action":"output","Package":"go.temporal.io/server/tools/gomad3/internal/preparation","Test":"TestInspectSourcePublicHostRefusal","Output":"=== RUN   TestInspectSourcePublicHostRefusal\n","OutputType":"frame"}
{"Time":"2026-10-08T22:53:22.900880274Z","Action":"output","Package":"go.temporal.io/server/tools/gomad3/internal/preparation","Test":"TestInspectSourcePublicHostRefusal","Output":"--- PASS: TestInspectSourcePublicHostRefusal (0.00s)\n","OutputType":"frame"}
{"Time":"2026-10-08T22:53:22.901036232Z","Action":"pass","Package":"go.temporal.io/server/tools/gomad3/internal/preparation","Test":"TestInspectSourcePublicHostRefusal","Elapsed":0}
{"Time":"2026-10-08T22:53:22.901319066Z","Action":"run","Package":"go.temporal.io/server/tools/gomad3/internal/preparation","Test":"TestInspectSourceCleanupPreservesOriginalErrorText"}
{"Time":"2026-10-08T22:53:22.901371774Z","Action":"output","Package":"go.temporal.io/server/tools/gomad3/internal/preparation","Test":"TestInspectSourceCleanupPreservesOriginalErrorText","Output":"=== RUN   TestInspectSourceCleanupPreservesOriginalErrorText\n","OutputType":"frame"}
{"Time":"2026-10-08T22:53:22.901419149Z","Action":"output","Package":"go.temporal.io/server/tools/gomad3/internal/preparation","Test":"TestInspectSourceCleanupPreservesOriginalErrorText","Output":"--- PASS: TestInspectSourceCleanupPreservesOriginalErrorText (0.00s)\n","OutputType":"frame"}
{"Time":"2026-10-08T22:53:22.901444774Z","Action":"pass","Package":"go.temporal.io/server/tools/gomad3/internal/preparation","Test":"TestInspectSourceCleanupPreservesOriginalErrorText","Elapsed":0}
{"Time":"2026-10-08T22:53:22.901470274Z","Action":"run","Package":"go.temporal.io/server/tools/gomad3/internal/preparation","Test":"TestInspectSourceOwnsWorkspaceAndCompleteEvidence"}
{"Time":"2026-10-08T22:53:22.901501982Z","Action":"output","Package":"go.temporal.io/server/tools/gomad3/internal/preparation","Test":"TestInspectSourceOwnsWorkspaceAndCompleteEvidence","Output":"=== RUN   TestInspectSourceOwnsWorkspaceAndCompleteEvidence\n","OutputType":"frame"}
{"Time":"2026-10-08T22:53:22.911130233Z","Action":"output","Package":"go.temporal.io/server/tools/gomad3/internal/preparation","Test":"TestInspectSourceOwnsWorkspaceAndCompleteEvidence","Output":"--- PASS: TestInspectSourceOwnsWorkspaceAndCompleteEvidence (0.01s)\n","OutputType":"frame"}
{"Time":"2026-10-08T22:53:22.911260691Z","Action":"pass","Package":"go.temporal.io/server/tools/gomad3/internal/preparation","Test":"TestInspectSourceOwnsWorkspaceAndCompleteEvidence","Elapsed":0.01}
{"Time":"2026-10-08T22:53:22.911380149Z","Action":"run","Package":"go.temporal.io/server/tools/gomad3/internal/preparation","Test":"TestInspectSourcePreservesStageAndPrimaryErrors"}
{"Time":"2026-10-08T22:53:22.911691983Z","Action":"output","Package":"go.temporal.io/server/tools/gomad3/internal/preparation","Test":"TestInspectSourcePreservesStageAndPrimaryErrors","Output":"=== RUN   TestInspectSourcePreservesStageAndPrimaryErrors\n","OutputType":"frame"}
{"Time":"2026-10-08T22:53:22.912008191Z","Action":"run","Package":"go.temporal.io/server/tools/gomad3/internal/preparation","Test":"TestInspectSourcePreservesStageAndPrimaryErrors/invalid_adapter"}
{"Time":"2026-10-08T22:53:22.912044149Z","Action":"output","Package":"go.temporal.io/server/tools/gomad3/internal/preparation","Test":"TestInspectSourcePreservesStageAndPrimaryErrors/invalid_adapter","Output":"=== RUN   TestInspectSourcePreservesStageAndPrimaryErrors/invalid_adapter\n","OutputType":"frame"}
{"Time":"2026-10-08T22:53:22.912898649Z","Action":"output","Package":"go.temporal.io/server/tools/gomad3/internal/preparation","Test":"TestInspectSourcePreservesStageAndPrimaryErrors/invalid_adapter","Output":"--- PASS: TestInspectSourcePreservesStageAndPrimaryErrors/invalid_adapter (0.00s)\n","OutputType":"frame"}
{"Time":"2026-10-08T22:53:22.913001108Z","Action":"pass","Package":"go.temporal.io/server/tools/gomad3/internal/preparation","Test":"TestInspectSourcePreservesStageAndPrimaryErrors/invalid_adapter","Elapsed":0}
{"Time":"2026-10-08T22:53:22.913078066Z","Action":"run","Package":"go.temporal.io/server/tools/gomad3/internal/preparation","Test":"TestInspectSourcePreservesStageAndPrimaryErrors/invalid_review"}
{"Time":"2026-10-08T22:53:22.913110233Z","Action":"output","Package":"go.temporal.io/server/tools/gomad3/internal/preparation","Test":"TestInspectSourcePreservesStageAndPrimaryErrors/invalid_review","Output":"=== RUN   TestInspectSourcePreservesStageAndPrimaryErrors/invalid_review\n","OutputType":"frame"}
{"Time":"2026-10-08T22:53:22.913655274Z","Action":"output","Package":"go.temporal.io/server/tools/gomad3/internal/preparation","Test":"TestInspectSourcePreservesStageAndPrimaryErrors/invalid_review","Output":"--- PASS: TestInspectSourcePreservesStageAndPrimaryErrors/invalid_review (0.00s)\n","OutputType":"frame"}
{"Time":"2026-10-08T22:53:22.913758233Z","Action":"pass","Package":"go.temporal.io/server/tools/gomad3/internal/preparation","Test":"TestInspectSourcePreservesStageAndPrimaryErrors/invalid_review","Elapsed":0}
{"Time":"2026-10-08T22:53:22.913835899Z","Action":"run","Package":"go.temporal.io/server/tools/gomad3/internal/preparation","Test":"TestInspectSourcePreservesStageAndPrimaryErrors/unsupported"}
{"Time":"2026-10-08T22:53:22.913886108Z","Action":"output","Package":"go.temporal.io/server/tools/gomad3/internal/preparation","Test":"TestInspectSourcePreservesStageAndPrimaryErrors/unsupported","Output":"=== RUN   TestInspectSourcePreservesStageAndPrimaryErrors/unsupported\n","OutputType":"frame"}
{"Time":"2026-10-08T22:53:22.916235108Z","Action":"output","Package":"go.temporal.io/server/tools/gomad3/internal/preparation","Test":"TestInspectSourcePreservesStageAndPrimaryErrors/unsupported","Output":"--- PASS: TestInspectSourcePreservesStageAndPrimaryErrors/unsupported (0.00s)\n","OutputType":"frame"}
{"Time":"2026-10-08T22:53:22.916398316Z","Action":"pass","Package":"go.temporal.io/server/tools/gomad3/internal/preparation","Test":"TestInspectSourcePreservesStageAndPrimaryErrors/unsupported","Elapsed":0}
{"Time":"2026-10-08T22:53:22.916465524Z","Action":"run","Package":"go.temporal.io/server/tools/gomad3/internal/preparation","Test":"TestInspectSourcePreservesStageAndPrimaryErrors/malformed_linked"}
{"Time":"2026-10-08T22:53:22.916525566Z","Action":"output","Package":"go.temporal.io/server/tools/gomad3/internal/preparation","Test":"TestInspectSourcePreservesStageAndPrimaryErrors/malformed_linked","Output":"=== RUN   TestInspectSourcePreservesStageAndPrimaryErrors/malformed_linked\n","OutputType":"frame"}
{"Time":"2026-10-08T22:53:22.917018274Z","Action":"output","Package":"go.temporal.io/server/tools/gomad3/internal/preparation","Test":"TestInspectSourcePreservesStageAndPrimaryErrors/malformed_linked","Output":"--- PASS: TestInspectSourcePreservesStageAndPrimaryErrors/malformed_linked (0.00s)\n","OutputType":"frame"}
{"Time":"2026-10-08T22:53:22.917093233Z","Action":"pass","Package":"go.temporal.io/server/tools/gomad3/internal/preparation","Test":"TestInspectSourcePreservesStageAndPrimaryErrors/malformed_linked","Elapsed":0}
{"Time":"2026-10-08T22:53:22.917172274Z","Action":"output","Package":"go.temporal.io/server/tools/gomad3/internal/preparation","Test":"TestInspectSourcePreservesStageAndPrimaryErrors","Output":"--- PASS: TestInspectSourcePreservesStageAndPrimaryErrors (0.01s)\n","OutputType":"frame"}
{"Time":"2026-10-08T22:53:22.917241649Z","Action":"pass","Package":"go.temporal.io/server/tools/gomad3/internal/preparation","Test":"TestInspectSourcePreservesStageAndPrimaryErrors","Elapsed":0.01}
{"Time":"2026-10-08T22:53:22.917333399Z","Action":"run","Package":"go.temporal.io/server/tools/gomad3/internal/preparation","Test":"TestInspectSourceFailedCloseRetiresOwnership"}
{"Time":"2026-10-08T22:53:22.917420024Z","Action":"output","Package":"go.temporal.io/server/tools/gomad3/internal/preparation","Test":"TestInspectSourceFailedCloseRetiresOwnership","Output":"=== RUN   TestInspectSourceFailedCloseRetiresOwnership\n","OutputType":"frame"}
{"Time":"2026-10-08T22:53:22.917969899Z","Action":"output","Package":"go.temporal.io/server/tools/gomad3/internal/preparation","Test":"TestInspectSourceFailedCloseRetiresOwnership","Output":"--- PASS: TestInspectSourceFailedCloseRetiresOwnership (0.00s)\n","OutputType":"frame"}
{"Time":"2026-10-08T22:53:22.918048941Z","Action":"pass","Package":"go.temporal.io/server/tools/gomad3/internal/preparation","Test":"TestInspectSourceFailedCloseRetiresOwnership","Elapsed":0}
{"Time":"2026-10-08T22:53:22.918086733Z","Action":"run","Package":"go.temporal.io/server/tools/gomad3/internal/preparation","Test":"TestInspectSourceRefusesCallerRootBeforeServices"}
{"Time":"2026-10-08T22:53:22.918145649Z","Action":"output","Package":"go.temporal.io/server/tools/gomad3/internal/preparation","Test":"TestInspectSourceRefusesCallerRootBeforeServices","Output":"=== RUN   TestInspectSourceRefusesCallerRootBeforeServices\n","OutputType":"frame"}
{"Time":"2026-10-08T22:53:22.918392691Z","Action":"output","Package":"go.temporal.io/server/tools/gomad3/internal/preparation","Test":"TestInspectSourceRefusesCallerRootBeforeServices","Output":"--- PASS: TestInspectSourceRefusesCallerRootBeforeServices (0.00s)\n","OutputType":"frame"}
{"Time":"2026-10-08T22:53:22.919622899Z","Action":"pass","Package":"go.temporal.io/server/tools/gomad3/internal/preparation","Test":"TestInspectSourceRefusesCallerRootBeforeServices","Elapsed":0}
{"Time":"2026-10-08T22:53:22.919690358Z","Action":"output","Package":"go.temporal.io/server/tools/gomad3/internal/preparation","Output":"PASS\n","OutputType":"frame"}
{"Time":"2026-10-08T22:53:22.919796441Z","Action":"output","Package":"go.temporal.io/server/tools/gomad3/internal/preparation","Output":"ok  \tgo.temporal.io/server/tools/gomad3/internal/preparation\t0.038s\n"}
{"Time":"2026-10-08T22:53:22.919836149Z","Action":"pass","Package":"go.temporal.io/server/tools/gomad3/internal/preparation","Elapsed":0.038}
{"Time":"2026-10-08T22:53:22.978234649Z","Action":"start","Package":"go.temporal.io/server/tools/gomad3/target"}
{"Time":"2026-10-08T22:53:22.983095149Z","Action":"run","Package":"go.temporal.io/server/tools/gomad3/target","Test":"TestReviewCapabilitiesSourceCommandBoundary"}
{"Time":"2026-10-08T22:53:22.983152483Z","Action":"output","Package":"go.temporal.io/server/tools/gomad3/target","Test":"TestReviewCapabilitiesSourceCommandBoundary","Output":"=== RUN   TestReviewCapabilitiesSourceCommandBoundary\n","OutputType":"frame"}
{"Time":"2026-10-08T22:53:22.983182108Z","Action":"run","Package":"go.temporal.io/server/tools/gomad3/target","Test":"TestReviewCapabilitiesSourceCommandBoundary/closure"}
{"Time":"2026-10-08T22:53:22.983204649Z","Action":"output","Package":"go.temporal.io/server/tools/gomad3/target","Test":"TestReviewCapabilitiesSourceCommandBoundary/closure","Output":"=== RUN   TestReviewCapabilitiesSourceCommandBoundary/closure\n","OutputType":"frame"}
{"Time":"2026-10-08T22:53:22.999172024Z","Action":"output","Package":"go.temporal.io/server/tools/gomad3/target","Test":"TestReviewCapabilitiesSourceCommandBoundary/closure","Output":"--- PASS: TestReviewCapabilitiesSourceCommandBoundary/closure (0.02s)\n","OutputType":"frame"}
{"Time":"2026-10-08T22:53:22.999344233Z","Action":"pass","Package":"go.temporal.io/server/tools/gomad3/target","Test":"TestReviewCapabilitiesSourceCommandBoundary/closure","Elapsed":0.02}
{"Time":"2026-10-08T22:53:22.999420941Z","Action":"run","Package":"go.temporal.io/server/tools/gomad3/target","Test":"TestReviewCapabilitiesSourceCommandBoundary/linked_run"}
{"Time":"2026-10-08T22:53:22.999511941Z","Action":"output","Package":"go.temporal.io/server/tools/gomad3/target","Test":"TestReviewCapabilitiesSourceCommandBoundary/linked_run","Output":"=== RUN   TestReviewCapabilitiesSourceCommandBoundary/linked_run\n","OutputType":"frame"}
{"Time":"2026-10-08T22:53:23.017545441Z","Action":"output","Package":"go.temporal.io/server/tools/gomad3/target","Test":"TestReviewCapabilitiesSourceCommandBoundary/linked_run","Output":"--- PASS: TestReviewCapabilitiesSourceCommandBoundary/linked_run (0.02s)\n","OutputType":"frame"}
{"Time":"2026-10-08T22:53:23.017643816Z","Action":"pass","Package":"go.temporal.io/server/tools/gomad3/target","Test":"TestReviewCapabilitiesSourceCommandBoundary/linked_run","Elapsed":0.02}
{"Time":"2026-10-08T22:53:23.017744524Z","Action":"run","Package":"go.temporal.io/server/tools/gomad3/target","Test":"TestReviewCapabilitiesSourceCommandBoundary/linked_test"}
{"Time":"2026-10-08T22:53:23.017775191Z","Action":"output","Package":"go.temporal.io/server/tools/gomad3/target","Test":"TestReviewCapabilitiesSourceCommandBoundary/linked_test","Output":"=== RUN   TestReviewCapabilitiesSourceCommandBoundary/linked_test\n","OutputType":"frame"}
{"Time":"2026-10-08T22:53:23.033188691Z","Action":"output","Package":"go.temporal.io/server/tools/gomad3/target","Test":"TestReviewCapabilitiesSourceCommandBoundary/linked_test","Output":"--- PASS: TestReviewCapabilitiesSourceCommandBoundary/linked_test (0.02s)\n","OutputType":"frame"}
{"Time":"2026-10-08T22:53:23.033283066Z","Action":"pass","Package":"go.temporal.io/server/tools/gomad3/target","Test":"TestReviewCapabilitiesSourceCommandBoundary/linked_test","Elapsed":0.02}
{"Time":"2026-10-08T22:53:23.033301191Z","Action":"run","Package":"go.temporal.io/server/tools/gomad3/target","Test":"TestReviewCapabilitiesSourceCommandBoundary/guarded"}
{"Time":"2026-10-08T22:53:23.033342024Z","Action":"output","Package":"go.temporal.io/server/tools/gomad3/target","Test":"TestReviewCapabilitiesSourceCommandBoundary/guarded","Output":"=== RUN   TestReviewCapabilitiesSourceCommandBoundary/guarded\n","OutputType":"frame"}
{"Time":"2026-10-08T22:53:23.047891899Z","Action":"output","Package":"go.temporal.io/server/tools/gomad3/target","Test":"TestReviewCapabilitiesSourceCommandBoundary/guarded","Output":"--- PASS: TestReviewCapabilitiesSourceCommandBoundary/guarded (0.01s)\n","OutputType":"frame"}
{"Time":"2026-10-08T22:53:23.047936816Z","Action":"pass","Package":"go.temporal.io/server/tools/gomad3/target","Test":"TestReviewCapabilitiesSourceCommandBoundary/guarded","Elapsed":0.01}
{"Time":"2026-10-08T22:53:23.047958941Z","Action":"run","Package":"go.temporal.io/server/tools/gomad3/target","Test":"TestReviewCapabilitiesSourceCommandBoundary/malformed_linked"}
{"Time":"2026-10-08T22:53:23.047976191Z","Action":"output","Package":"go.temporal.io/server/tools/gomad3/target","Test":"TestReviewCapabilitiesSourceCommandBoundary/malformed_linked","Output":"=== RUN   TestReviewCapabilitiesSourceCommandBoundary/malformed_linked\n","OutputType":"frame"}
{"Time":"2026-10-08T22:53:23.062964483Z","Action":"output","Package":"go.temporal.io/server/tools/gomad3/target","Test":"TestReviewCapabilitiesSourceCommandBoundary/malformed_linked","Output":"--- PASS: TestReviewCapabilitiesSourceCommandBoundary/malformed_linked (0.02s)\n","OutputType":"frame"}
{"Time":"2026-10-08T22:53:23.063000066Z","Action":"pass","Package":"go.temporal.io/server/tools/gomad3/target","Test":"TestReviewCapabilitiesSourceCommandBoundary/malformed_linked","Elapsed":0.02}
{"Time":"2026-10-08T22:53:23.063021483Z","Action":"run","Package":"go.temporal.io/server/tools/gomad3/target","Test":"TestReviewCapabilitiesSourceCommandBoundary/unsupported_linked_capacity"}
{"Time":"2026-10-08T22:53:23.063038441Z","Action":"output","Package":"go.temporal.io/server/tools/gomad3/target","Test":"TestReviewCapabilitiesSourceCommandBoundary/unsupported_linked_capacity","Output":"=== RUN   TestReviewCapabilitiesSourceCommandBoundary/unsupported_linked_capacity\n","OutputType":"frame"}
{"Time":"2026-10-08T22:53:23.087033858Z","Action":"output","Package":"go.temporal.io/server/tools/gomad3/target","Test":"TestReviewCapabilitiesSourceCommandBoundary/unsupported_linked_capacity","Output":"    capability_source_test.go:164: unsupported linked capacity = *errors.joinError prepare go-run target: exit status 1: \n","OutputType":"error"}
{"Time":"2026-10-08T22:53:23.095925899Z","Action":"output","Package":"go.temporal.io/server/tools/gomad3/target","Test":"TestReviewCapabilitiesSourceCommandBoundary/unsupported_linked_capacity","Output":"--- FAIL: TestReviewCapabilitiesSourceCommandBoundary/unsupported_linked_capacity (0.03s)\n","OutputType":"frame"}
{"Time":"2026-10-08T22:53:23.096042066Z","Action":"fail","Package":"go.temporal.io/server/tools/gomad3/target","Test":"TestReviewCapabilitiesSourceCommandBoundary/unsupported_linked_capacity","Elapsed":0.03}
{"Time":"2026-10-08T22:53:23.096093024Z","Action":"output","Package":"go.temporal.io/server/tools/gomad3/target","Test":"TestReviewCapabilitiesSourceCommandBoundary","Output":"--- FAIL: TestReviewCapabilitiesSourceCommandBoundary (0.11s)\n","OutputType":"frame"}
{"Time":"2026-10-08T22:53:23.096129524Z","Action":"fail","Package":"go.temporal.io/server/tools/gomad3/target","Test":"TestReviewCapabilitiesSourceCommandBoundary","Elapsed":0.11}
{"Time":"2026-10-08T22:53:23.096501066Z","Action":"output","Package":"go.temporal.io/server/tools/gomad3/target","Output":"FAIL\n","OutputType":"frame"}
{"Time":"2026-10-08T22:53:23.096962816Z","Action":"output","Package":"go.temporal.io/server/tools/gomad3/target","Output":"FAIL\tgo.temporal.io/server/tools/gomad3/target\t0.119s\n","OutputType":"frame"}
{"Time":"2026-10-08T22:53:23.097002024Z","Action":"fail","Package":"go.temporal.io/server/tools/gomad3/target","Elapsed":0.119}
{"Time":"2026-10-08T22:53:23.742125608Z","Action":"start","Package":"go.temporal.io/server/tools/gomad3/cmd/gomad/internal/cli"}
{"Time":"2026-10-08T22:53:23.7482299Z","Action":"run","Package":"go.temporal.io/server/tools/gomad3/cmd/gomad/internal/cli","Test":"TestAnalyzeSourceInspectionForwardsCompleteEvidence"}
{"Time":"2026-10-08T22:53:23.748305108Z","Action":"output","Package":"go.temporal.io/server/tools/gomad3/cmd/gomad/internal/cli","Test":"TestAnalyzeSourceInspectionForwardsCompleteEvidence","Output":"=== RUN   TestAnalyzeSourceInspectionForwardsCompleteEvidence\n","OutputType":"frame"}
{"Time":"2026-10-08T22:53:23.748553191Z","Action":"output","Package":"go.temporal.io/server/tools/gomad3/cmd/gomad/internal/cli","Test":"TestAnalyzeSourceInspectionForwardsCompleteEvidence","Output":"--- PASS: TestAnalyzeSourceInspectionForwardsCompleteEvidence (0.00s)\n","OutputType":"frame"}
{"Time":"2026-10-08T22:53:23.748601983Z","Action":"pass","Package":"go.temporal.io/server/tools/gomad3/cmd/gomad/internal/cli","Test":"TestAnalyzeSourceInspectionForwardsCompleteEvidence","Elapsed":0}
{"Time":"2026-10-08T22:53:23.748627983Z","Action":"run","Package":"go.temporal.io/server/tools/gomad3/cmd/gomad/internal/cli","Test":"TestAnalyzeSourcePublicHostRefusal"}
{"Time":"2026-10-08T22:53:23.74864265Z","Action":"output","Package":"go.temporal.io/server/tools/gomad3/cmd/gomad/internal/cli","Test":"TestAnalyzeSourcePublicHostRefusal","Output":"=== RUN   TestAnalyzeSourcePublicHostRefusal\n","OutputType":"frame"}
{"Time":"2026-10-08T22:53:23.749225066Z","Action":"output","Package":"go.temporal.io/server/tools/gomad3/cmd/gomad/internal/cli","Test":"TestAnalyzeSourcePublicHostRefusal","Output":"--- PASS: TestAnalyzeSourcePublicHostRefusal (0.00s)\n","OutputType":"frame"}
{"Time":"2026-10-08T22:53:23.749246358Z","Action":"pass","Package":"go.temporal.io/server/tools/gomad3/cmd/gomad/internal/cli","Test":"TestAnalyzeSourcePublicHostRefusal","Elapsed":0}
{"Time":"2026-10-08T22:53:23.7500099Z","Action":"output","Package":"go.temporal.io/server/tools/gomad3/cmd/gomad/internal/cli","Output":"PASS\n","OutputType":"frame"}
{"Time":"2026-10-08T22:53:23.750139191Z","Action":"output","Package":"go.temporal.io/server/tools/gomad3/cmd/gomad/internal/cli","Output":"ok  \tgo.temporal.io/server/tools/gomad3/cmd/gomad/internal/cli\t0.008s\n"}
{"Time":"2026-10-08T22:53:23.750163858Z","Action":"pass","Package":"go.temporal.io/server/tools/gomad3/cmd/gomad/internal/cli","Elapsed":0.008}
{"Time":"2026-10-08T22:53:23.786291025Z","Action":"start","Package":"go.temporal.io/server/tools/gomad3/cmd/gomadtool"}
{"Time":"2026-10-08T22:53:23.822762316Z","Action":"run","Package":"go.temporal.io/server/tools/gomad3/cmd/gomadtool","Test":"TestCompatibilityPackSourceUsagePreservesBytesAndWriteFailure"}
{"Time":"2026-10-08T22:53:23.822866608Z","Action":"output","Package":"go.temporal.io/server/tools/gomad3/cmd/gomadtool","Test":"TestCompatibilityPackSourceUsagePreservesBytesAndWriteFailure","Output":"=== RUN   TestCompatibilityPackSourceUsagePreservesBytesAndWriteFailure\n","OutputType":"frame"}
{"Time":"2026-10-08T22:53:23.823272441Z","Action":"run","Package":"go.temporal.io/server/tools/gomad3/cmd/gomadtool","Test":"TestCompatibilityPackSourceUsagePreservesBytesAndWriteFailure/no_command"}
{"Time":"2026-10-08T22:53:23.8234759Z","Action":"output","Package":"go.temporal.io/server/tools/gomad3/cmd/gomadtool","Test":"TestCompatibilityPackSourceUsagePreservesBytesAndWriteFailure/no_command","Output":"=== RUN   TestCompatibilityPackSourceUsagePreservesBytesAndWriteFailure/no_command\n","OutputType":"frame"}
{"Time":"2026-10-08T22:53:23.823522941Z","Action":"output","Package":"go.temporal.io/server/tools/gomad3/cmd/gomadtool","Test":"TestCompatibilityPackSourceUsagePreservesBytesAndWriteFailure/no_command","Output":"--- PASS: TestCompatibilityPackSourceUsagePreservesBytesAndWriteFailure/no_command (0.00s)\n","OutputType":"frame"}
{"Time":"2026-10-08T22:53:23.823590691Z","Action":"pass","Package":"go.temporal.io/server/tools/gomad3/cmd/gomadtool","Test":"TestCompatibilityPackSourceUsagePreservesBytesAndWriteFailure/no_command","Elapsed":0}
{"Time":"2026-10-08T22:53:23.8236124Z","Action":"run","Package":"go.temporal.io/server/tools/gomad3/cmd/gomadtool","Test":"TestCompatibilityPackSourceUsagePreservesBytesAndWriteFailure/unknown_command"}
{"Time":"2026-10-08T22:53:23.823646983Z","Action":"output","Package":"go.temporal.io/server/tools/gomad3/cmd/gomadtool","Test":"TestCompatibilityPackSourceUsagePreservesBytesAndWriteFailure/unknown_command","Output":"=== RUN   TestCompatibilityPackSourceUsagePreservesBytesAndWriteFailure/unknown_command\n","OutputType":"frame"}
{"Time":"2026-10-08T22:53:23.823691983Z","Action":"output","Package":"go.temporal.io/server/tools/gomad3/cmd/gomadtool","Test":"TestCompatibilityPackSourceUsagePreservesBytesAndWriteFailure/unknown_command","Output":"--- PASS: TestCompatibilityPackSourceUsagePreservesBytesAndWriteFailure/unknown_command (0.00s)\n","OutputType":"frame"}
{"Time":"2026-10-08T22:53:23.8238739Z","Action":"pass","Package":"go.temporal.io/server/tools/gomad3/cmd/gomadtool","Test":"TestCompatibilityPackSourceUsagePreservesBytesAndWriteFailure/unknown_command","Elapsed":0}
{"Time":"2026-10-08T22:53:23.823917941Z","Action":"run","Package":"go.temporal.io/server/tools/gomad3/cmd/gomadtool","Test":"TestCompatibilityPackSourceUsagePreservesBytesAndWriteFailure/no_command_closed_writer"}
{"Time":"2026-10-08T22:53:23.824032775Z","Action":"output","Package":"go.temporal.io/server/tools/gomad3/cmd/gomadtool","Test":"TestCompatibilityPackSourceUsagePreservesBytesAndWriteFailure/no_command_closed_writer","Output":"=== RUN   TestCompatibilityPackSourceUsagePreservesBytesAndWriteFailure/no_command_closed_writer\n","OutputType":"frame"}
{"Time":"2026-10-08T22:53:23.825269775Z","Action":"output","Package":"go.temporal.io/server/tools/gomad3/cmd/gomadtool","Test":"TestCompatibilityPackSourceUsagePreservesBytesAndWriteFailure/no_command_closed_writer","Output":"--- PASS: TestCompatibilityPackSourceUsagePreservesBytesAndWriteFailure/no_command_closed_writer (0.00s)\n","OutputType":"frame"}
{"Time":"2026-10-08T22:53:23.825305066Z","Action":"pass","Package":"go.temporal.io/server/tools/gomad3/cmd/gomadtool","Test":"TestCompatibilityPackSourceUsagePreservesBytesAndWriteFailure/no_command_closed_writer","Elapsed":0}
{"Time":"2026-10-08T22:53:23.825336441Z","Action":"run","Package":"go.temporal.io/server/tools/gomad3/cmd/gomadtool","Test":"TestCompatibilityPackSourceUsagePreservesBytesAndWriteFailure/unknown_command_closed_writer"}
{"Time":"2026-10-08T22:53:23.825358025Z","Action":"output","Package":"go.temporal.io/server/tools/gomad3/cmd/gomadtool","Test":"TestCompatibilityPackSourceUsagePreservesBytesAndWriteFailure/unknown_command_closed_writer","Output":"=== RUN   TestCompatibilityPackSourceUsagePreservesBytesAndWriteFailure/unknown_command_closed_writer\n","OutputType":"frame"}
{"Time":"2026-10-08T22:53:23.826522816Z","Action":"output","Package":"go.temporal.io/server/tools/gomad3/cmd/gomadtool","Test":"TestCompatibilityPackSourceUsagePreservesBytesAndWriteFailure/unknown_command_closed_writer","Output":"--- PASS: TestCompatibilityPackSourceUsagePreservesBytesAndWriteFailure/unknown_command_closed_writer (0.00s)\n","OutputType":"frame"}
{"Time":"2026-10-08T22:53:23.826576733Z","Action":"pass","Package":"go.temporal.io/server/tools/gomad3/cmd/gomadtool","Test":"TestCompatibilityPackSourceUsagePreservesBytesAndWriteFailure/unknown_command_closed_writer","Elapsed":0}
{"Time":"2026-10-08T22:53:23.826600358Z","Action":"output","Package":"go.temporal.io/server/tools/gomad3/cmd/gomadtool","Test":"TestCompatibilityPackSourceUsagePreservesBytesAndWriteFailure","Output":"--- PASS: TestCompatibilityPackSourceUsagePreservesBytesAndWriteFailure (0.00s)\n","OutputType":"frame"}
{"Time":"2026-10-08T22:53:23.826626858Z","Action":"pass","Package":"go.temporal.io/server/tools/gomad3/cmd/gomadtool","Test":"TestCompatibilityPackSourceUsagePreservesBytesAndWriteFailure","Elapsed":0}
{"Time":"2026-10-08T22:53:23.827094066Z","Action":"output","Package":"go.temporal.io/server/tools/gomad3/cmd/gomadtool","Output":"PASS\n","OutputType":"frame"}
{"Time":"2026-10-08T22:53:23.827261608Z","Action":"output","Package":"go.temporal.io/server/tools/gomad3/cmd/gomadtool","Output":"ok  \tgo.temporal.io/server/tools/gomad3/cmd/gomadtool\t0.041s\n"}
{"Time":"2026-10-08T22:53:23.82728765Z","Action":"pass","Package":"go.temporal.io/server/tools/gomad3/cmd/gomadtool","Elapsed":0.041}
