{"Time":"2026-10-08T22:23:43.693996842Z","Action":"start","Package":"go.temporal.io/server/tools/gomad3/internal/preparation"}
{"Time":"2026-10-08T22:23:43.698444217Z","Action":"run","Package":"go.temporal.io/server/tools/gomad3/internal/preparation","Test":"TestInspectSourceOwnsWorkspaceAndCompleteEvidence"}
{"Time":"2026-10-08T22:23:43.698497509Z","Action":"output","Package":"go.temporal.io/server/tools/gomad3/internal/preparation","Test":"TestInspectSourceOwnsWorkspaceAndCompleteEvidence","Output":"=== RUN   TestInspectSourceOwnsWorkspaceAndCompleteEvidence\n","OutputType":"frame"}
{"Time":"2026-10-08T22:23:43.698855759Z","Action":"output","Package":"go.temporal.io/server/tools/gomad3/internal/preparation","Test":"TestInspectSourceOwnsWorkspaceAndCompleteEvidence","Output":"--- PASS: TestInspectSourceOwnsWorkspaceAndCompleteEvidence (0.00s)\n","OutputType":"frame"}
{"Time":"2026-10-08T22:23:43.698900759Z","Action":"pass","Package":"go.temporal.io/server/tools/gomad3/internal/preparation","Test":"TestInspectSourceOwnsWorkspaceAndCompleteEvidence","Elapsed":0}
{"Time":"2026-10-08T22:23:43.698926467Z","Action":"run","Package":"go.temporal.io/server/tools/gomad3/internal/preparation","Test":"TestInspectSourcePreservesStageAndPrimaryErrors"}
{"Time":"2026-10-08T22:23:43.698950467Z","Action":"output","Package":"go.temporal.io/server/tools/gomad3/internal/preparation","Test":"TestInspectSourcePreservesStageAndPrimaryErrors","Output":"=== RUN   TestInspectSourcePreservesStageAndPrimaryErrors\n","OutputType":"frame"}
{"Time":"2026-10-08T22:23:43.698966134Z","Action":"run","Package":"go.temporal.io/server/tools/gomad3/internal/preparation","Test":"TestInspectSourcePreservesStageAndPrimaryErrors/invalid_adapter"}
{"Time":"2026-10-08T22:23:43.698987426Z","Action":"output","Package":"go.temporal.io/server/tools/gomad3/internal/preparation","Test":"TestInspectSourcePreservesStageAndPrimaryErrors/invalid_adapter","Output":"=== RUN   TestInspectSourcePreservesStageAndPrimaryErrors/invalid_adapter\n","OutputType":"frame"}
{"Time":"2026-10-08T22:23:43.699234009Z","Action":"output","Package":"go.temporal.io/server/tools/gomad3/internal/preparation","Test":"TestInspectSourcePreservesStageAndPrimaryErrors/invalid_adapter","Output":"--- PASS: TestInspectSourcePreservesStageAndPrimaryErrors/invalid_adapter (0.00s)\n","OutputType":"frame"}
{"Time":"2026-10-08T22:23:43.699262717Z","Action":"pass","Package":"go.temporal.io/server/tools/gomad3/internal/preparation","Test":"TestInspectSourcePreservesStageAndPrimaryErrors/invalid_adapter","Elapsed":0}
{"Time":"2026-10-08T22:23:43.699277384Z","Action":"run","Package":"go.temporal.io/server/tools/gomad3/internal/preparation","Test":"TestInspectSourcePreservesStageAndPrimaryErrors/invalid_review"}
{"Time":"2026-10-08T22:23:43.699292509Z","Action":"output","Package":"go.temporal.io/server/tools/gomad3/internal/preparation","Test":"TestInspectSourcePreservesStageAndPrimaryErrors/invalid_review","Output":"=== RUN   TestInspectSourcePreservesStageAndPrimaryErrors/invalid_review\n","OutputType":"frame"}
{"Time":"2026-10-08T22:23:43.699522509Z","Action":"output","Package":"go.temporal.io/server/tools/gomad3/internal/preparation","Test":"TestInspectSourcePreservesStageAndPrimaryErrors/invalid_review","Output":"--- PASS: TestInspectSourcePreservesStageAndPrimaryErrors/invalid_review (0.00s)\n","OutputType":"frame"}
{"Time":"2026-10-08T22:23:43.699557301Z","Action":"pass","Package":"go.temporal.io/server/tools/gomad3/internal/preparation","Test":"TestInspectSourcePreservesStageAndPrimaryErrors/invalid_review","Elapsed":0}
{"Time":"2026-10-08T22:23:43.699582259Z","Action":"run","Package":"go.temporal.io/server/tools/gomad3/internal/preparation","Test":"TestInspectSourcePreservesStageAndPrimaryErrors/unsupported"}
{"Time":"2026-10-08T22:23:43.699609092Z","Action":"output","Package":"go.temporal.io/server/tools/gomad3/internal/preparation","Test":"TestInspectSourcePreservesStageAndPrimaryErrors/unsupported","Output":"=== RUN   TestInspectSourcePreservesStageAndPrimaryErrors/unsupported\n","OutputType":"frame"}
{"Time":"2026-10-08T22:23:43.700044676Z","Action":"output","Package":"go.temporal.io/server/tools/gomad3/internal/preparation","Test":"TestInspectSourcePreservesStageAndPrimaryErrors/unsupported","Output":"--- PASS: TestInspectSourcePreservesStageAndPrimaryErrors/unsupported (0.00s)\n","OutputType":"frame"}
{"Time":"2026-10-08T22:23:43.700113926Z","Action":"pass","Package":"go.temporal.io/server/tools/gomad3/internal/preparation","Test":"TestInspectSourcePreservesStageAndPrimaryErrors/unsupported","Elapsed":0}
{"Time":"2026-10-08T22:23:43.700137967Z","Action":"run","Package":"go.temporal.io/server/tools/gomad3/internal/preparation","Test":"TestInspectSourcePreservesStageAndPrimaryErrors/malformed_linked"}
{"Time":"2026-10-08T22:23:43.700163926Z","Action":"output","Package":"go.temporal.io/server/tools/gomad3/internal/preparation","Test":"TestInspectSourcePreservesStageAndPrimaryErrors/malformed_linked","Output":"=== RUN   TestInspectSourcePreservesStageAndPrimaryErrors/malformed_linked\n","OutputType":"frame"}
{"Time":"2026-10-08T22:23:43.700298217Z","Action":"output","Package":"go.temporal.io/server/tools/gomad3/internal/preparation","Test":"TestInspectSourcePreservesStageAndPrimaryErrors/malformed_linked","Output":"--- PASS: TestInspectSourcePreservesStageAndPrimaryErrors/malformed_linked (0.00s)\n","OutputType":"frame"}
{"Time":"2026-10-08T22:23:43.700334801Z","Action":"pass","Package":"go.temporal.io/server/tools/gomad3/internal/preparation","Test":"TestInspectSourcePreservesStageAndPrimaryErrors/malformed_linked","Elapsed":0}
{"Time":"2026-10-08T22:23:43.700358009Z","Action":"output","Package":"go.temporal.io/server/tools/gomad3/internal/preparation","Test":"TestInspectSourcePreservesStageAndPrimaryErrors","Output":"--- PASS: TestInspectSourcePreservesStageAndPrimaryErrors (0.00s)\n","OutputType":"frame"}
{"Time":"2026-10-08T22:23:43.700380217Z","Action":"pass","Package":"go.temporal.io/server/tools/gomad3/internal/preparation","Test":"TestInspectSourcePreservesStageAndPrimaryErrors","Elapsed":0}
{"Time":"2026-10-08T22:23:43.700396467Z","Action":"run","Package":"go.temporal.io/server/tools/gomad3/internal/preparation","Test":"TestInspectSourceFailedCloseRetiresOwnership"}
{"Time":"2026-10-08T22:23:43.700419717Z","Action":"output","Package":"go.temporal.io/server/tools/gomad3/internal/preparation","Test":"TestInspectSourceFailedCloseRetiresOwnership","Output":"=== RUN   TestInspectSourceFailedCloseRetiresOwnership\n","OutputType":"frame"}
{"Time":"2026-10-08T22:23:43.700786592Z","Action":"output","Package":"go.temporal.io/server/tools/gomad3/internal/preparation","Test":"TestInspectSourceFailedCloseRetiresOwnership","Output":"--- PASS: TestInspectSourceFailedCloseRetiresOwnership (0.00s)\n","OutputType":"frame"}
{"Time":"2026-10-08T22:23:43.700821717Z","Action":"pass","Package":"go.temporal.io/server/tools/gomad3/internal/preparation","Test":"TestInspectSourceFailedCloseRetiresOwnership","Elapsed":0}
{"Time":"2026-10-08T22:23:43.700838717Z","Action":"run","Package":"go.temporal.io/server/tools/gomad3/internal/preparation","Test":"TestInspectSourceRefusesCallerRootBeforeServices"}
{"Time":"2026-10-08T22:23:43.700856259Z","Action":"output","Package":"go.temporal.io/server/tools/gomad3/internal/preparation","Test":"TestInspectSourceRefusesCallerRootBeforeServices","Output":"=== RUN   TestInspectSourceRefusesCallerRootBeforeServices\n","OutputType":"frame"}
{"Time":"2026-10-08T22:23:43.701128217Z","Action":"output","Package":"go.temporal.io/server/tools/gomad3/internal/preparation","Test":"TestInspectSourceRefusesCallerRootBeforeServices","Output":"--- PASS: TestInspectSourceRefusesCallerRootBeforeServices (0.00s)\n","OutputType":"frame"}
{"Time":"2026-10-08T22:23:43.701155134Z","Action":"pass","Package":"go.temporal.io/server/tools/gomad3/internal/preparation","Test":"TestInspectSourceRefusesCallerRootBeforeServices","Elapsed":0}
{"Time":"2026-10-08T22:23:43.701181301Z","Action":"output","Package":"go.temporal.io/server/tools/gomad3/internal/preparation","Output":"PASS\n","OutputType":"frame"}
{"Time":"2026-10-08T22:23:43.701380259Z","Action":"output","Package":"go.temporal.io/server/tools/gomad3/internal/preparation","Output":"ok  \tgo.temporal.io/server/tools/gomad3/internal/preparation\t0.007s\n"}
{"Time":"2026-10-08T22:23:43.701419134Z","Action":"pass","Package":"go.temporal.io/server/tools/gomad3/internal/preparation","Elapsed":0.007}
