{"Time":"2026-10-08T22:47:33.661447399Z","Action":"start","Package":"go.temporal.io/server/tools/gomad3/internal/preparation"}
{"Time":"2026-10-08T22:47:33.670480274Z","Action":"run","Package":"go.temporal.io/server/tools/gomad3/internal/preparation","Test":"TestInspectClosureDoesNotBuildOrLaunch"}
{"Time":"2026-10-08T22:47:33.670588816Z","Action":"output","Package":"go.temporal.io/server/tools/gomad3/internal/preparation","Test":"TestInspectClosureDoesNotBuildOrLaunch","Output":"=== RUN   TestInspectClosureDoesNotBuildOrLaunch\n","OutputType":"frame"}
{"Time":"2026-10-08T22:47:33.755294274Z","Action":"output","Package":"go.temporal.io/server/tools/gomad3/internal/preparation","Test":"TestInspectClosureDoesNotBuildOrLaunch","Output":"--- PASS: TestInspectClosureDoesNotBuildOrLaunch (0.08s)\n","OutputType":"frame"}
{"Time":"2026-10-08T22:47:33.755457858Z","Action":"pass","Package":"go.temporal.io/server/tools/gomad3/internal/preparation","Test":"TestInspectClosureDoesNotBuildOrLaunch","Elapsed":0.08}
{"Time":"2026-10-08T22:47:33.759451483Z","Action":"run","Package":"go.temporal.io/server/tools/gomad3/internal/preparation","Test":"TestInspectRejectsCallerRootAndPreservesReviewClassificationOnCleanupFailure"}
{"Time":"2026-10-08T22:47:33.759751941Z","Action":"output","Package":"go.temporal.io/server/tools/gomad3/internal/preparation","Test":"TestInspectRejectsCallerRootAndPreservesReviewClassificationOnCleanupFailure","Output":"=== RUN   TestInspectRejectsCallerRootAndPreservesReviewClassificationOnCleanupFailure\n","OutputType":"frame"}
{"Time":"2026-10-08T22:47:33.761322816Z","Action":"output","Package":"go.temporal.io/server/tools/gomad3/internal/preparation","Test":"TestInspectRejectsCallerRootAndPreservesReviewClassificationOnCleanupFailure","Output":"--- PASS: TestInspectRejectsCallerRootAndPreservesReviewClassificationOnCleanupFailure (0.01s)\n","OutputType":"frame"}
{"Time":"2026-10-08T22:47:33.761401483Z","Action":"pass","Package":"go.temporal.io/server/tools/gomad3/internal/preparation","Test":"TestInspectRejectsCallerRootAndPreservesReviewClassificationOnCleanupFailure","Elapsed":0.01}
{"Time":"2026-10-08T22:47:33.761579649Z","Action":"run","Package":"go.temporal.io/server/tools/gomad3/internal/preparation","Test":"TestInspectCloseSurfacesCleanupFailure"}
{"Time":"2026-10-08T22:47:33.763136774Z","Action":"output","Package":"go.temporal.io/server/tools/gomad3/internal/preparation","Test":"TestInspectCloseSurfacesCleanupFailure","Output":"=== RUN   TestInspectCloseSurfacesCleanupFailure\n","OutputType":"frame"}
{"Time":"2026-10-08T22:47:33.851443524Z","Action":"output","Package":"go.temporal.io/server/tools/gomad3/internal/preparation","Test":"TestInspectCloseSurfacesCleanupFailure","Output":"--- PASS: TestInspectCloseSurfacesCleanupFailure (0.09s)\n","OutputType":"frame"}
{"Time":"2026-10-08T22:47:33.851566983Z","Action":"pass","Package":"go.temporal.io/server/tools/gomad3/internal/preparation","Test":"TestInspectCloseSurfacesCleanupFailure","Elapsed":0.09}
{"Time":"2026-10-08T22:47:33.851676066Z","Action":"run","Package":"go.temporal.io/server/tools/gomad3/internal/preparation","Test":"TestInspectPreservesInvalidAdapterSum"}
{"Time":"2026-10-08T22:47:33.861321066Z","Action":"output","Package":"go.temporal.io/server/tools/gomad3/internal/preparation","Test":"TestInspectPreservesInvalidAdapterSum","Output":"=== RUN   TestInspectPreservesInvalidAdapterSum\n","OutputType":"frame"}
{"Time":"2026-10-08T22:47:33.868130149Z","Action":"output","Package":"go.temporal.io/server/tools/gomad3/internal/preparation","Test":"TestInspectPreservesInvalidAdapterSum","Output":"--- PASS: TestInspectPreservesInvalidAdapterSum (0.02s)\n","OutputType":"frame"}
{"Time":"2026-10-08T22:47:33.868210691Z","Action":"pass","Package":"go.temporal.io/server/tools/gomad3/internal/preparation","Test":"TestInspectPreservesInvalidAdapterSum","Elapsed":0.02}
{"Time":"2026-10-08T22:47:33.868248358Z","Action":"run","Package":"go.temporal.io/server/tools/gomad3/internal/preparation","Test":"TestInspectRetainsUnsupportedClosureClassification"}
{"Time":"2026-10-08T22:47:33.868594441Z","Action":"output","Package":"go.temporal.io/server/tools/gomad3/internal/preparation","Test":"TestInspectRetainsUnsupportedClosureClassification","Output":"=== RUN   TestInspectRetainsUnsupportedClosureClassification\n","OutputType":"frame"}
{"Time":"2026-10-08T22:47:34.1456544Z","Action":"output","Package":"go.temporal.io/server/tools/gomad3/internal/preparation","Test":"TestInspectRetainsUnsupportedClosureClassification","Output":"--- PASS: TestInspectRetainsUnsupportedClosureClassification (0.28s)\n","OutputType":"frame"}
{"Time":"2026-10-08T22:47:34.145761733Z","Action":"pass","Package":"go.temporal.io/server/tools/gomad3/internal/preparation","Test":"TestInspectRetainsUnsupportedClosureClassification","Elapsed":0.28}
{"Time":"2026-10-08T22:47:34.14586965Z","Action":"output","Package":"go.temporal.io/server/tools/gomad3/internal/preparation","Output":"PASS\n","OutputType":"frame"}
{"Time":"2026-10-08T22:47:34.150677233Z","Action":"output","Package":"go.temporal.io/server/tools/gomad3/internal/preparation","Output":"ok  \tgo.temporal.io/server/tools/gomad3/internal/preparation\t0.489s\n"}
{"Time":"2026-10-08T22:47:34.150781983Z","Action":"pass","Package":"go.temporal.io/server/tools/gomad3/internal/preparation","Elapsed":0.489}
