level=info msg="golangci-lint has version 2.13.0 built with go1.27.1 from (unknown, modified: ?, mod sum: \"h1:n/YR8sCuTAfjwKLHOU0q63X2e4tObi1PCNOz+HXJ3cE=\") on (unknown)"
level=info msg="[config_reader] Used config file .github/.golangci.yml"
level=info msg="[config_reader] Module name \"go.temporal.io/server\""
level=info msg="[goenv] Read go env for 1.193125ms: map[string]string{\"GOCACHE\":\"/home/agent/.cache/go-build\", \"GOROOT\":\"/home/agent/go/pkg/mod/golang.org/toolchain@v0.0.1-go1.27.1.linux-arm64\"}"
level=info msg="[lintersdb] Active 13 linters: [depguard errcheck exhaustive forbidigo gci godox goimports govet importas iotamixing revive staticcheck testifylint]"
level=info msg="[loader] Using build tags: [test_dep]"
level=info msg="[loader] Go packages loading at mode 8767 (name|types_sizes|exports_file|compiled_files|deps|files|imports) took 100.79475ms"
level=info msg="[runner/filename_unadjuster] Pre-built 0 adjustments in 10.248584ms"
level=info msg="[linters_context/goanalysis] analyzers took 0s with no stages"
level=info msg="[runner/exclusion_paths] Skipped 0 issues by pattern \"^api\""
level=info msg="[runner/exclusion_paths] Skipped 0 issues by pattern \"^proto\""
level=info msg="[runner/exclusion_paths] Skipped 0 issues by pattern \"^.git\""
level=info msg="[runner/exclusion_rules] Skipped 64 issues by rules: [Path: \"^tools\\\\/.+\\\\.go\", Linters: \"revive\"]"
level=info msg="[runner/exclusion_rules] Skipped 0 issues by rules: [Text: \"SA1019: go.temporal.io/server/service/history/hsm/(callbacks|nexusoperations) is deprecated\", Linters: \"staticcheck\"]"
level=info msg="[runner/exclusion_rules] Skipped 0 issues by rules: [Text: \"time.Now\", Path Except: \"chasm/lib/.*\\\\.go$\", Linters: \"forbidigo\"]"
level=info msg="[runner/exclusion_rules] Skipped 0 issues by rules: [Text: \"time.Now\", Path: \"chasm/lib/.*_test\\\\.go$\", Linters: \"forbidigo\"]"
level=info msg="[runner/exclusion_rules] Skipped 1 issues by rules: [Text: \"panic\", Path: \"_test\\\\.go|tests/.+\\\\.go|common/testing/\", Linters: \"forbidigo\"]"
level=info msg="[runner/exclusion_rules] Skipped 0 issues by rules: [Text: \"panic\", Path: \"chasm/lib/activity/model/.*\\\\.go$\", Linters: \"forbidigo\"]"
level=info msg="[runner/exclusion_rules] Skipped 0 issues by rules: [Text: \"(dot-imports|unchecked-type-assertion)\", Path: \"_test\\\\.go|tests/.+\\\\.go|common/testing/\", Linters: \"revive\"]"
level=info msg="[runner/exclusion_rules] Skipped 0 issues by rules: [Text: \"Unix|UnixMilli|UnixNano\", Path Except: \"common/persistence/cassandra/.*\\\\.go$\", Linters: \"forbidigo\"]"
level=info msg="[runner/exclusion_rules] Skipped 0 issues by rules: [Text: \"ActiveInCluster\", Path: \"common/namespace/(namespace|replication_resolver)(_test)?\\\\.go$\", Linters: \"forbidigo\"]"
level=info msg="[runner/exclusion_rules] Skipped 0 issues by rules: [Text: \"context.Background\", Path Except: \"tests/.+_test\\\\.go\", Linters: \"forbidigo\"]"
level=info msg="[runner/exclusion_rules] Skipped 0 issues by rules: [Text: \"use of `softassert\\\\.\\\\w+`\", Linters: \"forbidigo\"]"
level=info msg="[runner/exclusion_rules] Skipped 0 issues by rules: [Text: \"time.Sleep\", Path Except: \"_test\\\\.go|tests/.+\\\\.go\", Linters: \"forbidigo\"]"
level=info msg="[runner/exclusion_rules] Skipped 0 issues by rules: [Text: \"Unix|UnixMilli|UnixNano\", Path: \"_test\\\\.go$\", Linters: \"forbidigo\"]"
level=info msg="[runner/exclusion_rules] Skipped 0 issues by rules: [Text: \"FunctionalTestBase\", Path: \"tests/testcore/.*\\\\.go$\", Linters: \"forbidigo\"]"
level=info msg="[runner/exclusion_rules] Skipped 1 issues by rules: [Text: \"(cyclomatic|cognitive)\", Path: \"_test\\\\.go|tests/.+\\\\.go|common/testing/\", Linters: \"revive\"]"
level=info msg="[runner/exclusion_rules] Skipped 0 issues by rules: [Text: \"^use of `panic` forbidden because \\\"Please avoid using panic in application code\\\"$\", Source: \"^\\\\t\\\\tpanic\\\\(\\\"gomad3: completed (an inactive campaign attempt|a campaign attempt without a classification)\\\"\\\\)$\", Path: \"^tools/gomad3/runner/internal/campaign/controller\\\\.go$\", Linters: \"forbidigo\"]"
level=info msg="[runner/exclusion_rules] Skipped 0 issues by rules: [Text: \"Eventually\", Path: \"tests/(nexus_standalone|nexus_workflow|schedule|schedule_migration)_test\\\\.go$\", Linters: \"forbidigo\"]"
level=info msg="[runner/exclusion_rules] Skipped 0 issues by rules: [Text: \"assert\\\\.CollectT\", Path: \"tests/(nexus_standalone|nexus_workflow)_test\\\\.go$\", Linters: \"forbidigo\"]"
level=info msg="[runner] Issues before processing: 66, after processing: 0"
level=info msg="[runner] Processors filtering stat (in/out): generated_file_filter: 66/66, invalid_issue: 66/66, path_absoluter: 66/66, filename_unadjuster: 66/66, path_relativity: 66/66, exclusion_rules: 66/0, cgo: 66/66, exclusion_paths: 66/66"
level=info msg="[runner] processing took 2.395633503s with stages: diff: 2.394089375s, generated_file_filter: 1.095541ms, exclusion_rules: 354.875µs, exclusion_paths: 49.584µs, path_relativity: 34.334µs, invalid_issue: 2.084µs, sort_results: 1.999µs, cgo: 1.625µs, max_same_issues: 1.083µs, nolint_filter: 791ns, path_absoluter: 543ns, filename_unadjuster: 459ns, fixer: 374ns, max_from_linter: 167ns, uniq_by_line: 166ns, path_prettifier: 126ns, source_code: 126ns, severity-rules: 84ns, path_shortener: 84ns, max_per_file_from_linter: 83ns"
level=info msg="[runner] linters took 2.498704376s with stages: goanalysis_metalinter: 103.013417ms"
level=info msg="File cache stats: 0 entries of total size 0B"
level=info msg="Memory: 28 samples, avg is 184.5MB, max is 394.1MB"
level=info msg="Execution took 2.613639793s"
level=info msg="golangci-lint has version 2.13.0 built with go1.27.1 from (unknown, modified: ?, mod sum: \"h1:n/YR8sCuTAfjwKLHOU0q63X2e4tObi1PCNOz+HXJ3cE=\") on (unknown)"
level=info msg="[config_reader] Used config file ../../.github/.golangci.yml"
level=info msg="[config_reader] Module name \"go.temporal.io/server/tools/gomad3\""
level=info msg="[goenv] Read go env for 1.339ms: map[string]string{\"GOCACHE\":\"/home/agent/.cache/go-build\", \"GOROOT\":\"/home/agent/go/pkg/mod/golang.org/toolchain@v0.0.1-go1.27.1.linux-arm64\"}"
level=info msg="[lintersdb] Active 13 linters: [depguard errcheck exhaustive forbidigo gci godox goimports govet importas iotamixing revive staticcheck testifylint]"
level=info msg="[loader] Using build tags: [test_dep]"
level=info msg="[loader] Go packages loading at mode 8767 (compiled_files|deps|files|imports|types_sizes|exports_file|name) took 350.308625ms"
level=info msg="[runner/filename_unadjuster] Pre-built 0 adjustments in 93.706291ms"
level=info msg="[linters_context/goanalysis] analyzers took 0s with no stages"
level=info msg="[runner/exclusion_paths] Skipped 0 issues by pattern \"^api\""
level=info msg="[runner/exclusion_paths] Skipped 0 issues by pattern \"^proto\""
level=info msg="[runner/exclusion_paths] Skipped 0 issues by pattern \"^.git\""
level=info msg="[runner/exclusion_rules] Skipped 74 issues by rules: [Text: \"time.Now\", Path Except: \"chasm/lib/.*\\\\.go$\", Linters: \"forbidigo\"]"
level=info msg="[runner/exclusion_rules] Skipped 0 issues by rules: [Text: \"Unix|UnixMilli|UnixNano\", Path: \"_test\\\\.go$\", Linters: \"forbidigo\"]"
level=info msg="[runner/exclusion_rules] Skipped 0 issues by rules: [Text: \"FunctionalTestBase\", Path: \"tests/testcore/.*\\\\.go$\", Linters: \"forbidigo\"]"
level=info msg="[runner/exclusion_rules] Skipped 0 issues by rules: [Text: \"context.Background\", Path Except: \"tests/.+_test\\\\.go\", Linters: \"forbidigo\"]"
level=info msg="[runner/exclusion_rules] Skipped 186 issues by rules: [Text: \"(cyclomatic|cognitive)\", Path: \"_test\\\\.go|tests/.+\\\\.go|common/testing/\", Linters: \"revive\"]"
level=info msg="[runner/exclusion_rules] Skipped 2 issues by rules: [Text: \"^use of `panic` forbidden because \\\"Please avoid using panic in application code\\\"$\", Source: \"^\\\\t\\\\tpanic\\\\(\\\"gomad3: completed (an inactive campaign attempt|a campaign attempt without a classification)\\\"\\\\)$\", Path: \"^tools/gomad3/runner/internal/campaign/controller\\\\.go$\", Linters: \"forbidigo\"]"
level=info msg="[runner/exclusion_rules] Skipped 3 issues by rules: [Text: \"time.Sleep\", Path Except: \"_test\\\\.go|tests/.+\\\\.go\", Linters: \"forbidigo\"]"
level=info msg="[runner/exclusion_rules] Skipped 1 issues by rules: [Text: \"Unix|UnixMilli|UnixNano\", Path Except: \"common/persistence/cassandra/.*\\\\.go$\", Linters: \"forbidigo\"]"
level=info msg="[runner/exclusion_rules] Skipped 0 issues by rules: [Text: \"ActiveInCluster\", Path: \"common/namespace/(namespace|replication_resolver)(_test)?\\\\.go$\", Linters: \"forbidigo\"]"
level=info msg="[runner/exclusion_rules] Skipped 0 issues by rules: [Text: \"use of `softassert\\\\.\\\\w+`\", Linters: \"forbidigo\"]"
level=info msg="[runner/exclusion_rules] Skipped 10 issues by rules: [Text: \"(dot-imports|unchecked-type-assertion)\", Path: \"_test\\\\.go|tests/.+\\\\.go|common/testing/\", Linters: \"revive\"]"
level=info msg="[runner/exclusion_rules] Skipped 0 issues by rules: [Text: \"time.Now\", Path: \"chasm/lib/.*_test\\\\.go$\", Linters: \"forbidigo\"]"
level=info msg="[runner/exclusion_rules] Skipped 7 issues by rules: [Text: \"panic\", Path: \"_test\\\\.go|tests/.+\\\\.go|common/testing/\", Linters: \"forbidigo\"]"
level=info msg="[runner/exclusion_rules] Skipped 0 issues by rules: [Text: \"Eventually\", Path: \"tests/(nexus_standalone|nexus_workflow|schedule|schedule_migration)_test\\\\.go$\", Linters: \"forbidigo\"]"
level=info msg="[runner/exclusion_rules] Skipped 0 issues by rules: [Text: \"SA1019: go.temporal.io/server/service/history/hsm/(callbacks|nexusoperations) is deprecated\", Linters: \"staticcheck\"]"
level=info msg="[runner/exclusion_rules] Skipped 0 issues by rules: [Text: \"panic\", Path: \"chasm/lib/activity/model/.*\\\\.go$\", Linters: \"forbidigo\"]"
level=info msg="[runner/exclusion_rules] Skipped 0 issues by rules: [Text: \"assert\\\\.CollectT\", Path: \"tests/(nexus_standalone|nexus_workflow)_test\\\\.go$\", Linters: \"forbidigo\"]"
level=info msg="[runner/exclusion_rules] Skipped 1376 issues by rules: [Path: \"^tools\\\\/.+\\\\.go\", Linters: \"revive\"]"
level=info msg="[runner] Issues before processing: 1923, after processing: 68"
level=info msg="[runner] Processors filtering stat (in/out): path_shortener: 68/68, fixer: 68/68, max_same_issues: 68/68, severity-rules: 68/68, path_absoluter: 1923/1923, filename_unadjuster: 1923/1923, path_relativity: 1923/1923, exclusion_rules: 1923/264, exclusion_paths: 1923/1923, generated_file_filter: 1923/1923, uniq_by_line: 68/68, max_per_file_from_linter: 68/68, max_from_linter: 68/68, source_code: 68/68, path_prettifier: 68/68, sort_results: 68/68, cgo: 1923/1923, invalid_issue: 1923/1923, nolint_filter: 264/263, diff: 263/68"
level=info msg="[runner] processing took 267.729664ms with stages: diff: 217.020334ms, nolint_filter: 25.058709ms, generated_file_filter: 16.209667ms, exclusion_rules: 6.595917ms, source_code: 1.361583ms, path_relativity: 1.144291ms, exclusion_paths: 199.582µs, invalid_issue: 41.459µs, cgo: 38.375µs, sort_results: 16.917µs, path_absoluter: 14.291µs, uniq_by_line: 9.458µs, filename_unadjuster: 7.749µs, path_shortener: 7.25µs, max_per_file_from_linter: 1.707µs, max_same_issues: 958ns, path_prettifier: 750ns, fixer: 376ns, max_from_linter: 167ns, severity-rules: 124ns"
level=info msg="[runner] linters took 380.060208ms with stages: goanalysis_metalinter: 112.262375ms"
level=info msg="File cache stats: 15 entries of total size 208.3KiB"
level=info msg="Memory: 10 samples, avg is 63.9MB, max is 84.0MB"
level=info msg="Execution took 828.948084ms"
make[1]: *** [Makefile:505: lint-code] Error 1
lint module tools/gomad3: exit status 2
exit status 1
make: *** [Makefile:495: lint-code-fast] Error 1
