{"Time":"2026-10-08T12:27:41.337723175Z","Action":"start","Package":"go.temporal.io/server/tools/gomad3"}
{"Time":"2026-10-08T12:27:41.351220925Z","Action":"run","Package":"go.temporal.io/server/tools/gomad3","Test":"TestArchitectureInventoryFixtures"}
{"Time":"2026-10-08T12:27:41.3512748Z","Action":"output","Package":"go.temporal.io/server/tools/gomad3","Test":"TestArchitectureInventoryFixtures","Output":"=== RUN   TestArchitectureInventoryFixtures\n","OutputType":"frame"}
{"Time":"2026-10-08T12:27:41.351360716Z","Action":"run","Package":"go.temporal.io/server/tools/gomad3","Test":"TestArchitectureInventoryFixtures/root-production"}
{"Time":"2026-10-08T12:27:41.351433758Z","Action":"output","Package":"go.temporal.io/server/tools/gomad3","Test":"TestArchitectureInventoryFixtures/root-production","Output":"=== RUN   TestArchitectureInventoryFixtures/root-production\n","OutputType":"frame"}
{"Time":"2026-10-08T12:27:41.382725092Z","Action":"output","Package":"go.temporal.io/server/tools/gomad3","Test":"TestArchitectureInventoryFixtures/root-production","Output":"--- PASS: TestArchitectureInventoryFixtures/root-production (0.03s)\n","OutputType":"frame"}
{"Time":"2026-10-08T12:27:41.382765925Z","Action":"pass","Package":"go.temporal.io/server/tools/gomad3","Test":"TestArchitectureInventoryFixtures/root-production","Elapsed":0.03}
{"Time":"2026-10-08T12:27:41.382790342Z","Action":"run","Package":"go.temporal.io/server/tools/gomad3","Test":"TestArchitectureInventoryFixtures/hidden-production"}
{"Time":"2026-10-08T12:27:41.382798383Z","Action":"output","Package":"go.temporal.io/server/tools/gomad3","Test":"TestArchitectureInventoryFixtures/hidden-production","Output":"=== RUN   TestArchitectureInventoryFixtures/hidden-production\n","OutputType":"frame"}
{"Time":"2026-10-08T12:27:41.412500258Z","Action":"output","Package":"go.temporal.io/server/tools/gomad3","Test":"TestArchitectureInventoryFixtures/hidden-production","Output":"--- PASS: TestArchitectureInventoryFixtures/hidden-production (0.03s)\n","OutputType":"frame"}
{"Time":"2026-10-08T12:27:41.4125648Z","Action":"pass","Package":"go.temporal.io/server/tools/gomad3","Test":"TestArchitectureInventoryFixtures/hidden-production","Elapsed":0.03}
{"Time":"2026-10-08T12:27:41.412710842Z","Action":"run","Package":"go.temporal.io/server/tools/gomad3","Test":"TestArchitectureInventoryFixtures/underscore-production"}
{"Time":"2026-10-08T12:27:41.41274055Z","Action":"output","Package":"go.temporal.io/server/tools/gomad3","Test":"TestArchitectureInventoryFixtures/underscore-production","Output":"=== RUN   TestArchitectureInventoryFixtures/underscore-production\n","OutputType":"frame"}
{"Time":"2026-10-08T12:27:41.4493418Z","Action":"output","Package":"go.temporal.io/server/tools/gomad3","Test":"TestArchitectureInventoryFixtures/underscore-production","Output":"--- PASS: TestArchitectureInventoryFixtures/underscore-production (0.04s)\n","OutputType":"frame"}
{"Time":"2026-10-08T12:27:41.449385342Z","Action":"pass","Package":"go.temporal.io/server/tools/gomad3","Test":"TestArchitectureInventoryFixtures/underscore-production","Elapsed":0.04}
{"Time":"2026-10-08T12:27:41.4494058Z","Action":"run","Package":"go.temporal.io/server/tools/gomad3","Test":"TestArchitectureInventoryFixtures/unclassified-testdata"}
{"Time":"2026-10-08T12:27:41.449752467Z","Action":"output","Package":"go.temporal.io/server/tools/gomad3","Test":"TestArchitectureInventoryFixtures/unclassified-testdata","Output":"=== RUN   TestArchitectureInventoryFixtures/unclassified-testdata\n","OutputType":"frame"}
{"Time":"2026-10-08T12:27:41.480934425Z","Action":"output","Package":"go.temporal.io/server/tools/gomad3","Test":"TestArchitectureInventoryFixtures/unclassified-testdata","Output":"--- PASS: TestArchitectureInventoryFixtures/unclassified-testdata (0.03s)\n","OutputType":"frame"}
{"Time":"2026-10-08T12:27:41.480969592Z","Action":"pass","Package":"go.temporal.io/server/tools/gomad3","Test":"TestArchitectureInventoryFixtures/unclassified-testdata","Elapsed":0.03}
{"Time":"2026-10-08T12:27:41.480976092Z","Action":"run","Package":"go.temporal.io/server/tools/gomad3","Test":"TestArchitectureInventoryFixtures/overlay-prefix"}
{"Time":"2026-10-08T12:27:41.480978717Z","Action":"output","Package":"go.temporal.io/server/tools/gomad3","Test":"TestArchitectureInventoryFixtures/overlay-prefix","Output":"=== RUN   TestArchitectureInventoryFixtures/overlay-prefix\n","OutputType":"frame"}
{"Time":"2026-10-08T12:27:41.506024133Z","Action":"output","Package":"go.temporal.io/server/tools/gomad3","Test":"TestArchitectureInventoryFixtures/overlay-prefix","Output":"--- PASS: TestArchitectureInventoryFixtures/overlay-prefix (0.03s)\n","OutputType":"frame"}
{"Time":"2026-10-08T12:27:41.506135967Z","Action":"pass","Package":"go.temporal.io/server/tools/gomad3","Test":"TestArchitectureInventoryFixtures/overlay-prefix","Elapsed":0.03}
{"Time":"2026-10-08T12:27:41.506180717Z","Action":"run","Package":"go.temporal.io/server/tools/gomad3","Test":"TestArchitectureInventoryFixtures/hidden-module"}
{"Time":"2026-10-08T12:27:41.506190758Z","Action":"output","Package":"go.temporal.io/server/tools/gomad3","Test":"TestArchitectureInventoryFixtures/hidden-module","Output":"=== RUN   TestArchitectureInventoryFixtures/hidden-module\n","OutputType":"frame"}
{"Time":"2026-10-08T12:27:41.536404883Z","Action":"output","Package":"go.temporal.io/server/tools/gomad3","Test":"TestArchitectureInventoryFixtures/hidden-module","Output":"--- PASS: TestArchitectureInventoryFixtures/hidden-module (0.03s)\n","OutputType":"frame"}
{"Time":"2026-10-08T12:27:41.536464175Z","Action":"pass","Package":"go.temporal.io/server/tools/gomad3","Test":"TestArchitectureInventoryFixtures/hidden-module","Elapsed":0.03}
{"Time":"2026-10-08T12:27:41.536488925Z","Action":"run","Package":"go.temporal.io/server/tools/gomad3","Test":"TestArchitectureInventoryFixtures/excluded-root-module"}
{"Time":"2026-10-08T12:27:41.536525967Z","Action":"output","Package":"go.temporal.io/server/tools/gomad3","Test":"TestArchitectureInventoryFixtures/excluded-root-module","Output":"=== RUN   TestArchitectureInventoryFixtures/excluded-root-module\n","OutputType":"frame"}
{"Time":"2026-10-08T12:27:41.569598092Z","Action":"output","Package":"go.temporal.io/server/tools/gomad3","Test":"TestArchitectureInventoryFixtures/excluded-root-module","Output":"--- PASS: TestArchitectureInventoryFixtures/excluded-root-module (0.03s)\n","OutputType":"frame"}
{"Time":"2026-10-08T12:27:41.569623717Z","Action":"pass","Package":"go.temporal.io/server/tools/gomad3","Test":"TestArchitectureInventoryFixtures/excluded-root-module","Elapsed":0.03}
{"Time":"2026-10-08T12:27:41.569630133Z","Action":"run","Package":"go.temporal.io/server/tools/gomad3","Test":"TestArchitectureInventoryFixtures/included-list-error"}
{"Time":"2026-10-08T12:27:41.569636633Z","Action":"output","Package":"go.temporal.io/server/tools/gomad3","Test":"TestArchitectureInventoryFixtures/included-list-error","Output":"=== RUN   TestArchitectureInventoryFixtures/included-list-error\n","OutputType":"frame"}
{"Time":"2026-10-08T12:27:41.57552855Z","Action":"start","Package":"go.temporal.io/server/tools/gomad3/toolchain"}
{"Time":"2026-10-08T12:27:41.585356467Z","Action":"run","Package":"go.temporal.io/server/tools/gomad3/toolchain","Test":"TestResolvePrefersExplicitThenEnvironment"}
{"Time":"2026-10-08T12:27:41.585404925Z","Action":"output","Package":"go.temporal.io/server/tools/gomad3/toolchain","Test":"TestResolvePrefersExplicitThenEnvironment","Output":"=== RUN   TestResolvePrefersExplicitThenEnvironment\n","OutputType":"frame"}
{"Time":"2026-10-08T12:27:41.586226967Z","Action":"output","Package":"go.temporal.io/server/tools/gomad3/toolchain","Test":"TestResolvePrefersExplicitThenEnvironment","Output":"--- PASS: TestResolvePrefersExplicitThenEnvironment (0.00s)\n","OutputType":"frame"}
{"Time":"2026-10-08T12:27:41.586244883Z","Action":"pass","Package":"go.temporal.io/server/tools/gomad3/toolchain","Test":"TestResolvePrefersExplicitThenEnvironment","Elapsed":0}
{"Time":"2026-10-08T12:27:41.586249883Z","Action":"run","Package":"go.temporal.io/server/tools/gomad3/toolchain","Test":"TestResolveReadsAdjacentBundleManifest"}
{"Time":"2026-10-08T12:27:41.5862518Z","Action":"output","Package":"go.temporal.io/server/tools/gomad3/toolchain","Test":"TestResolveReadsAdjacentBundleManifest","Output":"=== RUN   TestResolveReadsAdjacentBundleManifest\n","OutputType":"frame"}
{"Time":"2026-10-08T12:27:41.588202758Z","Action":"output","Package":"go.temporal.io/server/tools/gomad3/toolchain","Test":"TestResolveReadsAdjacentBundleManifest","Output":"--- PASS: TestResolveReadsAdjacentBundleManifest (0.00s)\n","OutputType":"frame"}
{"Time":"2026-10-08T12:27:41.588218592Z","Action":"pass","Package":"go.temporal.io/server/tools/gomad3/toolchain","Test":"TestResolveReadsAdjacentBundleManifest","Elapsed":0}
{"Time":"2026-10-08T12:27:41.588231758Z","Action":"run","Package":"go.temporal.io/server/tools/gomad3/toolchain","Test":"TestResolveUsesExistingAdjacentCheckoutFallback"}
{"Time":"2026-10-08T12:27:41.588234467Z","Action":"output","Package":"go.temporal.io/server/tools/gomad3/toolchain","Test":"TestResolveUsesExistingAdjacentCheckoutFallback","Output":"=== RUN   TestResolveUsesExistingAdjacentCheckoutFallback\n","OutputType":"frame"}
{"Time":"2026-10-08T12:27:41.5891728Z","Action":"output","Package":"go.temporal.io/server/tools/gomad3/toolchain","Test":"TestResolveUsesExistingAdjacentCheckoutFallback","Output":"--- PASS: TestResolveUsesExistingAdjacentCheckoutFallback (0.00s)\n","OutputType":"frame"}
{"Time":"2026-10-08T12:27:41.589185258Z","Action":"pass","Package":"go.temporal.io/server/tools/gomad3/toolchain","Test":"TestResolveUsesExistingAdjacentCheckoutFallback","Elapsed":0}
{"Time":"2026-10-08T12:27:41.5891913Z","Action":"run","Package":"go.temporal.io/server/tools/gomad3/toolchain","Test":"TestResolveRejectsRelativeOverridesAndMalformedManifest"}
{"Time":"2026-10-08T12:27:41.589193383Z","Action":"output","Package":"go.temporal.io/server/tools/gomad3/toolchain","Test":"TestResolveRejectsRelativeOverridesAndMalformedManifest","Output":"=== RUN   TestResolveRejectsRelativeOverridesAndMalformedManifest\n","OutputType":"frame"}
{"Time":"2026-10-08T12:27:41.5906238Z","Action":"output","Package":"go.temporal.io/server/tools/gomad3/toolchain","Test":"TestResolveRejectsRelativeOverridesAndMalformedManifest","Output":"--- PASS: TestResolveRejectsRelativeOverridesAndMalformedManifest (0.00s)\n","OutputType":"frame"}
{"Time":"2026-10-08T12:27:41.590647342Z","Action":"pass","Package":"go.temporal.io/server/tools/gomad3/toolchain","Test":"TestResolveRejectsRelativeOverridesAndMalformedManifest","Elapsed":0}
{"Time":"2026-10-08T12:27:41.590669383Z","Action":"run","Package":"go.temporal.io/server/tools/gomad3/toolchain","Test":"TestEveryResolutionSourceYieldsAValidatedDescription"}
{"Time":"2026-10-08T12:27:41.590679217Z","Action":"output","Package":"go.temporal.io/server/tools/gomad3/toolchain","Test":"TestEveryResolutionSourceYieldsAValidatedDescription","Output":"=== RUN   TestEveryResolutionSourceYieldsAValidatedDescription\n","OutputType":"frame"}
{"Time":"2026-10-08T12:27:41.59069055Z","Action":"run","Package":"go.temporal.io/server/tools/gomad3/toolchain","Test":"TestEveryResolutionSourceYieldsAValidatedDescription/explicit"}
{"Time":"2026-10-08T12:27:41.590700258Z","Action":"output","Package":"go.temporal.io/server/tools/gomad3/toolchain","Test":"TestEveryResolutionSourceYieldsAValidatedDescription/explicit","Output":"=== RUN   TestEveryResolutionSourceYieldsAValidatedDescription/explicit\n","OutputType":"frame"}
{"Time":"2026-10-08T12:27:41.593018758Z","Action":"output","Package":"go.temporal.io/server/tools/gomad3/toolchain","Test":"TestEveryResolutionSourceYieldsAValidatedDescription/explicit","Output":"--- PASS: TestEveryResolutionSourceYieldsAValidatedDescription/explicit (0.00s)\n","OutputType":"frame"}
{"Time":"2026-10-08T12:27:41.593033592Z","Action":"pass","Package":"go.temporal.io/server/tools/gomad3/toolchain","Test":"TestEveryResolutionSourceYieldsAValidatedDescription/explicit","Elapsed":0}
{"Time":"2026-10-08T12:27:41.593043967Z","Action":"run","Package":"go.temporal.io/server/tools/gomad3/toolchain","Test":"TestEveryResolutionSourceYieldsAValidatedDescription/environment"}
{"Time":"2026-10-08T12:27:41.593047092Z","Action":"output","Package":"go.temporal.io/server/tools/gomad3/toolchain","Test":"TestEveryResolutionSourceYieldsAValidatedDescription/environment","Output":"=== RUN   TestEveryResolutionSourceYieldsAValidatedDescription/environment\n","OutputType":"frame"}
{"Time":"2026-10-08T12:27:41.596663092Z","Action":"output","Package":"go.temporal.io/server/tools/gomad3/toolchain","Test":"TestEveryResolutionSourceYieldsAValidatedDescription/environment","Output":"--- PASS: TestEveryResolutionSourceYieldsAValidatedDescription/environment (0.00s)\n","OutputType":"frame"}
{"Time":"2026-10-08T12:27:41.596688675Z","Action":"pass","Package":"go.temporal.io/server/tools/gomad3/toolchain","Test":"TestEveryResolutionSourceYieldsAValidatedDescription/environment","Elapsed":0}
{"Time":"2026-10-08T12:27:41.596696258Z","Action":"run","Package":"go.temporal.io/server/tools/gomad3/toolchain","Test":"TestEveryResolutionSourceYieldsAValidatedDescription/manifest"}
{"Time":"2026-10-08T12:27:41.59670355Z","Action":"output","Package":"go.temporal.io/server/tools/gomad3/toolchain","Test":"TestEveryResolutionSourceYieldsAValidatedDescription/manifest","Output":"=== RUN   TestEveryResolutionSourceYieldsAValidatedDescription/manifest\n","OutputType":"frame"}
{"Time":"2026-10-08T12:27:41.602104675Z","Action":"output","Package":"go.temporal.io/server/tools/gomad3/toolchain","Test":"TestEveryResolutionSourceYieldsAValidatedDescription/manifest","Output":"--- PASS: TestEveryResolutionSourceYieldsAValidatedDescription/manifest (0.01s)\n","OutputType":"frame"}
{"Time":"2026-10-08T12:27:41.60212305Z","Action":"pass","Package":"go.temporal.io/server/tools/gomad3/toolchain","Test":"TestEveryResolutionSourceYieldsAValidatedDescription/manifest","Elapsed":0.01}
{"Time":"2026-10-08T12:27:41.602129467Z","Action":"run","Package":"go.temporal.io/server/tools/gomad3/toolchain","Test":"TestEveryResolutionSourceYieldsAValidatedDescription/executable-relative"}
{"Time":"2026-10-08T12:27:41.602140758Z","Action":"output","Package":"go.temporal.io/server/tools/gomad3/toolchain","Test":"TestEveryResolutionSourceYieldsAValidatedDescription/executable-relative","Output":"=== RUN   TestEveryResolutionSourceYieldsAValidatedDescription/executable-relative\n","OutputType":"frame"}
{"Time":"2026-10-08T12:27:41.602916467Z","Action":"output","Package":"go.temporal.io/server/tools/gomad3","Test":"TestArchitectureInventoryFixtures/included-list-error","Output":"--- PASS: TestArchitectureInventoryFixtures/included-list-error (0.03s)\n","OutputType":"frame"}
{"Time":"2026-10-08T12:27:41.602968467Z","Action":"pass","Package":"go.temporal.io/server/tools/gomad3","Test":"TestArchitectureInventoryFixtures/included-list-error","Elapsed":0.03}
{"Time":"2026-10-08T12:27:41.603002217Z","Action":"run","Package":"go.temporal.io/server/tools/gomad3","Test":"TestArchitectureInventoryFixtures/owner-edge"}
{"Time":"2026-10-08T12:27:41.603015133Z","Action":"output","Package":"go.temporal.io/server/tools/gomad3","Test":"TestArchitectureInventoryFixtures/owner-edge","Output":"=== RUN   TestArchitectureInventoryFixtures/owner-edge\n","OutputType":"frame"}
{"Time":"2026-10-08T12:27:41.609041633Z","Action":"output","Package":"go.temporal.io/server/tools/gomad3/toolchain","Test":"TestEveryResolutionSourceYieldsAValidatedDescription/executable-relative","Output":"--- PASS: TestEveryResolutionSourceYieldsAValidatedDescription/executable-relative (0.01s)\n","OutputType":"frame"}
{"Time":"2026-10-08T12:27:41.609067133Z","Action":"pass","Package":"go.temporal.io/server/tools/gomad3/toolchain","Test":"TestEveryResolutionSourceYieldsAValidatedDescription/executable-relative","Elapsed":0.01}
{"Time":"2026-10-08T12:27:41.6090763Z","Action":"output","Package":"go.temporal.io/server/tools/gomad3/toolchain","Test":"TestEveryResolutionSourceYieldsAValidatedDescription","Output":"--- PASS: TestEveryResolutionSourceYieldsAValidatedDescription (0.02s)\n","OutputType":"frame"}
{"Time":"2026-10-08T12:27:41.6090798Z","Action":"pass","Package":"go.temporal.io/server/tools/gomad3/toolchain","Test":"TestEveryResolutionSourceYieldsAValidatedDescription","Elapsed":0.02}
{"Time":"2026-10-08T12:27:41.609094717Z","Action":"run","Package":"go.temporal.io/server/tools/gomad3/toolchain","Test":"TestResolveRejectsMalformedManifestsAndInvalidRoots"}
{"Time":"2026-10-08T12:27:41.609107758Z","Action":"output","Package":"go.temporal.io/server/tools/gomad3/toolchain","Test":"TestResolveRejectsMalformedManifestsAndInvalidRoots","Output":"=== RUN   TestResolveRejectsMalformedManifestsAndInvalidRoots\n","OutputType":"frame"}
{"Time":"2026-10-08T12:27:41.6091108Z","Action":"run","Package":"go.temporal.io/server/tools/gomad3/toolchain","Test":"TestResolveRejectsMalformedManifestsAndInvalidRoots/unknown_schema"}
{"Time":"2026-10-08T12:27:41.609113175Z","Action":"output","Package":"go.temporal.io/server/tools/gomad3/toolchain","Test":"TestResolveRejectsMalformedManifestsAndInvalidRoots/unknown_schema","Output":"=== RUN   TestResolveRejectsMalformedManifestsAndInvalidRoots/unknown_schema\n","OutputType":"frame"}
{"Time":"2026-10-08T12:27:41.618688925Z","Action":"output","Package":"go.temporal.io/server/tools/gomad3/toolchain","Test":"TestResolveRejectsMalformedManifestsAndInvalidRoots/unknown_schema","Output":"--- PASS: TestResolveRejectsMalformedManifestsAndInvalidRoots/unknown_schema (0.01s)\n","OutputType":"frame"}
{"Time":"2026-10-08T12:27:41.618717008Z","Action":"pass","Package":"go.temporal.io/server/tools/gomad3/toolchain","Test":"TestResolveRejectsMalformedManifestsAndInvalidRoots/unknown_schema","Elapsed":0.01}
{"Time":"2026-10-08T12:27:41.618724925Z","Action":"run","Package":"go.temporal.io/server/tools/gomad3/toolchain","Test":"TestResolveRejectsMalformedManifestsAndInvalidRoots/empty_root"}
{"Time":"2026-10-08T12:27:41.618732717Z","Action":"output","Package":"go.temporal.io/server/tools/gomad3/toolchain","Test":"TestResolveRejectsMalformedManifestsAndInvalidRoots/empty_root","Output":"=== RUN   TestResolveRejectsMalformedManifestsAndInvalidRoots/empty_root\n","OutputType":"frame"}
{"Time":"2026-10-08T12:27:41.620127967Z","Action":"output","Package":"go.temporal.io/server/tools/gomad3/toolchain","Test":"TestResolveRejectsMalformedManifestsAndInvalidRoots/empty_root","Output":"--- PASS: TestResolveRejectsMalformedManifestsAndInvalidRoots/empty_root (0.00s)\n","OutputType":"frame"}
{"Time":"2026-10-08T12:27:41.620148633Z","Action":"pass","Package":"go.temporal.io/server/tools/gomad3/toolchain","Test":"TestResolveRejectsMalformedManifestsAndInvalidRoots/empty_root","Elapsed":0}
{"Time":"2026-10-08T12:27:41.620170175Z","Action":"run","Package":"go.temporal.io/server/tools/gomad3/toolchain","Test":"TestResolveRejectsMalformedManifestsAndInvalidRoots/backslash_root"}
{"Time":"2026-10-08T12:27:41.620174675Z","Action":"output","Package":"go.temporal.io/server/tools/gomad3/toolchain","Test":"TestResolveRejectsMalformedManifestsAndInvalidRoots/backslash_root","Output":"=== RUN   TestResolveRejectsMalformedManifestsAndInvalidRoots/backslash_root\n","OutputType":"frame"}
{"Time":"2026-10-08T12:27:41.621587383Z","Action":"output","Package":"go.temporal.io/server/tools/gomad3/toolchain","Test":"TestResolveRejectsMalformedManifestsAndInvalidRoots/backslash_root","Output":"--- PASS: TestResolveRejectsMalformedManifestsAndInvalidRoots/backslash_root (0.00s)\n","OutputType":"frame"}
{"Time":"2026-10-08T12:27:41.621608883Z","Action":"pass","Package":"go.temporal.io/server/tools/gomad3/toolchain","Test":"TestResolveRejectsMalformedManifestsAndInvalidRoots/backslash_root","Elapsed":0}
{"Time":"2026-10-08T12:27:41.621615008Z","Action":"run","Package":"go.temporal.io/server/tools/gomad3/toolchain","Test":"TestResolveRejectsMalformedManifestsAndInvalidRoots/unknown_field"}
{"Time":"2026-10-08T12:27:41.621624175Z","Action":"output","Package":"go.temporal.io/server/tools/gomad3/toolchain","Test":"TestResolveRejectsMalformedManifestsAndInvalidRoots/unknown_field","Output":"=== RUN   TestResolveRejectsMalformedManifestsAndInvalidRoots/unknown_field\n","OutputType":"frame"}
{"Time":"2026-10-08T12:27:41.623223967Z","Action":"output","Package":"go.temporal.io/server/tools/gomad3/toolchain","Test":"TestResolveRejectsMalformedManifestsAndInvalidRoots/unknown_field","Output":"--- PASS: TestResolveRejectsMalformedManifestsAndInvalidRoots/unknown_field (0.00s)\n","OutputType":"frame"}
{"Time":"2026-10-08T12:27:41.623243925Z","Action":"pass","Package":"go.temporal.io/server/tools/gomad3/toolchain","Test":"TestResolveRejectsMalformedManifestsAndInvalidRoots/unknown_field","Elapsed":0}
{"Time":"2026-10-08T12:27:41.623249842Z","Action":"run","Package":"go.temporal.io/server/tools/gomad3/toolchain","Test":"TestResolveRejectsMalformedManifestsAndInvalidRoots/trailing_data"}
{"Time":"2026-10-08T12:27:41.623273258Z","Action":"output","Package":"go.temporal.io/server/tools/gomad3/toolchain","Test":"TestResolveRejectsMalformedManifestsAndInvalidRoots/trailing_data","Output":"=== RUN   TestResolveRejectsMalformedManifestsAndInvalidRoots/trailing_data\n","OutputType":"frame"}
{"Time":"2026-10-08T12:27:41.624473008Z","Action":"output","Package":"go.temporal.io/server/tools/gomad3/toolchain","Test":"TestResolveRejectsMalformedManifestsAndInvalidRoots/trailing_data","Output":"--- PASS: TestResolveRejectsMalformedManifestsAndInvalidRoots/trailing_data (0.00s)\n","OutputType":"frame"}
{"Time":"2026-10-08T12:27:41.624486633Z","Action":"pass","Package":"go.temporal.io/server/tools/gomad3/toolchain","Test":"TestResolveRejectsMalformedManifestsAndInvalidRoots/trailing_data","Elapsed":0}
{"Time":"2026-10-08T12:27:41.624491133Z","Action":"run","Package":"go.temporal.io/server/tools/gomad3/toolchain","Test":"TestResolveRejectsMalformedManifestsAndInvalidRoots/filesystem_root"}
{"Time":"2026-10-08T12:27:41.6245018Z","Action":"output","Package":"go.temporal.io/server/tools/gomad3/toolchain","Test":"TestResolveRejectsMalformedManifestsAndInvalidRoots/filesystem_root","Output":"=== RUN   TestResolveRejectsMalformedManifestsAndInvalidRoots/filesystem_root\n","OutputType":"frame"}
{"Time":"2026-10-08T12:27:41.625758008Z","Action":"output","Package":"go.temporal.io/server/tools/gomad3/toolchain","Test":"TestResolveRejectsMalformedManifestsAndInvalidRoots/filesystem_root","Output":"--- PASS: TestResolveRejectsMalformedManifestsAndInvalidRoots/filesystem_root (0.00s)\n","OutputType":"frame"}
{"Time":"2026-10-08T12:27:41.625800467Z","Action":"pass","Package":"go.temporal.io/server/tools/gomad3/toolchain","Test":"TestResolveRejectsMalformedManifestsAndInvalidRoots/filesystem_root","Elapsed":0}
{"Time":"2026-10-08T12:27:41.625804967Z","Action":"output","Package":"go.temporal.io/server/tools/gomad3/toolchain","Test":"TestResolveRejectsMalformedManifestsAndInvalidRoots","Output":"--- PASS: TestResolveRejectsMalformedManifestsAndInvalidRoots (0.02s)\n","OutputType":"frame"}
{"Time":"2026-10-08T12:27:41.625807342Z","Action":"pass","Package":"go.temporal.io/server/tools/gomad3/toolchain","Test":"TestResolveRejectsMalformedManifestsAndInvalidRoots","Elapsed":0.02}
{"Time":"2026-10-08T12:27:41.625809967Z","Action":"output","Package":"go.temporal.io/server/tools/gomad3/toolchain","Output":"PASS\n","OutputType":"frame"}
{"Time":"2026-10-08T12:27:41.626042342Z","Action":"output","Package":"go.temporal.io/server/tools/gomad3/toolchain","Output":"ok  \tgo.temporal.io/server/tools/gomad3/toolchain\t0.050s\n"}
{"Time":"2026-10-08T12:27:41.626055633Z","Action":"pass","Package":"go.temporal.io/server/tools/gomad3/toolchain","Elapsed":0.051}
{"Time":"2026-10-08T12:27:41.632902092Z","Action":"output","Package":"go.temporal.io/server/tools/gomad3","Test":"TestArchitectureInventoryFixtures/owner-edge","Output":"--- PASS: TestArchitectureInventoryFixtures/owner-edge (0.03s)\n","OutputType":"frame"}
{"Time":"2026-10-08T12:27:41.632926133Z","Action":"pass","Package":"go.temporal.io/server/tools/gomad3","Test":"TestArchitectureInventoryFixtures/owner-edge","Elapsed":0.03}
{"Time":"2026-10-08T12:27:41.632931717Z","Action":"run","Package":"go.temporal.io/server/tools/gomad3","Test":"TestArchitectureInventoryFixtures/required-facade-edge"}
{"Time":"2026-10-08T12:27:41.632933508Z","Action":"output","Package":"go.temporal.io/server/tools/gomad3","Test":"TestArchitectureInventoryFixtures/required-facade-edge","Output":"=== RUN   TestArchitectureInventoryFixtures/required-facade-edge\n","OutputType":"frame"}
{"Time":"2026-10-08T12:27:41.654303633Z","Action":"output","Package":"go.temporal.io/server/tools/gomad3","Test":"TestArchitectureInventoryFixtures/required-facade-edge","Output":"--- PASS: TestArchitectureInventoryFixtures/required-facade-edge (0.02s)\n","OutputType":"frame"}
{"Time":"2026-10-08T12:27:41.65433255Z","Action":"pass","Package":"go.temporal.io/server/tools/gomad3","Test":"TestArchitectureInventoryFixtures/required-facade-edge","Elapsed":0.02}
{"Time":"2026-10-08T12:27:41.654341633Z","Action":"output","Package":"go.temporal.io/server/tools/gomad3","Test":"TestArchitectureInventoryFixtures","Output":"--- PASS: TestArchitectureInventoryFixtures (0.30s)\n","OutputType":"frame"}
{"Time":"2026-10-08T12:27:41.654346008Z","Action":"pass","Package":"go.temporal.io/server/tools/gomad3","Test":"TestArchitectureInventoryFixtures","Elapsed":0.3}
{"Time":"2026-10-08T12:27:41.654349383Z","Action":"run","Package":"go.temporal.io/server/tools/gomad3","Test":"TestArchitecturePublicSignatureFixtures"}
{"Time":"2026-10-08T12:27:41.65435155Z","Action":"output","Package":"go.temporal.io/server/tools/gomad3","Test":"TestArchitecturePublicSignatureFixtures","Output":"=== RUN   TestArchitecturePublicSignatureFixtures\n","OutputType":"frame"}
{"Time":"2026-10-08T12:27:41.654354258Z","Action":"run","Package":"go.temporal.io/server/tools/gomad3","Test":"TestArchitecturePublicSignatureFixtures/nested-container"}
{"Time":"2026-10-08T12:27:41.65435605Z","Action":"output","Package":"go.temporal.io/server/tools/gomad3","Test":"TestArchitecturePublicSignatureFixtures/nested-container","Output":"=== RUN   TestArchitecturePublicSignatureFixtures/nested-container\n","OutputType":"frame"}
{"Time":"2026-10-08T12:27:41.671456383Z","Action":"output","Package":"go.temporal.io/server/tools/gomad3","Test":"TestArchitecturePublicSignatureFixtures/nested-container","Output":"--- PASS: TestArchitecturePublicSignatureFixtures/nested-container (0.02s)\n","OutputType":"frame"}
{"Time":"2026-10-08T12:27:41.671486467Z","Action":"pass","Package":"go.temporal.io/server/tools/gomad3","Test":"TestArchitecturePublicSignatureFixtures/nested-container","Elapsed":0.02}
{"Time":"2026-10-08T12:27:41.671493133Z","Action":"run","Package":"go.temporal.io/server/tools/gomad3","Test":"TestArchitecturePublicSignatureFixtures/alias"}
{"Time":"2026-10-08T12:27:41.671559717Z","Action":"output","Package":"go.temporal.io/server/tools/gomad3","Test":"TestArchitecturePublicSignatureFixtures/alias","Output":"=== RUN   TestArchitecturePublicSignatureFixtures/alias\n","OutputType":"frame"}
{"Time":"2026-10-08T12:27:41.685085717Z","Action":"output","Package":"go.temporal.io/server/tools/gomad3","Test":"TestArchitecturePublicSignatureFixtures/alias","Output":"--- PASS: TestArchitecturePublicSignatureFixtures/alias (0.01s)\n","OutputType":"frame"}
{"Time":"2026-10-08T12:27:41.685113717Z","Action":"pass","Package":"go.temporal.io/server/tools/gomad3","Test":"TestArchitecturePublicSignatureFixtures/alias","Elapsed":0.01}
{"Time":"2026-10-08T12:27:41.685125092Z","Action":"run","Package":"go.temporal.io/server/tools/gomad3","Test":"TestArchitecturePublicSignatureFixtures/defined-rhs"}
{"Time":"2026-10-08T12:27:41.68513355Z","Action":"output","Package":"go.temporal.io/server/tools/gomad3","Test":"TestArchitecturePublicSignatureFixtures/defined-rhs","Output":"=== RUN   TestArchitecturePublicSignatureFixtures/defined-rhs\n","OutputType":"frame"}
{"Time":"2026-10-08T12:27:41.697690217Z","Action":"output","Package":"go.temporal.io/server/tools/gomad3","Test":"TestArchitecturePublicSignatureFixtures/defined-rhs","Output":"--- PASS: TestArchitecturePublicSignatureFixtures/defined-rhs (0.01s)\n","OutputType":"frame"}
{"Time":"2026-10-08T12:27:41.697715883Z","Action":"pass","Package":"go.temporal.io/server/tools/gomad3","Test":"TestArchitecturePublicSignatureFixtures/defined-rhs","Elapsed":0.01}
{"Time":"2026-10-08T12:27:41.697722092Z","Action":"run","Package":"go.temporal.io/server/tools/gomad3","Test":"TestArchitecturePublicSignatureFixtures/interface-result"}
{"Time":"2026-10-08T12:27:41.697724008Z","Action":"output","Package":"go.temporal.io/server/tools/gomad3","Test":"TestArchitecturePublicSignatureFixtures/interface-result","Output":"=== RUN   TestArchitecturePublicSignatureFixtures/interface-result\n","OutputType":"frame"}
{"Time":"2026-10-08T12:27:41.709888842Z","Action":"output","Package":"go.temporal.io/server/tools/gomad3","Test":"TestArchitecturePublicSignatureFixtures/interface-result","Output":"--- PASS: TestArchitecturePublicSignatureFixtures/interface-result (0.01s)\n","OutputType":"frame"}
{"Time":"2026-10-08T12:27:41.709914092Z","Action":"pass","Package":"go.temporal.io/server/tools/gomad3","Test":"TestArchitecturePublicSignatureFixtures/interface-result","Elapsed":0.01}
{"Time":"2026-10-08T12:27:41.709919842Z","Action":"run","Package":"go.temporal.io/server/tools/gomad3","Test":"TestArchitecturePublicSignatureFixtures/generic-constraint"}
{"Time":"2026-10-08T12:27:41.709921717Z","Action":"output","Package":"go.temporal.io/server/tools/gomad3","Test":"TestArchitecturePublicSignatureFixtures/generic-constraint","Output":"=== RUN   TestArchitecturePublicSignatureFixtures/generic-constraint\n","OutputType":"frame"}
{"Time":"2026-10-08T12:27:41.726823383Z","Action":"output","Package":"go.temporal.io/server/tools/gomad3","Test":"TestArchitecturePublicSignatureFixtures/generic-constraint","Output":"--- PASS: TestArchitecturePublicSignatureFixtures/generic-constraint (0.02s)\n","OutputType":"frame"}
{"Time":"2026-10-08T12:27:41.726856425Z","Action":"pass","Package":"go.temporal.io/server/tools/gomad3","Test":"TestArchitecturePublicSignatureFixtures/generic-constraint","Elapsed":0.02}
{"Time":"2026-10-08T12:27:41.7268648Z","Action":"run","Package":"go.temporal.io/server/tools/gomad3","Test":"TestArchitecturePublicSignatureFixtures/foreign-generic-argument"}
{"Time":"2026-10-08T12:27:41.726867133Z","Action":"output","Package":"go.temporal.io/server/tools/gomad3","Test":"TestArchitecturePublicSignatureFixtures/foreign-generic-argument","Output":"=== RUN   TestArchitecturePublicSignatureFixtures/foreign-generic-argument\n","OutputType":"frame"}
{"Time":"2026-10-08T12:27:41.742210842Z","Action":"output","Package":"go.temporal.io/server/tools/gomad3","Test":"TestArchitecturePublicSignatureFixtures/foreign-generic-argument","Output":"--- PASS: TestArchitecturePublicSignatureFixtures/foreign-generic-argument (0.02s)\n","OutputType":"frame"}
{"Time":"2026-10-08T12:27:41.742238925Z","Action":"pass","Package":"go.temporal.io/server/tools/gomad3","Test":"TestArchitecturePublicSignatureFixtures/foreign-generic-argument","Elapsed":0.02}
{"Time":"2026-10-08T12:27:41.74224455Z","Action":"run","Package":"go.temporal.io/server/tools/gomad3","Test":"TestArchitecturePublicSignatureFixtures/promoted-method"}
{"Time":"2026-10-08T12:27:41.7422473Z","Action":"output","Package":"go.temporal.io/server/tools/gomad3","Test":"TestArchitecturePublicSignatureFixtures/promoted-method","Output":"=== RUN   TestArchitecturePublicSignatureFixtures/promoted-method\n","OutputType":"frame"}
{"Time":"2026-10-08T12:27:41.757371383Z","Action":"output","Package":"go.temporal.io/server/tools/gomad3","Test":"TestArchitecturePublicSignatureFixtures/promoted-method","Output":"--- PASS: TestArchitecturePublicSignatureFixtures/promoted-method (0.02s)\n","OutputType":"frame"}
{"Time":"2026-10-08T12:27:41.757467633Z","Action":"pass","Package":"go.temporal.io/server/tools/gomad3","Test":"TestArchitecturePublicSignatureFixtures/promoted-method","Elapsed":0.02}
{"Time":"2026-10-08T12:27:41.757480967Z","Action":"run","Package":"go.temporal.io/server/tools/gomad3","Test":"TestArchitecturePublicSignatureFixtures/private-storage"}
{"Time":"2026-10-08T12:27:41.757485467Z","Action":"output","Package":"go.temporal.io/server/tools/gomad3","Test":"TestArchitecturePublicSignatureFixtures/private-storage","Output":"=== RUN   TestArchitecturePublicSignatureFixtures/private-storage\n","OutputType":"frame"}
{"Time":"2026-10-08T12:27:41.769630175Z","Action":"output","Package":"go.temporal.io/server/tools/gomad3","Test":"TestArchitecturePublicSignatureFixtures/private-storage","Output":"--- PASS: TestArchitecturePublicSignatureFixtures/private-storage (0.01s)\n","OutputType":"frame"}
{"Time":"2026-10-08T12:27:41.769692592Z","Action":"pass","Package":"go.temporal.io/server/tools/gomad3","Test":"TestArchitecturePublicSignatureFixtures/private-storage","Elapsed":0.01}
{"Time":"2026-10-08T12:27:41.769724633Z","Action":"run","Package":"go.temporal.io/server/tools/gomad3","Test":"TestArchitecturePublicSignatureFixtures/private-defined-graph"}
{"Time":"2026-10-08T12:27:41.769731717Z","Action":"output","Package":"go.temporal.io/server/tools/gomad3","Test":"TestArchitecturePublicSignatureFixtures/private-defined-graph","Output":"=== RUN   TestArchitecturePublicSignatureFixtures/private-defined-graph\n","OutputType":"frame"}
{"Time":"2026-10-08T12:27:41.783121967Z","Action":"output","Package":"go.temporal.io/server/tools/gomad3","Test":"TestArchitecturePublicSignatureFixtures/private-defined-graph","Output":"--- PASS: TestArchitecturePublicSignatureFixtures/private-defined-graph (0.01s)\n","OutputType":"frame"}
{"Time":"2026-10-08T12:27:41.783151217Z","Action":"pass","Package":"go.temporal.io/server/tools/gomad3","Test":"TestArchitecturePublicSignatureFixtures/private-defined-graph","Elapsed":0.01}
{"Time":"2026-10-08T12:27:41.783160008Z","Action":"run","Package":"go.temporal.io/server/tools/gomad3","Test":"TestArchitecturePublicSignatureFixtures/recursive-public-graph"}
{"Time":"2026-10-08T12:27:41.783164092Z","Action":"output","Package":"go.temporal.io/server/tools/gomad3","Test":"TestArchitecturePublicSignatureFixtures/recursive-public-graph","Output":"=== RUN   TestArchitecturePublicSignatureFixtures/recursive-public-graph\n","OutputType":"frame"}
{"Time":"2026-10-08T12:27:41.794713967Z","Action":"output","Package":"go.temporal.io/server/tools/gomad3","Test":"TestArchitecturePublicSignatureFixtures/recursive-public-graph","Output":"--- PASS: TestArchitecturePublicSignatureFixtures/recursive-public-graph (0.01s)\n","OutputType":"frame"}
{"Time":"2026-10-08T12:27:41.794737133Z","Action":"pass","Package":"go.temporal.io/server/tools/gomad3","Test":"TestArchitecturePublicSignatureFixtures/recursive-public-graph","Elapsed":0.01}
{"Time":"2026-10-08T12:27:41.794745967Z","Action":"output","Package":"go.temporal.io/server/tools/gomad3","Test":"TestArchitecturePublicSignatureFixtures","Output":"--- PASS: TestArchitecturePublicSignatureFixtures (0.14s)\n","OutputType":"frame"}
{"Time":"2026-10-08T12:27:41.794749092Z","Action":"pass","Package":"go.temporal.io/server/tools/gomad3","Test":"TestArchitecturePublicSignatureFixtures","Elapsed":0.14}
{"Time":"2026-10-08T12:27:41.794752383Z","Action":"run","Package":"go.temporal.io/server/tools/gomad3","Test":"TestArchitectureEffectFixtures"}
{"Time":"2026-10-08T12:27:41.794754383Z","Action":"output","Package":"go.temporal.io/server/tools/gomad3","Test":"TestArchitectureEffectFixtures","Output":"=== RUN   TestArchitectureEffectFixtures\n","OutputType":"frame"}
{"Time":"2026-10-08T12:27:41.795018258Z","Action":"run","Package":"go.temporal.io/server/tools/gomad3","Test":"TestArchitectureEffectFixtures/indirect-clock"}
{"Time":"2026-10-08T12:27:41.795026967Z","Action":"output","Package":"go.temporal.io/server/tools/gomad3","Test":"TestArchitectureEffectFixtures/indirect-clock","Output":"=== RUN   TestArchitectureEffectFixtures/indirect-clock\n","OutputType":"frame"}
{"Time":"2026-10-08T12:27:42.567622967Z","Action":"output","Package":"go.temporal.io/server/tools/gomad3","Test":"TestArchitectureEffectFixtures/indirect-clock","Output":"--- PASS: TestArchitectureEffectFixtures/indirect-clock (0.77s)\n","OutputType":"frame"}
{"Time":"2026-10-08T12:27:42.56779005Z","Action":"pass","Package":"go.temporal.io/server/tools/gomad3","Test":"TestArchitectureEffectFixtures/indirect-clock","Elapsed":0.77}
{"Time":"2026-10-08T12:27:42.567815925Z","Action":"run","Package":"go.temporal.io/server/tools/gomad3","Test":"TestArchitectureEffectFixtures/environment"}
{"Time":"2026-10-08T12:27:42.567845967Z","Action":"output","Package":"go.temporal.io/server/tools/gomad3","Test":"TestArchitectureEffectFixtures/environment","Output":"=== RUN   TestArchitectureEffectFixtures/environment\n","OutputType":"frame"}
{"Time":"2026-10-08T12:27:43.188492009Z","Action":"output","Package":"go.temporal.io/server/tools/gomad3","Test":"TestArchitectureEffectFixtures/environment","Output":"--- PASS: TestArchitectureEffectFixtures/environment (0.62s)\n","OutputType":"frame"}
{"Time":"2026-10-08T12:27:43.191858509Z","Action":"pass","Package":"go.temporal.io/server/tools/gomad3","Test":"TestArchitectureEffectFixtures/environment","Elapsed":0.62}
{"Time":"2026-10-08T12:27:43.191895217Z","Action":"run","Package":"go.temporal.io/server/tools/gomad3","Test":"TestArchitectureEffectFixtures/filesystem"}
{"Time":"2026-10-08T12:27:43.191899509Z","Action":"output","Package":"go.temporal.io/server/tools/gomad3","Test":"TestArchitectureEffectFixtures/filesystem","Output":"=== RUN   TestArchitectureEffectFixtures/filesystem\n","OutputType":"frame"}
{"Time":"2026-10-08T12:27:43.742436093Z","Action":"output","Package":"go.temporal.io/server/tools/gomad3","Test":"TestArchitectureEffectFixtures/filesystem","Output":"--- PASS: TestArchitectureEffectFixtures/filesystem (0.55s)\n","OutputType":"frame"}
{"Time":"2026-10-08T12:27:43.742468968Z","Action":"pass","Package":"go.temporal.io/server/tools/gomad3","Test":"TestArchitectureEffectFixtures/filesystem","Elapsed":0.55}
{"Time":"2026-10-08T12:27:43.742474676Z","Action":"run","Package":"go.temporal.io/server/tools/gomad3","Test":"TestArchitectureEffectFixtures/process"}
{"Time":"2026-10-08T12:27:43.742477884Z","Action":"output","Package":"go.temporal.io/server/tools/gomad3","Test":"TestArchitectureEffectFixtures/process","Output":"=== RUN   TestArchitectureEffectFixtures/process\n","OutputType":"frame"}
{"Time":"2026-10-08T12:27:44.292679843Z","Action":"output","Package":"go.temporal.io/server/tools/gomad3","Test":"TestArchitectureEffectFixtures/process","Output":"--- PASS: TestArchitectureEffectFixtures/process (0.55s)\n","OutputType":"frame"}
{"Time":"2026-10-08T12:27:44.292712926Z","Action":"pass","Package":"go.temporal.io/server/tools/gomad3","Test":"TestArchitectureEffectFixtures/process","Elapsed":0.55}
{"Time":"2026-10-08T12:27:44.292718635Z","Action":"run","Package":"go.temporal.io/server/tools/gomad3","Test":"TestArchitectureEffectFixtures/network"}
{"Time":"2026-10-08T12:27:44.29272051Z","Action":"output","Package":"go.temporal.io/server/tools/gomad3","Test":"TestArchitectureEffectFixtures/network","Output":"=== RUN   TestArchitectureEffectFixtures/network\n","OutputType":"frame"}
{"Time":"2026-10-08T12:27:44.844174385Z","Action":"output","Package":"go.temporal.io/server/tools/gomad3","Test":"TestArchitectureEffectFixtures/network","Output":"--- PASS: TestArchitectureEffectFixtures/network (0.55s)\n","OutputType":"frame"}
{"Time":"2026-10-08T12:27:44.844205051Z","Action":"pass","Package":"go.temporal.io/server/tools/gomad3","Test":"TestArchitectureEffectFixtures/network","Elapsed":0.55}
{"Time":"2026-10-08T12:27:44.844211093Z","Action":"run","Package":"go.temporal.io/server/tools/gomad3","Test":"TestArchitectureEffectFixtures/timer"}
{"Time":"2026-10-08T12:27:44.84422776Z","Action":"output","Package":"go.temporal.io/server/tools/gomad3","Test":"TestArchitectureEffectFixtures/timer","Output":"=== RUN   TestArchitectureEffectFixtures/timer\n","OutputType":"frame"}
{"Time":"2026-10-08T12:27:45.423098635Z","Action":"output","Package":"go.temporal.io/server/tools/gomad3","Test":"TestArchitectureEffectFixtures/timer","Output":"--- PASS: TestArchitectureEffectFixtures/timer (0.58s)\n","OutputType":"frame"}
{"Time":"2026-10-08T12:27:45.423146468Z","Action":"pass","Package":"go.temporal.io/server/tools/gomad3","Test":"TestArchitectureEffectFixtures/timer","Elapsed":0.58}
{"Time":"2026-10-08T12:27:45.423152843Z","Action":"run","Package":"go.temporal.io/server/tools/gomad3","Test":"TestArchitectureEffectFixtures/entropy"}
{"Time":"2026-10-08T12:27:45.423172718Z","Action":"output","Package":"go.temporal.io/server/tools/gomad3","Test":"TestArchitectureEffectFixtures/entropy","Output":"=== RUN   TestArchitectureEffectFixtures/entropy\n","OutputType":"frame"}
{"Time":"2026-10-08T12:27:46.117264135Z","Action":"output","Package":"go.temporal.io/server/tools/gomad3","Test":"TestArchitectureEffectFixtures/entropy","Output":"--- PASS: TestArchitectureEffectFixtures/entropy (0.69s)\n","OutputType":"frame"}
{"Time":"2026-10-08T12:27:46.117316719Z","Action":"pass","Package":"go.temporal.io/server/tools/gomad3","Test":"TestArchitectureEffectFixtures/entropy","Elapsed":0.69}
{"Time":"2026-10-08T12:27:46.117323552Z","Action":"run","Package":"go.temporal.io/server/tools/gomad3","Test":"TestArchitectureEffectFixtures/goroutine"}
{"Time":"2026-10-08T12:27:46.117337385Z","Action":"output","Package":"go.temporal.io/server/tools/gomad3","Test":"TestArchitectureEffectFixtures/goroutine","Output":"=== RUN   TestArchitectureEffectFixtures/goroutine\n","OutputType":"frame"}
{"Time":"2026-10-08T12:27:46.767426719Z","Action":"output","Package":"go.temporal.io/server/tools/gomad3","Test":"TestArchitectureEffectFixtures/goroutine","Output":"--- PASS: TestArchitectureEffectFixtures/goroutine (0.65s)\n","OutputType":"frame"}
{"Time":"2026-10-08T12:27:46.767463261Z","Action":"pass","Package":"go.temporal.io/server/tools/gomad3","Test":"TestArchitectureEffectFixtures/goroutine","Elapsed":0.65}
{"Time":"2026-10-08T12:27:46.767470761Z","Action":"run","Package":"go.temporal.io/server/tools/gomad3","Test":"TestArchitectureEffectFixtures/stored-callback"}
{"Time":"2026-10-08T12:27:46.767477511Z","Action":"output","Package":"go.temporal.io/server/tools/gomad3","Test":"TestArchitectureEffectFixtures/stored-callback","Output":"=== RUN   TestArchitectureEffectFixtures/stored-callback\n","OutputType":"frame"}
{"Time":"2026-10-08T12:27:47.390527053Z","Action":"output","Package":"go.temporal.io/server/tools/gomad3","Test":"TestArchitectureEffectFixtures/stored-callback","Output":"--- PASS: TestArchitectureEffectFixtures/stored-callback (0.62s)\n","OutputType":"frame"}
{"Time":"2026-10-08T12:27:47.390638219Z","Action":"pass","Package":"go.temporal.io/server/tools/gomad3","Test":"TestArchitectureEffectFixtures/stored-callback","Elapsed":0.62}
{"Time":"2026-10-08T12:27:47.390654386Z","Action":"run","Package":"go.temporal.io/server/tools/gomad3","Test":"TestArchitectureEffectFixtures/method-value"}
{"Time":"2026-10-08T12:27:47.390656928Z","Action":"output","Package":"go.temporal.io/server/tools/gomad3","Test":"TestArchitectureEffectFixtures/method-value","Output":"=== RUN   TestArchitectureEffectFixtures/method-value\n","OutputType":"frame"}
{"Time":"2026-10-08T12:27:48.09560872Z","Action":"output","Package":"go.temporal.io/server/tools/gomad3","Test":"TestArchitectureEffectFixtures/method-value","Output":"--- PASS: TestArchitectureEffectFixtures/method-value (0.70s)\n","OutputType":"frame"}
{"Time":"2026-10-08T12:27:48.095690386Z","Action":"pass","Package":"go.temporal.io/server/tools/gomad3","Test":"TestArchitectureEffectFixtures/method-value","Elapsed":0.7}
{"Time":"2026-10-08T12:27:48.09578097Z","Action":"run","Package":"go.temporal.io/server/tools/gomad3","Test":"TestArchitectureEffectFixtures/generic-callback"}
{"Time":"2026-10-08T12:27:48.095792678Z","Action":"output","Package":"go.temporal.io/server/tools/gomad3","Test":"TestArchitectureEffectFixtures/generic-callback","Output":"=== RUN   TestArchitectureEffectFixtures/generic-callback\n","OutputType":"frame"}
{"Time":"2026-10-08T12:27:48.81218747Z","Action":"output","Package":"go.temporal.io/server/tools/gomad3","Test":"TestArchitectureEffectFixtures/generic-callback","Output":"--- PASS: TestArchitectureEffectFixtures/generic-callback (0.72s)\n","OutputType":"frame"}
{"Time":"2026-10-08T12:27:48.812375595Z","Action":"pass","Package":"go.temporal.io/server/tools/gomad3","Test":"TestArchitectureEffectFixtures/generic-callback","Elapsed":0.72}
{"Time":"2026-10-08T12:27:48.812402095Z","Action":"run","Package":"go.temporal.io/server/tools/gomad3","Test":"TestArchitectureEffectFixtures/recursive-cycle"}
{"Time":"2026-10-08T12:27:48.81241222Z","Action":"output","Package":"go.temporal.io/server/tools/gomad3","Test":"TestArchitectureEffectFixtures/recursive-cycle","Output":"=== RUN   TestArchitectureEffectFixtures/recursive-cycle\n","OutputType":"frame"}
{"Time":"2026-10-08T12:27:49.55230472Z","Action":"output","Package":"go.temporal.io/server/tools/gomad3","Test":"TestArchitectureEffectFixtures/recursive-cycle","Output":"--- PASS: TestArchitectureEffectFixtures/recursive-cycle (0.74s)\n","OutputType":"frame"}
{"Time":"2026-10-08T12:27:49.559119804Z","Action":"pass","Package":"go.temporal.io/server/tools/gomad3","Test":"TestArchitectureEffectFixtures/recursive-cycle","Elapsed":0.74}
{"Time":"2026-10-08T12:27:49.559157804Z","Action":"run","Package":"go.temporal.io/server/tools/gomad3","Test":"TestArchitectureEffectFixtures/nested-json"}
{"Time":"2026-10-08T12:27:49.559186929Z","Action":"output","Package":"go.temporal.io/server/tools/gomad3","Test":"TestArchitectureEffectFixtures/nested-json","Output":"=== RUN   TestArchitectureEffectFixtures/nested-json\n","OutputType":"frame"}
{"Time":"2026-10-08T12:27:50.227387054Z","Action":"output","Package":"go.temporal.io/server/tools/gomad3","Test":"TestArchitectureEffectFixtures/nested-json","Output":"--- PASS: TestArchitectureEffectFixtures/nested-json (0.67s)\n","OutputType":"frame"}
{"Time":"2026-10-08T12:27:50.227442387Z","Action":"pass","Package":"go.temporal.io/server/tools/gomad3","Test":"TestArchitectureEffectFixtures/nested-json","Elapsed":0.67}
{"Time":"2026-10-08T12:27:50.227509304Z","Action":"run","Package":"go.temporal.io/server/tools/gomad3","Test":"TestArchitectureEffectFixtures/nested-text"}
{"Time":"2026-10-08T12:27:50.227555554Z","Action":"output","Package":"go.temporal.io/server/tools/gomad3","Test":"TestArchitectureEffectFixtures/nested-text","Output":"=== RUN   TestArchitectureEffectFixtures/nested-text\n","OutputType":"frame"}
{"Time":"2026-10-08T12:27:50.862608971Z","Action":"output","Package":"go.temporal.io/server/tools/gomad3","Test":"TestArchitectureEffectFixtures/nested-text","Output":"--- PASS: TestArchitectureEffectFixtures/nested-text (0.64s)\n","OutputType":"frame"}
{"Time":"2026-10-08T12:27:50.862694971Z","Action":"pass","Package":"go.temporal.io/server/tools/gomad3","Test":"TestArchitectureEffectFixtures/nested-text","Elapsed":0.64}
{"Time":"2026-10-08T12:27:50.862723846Z","Action":"run","Package":"go.temporal.io/server/tools/gomad3","Test":"TestArchitectureEffectFixtures/json-file-writer"}
{"Time":"2026-10-08T12:27:50.862805888Z","Action":"output","Package":"go.temporal.io/server/tools/gomad3","Test":"TestArchitectureEffectFixtures/json-file-writer","Output":"=== RUN   TestArchitectureEffectFixtures/json-file-writer\n","OutputType":"frame"}
{"Time":"2026-10-08T12:27:51.530186346Z","Action":"output","Package":"go.temporal.io/server/tools/gomad3","Test":"TestArchitectureEffectFixtures/json-file-writer","Output":"--- PASS: TestArchitectureEffectFixtures/json-file-writer (0.67s)\n","OutputType":"frame"}
{"Time":"2026-10-08T12:27:51.530246805Z","Action":"pass","Package":"go.temporal.io/server/tools/gomad3","Test":"TestArchitectureEffectFixtures/json-file-writer","Elapsed":0.67}
{"Time":"2026-10-08T12:27:51.530257138Z","Action":"run","Package":"go.temporal.io/server/tools/gomad3","Test":"TestArchitectureEffectFixtures/json-file-reader"}
{"Time":"2026-10-08T12:27:51.530259763Z","Action":"output","Package":"go.temporal.io/server/tools/gomad3","Test":"TestArchitectureEffectFixtures/json-file-reader","Output":"=== RUN   TestArchitectureEffectFixtures/json-file-reader\n","OutputType":"frame"}
{"Time":"2026-10-08T12:27:52.215456347Z","Action":"output","Package":"go.temporal.io/server/tools/gomad3","Test":"TestArchitectureEffectFixtures/json-file-reader","Output":"--- PASS: TestArchitectureEffectFixtures/json-file-reader (0.69s)\n","OutputType":"frame"}
{"Time":"2026-10-08T12:27:52.215638888Z","Action":"pass","Package":"go.temporal.io/server/tools/gomad3","Test":"TestArchitectureEffectFixtures/json-file-reader","Elapsed":0.69}
{"Time":"2026-10-08T12:27:52.215666305Z","Action":"run","Package":"go.temporal.io/server/tools/gomad3","Test":"TestArchitectureEffectFixtures/fmt-stringer"}
{"Time":"2026-10-08T12:27:52.21568343Z","Action":"output","Package":"go.temporal.io/server/tools/gomad3","Test":"TestArchitectureEffectFixtures/fmt-stringer","Output":"=== RUN   TestArchitectureEffectFixtures/fmt-stringer\n","OutputType":"frame"}
{"Time":"2026-10-08T12:27:52.908591222Z","Action":"output","Package":"go.temporal.io/server/tools/gomad3","Test":"TestArchitectureEffectFixtures/fmt-stringer","Output":"--- PASS: TestArchitectureEffectFixtures/fmt-stringer (0.69s)\n","OutputType":"frame"}
{"Time":"2026-10-08T12:27:52.910977889Z","Action":"pass","Package":"go.temporal.io/server/tools/gomad3","Test":"TestArchitectureEffectFixtures/fmt-stringer","Elapsed":0.69}
{"Time":"2026-10-08T12:27:52.911015972Z","Action":"run","Package":"go.temporal.io/server/tools/gomad3","Test":"TestArchitectureEffectFixtures/fmt-formatter"}
{"Time":"2026-10-08T12:27:52.911052139Z","Action":"output","Package":"go.temporal.io/server/tools/gomad3","Test":"TestArchitectureEffectFixtures/fmt-formatter","Output":"=== RUN   TestArchitectureEffectFixtures/fmt-formatter\n","OutputType":"frame"}
{"Time":"2026-10-08T12:27:53.632271597Z","Action":"output","Package":"go.temporal.io/server/tools/gomad3","Test":"TestArchitectureEffectFixtures/fmt-formatter","Output":"--- PASS: TestArchitectureEffectFixtures/fmt-formatter (0.72s)\n","OutputType":"frame"}
{"Time":"2026-10-08T12:27:53.632329014Z","Action":"pass","Package":"go.temporal.io/server/tools/gomad3","Test":"TestArchitectureEffectFixtures/fmt-formatter","Elapsed":0.72}
{"Time":"2026-10-08T12:27:53.632352222Z","Action":"run","Package":"go.temporal.io/server/tools/gomad3","Test":"TestArchitectureEffectFixtures/fmt-gostring"}
{"Time":"2026-10-08T12:27:53.632356472Z","Action":"output","Package":"go.temporal.io/server/tools/gomad3","Test":"TestArchitectureEffectFixtures/fmt-gostring","Output":"=== RUN   TestArchitectureEffectFixtures/fmt-gostring\n","OutputType":"frame"}
{"Time":"2026-10-08T12:27:54.390608014Z","Action":"output","Package":"go.temporal.io/server/tools/gomad3","Test":"TestArchitectureEffectFixtures/fmt-gostring","Output":"--- PASS: TestArchitectureEffectFixtures/fmt-gostring (0.76s)\n","OutputType":"frame"}
{"Time":"2026-10-08T12:27:54.390688639Z","Action":"pass","Package":"go.temporal.io/server/tools/gomad3","Test":"TestArchitectureEffectFixtures/fmt-gostring","Elapsed":0.76}
{"Time":"2026-10-08T12:27:54.390718139Z","Action":"run","Package":"go.temporal.io/server/tools/gomad3","Test":"TestArchitectureEffectFixtures/unknown-callback"}
{"Time":"2026-10-08T12:27:54.390740973Z","Action":"output","Package":"go.temporal.io/server/tools/gomad3","Test":"TestArchitectureEffectFixtures/unknown-callback","Output":"=== RUN   TestArchitectureEffectFixtures/unknown-callback\n","OutputType":"frame"}
{"Time":"2026-10-08T12:27:55.033147515Z","Action":"output","Package":"go.temporal.io/server/tools/gomad3","Test":"TestArchitectureEffectFixtures/unknown-callback","Output":"--- PASS: TestArchitectureEffectFixtures/unknown-callback (0.64s)\n","OutputType":"frame"}
{"Time":"2026-10-08T12:27:55.033193348Z","Action":"pass","Package":"go.temporal.io/server/tools/gomad3","Test":"TestArchitectureEffectFixtures/unknown-callback","Elapsed":0.64}
{"Time":"2026-10-08T12:27:55.03322614Z","Action":"run","Package":"go.temporal.io/server/tools/gomad3","Test":"TestArchitectureEffectFixtures/unknown-location"}
{"Time":"2026-10-08T12:27:55.03324339Z","Action":"output","Package":"go.temporal.io/server/tools/gomad3","Test":"TestArchitectureEffectFixtures/unknown-location","Output":"=== RUN   TestArchitectureEffectFixtures/unknown-location\n","OutputType":"frame"}
{"Time":"2026-10-08T12:27:55.779973348Z","Action":"output","Package":"go.temporal.io/server/tools/gomad3","Test":"TestArchitectureEffectFixtures/unknown-location","Output":"--- PASS: TestArchitectureEffectFixtures/unknown-location (0.75s)\n","OutputType":"frame"}
{"Time":"2026-10-08T12:27:55.780195848Z","Action":"pass","Package":"go.temporal.io/server/tools/gomad3","Test":"TestArchitectureEffectFixtures/unknown-location","Elapsed":0.75}
{"Time":"2026-10-08T12:27:55.780269015Z","Action":"run","Package":"go.temporal.io/server/tools/gomad3","Test":"TestArchitectureEffectFixtures/local-location"}
{"Time":"2026-10-08T12:27:55.780279057Z","Action":"output","Package":"go.temporal.io/server/tools/gomad3","Test":"TestArchitectureEffectFixtures/local-location","Output":"=== RUN   TestArchitectureEffectFixtures/local-location\n","OutputType":"frame"}
{"Time":"2026-10-08T12:27:56.454780557Z","Action":"output","Package":"go.temporal.io/server/tools/gomad3","Test":"TestArchitectureEffectFixtures/local-location","Output":"--- PASS: TestArchitectureEffectFixtures/local-location (0.67s)\n","OutputType":"frame"}
{"Time":"2026-10-08T12:27:56.454818974Z","Action":"pass","Package":"go.temporal.io/server/tools/gomad3","Test":"TestArchitectureEffectFixtures/local-location","Elapsed":0.67}
{"Time":"2026-10-08T12:27:56.454834057Z","Action":"run","Package":"go.temporal.io/server/tools/gomad3","Test":"TestArchitectureEffectFixtures/utc-location"}
{"Time":"2026-10-08T12:27:56.45484264Z","Action":"output","Package":"go.temporal.io/server/tools/gomad3","Test":"TestArchitectureEffectFixtures/utc-location","Output":"=== RUN   TestArchitectureEffectFixtures/utc-location\n","OutputType":"frame"}
{"Time":"2026-10-08T12:27:57.109048682Z","Action":"output","Package":"go.temporal.io/server/tools/gomad3","Test":"TestArchitectureEffectFixtures/utc-location","Output":"--- PASS: TestArchitectureEffectFixtures/utc-location (0.65s)\n","OutputType":"frame"}
{"Time":"2026-10-08T12:27:57.109096099Z","Action":"pass","Package":"go.temporal.io/server/tools/gomad3","Test":"TestArchitectureEffectFixtures/utc-location","Elapsed":0.65}
{"Time":"2026-10-08T12:27:57.109126849Z","Action":"run","Package":"go.temporal.io/server/tools/gomad3","Test":"TestArchitectureEffectFixtures/pure-callback"}
{"Time":"2026-10-08T12:27:57.109312932Z","Action":"output","Package":"go.temporal.io/server/tools/gomad3","Test":"TestArchitectureEffectFixtures/pure-callback","Output":"=== RUN   TestArchitectureEffectFixtures/pure-callback\n","OutputType":"frame"}
{"Time":"2026-10-08T12:27:57.686093474Z","Action":"output","Package":"go.temporal.io/server/tools/gomad3","Test":"TestArchitectureEffectFixtures/pure-callback","Output":"--- PASS: TestArchitectureEffectFixtures/pure-callback (0.58s)\n","OutputType":"frame"}
{"Time":"2026-10-08T12:27:57.688394683Z","Action":"pass","Package":"go.temporal.io/server/tools/gomad3","Test":"TestArchitectureEffectFixtures/pure-callback","Elapsed":0.58}
{"Time":"2026-10-08T12:27:57.688423766Z","Action":"run","Package":"go.temporal.io/server/tools/gomad3","Test":"TestArchitectureEffectFixtures/pure-recursive-cycle"}
{"Time":"2026-10-08T12:27:57.688482516Z","Action":"output","Package":"go.temporal.io/server/tools/gomad3","Test":"TestArchitectureEffectFixtures/pure-recursive-cycle","Output":"=== RUN   TestArchitectureEffectFixtures/pure-recursive-cycle\n","OutputType":"frame"}
{"Time":"2026-10-08T12:27:58.227763975Z","Action":"output","Package":"go.temporal.io/server/tools/gomad3","Test":"TestArchitectureEffectFixtures/pure-recursive-cycle","Output":"--- PASS: TestArchitectureEffectFixtures/pure-recursive-cycle (0.54s)\n","OutputType":"frame"}
{"Time":"2026-10-08T12:27:58.227801433Z","Action":"pass","Package":"go.temporal.io/server/tools/gomad3","Test":"TestArchitectureEffectFixtures/pure-recursive-cycle","Elapsed":0.54}
{"Time":"2026-10-08T12:27:58.22785135Z","Action":"run","Package":"go.temporal.io/server/tools/gomad3","Test":"TestArchitectureEffectFixtures/pure-nested-json"}
{"Time":"2026-10-08T12:27:58.227877516Z","Action":"output","Package":"go.temporal.io/server/tools/gomad3","Test":"TestArchitectureEffectFixtures/pure-nested-json","Output":"=== RUN   TestArchitectureEffectFixtures/pure-nested-json\n","OutputType":"frame"}
{"Time":"2026-10-08T12:27:58.824965266Z","Action":"output","Package":"go.temporal.io/server/tools/gomad3","Test":"TestArchitectureEffectFixtures/pure-nested-json","Output":"--- PASS: TestArchitectureEffectFixtures/pure-nested-json (0.60s)\n","OutputType":"frame"}
{"Time":"2026-10-08T12:27:58.825018891Z","Action":"pass","Package":"go.temporal.io/server/tools/gomad3","Test":"TestArchitectureEffectFixtures/pure-nested-json","Elapsed":0.6}
{"Time":"2026-10-08T12:27:58.825050975Z","Action":"run","Package":"go.temporal.io/server/tools/gomad3","Test":"TestArchitectureEffectFixtures/pure-memory-stream"}
{"Time":"2026-10-08T12:27:58.825073725Z","Action":"output","Package":"go.temporal.io/server/tools/gomad3","Test":"TestArchitectureEffectFixtures/pure-memory-stream","Output":"=== RUN   TestArchitectureEffectFixtures/pure-memory-stream\n","OutputType":"frame"}
{"Time":"2026-10-08T12:27:59.4520141Z","Action":"output","Package":"go.temporal.io/server/tools/gomad3","Test":"TestArchitectureEffectFixtures/pure-memory-stream","Output":"--- PASS: TestArchitectureEffectFixtures/pure-memory-stream (0.63s)\n","OutputType":"frame"}
{"Time":"2026-10-08T12:27:59.454251558Z","Action":"pass","Package":"go.temporal.io/server/tools/gomad3","Test":"TestArchitectureEffectFixtures/pure-memory-stream","Elapsed":0.63}
{"Time":"2026-10-08T12:27:59.454274933Z","Action":"run","Package":"go.temporal.io/server/tools/gomad3","Test":"TestArchitectureEffectFixtures/pure-fmt-type"}
{"Time":"2026-10-08T12:27:59.454279933Z","Action":"output","Package":"go.temporal.io/server/tools/gomad3","Test":"TestArchitectureEffectFixtures/pure-fmt-type","Output":"=== RUN   TestArchitectureEffectFixtures/pure-fmt-type\n","OutputType":"frame"}
{"Time":"2026-10-08T12:28:00.451143392Z","Action":"output","Package":"go.temporal.io/server/tools/gomad3","Test":"TestArchitectureEffectFixtures/pure-fmt-type","Output":"--- PASS: TestArchitectureEffectFixtures/pure-fmt-type (1.00s)\n","OutputType":"frame"}
{"Time":"2026-10-08T12:28:00.451339142Z","Action":"pass","Package":"go.temporal.io/server/tools/gomad3","Test":"TestArchitectureEffectFixtures/pure-fmt-type","Elapsed":1}
{"Time":"2026-10-08T12:28:00.451420226Z","Action":"run","Package":"go.temporal.io/server/tools/gomad3","Test":"TestArchitectureEffectFixtures/effectful-unrelated-sibling"}
{"Time":"2026-10-08T12:28:00.451432017Z","Action":"output","Package":"go.temporal.io/server/tools/gomad3","Test":"TestArchitectureEffectFixtures/effectful-unrelated-sibling","Output":"=== RUN   TestArchitectureEffectFixtures/effectful-unrelated-sibling\n","OutputType":"frame"}
{"Time":"2026-10-08T12:28:01.587493726Z","Action":"output","Package":"go.temporal.io/server/tools/gomad3","Test":"TestArchitectureEffectFixtures/effectful-unrelated-sibling","Output":"--- PASS: TestArchitectureEffectFixtures/effectful-unrelated-sibling (1.14s)\n","OutputType":"frame"}
{"Time":"2026-10-08T12:28:01.587656601Z","Action":"pass","Package":"go.temporal.io/server/tools/gomad3","Test":"TestArchitectureEffectFixtures/effectful-unrelated-sibling","Elapsed":1.14}
{"Time":"2026-10-08T12:28:01.587735226Z","Action":"run","Package":"go.temporal.io/server/tools/gomad3","Test":"TestArchitectureEffectFixtures/copy-callback"}
{"Time":"2026-10-08T12:28:01.587773268Z","Action":"output","Package":"go.temporal.io/server/tools/gomad3","Test":"TestArchitectureEffectFixtures/copy-callback","Output":"=== RUN   TestArchitectureEffectFixtures/copy-callback\n","OutputType":"frame"}
{"Time":"2026-10-08T12:28:02.04882906Z","Action":"output","Package":"go.temporal.io/server/tools/gomad3","Test":"TestArchitectureEffectFixtures/copy-callback","Output":"--- PASS: TestArchitectureEffectFixtures/copy-callback (0.46s)\n","OutputType":"frame"}
{"Time":"2026-10-08T12:28:02.048943143Z","Action":"pass","Package":"go.temporal.io/server/tools/gomad3","Test":"TestArchitectureEffectFixtures/copy-callback","Elapsed":0.46}
{"Time":"2026-10-08T12:28:02.048969601Z","Action":"run","Package":"go.temporal.io/server/tools/gomad3","Test":"TestArchitectureEffectFixtures/insert-callback"}
{"Time":"2026-10-08T12:28:02.048974476Z","Action":"output","Package":"go.temporal.io/server/tools/gomad3","Test":"TestArchitectureEffectFixtures/insert-callback","Output":"=== RUN   TestArchitectureEffectFixtures/insert-callback\n","OutputType":"frame"}
{"Time":"2026-10-08T12:28:02.389771768Z","Action":"output","Package":"go.temporal.io/server/tools/gomad3","Test":"TestArchitectureEffectFixtures/insert-callback","Output":"--- PASS: TestArchitectureEffectFixtures/insert-callback (0.34s)\n","OutputType":"frame"}
{"Time":"2026-10-08T12:28:02.389813768Z","Action":"pass","Package":"go.temporal.io/server/tools/gomad3","Test":"TestArchitectureEffectFixtures/insert-callback","Elapsed":0.34}
{"Time":"2026-10-08T12:28:02.38983031Z","Action":"run","Package":"go.temporal.io/server/tools/gomad3","Test":"TestArchitectureEffectFixtures/clone-callback"}
{"Time":"2026-10-08T12:28:02.389838143Z","Action":"output","Package":"go.temporal.io/server/tools/gomad3","Test":"TestArchitectureEffectFixtures/clone-callback","Output":"=== RUN   TestArchitectureEffectFixtures/clone-callback\n","OutputType":"frame"}
{"Time":"2026-10-08T12:28:02.752464435Z","Action":"output","Package":"go.temporal.io/server/tools/gomad3","Test":"TestArchitectureEffectFixtures/clone-callback","Output":"--- PASS: TestArchitectureEffectFixtures/clone-callback (0.36s)\n","OutputType":"frame"}
{"Time":"2026-10-08T12:28:02.752524018Z","Action":"pass","Package":"go.temporal.io/server/tools/gomad3","Test":"TestArchitectureEffectFixtures/clone-callback","Elapsed":0.36}
{"Time":"2026-10-08T12:28:02.752556102Z","Action":"run","Package":"go.temporal.io/server/tools/gomad3","Test":"TestArchitectureEffectFixtures/pointer-callback"}
{"Time":"2026-10-08T12:28:02.752626852Z","Action":"output","Package":"go.temporal.io/server/tools/gomad3","Test":"TestArchitectureEffectFixtures/pointer-callback","Output":"=== RUN   TestArchitectureEffectFixtures/pointer-callback\n","OutputType":"frame"}
{"Time":"2026-10-08T12:28:03.11024781Z","Action":"output","Package":"go.temporal.io/server/tools/gomad3","Test":"TestArchitectureEffectFixtures/pointer-callback","Output":"--- PASS: TestArchitectureEffectFixtures/pointer-callback (0.36s)\n","OutputType":"frame"}
{"Time":"2026-10-08T12:28:03.11028281Z","Action":"pass","Package":"go.temporal.io/server/tools/gomad3","Test":"TestArchitectureEffectFixtures/pointer-callback","Elapsed":0.36}
{"Time":"2026-10-08T12:28:03.110294352Z","Action":"run","Package":"go.temporal.io/server/tools/gomad3","Test":"TestArchitectureEffectFixtures/range-iterator"}
{"Time":"2026-10-08T12:28:03.110305269Z","Action":"output","Package":"go.temporal.io/server/tools/gomad3","Test":"TestArchitectureEffectFixtures/range-iterator","Output":"=== RUN   TestArchitectureEffectFixtures/range-iterator\n","OutputType":"frame"}
{"Time":"2026-10-08T12:28:03.469079144Z","Action":"output","Package":"go.temporal.io/server/tools/gomad3","Test":"TestArchitectureEffectFixtures/range-iterator","Output":"--- PASS: TestArchitectureEffectFixtures/range-iterator (0.36s)\n","OutputType":"frame"}
{"Time":"2026-10-08T12:28:03.471520019Z","Action":"pass","Package":"go.temporal.io/server/tools/gomad3","Test":"TestArchitectureEffectFixtures/range-iterator","Elapsed":0.36}
{"Time":"2026-10-08T12:28:03.471943852Z","Action":"run","Package":"go.temporal.io/server/tools/gomad3","Test":"TestArchitectureEffectFixtures/slice-pointer-json"}
{"Time":"2026-10-08T12:28:03.472073269Z","Action":"output","Package":"go.temporal.io/server/tools/gomad3","Test":"TestArchitectureEffectFixtures/slice-pointer-json","Output":"=== RUN   TestArchitectureEffectFixtures/slice-pointer-json\n","OutputType":"frame"}
{"Time":"2026-10-08T12:28:04.037301894Z","Action":"output","Package":"go.temporal.io/server/tools/gomad3","Test":"TestArchitectureEffectFixtures/slice-pointer-json","Output":"--- PASS: TestArchitectureEffectFixtures/slice-pointer-json (0.57s)\n","OutputType":"frame"}
{"Time":"2026-10-08T12:28:04.046858477Z","Action":"pass","Package":"go.temporal.io/server/tools/gomad3","Test":"TestArchitectureEffectFixtures/slice-pointer-json","Elapsed":0.57}
{"Time":"2026-10-08T12:28:04.046943061Z","Action":"run","Package":"go.temporal.io/server/tools/gomad3","Test":"TestArchitectureEffectFixtures/blank-import-init"}
{"Time":"2026-10-08T12:28:04.047080186Z","Action":"output","Package":"go.temporal.io/server/tools/gomad3","Test":"TestArchitectureEffectFixtures/blank-import-init","Output":"=== RUN   TestArchitectureEffectFixtures/blank-import-init\n","OutputType":"frame"}
{"Time":"2026-10-08T12:28:04.411753477Z","Action":"output","Package":"go.temporal.io/server/tools/gomad3","Test":"TestArchitectureEffectFixtures/blank-import-init","Output":"--- PASS: TestArchitectureEffectFixtures/blank-import-init (0.36s)\n","OutputType":"frame"}
{"Time":"2026-10-08T12:28:04.411822186Z","Action":"pass","Package":"go.temporal.io/server/tools/gomad3","Test":"TestArchitectureEffectFixtures/blank-import-init","Elapsed":0.36}
{"Time":"2026-10-08T12:28:04.411836352Z","Action":"output","Package":"go.temporal.io/server/tools/gomad3","Test":"TestArchitectureEffectFixtures","Output":"--- PASS: TestArchitectureEffectFixtures (22.62s)\n","OutputType":"frame"}
{"Time":"2026-10-08T12:28:04.411882977Z","Action":"pass","Package":"go.temporal.io/server/tools/gomad3","Test":"TestArchitectureEffectFixtures","Elapsed":22.62}
{"Time":"2026-10-08T12:28:04.411984852Z","Action":"run","Package":"go.temporal.io/server/tools/gomad3","Test":"TestPackageArchitecture"}
{"Time":"2026-10-08T12:28:04.411999227Z","Action":"output","Package":"go.temporal.io/server/tools/gomad3","Test":"TestPackageArchitecture","Output":"=== RUN   TestPackageArchitecture\n","OutputType":"frame"}
{"Time":"2026-10-08T12:28:07.993089938Z","Action":"output","Package":"go.temporal.io/server/tools/gomad3","Test":"TestPackageArchitecture","Output":"--- PASS: TestPackageArchitecture (3.58s)\n","OutputType":"frame"}
{"Time":"2026-10-08T12:28:07.993264521Z","Action":"pass","Package":"go.temporal.io/server/tools/gomad3","Test":"TestPackageArchitecture","Elapsed":3.58}
{"Time":"2026-10-08T12:28:07.993289021Z","Action":"run","Package":"go.temporal.io/server/tools/gomad3","Test":"TestPublicPackagesDoNotExportTypeAliases"}
{"Time":"2026-10-08T12:28:07.993305563Z","Action":"output","Package":"go.temporal.io/server/tools/gomad3","Test":"TestPublicPackagesDoNotExportTypeAliases","Output":"=== RUN   TestPublicPackagesDoNotExportTypeAliases\n","OutputType":"frame"}
{"Time":"2026-10-08T12:28:12.808631981Z","Action":"output","Package":"go.temporal.io/server/tools/gomad3","Test":"TestPublicPackagesDoNotExportTypeAliases","Output":"--- PASS: TestPublicPackagesDoNotExportTypeAliases (4.81s)\n","OutputType":"frame"}
{"Time":"2026-10-08T12:28:12.809091731Z","Action":"pass","Package":"go.temporal.io/server/tools/gomad3","Test":"TestPublicPackagesDoNotExportTypeAliases","Elapsed":4.81}
{"Time":"2026-10-08T12:28:12.809238065Z","Action":"run","Package":"go.temporal.io/server/tools/gomad3","Test":"TestPureModulesHaveNoHostEffects"}
{"Time":"2026-10-08T12:28:12.809251398Z","Action":"output","Package":"go.temporal.io/server/tools/gomad3","Test":"TestPureModulesHaveNoHostEffects","Output":"=== RUN   TestPureModulesHaveNoHostEffects\n","OutputType":"frame"}
{"Time":"2026-10-08T12:28:51.931682417Z","Action":"output","Package":"go.temporal.io/server/tools/gomad3","Test":"TestPureModulesHaveNoHostEffects","Output":"--- PASS: TestPureModulesHaveNoHostEffects (39.12s)\n","OutputType":"frame"}
{"Time":"2026-10-08T12:28:51.932017792Z","Action":"pass","Package":"go.temporal.io/server/tools/gomad3","Test":"TestPureModulesHaveNoHostEffects","Elapsed":39.12}
{"Time":"2026-10-08T12:28:51.932036958Z","Action":"run","Package":"go.temporal.io/server/tools/gomad3","Test":"TestRunnerExecutionInjectionIsPrivate"}
{"Time":"2026-10-08T12:28:51.932054542Z","Action":"output","Package":"go.temporal.io/server/tools/gomad3","Test":"TestRunnerExecutionInjectionIsPrivate","Output":"=== RUN   TestRunnerExecutionInjectionIsPrivate\n","OutputType":"frame"}
{"Time":"2026-10-08T12:28:51.932667958Z","Action":"output","Package":"go.temporal.io/server/tools/gomad3","Test":"TestRunnerExecutionInjectionIsPrivate","Output":"--- PASS: TestRunnerExecutionInjectionIsPrivate (0.01s)\n","OutputType":"frame"}
{"Time":"2026-10-08T12:28:51.932694417Z","Action":"pass","Package":"go.temporal.io/server/tools/gomad3","Test":"TestRunnerExecutionInjectionIsPrivate","Elapsed":0.01}
{"Time":"2026-10-08T12:28:51.932724083Z","Action":"run","Package":"go.temporal.io/server/tools/gomad3","Test":"TestCurrentVocabularyHasNoLegacyCampaignBoundary"}
{"Time":"2026-10-08T12:28:51.932730792Z","Action":"output","Package":"go.temporal.io/server/tools/gomad3","Test":"TestCurrentVocabularyHasNoLegacyCampaignBoundary","Output":"=== RUN   TestCurrentVocabularyHasNoLegacyCampaignBoundary\n","OutputType":"frame"}
{"Time":"2026-10-08T12:28:51.974356625Z","Action":"output","Package":"go.temporal.io/server/tools/gomad3","Test":"TestCurrentVocabularyHasNoLegacyCampaignBoundary","Output":"--- PASS: TestCurrentVocabularyHasNoLegacyCampaignBoundary (0.04s)\n","OutputType":"frame"}
{"Time":"2026-10-08T12:28:51.974404292Z","Action":"pass","Package":"go.temporal.io/server/tools/gomad3","Test":"TestCurrentVocabularyHasNoLegacyCampaignBoundary","Elapsed":0.04}
{"Time":"2026-10-08T12:28:51.974444875Z","Action":"run","Package":"go.temporal.io/server/tools/gomad3","Test":"TestMakeTargetsMatchTheirOwnership"}
{"Time":"2026-10-08T12:28:51.974481042Z","Action":"output","Package":"go.temporal.io/server/tools/gomad3","Test":"TestMakeTargetsMatchTheirOwnership","Output":"=== RUN   TestMakeTargetsMatchTheirOwnership\n","OutputType":"frame"}
{"Time":"2026-10-08T12:28:51.975258958Z","Action":"output","Package":"go.temporal.io/server/tools/gomad3","Test":"TestMakeTargetsMatchTheirOwnership","Output":"--- PASS: TestMakeTargetsMatchTheirOwnership (0.00s)\n","OutputType":"frame"}
{"Time":"2026-10-08T12:28:51.975295167Z","Action":"pass","Package":"go.temporal.io/server/tools/gomad3","Test":"TestMakeTargetsMatchTheirOwnership","Elapsed":0}
{"Time":"2026-10-08T12:28:51.975332667Z","Action":"run","Package":"go.temporal.io/server/tools/gomad3","Test":"TestExactModuleEdges"}
{"Time":"2026-10-08T12:28:51.975356458Z","Action":"output","Package":"go.temporal.io/server/tools/gomad3","Test":"TestExactModuleEdges","Output":"=== RUN   TestExactModuleEdges\n","OutputType":"frame"}
{"Time":"2026-10-08T12:28:54.700802168Z","Action":"output","Package":"go.temporal.io/server/tools/gomad3","Test":"TestExactModuleEdges","Output":"--- PASS: TestExactModuleEdges (2.73s)\n","OutputType":"frame"}
{"Time":"2026-10-08T12:28:54.700859918Z","Action":"pass","Package":"go.temporal.io/server/tools/gomad3","Test":"TestExactModuleEdges","Elapsed":2.73}
{"Time":"2026-10-08T12:28:54.70096696Z","Action":"run","Package":"go.temporal.io/server/tools/gomad3","Test":"TestDomainModulesDoNotExportWireFraming"}
{"Time":"2026-10-08T12:28:54.700993001Z","Action":"output","Package":"go.temporal.io/server/tools/gomad3","Test":"TestDomainModulesDoNotExportWireFraming","Output":"=== RUN   TestDomainModulesDoNotExportWireFraming\n","OutputType":"frame"}
{"Time":"2026-10-08T12:28:54.711576626Z","Action":"output","Package":"go.temporal.io/server/tools/gomad3","Test":"TestDomainModulesDoNotExportWireFraming","Output":"--- PASS: TestDomainModulesDoNotExportWireFraming (0.01s)\n","OutputType":"frame"}
{"Time":"2026-10-08T12:28:54.711631918Z","Action":"pass","Package":"go.temporal.io/server/tools/gomad3","Test":"TestDomainModulesDoNotExportWireFraming","Elapsed":0.01}
{"Time":"2026-10-08T12:28:54.711647126Z","Action":"output","Package":"go.temporal.io/server/tools/gomad3","Output":"PASS\n","OutputType":"frame"}
{"Time":"2026-10-08T12:28:54.730192668Z","Action":"output","Package":"go.temporal.io/server/tools/gomad3","Output":"ok  \tgo.temporal.io/server/tools/gomad3\t73.392s\n"}
{"Time":"2026-10-08T12:28:54.730239293Z","Action":"pass","Package":"go.temporal.io/server/tools/gomad3","Elapsed":73.393}
