coverage model/ir/activity-standalone.json activityProduct
  properties           3 declared, 3 named by a Query
  verify Queries       3, 3 whose Property fired
  named choices        17, 17 taken by a reachable state
coverage model/ir/activity-standalone.json activitySystem
  properties           39 declared, 39 named by a Query
  verify Queries       30, 30 whose Property fired
  non-system actions   15, 10 performed by a realization
  facts                12, 10 with evidence
  refinements          1 declared, 0 read through by a Query
  observations         2, 2 read
  API values           7 tested, 6 mapped to a fact
coverage model/ir/activity-standalone.json byIDCancellation
  properties           2 declared, 2 named by a Query
  non-system actions   15, 4 performed by a realization
  facts                12, 5 with evidence
  observations         2, 2 read
  API values           12 tested, 4 mapped to a fact
coverage model/ir/activity-standalone.json byIDCompletion
  properties           1 declared, 1 named by a Query
  non-system actions   15, 2 performed by a realization
  facts                12, 2 with evidence
  observations         2, 2 read
  API values           12 tested, 1 mapped to a fact
coverage model/ir/activity-standalone.json byIDFailure
  properties           1 declared, 1 named by a Query
  non-system actions   15, 3 performed by a realization
  facts                12, 4 with evidence
  observations         2, 2 read
  API values           12 tested, 3 mapped to a fact
coverage model/ir/activity-standalone.json deferredReset
  properties           1 declared, 1 named by a Query
  non-system actions   15, 4 performed by a realization
  facts                12, 5 with evidence
  observations         2, 2 read
  API values           12 tested, 3 mapped to a fact
coverage model/ir/activity-standalone.json exhaustAfterHeartbeat
  bindings             22, 22 of a realizable class
  realizable classes   99 of performed actions, 19 bound
coverage model/ir/activity-standalone.json heartbeatCompletion
  properties           1 declared, 1 named by a Query
  non-system actions   15, 4 performed by a realization
  facts                12, 5 with evidence
  observations         3, 3 read
  API values           7 tested, 1 mapped to a fact
coverage model/ir/activity-standalone.json heartbeatExhaustion
  properties           1 declared, 1 named by a Query
  non-system actions   15, 4 performed by a realization
  facts                12, 6 with evidence
  observations         3, 3 read
  API values           11 tested, 2 mapped to a fact
coverage model/ir/activity-standalone.json heartbeatRetry
  properties           1 declared, 1 named by a Query
  non-system actions   15, 4 performed by a realization
  facts                12, 6 with evidence
  observations         3, 3 read
  API values           11 tested, 2 mapped to a fact
coverage model/ir/activity-standalone.json heartbeatThenCompletion
  bindings             22, 22 of a realizable class
  realizable classes   99 of performed actions, 19 bound
coverage model/ir/activity-standalone.json heldCancellationByID
  bindings             4, 4 of a realizable class
  realizable classes   99 of performed actions, 4 bound
coverage model/ir/activity-standalone.json heldFailureByID
  bindings             3, 3 of a realizable class
  realizable classes   99 of performed actions, 3 bound
coverage model/ir/activity-standalone.json resetAfterHeartbeat
  bindings             4, 4 of a realizable class
  realizable classes   100 of performed actions, 4 bound
coverage model/ir/activity-standalone.json resetKeepingPause
  properties           1 declared, 1 named by a Query
coverage model/ir/activity-standalone.json resetSettlement
  properties           9 declared, 9 named by a Query
coverage model/ir/activity-standalone.json retryAfterHeartbeat
  bindings             22, 22 of a realizable class
  realizable classes   99 of performed actions, 19 bound
coverage model/ir/activity-standalone.json retryAfterTimeout
  bindings             21, 21 of a realizable class
  realizable classes   100 of performed actions, 19 bound
coverage model/ir/activity-standalone.json scheduledCompletionByID
  bindings             2, 2 of a realizable class
  realizable classes   97 of performed actions, 2 bound
coverage model/ir/activity-standalone.json standalone
  bindings             67, 67 of a realizable class
  realizable classes   106 of performed actions, 58 bound
coverage model/ir/activity-standalone.json standaloneActivity
  properties           1 declared, 1 named by a Query
  verify Queries       1, 1 whose Property fired
coverage model/ir/activity-standalone.json timeoutRetry
  properties           2 declared, 2 named by a Query
  non-system actions   15, 4 performed by a realization
  facts                12, 5 with evidence
  observations         2, 2 read
  API values           7 tested, 2 mapped to a fact
coverage model/ir/nexus-workflow-control.json forgedControl
  bindings             20, 20 of a realizable class
  realizable classes   19 of performed actions, 13 bound
coverage model/ir/nexus-workflow-control.json trustingCaller
  properties           1 declared, 1 named by a Query
  non-system actions   6, 5 performed by a realization
  facts                7, 7 with evidence
  named choices        2, 2 taken by a reachable state
  observations         2, 2 read
coverage model/irgen/testdata/lifts/expected/admission.json activityProduct
  properties           1 declared, 1 named by a Query
  verify Queries       2, 1 whose Property fired
coverage model/irgen/testdata/lifts/expected/admission.json activityRecord
  properties           3 declared, 3 named by a Query
  verify Queries       6, 6 whose Property fired
  named choices        2, 2 taken by a reachable state
  refinements          1 declared, 1 read through by a Query
coverage model/irgen/testdata/lifts/expected/admission.json trustingActivityRecord
  properties           3 declared, 3 named by a Query
  verify Queries       6, 6 whose Property fired
  named choices        2, 2 taken by a reachable state
  refinements          1 declared, 1 read through by a Query
coverage model/irgen/testdata/lifts/expected/captured.json detailedPair
  properties           1 declared, 1 named by a Query
coverage model/irgen/testdata/lifts/expected/captured.json disk
  properties           3 declared, 3 named by a Query
  verify Queries       3, 3 whose Property fired
  refinements          1 declared, 1 read through by a Query
coverage model/irgen/testdata/lifts/expected/captured.json store
  properties           1 declared, 1 named by a Query
  verify Queries       1, 1 whose Property fired
  non-system actions   1, 0 performed by a realization
  facts                3, 0 with evidence
  observations         1, 1 read
coverage model/irgen/testdata/lifts/expected/declarations.json detailedPair
  properties           1 declared, 1 named by a Query
coverage model/irgen/testdata/lifts/expected/declarations.json disk
  properties           2 declared, 2 named by a Query
  verify Queries       2, 2 whose Property fired
  refinements          1 declared, 1 read through by a Query
coverage model/irgen/testdata/lifts/expected/declarations.json pair
  properties           1 declared, 1 named by a Query
  verify Queries       1, 1 whose Property fired
coverage model/irgen/testdata/lifts/expected/declarations.json store
  properties           1 declared, 1 named by a Query
  verify Queries       1, 1 whose Property fired
coverage model/irgen/testdata/lifts/expected/realizations.json door
  properties           1 declared, 1 named by a Query
  non-system actions   1, 1 performed by a realization
  facts                1, 1 with evidence
  observations         1, 1 read
coverage model/irgen/testdata/lifts/expected/realizations.json doorRealization
  bindings             1, 1 of a realizable class
  realizable classes   1 of performed actions, 1 bound
coverage model/irgen/testdata/lifts/expected/realizations.json errand
  properties           2 declared, 2 named by a Query
  non-system actions   3, 3 performed by a realization
  facts                3, 3 with evidence
  observations         1, 1 read
  API values           7 tested, 2 mapped to a fact
coverage model/irgen/testdata/lifts/expected/realizations.json errandRealization
  bindings             5, 5 of a realizable class
  realizable classes   5 of performed actions, 5 bound
coverage model/irgen/testdata/lifts/expected/realizations.json learnedRun
  bindings             1, 1 of a realizable class
  realizable classes   1 of performed actions, 1 bound
coverage model/irgen/testdata/lifts/expected/realizations.json pauseRace
  bindings             1, 1 of a realizable class
  realizable classes   1 of performed actions, 1 bound
coverage model/irgen/testdata/lifts/expected/realizations.json race
  properties           1 declared, 1 named by a Query
  non-system actions   1, 1 performed by a realization
  facts                1, 1 with evidence
  observations         1, 1 read
coverage model/irgen/testdata/lifts/expected/realizations.json run
  properties           1 declared, 1 named by a Query
  non-system actions   1, 1 performed by a realization
  facts                1, 1 with evidence
  observations         2, 2 read
coverage model/irgen/testdata/lifts/expected/realizations.json tally
  properties           1 declared, 1 named by a Query
  non-system actions   1, 1 performed by a realization
  facts                1, 1 with evidence
  observations         1, 1 read
coverage model/irgen/testdata/lifts/expected/realizations.json tallyRealization
  bindings             1, 1 of a realizable class
  realizable classes   1 of performed actions, 1 bound
coverage model/irgen/testdata/lifts/expected/taskqueue.json forgetfulQueue
  named choices        2, 2 taken by a reachable state
  refinements          1 declared, 0 read through by a Query
coverage model/irgen/testdata/lifts/expected/taskqueue.json jobOverForgetful
  properties           2 declared, 2 named by a Query
  verify Queries       1, 0 whose Property fired
coverage model/irgen/testdata/lifts/expected/taskqueue.json jobOverMatching
  properties           2 declared, 2 named by a Query
  verify Queries       1, 1 whose Property fired
coverage model/irgen/testdata/lifts/expected/taskqueue.json jobOverQueue
  properties           2 declared, 2 named by a Query
  verify Queries       1, 1 whose Property fired
coverage model/irgen/testdata/lifts/expected/taskqueue.json taskQueueProduct
  named choices        2, 2 taken by a reachable state
coverage model/irgen/testdata/lifts/expected/taskqueue.json taskQueueSystem
  named choices        2, 2 taken by a reachable state
  refinements          1 declared, 0 read through by a Query
