coverage model/ir/activity.json activityProduct
  properties           3 declared, 3 named by a Query
  verify Queries       3, 3 whose Property fired
coverage model/ir/activity.json activitySystem
  properties           10 declared, 10 named by a Query
  non-system actions   5, 5 performed by a realization
  facts                10, 10 with evidence
  refinements          1 declared, 0 read through by a Query
  observations         1, 1 read
  API values           7 tested, 6 mapped to a fact
coverage model/ir/activity.json standaloneActivity
  properties           1 declared, 1 named by a Query
  verify Queries       1, 1 whose Property fired
coverage model/ir/nexus-workflow-control.json trustingCaller
  properties           1 declared, 1 named by a Query
  non-system actions   6, 5 performed by a realization
  facts                7, 7 with evidence
  named choices        2, 2 taken by a reachable state
  observations         2, 2 read
coverage model/irgen/testdata/lifts/expected/admission.json activityProduct
  properties           1 declared, 1 named by a Query
  verify Queries       2, 1 whose Property fired
coverage model/irgen/testdata/lifts/expected/admission.json activityRecord
  properties           3 declared, 3 named by a Query
  verify Queries       6, 6 whose Property fired
  named choices        2, 2 taken by a reachable state
  refinements          1 declared, 1 read through by a Query
coverage model/irgen/testdata/lifts/expected/admission.json trustingActivityRecord
  properties           3 declared, 3 named by a Query
  verify Queries       6, 6 whose Property fired
  named choices        2, 2 taken by a reachable state
  refinements          1 declared, 1 read through by a Query
coverage model/irgen/testdata/lifts/expected/capabilities.json job
  properties           5 declared, 5 named by a Query
  verify Queries       3, 3 whose Property fired
coverage model/irgen/testdata/lifts/expected/capabilities.json keptJob
  properties           1 declared, 1 named by a Query
  verify Queries       1, 1 whose Property fired
coverage model/irgen/testdata/lifts/expected/capabilities.json legacyJob
  properties           1 declared, 1 named by a Query
  verify Queries       1, 1 whose Property fired
coverage model/irgen/testdata/lifts/expected/capabilities.json pair
  properties           2 declared, 2 named by a Query
  verify Queries       2, 2 whose Property fired
coverage model/irgen/testdata/lifts/expected/capabilities.json rogueJob
  properties           1 declared, 1 named by a Query
  verify Queries       1, 1 whose Property fired
coverage model/irgen/testdata/lifts/expected/captured.json detailedPair
  properties           1 declared, 1 named by a Query
coverage model/irgen/testdata/lifts/expected/captured.json disk
  properties           3 declared, 3 named by a Query
  verify Queries       3, 3 whose Property fired
  refinements          1 declared, 1 read through by a Query
coverage model/irgen/testdata/lifts/expected/captured.json store
  properties           1 declared, 1 named by a Query
  verify Queries       1, 1 whose Property fired
  non-system actions   1, 0 performed by a realization
  facts                3, 0 with evidence
  observations         1, 1 read
coverage model/irgen/testdata/lifts/expected/declarations.json detailedPair
  properties           1 declared, 1 named by a Query
coverage model/irgen/testdata/lifts/expected/declarations.json disk
  properties           2 declared, 2 named by a Query
  verify Queries       2, 2 whose Property fired
  refinements          1 declared, 1 read through by a Query
coverage model/irgen/testdata/lifts/expected/declarations.json pair
  properties           1 declared, 1 named by a Query
  verify Queries       1, 1 whose Property fired
coverage model/irgen/testdata/lifts/expected/declarations.json store
  properties           1 declared, 1 named by a Query
  verify Queries       1, 1 whose Property fired
coverage model/irgen/testdata/lifts/expected/realizations.json door
  properties           1 declared, 1 named by a Query
  non-system actions   1, 1 performed by a realization
  facts                1, 1 with evidence
  observations         1, 1 read
coverage model/irgen/testdata/lifts/expected/realizations.json errand
  properties           2 declared, 2 named by a Query
  non-system actions   3, 3 performed by a realization
  facts                3, 3 with evidence
  observations         1, 1 read
  API values           7 tested, 2 mapped to a fact
coverage model/irgen/testdata/lifts/expected/realizations.json race
  properties           1 declared, 1 named by a Query
  non-system actions   1, 1 performed by a realization
  facts                1, 1 with evidence
  observations         1, 1 read
coverage model/irgen/testdata/lifts/expected/realizations.json run
  properties           1 declared, 1 named by a Query
  non-system actions   1, 1 performed by a realization
  facts                1, 1 with evidence
  observations         2, 2 read
coverage model/irgen/testdata/lifts/expected/realizations.json tally
  properties           1 declared, 1 named by a Query
  non-system actions   1, 1 performed by a realization
  facts                1, 1 with evidence
  observations         1, 1 read
coverage model/irgen/testdata/lifts/expected/taskqueue.json forgetfulQueue
  named choices        2, 2 taken by a reachable state
  refinements          1 declared, 0 read through by a Query
coverage model/irgen/testdata/lifts/expected/taskqueue.json jobOverForgetful
  properties           2 declared, 2 named by a Query
  verify Queries       1, 0 whose Property fired
coverage model/irgen/testdata/lifts/expected/taskqueue.json jobOverMatching
  properties           2 declared, 2 named by a Query
  verify Queries       1, 1 whose Property fired
coverage model/irgen/testdata/lifts/expected/taskqueue.json jobOverQueue
  properties           2 declared, 2 named by a Query
  verify Queries       1, 1 whose Property fired
coverage model/irgen/testdata/lifts/expected/taskqueue.json taskQueueProduct
  named choices        2, 2 taken by a reachable state
coverage model/irgen/testdata/lifts/expected/taskqueue.json taskQueueSystem
  named choices        2, 2 taken by a reachable state
  refinements          1 declared, 0 read through by a Query
