Lint module tools/gomad3: 55 host packages
make[1]: Entering directory '/Users/stephan/Workspace/skunkworks/.gomad-runner-preparation-research.ETZ8a4ZF/preparation'
[1;36mLinting code...[0m
level=info msg="golangci-lint has version 2.13.0 built with go1.27.1 from (unknown, modified: ?, mod sum: \"h1:n/YR8sCuTAfjwKLHOU0q63X2e4tObi1PCNOz+HXJ3cE=\") on (unknown)"
level=info msg="[config_reader] Used config file ../../.github/.golangci.yml"
level=info msg="[config_reader] Module name \"go.temporal.io/server/tools/gomad3\""
level=info msg="[goenv] Read go env for 1.703667ms: map[string]string{\"GOCACHE\":\"/Users/stephan/Workspace/skunkworks/.gomad-fn10963-admission.Ho6KcW4t/go-cache\", \"GOROOT\":\"/home/agent/go/pkg/mod/golang.org/toolchain@v0.0.1-go1.27.1.linux-arm64\"}"
level=info msg="[lintersdb] Active 13 linters: [depguard errcheck exhaustive forbidigo gci godox goimports govet importas iotamixing revive staticcheck testifylint]"
level=info msg="[loader] Using build tags: [test_dep]"
level=info msg="[loader] Go packages loading at mode 8767 (deps|exports_file|files|imports|name|compiled_files|types_sizes) took 2.77019746s"
level=info msg="[runner/filename_unadjuster] Pre-built 0 adjustments in 71.866292ms"
level=info msg="[linters_context/goanalysis] analyzers took 1m21.409945435s with top 10 stages: revive: 25.804130635s, goimports: 12.923220878s, gci: 4.8047065s, buildir: 4.106781282s, nilness: 1.573598416s, isgenerated: 1.466623418s, S1038: 1.395764537s, forbidigo: 1.319930757s, printf: 1.165184784s, exhaustive: 1.02445387s"
level=info msg="[runner/exclusion_paths] Skipped 0 issues by pattern \"^api\""
level=info msg="[runner/exclusion_paths] Skipped 0 issues by pattern \"^proto\""
level=info msg="[runner/exclusion_paths] Skipped 0 issues by pattern \"^.git\""
level=info msg="[runner/exclusion_rules] Skipped 0 issues by rules: [Text: \"Unix|UnixMilli|UnixNano\", Path: \"_test\\\\.go$\", Linters: \"forbidigo\"]"
level=info msg="[runner/exclusion_rules] Skipped 0 issues by rules: [Text: \"panic\", Path: \"chasm/lib/activity/model/.*\\\\.go$\", Linters: \"forbidigo\"]"
level=info msg="[runner/exclusion_rules] Skipped 0 issues by rules: [Text: \"FunctionalTestBase\", Path: \"tests/testcore/.*\\\\.go$\", Linters: \"forbidigo\"]"
level=info msg="[runner/exclusion_rules] Skipped 0 issues by rules: [Text: \"context.Background\", Path Except: \"tests/.+_test\\\\.go\", Linters: \"forbidigo\"]"
level=info msg="[runner/exclusion_rules] Skipped 0 issues by rules: [Text: \"SA1019: go.temporal.io/server/service/history/hsm/(callbacks|nexusoperations) is deprecated\", Linters: \"staticcheck\"]"
level=info msg="[runner/exclusion_rules] Skipped 3 issues by rules: [Text: \"time.Sleep\", Path Except: \"_test\\\\.go|tests/.+\\\\.go\", Linters: \"forbidigo\"]"
level=info msg="[runner/exclusion_rules] Skipped 0 issues by rules: [Text: \"ActiveInCluster\", Path: \"common/namespace/(namespace|replication_resolver)(_test)?\\\\.go$\", Linters: \"forbidigo\"]"
level=info msg="[runner/exclusion_rules] Skipped 0 issues by rules: [Text: \"use of `softassert\\\\.\\\\w+`\", Linters: \"forbidigo\"]"
level=info msg="[runner/exclusion_rules] Skipped 10 issues by rules: [Text: \"(dot-imports|unchecked-type-assertion)\", Path: \"_test\\\\.go|tests/.+\\\\.go|common/testing/\", Linters: \"revive\"]"
level=info msg="[runner/exclusion_rules] Skipped 75 issues by rules: [Text: \"time.Now\", Path Except: \"chasm/lib/.*\\\\.go$\", Linters: \"forbidigo\"]"
level=info msg="[runner/exclusion_rules] Skipped 1 issues by rules: [Text: \"Unix|UnixMilli|UnixNano\", Path Except: \"common/persistence/cassandra/.*\\\\.go$\", Linters: \"forbidigo\"]"
level=info msg="[runner/exclusion_rules] Skipped 0 issues by rules: [Text: \"assert\\\\.CollectT\", Path: \"tests/(nexus_standalone|nexus_workflow)_test\\\\.go$\", Linters: \"forbidigo\"]"
level=info msg="[runner/exclusion_rules] Skipped 1361 issues by rules: [Path: \"^tools\\\\/.+\\\\.go\", Linters: \"revive\"]"
level=info msg="[runner/exclusion_rules] Skipped 0 issues by rules: [Text: \"time.Now\", Path: \"chasm/lib/.*_test\\\\.go$\", Linters: \"forbidigo\"]"
level=info msg="[runner/exclusion_rules] Skipped 7 issues by rules: [Text: \"panic\", Path: \"_test\\\\.go|tests/.+\\\\.go|common/testing/\", Linters: \"forbidigo\"]"
level=info msg="[runner/exclusion_rules] Skipped 0 issues by rules: [Text: \"Eventually\", Path: \"tests/(nexus_standalone|nexus_workflow|schedule|schedule_migration)_test\\\\.go$\", Linters: \"forbidigo\"]"
level=info msg="[runner/exclusion_rules] Skipped 240 issues by rules: [Text: \"(cyclomatic|cognitive)\", Path: \"_test\\\\.go|tests/.+\\\\.go|common/testing/\", Linters: \"revive\"]"
level=info msg="[runner/exclusion_rules] Skipped 2 issues by rules: [Text: \"^use of `panic` forbidden because \\\"Please avoid using panic in application code\\\"$\", Source: \"^\\\\t\\\\tpanic\\\\(\\\"gomad3: completed (an inactive campaign attempt|a campaign attempt without a classification)\\\"\\\\)$\", Path: \"^tools/gomad3/runner/internal/campaign/controller\\\\.go$\", Linters: \"forbidigo\"]"
level=info msg="[runner] Issues before processing: 1753, after processing: 0"
level=info msg="[runner] Processors filtering stat (in/out): path_absoluter: 1753/1753, exclusion_rules: 1753/54, path_relativity: 1753/1753, nolint_filter: 54/53, cgo: 1753/1753, filename_unadjuster: 1753/1753, invalid_issue: 1753/1753, exclusion_paths: 1753/1753, diff: 53/0, generated_file_filter: 1753/1753"
level=info msg="[runner] processing took 115.50279ms with stages: diff: 72.031251ms, generated_file_filter: 24.085666ms, nolint_filter: 10.298167ms, exclusion_rules: 7.004375ms, path_relativity: 1.679708ms, exclusion_paths: 279.541µs, cgo: 46.375µs, invalid_issue: 41.333µs, sort_results: 16.999µs, path_absoluter: 9.792µs, filename_unadjuster: 6.333µs, max_same_issues: 1.167µs, fixer: 625ns, source_code: 417ns, path_prettifier: 250ns, uniq_by_line: 250ns, path_shortener: 209ns, max_from_linter: 125ns, max_per_file_from_linter: 125ns, severity-rules: 82ns"
level=info msg="[runner] linters took 4.129084794s with stages: goanalysis_metalinter: 4.013492377s"
0 issues.
level=info msg="File cache stats: 1 entries of total size 5.6KiB"
level=info msg="Memory: 71 samples, avg is 364.3MB, max is 826.9MB"
level=info msg="Execution took 6.988909504s"
make[1]: Leaving directory '/Users/stephan/Workspace/skunkworks/.gomad-runner-preparation-research.ETZ8a4ZF/preparation'
