{"Time":"2026-10-10T00:52:03.926743503Z","Action":"start","Package":"go.temporal.io/server/tools/gomad3"}
{"Time":"2026-10-10T00:52:03.928232878Z","Action":"run","Package":"go.temporal.io/server/tools/gomad3","Test":"TestPackageArchitecture"}
{"Time":"2026-10-10T00:52:03.928311878Z","Action":"output","Package":"go.temporal.io/server/tools/gomad3","Test":"TestPackageArchitecture","Output":"=== RUN   TestPackageArchitecture\n","OutputType":"frame"}
{"Time":"2026-10-10T00:52:04.872622046Z","Action":"output","Package":"go.temporal.io/server/tools/gomad3","Test":"TestPackageArchitecture","Output":"--- PASS: TestPackageArchitecture (0.94s)\n","OutputType":"frame"}
{"Time":"2026-10-10T00:52:04.872697921Z","Action":"pass","Package":"go.temporal.io/server/tools/gomad3","Test":"TestPackageArchitecture","Elapsed":0.94}
{"Time":"2026-10-10T00:52:04.872737921Z","Action":"run","Package":"go.temporal.io/server/tools/gomad3","Test":"TestPureModulesHaveNoHostEffects"}
{"Time":"2026-10-10T00:52:04.872780796Z","Action":"output","Package":"go.temporal.io/server/tools/gomad3","Test":"TestPureModulesHaveNoHostEffects","Output":"=== RUN   TestPureModulesHaveNoHostEffects\n","OutputType":"frame"}
{"Time":"2026-10-10T00:52:27.514171306Z","Action":"output","Package":"go.temporal.io/server/tools/gomad3","Test":"TestPureModulesHaveNoHostEffects","Output":"--- PASS: TestPureModulesHaveNoHostEffects (22.64s)\n","OutputType":"frame"}
{"Time":"2026-10-10T00:52:27.51557689Z","Action":"pass","Package":"go.temporal.io/server/tools/gomad3","Test":"TestPureModulesHaveNoHostEffects","Elapsed":22.64}
{"Time":"2026-10-10T00:52:27.515657515Z","Action":"run","Package":"go.temporal.io/server/tools/gomad3","Test":"TestRunnerExecutionInjectionIsPrivate"}
{"Time":"2026-10-10T00:52:27.515690306Z","Action":"output","Package":"go.temporal.io/server/tools/gomad3","Test":"TestRunnerExecutionInjectionIsPrivate","Output":"=== RUN   TestRunnerExecutionInjectionIsPrivate\n","OutputType":"frame"}
{"Time":"2026-10-10T00:52:27.51705164Z","Action":"output","Package":"go.temporal.io/server/tools/gomad3","Test":"TestRunnerExecutionInjectionIsPrivate","Output":"--- PASS: TestRunnerExecutionInjectionIsPrivate (0.00s)\n","OutputType":"frame"}
{"Time":"2026-10-10T00:52:27.517094098Z","Action":"pass","Package":"go.temporal.io/server/tools/gomad3","Test":"TestRunnerExecutionInjectionIsPrivate","Elapsed":0}
{"Time":"2026-10-10T00:52:27.517146931Z","Action":"run","Package":"go.temporal.io/server/tools/gomad3","Test":"TestRunnerRequestsCompileInExternalModule"}
{"Time":"2026-10-10T00:52:27.517178181Z","Action":"output","Package":"go.temporal.io/server/tools/gomad3","Test":"TestRunnerRequestsCompileInExternalModule","Output":"=== RUN   TestRunnerRequestsCompileInExternalModule\n","OutputType":"frame"}
{"Time":"2026-10-10T00:52:28.941035307Z","Action":"output","Package":"go.temporal.io/server/tools/gomad3","Test":"TestRunnerRequestsCompileInExternalModule","Output":"--- PASS: TestRunnerRequestsCompileInExternalModule (1.42s)\n","OutputType":"frame"}
{"Time":"2026-10-10T00:52:28.941107807Z","Action":"pass","Package":"go.temporal.io/server/tools/gomad3","Test":"TestRunnerRequestsCompileInExternalModule","Elapsed":1.42}
{"Time":"2026-10-10T00:52:28.94116164Z","Action":"run","Package":"go.temporal.io/server/tools/gomad3","Test":"TestExactModuleEdges"}
{"Time":"2026-10-10T00:52:28.941199224Z","Action":"output","Package":"go.temporal.io/server/tools/gomad3","Test":"TestExactModuleEdges","Output":"=== RUN   TestExactModuleEdges\n","OutputType":"frame"}
{"Time":"2026-10-10T00:52:29.778955391Z","Action":"output","Package":"go.temporal.io/server/tools/gomad3","Test":"TestExactModuleEdges","Output":"--- PASS: TestExactModuleEdges (0.84s)\n","OutputType":"frame"}
{"Time":"2026-10-10T00:52:29.779115182Z","Action":"pass","Package":"go.temporal.io/server/tools/gomad3","Test":"TestExactModuleEdges","Elapsed":0.84}
{"Time":"2026-10-10T00:52:29.779437099Z","Action":"output","Package":"go.temporal.io/server/tools/gomad3","Output":"PASS\n","OutputType":"frame"}
{"Time":"2026-10-10T00:52:29.795595807Z","Action":"output","Package":"go.temporal.io/server/tools/gomad3","Output":"ok  \tgo.temporal.io/server/tools/gomad3\t25.868s\n"}
{"Time":"2026-10-10T00:52:29.795711599Z","Action":"pass","Package":"go.temporal.io/server/tools/gomad3","Elapsed":25.869}
