{"Time":"2026-10-10T00:51:30.764799529Z","Action":"start","Package":"go.temporal.io/server/tools/gomad3/runner"}
{"Time":"2026-10-10T00:51:30.785433363Z","Action":"run","Package":"go.temporal.io/server/tools/gomad3/runner","Test":"TestWaitForProgressStartObservesPreparationFailure"}
{"Time":"2026-10-10T00:51:30.785584613Z","Action":"output","Package":"go.temporal.io/server/tools/gomad3/runner","Test":"TestWaitForProgressStartObservesPreparationFailure","Output":"=== RUN   TestWaitForProgressStartObservesPreparationFailure\n","OutputType":"frame"}
{"Time":"2026-10-10T00:51:30.816901238Z","Action":"output","Package":"go.temporal.io/server/tools/gomad3/runner","Test":"TestWaitForProgressStartObservesPreparationFailure","Output":"--- PASS: TestWaitForProgressStartObservesPreparationFailure (0.04s)\n","OutputType":"frame"}
{"Time":"2026-10-10T00:51:30.816992946Z","Action":"pass","Package":"go.temporal.io/server/tools/gomad3/runner","Test":"TestWaitForProgressStartObservesPreparationFailure","Elapsed":0.04}
{"Time":"2026-10-10T00:51:30.817031946Z","Action":"run","Package":"go.temporal.io/server/tools/gomad3/runner","Test":"TestLocalCampaignPreparationShortCircuits"}
{"Time":"2026-10-10T00:51:30.817057821Z","Action":"output","Package":"go.temporal.io/server/tools/gomad3/runner","Test":"TestLocalCampaignPreparationShortCircuits","Output":"=== RUN   TestLocalCampaignPreparationShortCircuits\n","OutputType":"frame"}
{"Time":"2026-10-10T00:51:30.817082571Z","Action":"run","Package":"go.temporal.io/server/tools/gomad3/runner","Test":"TestLocalCampaignPreparationShortCircuits/progress_failure"}
{"Time":"2026-10-10T00:51:30.817124446Z","Action":"output","Package":"go.temporal.io/server/tools/gomad3/runner","Test":"TestLocalCampaignPreparationShortCircuits/progress_failure","Output":"=== RUN   TestLocalCampaignPreparationShortCircuits/progress_failure\n","OutputType":"frame"}
{"Time":"2026-10-10T00:51:30.826483446Z","Action":"output","Package":"go.temporal.io/server/tools/gomad3/runner","Test":"TestLocalCampaignPreparationShortCircuits/progress_failure","Output":"--- PASS: TestLocalCampaignPreparationShortCircuits/progress_failure (0.01s)\n","OutputType":"frame"}
{"Time":"2026-10-10T00:51:30.826589279Z","Action":"pass","Package":"go.temporal.io/server/tools/gomad3/runner","Test":"TestLocalCampaignPreparationShortCircuits/progress_failure","Elapsed":0.01}
{"Time":"2026-10-10T00:51:30.826661696Z","Action":"run","Package":"go.temporal.io/server/tools/gomad3/runner","Test":"TestLocalCampaignPreparationShortCircuits/parent_cancellation"}
{"Time":"2026-10-10T00:51:30.826690904Z","Action":"output","Package":"go.temporal.io/server/tools/gomad3/runner","Test":"TestLocalCampaignPreparationShortCircuits/parent_cancellation","Output":"=== RUN   TestLocalCampaignPreparationShortCircuits/parent_cancellation\n","OutputType":"frame"}
{"Time":"2026-10-10T00:51:30.834713446Z","Action":"output","Package":"go.temporal.io/server/tools/gomad3/runner","Test":"TestLocalCampaignPreparationShortCircuits/parent_cancellation","Output":"--- PASS: TestLocalCampaignPreparationShortCircuits/parent_cancellation (0.01s)\n","OutputType":"frame"}
{"Time":"2026-10-10T00:51:30.834811154Z","Action":"pass","Package":"go.temporal.io/server/tools/gomad3/runner","Test":"TestLocalCampaignPreparationShortCircuits/parent_cancellation","Elapsed":0.01}
{"Time":"2026-10-10T00:51:30.834850821Z","Action":"output","Package":"go.temporal.io/server/tools/gomad3/runner","Test":"TestLocalCampaignPreparationShortCircuits","Output":"--- PASS: TestLocalCampaignPreparationShortCircuits (0.02s)\n","OutputType":"frame"}
{"Time":"2026-10-10T00:51:30.834887029Z","Action":"pass","Package":"go.temporal.io/server/tools/gomad3/runner","Test":"TestLocalCampaignPreparationShortCircuits","Elapsed":0.02}
{"Time":"2026-10-10T00:51:30.834923404Z","Action":"run","Package":"go.temporal.io/server/tools/gomad3/runner","Test":"TestLocalCompletionErrorPrecedence"}
{"Time":"2026-10-10T00:51:30.834948613Z","Action":"output","Package":"go.temporal.io/server/tools/gomad3/runner","Test":"TestLocalCompletionErrorPrecedence","Output":"=== RUN   TestLocalCompletionErrorPrecedence\n","OutputType":"frame"}
{"Time":"2026-10-10T00:51:30.835020946Z","Action":"run","Package":"go.temporal.io/server/tools/gomad3/runner","Test":"TestLocalCompletionErrorPrecedence/cancellation_before_supervision_and_evidence"}
{"Time":"2026-10-10T00:51:30.835043363Z","Action":"output","Package":"go.temporal.io/server/tools/gomad3/runner","Test":"TestLocalCompletionErrorPrecedence/cancellation_before_supervision_and_evidence","Output":"=== RUN   TestLocalCompletionErrorPrecedence/cancellation_before_supervision_and_evidence\n","OutputType":"frame"}
{"Time":"2026-10-10T00:51:30.835114613Z","Action":"output","Package":"go.temporal.io/server/tools/gomad3/runner","Test":"TestLocalCompletionErrorPrecedence/cancellation_before_supervision_and_evidence","Output":"--- PASS: TestLocalCompletionErrorPrecedence/cancellation_before_supervision_and_evidence (0.00s)\n","OutputType":"frame"}
{"Time":"2026-10-10T00:51:30.835145904Z","Action":"pass","Package":"go.temporal.io/server/tools/gomad3/runner","Test":"TestLocalCompletionErrorPrecedence/cancellation_before_supervision_and_evidence","Elapsed":0}
{"Time":"2026-10-10T00:51:30.835175321Z","Action":"run","Package":"go.temporal.io/server/tools/gomad3/runner","Test":"TestLocalCompletionErrorPrecedence/supervision_before_integrity_and_evidence"}
{"Time":"2026-10-10T00:51:30.835195529Z","Action":"output","Package":"go.temporal.io/server/tools/gomad3/runner","Test":"TestLocalCompletionErrorPrecedence/supervision_before_integrity_and_evidence","Output":"=== RUN   TestLocalCompletionErrorPrecedence/supervision_before_integrity_and_evidence\n","OutputType":"frame"}
{"Time":"2026-10-10T00:51:30.835251738Z","Action":"output","Package":"go.temporal.io/server/tools/gomad3/runner","Test":"TestLocalCompletionErrorPrecedence/supervision_before_integrity_and_evidence","Output":"--- PASS: TestLocalCompletionErrorPrecedence/supervision_before_integrity_and_evidence (0.00s)\n","OutputType":"frame"}
{"Time":"2026-10-10T00:51:30.835279529Z","Action":"pass","Package":"go.temporal.io/server/tools/gomad3/runner","Test":"TestLocalCompletionErrorPrecedence/supervision_before_integrity_and_evidence","Elapsed":0}
{"Time":"2026-10-10T00:51:30.835314863Z","Action":"run","Package":"go.temporal.io/server/tools/gomad3/runner","Test":"TestLocalCompletionErrorPrecedence/integrity_before_World_evidence"}
{"Time":"2026-10-10T00:51:30.835334363Z","Action":"output","Package":"go.temporal.io/server/tools/gomad3/runner","Test":"TestLocalCompletionErrorPrecedence/integrity_before_World_evidence","Output":"=== RUN   TestLocalCompletionErrorPrecedence/integrity_before_World_evidence\n","OutputType":"frame"}
{"Time":"2026-10-10T00:51:30.835374071Z","Action":"output","Package":"go.temporal.io/server/tools/gomad3/runner","Test":"TestLocalCompletionErrorPrecedence/integrity_before_World_evidence","Output":"--- PASS: TestLocalCompletionErrorPrecedence/integrity_before_World_evidence (0.00s)\n","OutputType":"frame"}
{"Time":"2026-10-10T00:51:30.835450696Z","Action":"pass","Package":"go.temporal.io/server/tools/gomad3/runner","Test":"TestLocalCompletionErrorPrecedence/integrity_before_World_evidence","Elapsed":0}
{"Time":"2026-10-10T00:51:30.835471113Z","Action":"run","Package":"go.temporal.io/server/tools/gomad3/runner","Test":"TestLocalCompletionErrorPrecedence/World_evidence_before_watchdog_outcome"}
{"Time":"2026-10-10T00:51:30.835491196Z","Action":"output","Package":"go.temporal.io/server/tools/gomad3/runner","Test":"TestLocalCompletionErrorPrecedence/World_evidence_before_watchdog_outcome","Output":"=== RUN   TestLocalCompletionErrorPrecedence/World_evidence_before_watchdog_outcome\n","OutputType":"frame"}
{"Time":"2026-10-10T00:51:30.897773863Z","Action":"output","Package":"go.temporal.io/server/tools/gomad3/runner","Test":"TestLocalCompletionErrorPrecedence/World_evidence_before_watchdog_outcome","Output":"--- PASS: TestLocalCompletionErrorPrecedence/World_evidence_before_watchdog_outcome (0.06s)\n","OutputType":"frame"}
{"Time":"2026-10-10T00:51:30.899665488Z","Action":"pass","Package":"go.temporal.io/server/tools/gomad3/runner","Test":"TestLocalCompletionErrorPrecedence/World_evidence_before_watchdog_outcome","Elapsed":0.06}
{"Time":"2026-10-10T00:51:30.900381404Z","Action":"output","Package":"go.temporal.io/server/tools/gomad3/runner","Test":"TestLocalCompletionErrorPrecedence","Output":"--- PASS: TestLocalCompletionErrorPrecedence (0.06s)\n","OutputType":"frame"}
{"Time":"2026-10-10T00:51:30.902927154Z","Action":"pass","Package":"go.temporal.io/server/tools/gomad3/runner","Test":"TestLocalCompletionErrorPrecedence","Elapsed":0.06}
{"Time":"2026-10-10T00:51:30.903857613Z","Action":"run","Package":"go.temporal.io/server/tools/gomad3/runner","Test":"TestLocalFinalizationPreservesHostFailureBeforePublication"}
{"Time":"2026-10-10T00:51:30.906898196Z","Action":"output","Package":"go.temporal.io/server/tools/gomad3/runner","Test":"TestLocalFinalizationPreservesHostFailureBeforePublication","Output":"=== RUN   TestLocalFinalizationPreservesHostFailureBeforePublication\n","OutputType":"frame"}
{"Time":"2026-10-10T00:51:30.907140529Z","Action":"run","Package":"go.temporal.io/server/tools/gomad3/runner","Test":"TestLocalFinalizationPreservesHostFailureBeforePublication/prior_failure=false"}
{"Time":"2026-10-10T00:51:30.908258863Z","Action":"output","Package":"go.temporal.io/server/tools/gomad3/runner","Test":"TestLocalFinalizationPreservesHostFailureBeforePublication/prior_failure=false","Output":"=== RUN   TestLocalFinalizationPreservesHostFailureBeforePublication/prior_failure=false\n","OutputType":"frame"}
{"Time":"2026-10-10T00:51:30.913458196Z","Action":"output","Package":"go.temporal.io/server/tools/gomad3/runner","Test":"TestLocalFinalizationPreservesHostFailureBeforePublication/prior_failure=false","Output":"--- PASS: TestLocalFinalizationPreservesHostFailureBeforePublication/prior_failure=false (0.00s)\n","OutputType":"frame"}
{"Time":"2026-10-10T00:51:30.917073196Z","Action":"pass","Package":"go.temporal.io/server/tools/gomad3/runner","Test":"TestLocalFinalizationPreservesHostFailureBeforePublication/prior_failure=false","Elapsed":0}
{"Time":"2026-10-10T00:51:30.918099946Z","Action":"run","Package":"go.temporal.io/server/tools/gomad3/runner","Test":"TestLocalFinalizationPreservesHostFailureBeforePublication/prior_failure=true"}
{"Time":"2026-10-10T00:51:30.920610196Z","Action":"output","Package":"go.temporal.io/server/tools/gomad3/runner","Test":"TestLocalFinalizationPreservesHostFailureBeforePublication/prior_failure=true","Output":"=== RUN   TestLocalFinalizationPreservesHostFailureBeforePublication/prior_failure=true\n","OutputType":"frame"}
{"Time":"2026-10-10T00:51:30.922296904Z","Action":"output","Package":"go.temporal.io/server/tools/gomad3/runner","Test":"TestLocalFinalizationPreservesHostFailureBeforePublication/prior_failure=true","Output":"--- PASS: TestLocalFinalizationPreservesHostFailureBeforePublication/prior_failure=true (0.00s)\n","OutputType":"frame"}
{"Time":"2026-10-10T00:51:30.926528904Z","Action":"pass","Package":"go.temporal.io/server/tools/gomad3/runner","Test":"TestLocalFinalizationPreservesHostFailureBeforePublication/prior_failure=true","Elapsed":0}
{"Time":"2026-10-10T00:51:30.928359863Z","Action":"output","Package":"go.temporal.io/server/tools/gomad3/runner","Test":"TestLocalFinalizationPreservesHostFailureBeforePublication","Output":"--- PASS: TestLocalFinalizationPreservesHostFailureBeforePublication (0.00s)\n","OutputType":"frame"}
{"Time":"2026-10-10T00:51:30.928902779Z","Action":"pass","Package":"go.temporal.io/server/tools/gomad3/runner","Test":"TestLocalFinalizationPreservesHostFailureBeforePublication","Elapsed":0}
{"Time":"2026-10-10T00:51:30.929507946Z","Action":"run","Package":"go.temporal.io/server/tools/gomad3/runner","Test":"TestLocalFinalizationClassifiesPublicationFailure"}
{"Time":"2026-10-10T00:51:30.929545404Z","Action":"output","Package":"go.temporal.io/server/tools/gomad3/runner","Test":"TestLocalFinalizationClassifiesPublicationFailure","Output":"=== RUN   TestLocalFinalizationClassifiesPublicationFailure\n","OutputType":"frame"}
{"Time":"2026-10-10T00:51:30.930974529Z","Action":"output","Package":"go.temporal.io/server/tools/gomad3/runner","Test":"TestLocalFinalizationClassifiesPublicationFailure","Output":"--- PASS: TestLocalFinalizationClassifiesPublicationFailure (0.03s)\n","OutputType":"frame"}
{"Time":"2026-10-10T00:51:30.931639238Z","Action":"pass","Package":"go.temporal.io/server/tools/gomad3/runner","Test":"TestLocalFinalizationClassifiesPublicationFailure","Elapsed":0.03}
{"Time":"2026-10-10T00:51:30.932303404Z","Action":"run","Package":"go.temporal.io/server/tools/gomad3/runner","Test":"TestRunPreparationFailureLeavesClassifiedPartial"}
{"Time":"2026-10-10T00:51:30.933300196Z","Action":"output","Package":"go.temporal.io/server/tools/gomad3/runner","Test":"TestRunPreparationFailureLeavesClassifiedPartial","Output":"=== RUN   TestRunPreparationFailureLeavesClassifiedPartial\n","OutputType":"frame"}
{"Time":"2026-10-10T00:51:30.935795821Z","Action":"run","Package":"go.temporal.io/server/tools/gomad3/runner","Test":"TestRunPreparationFailureLeavesClassifiedPartial/build_failure"}
{"Time":"2026-10-10T00:51:30.935875029Z","Action":"output","Package":"go.temporal.io/server/tools/gomad3/runner","Test":"TestRunPreparationFailureLeavesClassifiedPartial/build_failure","Output":"=== RUN   TestRunPreparationFailureLeavesClassifiedPartial/build_failure\n","OutputType":"frame"}
{"Time":"2026-10-10T00:51:30.956540154Z","Action":"output","Package":"go.temporal.io/server/tools/gomad3/runner","Test":"TestRunPreparationFailureLeavesClassifiedPartial/build_failure","Output":"--- PASS: TestRunPreparationFailureLeavesClassifiedPartial/build_failure (0.02s)\n","OutputType":"frame"}
{"Time":"2026-10-10T00:51:30.956910446Z","Action":"pass","Package":"go.temporal.io/server/tools/gomad3/runner","Test":"TestRunPreparationFailureLeavesClassifiedPartial/build_failure","Elapsed":0.02}
{"Time":"2026-10-10T00:51:30.957123488Z","Action":"run","Package":"go.temporal.io/server/tools/gomad3/runner","Test":"TestRunPreparationFailureLeavesClassifiedPartial/cancelled"}
{"Time":"2026-10-10T00:51:30.957286113Z","Action":"output","Package":"go.temporal.io/server/tools/gomad3/runner","Test":"TestRunPreparationFailureLeavesClassifiedPartial/cancelled","Output":"=== RUN   TestRunPreparationFailureLeavesClassifiedPartial/cancelled\n","OutputType":"frame"}
{"Time":"2026-10-10T00:51:30.966952363Z","Action":"output","Package":"go.temporal.io/server/tools/gomad3/runner","Test":"TestRunPreparationFailureLeavesClassifiedPartial/cancelled","Output":"--- PASS: TestRunPreparationFailureLeavesClassifiedPartial/cancelled (0.01s)\n","OutputType":"frame"}
{"Time":"2026-10-10T00:51:30.967475446Z","Action":"pass","Package":"go.temporal.io/server/tools/gomad3/runner","Test":"TestRunPreparationFailureLeavesClassifiedPartial/cancelled","Elapsed":0.01}
{"Time":"2026-10-10T00:51:30.967602279Z","Action":"run","Package":"go.temporal.io/server/tools/gomad3/runner","Test":"TestRunPreparationFailureLeavesClassifiedPartial/overall_timeout"}
{"Time":"2026-10-10T00:51:30.967674029Z","Action":"output","Package":"go.temporal.io/server/tools/gomad3/runner","Test":"TestRunPreparationFailureLeavesClassifiedPartial/overall_timeout","Output":"=== RUN   TestRunPreparationFailureLeavesClassifiedPartial/overall_timeout\n","OutputType":"frame"}
{"Time":"2026-10-10T00:51:30.972258738Z","Action":"output","Package":"go.temporal.io/server/tools/gomad3/runner","Test":"TestRunPreparationFailureLeavesClassifiedPartial/overall_timeout","Output":"--- PASS: TestRunPreparationFailureLeavesClassifiedPartial/overall_timeout (0.01s)\n","OutputType":"frame"}
{"Time":"2026-10-10T00:51:30.972402488Z","Action":"pass","Package":"go.temporal.io/server/tools/gomad3/runner","Test":"TestRunPreparationFailureLeavesClassifiedPartial/overall_timeout","Elapsed":0.01}
{"Time":"2026-10-10T00:51:30.972456363Z","Action":"output","Package":"go.temporal.io/server/tools/gomad3/runner","Test":"TestRunPreparationFailureLeavesClassifiedPartial","Output":"--- PASS: TestRunPreparationFailureLeavesClassifiedPartial (0.04s)\n","OutputType":"frame"}
{"Time":"2026-10-10T00:51:30.972492363Z","Action":"pass","Package":"go.temporal.io/server/tools/gomad3/runner","Test":"TestRunPreparationFailureLeavesClassifiedPartial","Elapsed":0.04}
{"Time":"2026-10-10T00:51:30.972558238Z","Action":"output","Package":"go.temporal.io/server/tools/gomad3/runner","Output":"PASS\n","OutputType":"frame"}
{"Time":"2026-10-10T00:51:30.977282821Z","Action":"output","Package":"go.temporal.io/server/tools/gomad3/runner","Output":"ok  \tgo.temporal.io/server/tools/gomad3/runner\t0.206s\n"}
{"Time":"2026-10-10T00:51:30.978025488Z","Action":"pass","Package":"go.temporal.io/server/tools/gomad3/runner","Elapsed":0.213}
{"Time":"2026-10-10T00:51:31.26903778Z","Action":"start","Package":"go.temporal.io/server/tools/gomad3/deterministicio"}
{"Time":"2026-10-10T00:51:31.271413655Z","Action":"run","Package":"go.temporal.io/server/tools/gomad3/deterministicio","Test":"TestPortableProfilePublicGuardsRemainFirst"}
{"Time":"2026-10-10T00:51:31.271523113Z","Action":"output","Package":"go.temporal.io/server/tools/gomad3/deterministicio","Test":"TestPortableProfilePublicGuardsRemainFirst","Output":"=== RUN   TestPortableProfilePublicGuardsRemainFirst\n","OutputType":"frame"}
{"Time":"2026-10-10T00:51:31.271570821Z","Action":"run","Package":"go.temporal.io/server/tools/gomad3/deterministicio","Test":"TestPortableProfilePublicGuardsRemainFirst/adapters"}
{"Time":"2026-10-10T00:51:31.271595696Z","Action":"output","Package":"go.temporal.io/server/tools/gomad3/deterministicio","Test":"TestPortableProfilePublicGuardsRemainFirst/adapters","Output":"=== RUN   TestPortableProfilePublicGuardsRemainFirst/adapters\n","OutputType":"frame"}
{"Time":"2026-10-10T00:51:31.271620071Z","Action":"output","Package":"go.temporal.io/server/tools/gomad3/deterministicio","Test":"TestPortableProfilePublicGuardsRemainFirst/adapters","Output":"--- PASS: TestPortableProfilePublicGuardsRemainFirst/adapters (0.00s)\n","OutputType":"frame"}
{"Time":"2026-10-10T00:51:31.271640571Z","Action":"pass","Package":"go.temporal.io/server/tools/gomad3/deterministicio","Test":"TestPortableProfilePublicGuardsRemainFirst/adapters","Elapsed":0}
{"Time":"2026-10-10T00:51:31.271661613Z","Action":"run","Package":"go.temporal.io/server/tools/gomad3/deterministicio","Test":"TestPortableProfilePublicGuardsRemainFirst/requirements"}
{"Time":"2026-10-10T00:51:31.271678155Z","Action":"output","Package":"go.temporal.io/server/tools/gomad3/deterministicio","Test":"TestPortableProfilePublicGuardsRemainFirst/requirements","Output":"=== RUN   TestPortableProfilePublicGuardsRemainFirst/requirements\n","OutputType":"frame"}
{"Time":"2026-10-10T00:51:31.271696363Z","Action":"output","Package":"go.temporal.io/server/tools/gomad3/deterministicio","Test":"TestPortableProfilePublicGuardsRemainFirst/requirements","Output":"--- PASS: TestPortableProfilePublicGuardsRemainFirst/requirements (0.00s)\n","OutputType":"frame"}
{"Time":"2026-10-10T00:51:31.271713446Z","Action":"pass","Package":"go.temporal.io/server/tools/gomad3/deterministicio","Test":"TestPortableProfilePublicGuardsRemainFirst/requirements","Elapsed":0}
{"Time":"2026-10-10T00:51:31.271729988Z","Action":"run","Package":"go.temporal.io/server/tools/gomad3/deterministicio","Test":"TestPortableProfilePublicGuardsRemainFirst/bootstrap"}
{"Time":"2026-10-10T00:51:31.27174578Z","Action":"output","Package":"go.temporal.io/server/tools/gomad3/deterministicio","Test":"TestPortableProfilePublicGuardsRemainFirst/bootstrap","Output":"=== RUN   TestPortableProfilePublicGuardsRemainFirst/bootstrap\n","OutputType":"frame"}
{"Time":"2026-10-10T00:51:31.271763571Z","Action":"output","Package":"go.temporal.io/server/tools/gomad3/deterministicio","Test":"TestPortableProfilePublicGuardsRemainFirst/bootstrap","Output":"--- PASS: TestPortableProfilePublicGuardsRemainFirst/bootstrap (0.00s)\n","OutputType":"frame"}
{"Time":"2026-10-10T00:51:31.271780196Z","Action":"pass","Package":"go.temporal.io/server/tools/gomad3/deterministicio","Test":"TestPortableProfilePublicGuardsRemainFirst/bootstrap","Elapsed":0}
{"Time":"2026-10-10T00:51:31.271796613Z","Action":"run","Package":"go.temporal.io/server/tools/gomad3/deterministicio","Test":"TestPortableProfilePublicGuardsRemainFirst/prepared"}
{"Time":"2026-10-10T00:51:31.27183253Z","Action":"output","Package":"go.temporal.io/server/tools/gomad3/deterministicio","Test":"TestPortableProfilePublicGuardsRemainFirst/prepared","Output":"=== RUN   TestPortableProfilePublicGuardsRemainFirst/prepared\n","OutputType":"frame"}
{"Time":"2026-10-10T00:51:31.271850655Z","Action":"output","Package":"go.temporal.io/server/tools/gomad3/deterministicio","Test":"TestPortableProfilePublicGuardsRemainFirst/prepared","Output":"--- PASS: TestPortableProfilePublicGuardsRemainFirst/prepared (0.00s)\n","OutputType":"frame"}
{"Time":"2026-10-10T00:51:31.271867446Z","Action":"pass","Package":"go.temporal.io/server/tools/gomad3/deterministicio","Test":"TestPortableProfilePublicGuardsRemainFirst/prepared","Elapsed":0}
{"Time":"2026-10-10T00:51:31.271884238Z","Action":"output","Package":"go.temporal.io/server/tools/gomad3/deterministicio","Test":"TestPortableProfilePublicGuardsRemainFirst","Output":"--- PASS: TestPortableProfilePublicGuardsRemainFirst (0.00s)\n","OutputType":"frame"}
{"Time":"2026-10-10T00:51:31.271900946Z","Action":"pass","Package":"go.temporal.io/server/tools/gomad3/deterministicio","Test":"TestPortableProfilePublicGuardsRemainFirst","Elapsed":0}
{"Time":"2026-10-10T00:51:31.271916613Z","Action":"output","Package":"go.temporal.io/server/tools/gomad3/deterministicio","Output":"PASS\n","OutputType":"frame"}
{"Time":"2026-10-10T00:51:31.272262655Z","Action":"output","Package":"go.temporal.io/server/tools/gomad3/deterministicio","Output":"ok  \tgo.temporal.io/server/tools/gomad3/deterministicio\t0.003s\n"}
{"Time":"2026-10-10T00:51:31.272297488Z","Action":"pass","Package":"go.temporal.io/server/tools/gomad3/deterministicio","Elapsed":0.003}
