{"Time":"2026-10-10T00:50:55.949896554Z","Action":"start","Package":"go.temporal.io/server/tools/gomad3/runner"}
{"Time":"2026-10-10T00:50:55.955520346Z","Action":"run","Package":"go.temporal.io/server/tools/gomad3/runner","Test":"TestInjectionCharacterizationIsolatedExploreRejectsEverySubstitution"}
{"Time":"2026-10-10T00:50:55.955630179Z","Action":"output","Package":"go.temporal.io/server/tools/gomad3/runner","Test":"TestInjectionCharacterizationIsolatedExploreRejectsEverySubstitution","Output":"=== RUN   TestInjectionCharacterizationIsolatedExploreRejectsEverySubstitution\n","OutputType":"frame"}
{"Time":"2026-10-10T00:50:55.956842054Z","Action":"run","Package":"go.temporal.io/server/tools/gomad3/runner","Test":"TestInjectionCharacterizationIsolatedExploreRejectsEverySubstitution/preparer"}
{"Time":"2026-10-10T00:50:55.957822846Z","Action":"output","Package":"go.temporal.io/server/tools/gomad3/runner","Test":"TestInjectionCharacterizationIsolatedExploreRejectsEverySubstitution/preparer","Output":"=== RUN   TestInjectionCharacterizationIsolatedExploreRejectsEverySubstitution/preparer\n","OutputType":"frame"}
{"Time":"2026-10-10T00:50:55.957948138Z","Action":"output","Package":"go.temporal.io/server/tools/gomad3/runner","Test":"TestInjectionCharacterizationIsolatedExploreRejectsEverySubstitution/preparer","Output":"--- PASS: TestInjectionCharacterizationIsolatedExploreRejectsEverySubstitution/preparer (0.00s)\n","OutputType":"frame"}
{"Time":"2026-10-10T00:50:55.958014763Z","Action":"pass","Package":"go.temporal.io/server/tools/gomad3/runner","Test":"TestInjectionCharacterizationIsolatedExploreRejectsEverySubstitution/preparer","Elapsed":0}
{"Time":"2026-10-10T00:50:55.958081554Z","Action":"run","Package":"go.temporal.io/server/tools/gomad3/runner","Test":"TestInjectionCharacterizationIsolatedExploreRejectsEverySubstitution/replayer"}
{"Time":"2026-10-10T00:50:55.958137054Z","Action":"output","Package":"go.temporal.io/server/tools/gomad3/runner","Test":"TestInjectionCharacterizationIsolatedExploreRejectsEverySubstitution/replayer","Output":"=== RUN   TestInjectionCharacterizationIsolatedExploreRejectsEverySubstitution/replayer\n","OutputType":"frame"}
{"Time":"2026-10-10T00:50:55.958172138Z","Action":"output","Package":"go.temporal.io/server/tools/gomad3/runner","Test":"TestInjectionCharacterizationIsolatedExploreRejectsEverySubstitution/replayer","Output":"--- PASS: TestInjectionCharacterizationIsolatedExploreRejectsEverySubstitution/replayer (0.00s)\n","OutputType":"frame"}
{"Time":"2026-10-10T00:50:55.958197221Z","Action":"pass","Package":"go.temporal.io/server/tools/gomad3/runner","Test":"TestInjectionCharacterizationIsolatedExploreRejectsEverySubstitution/replayer","Elapsed":0}
{"Time":"2026-10-10T00:50:55.958225388Z","Action":"run","Package":"go.temporal.io/server/tools/gomad3/runner","Test":"TestInjectionCharacterizationIsolatedExploreRejectsEverySubstitution/executor"}
{"Time":"2026-10-10T00:50:55.958251763Z","Action":"output","Package":"go.temporal.io/server/tools/gomad3/runner","Test":"TestInjectionCharacterizationIsolatedExploreRejectsEverySubstitution/executor","Output":"=== RUN   TestInjectionCharacterizationIsolatedExploreRejectsEverySubstitution/executor\n","OutputType":"frame"}
{"Time":"2026-10-10T00:50:55.958278929Z","Action":"output","Package":"go.temporal.io/server/tools/gomad3/runner","Test":"TestInjectionCharacterizationIsolatedExploreRejectsEverySubstitution/executor","Output":"--- PASS: TestInjectionCharacterizationIsolatedExploreRejectsEverySubstitution/executor (0.00s)\n","OutputType":"frame"}
{"Time":"2026-10-10T00:50:55.958307971Z","Action":"pass","Package":"go.temporal.io/server/tools/gomad3/runner","Test":"TestInjectionCharacterizationIsolatedExploreRejectsEverySubstitution/executor","Elapsed":0}
{"Time":"2026-10-10T00:50:55.958336429Z","Action":"output","Package":"go.temporal.io/server/tools/gomad3/runner","Test":"TestInjectionCharacterizationIsolatedExploreRejectsEverySubstitution","Output":"--- PASS: TestInjectionCharacterizationIsolatedExploreRejectsEverySubstitution (0.00s)\n","OutputType":"frame"}
{"Time":"2026-10-10T00:50:55.958393471Z","Action":"pass","Package":"go.temporal.io/server/tools/gomad3/runner","Test":"TestInjectionCharacterizationIsolatedExploreRejectsEverySubstitution","Elapsed":0}
{"Time":"2026-10-10T00:50:55.958562179Z","Action":"run","Package":"go.temporal.io/server/tools/gomad3/runner","Test":"TestInjectionCharacterizationIsolatedPreparationDependencies"}
{"Time":"2026-10-10T00:50:55.958624179Z","Action":"output","Package":"go.temporal.io/server/tools/gomad3/runner","Test":"TestInjectionCharacterizationIsolatedPreparationDependencies","Output":"=== RUN   TestInjectionCharacterizationIsolatedPreparationDependencies\n","OutputType":"frame"}
{"Time":"2026-10-10T00:50:55.958668263Z","Action":"run","Package":"go.temporal.io/server/tools/gomad3/runner","Test":"TestInjectionCharacterizationIsolatedPreparationDependencies/prepare_only"}
{"Time":"2026-10-10T00:50:55.958695971Z","Action":"output","Package":"go.temporal.io/server/tools/gomad3/runner","Test":"TestInjectionCharacterizationIsolatedPreparationDependencies/prepare_only","Output":"=== RUN   TestInjectionCharacterizationIsolatedPreparationDependencies/prepare_only\n","OutputType":"frame"}
{"Time":"2026-10-10T00:50:55.958720221Z","Action":"output","Package":"go.temporal.io/server/tools/gomad3/runner","Test":"TestInjectionCharacterizationIsolatedPreparationDependencies/prepare_only","Output":"--- PASS: TestInjectionCharacterizationIsolatedPreparationDependencies/prepare_only (0.00s)\n","OutputType":"frame"}
{"Time":"2026-10-10T00:50:55.958746888Z","Action":"pass","Package":"go.temporal.io/server/tools/gomad3/runner","Test":"TestInjectionCharacterizationIsolatedPreparationDependencies/prepare_only","Elapsed":0}
{"Time":"2026-10-10T00:50:55.958774679Z","Action":"run","Package":"go.temporal.io/server/tools/gomad3/runner","Test":"TestInjectionCharacterizationIsolatedPreparationDependencies/bootstrap_only"}
{"Time":"2026-10-10T00:50:55.958800763Z","Action":"output","Package":"go.temporal.io/server/tools/gomad3/runner","Test":"TestInjectionCharacterizationIsolatedPreparationDependencies/bootstrap_only","Output":"=== RUN   TestInjectionCharacterizationIsolatedPreparationDependencies/bootstrap_only\n","OutputType":"frame"}
{"Time":"2026-10-10T00:50:55.958828554Z","Action":"output","Package":"go.temporal.io/server/tools/gomad3/runner","Test":"TestInjectionCharacterizationIsolatedPreparationDependencies/bootstrap_only","Output":"--- PASS: TestInjectionCharacterizationIsolatedPreparationDependencies/bootstrap_only (0.00s)\n","OutputType":"frame"}
{"Time":"2026-10-10T00:50:55.958855429Z","Action":"pass","Package":"go.temporal.io/server/tools/gomad3/runner","Test":"TestInjectionCharacterizationIsolatedPreparationDependencies/bootstrap_only","Elapsed":0}
{"Time":"2026-10-10T00:50:55.958881471Z","Action":"run","Package":"go.temporal.io/server/tools/gomad3/runner","Test":"TestInjectionCharacterizationIsolatedPreparationDependencies/combined"}
{"Time":"2026-10-10T00:50:55.958901471Z","Action":"output","Package":"go.temporal.io/server/tools/gomad3/runner","Test":"TestInjectionCharacterizationIsolatedPreparationDependencies/combined","Output":"=== RUN   TestInjectionCharacterizationIsolatedPreparationDependencies/combined\n","OutputType":"frame"}
{"Time":"2026-10-10T00:50:55.958921971Z","Action":"output","Package":"go.temporal.io/server/tools/gomad3/runner","Test":"TestInjectionCharacterizationIsolatedPreparationDependencies/combined","Output":"--- PASS: TestInjectionCharacterizationIsolatedPreparationDependencies/combined (0.00s)\n","OutputType":"frame"}
{"Time":"2026-10-10T00:50:55.958941888Z","Action":"pass","Package":"go.temporal.io/server/tools/gomad3/runner","Test":"TestInjectionCharacterizationIsolatedPreparationDependencies/combined","Elapsed":0}
{"Time":"2026-10-10T00:50:55.958969929Z","Action":"run","Package":"go.temporal.io/server/tools/gomad3/runner","Test":"TestInjectionCharacterizationIsolatedPreparationDependencies/injection_before_seed_validation"}
{"Time":"2026-10-10T00:50:55.958984388Z","Action":"output","Package":"go.temporal.io/server/tools/gomad3/runner","Test":"TestInjectionCharacterizationIsolatedPreparationDependencies/injection_before_seed_validation","Output":"=== RUN   TestInjectionCharacterizationIsolatedPreparationDependencies/injection_before_seed_validation\n","OutputType":"frame"}
{"Time":"2026-10-10T00:50:55.959006054Z","Action":"output","Package":"go.temporal.io/server/tools/gomad3/runner","Test":"TestInjectionCharacterizationIsolatedPreparationDependencies/injection_before_seed_validation","Output":"--- PASS: TestInjectionCharacterizationIsolatedPreparationDependencies/injection_before_seed_validation (0.00s)\n","OutputType":"frame"}
{"Time":"2026-10-10T00:50:55.959018929Z","Action":"pass","Package":"go.temporal.io/server/tools/gomad3/runner","Test":"TestInjectionCharacterizationIsolatedPreparationDependencies/injection_before_seed_validation","Elapsed":0}
{"Time":"2026-10-10T00:50:55.959060054Z","Action":"run","Package":"go.temporal.io/server/tools/gomad3/runner","Test":"TestInjectionCharacterizationIsolatedPreparationDependencies/resume_preflight_before_injection"}
{"Time":"2026-10-10T00:50:55.959082971Z","Action":"output","Package":"go.temporal.io/server/tools/gomad3/runner","Test":"TestInjectionCharacterizationIsolatedPreparationDependencies/resume_preflight_before_injection","Output":"=== RUN   TestInjectionCharacterizationIsolatedPreparationDependencies/resume_preflight_before_injection\n","OutputType":"frame"}
{"Time":"2026-10-10T00:50:55.959131179Z","Action":"output","Package":"go.temporal.io/server/tools/gomad3/runner","Test":"TestInjectionCharacterizationIsolatedPreparationDependencies/resume_preflight_before_injection","Output":"--- PASS: TestInjectionCharacterizationIsolatedPreparationDependencies/resume_preflight_before_injection (0.00s)\n","OutputType":"frame"}
{"Time":"2026-10-10T00:50:55.959159596Z","Action":"pass","Package":"go.temporal.io/server/tools/gomad3/runner","Test":"TestInjectionCharacterizationIsolatedPreparationDependencies/resume_preflight_before_injection","Elapsed":0}
{"Time":"2026-10-10T00:50:55.959190763Z","Action":"output","Package":"go.temporal.io/server/tools/gomad3/runner","Test":"TestInjectionCharacterizationIsolatedPreparationDependencies","Output":"--- PASS: TestInjectionCharacterizationIsolatedPreparationDependencies (0.00s)\n","OutputType":"frame"}
{"Time":"2026-10-10T00:50:55.959217263Z","Action":"pass","Package":"go.temporal.io/server/tools/gomad3/runner","Test":"TestInjectionCharacterizationIsolatedPreparationDependencies","Elapsed":0}
{"Time":"2026-10-10T00:50:55.959242596Z","Action":"run","Package":"go.temporal.io/server/tools/gomad3/runner","Test":"TestPreparationDependenciesForwardRealFixtureInputs"}
{"Time":"2026-10-10T00:50:55.959268638Z","Action":"output","Package":"go.temporal.io/server/tools/gomad3/runner","Test":"TestPreparationDependenciesForwardRealFixtureInputs","Output":"=== RUN   TestPreparationDependenciesForwardRealFixtureInputs\n","OutputType":"frame"}
{"Time":"2026-10-10T00:50:56.153976846Z","Action":"output","Package":"go.temporal.io/server/tools/gomad3/runner","Test":"TestPreparationDependenciesForwardRealFixtureInputs","Output":"--- PASS: TestPreparationDependenciesForwardRealFixtureInputs (0.20s)\n","OutputType":"frame"}
{"Time":"2026-10-10T00:50:56.154260929Z","Action":"pass","Package":"go.temporal.io/server/tools/gomad3/runner","Test":"TestPreparationDependenciesForwardRealFixtureInputs","Elapsed":0.2}
{"Time":"2026-10-10T00:50:56.154605471Z","Action":"run","Package":"go.temporal.io/server/tools/gomad3/runner","Test":"TestPreparationDependenciesOperationErrorsRemainUnchanged"}
{"Time":"2026-10-10T00:50:56.154637804Z","Action":"output","Package":"go.temporal.io/server/tools/gomad3/runner","Test":"TestPreparationDependenciesOperationErrorsRemainUnchanged","Output":"=== RUN   TestPreparationDependenciesOperationErrorsRemainUnchanged\n","OutputType":"frame"}
{"Time":"2026-10-10T00:50:56.154688096Z","Action":"output","Package":"go.temporal.io/server/tools/gomad3/runner","Test":"TestPreparationDependenciesOperationErrorsRemainUnchanged","Output":"--- PASS: TestPreparationDependenciesOperationErrorsRemainUnchanged (0.00s)\n","OutputType":"frame"}
{"Time":"2026-10-10T00:50:56.155397554Z","Action":"pass","Package":"go.temporal.io/server/tools/gomad3/runner","Test":"TestPreparationDependenciesOperationErrorsRemainUnchanged","Elapsed":0}
{"Time":"2026-10-10T00:50:56.155563804Z","Action":"run","Package":"go.temporal.io/server/tools/gomad3/runner","Test":"TestPreparationDependenciesFailuresStopAtOriginalStages"}
{"Time":"2026-10-10T00:50:56.155684388Z","Action":"output","Package":"go.temporal.io/server/tools/gomad3/runner","Test":"TestPreparationDependenciesFailuresStopAtOriginalStages","Output":"=== RUN   TestPreparationDependenciesFailuresStopAtOriginalStages\n","OutputType":"frame"}
{"Time":"2026-10-10T00:50:56.156124554Z","Action":"run","Package":"go.temporal.io/server/tools/gomad3/runner","Test":"TestPreparationDependenciesFailuresStopAtOriginalStages/prepare"}
{"Time":"2026-10-10T00:50:56.156170971Z","Action":"output","Package":"go.temporal.io/server/tools/gomad3/runner","Test":"TestPreparationDependenciesFailuresStopAtOriginalStages/prepare","Output":"=== RUN   TestPreparationDependenciesFailuresStopAtOriginalStages/prepare\n","OutputType":"frame"}
{"Time":"2026-10-10T00:50:56.160043513Z","Action":"output","Package":"go.temporal.io/server/tools/gomad3/runner","Test":"TestPreparationDependenciesFailuresStopAtOriginalStages/prepare","Output":"--- PASS: TestPreparationDependenciesFailuresStopAtOriginalStages/prepare (0.01s)\n","OutputType":"frame"}
{"Time":"2026-10-10T00:50:56.160124804Z","Action":"pass","Package":"go.temporal.io/server/tools/gomad3/runner","Test":"TestPreparationDependenciesFailuresStopAtOriginalStages/prepare","Elapsed":0.01}
{"Time":"2026-10-10T00:50:56.160155179Z","Action":"run","Package":"go.temporal.io/server/tools/gomad3/runner","Test":"TestPreparationDependenciesFailuresStopAtOriginalStages/bootstrap"}
{"Time":"2026-10-10T00:50:56.160181304Z","Action":"output","Package":"go.temporal.io/server/tools/gomad3/runner","Test":"TestPreparationDependenciesFailuresStopAtOriginalStages/bootstrap","Output":"=== RUN   TestPreparationDependenciesFailuresStopAtOriginalStages/bootstrap\n","OutputType":"frame"}
{"Time":"2026-10-10T00:50:56.20602818Z","Action":"output","Package":"go.temporal.io/server/tools/gomad3/runner","Test":"TestPreparationDependenciesFailuresStopAtOriginalStages/bootstrap","Output":"--- PASS: TestPreparationDependenciesFailuresStopAtOriginalStages/bootstrap (0.05s)\n","OutputType":"frame"}
{"Time":"2026-10-10T00:50:56.206163305Z","Action":"pass","Package":"go.temporal.io/server/tools/gomad3/runner","Test":"TestPreparationDependenciesFailuresStopAtOriginalStages/bootstrap","Elapsed":0.05}
{"Time":"2026-10-10T00:50:56.206204721Z","Action":"output","Package":"go.temporal.io/server/tools/gomad3/runner","Test":"TestPreparationDependenciesFailuresStopAtOriginalStages","Output":"--- PASS: TestPreparationDependenciesFailuresStopAtOriginalStages (0.05s)\n","OutputType":"frame"}
{"Time":"2026-10-10T00:50:56.206235138Z","Action":"pass","Package":"go.temporal.io/server/tools/gomad3/runner","Test":"TestPreparationDependenciesFailuresStopAtOriginalStages","Elapsed":0.05}
{"Time":"2026-10-10T00:50:56.206274721Z","Action":"run","Package":"go.temporal.io/server/tools/gomad3/runner","Test":"TestPreparationDependenciesKeepRealDefaultsAndBootstrapGuard"}
{"Time":"2026-10-10T00:50:56.20629593Z","Action":"output","Package":"go.temporal.io/server/tools/gomad3/runner","Test":"TestPreparationDependenciesKeepRealDefaultsAndBootstrapGuard","Output":"=== RUN   TestPreparationDependenciesKeepRealDefaultsAndBootstrapGuard\n","OutputType":"frame"}
{"Time":"2026-10-10T00:50:56.206332388Z","Action":"run","Package":"go.temporal.io/server/tools/gomad3/runner","Test":"TestPreparationDependenciesKeepRealDefaultsAndBootstrapGuard/public"}
{"Time":"2026-10-10T00:50:56.206354221Z","Action":"output","Package":"go.temporal.io/server/tools/gomad3/runner","Test":"TestPreparationDependenciesKeepRealDefaultsAndBootstrapGuard/public","Output":"=== RUN   TestPreparationDependenciesKeepRealDefaultsAndBootstrapGuard/public\n","OutputType":"frame"}
{"Time":"2026-10-10T00:50:56.211120013Z","Action":"output","Package":"go.temporal.io/server/tools/gomad3/runner","Test":"TestPreparationDependenciesKeepRealDefaultsAndBootstrapGuard/public","Output":"--- PASS: TestPreparationDependenciesKeepRealDefaultsAndBootstrapGuard/public (0.00s)\n","OutputType":"frame"}
{"Time":"2026-10-10T00:50:56.211594638Z","Action":"pass","Package":"go.temporal.io/server/tools/gomad3/runner","Test":"TestPreparationDependenciesKeepRealDefaultsAndBootstrapGuard/public","Elapsed":0}
{"Time":"2026-10-10T00:50:56.211666846Z","Action":"run","Package":"go.temporal.io/server/tools/gomad3/runner","Test":"TestPreparationDependenciesKeepRealDefaultsAndBootstrapGuard/executor_only"}
{"Time":"2026-10-10T00:50:56.211989763Z","Action":"output","Package":"go.temporal.io/server/tools/gomad3/runner","Test":"TestPreparationDependenciesKeepRealDefaultsAndBootstrapGuard/executor_only","Output":"=== RUN   TestPreparationDependenciesKeepRealDefaultsAndBootstrapGuard/executor_only\n","OutputType":"frame"}
{"Time":"2026-10-10T00:50:56.21621568Z","Action":"output","Package":"go.temporal.io/server/tools/gomad3/runner","Test":"TestPreparationDependenciesKeepRealDefaultsAndBootstrapGuard/executor_only","Output":"--- PASS: TestPreparationDependenciesKeepRealDefaultsAndBootstrapGuard/executor_only (0.01s)\n","OutputType":"frame"}
{"Time":"2026-10-10T00:50:56.216566346Z","Action":"pass","Package":"go.temporal.io/server/tools/gomad3/runner","Test":"TestPreparationDependenciesKeepRealDefaultsAndBootstrapGuard/executor_only","Elapsed":0.01}
{"Time":"2026-10-10T00:50:56.217650055Z","Action":"run","Package":"go.temporal.io/server/tools/gomad3/runner","Test":"TestPreparationDependenciesKeepRealDefaultsAndBootstrapGuard/prepare_only"}
{"Time":"2026-10-10T00:50:56.218508555Z","Action":"output","Package":"go.temporal.io/server/tools/gomad3/runner","Test":"TestPreparationDependenciesKeepRealDefaultsAndBootstrapGuard/prepare_only","Output":"=== RUN   TestPreparationDependenciesKeepRealDefaultsAndBootstrapGuard/prepare_only\n","OutputType":"frame"}
{"Time":"2026-10-10T00:50:56.264374221Z","Action":"output","Package":"go.temporal.io/server/tools/gomad3/runner","Test":"TestPreparationDependenciesKeepRealDefaultsAndBootstrapGuard/prepare_only","Output":"--- PASS: TestPreparationDependenciesKeepRealDefaultsAndBootstrapGuard/prepare_only (0.05s)\n","OutputType":"frame"}
{"Time":"2026-10-10T00:50:56.26448093Z","Action":"pass","Package":"go.temporal.io/server/tools/gomad3/runner","Test":"TestPreparationDependenciesKeepRealDefaultsAndBootstrapGuard/prepare_only","Elapsed":0.05}
{"Time":"2026-10-10T00:50:56.264519971Z","Action":"output","Package":"go.temporal.io/server/tools/gomad3/runner","Test":"TestPreparationDependenciesKeepRealDefaultsAndBootstrapGuard","Output":"--- PASS: TestPreparationDependenciesKeepRealDefaultsAndBootstrapGuard (0.06s)\n","OutputType":"frame"}
{"Time":"2026-10-10T00:50:56.264569013Z","Action":"pass","Package":"go.temporal.io/server/tools/gomad3/runner","Test":"TestPreparationDependenciesKeepRealDefaultsAndBootstrapGuard","Elapsed":0.06}
{"Time":"2026-10-10T00:50:56.264591013Z","Action":"run","Package":"go.temporal.io/server/tools/gomad3/runner","Test":"TestRunPreparesOnceBoundsParallelismAndGroupsMatchingFailures"}
{"Time":"2026-10-10T00:50:56.264610138Z","Action":"output","Package":"go.temporal.io/server/tools/gomad3/runner","Test":"TestRunPreparesOnceBoundsParallelismAndGroupsMatchingFailures","Output":"=== RUN   TestRunPreparesOnceBoundsParallelismAndGroupsMatchingFailures\n","OutputType":"frame"}
{"Time":"2026-10-10T00:50:56.545587055Z","Action":"output","Package":"go.temporal.io/server/tools/gomad3/runner","Test":"TestRunPreparesOnceBoundsParallelismAndGroupsMatchingFailures","Output":"--- PASS: TestRunPreparesOnceBoundsParallelismAndGroupsMatchingFailures (0.28s)\n","OutputType":"frame"}
{"Time":"2026-10-10T00:50:56.545971013Z","Action":"pass","Package":"go.temporal.io/server/tools/gomad3/runner","Test":"TestRunPreparesOnceBoundsParallelismAndGroupsMatchingFailures","Elapsed":0.28}
{"Time":"2026-10-10T00:50:56.546078763Z","Action":"run","Package":"go.temporal.io/server/tools/gomad3/runner","Test":"TestRunPublishesConnectedWorldBundle"}
{"Time":"2026-10-10T00:50:56.546140221Z","Action":"output","Package":"go.temporal.io/server/tools/gomad3/runner","Test":"TestRunPublishesConnectedWorldBundle","Output":"=== RUN   TestRunPublishesConnectedWorldBundle\n","OutputType":"frame"}
{"Time":"2026-10-10T00:50:56.669893388Z","Action":"output","Package":"go.temporal.io/server/tools/gomad3/runner","Test":"TestRunPublishesConnectedWorldBundle","Output":"--- PASS: TestRunPublishesConnectedWorldBundle (0.13s)\n","OutputType":"frame"}
{"Time":"2026-10-10T00:50:56.670016221Z","Action":"pass","Package":"go.temporal.io/server/tools/gomad3/runner","Test":"TestRunPublishesConnectedWorldBundle","Elapsed":0.13}
{"Time":"2026-10-10T00:50:56.670067055Z","Action":"run","Package":"go.temporal.io/server/tools/gomad3/runner","Test":"TestRunClassifiesConnectedWorldDeadlock"}
{"Time":"2026-10-10T00:50:56.670090596Z","Action":"output","Package":"go.temporal.io/server/tools/gomad3/runner","Test":"TestRunClassifiesConnectedWorldDeadlock","Output":"=== RUN   TestRunClassifiesConnectedWorldDeadlock\n","OutputType":"frame"}
{"Time":"2026-10-10T00:50:56.803943055Z","Action":"output","Package":"go.temporal.io/server/tools/gomad3/runner","Test":"TestRunClassifiesConnectedWorldDeadlock","Output":"--- PASS: TestRunClassifiesConnectedWorldDeadlock (0.13s)\n","OutputType":"frame"}
{"Time":"2026-10-10T00:50:56.804111096Z","Action":"pass","Package":"go.temporal.io/server/tools/gomad3/runner","Test":"TestRunClassifiesConnectedWorldDeadlock","Elapsed":0.13}
{"Time":"2026-10-10T00:50:56.804396888Z","Action":"run","Package":"go.temporal.io/server/tools/gomad3/runner","Test":"TestRunCountsConnectedWorldReplayDivergence"}
{"Time":"2026-10-10T00:50:56.80449218Z","Action":"output","Package":"go.temporal.io/server/tools/gomad3/runner","Test":"TestRunCountsConnectedWorldReplayDivergence","Output":"=== RUN   TestRunCountsConnectedWorldReplayDivergence\n","OutputType":"frame"}
{"Time":"2026-10-10T00:50:56.908054222Z","Action":"output","Package":"go.temporal.io/server/tools/gomad3/runner","Test":"TestRunCountsConnectedWorldReplayDivergence","Output":"--- PASS: TestRunCountsConnectedWorldReplayDivergence (0.10s)\n","OutputType":"frame"}
{"Time":"2026-10-10T00:50:56.908180763Z","Action":"pass","Package":"go.temporal.io/server/tools/gomad3/runner","Test":"TestRunCountsConnectedWorldReplayDivergence","Elapsed":0.1}
{"Time":"2026-10-10T00:50:56.908378055Z","Action":"run","Package":"go.temporal.io/server/tools/gomad3/runner","Test":"TestRunRejectsInvalidConnectedWorldBeforePublication"}
{"Time":"2026-10-10T00:50:56.908447055Z","Action":"output","Package":"go.temporal.io/server/tools/gomad3/runner","Test":"TestRunRejectsInvalidConnectedWorldBeforePublication","Output":"=== RUN   TestRunRejectsInvalidConnectedWorldBeforePublication\n","OutputType":"frame"}
{"Time":"2026-10-10T00:50:57.038571555Z","Action":"output","Package":"go.temporal.io/server/tools/gomad3/runner","Test":"TestRunRejectsInvalidConnectedWorldBeforePublication","Output":"--- PASS: TestRunRejectsInvalidConnectedWorldBeforePublication (0.13s)\n","OutputType":"frame"}
{"Time":"2026-10-10T00:50:57.038820263Z","Action":"pass","Package":"go.temporal.io/server/tools/gomad3/runner","Test":"TestRunRejectsInvalidConnectedWorldBeforePublication","Elapsed":0.13}
{"Time":"2026-10-10T00:50:57.03963493Z","Action":"run","Package":"go.temporal.io/server/tools/gomad3/runner","Test":"TestRunRejectsPreparedTargetMutationBeforeFailurePublication"}
{"Time":"2026-10-10T00:50:57.039760972Z","Action":"output","Package":"go.temporal.io/server/tools/gomad3/runner","Test":"TestRunRejectsPreparedTargetMutationBeforeFailurePublication","Output":"=== RUN   TestRunRejectsPreparedTargetMutationBeforeFailurePublication\n","OutputType":"frame"}
{"Time":"2026-10-10T00:50:57.122727888Z","Action":"output","Package":"go.temporal.io/server/tools/gomad3/runner","Test":"TestRunRejectsPreparedTargetMutationBeforeFailurePublication","Output":"--- PASS: TestRunRejectsPreparedTargetMutationBeforeFailurePublication (0.08s)\n","OutputType":"frame"}
{"Time":"2026-10-10T00:50:57.126189013Z","Action":"pass","Package":"go.temporal.io/server/tools/gomad3/runner","Test":"TestRunRejectsPreparedTargetMutationBeforeFailurePublication","Elapsed":0.08}
{"Time":"2026-10-10T00:50:57.127329888Z","Action":"output","Package":"go.temporal.io/server/tools/gomad3/runner","Output":"PASS\n","OutputType":"frame"}
{"Time":"2026-10-10T00:50:57.12742643Z","Action":"output","Package":"go.temporal.io/server/tools/gomad3/runner","Output":"ok  \tgo.temporal.io/server/tools/gomad3/runner\t1.176s\n"}
{"Time":"2026-10-10T00:50:57.127462888Z","Action":"pass","Package":"go.temporal.io/server/tools/gomad3/runner","Elapsed":1.178}
