{"Time":"2026-10-09T20:52:51.548854368Z","Action":"start","Package":"go.temporal.io/server/tools/gomad3/cmd/gomad/internal/cli"}
{"Time":"2026-10-09T20:52:51.553802451Z","Action":"run","Package":"go.temporal.io/server/tools/gomad3/cmd/gomad/internal/cli","Test":"TestCharacterizeReplayRequestOutputAndStatus"}
{"Time":"2026-10-09T20:52:51.553901285Z","Action":"output","Package":"go.temporal.io/server/tools/gomad3/cmd/gomad/internal/cli","Test":"TestCharacterizeReplayRequestOutputAndStatus","Output":"=== RUN   TestCharacterizeReplayRequestOutputAndStatus\n","OutputType":"frame"}
{"Time":"2026-10-09T20:52:51.555123493Z","Action":"run","Package":"go.temporal.io/server/tools/gomad3/cmd/gomad/internal/cli","Test":"TestCharacterizeReplayRequestOutputAndStatus/verify_only"}
{"Time":"2026-10-09T20:52:51.55515441Z","Action":"output","Package":"go.temporal.io/server/tools/gomad3/cmd/gomad/internal/cli","Test":"TestCharacterizeReplayRequestOutputAndStatus/verify_only","Output":"=== RUN   TestCharacterizeReplayRequestOutputAndStatus/verify_only\n","OutputType":"frame"}
{"Time":"2026-10-09T20:52:51.555183701Z","Action":"output","Package":"go.temporal.io/server/tools/gomad3/cmd/gomad/internal/cli","Test":"TestCharacterizeReplayRequestOutputAndStatus/verify_only","Output":"--- PASS: TestCharacterizeReplayRequestOutputAndStatus/verify_only (0.00s)\n","OutputType":"frame"}
{"Time":"2026-10-09T20:52:51.555199868Z","Action":"pass","Package":"go.temporal.io/server/tools/gomad3/cmd/gomad/internal/cli","Test":"TestCharacterizeReplayRequestOutputAndStatus/verify_only","Elapsed":0}
{"Time":"2026-10-09T20:52:51.555230785Z","Action":"run","Package":"go.temporal.io/server/tools/gomad3/cmd/gomad/internal/cli","Test":"TestCharacterizeReplayRequestOutputAndStatus/reproduced_success"}
{"Time":"2026-10-09T20:52:51.555246535Z","Action":"output","Package":"go.temporal.io/server/tools/gomad3/cmd/gomad/internal/cli","Test":"TestCharacterizeReplayRequestOutputAndStatus/reproduced_success","Output":"=== RUN   TestCharacterizeReplayRequestOutputAndStatus/reproduced_success\n","OutputType":"frame"}
{"Time":"2026-10-09T20:52:51.555264035Z","Action":"output","Package":"go.temporal.io/server/tools/gomad3/cmd/gomad/internal/cli","Test":"TestCharacterizeReplayRequestOutputAndStatus/reproduced_success","Output":"--- PASS: TestCharacterizeReplayRequestOutputAndStatus/reproduced_success (0.00s)\n","OutputType":"frame"}
{"Time":"2026-10-09T20:52:51.555279368Z","Action":"pass","Package":"go.temporal.io/server/tools/gomad3/cmd/gomad/internal/cli","Test":"TestCharacterizeReplayRequestOutputAndStatus/reproduced_success","Elapsed":0}
{"Time":"2026-10-09T20:52:51.555296951Z","Action":"run","Package":"go.temporal.io/server/tools/gomad3/cmd/gomad/internal/cli","Test":"TestCharacterizeReplayRequestOutputAndStatus/divergence"}
{"Time":"2026-10-09T20:52:51.555311451Z","Action":"output","Package":"go.temporal.io/server/tools/gomad3/cmd/gomad/internal/cli","Test":"TestCharacterizeReplayRequestOutputAndStatus/divergence","Output":"=== RUN   TestCharacterizeReplayRequestOutputAndStatus/divergence\n","OutputType":"frame"}
{"Time":"2026-10-09T20:52:51.555327743Z","Action":"output","Package":"go.temporal.io/server/tools/gomad3/cmd/gomad/internal/cli","Test":"TestCharacterizeReplayRequestOutputAndStatus/divergence","Output":"--- PASS: TestCharacterizeReplayRequestOutputAndStatus/divergence (0.00s)\n","OutputType":"frame"}
{"Time":"2026-10-09T20:52:51.555343076Z","Action":"pass","Package":"go.temporal.io/server/tools/gomad3/cmd/gomad/internal/cli","Test":"TestCharacterizeReplayRequestOutputAndStatus/divergence","Elapsed":0}
{"Time":"2026-10-09T20:52:51.555359076Z","Action":"run","Package":"go.temporal.io/server/tools/gomad3/cmd/gomad/internal/cli","Test":"TestCharacterizeReplayRequestOutputAndStatus/preflight"}
{"Time":"2026-10-09T20:52:51.555373243Z","Action":"output","Package":"go.temporal.io/server/tools/gomad3/cmd/gomad/internal/cli","Test":"TestCharacterizeReplayRequestOutputAndStatus/preflight","Output":"=== RUN   TestCharacterizeReplayRequestOutputAndStatus/preflight\n","OutputType":"frame"}
{"Time":"2026-10-09T20:52:51.555397535Z","Action":"output","Package":"go.temporal.io/server/tools/gomad3/cmd/gomad/internal/cli","Test":"TestCharacterizeReplayRequestOutputAndStatus/preflight","Output":"--- PASS: TestCharacterizeReplayRequestOutputAndStatus/preflight (0.00s)\n","OutputType":"frame"}
{"Time":"2026-10-09T20:52:51.555411035Z","Action":"pass","Package":"go.temporal.io/server/tools/gomad3/cmd/gomad/internal/cli","Test":"TestCharacterizeReplayRequestOutputAndStatus/preflight","Elapsed":0}
{"Time":"2026-10-09T20:52:51.555425743Z","Action":"run","Package":"go.temporal.io/server/tools/gomad3/cmd/gomad/internal/cli","Test":"TestCharacterizeReplayRequestOutputAndStatus/replay_failure"}
{"Time":"2026-10-09T20:52:51.555438993Z","Action":"output","Package":"go.temporal.io/server/tools/gomad3/cmd/gomad/internal/cli","Test":"TestCharacterizeReplayRequestOutputAndStatus/replay_failure","Output":"=== RUN   TestCharacterizeReplayRequestOutputAndStatus/replay_failure\n","OutputType":"frame"}
{"Time":"2026-10-09T20:52:51.555454285Z","Action":"output","Package":"go.temporal.io/server/tools/gomad3/cmd/gomad/internal/cli","Test":"TestCharacterizeReplayRequestOutputAndStatus/replay_failure","Output":"--- PASS: TestCharacterizeReplayRequestOutputAndStatus/replay_failure (0.00s)\n","OutputType":"frame"}
{"Time":"2026-10-09T20:52:51.555467993Z","Action":"pass","Package":"go.temporal.io/server/tools/gomad3/cmd/gomad/internal/cli","Test":"TestCharacterizeReplayRequestOutputAndStatus/replay_failure","Elapsed":0}
{"Time":"2026-10-09T20:52:51.555483451Z","Action":"output","Package":"go.temporal.io/server/tools/gomad3/cmd/gomad/internal/cli","Test":"TestCharacterizeReplayRequestOutputAndStatus","Output":"--- PASS: TestCharacterizeReplayRequestOutputAndStatus (0.00s)\n","OutputType":"frame"}
{"Time":"2026-10-09T20:52:51.555498743Z","Action":"pass","Package":"go.temporal.io/server/tools/gomad3/cmd/gomad/internal/cli","Test":"TestCharacterizeReplayRequestOutputAndStatus","Elapsed":0}
{"Time":"2026-10-09T20:52:51.555514826Z","Action":"run","Package":"go.temporal.io/server/tools/gomad3/cmd/gomad/internal/cli","Test":"TestReplayOutputVerifyOnly"}
{"Time":"2026-10-09T20:52:51.555532701Z","Action":"output","Package":"go.temporal.io/server/tools/gomad3/cmd/gomad/internal/cli","Test":"TestReplayOutputVerifyOnly","Output":"=== RUN   TestReplayOutputVerifyOnly\n","OutputType":"frame"}
{"Time":"2026-10-09T20:52:51.555551576Z","Action":"run","Package":"go.temporal.io/server/tools/gomad3/cmd/gomad/internal/cli","Test":"TestReplayOutputVerifyOnly/healthy"}
{"Time":"2026-10-09T20:52:51.555566576Z","Action":"output","Package":"go.temporal.io/server/tools/gomad3/cmd/gomad/internal/cli","Test":"TestReplayOutputVerifyOnly/healthy","Output":"=== RUN   TestReplayOutputVerifyOnly/healthy\n","OutputType":"frame"}
{"Time":"2026-10-09T20:52:51.55558216Z","Action":"output","Package":"go.temporal.io/server/tools/gomad3/cmd/gomad/internal/cli","Test":"TestReplayOutputVerifyOnly/healthy","Output":"--- PASS: TestReplayOutputVerifyOnly/healthy (0.00s)\n","OutputType":"frame"}
{"Time":"2026-10-09T20:52:51.55559666Z","Action":"pass","Package":"go.temporal.io/server/tools/gomad3/cmd/gomad/internal/cli","Test":"TestReplayOutputVerifyOnly/healthy","Elapsed":0}
{"Time":"2026-10-09T20:52:51.55561116Z","Action":"run","Package":"go.temporal.io/server/tools/gomad3/cmd/gomad/internal/cli","Test":"TestReplayOutputVerifyOnly/EBADF"}
{"Time":"2026-10-09T20:52:51.555625035Z","Action":"output","Package":"go.temporal.io/server/tools/gomad3/cmd/gomad/internal/cli","Test":"TestReplayOutputVerifyOnly/EBADF","Output":"=== RUN   TestReplayOutputVerifyOnly/EBADF\n","OutputType":"frame"}
{"Time":"2026-10-09T20:52:51.555639535Z","Action":"output","Package":"go.temporal.io/server/tools/gomad3/cmd/gomad/internal/cli","Test":"TestReplayOutputVerifyOnly/EBADF","Output":"    replay_output_test.go:41: status = 0, want 3 after completed verification\n","OutputType":"error"}
{"Time":"2026-10-09T20:52:51.555653993Z","Action":"output","Package":"go.temporal.io/server/tools/gomad3/cmd/gomad/internal/cli","Test":"TestReplayOutputVerifyOnly/EBADF","Output":"--- FAIL: TestReplayOutputVerifyOnly/EBADF (0.00s)\n","OutputType":"frame"}
{"Time":"2026-10-09T20:52:51.555674618Z","Action":"fail","Package":"go.temporal.io/server/tools/gomad3/cmd/gomad/internal/cli","Test":"TestReplayOutputVerifyOnly/EBADF","Elapsed":0}
{"Time":"2026-10-09T20:52:51.555688701Z","Action":"output","Package":"go.temporal.io/server/tools/gomad3/cmd/gomad/internal/cli","Test":"TestReplayOutputVerifyOnly","Output":"--- FAIL: TestReplayOutputVerifyOnly (0.00s)\n","OutputType":"frame"}
{"Time":"2026-10-09T20:52:51.555702451Z","Action":"fail","Package":"go.temporal.io/server/tools/gomad3/cmd/gomad/internal/cli","Test":"TestReplayOutputVerifyOnly","Elapsed":0}
{"Time":"2026-10-09T20:52:51.555716243Z","Action":"run","Package":"go.temporal.io/server/tools/gomad3/cmd/gomad/internal/cli","Test":"TestReplayOutputEarlierErrors"}
{"Time":"2026-10-09T20:52:51.555729743Z","Action":"output","Package":"go.temporal.io/server/tools/gomad3/cmd/gomad/internal/cli","Test":"TestReplayOutputEarlierErrors","Output":"=== RUN   TestReplayOutputEarlierErrors\n","OutputType":"frame"}
{"Time":"2026-10-09T20:52:51.555743576Z","Action":"run","Package":"go.temporal.io/server/tools/gomad3/cmd/gomad/internal/cli","Test":"TestReplayOutputEarlierErrors/installation"}
{"Time":"2026-10-09T20:52:51.555757118Z","Action":"output","Package":"go.temporal.io/server/tools/gomad3/cmd/gomad/internal/cli","Test":"TestReplayOutputEarlierErrors/installation","Output":"=== RUN   TestReplayOutputEarlierErrors/installation\n","OutputType":"frame"}
{"Time":"2026-10-09T20:52:51.555771285Z","Action":"output","Package":"go.temporal.io/server/tools/gomad3/cmd/gomad/internal/cli","Test":"TestReplayOutputEarlierErrors/installation","Output":"--- PASS: TestReplayOutputEarlierErrors/installation (0.00s)\n","OutputType":"frame"}
{"Time":"2026-10-09T20:52:51.555785576Z","Action":"pass","Package":"go.temporal.io/server/tools/gomad3/cmd/gomad/internal/cli","Test":"TestReplayOutputEarlierErrors/installation","Elapsed":0}
{"Time":"2026-10-09T20:52:51.55579916Z","Action":"run","Package":"go.temporal.io/server/tools/gomad3/cmd/gomad/internal/cli","Test":"TestReplayOutputEarlierErrors/preflight"}
{"Time":"2026-10-09T20:52:51.555812618Z","Action":"output","Package":"go.temporal.io/server/tools/gomad3/cmd/gomad/internal/cli","Test":"TestReplayOutputEarlierErrors/preflight","Output":"=== RUN   TestReplayOutputEarlierErrors/preflight\n","OutputType":"frame"}
{"Time":"2026-10-09T20:52:51.555826451Z","Action":"output","Package":"go.temporal.io/server/tools/gomad3/cmd/gomad/internal/cli","Test":"TestReplayOutputEarlierErrors/preflight","Output":"--- PASS: TestReplayOutputEarlierErrors/preflight (0.00s)\n","OutputType":"frame"}
{"Time":"2026-10-09T20:52:51.555840285Z","Action":"pass","Package":"go.temporal.io/server/tools/gomad3/cmd/gomad/internal/cli","Test":"TestReplayOutputEarlierErrors/preflight","Elapsed":0}
{"Time":"2026-10-09T20:52:51.55585416Z","Action":"run","Package":"go.temporal.io/server/tools/gomad3/cmd/gomad/internal/cli","Test":"TestReplayOutputEarlierErrors/replay"}
{"Time":"2026-10-09T20:52:51.55586691Z","Action":"output","Package":"go.temporal.io/server/tools/gomad3/cmd/gomad/internal/cli","Test":"TestReplayOutputEarlierErrors/replay","Output":"=== RUN   TestReplayOutputEarlierErrors/replay\n","OutputType":"frame"}
{"Time":"2026-10-09T20:52:51.555881618Z","Action":"output","Package":"go.temporal.io/server/tools/gomad3/cmd/gomad/internal/cli","Test":"TestReplayOutputEarlierErrors/replay","Output":"--- PASS: TestReplayOutputEarlierErrors/replay (0.00s)\n","OutputType":"frame"}
{"Time":"2026-10-09T20:52:51.555894493Z","Action":"pass","Package":"go.temporal.io/server/tools/gomad3/cmd/gomad/internal/cli","Test":"TestReplayOutputEarlierErrors/replay","Elapsed":0}
{"Time":"2026-10-09T20:52:51.555908951Z","Action":"output","Package":"go.temporal.io/server/tools/gomad3/cmd/gomad/internal/cli","Test":"TestReplayOutputEarlierErrors","Output":"--- PASS: TestReplayOutputEarlierErrors (0.00s)\n","OutputType":"frame"}
{"Time":"2026-10-09T20:52:51.555922368Z","Action":"pass","Package":"go.temporal.io/server/tools/gomad3/cmd/gomad/internal/cli","Test":"TestReplayOutputEarlierErrors","Elapsed":0}
{"Time":"2026-10-09T20:52:51.55594141Z","Action":"output","Package":"go.temporal.io/server/tools/gomad3/cmd/gomad/internal/cli","Output":"FAIL\n","OutputType":"frame"}
{"Time":"2026-10-09T20:52:51.557744451Z","Action":"output","Package":"go.temporal.io/server/tools/gomad3/cmd/gomad/internal/cli","Output":"FAIL\tgo.temporal.io/server/tools/gomad3/cmd/gomad/internal/cli\t0.007s\n","OutputType":"frame"}
{"Time":"2026-10-09T20:52:51.557837826Z","Action":"fail","Package":"go.temporal.io/server/tools/gomad3/cmd/gomad/internal/cli","Elapsed":0.009}
