=== RUN   TestPackRuleExclusionWinsOverUnknownActivation
=== RUN   TestPackRuleExclusionWinsOverUnknownActivation/baselineMissing=false/rule=exact
    pack_sums_test.go:265: separate rule disposition=unknown reason=""
=== RUN   TestPackRuleExclusionWinsOverUnknownActivation/baselineMissing=false/rule=missing
    pack_sums_test.go:265: separate rule disposition=unknown reason=""
=== RUN   TestPackRuleExclusionWinsOverUnknownActivation/baselineMissing=false/rule=absent
    pack_sums_test.go:265: separate rule disposition=stale reason="candidate no longer requires github.com/cespare/xxhash/v2"
=== RUN   TestPackRuleExclusionWinsOverUnknownActivation/baselineMissing=false/rule=version
    pack_sums_test.go:265: separate rule disposition=unknown reason=""
    pack_sums_test.go:267: separate rule = {Class:pack-rule Status:unknown ID:temporal-leaf-xxhash-darwin-arm64 github.com/cespare/xxhash/v2 Module:github.com/cespare/xxhash/v2 PinnedVersion:v2.3.0 PinnedSum:h1:UL815xU9SqsFlibzuggzjXhog7bL6oX9BbNZnL2UFvs= CandidateVersion:v2.99.0 CandidateSum:h1:UL815xU9SqsFlibzuggzjXhog7bL6oX9BbNZnL2UFvs= Pack:temporal-leaf-xxhash-darwin-arm64 PackSHA256:sha256:8700e28e90bbc0c79ec69b7036f5678b65a25c4bc224ec6e46dd1f67612dae76 ImportPath:github.com/cespare/xxhash/v2 SourceSetSHA256:sha256:fc3bd5228b22ed05e600a4de2056878168a180da6623928ea78f223cb4362a24 Platforms:[darwin/arm64] Reason:}, want invalidated
=== RUN   TestPackRuleExclusionWinsOverUnknownActivation/baselineMissing=false/rule=sum
    pack_sums_test.go:265: separate rule disposition=unknown reason=""
    pack_sums_test.go:267: separate rule = {Class:pack-rule Status:unknown ID:temporal-leaf-xxhash-darwin-arm64 github.com/cespare/xxhash/v2 Module:github.com/cespare/xxhash/v2 PinnedVersion:v2.3.0 PinnedSum:h1:UL815xU9SqsFlibzuggzjXhog7bL6oX9BbNZnL2UFvs= CandidateVersion:v2.3.0 CandidateSum:h1:D3hjA8qJotF7n3kgkn3iCeyLMoZ0D4+zxnZqw1gmGsU= Pack:temporal-leaf-xxhash-darwin-arm64 PackSHA256:sha256:8700e28e90bbc0c79ec69b7036f5678b65a25c4bc224ec6e46dd1f67612dae76 ImportPath:github.com/cespare/xxhash/v2 SourceSetSHA256:sha256:fc3bd5228b22ed05e600a4de2056878168a180da6623928ea78f223cb4362a24 Platforms:[darwin/arm64] Reason:}, want invalidated
=== RUN   TestPackRuleExclusionWinsOverUnknownActivation/baselineMissing=false/rule=replacement
    pack_sums_test.go:265: separate rule disposition=unknown reason=""
    pack_sums_test.go:267: separate rule = {Class:pack-rule Status:unknown ID:temporal-leaf-xxhash-darwin-arm64 github.com/cespare/xxhash/v2 Module:github.com/cespare/xxhash/v2 PinnedVersion:v2.3.0 PinnedSum:h1:UL815xU9SqsFlibzuggzjXhog7bL6oX9BbNZnL2UFvs= CandidateVersion:v2.3.0 CandidateSum:h1:UL815xU9SqsFlibzuggzjXhog7bL6oX9BbNZnL2UFvs= Pack:temporal-leaf-xxhash-darwin-arm64 PackSHA256:sha256:8700e28e90bbc0c79ec69b7036f5678b65a25c4bc224ec6e46dd1f67612dae76 ImportPath:github.com/cespare/xxhash/v2 SourceSetSHA256:sha256:fc3bd5228b22ed05e600a4de2056878168a180da6623928ea78f223cb4362a24 Platforms:[darwin/arm64] Reason:}, want invalidated
=== RUN   TestPackRuleExclusionWinsOverUnknownActivation/baselineMissing=true/rule=exact
    pack_sums_test.go:265: separate rule disposition=not-selected reason=""
    pack_sums_test.go:267: separate rule = {Class:pack-rule Status:not-selected ID:temporal-leaf-xxhash-darwin-arm64 github.com/cespare/xxhash/v2 Module:github.com/cespare/xxhash/v2 PinnedVersion:v2.3.0 PinnedSum:h1:UL815xU9SqsFlibzuggzjXhog7bL6oX9BbNZnL2UFvs= CandidateVersion:v2.3.0 CandidateSum:h1:UL815xU9SqsFlibzuggzjXhog7bL6oX9BbNZnL2UFvs= Pack:temporal-leaf-xxhash-darwin-arm64 PackSHA256:sha256:8700e28e90bbc0c79ec69b7036f5678b65a25c4bc224ec6e46dd1f67612dae76 ImportPath:github.com/cespare/xxhash/v2 SourceSetSHA256:sha256:fc3bd5228b22ed05e600a4de2056878168a180da6623928ea78f223cb4362a24 Platforms:[darwin/arm64] Reason:}, want unknown
=== RUN   TestPackRuleExclusionWinsOverUnknownActivation/baselineMissing=true/rule=missing
    pack_sums_test.go:265: separate rule disposition=not-selected reason=""
    pack_sums_test.go:267: separate rule = {Class:pack-rule Status:not-selected ID:temporal-leaf-xxhash-darwin-arm64 github.com/cespare/xxhash/v2 Module:github.com/cespare/xxhash/v2 PinnedVersion:v2.3.0 PinnedSum:h1:UL815xU9SqsFlibzuggzjXhog7bL6oX9BbNZnL2UFvs= CandidateVersion:v2.3.0 CandidateSum: Pack:temporal-leaf-xxhash-darwin-arm64 PackSHA256:sha256:8700e28e90bbc0c79ec69b7036f5678b65a25c4bc224ec6e46dd1f67612dae76 ImportPath:github.com/cespare/xxhash/v2 SourceSetSHA256:sha256:fc3bd5228b22ed05e600a4de2056878168a180da6623928ea78f223cb4362a24 Platforms:[darwin/arm64] Reason:}, want unknown
=== RUN   TestPackRuleExclusionWinsOverUnknownActivation/baselineMissing=true/rule=absent
    pack_sums_test.go:265: separate rule disposition=not-selected reason=""
=== RUN   TestPackRuleExclusionWinsOverUnknownActivation/baselineMissing=true/rule=version
    pack_sums_test.go:265: separate rule disposition=not-selected reason=""
=== RUN   TestPackRuleExclusionWinsOverUnknownActivation/baselineMissing=true/rule=sum
    pack_sums_test.go:265: separate rule disposition=not-selected reason=""
=== RUN   TestPackRuleExclusionWinsOverUnknownActivation/baselineMissing=true/rule=replacement
    pack_sums_test.go:265: separate rule disposition=not-selected reason=""
--- FAIL: TestPackRuleExclusionWinsOverUnknownActivation (0.03s)
    --- PASS: TestPackRuleExclusionWinsOverUnknownActivation/baselineMissing=false/rule=exact (0.00s)
    --- PASS: TestPackRuleExclusionWinsOverUnknownActivation/baselineMissing=false/rule=missing (0.00s)
    --- PASS: TestPackRuleExclusionWinsOverUnknownActivation/baselineMissing=false/rule=absent (0.00s)
    --- FAIL: TestPackRuleExclusionWinsOverUnknownActivation/baselineMissing=false/rule=version (0.00s)
    --- FAIL: TestPackRuleExclusionWinsOverUnknownActivation/baselineMissing=false/rule=sum (0.00s)
    --- FAIL: TestPackRuleExclusionWinsOverUnknownActivation/baselineMissing=false/rule=replacement (0.00s)
    --- FAIL: TestPackRuleExclusionWinsOverUnknownActivation/baselineMissing=true/rule=exact (0.00s)
    --- FAIL: TestPackRuleExclusionWinsOverUnknownActivation/baselineMissing=true/rule=missing (0.00s)
    --- PASS: TestPackRuleExclusionWinsOverUnknownActivation/baselineMissing=true/rule=absent (0.00s)
    --- PASS: TestPackRuleExclusionWinsOverUnknownActivation/baselineMissing=true/rule=version (0.00s)
    --- PASS: TestPackRuleExclusionWinsOverUnknownActivation/baselineMissing=true/rule=sum (0.00s)
    --- PASS: TestPackRuleExclusionWinsOverUnknownActivation/baselineMissing=true/rule=replacement (0.00s)
FAIL
FAIL	go.temporal.io/server/tools/gomad3/upgrade/pinimpact	0.027s
FAIL

real	0m0.221s
user	0m0.364s
sys	0m0.128s
