level=info msg="golangci-lint has version 2.13.0 built with go1.27.1 from (unknown, modified: ?, mod sum: \"h1:n/YR8sCuTAfjwKLHOU0q63X2e4tObi1PCNOz+HXJ3cE=\") on (unknown)"
level=info msg="[config_reader] Used config file .github/.golangci.yml"
level=info msg="[config_reader] Module name \"go.temporal.io/server\""
level=info msg="[goenv] Read go env for 1.661417ms: map[string]string{\"GOCACHE\":\"/home/agent/.cache/go-build\", \"GOROOT\":\"/home/agent/go/pkg/mod/golang.org/toolchain@v0.0.1-go1.27.1.linux-arm64\"}"
level=info msg="[lintersdb] Active 13 linters: [depguard errcheck exhaustive forbidigo gci godox goimports govet importas iotamixing revive staticcheck testifylint]"
level=info msg="[loader] Using build tags: [test_dep]"
level=info msg="[loader] Go packages loading at mode 8767 (compiled_files|exports_file|name|types_sizes|deps|files|imports) took 1.627839668s"
level=info msg="[runner/filename_unadjuster] Pre-built 0 adjustments in 398.146084ms"
level=info msg="[linters_context/goanalysis] analyzers took 0s with no stages"
level=info msg="[runner/exclusion_paths] Skipped 18 issues by pattern \"^api\""
level=info msg="[runner/exclusion_paths] Skipped 0 issues by pattern \"^proto\""
level=info msg="[runner/exclusion_paths] Skipped 27 issues by pattern \"^.git\""
level=info msg="[runner/exclusion_rules] Skipped 1943 issues by rules: [Text: \"time.Now\", Path Except: \"chasm/lib/.*\\\\.go$\", Linters: \"forbidigo\"]"
level=info msg="[runner/exclusion_rules] Skipped 0 issues by rules: [Text: \"panic\", Path: \"chasm/lib/activity/model/.*\\\\.go$\", Linters: \"forbidigo\"]"
level=info msg="[runner/exclusion_rules] Skipped 177 issues by rules: [Text: \"time.Now\", Path: \"chasm/lib/.*_test\\\\.go$\", Linters: \"forbidigo\"]"
level=info msg="[runner/exclusion_rules] Skipped 72 issues by rules: [Text: \"Unix|UnixMilli|UnixNano\", Path Except: \"common/persistence/cassandra/.*\\\\.go$\", Linters: \"forbidigo\"]"
level=info msg="[runner/exclusion_rules] Skipped 0 issues by rules: [Text: \"FunctionalTestBase\", Path: \"tests/testcore/.*\\\\.go$\", Linters: \"forbidigo\"]"
level=info msg="[runner/exclusion_rules] Skipped 0 issues by rules: [Text: \"ActiveInCluster\", Path: \"common/namespace/(namespace|replication_resolver)(_test)?\\\\.go$\", Linters: \"forbidigo\"]"
level=info msg="[runner/exclusion_rules] Skipped 119 issues by rules: [Text: \"Eventually\", Path: \"tests/(nexus_standalone|nexus_workflow|schedule|schedule_migration)_test\\\\.go$\", Linters: \"forbidigo\"]"
level=info msg="[runner/exclusion_rules] Skipped 151 issues by rules: [Text: \"use of `softassert\\\\.\\\\w+`\", Linters: \"forbidigo\"]"
level=info msg="[runner/exclusion_rules] Skipped 88 issues by rules: [Text: \"(cyclomatic|cognitive)\", Path: \"_test\\\\.go|tests/.+\\\\.go|common/testing/\", Linters: \"revive\"]"
level=info msg="[runner/exclusion_rules] Skipped 195 issues by rules: [Text: \"(dot-imports|unchecked-type-assertion)\", Path: \"_test\\\\.go|tests/.+\\\\.go|common/testing/\", Linters: \"revive\"]"
level=info msg="[runner/exclusion_rules] Skipped 11 issues by rules: [Text: \"time.Sleep\", Path Except: \"_test\\\\.go|tests/.+\\\\.go\", Linters: \"forbidigo\"]"
level=info msg="[runner/exclusion_rules] Skipped 0 issues by rules: [Text: \"Unix|UnixMilli|UnixNano\", Path: \"_test\\\\.go$\", Linters: \"forbidigo\"]"
level=info msg="[runner/exclusion_rules] Skipped 25 issues by rules: [Text: \"context.Background\", Path Except: \"tests/.+_test\\\\.go\", Linters: \"forbidigo\"]"
level=info msg="[runner/exclusion_rules] Skipped 33 issues by rules: [Text: \"assert\\\\.CollectT\", Path: \"tests/(nexus_standalone|nexus_workflow)_test\\\\.go$\", Linters: \"forbidigo\"]"
level=info msg="[runner/exclusion_rules] Skipped 27 issues by rules: [Text: \"SA1019: go.temporal.io/server/service/history/hsm/(callbacks|nexusoperations) is deprecated\", Linters: \"staticcheck\"]"
level=info msg="[runner/exclusion_rules] Skipped 124 issues by rules: [Text: \"panic\", Path: \"_test\\\\.go|tests/.+\\\\.go|common/testing/\", Linters: \"forbidigo\"]"
level=info msg="[runner/exclusion_rules] Skipped 99 issues by rules: [Path: \"^tools\\\\/.+\\\\.go\", Linters: \"revive\"]"
level=info msg="[runner/exclusion_rules] Skipped 0 issues by rules: [Text: \"^use of `panic` forbidden because \\\"Please avoid using panic in application code\\\"$\", Source: \"^\\\\t\\\\tpanic\\\\(\\\"gomad3: completed (an inactive campaign attempt|a campaign attempt without a classification)\\\"\\\\)$\", Path: \"^tools/gomad3/runner/internal/campaign/controller\\\\.go$\", Linters: \"forbidigo\"]"
level=warning msg="[runner/nolint_filter] Found unknown linters in //nolint directives: cognitive-complexity, confusing-results"
level=info msg="[runner] Issues before processing: 9519, after processing: 0"
level=info msg="[runner] Processors filtering stat (in/out): invalid_issue: 9519/9519, generated_file_filter: 9474/9348, exclusion_rules: 9348/6284, diff: 5250/0, path_absoluter: 9519/9519, exclusion_paths: 9519/9474, nolint_filter: 6284/5250, path_relativity: 9519/9519, cgo: 9519/9519, filename_unadjuster: 9519/9519"
level=info msg="[runner] processing took 4.169191124s with stages: diff: 3.473082751s, nolint_filter: 510.103501ms, generated_file_filter: 146.019541ms, exclusion_rules: 33.087584ms, path_relativity: 5.229333ms, exclusion_paths: 1.011793ms, cgo: 246.209µs, invalid_issue: 239.332µs, path_absoluter: 87.999µs, filename_unadjuster: 57.416µs, sort_results: 11.666µs, max_same_issues: 9.374µs, fixer: 3.458µs, uniq_by_line: 291ns, source_code: 209ns, max_from_linter: 208ns, max_per_file_from_linter: 126ns, path_prettifier: 125ns, severity-rules: 124ns, path_shortener: 84ns"
level=info msg="[runner] linters took 5.336984169s with stages: goanalysis_metalinter: 1.167608126s"
level=info msg="File cache stats: 0 entries of total size 0B"
level=info msg="Memory: 75 samples, avg is 141.7MB, max is 419.6MB"
level=info msg="Execution took 7.371569754s"
level=info msg="golangci-lint has version 2.13.0 built with go1.27.1 from (unknown, modified: ?, mod sum: \"h1:n/YR8sCuTAfjwKLHOU0q63X2e4tObi1PCNOz+HXJ3cE=\") on (unknown)"
level=info msg="[config_reader] Used config file ../../.github/.golangci.yml"
level=info msg="[config_reader] Module name \"go.temporal.io/server/tools/gomad3\""
level=info msg="[goenv] Read go env for 1.413458ms: map[string]string{\"GOCACHE\":\"/home/agent/.cache/go-build\", \"GOROOT\":\"/home/agent/go/pkg/mod/golang.org/toolchain@v0.0.1-go1.27.1.linux-arm64\"}"
level=info msg="[lintersdb] Active 13 linters: [depguard errcheck exhaustive forbidigo gci godox goimports govet importas iotamixing revive staticcheck testifylint]"
level=info msg="[loader] Using build tags: [test_dep]"
level=info msg="[loader] Go packages loading at mode 8767 (deps|imports|name|compiled_files|exports_file|files|types_sizes) took 633.800709ms"
level=info msg="[runner/filename_unadjuster] Pre-built 0 adjustments in 125.036834ms"
level=info msg="[linters_context/goanalysis] analyzers took 4.807575223s with top 10 stages: revive: 1.448245334s, goimports: 784.980209ms, gci: 432.463875ms, exhaustive: 376.943996ms, buildir: 339.381034ms, nilness: 299.131374ms, printf: 180.057506ms, forbidigo: 135.672292ms, S1038: 71.320167ms, QF1010: 69.173917ms"
level=info msg="[runner/exclusion_paths] Skipped 0 issues by pattern \"^api\""
level=info msg="[runner/exclusion_paths] Skipped 0 issues by pattern \"^proto\""
level=info msg="[runner/exclusion_paths] Skipped 0 issues by pattern \"^.git\""
level=info msg="[runner/exclusion_rules] Skipped 0 issues by rules: [Text: \"context.Background\", Path Except: \"tests/.+_test\\\\.go\", Linters: \"forbidigo\"]"
level=info msg="[runner/exclusion_rules] Skipped 0 issues by rules: [Text: \"assert\\\\.CollectT\", Path: \"tests/(nexus_standalone|nexus_workflow)_test\\\\.go$\", Linters: \"forbidigo\"]"
level=info msg="[runner/exclusion_rules] Skipped 1376 issues by rules: [Path: \"^tools\\\\/.+\\\\.go\", Linters: \"revive\"]"
level=info msg="[runner/exclusion_rules] Skipped 74 issues by rules: [Text: \"time.Now\", Path Except: \"chasm/lib/.*\\\\.go$\", Linters: \"forbidigo\"]"
level=info msg="[runner/exclusion_rules] Skipped 0 issues by rules: [Text: \"FunctionalTestBase\", Path: \"tests/testcore/.*\\\\.go$\", Linters: \"forbidigo\"]"
level=info msg="[runner/exclusion_rules] Skipped 0 issues by rules: [Text: \"ActiveInCluster\", Path: \"common/namespace/(namespace|replication_resolver)(_test)?\\\\.go$\", Linters: \"forbidigo\"]"
level=info msg="[runner/exclusion_rules] Skipped 0 issues by rules: [Text: \"Eventually\", Path: \"tests/(nexus_standalone|nexus_workflow|schedule|schedule_migration)_test\\\\.go$\", Linters: \"forbidigo\"]"
level=info msg="[runner/exclusion_rules] Skipped 0 issues by rules: [Text: \"use of `softassert\\\\.\\\\w+`\", Linters: \"forbidigo\"]"
level=info msg="[runner/exclusion_rules] Skipped 0 issues by rules: [Text: \"SA1019: go.temporal.io/server/service/history/hsm/(callbacks|nexusoperations) is deprecated\", Linters: \"staticcheck\"]"
level=info msg="[runner/exclusion_rules] Skipped 10 issues by rules: [Text: \"(dot-imports|unchecked-type-assertion)\", Path: \"_test\\\\.go|tests/.+\\\\.go|common/testing/\", Linters: \"revive\"]"
level=info msg="[runner/exclusion_rules] Skipped 2 issues by rules: [Text: \"^use of `panic` forbidden because \\\"Please avoid using panic in application code\\\"$\", Source: \"^\\\\t\\\\tpanic\\\\(\\\"gomad3: completed (an inactive campaign attempt|a campaign attempt without a classification)\\\"\\\\)$\", Path: \"^tools/gomad3/runner/internal/campaign/controller\\\\.go$\", Linters: \"forbidigo\"]"
level=info msg="[runner/exclusion_rules] Skipped 3 issues by rules: [Text: \"time.Sleep\", Path Except: \"_test\\\\.go|tests/.+\\\\.go\", Linters: \"forbidigo\"]"
level=info msg="[runner/exclusion_rules] Skipped 0 issues by rules: [Text: \"time.Now\", Path: \"chasm/lib/.*_test\\\\.go$\", Linters: \"forbidigo\"]"
level=info msg="[runner/exclusion_rules] Skipped 1 issues by rules: [Text: \"Unix|UnixMilli|UnixNano\", Path Except: \"common/persistence/cassandra/.*\\\\.go$\", Linters: \"forbidigo\"]"
level=info msg="[runner/exclusion_rules] Skipped 7 issues by rules: [Text: \"panic\", Path: \"_test\\\\.go|tests/.+\\\\.go|common/testing/\", Linters: \"forbidigo\"]"
level=info msg="[runner/exclusion_rules] Skipped 0 issues by rules: [Text: \"panic\", Path: \"chasm/lib/activity/model/.*\\\\.go$\", Linters: \"forbidigo\"]"
level=info msg="[runner/exclusion_rules] Skipped 186 issues by rules: [Text: \"(cyclomatic|cognitive)\", Path: \"_test\\\\.go|tests/.+\\\\.go|common/testing/\", Linters: \"revive\"]"
level=info msg="[runner/exclusion_rules] Skipped 0 issues by rules: [Text: \"Unix|UnixMilli|UnixNano\", Path: \"_test\\\\.go$\", Linters: \"forbidigo\"]"
level=info msg="[runner] Issues before processing: 1923, after processing: 56"
level=info msg="[runner] Processors filtering stat (in/out): filename_unadjuster: 1923/1923, max_from_linter: 56/56, source_code: 56/56, severity-rules: 56/56, max_per_file_from_linter: 56/56, path_absoluter: 1923/1923, cgo: 1923/1923, invalid_issue: 1923/1923, exclusion_paths: 1923/1923, generated_file_filter: 1923/1923, exclusion_rules: 1923/264, nolint_filter: 264/263, path_relativity: 1923/1923, uniq_by_line: 56/56, path_shortener: 56/56, path_prettifier: 56/56, sort_results: 56/56, diff: 263/56, fixer: 56/56, max_same_issues: 56/56"
level=info msg="[runner] processing took 354.588793ms with stages: diff: 296.151667ms, generated_file_filter: 24.910167ms, nolint_filter: 23.617667ms, exclusion_rules: 6.802208ms, source_code: 1.461ms, path_relativity: 1.247708ms, exclusion_paths: 240.583µs, cgo: 49.626µs, invalid_issue: 40.75µs, path_absoluter: 18.583µs, path_shortener: 11.417µs, sort_results: 10.875µs, uniq_by_line: 9.792µs, filename_unadjuster: 9.584µs, fixer: 3.749µs, max_per_file_from_linter: 1.458µs, max_same_issues: 959ns, path_prettifier: 750ns, max_from_linter: 166ns, severity-rules: 84ns"
level=info msg="[runner] linters took 2.414993667s with stages: goanalysis_metalinter: 2.060299043s"
level=info msg="File cache stats: 15 entries of total size 208.3KiB"
level=info msg="Memory: 33 samples, avg is 181.1MB, max is 314.8MB"
level=info msg="Execution took 3.179731377s"
make[1]: *** [Makefile:505: lint-code] Error 1
lint module tools/gomad3: exit status 2
exit status 1
make: *** [Makefile:495: lint-code-fast] Error 1
