{"Time":"2026-10-08T11:26:59.74659248Z","Action":"start","Package":"go.temporal.io/server/tools/gomad3/runner"}
{"Time":"2026-10-08T11:26:59.748895105Z","Action":"run","Package":"go.temporal.io/server/tools/gomad3/runner","Test":"TestShardedSeedControllerSchedulesPendingOrdinalsAndSynchronizesStatistics"}
{"Time":"2026-10-08T11:26:59.74893448Z","Action":"output","Package":"go.temporal.io/server/tools/gomad3/runner","Test":"TestShardedSeedControllerSchedulesPendingOrdinalsAndSynchronizesStatistics","Output":"=== RUN   TestShardedSeedControllerSchedulesPendingOrdinalsAndSynchronizesStatistics\n","OutputType":"frame"}
{"Time":"2026-10-08T11:26:59.74894873Z","Action":"output","Package":"go.temporal.io/server/tools/gomad3/runner","Test":"TestShardedSeedControllerSchedulesPendingOrdinalsAndSynchronizesStatistics","Output":"--- PASS: TestShardedSeedControllerSchedulesPendingOrdinalsAndSynchronizesStatistics (0.00s)\n","OutputType":"frame"}
{"Time":"2026-10-08T11:26:59.748956313Z","Action":"pass","Package":"go.temporal.io/server/tools/gomad3/runner","Test":"TestShardedSeedControllerSchedulesPendingOrdinalsAndSynchronizesStatistics","Elapsed":0}
{"Time":"2026-10-08T11:26:59.748960647Z","Action":"run","Package":"go.temporal.io/server/tools/gomad3/runner","Test":"TestAssessWorldValidatesTheRecordAgainstItsSeed"}
{"Time":"2026-10-08T11:26:59.748966438Z","Action":"output","Package":"go.temporal.io/server/tools/gomad3/runner","Test":"TestAssessWorldValidatesTheRecordAgainstItsSeed","Output":"=== RUN   TestAssessWorldValidatesTheRecordAgainstItsSeed\n","OutputType":"frame"}
{"Time":"2026-10-08T11:26:59.749469272Z","Action":"run","Package":"go.temporal.io/server/tools/gomad3/runner","Test":"TestAssessWorldValidatesTheRecordAgainstItsSeed/no_record"}
{"Time":"2026-10-08T11:26:59.749478397Z","Action":"output","Package":"go.temporal.io/server/tools/gomad3/runner","Test":"TestAssessWorldValidatesTheRecordAgainstItsSeed/no_record","Output":"=== RUN   TestAssessWorldValidatesTheRecordAgainstItsSeed/no_record\n","OutputType":"frame"}
{"Time":"2026-10-08T11:26:59.749482022Z","Action":"output","Package":"go.temporal.io/server/tools/gomad3/runner","Test":"TestAssessWorldValidatesTheRecordAgainstItsSeed/no_record","Output":"--- PASS: TestAssessWorldValidatesTheRecordAgainstItsSeed/no_record (0.00s)\n","OutputType":"frame"}
{"Time":"2026-10-08T11:26:59.749483772Z","Action":"pass","Package":"go.temporal.io/server/tools/gomad3/runner","Test":"TestAssessWorldValidatesTheRecordAgainstItsSeed/no_record","Elapsed":0}
{"Time":"2026-10-08T11:26:59.74948573Z","Action":"run","Package":"go.temporal.io/server/tools/gomad3/runner","Test":"TestAssessWorldValidatesTheRecordAgainstItsSeed/valid_record"}
{"Time":"2026-10-08T11:26:59.749487147Z","Action":"output","Package":"go.temporal.io/server/tools/gomad3/runner","Test":"TestAssessWorldValidatesTheRecordAgainstItsSeed/valid_record","Output":"=== RUN   TestAssessWorldValidatesTheRecordAgainstItsSeed/valid_record\n","OutputType":"frame"}
{"Time":"2026-10-08T11:26:59.75008098Z","Action":"output","Package":"go.temporal.io/server/tools/gomad3/runner","Test":"TestAssessWorldValidatesTheRecordAgainstItsSeed/valid_record","Output":"--- PASS: TestAssessWorldValidatesTheRecordAgainstItsSeed/valid_record (0.00s)\n","OutputType":"frame"}
{"Time":"2026-10-08T11:26:59.750104563Z","Action":"pass","Package":"go.temporal.io/server/tools/gomad3/runner","Test":"TestAssessWorldValidatesTheRecordAgainstItsSeed/valid_record","Elapsed":0}
{"Time":"2026-10-08T11:26:59.750109063Z","Action":"run","Package":"go.temporal.io/server/tools/gomad3/runner","Test":"TestAssessWorldValidatesTheRecordAgainstItsSeed/transition_limit"}
{"Time":"2026-10-08T11:26:59.75011123Z","Action":"output","Package":"go.temporal.io/server/tools/gomad3/runner","Test":"TestAssessWorldValidatesTheRecordAgainstItsSeed/transition_limit","Output":"=== RUN   TestAssessWorldValidatesTheRecordAgainstItsSeed/transition_limit\n","OutputType":"frame"}
{"Time":"2026-10-08T11:26:59.750273397Z","Action":"output","Package":"go.temporal.io/server/tools/gomad3/runner","Test":"TestAssessWorldValidatesTheRecordAgainstItsSeed/transition_limit","Output":"--- PASS: TestAssessWorldValidatesTheRecordAgainstItsSeed/transition_limit (0.00s)\n","OutputType":"frame"}
{"Time":"2026-10-08T11:26:59.75032098Z","Action":"pass","Package":"go.temporal.io/server/tools/gomad3/runner","Test":"TestAssessWorldValidatesTheRecordAgainstItsSeed/transition_limit","Elapsed":0}
{"Time":"2026-10-08T11:26:59.750380647Z","Action":"run","Package":"go.temporal.io/server/tools/gomad3/runner","Test":"TestAssessWorldValidatesTheRecordAgainstItsSeed/malformed_record_before_seed_mismatch"}
{"Time":"2026-10-08T11:26:59.750400563Z","Action":"output","Package":"go.temporal.io/server/tools/gomad3/runner","Test":"TestAssessWorldValidatesTheRecordAgainstItsSeed/malformed_record_before_seed_mismatch","Output":"=== RUN   TestAssessWorldValidatesTheRecordAgainstItsSeed/malformed_record_before_seed_mismatch\n","OutputType":"frame"}
{"Time":"2026-10-08T11:26:59.750419647Z","Action":"output","Package":"go.temporal.io/server/tools/gomad3/runner","Test":"TestAssessWorldValidatesTheRecordAgainstItsSeed/malformed_record_before_seed_mismatch","Output":"--- PASS: TestAssessWorldValidatesTheRecordAgainstItsSeed/malformed_record_before_seed_mismatch (0.00s)\n","OutputType":"frame"}
{"Time":"2026-10-08T11:26:59.750425397Z","Action":"pass","Package":"go.temporal.io/server/tools/gomad3/runner","Test":"TestAssessWorldValidatesTheRecordAgainstItsSeed/malformed_record_before_seed_mismatch","Elapsed":0}
{"Time":"2026-10-08T11:26:59.750438105Z","Action":"output","Package":"go.temporal.io/server/tools/gomad3/runner","Test":"TestAssessWorldValidatesTheRecordAgainstItsSeed","Output":"--- PASS: TestAssessWorldValidatesTheRecordAgainstItsSeed (0.00s)\n","OutputType":"frame"}
{"Time":"2026-10-08T11:26:59.750450188Z","Action":"pass","Package":"go.temporal.io/server/tools/gomad3/runner","Test":"TestAssessWorldValidatesTheRecordAgainstItsSeed","Elapsed":0}
{"Time":"2026-10-08T11:26:59.75045523Z","Action":"run","Package":"go.temporal.io/server/tools/gomad3/runner","Test":"TestAssessCompletionProjectsCoverageInOrderAndClassifies"}
{"Time":"2026-10-08T11:26:59.75045898Z","Action":"output","Package":"go.temporal.io/server/tools/gomad3/runner","Test":"TestAssessCompletionProjectsCoverageInOrderAndClassifies","Output":"=== RUN   TestAssessCompletionProjectsCoverageInOrderAndClassifies\n","OutputType":"frame"}
{"Time":"2026-10-08T11:26:59.75057348Z","Action":"run","Package":"go.temporal.io/server/tools/gomad3/runner","Test":"TestAssessCompletionProjectsCoverageInOrderAndClassifies/no_coverage_ignores_malformed_evidence"}
{"Time":"2026-10-08T11:26:59.750586188Z","Action":"output","Package":"go.temporal.io/server/tools/gomad3/runner","Test":"TestAssessCompletionProjectsCoverageInOrderAndClassifies/no_coverage_ignores_malformed_evidence","Output":"=== RUN   TestAssessCompletionProjectsCoverageInOrderAndClassifies/no_coverage_ignores_malformed_evidence\n","OutputType":"frame"}
{"Time":"2026-10-08T11:26:59.750591272Z","Action":"output","Package":"go.temporal.io/server/tools/gomad3/runner","Test":"TestAssessCompletionProjectsCoverageInOrderAndClassifies/no_coverage_ignores_malformed_evidence","Output":"--- PASS: TestAssessCompletionProjectsCoverageInOrderAndClassifies/no_coverage_ignores_malformed_evidence (0.00s)\n","OutputType":"frame"}
{"Time":"2026-10-08T11:26:59.750593438Z","Action":"pass","Package":"go.temporal.io/server/tools/gomad3/runner","Test":"TestAssessCompletionProjectsCoverageInOrderAndClassifies/no_coverage_ignores_malformed_evidence","Elapsed":0}
{"Time":"2026-10-08T11:26:59.750597772Z","Action":"run","Package":"go.temporal.io/server/tools/gomad3/runner","Test":"TestAssessCompletionProjectsCoverageInOrderAndClassifies/unset_coverage"}
{"Time":"2026-10-08T11:26:59.750601188Z","Action":"output","Package":"go.temporal.io/server/tools/gomad3/runner","Test":"TestAssessCompletionProjectsCoverageInOrderAndClassifies/unset_coverage","Output":"=== RUN   TestAssessCompletionProjectsCoverageInOrderAndClassifies/unset_coverage\n","OutputType":"frame"}
{"Time":"2026-10-08T11:26:59.750607438Z","Action":"output","Package":"go.temporal.io/server/tools/gomad3/runner","Test":"TestAssessCompletionProjectsCoverageInOrderAndClassifies/unset_coverage","Output":"--- PASS: TestAssessCompletionProjectsCoverageInOrderAndClassifies/unset_coverage (0.00s)\n","OutputType":"frame"}
{"Time":"2026-10-08T11:26:59.750652105Z","Action":"pass","Package":"go.temporal.io/server/tools/gomad3/runner","Test":"TestAssessCompletionProjectsCoverageInOrderAndClassifies/unset_coverage","Elapsed":0}
{"Time":"2026-10-08T11:26:59.750670188Z","Action":"run","Package":"go.temporal.io/server/tools/gomad3/runner","Test":"TestAssessCompletionProjectsCoverageInOrderAndClassifies/semantic_coverage"}
{"Time":"2026-10-08T11:26:59.750673647Z","Action":"output","Package":"go.temporal.io/server/tools/gomad3/runner","Test":"TestAssessCompletionProjectsCoverageInOrderAndClassifies/semantic_coverage","Output":"=== RUN   TestAssessCompletionProjectsCoverageInOrderAndClassifies/semantic_coverage\n","OutputType":"frame"}
{"Time":"2026-10-08T11:26:59.75067798Z","Action":"output","Package":"go.temporal.io/server/tools/gomad3/runner","Test":"TestAssessCompletionProjectsCoverageInOrderAndClassifies/semantic_coverage","Output":"--- PASS: TestAssessCompletionProjectsCoverageInOrderAndClassifies/semantic_coverage (0.00s)\n","OutputType":"frame"}
{"Time":"2026-10-08T11:26:59.750724272Z","Action":"pass","Package":"go.temporal.io/server/tools/gomad3/runner","Test":"TestAssessCompletionProjectsCoverageInOrderAndClassifies/semantic_coverage","Elapsed":0}
{"Time":"2026-10-08T11:26:59.750733647Z","Action":"run","Package":"go.temporal.io/server/tools/gomad3/runner","Test":"TestAssessCompletionProjectsCoverageInOrderAndClassifies/choice_coverage"}
{"Time":"2026-10-08T11:26:59.750737105Z","Action":"output","Package":"go.temporal.io/server/tools/gomad3/runner","Test":"TestAssessCompletionProjectsCoverageInOrderAndClassifies/choice_coverage","Output":"=== RUN   TestAssessCompletionProjectsCoverageInOrderAndClassifies/choice_coverage\n","OutputType":"frame"}
{"Time":"2026-10-08T11:26:59.750790355Z","Action":"output","Package":"go.temporal.io/server/tools/gomad3/runner","Test":"TestAssessCompletionProjectsCoverageInOrderAndClassifies/choice_coverage","Output":"--- PASS: TestAssessCompletionProjectsCoverageInOrderAndClassifies/choice_coverage (0.00s)\n","OutputType":"frame"}
{"Time":"2026-10-08T11:26:59.750799147Z","Action":"pass","Package":"go.temporal.io/server/tools/gomad3/runner","Test":"TestAssessCompletionProjectsCoverageInOrderAndClassifies/choice_coverage","Elapsed":0}
{"Time":"2026-10-08T11:26:59.75080123Z","Action":"run","Package":"go.temporal.io/server/tools/gomad3/runner","Test":"TestAssessCompletionProjectsCoverageInOrderAndClassifies/semantic_and_choice_coverage_with_a_World_terminal"}
{"Time":"2026-10-08T11:26:59.750803272Z","Action":"output","Package":"go.temporal.io/server/tools/gomad3/runner","Test":"TestAssessCompletionProjectsCoverageInOrderAndClassifies/semantic_and_choice_coverage_with_a_World_terminal","Output":"=== RUN   TestAssessCompletionProjectsCoverageInOrderAndClassifies/semantic_and_choice_coverage_with_a_World_terminal\n","OutputType":"frame"}
{"Time":"2026-10-08T11:26:59.750854813Z","Action":"output","Package":"go.temporal.io/server/tools/gomad3/runner","Test":"TestAssessCompletionProjectsCoverageInOrderAndClassifies/semantic_and_choice_coverage_with_a_World_terminal","Output":"--- PASS: TestAssessCompletionProjectsCoverageInOrderAndClassifies/semantic_and_choice_coverage_with_a_World_terminal (0.00s)\n","OutputType":"frame"}
{"Time":"2026-10-08T11:26:59.750862855Z","Action":"pass","Package":"go.temporal.io/server/tools/gomad3/runner","Test":"TestAssessCompletionProjectsCoverageInOrderAndClassifies/semantic_and_choice_coverage_with_a_World_terminal","Elapsed":0}
{"Time":"2026-10-08T11:26:59.750865855Z","Action":"run","Package":"go.temporal.io/server/tools/gomad3/runner","Test":"TestAssessCompletionProjectsCoverageInOrderAndClassifies/malformed_semantic_coverage"}
{"Time":"2026-10-08T11:26:59.750868063Z","Action":"output","Package":"go.temporal.io/server/tools/gomad3/runner","Test":"TestAssessCompletionProjectsCoverageInOrderAndClassifies/malformed_semantic_coverage","Output":"=== RUN   TestAssessCompletionProjectsCoverageInOrderAndClassifies/malformed_semantic_coverage\n","OutputType":"frame"}
{"Time":"2026-10-08T11:26:59.750870522Z","Action":"output","Package":"go.temporal.io/server/tools/gomad3/runner","Test":"TestAssessCompletionProjectsCoverageInOrderAndClassifies/malformed_semantic_coverage","Output":"--- PASS: TestAssessCompletionProjectsCoverageInOrderAndClassifies/malformed_semantic_coverage (0.00s)\n","OutputType":"frame"}
{"Time":"2026-10-08T11:26:59.750872105Z","Action":"pass","Package":"go.temporal.io/server/tools/gomad3/runner","Test":"TestAssessCompletionProjectsCoverageInOrderAndClassifies/malformed_semantic_coverage","Elapsed":0}
{"Time":"2026-10-08T11:26:59.750874188Z","Action":"run","Package":"go.temporal.io/server/tools/gomad3/runner","Test":"TestAssessCompletionProjectsCoverageInOrderAndClassifies/malformed_semantic_coverage_before_malformed_choices"}
{"Time":"2026-10-08T11:26:59.750879438Z","Action":"output","Package":"go.temporal.io/server/tools/gomad3/runner","Test":"TestAssessCompletionProjectsCoverageInOrderAndClassifies/malformed_semantic_coverage_before_malformed_choices","Output":"=== RUN   TestAssessCompletionProjectsCoverageInOrderAndClassifies/malformed_semantic_coverage_before_malformed_choices\n","OutputType":"frame"}
{"Time":"2026-10-08T11:26:59.75088198Z","Action":"output","Package":"go.temporal.io/server/tools/gomad3/runner","Test":"TestAssessCompletionProjectsCoverageInOrderAndClassifies/malformed_semantic_coverage_before_malformed_choices","Output":"--- PASS: TestAssessCompletionProjectsCoverageInOrderAndClassifies/malformed_semantic_coverage_before_malformed_choices (0.00s)\n","OutputType":"frame"}
{"Time":"2026-10-08T11:26:59.750883605Z","Action":"pass","Package":"go.temporal.io/server/tools/gomad3/runner","Test":"TestAssessCompletionProjectsCoverageInOrderAndClassifies/malformed_semantic_coverage_before_malformed_choices","Elapsed":0}
{"Time":"2026-10-08T11:26:59.750891438Z","Action":"run","Package":"go.temporal.io/server/tools/gomad3/runner","Test":"TestAssessCompletionProjectsCoverageInOrderAndClassifies/malformed_choices"}
{"Time":"2026-10-08T11:26:59.75089298Z","Action":"output","Package":"go.temporal.io/server/tools/gomad3/runner","Test":"TestAssessCompletionProjectsCoverageInOrderAndClassifies/malformed_choices","Output":"=== RUN   TestAssessCompletionProjectsCoverageInOrderAndClassifies/malformed_choices\n","OutputType":"frame"}
{"Time":"2026-10-08T11:26:59.750956105Z","Action":"output","Package":"go.temporal.io/server/tools/gomad3/runner","Test":"TestAssessCompletionProjectsCoverageInOrderAndClassifies/malformed_choices","Output":"--- PASS: TestAssessCompletionProjectsCoverageInOrderAndClassifies/malformed_choices (0.00s)\n","OutputType":"frame"}
{"Time":"2026-10-08T11:26:59.750975105Z","Action":"pass","Package":"go.temporal.io/server/tools/gomad3/runner","Test":"TestAssessCompletionProjectsCoverageInOrderAndClassifies/malformed_choices","Elapsed":0}
{"Time":"2026-10-08T11:26:59.750978438Z","Action":"run","Package":"go.temporal.io/server/tools/gomad3/runner","Test":"TestAssessCompletionProjectsCoverageInOrderAndClassifies/malformed_semantic_coverage_of_a_watchdog_kill"}
{"Time":"2026-10-08T11:26:59.750980313Z","Action":"output","Package":"go.temporal.io/server/tools/gomad3/runner","Test":"TestAssessCompletionProjectsCoverageInOrderAndClassifies/malformed_semantic_coverage_of_a_watchdog_kill","Output":"=== RUN   TestAssessCompletionProjectsCoverageInOrderAndClassifies/malformed_semantic_coverage_of_a_watchdog_kill\n","OutputType":"frame"}
{"Time":"2026-10-08T11:26:59.750983605Z","Action":"output","Package":"go.temporal.io/server/tools/gomad3/runner","Test":"TestAssessCompletionProjectsCoverageInOrderAndClassifies/malformed_semantic_coverage_of_a_watchdog_kill","Output":"--- PASS: TestAssessCompletionProjectsCoverageInOrderAndClassifies/malformed_semantic_coverage_of_a_watchdog_kill (0.00s)\n","OutputType":"frame"}
{"Time":"2026-10-08T11:26:59.750985105Z","Action":"pass","Package":"go.temporal.io/server/tools/gomad3/runner","Test":"TestAssessCompletionProjectsCoverageInOrderAndClassifies/malformed_semantic_coverage_of_a_watchdog_kill","Elapsed":0}
{"Time":"2026-10-08T11:26:59.750986563Z","Action":"run","Package":"go.temporal.io/server/tools/gomad3/runner","Test":"TestAssessCompletionProjectsCoverageInOrderAndClassifies/watchdog_kill_projects_no_choices"}
{"Time":"2026-10-08T11:26:59.750988147Z","Action":"output","Package":"go.temporal.io/server/tools/gomad3/runner","Test":"TestAssessCompletionProjectsCoverageInOrderAndClassifies/watchdog_kill_projects_no_choices","Output":"=== RUN   TestAssessCompletionProjectsCoverageInOrderAndClassifies/watchdog_kill_projects_no_choices\n","OutputType":"frame"}
{"Time":"2026-10-08T11:26:59.751029105Z","Action":"output","Package":"go.temporal.io/server/tools/gomad3/runner","Test":"TestAssessCompletionProjectsCoverageInOrderAndClassifies/watchdog_kill_projects_no_choices","Output":"--- PASS: TestAssessCompletionProjectsCoverageInOrderAndClassifies/watchdog_kill_projects_no_choices (0.00s)\n","OutputType":"frame"}
{"Time":"2026-10-08T11:26:59.75103573Z","Action":"pass","Package":"go.temporal.io/server/tools/gomad3/runner","Test":"TestAssessCompletionProjectsCoverageInOrderAndClassifies/watchdog_kill_projects_no_choices","Elapsed":0}
{"Time":"2026-10-08T11:26:59.751037272Z","Action":"run","Package":"go.temporal.io/server/tools/gomad3/runner","Test":"TestAssessCompletionProjectsCoverageInOrderAndClassifies/cancellation_projects_no_choices"}
{"Time":"2026-10-08T11:26:59.751039313Z","Action":"output","Package":"go.temporal.io/server/tools/gomad3/runner","Test":"TestAssessCompletionProjectsCoverageInOrderAndClassifies/cancellation_projects_no_choices","Output":"=== RUN   TestAssessCompletionProjectsCoverageInOrderAndClassifies/cancellation_projects_no_choices\n","OutputType":"frame"}
{"Time":"2026-10-08T11:26:59.751041772Z","Action":"output","Package":"go.temporal.io/server/tools/gomad3/runner","Test":"TestAssessCompletionProjectsCoverageInOrderAndClassifies/cancellation_projects_no_choices","Output":"--- PASS: TestAssessCompletionProjectsCoverageInOrderAndClassifies/cancellation_projects_no_choices (0.00s)\n","OutputType":"frame"}
{"Time":"2026-10-08T11:26:59.75104323Z","Action":"pass","Package":"go.temporal.io/server/tools/gomad3/runner","Test":"TestAssessCompletionProjectsCoverageInOrderAndClassifies/cancellation_projects_no_choices","Elapsed":0}
{"Time":"2026-10-08T11:26:59.751123772Z","Action":"output","Package":"go.temporal.io/server/tools/gomad3/runner","Test":"TestAssessCompletionProjectsCoverageInOrderAndClassifies","Output":"--- PASS: TestAssessCompletionProjectsCoverageInOrderAndClassifies (0.00s)\n","OutputType":"frame"}
{"Time":"2026-10-08T11:26:59.751130522Z","Action":"pass","Package":"go.temporal.io/server/tools/gomad3/runner","Test":"TestAssessCompletionProjectsCoverageInOrderAndClassifies","Elapsed":0}
{"Time":"2026-10-08T11:26:59.75113323Z","Action":"run","Package":"go.temporal.io/server/tools/gomad3/runner","Test":"TestCoordinatorGroupProbeRequiresExplicitESRCHForDisappearance"}
{"Time":"2026-10-08T11:26:59.751150313Z","Action":"output","Package":"go.temporal.io/server/tools/gomad3/runner","Test":"TestCoordinatorGroupProbeRequiresExplicitESRCHForDisappearance","Output":"=== RUN   TestCoordinatorGroupProbeRequiresExplicitESRCHForDisappearance\n","OutputType":"frame"}
{"Time":"2026-10-08T11:26:59.751152272Z","Action":"run","Package":"go.temporal.io/server/tools/gomad3/runner","Test":"TestCoordinatorGroupProbeRequiresExplicitESRCHForDisappearance/present"}
{"Time":"2026-10-08T11:26:59.75115398Z","Action":"output","Package":"go.temporal.io/server/tools/gomad3/runner","Test":"TestCoordinatorGroupProbeRequiresExplicitESRCHForDisappearance/present","Output":"=== RUN   TestCoordinatorGroupProbeRequiresExplicitESRCHForDisappearance/present\n","OutputType":"frame"}
{"Time":"2026-10-08T11:26:59.751156313Z","Action":"output","Package":"go.temporal.io/server/tools/gomad3/runner","Test":"TestCoordinatorGroupProbeRequiresExplicitESRCHForDisappearance/present","Output":"--- PASS: TestCoordinatorGroupProbeRequiresExplicitESRCHForDisappearance/present (0.00s)\n","OutputType":"frame"}
{"Time":"2026-10-08T11:26:59.751157897Z","Action":"pass","Package":"go.temporal.io/server/tools/gomad3/runner","Test":"TestCoordinatorGroupProbeRequiresExplicitESRCHForDisappearance/present","Elapsed":0}
{"Time":"2026-10-08T11:26:59.751159522Z","Action":"run","Package":"go.temporal.io/server/tools/gomad3/runner","Test":"TestCoordinatorGroupProbeRequiresExplicitESRCHForDisappearance/denied"}
{"Time":"2026-10-08T11:26:59.751160938Z","Action":"output","Package":"go.temporal.io/server/tools/gomad3/runner","Test":"TestCoordinatorGroupProbeRequiresExplicitESRCHForDisappearance/denied","Output":"=== RUN   TestCoordinatorGroupProbeRequiresExplicitESRCHForDisappearance/denied\n","OutputType":"frame"}
{"Time":"2026-10-08T11:26:59.751162522Z","Action":"output","Package":"go.temporal.io/server/tools/gomad3/runner","Test":"TestCoordinatorGroupProbeRequiresExplicitESRCHForDisappearance/denied","Output":"--- PASS: TestCoordinatorGroupProbeRequiresExplicitESRCHForDisappearance/denied (0.00s)\n","OutputType":"frame"}
{"Time":"2026-10-08T11:26:59.75116398Z","Action":"pass","Package":"go.temporal.io/server/tools/gomad3/runner","Test":"TestCoordinatorGroupProbeRequiresExplicitESRCHForDisappearance/denied","Elapsed":0}
{"Time":"2026-10-08T11:26:59.751165147Z","Action":"run","Package":"go.temporal.io/server/tools/gomad3/runner","Test":"TestCoordinatorGroupProbeRequiresExplicitESRCHForDisappearance/gone"}
{"Time":"2026-10-08T11:26:59.751166647Z","Action":"output","Package":"go.temporal.io/server/tools/gomad3/runner","Test":"TestCoordinatorGroupProbeRequiresExplicitESRCHForDisappearance/gone","Output":"=== RUN   TestCoordinatorGroupProbeRequiresExplicitESRCHForDisappearance/gone\n","OutputType":"frame"}
{"Time":"2026-10-08T11:26:59.751168605Z","Action":"output","Package":"go.temporal.io/server/tools/gomad3/runner","Test":"TestCoordinatorGroupProbeRequiresExplicitESRCHForDisappearance/gone","Output":"--- PASS: TestCoordinatorGroupProbeRequiresExplicitESRCHForDisappearance/gone (0.00s)\n","OutputType":"frame"}
{"Time":"2026-10-08T11:26:59.751169897Z","Action":"pass","Package":"go.temporal.io/server/tools/gomad3/runner","Test":"TestCoordinatorGroupProbeRequiresExplicitESRCHForDisappearance/gone","Elapsed":0}
{"Time":"2026-10-08T11:26:59.751171105Z","Action":"run","Package":"go.temporal.io/server/tools/gomad3/runner","Test":"TestCoordinatorGroupProbeRequiresExplicitESRCHForDisappearance/unknown"}
{"Time":"2026-10-08T11:26:59.751172897Z","Action":"output","Package":"go.temporal.io/server/tools/gomad3/runner","Test":"TestCoordinatorGroupProbeRequiresExplicitESRCHForDisappearance/unknown","Output":"=== RUN   TestCoordinatorGroupProbeRequiresExplicitESRCHForDisappearance/unknown\n","OutputType":"frame"}
{"Time":"2026-10-08T11:26:59.751174897Z","Action":"output","Package":"go.temporal.io/server/tools/gomad3/runner","Test":"TestCoordinatorGroupProbeRequiresExplicitESRCHForDisappearance/unknown","Output":"--- PASS: TestCoordinatorGroupProbeRequiresExplicitESRCHForDisappearance/unknown (0.00s)\n","OutputType":"frame"}
{"Time":"2026-10-08T11:26:59.751176605Z","Action":"pass","Package":"go.temporal.io/server/tools/gomad3/runner","Test":"TestCoordinatorGroupProbeRequiresExplicitESRCHForDisappearance/unknown","Elapsed":0}
{"Time":"2026-10-08T11:26:59.751178772Z","Action":"output","Package":"go.temporal.io/server/tools/gomad3/runner","Test":"TestCoordinatorGroupProbeRequiresExplicitESRCHForDisappearance","Output":"--- PASS: TestCoordinatorGroupProbeRequiresExplicitESRCHForDisappearance (0.00s)\n","OutputType":"frame"}
{"Time":"2026-10-08T11:26:59.751180355Z","Action":"pass","Package":"go.temporal.io/server/tools/gomad3/runner","Test":"TestCoordinatorGroupProbeRequiresExplicitESRCHForDisappearance","Elapsed":0}
{"Time":"2026-10-08T11:26:59.751181772Z","Action":"run","Package":"go.temporal.io/server/tools/gomad3/runner","Test":"TestDecodeCoordinatorMessagesForwardsProgressAndFinalResponse"}
{"Time":"2026-10-08T11:26:59.751183147Z","Action":"output","Package":"go.temporal.io/server/tools/gomad3/runner","Test":"TestDecodeCoordinatorMessagesForwardsProgressAndFinalResponse","Output":"=== RUN   TestDecodeCoordinatorMessagesForwardsProgressAndFinalResponse\n","OutputType":"frame"}
{"Time":"2026-10-08T11:26:59.751288647Z","Action":"output","Package":"go.temporal.io/server/tools/gomad3/runner","Test":"TestDecodeCoordinatorMessagesForwardsProgressAndFinalResponse","Output":"--- PASS: TestDecodeCoordinatorMessagesForwardsProgressAndFinalResponse (0.00s)\n","OutputType":"frame"}
{"Time":"2026-10-08T11:26:59.751296188Z","Action":"pass","Package":"go.temporal.io/server/tools/gomad3/runner","Test":"TestDecodeCoordinatorMessagesForwardsProgressAndFinalResponse","Elapsed":0}
{"Time":"2026-10-08T11:26:59.751297938Z","Action":"run","Package":"go.temporal.io/server/tools/gomad3/runner","Test":"TestDecodeCoordinatorMessagesRejectsProgressAfterResult"}
{"Time":"2026-10-08T11:26:59.751299688Z","Action":"output","Package":"go.temporal.io/server/tools/gomad3/runner","Test":"TestDecodeCoordinatorMessagesRejectsProgressAfterResult","Output":"=== RUN   TestDecodeCoordinatorMessagesRejectsProgressAfterResult\n","OutputType":"frame"}
{"Time":"2026-10-08T11:26:59.751301855Z","Action":"output","Package":"go.temporal.io/server/tools/gomad3/runner","Test":"TestDecodeCoordinatorMessagesRejectsProgressAfterResult","Output":"--- PASS: TestDecodeCoordinatorMessagesRejectsProgressAfterResult (0.00s)\n","OutputType":"frame"}
{"Time":"2026-10-08T11:26:59.75130323Z","Action":"pass","Package":"go.temporal.io/server/tools/gomad3/runner","Test":"TestDecodeCoordinatorMessagesRejectsProgressAfterResult","Elapsed":0}
{"Time":"2026-10-08T11:26:59.751304855Z","Action":"run","Package":"go.temporal.io/server/tools/gomad3/runner","Test":"TestDecodeCoordinatorMessagesPreservesDrainFailure"}
{"Time":"2026-10-08T11:26:59.751306105Z","Action":"output","Package":"go.temporal.io/server/tools/gomad3/runner","Test":"TestDecodeCoordinatorMessagesPreservesDrainFailure","Output":"=== RUN   TestDecodeCoordinatorMessagesPreservesDrainFailure\n","OutputType":"frame"}
{"Time":"2026-10-08T11:26:59.751308397Z","Action":"output","Package":"go.temporal.io/server/tools/gomad3/runner","Test":"TestDecodeCoordinatorMessagesPreservesDrainFailure","Output":"--- PASS: TestDecodeCoordinatorMessagesPreservesDrainFailure (0.00s)\n","OutputType":"frame"}
{"Time":"2026-10-08T11:26:59.751354105Z","Action":"pass","Package":"go.temporal.io/server/tools/gomad3/runner","Test":"TestDecodeCoordinatorMessagesPreservesDrainFailure","Elapsed":0}
{"Time":"2026-10-08T11:26:59.751361147Z","Action":"run","Package":"go.temporal.io/server/tools/gomad3/runner","Test":"TestChoiceTraceObservedExcludesWatchdogAndCancellation"}
{"Time":"2026-10-08T11:26:59.751362772Z","Action":"output","Package":"go.temporal.io/server/tools/gomad3/runner","Test":"TestChoiceTraceObservedExcludesWatchdogAndCancellation","Output":"=== RUN   TestChoiceTraceObservedExcludesWatchdogAndCancellation\n","OutputType":"frame"}
{"Time":"2026-10-08T11:26:59.751367272Z","Action":"output","Package":"go.temporal.io/server/tools/gomad3/runner","Test":"TestChoiceTraceObservedExcludesWatchdogAndCancellation","Output":"--- PASS: TestChoiceTraceObservedExcludesWatchdogAndCancellation (0.00s)\n","OutputType":"frame"}
{"Time":"2026-10-08T11:26:59.751368855Z","Action":"pass","Package":"go.temporal.io/server/tools/gomad3/runner","Test":"TestChoiceTraceObservedExcludesWatchdogAndCancellation","Elapsed":0}
{"Time":"2026-10-08T11:26:59.751371563Z","Action":"run","Package":"go.temporal.io/server/tools/gomad3/runner","Test":"TestDecideSuccessRetentionJudgesNoveltyTranscriptAndBounds"}
{"Time":"2026-10-08T11:26:59.751372813Z","Action":"output","Package":"go.temporal.io/server/tools/gomad3/runner","Test":"TestDecideSuccessRetentionJudgesNoveltyTranscriptAndBounds","Output":"=== RUN   TestDecideSuccessRetentionJudgesNoveltyTranscriptAndBounds\n","OutputType":"frame"}
{"Time":"2026-10-08T11:26:59.751385188Z","Action":"run","Package":"go.temporal.io/server/tools/gomad3/runner","Test":"TestDecideSuccessRetentionJudgesNoveltyTranscriptAndBounds/discard"}
{"Time":"2026-10-08T11:26:59.751387647Z","Action":"output","Package":"go.temporal.io/server/tools/gomad3/runner","Test":"TestDecideSuccessRetentionJudgesNoveltyTranscriptAndBounds/discard","Output":"=== RUN   TestDecideSuccessRetentionJudgesNoveltyTranscriptAndBounds/discard\n","OutputType":"frame"}
{"Time":"2026-10-08T11:26:59.751428063Z","Action":"output","Package":"go.temporal.io/server/tools/gomad3/runner","Test":"TestDecideSuccessRetentionJudgesNoveltyTranscriptAndBounds/discard","Output":"--- PASS: TestDecideSuccessRetentionJudgesNoveltyTranscriptAndBounds/discard (0.00s)\n","OutputType":"frame"}
{"Time":"2026-10-08T11:26:59.751434647Z","Action":"pass","Package":"go.temporal.io/server/tools/gomad3/runner","Test":"TestDecideSuccessRetentionJudgesNoveltyTranscriptAndBounds/discard","Elapsed":0}
{"Time":"2026-10-08T11:26:59.751436688Z","Action":"run","Package":"go.temporal.io/server/tools/gomad3/runner","Test":"TestDecideSuccessRetentionJudgesNoveltyTranscriptAndBounds/unset_policy"}
{"Time":"2026-10-08T11:26:59.751438063Z","Action":"output","Package":"go.temporal.io/server/tools/gomad3/runner","Test":"TestDecideSuccessRetentionJudgesNoveltyTranscriptAndBounds/unset_policy","Output":"=== RUN   TestDecideSuccessRetentionJudgesNoveltyTranscriptAndBounds/unset_policy\n","OutputType":"frame"}
{"Time":"2026-10-08T11:26:59.75144073Z","Action":"output","Package":"go.temporal.io/server/tools/gomad3/runner","Test":"TestDecideSuccessRetentionJudgesNoveltyTranscriptAndBounds/unset_policy","Output":"--- PASS: TestDecideSuccessRetentionJudgesNoveltyTranscriptAndBounds/unset_policy (0.00s)\n","OutputType":"frame"}
{"Time":"2026-10-08T11:26:59.75144223Z","Action":"pass","Package":"go.temporal.io/server/tools/gomad3/runner","Test":"TestDecideSuccessRetentionJudgesNoveltyTranscriptAndBounds/unset_policy","Elapsed":0}
{"Time":"2026-10-08T11:26:59.75144373Z","Action":"run","Package":"go.temporal.io/server/tools/gomad3/runner","Test":"TestDecideSuccessRetentionJudgesNoveltyTranscriptAndBounds/discard_an_unreplayable_success_beyond_the_bounds"}
{"Time":"2026-10-08T11:26:59.751445105Z","Action":"output","Package":"go.temporal.io/server/tools/gomad3/runner","Test":"TestDecideSuccessRetentionJudgesNoveltyTranscriptAndBounds/discard_an_unreplayable_success_beyond_the_bounds","Output":"=== RUN   TestDecideSuccessRetentionJudgesNoveltyTranscriptAndBounds/discard_an_unreplayable_success_beyond_the_bounds\n","OutputType":"frame"}
{"Time":"2026-10-08T11:26:59.751447647Z","Action":"output","Package":"go.temporal.io/server/tools/gomad3/runner","Test":"TestDecideSuccessRetentionJudgesNoveltyTranscriptAndBounds/discard_an_unreplayable_success_beyond_the_bounds","Output":"--- PASS: TestDecideSuccessRetentionJudgesNoveltyTranscriptAndBounds/discard_an_unreplayable_success_beyond_the_bounds (0.00s)\n","OutputType":"frame"}
{"Time":"2026-10-08T11:26:59.751449272Z","Action":"pass","Package":"go.temporal.io/server/tools/gomad3/runner","Test":"TestDecideSuccessRetentionJudgesNoveltyTranscriptAndBounds/discard_an_unreplayable_success_beyond_the_bounds","Elapsed":0}
{"Time":"2026-10-08T11:26:59.751450647Z","Action":"run","Package":"go.temporal.io/server/tools/gomad3/runner","Test":"TestDecideSuccessRetentionJudgesNoveltyTranscriptAndBounds/all"}
{"Time":"2026-10-08T11:26:59.751452438Z","Action":"output","Package":"go.temporal.io/server/tools/gomad3/runner","Test":"TestDecideSuccessRetentionJudgesNoveltyTranscriptAndBounds/all","Output":"=== RUN   TestDecideSuccessRetentionJudgesNoveltyTranscriptAndBounds/all\n","OutputType":"frame"}
{"Time":"2026-10-08T11:26:59.751454563Z","Action":"output","Package":"go.temporal.io/server/tools/gomad3/runner","Test":"TestDecideSuccessRetentionJudgesNoveltyTranscriptAndBounds/all","Output":"--- PASS: TestDecideSuccessRetentionJudgesNoveltyTranscriptAndBounds/all (0.00s)\n","OutputType":"frame"}
{"Time":"2026-10-08T11:26:59.751456397Z","Action":"pass","Package":"go.temporal.io/server/tools/gomad3/runner","Test":"TestDecideSuccessRetentionJudgesNoveltyTranscriptAndBounds/all","Elapsed":0}
{"Time":"2026-10-08T11:26:59.751458647Z","Action":"run","Package":"go.temporal.io/server/tools/gomad3/runner","Test":"TestDecideSuccessRetentionJudgesNoveltyTranscriptAndBounds/all_needs_a_complete_transcript"}
{"Time":"2026-10-08T11:26:59.751460397Z","Action":"output","Package":"go.temporal.io/server/tools/gomad3/runner","Test":"TestDecideSuccessRetentionJudgesNoveltyTranscriptAndBounds/all_needs_a_complete_transcript","Output":"=== RUN   TestDecideSuccessRetentionJudgesNoveltyTranscriptAndBounds/all_needs_a_complete_transcript\n","OutputType":"frame"}
{"Time":"2026-10-08T11:26:59.751462813Z","Action":"output","Package":"go.temporal.io/server/tools/gomad3/runner","Test":"TestDecideSuccessRetentionJudgesNoveltyTranscriptAndBounds/all_needs_a_complete_transcript","Output":"--- PASS: TestDecideSuccessRetentionJudgesNoveltyTranscriptAndBounds/all_needs_a_complete_transcript (0.00s)\n","OutputType":"frame"}
{"Time":"2026-10-08T11:26:59.751464855Z","Action":"pass","Package":"go.temporal.io/server/tools/gomad3/runner","Test":"TestDecideSuccessRetentionJudgesNoveltyTranscriptAndBounds/all_needs_a_complete_transcript","Elapsed":0}
{"Time":"2026-10-08T11:26:59.751466605Z","Action":"run","Package":"go.temporal.io/server/tools/gomad3/runner","Test":"TestDecideSuccessRetentionJudgesNoveltyTranscriptAndBounds/novel_probe"}
{"Time":"2026-10-08T11:26:59.751468855Z","Action":"output","Package":"go.temporal.io/server/tools/gomad3/runner","Test":"TestDecideSuccessRetentionJudgesNoveltyTranscriptAndBounds/novel_probe","Output":"=== RUN   TestDecideSuccessRetentionJudgesNoveltyTranscriptAndBounds/novel_probe\n","OutputType":"frame"}
{"Time":"2026-10-08T11:26:59.751470855Z","Action":"output","Package":"go.temporal.io/server/tools/gomad3/runner","Test":"TestDecideSuccessRetentionJudgesNoveltyTranscriptAndBounds/novel_probe","Output":"--- PASS: TestDecideSuccessRetentionJudgesNoveltyTranscriptAndBounds/novel_probe (0.00s)\n","OutputType":"frame"}
{"Time":"2026-10-08T11:26:59.751472855Z","Action":"pass","Package":"go.temporal.io/server/tools/gomad3/runner","Test":"TestDecideSuccessRetentionJudgesNoveltyTranscriptAndBounds/novel_probe","Elapsed":0}
{"Time":"2026-10-08T11:26:59.751474813Z","Action":"run","Package":"go.temporal.io/server/tools/gomad3/runner","Test":"TestDecideSuccessRetentionJudgesNoveltyTranscriptAndBounds/novel_choice"}
{"Time":"2026-10-08T11:26:59.751476438Z","Action":"output","Package":"go.temporal.io/server/tools/gomad3/runner","Test":"TestDecideSuccessRetentionJudgesNoveltyTranscriptAndBounds/novel_choice","Output":"=== RUN   TestDecideSuccessRetentionJudgesNoveltyTranscriptAndBounds/novel_choice\n","OutputType":"frame"}
{"Time":"2026-10-08T11:26:59.751478605Z","Action":"output","Package":"go.temporal.io/server/tools/gomad3/runner","Test":"TestDecideSuccessRetentionJudgesNoveltyTranscriptAndBounds/novel_choice","Output":"--- PASS: TestDecideSuccessRetentionJudgesNoveltyTranscriptAndBounds/novel_choice (0.00s)\n","OutputType":"frame"}
{"Time":"2026-10-08T11:26:59.75148048Z","Action":"pass","Package":"go.temporal.io/server/tools/gomad3/runner","Test":"TestDecideSuccessRetentionJudgesNoveltyTranscriptAndBounds/novel_choice","Elapsed":0}
{"Time":"2026-10-08T11:26:59.751482813Z","Action":"run","Package":"go.temporal.io/server/tools/gomad3/runner","Test":"TestDecideSuccessRetentionJudgesNoveltyTranscriptAndBounds/probes_and_choices_are_judged_against_their_own_committed_sets"}
{"Time":"2026-10-08T11:26:59.751484897Z","Action":"output","Package":"go.temporal.io/server/tools/gomad3/runner","Test":"TestDecideSuccessRetentionJudgesNoveltyTranscriptAndBounds/probes_and_choices_are_judged_against_their_own_committed_sets","Output":"=== RUN   TestDecideSuccessRetentionJudgesNoveltyTranscriptAndBounds/probes_and_choices_are_judged_against_their_own_committed_sets\n","OutputType":"frame"}
{"Time":"2026-10-08T11:26:59.751487605Z","Action":"output","Package":"go.temporal.io/server/tools/gomad3/runner","Test":"TestDecideSuccessRetentionJudgesNoveltyTranscriptAndBounds/probes_and_choices_are_judged_against_their_own_committed_sets","Output":"--- PASS: TestDecideSuccessRetentionJudgesNoveltyTranscriptAndBounds/probes_and_choices_are_judged_against_their_own_committed_sets (0.00s)\n","OutputType":"frame"}
{"Time":"2026-10-08T11:26:59.751490438Z","Action":"pass","Package":"go.temporal.io/server/tools/gomad3/runner","Test":"TestDecideSuccessRetentionJudgesNoveltyTranscriptAndBounds/probes_and_choices_are_judged_against_their_own_committed_sets","Elapsed":0}
{"Time":"2026-10-08T11:26:59.751493272Z","Action":"run","Package":"go.temporal.io/server/tools/gomad3/runner","Test":"TestDecideSuccessRetentionJudgesNoveltyTranscriptAndBounds/novel_values_keep_their_observed_order"}
{"Time":"2026-10-08T11:26:59.751495147Z","Action":"output","Package":"go.temporal.io/server/tools/gomad3/runner","Test":"TestDecideSuccessRetentionJudgesNoveltyTranscriptAndBounds/novel_values_keep_their_observed_order","Output":"=== RUN   TestDecideSuccessRetentionJudgesNoveltyTranscriptAndBounds/novel_values_keep_their_observed_order\n","OutputType":"frame"}
{"Time":"2026-10-08T11:26:59.751502313Z","Action":"output","Package":"go.temporal.io/server/tools/gomad3/runner","Test":"TestDecideSuccessRetentionJudgesNoveltyTranscriptAndBounds/novel_values_keep_their_observed_order","Output":"--- PASS: TestDecideSuccessRetentionJudgesNoveltyTranscriptAndBounds/novel_values_keep_their_observed_order (0.00s)\n","OutputType":"frame"}
{"Time":"2026-10-08T11:26:59.751504355Z","Action":"pass","Package":"go.temporal.io/server/tools/gomad3/runner","Test":"TestDecideSuccessRetentionJudgesNoveltyTranscriptAndBounds/novel_values_keep_their_observed_order","Elapsed":0}
{"Time":"2026-10-08T11:26:59.751505647Z","Action":"run","Package":"go.temporal.io/server/tools/gomad3/runner","Test":"TestDecideSuccessRetentionJudgesNoveltyTranscriptAndBounds/nothing_novel_is_not_kept,_whatever_the_transcript_and_the_bounds"}
{"Time":"2026-10-08T11:26:59.75150698Z","Action":"output","Package":"go.temporal.io/server/tools/gomad3/runner","Test":"TestDecideSuccessRetentionJudgesNoveltyTranscriptAndBounds/nothing_novel_is_not_kept,_whatever_the_transcript_and_the_bounds","Output":"=== RUN   TestDecideSuccessRetentionJudgesNoveltyTranscriptAndBounds/nothing_novel_is_not_kept,_whatever_the_transcript_and_the_bounds\n","OutputType":"frame"}
{"Time":"2026-10-08T11:26:59.751509272Z","Action":"output","Package":"go.temporal.io/server/tools/gomad3/runner","Test":"TestDecideSuccessRetentionJudgesNoveltyTranscriptAndBounds/nothing_novel_is_not_kept,_whatever_the_transcript_and_the_bounds","Output":"--- PASS: TestDecideSuccessRetentionJudgesNoveltyTranscriptAndBounds/nothing_novel_is_not_kept,_whatever_the_transcript_and_the_bounds (0.00s)\n","OutputType":"frame"}
{"Time":"2026-10-08T11:26:59.751511522Z","Action":"pass","Package":"go.temporal.io/server/tools/gomad3/runner","Test":"TestDecideSuccessRetentionJudgesNoveltyTranscriptAndBounds/nothing_novel_is_not_kept,_whatever_the_transcript_and_the_bounds","Elapsed":0}
{"Time":"2026-10-08T11:26:59.75151323Z","Action":"run","Package":"go.temporal.io/server/tools/gomad3/runner","Test":"TestDecideSuccessRetentionJudgesNoveltyTranscriptAndBounds/novel_needs_a_complete_transcript"}
{"Time":"2026-10-08T11:26:59.751514938Z","Action":"output","Package":"go.temporal.io/server/tools/gomad3/runner","Test":"TestDecideSuccessRetentionJudgesNoveltyTranscriptAndBounds/novel_needs_a_complete_transcript","Output":"=== RUN   TestDecideSuccessRetentionJudgesNoveltyTranscriptAndBounds/novel_needs_a_complete_transcript\n","OutputType":"frame"}
{"Time":"2026-10-08T11:26:59.75151748Z","Action":"output","Package":"go.temporal.io/server/tools/gomad3/runner","Test":"TestDecideSuccessRetentionJudgesNoveltyTranscriptAndBounds/novel_needs_a_complete_transcript","Output":"--- PASS: TestDecideSuccessRetentionJudgesNoveltyTranscriptAndBounds/novel_needs_a_complete_transcript (0.00s)\n","OutputType":"frame"}
{"Time":"2026-10-08T11:26:59.751519522Z","Action":"pass","Package":"go.temporal.io/server/tools/gomad3/runner","Test":"TestDecideSuccessRetentionJudgesNoveltyTranscriptAndBounds/novel_needs_a_complete_transcript","Elapsed":0}
{"Time":"2026-10-08T11:26:59.751521188Z","Action":"run","Package":"go.temporal.io/server/tools/gomad3/runner","Test":"TestDecideSuccessRetentionJudgesNoveltyTranscriptAndBounds/count_used_up"}
{"Time":"2026-10-08T11:26:59.751522897Z","Action":"output","Package":"go.temporal.io/server/tools/gomad3/runner","Test":"TestDecideSuccessRetentionJudgesNoveltyTranscriptAndBounds/count_used_up","Output":"=== RUN   TestDecideSuccessRetentionJudgesNoveltyTranscriptAndBounds/count_used_up\n","OutputType":"frame"}
{"Time":"2026-10-08T11:26:59.751525272Z","Action":"output","Package":"go.temporal.io/server/tools/gomad3/runner","Test":"TestDecideSuccessRetentionJudgesNoveltyTranscriptAndBounds/count_used_up","Output":"--- PASS: TestDecideSuccessRetentionJudgesNoveltyTranscriptAndBounds/count_used_up (0.00s)\n","OutputType":"frame"}
{"Time":"2026-10-08T11:26:59.751533772Z","Action":"pass","Package":"go.temporal.io/server/tools/gomad3/runner","Test":"TestDecideSuccessRetentionJudgesNoveltyTranscriptAndBounds/count_used_up","Elapsed":0}
{"Time":"2026-10-08T11:26:59.751535355Z","Action":"run","Package":"go.temporal.io/server/tools/gomad3/runner","Test":"TestDecideSuccessRetentionJudgesNoveltyTranscriptAndBounds/count_exceeded"}
{"Time":"2026-10-08T11:26:59.751536855Z","Action":"output","Package":"go.temporal.io/server/tools/gomad3/runner","Test":"TestDecideSuccessRetentionJudgesNoveltyTranscriptAndBounds/count_exceeded","Output":"=== RUN   TestDecideSuccessRetentionJudgesNoveltyTranscriptAndBounds/count_exceeded\n","OutputType":"frame"}
{"Time":"2026-10-08T11:26:59.751538647Z","Action":"output","Package":"go.temporal.io/server/tools/gomad3/runner","Test":"TestDecideSuccessRetentionJudgesNoveltyTranscriptAndBounds/count_exceeded","Output":"--- PASS: TestDecideSuccessRetentionJudgesNoveltyTranscriptAndBounds/count_exceeded (0.00s)\n","OutputType":"frame"}
{"Time":"2026-10-08T11:26:59.751539938Z","Action":"pass","Package":"go.temporal.io/server/tools/gomad3/runner","Test":"TestDecideSuccessRetentionJudgesNoveltyTranscriptAndBounds/count_exceeded","Elapsed":0}
{"Time":"2026-10-08T11:26:59.751541522Z","Action":"run","Package":"go.temporal.io/server/tools/gomad3/runner","Test":"TestDecideSuccessRetentionJudgesNoveltyTranscriptAndBounds/bytes_used_up"}
{"Time":"2026-10-08T11:26:59.751542855Z","Action":"output","Package":"go.temporal.io/server/tools/gomad3/runner","Test":"TestDecideSuccessRetentionJudgesNoveltyTranscriptAndBounds/bytes_used_up","Output":"=== RUN   TestDecideSuccessRetentionJudgesNoveltyTranscriptAndBounds/bytes_used_up\n","OutputType":"frame"}
{"Time":"2026-10-08T11:26:59.751545147Z","Action":"output","Package":"go.temporal.io/server/tools/gomad3/runner","Test":"TestDecideSuccessRetentionJudgesNoveltyTranscriptAndBounds/bytes_used_up","Output":"--- PASS: TestDecideSuccessRetentionJudgesNoveltyTranscriptAndBounds/bytes_used_up (0.00s)\n","OutputType":"frame"}
{"Time":"2026-10-08T11:26:59.751547355Z","Action":"pass","Package":"go.temporal.io/server/tools/gomad3/runner","Test":"TestDecideSuccessRetentionJudgesNoveltyTranscriptAndBounds/bytes_used_up","Elapsed":0}
{"Time":"2026-10-08T11:26:59.751549105Z","Action":"run","Package":"go.temporal.io/server/tools/gomad3/runner","Test":"TestDecideSuccessRetentionJudgesNoveltyTranscriptAndBounds/bytes_exceeded"}
{"Time":"2026-10-08T11:26:59.751550813Z","Action":"output","Package":"go.temporal.io/server/tools/gomad3/runner","Test":"TestDecideSuccessRetentionJudgesNoveltyTranscriptAndBounds/bytes_exceeded","Output":"=== RUN   TestDecideSuccessRetentionJudgesNoveltyTranscriptAndBounds/bytes_exceeded\n","OutputType":"frame"}
{"Time":"2026-10-08T11:26:59.751552938Z","Action":"output","Package":"go.temporal.io/server/tools/gomad3/runner","Test":"TestDecideSuccessRetentionJudgesNoveltyTranscriptAndBounds/bytes_exceeded","Output":"--- PASS: TestDecideSuccessRetentionJudgesNoveltyTranscriptAndBounds/bytes_exceeded (0.00s)\n","OutputType":"frame"}
{"Time":"2026-10-08T11:26:59.751555147Z","Action":"pass","Package":"go.temporal.io/server/tools/gomad3/runner","Test":"TestDecideSuccessRetentionJudgesNoveltyTranscriptAndBounds/bytes_exceeded","Elapsed":0}
{"Time":"2026-10-08T11:26:59.751556688Z","Action":"run","Package":"go.temporal.io/server/tools/gomad3/runner","Test":"TestDecideSuccessRetentionJudgesNoveltyTranscriptAndBounds/last_count_and_byte"}
{"Time":"2026-10-08T11:26:59.751558313Z","Action":"output","Package":"go.temporal.io/server/tools/gomad3/runner","Test":"TestDecideSuccessRetentionJudgesNoveltyTranscriptAndBounds/last_count_and_byte","Output":"=== RUN   TestDecideSuccessRetentionJudgesNoveltyTranscriptAndBounds/last_count_and_byte\n","OutputType":"frame"}
{"Time":"2026-10-08T11:26:59.75156048Z","Action":"output","Package":"go.temporal.io/server/tools/gomad3/runner","Test":"TestDecideSuccessRetentionJudgesNoveltyTranscriptAndBounds/last_count_and_byte","Output":"--- PASS: TestDecideSuccessRetentionJudgesNoveltyTranscriptAndBounds/last_count_and_byte (0.00s)\n","OutputType":"frame"}
{"Time":"2026-10-08T11:26:59.751562563Z","Action":"pass","Package":"go.temporal.io/server/tools/gomad3/runner","Test":"TestDecideSuccessRetentionJudgesNoveltyTranscriptAndBounds/last_count_and_byte","Elapsed":0}
{"Time":"2026-10-08T11:26:59.75156448Z","Action":"run","Package":"go.temporal.io/server/tools/gomad3/runner","Test":"TestDecideSuccessRetentionJudgesNoveltyTranscriptAndBounds/transcript_before_bounds"}
{"Time":"2026-10-08T11:26:59.751566813Z","Action":"output","Package":"go.temporal.io/server/tools/gomad3/runner","Test":"TestDecideSuccessRetentionJudgesNoveltyTranscriptAndBounds/transcript_before_bounds","Output":"=== RUN   TestDecideSuccessRetentionJudgesNoveltyTranscriptAndBounds/transcript_before_bounds\n","OutputType":"frame"}
{"Time":"2026-10-08T11:26:59.751569772Z","Action":"output","Package":"go.temporal.io/server/tools/gomad3/runner","Test":"TestDecideSuccessRetentionJudgesNoveltyTranscriptAndBounds/transcript_before_bounds","Output":"--- PASS: TestDecideSuccessRetentionJudgesNoveltyTranscriptAndBounds/transcript_before_bounds (0.00s)\n","OutputType":"frame"}
{"Time":"2026-10-08T11:26:59.751575188Z","Action":"pass","Package":"go.temporal.io/server/tools/gomad3/runner","Test":"TestDecideSuccessRetentionJudgesNoveltyTranscriptAndBounds/transcript_before_bounds","Elapsed":0}
{"Time":"2026-10-08T11:26:59.751577522Z","Action":"output","Package":"go.temporal.io/server/tools/gomad3/runner","Test":"TestDecideSuccessRetentionJudgesNoveltyTranscriptAndBounds","Output":"--- PASS: TestDecideSuccessRetentionJudgesNoveltyTranscriptAndBounds (0.00s)\n","OutputType":"frame"}
{"Time":"2026-10-08T11:26:59.751579022Z","Action":"pass","Package":"go.temporal.io/server/tools/gomad3/runner","Test":"TestDecideSuccessRetentionJudgesNoveltyTranscriptAndBounds","Elapsed":0}
{"Time":"2026-10-08T11:26:59.751580647Z","Action":"run","Package":"go.temporal.io/server/tools/gomad3/runner","Test":"TestSuccessRetentionAnnotatesTheJournalRecord"}
{"Time":"2026-10-08T11:26:59.75158248Z","Action":"output","Package":"go.temporal.io/server/tools/gomad3/runner","Test":"TestSuccessRetentionAnnotatesTheJournalRecord","Output":"=== RUN   TestSuccessRetentionAnnotatesTheJournalRecord\n","OutputType":"frame"}
{"Time":"2026-10-08T11:26:59.751584438Z","Action":"run","Package":"go.temporal.io/server/tools/gomad3/runner","Test":"TestSuccessRetentionAnnotatesTheJournalRecord/all"}
{"Time":"2026-10-08T11:26:59.751600855Z","Action":"output","Package":"go.temporal.io/server/tools/gomad3/runner","Test":"TestSuccessRetentionAnnotatesTheJournalRecord/all","Output":"=== RUN   TestSuccessRetentionAnnotatesTheJournalRecord/all\n","OutputType":"frame"}
{"Time":"2026-10-08T11:26:59.751603522Z","Action":"output","Package":"go.temporal.io/server/tools/gomad3/runner","Test":"TestSuccessRetentionAnnotatesTheJournalRecord/all","Output":"--- PASS: TestSuccessRetentionAnnotatesTheJournalRecord/all (0.00s)\n","OutputType":"frame"}
{"Time":"2026-10-08T11:26:59.751604855Z","Action":"pass","Package":"go.temporal.io/server/tools/gomad3/runner","Test":"TestSuccessRetentionAnnotatesTheJournalRecord/all","Elapsed":0}
{"Time":"2026-10-08T11:26:59.751606147Z","Action":"run","Package":"go.temporal.io/server/tools/gomad3/runner","Test":"TestSuccessRetentionAnnotatesTheJournalRecord/novel"}
{"Time":"2026-10-08T11:26:59.751607605Z","Action":"output","Package":"go.temporal.io/server/tools/gomad3/runner","Test":"TestSuccessRetentionAnnotatesTheJournalRecord/novel","Output":"=== RUN   TestSuccessRetentionAnnotatesTheJournalRecord/novel\n","OutputType":"frame"}
{"Time":"2026-10-08T11:26:59.75160923Z","Action":"output","Package":"go.temporal.io/server/tools/gomad3/runner","Test":"TestSuccessRetentionAnnotatesTheJournalRecord/novel","Output":"--- PASS: TestSuccessRetentionAnnotatesTheJournalRecord/novel (0.00s)\n","OutputType":"frame"}
{"Time":"2026-10-08T11:26:59.75161098Z","Action":"pass","Package":"go.temporal.io/server/tools/gomad3/runner","Test":"TestSuccessRetentionAnnotatesTheJournalRecord/novel","Elapsed":0}
{"Time":"2026-10-08T11:26:59.75161248Z","Action":"output","Package":"go.temporal.io/server/tools/gomad3/runner","Test":"TestSuccessRetentionAnnotatesTheJournalRecord","Output":"--- PASS: TestSuccessRetentionAnnotatesTheJournalRecord (0.00s)\n","OutputType":"frame"}
{"Time":"2026-10-08T11:26:59.75161398Z","Action":"pass","Package":"go.temporal.io/server/tools/gomad3/runner","Test":"TestSuccessRetentionAnnotatesTheJournalRecord","Elapsed":0}
{"Time":"2026-10-08T11:26:59.751615147Z","Action":"run","Package":"go.temporal.io/server/tools/gomad3/runner","Test":"TestSuccessPublicationFailureSeparatesCapacityFromPublication"}
{"Time":"2026-10-08T11:26:59.751616522Z","Action":"output","Package":"go.temporal.io/server/tools/gomad3/runner","Test":"TestSuccessPublicationFailureSeparatesCapacityFromPublication","Output":"=== RUN   TestSuccessPublicationFailureSeparatesCapacityFromPublication\n","OutputType":"frame"}
{"Time":"2026-10-08T11:26:59.751618105Z","Action":"output","Package":"go.temporal.io/server/tools/gomad3/runner","Test":"TestSuccessPublicationFailureSeparatesCapacityFromPublication","Output":"--- PASS: TestSuccessPublicationFailureSeparatesCapacityFromPublication (0.00s)\n","OutputType":"frame"}
{"Time":"2026-10-08T11:26:59.751619688Z","Action":"pass","Package":"go.temporal.io/server/tools/gomad3/runner","Test":"TestSuccessPublicationFailureSeparatesCapacityFromPublication","Elapsed":0}
{"Time":"2026-10-08T11:26:59.751620855Z","Action":"run","Package":"go.temporal.io/server/tools/gomad3/runner","Test":"TestExecutionArtifactInputCarriesTheCapturedEvidence"}
{"Time":"2026-10-08T11:26:59.751622438Z","Action":"output","Package":"go.temporal.io/server/tools/gomad3/runner","Test":"TestExecutionArtifactInputCarriesTheCapturedEvidence","Output":"=== RUN   TestExecutionArtifactInputCarriesTheCapturedEvidence\n","OutputType":"frame"}
{"Time":"2026-10-08T11:26:59.751625813Z","Action":"output","Package":"go.temporal.io/server/tools/gomad3/runner","Test":"TestExecutionArtifactInputCarriesTheCapturedEvidence","Output":"--- PASS: TestExecutionArtifactInputCarriesTheCapturedEvidence (0.00s)\n","OutputType":"frame"}
{"Time":"2026-10-08T11:26:59.751627563Z","Action":"pass","Package":"go.temporal.io/server/tools/gomad3/runner","Test":"TestExecutionArtifactInputCarriesTheCapturedEvidence","Elapsed":0}
{"Time":"2026-10-08T11:26:59.751682688Z","Action":"output","Package":"go.temporal.io/server/tools/gomad3/runner","Output":"PASS\n","OutputType":"frame"}
{"Time":"2026-10-08T11:26:59.751948647Z","Action":"output","Package":"go.temporal.io/server/tools/gomad3/runner","Output":"ok  \tgo.temporal.io/server/tools/gomad3/runner\t0.005s\n"}
{"Time":"2026-10-08T11:26:59.751960938Z","Action":"pass","Package":"go.temporal.io/server/tools/gomad3/runner","Elapsed":0.005}
