node:internal/modules/run_main:123
    triggerUncaughtException(
    ^

AssertionError [ERR_ASSERTION]: unique exact line in function completionCampaign

2 !== 1

    at locate (file:///Users/stephan/Workspace/skunkworks/gomad/temporal/.flow/artifacts/fn-109-gomad-deepen-modules-and-tool-interfaces/task-3/source-acceptance-20261008/lint-proof.mjs:10:384)
    at file:///Users/stephan/Workspace/skunkworks/gomad/temporal/.flow/artifacts/fn-109-gomad-deepen-modules-and-tool-interfaces/task-3/source-acceptance-20261008/lint-proof.mjs:19:134
    at Array.map (<anonymous>)
    at buildLint (file:///Users/stephan/Workspace/skunkworks/gomad/temporal/.flow/artifacts/fn-109-gomad-deepen-modules-and-tool-interfaces/task-3/source-acceptance-20261008/lint-proof.mjs:14:24)
    at file:///Users/stephan/Workspace/skunkworks/gomad/temporal/.flow/artifacts/fn-109-gomad-deepen-modules-and-tool-interfaces/task-3/source-acceptance-20261008/lint-proof.mjs:24:62
    at ModuleJob.run (node:internal/modules/esm/module_job:343:25)
    at async onImport.tracePromise.__proto__ (node:internal/modules/esm/loader:665:26)
    at async asyncRunEntryPointWithESMLoader (node:internal/modules/run_main:117:5) {
  generatedMessage: false,
  code: 'ERR_ASSERTION',
  actual: 2,
  expected: 1,
  operator: 'strictEqual',
  diff: 'simple'
}

Node.js v22.22.1
