{"Time":"2026-10-08T11:05:28.909681323Z","Action":"start","Package":"go.temporal.io/server/tools/gomad3/runner/internal/campaign"}
{"Time":"2026-10-08T11:05:28.911943406Z","Action":"run","Package":"go.temporal.io/server/tools/gomad3/runner/internal/campaign","Test":"TestSeedControllerCompletionKeepsWholeStatistics"}
{"Time":"2026-10-08T11:05:28.911988865Z","Action":"output","Package":"go.temporal.io/server/tools/gomad3/runner/internal/campaign","Test":"TestSeedControllerCompletionKeepsWholeStatistics","Output":"=== RUN   TestSeedControllerCompletionKeepsWholeStatistics\n","OutputType":"frame"}
{"Time":"2026-10-08T11:05:28.912001115Z","Action":"run","Package":"go.temporal.io/server/tools/gomad3/runner/internal/campaign","Test":"TestSeedControllerCompletionKeepsWholeStatistics/success"}
{"Time":"2026-10-08T11:05:28.912003448Z","Action":"output","Package":"go.temporal.io/server/tools/gomad3/runner/internal/campaign","Test":"TestSeedControllerCompletionKeepsWholeStatistics/success","Output":"=== RUN   TestSeedControllerCompletionKeepsWholeStatistics/success\n","OutputType":"frame"}
{"Time":"2026-10-08T11:05:28.912011031Z","Action":"output","Package":"go.temporal.io/server/tools/gomad3/runner/internal/campaign","Test":"TestSeedControllerCompletionKeepsWholeStatistics/success","Output":"--- PASS: TestSeedControllerCompletionKeepsWholeStatistics/success (0.00s)\n","OutputType":"frame"}
{"Time":"2026-10-08T11:05:28.912013656Z","Action":"pass","Package":"go.temporal.io/server/tools/gomad3/runner/internal/campaign","Test":"TestSeedControllerCompletionKeepsWholeStatistics/success","Elapsed":0}
{"Time":"2026-10-08T11:05:28.912021948Z","Action":"run","Package":"go.temporal.io/server/tools/gomad3/runner/internal/campaign","Test":"TestSeedControllerCompletionKeepsWholeStatistics/cancellation"}
{"Time":"2026-10-08T11:05:28.91202399Z","Action":"output","Package":"go.temporal.io/server/tools/gomad3/runner/internal/campaign","Test":"TestSeedControllerCompletionKeepsWholeStatistics/cancellation","Output":"=== RUN   TestSeedControllerCompletionKeepsWholeStatistics/cancellation\n","OutputType":"frame"}
{"Time":"2026-10-08T11:05:28.912037615Z","Action":"output","Package":"go.temporal.io/server/tools/gomad3/runner/internal/campaign","Test":"TestSeedControllerCompletionKeepsWholeStatistics/cancellation","Output":"--- PASS: TestSeedControllerCompletionKeepsWholeStatistics/cancellation (0.00s)\n","OutputType":"frame"}
{"Time":"2026-10-08T11:05:28.912040865Z","Action":"pass","Package":"go.temporal.io/server/tools/gomad3/runner/internal/campaign","Test":"TestSeedControllerCompletionKeepsWholeStatistics/cancellation","Elapsed":0}
{"Time":"2026-10-08T11:05:28.912043156Z","Action":"run","Package":"go.temporal.io/server/tools/gomad3/runner/internal/campaign","Test":"TestSeedControllerCompletionKeepsWholeStatistics/unclassified_attempt"}
{"Time":"2026-10-08T11:05:28.91205049Z","Action":"output","Package":"go.temporal.io/server/tools/gomad3/runner/internal/campaign","Test":"TestSeedControllerCompletionKeepsWholeStatistics/unclassified_attempt","Output":"=== RUN   TestSeedControllerCompletionKeepsWholeStatistics/unclassified_attempt\n","OutputType":"frame"}
{"Time":"2026-10-08T11:05:28.912072198Z","Action":"output","Package":"go.temporal.io/server/tools/gomad3/runner/internal/campaign","Test":"TestSeedControllerCompletionKeepsWholeStatistics/unclassified_attempt","Output":"--- PASS: TestSeedControllerCompletionKeepsWholeStatistics/unclassified_attempt (0.00s)\n","OutputType":"frame"}
{"Time":"2026-10-08T11:05:28.912094198Z","Action":"pass","Package":"go.temporal.io/server/tools/gomad3/runner/internal/campaign","Test":"TestSeedControllerCompletionKeepsWholeStatistics/unclassified_attempt","Elapsed":0}
{"Time":"2026-10-08T11:05:28.912097281Z","Action":"run","Package":"go.temporal.io/server/tools/gomad3/runner/internal/campaign","Test":"TestSeedControllerCompletionKeepsWholeStatistics/watchdog"}
{"Time":"2026-10-08T11:05:28.912099323Z","Action":"output","Package":"go.temporal.io/server/tools/gomad3/runner/internal/campaign","Test":"TestSeedControllerCompletionKeepsWholeStatistics/watchdog","Output":"=== RUN   TestSeedControllerCompletionKeepsWholeStatistics/watchdog\n","OutputType":"frame"}
{"Time":"2026-10-08T11:05:28.912106281Z","Action":"output","Package":"go.temporal.io/server/tools/gomad3/runner/internal/campaign","Test":"TestSeedControllerCompletionKeepsWholeStatistics/watchdog","Output":"--- PASS: TestSeedControllerCompletionKeepsWholeStatistics/watchdog (0.00s)\n","OutputType":"frame"}
{"Time":"2026-10-08T11:05:28.912108323Z","Action":"pass","Package":"go.temporal.io/server/tools/gomad3/runner/internal/campaign","Test":"TestSeedControllerCompletionKeepsWholeStatistics/watchdog","Elapsed":0}
{"Time":"2026-10-08T11:05:28.91211149Z","Action":"run","Package":"go.temporal.io/server/tools/gomad3/runner/internal/campaign","Test":"TestSeedControllerCompletionKeepsWholeStatistics/replay_divergence"}
{"Time":"2026-10-08T11:05:28.912112906Z","Action":"output","Package":"go.temporal.io/server/tools/gomad3/runner/internal/campaign","Test":"TestSeedControllerCompletionKeepsWholeStatistics/replay_divergence","Output":"=== RUN   TestSeedControllerCompletionKeepsWholeStatistics/replay_divergence\n","OutputType":"frame"}
{"Time":"2026-10-08T11:05:28.912114906Z","Action":"output","Package":"go.temporal.io/server/tools/gomad3/runner/internal/campaign","Test":"TestSeedControllerCompletionKeepsWholeStatistics/replay_divergence","Output":"--- PASS: TestSeedControllerCompletionKeepsWholeStatistics/replay_divergence (0.00s)\n","OutputType":"frame"}
{"Time":"2026-10-08T11:05:28.912116448Z","Action":"pass","Package":"go.temporal.io/server/tools/gomad3/runner/internal/campaign","Test":"TestSeedControllerCompletionKeepsWholeStatistics/replay_divergence","Elapsed":0}
{"Time":"2026-10-08T11:05:28.912117948Z","Action":"run","Package":"go.temporal.io/server/tools/gomad3/runner/internal/campaign","Test":"TestSeedControllerCompletionKeepsWholeStatistics/distinct_and_duplicate_failures"}
{"Time":"2026-10-08T11:05:28.912122823Z","Action":"output","Package":"go.temporal.io/server/tools/gomad3/runner/internal/campaign","Test":"TestSeedControllerCompletionKeepsWholeStatistics/distinct_and_duplicate_failures","Output":"=== RUN   TestSeedControllerCompletionKeepsWholeStatistics/distinct_and_duplicate_failures\n","OutputType":"frame"}
{"Time":"2026-10-08T11:05:28.912124823Z","Action":"output","Package":"go.temporal.io/server/tools/gomad3/runner/internal/campaign","Test":"TestSeedControllerCompletionKeepsWholeStatistics/distinct_and_duplicate_failures","Output":"--- PASS: TestSeedControllerCompletionKeepsWholeStatistics/distinct_and_duplicate_failures (0.00s)\n","OutputType":"frame"}
{"Time":"2026-10-08T11:05:28.912127031Z","Action":"pass","Package":"go.temporal.io/server/tools/gomad3/runner/internal/campaign","Test":"TestSeedControllerCompletionKeepsWholeStatistics/distinct_and_duplicate_failures","Elapsed":0}
{"Time":"2026-10-08T11:05:28.912129198Z","Action":"run","Package":"go.temporal.io/server/tools/gomad3/runner/internal/campaign","Test":"TestSeedControllerCompletionKeepsWholeStatistics/first_failure_cancels_active_work_once"}
{"Time":"2026-10-08T11:05:28.912134615Z","Action":"output","Package":"go.temporal.io/server/tools/gomad3/runner/internal/campaign","Test":"TestSeedControllerCompletionKeepsWholeStatistics/first_failure_cancels_active_work_once","Output":"=== RUN   TestSeedControllerCompletionKeepsWholeStatistics/first_failure_cancels_active_work_once\n","OutputType":"frame"}
{"Time":"2026-10-08T11:05:28.912137031Z","Action":"output","Package":"go.temporal.io/server/tools/gomad3/runner/internal/campaign","Test":"TestSeedControllerCompletionKeepsWholeStatistics/first_failure_cancels_active_work_once","Output":"--- PASS: TestSeedControllerCompletionKeepsWholeStatistics/first_failure_cancels_active_work_once (0.00s)\n","OutputType":"frame"}
{"Time":"2026-10-08T11:05:28.912138698Z","Action":"pass","Package":"go.temporal.io/server/tools/gomad3/runner/internal/campaign","Test":"TestSeedControllerCompletionKeepsWholeStatistics/first_failure_cancels_active_work_once","Elapsed":0}
{"Time":"2026-10-08T11:05:28.912174948Z","Action":"run","Package":"go.temporal.io/server/tools/gomad3/runner/internal/campaign","Test":"TestSeedControllerCompletionKeepsWholeStatistics/budget_counts_distinct_failures"}
{"Time":"2026-10-08T11:05:28.912195615Z","Action":"output","Package":"go.temporal.io/server/tools/gomad3/runner/internal/campaign","Test":"TestSeedControllerCompletionKeepsWholeStatistics/budget_counts_distinct_failures","Output":"=== RUN   TestSeedControllerCompletionKeepsWholeStatistics/budget_counts_distinct_failures\n","OutputType":"frame"}
{"Time":"2026-10-08T11:05:28.912210615Z","Action":"output","Package":"go.temporal.io/server/tools/gomad3/runner/internal/campaign","Test":"TestSeedControllerCompletionKeepsWholeStatistics/budget_counts_distinct_failures","Output":"--- PASS: TestSeedControllerCompletionKeepsWholeStatistics/budget_counts_distinct_failures (0.00s)\n","OutputType":"frame"}
{"Time":"2026-10-08T11:05:28.912221073Z","Action":"pass","Package":"go.temporal.io/server/tools/gomad3/runner/internal/campaign","Test":"TestSeedControllerCompletionKeepsWholeStatistics/budget_counts_distinct_failures","Elapsed":0}
{"Time":"2026-10-08T11:05:28.912223865Z","Action":"run","Package":"go.temporal.io/server/tools/gomad3/runner/internal/campaign","Test":"TestSeedControllerCompletionKeepsWholeStatistics/budget_unclassified_attempts_never_stop"}
{"Time":"2026-10-08T11:05:28.91222549Z","Action":"output","Package":"go.temporal.io/server/tools/gomad3/runner/internal/campaign","Test":"TestSeedControllerCompletionKeepsWholeStatistics/budget_unclassified_attempts_never_stop","Output":"=== RUN   TestSeedControllerCompletionKeepsWholeStatistics/budget_unclassified_attempts_never_stop\n","OutputType":"frame"}
{"Time":"2026-10-08T11:05:28.912228365Z","Action":"output","Package":"go.temporal.io/server/tools/gomad3/runner/internal/campaign","Test":"TestSeedControllerCompletionKeepsWholeStatistics/budget_unclassified_attempts_never_stop","Output":"--- PASS: TestSeedControllerCompletionKeepsWholeStatistics/budget_unclassified_attempts_never_stop (0.00s)\n","OutputType":"frame"}
{"Time":"2026-10-08T11:05:28.912230948Z","Action":"pass","Package":"go.temporal.io/server/tools/gomad3/runner/internal/campaign","Test":"TestSeedControllerCompletionKeepsWholeStatistics/budget_unclassified_attempts_never_stop","Elapsed":0}
{"Time":"2026-10-08T11:05:28.912234031Z","Action":"run","Package":"go.temporal.io/server/tools/gomad3/runner/internal/campaign","Test":"TestSeedControllerCompletionKeepsWholeStatistics/all_never_stops"}
{"Time":"2026-10-08T11:05:28.912235698Z","Action":"output","Package":"go.temporal.io/server/tools/gomad3/runner/internal/campaign","Test":"TestSeedControllerCompletionKeepsWholeStatistics/all_never_stops","Output":"=== RUN   TestSeedControllerCompletionKeepsWholeStatistics/all_never_stops\n","OutputType":"frame"}
{"Time":"2026-10-08T11:05:28.912238031Z","Action":"output","Package":"go.temporal.io/server/tools/gomad3/runner/internal/campaign","Test":"TestSeedControllerCompletionKeepsWholeStatistics/all_never_stops","Output":"--- PASS: TestSeedControllerCompletionKeepsWholeStatistics/all_never_stops (0.00s)\n","OutputType":"frame"}
{"Time":"2026-10-08T11:05:28.912239823Z","Action":"pass","Package":"go.temporal.io/server/tools/gomad3/runner/internal/campaign","Test":"TestSeedControllerCompletionKeepsWholeStatistics/all_never_stops","Elapsed":0}
{"Time":"2026-10-08T11:05:28.912241281Z","Action":"run","Package":"go.temporal.io/server/tools/gomad3/runner/internal/campaign","Test":"TestSeedControllerCompletionKeepsWholeStatistics/stopped_campaign_keeps_classifying_without_a_policy_stop"}
{"Time":"2026-10-08T11:05:28.912243448Z","Action":"output","Package":"go.temporal.io/server/tools/gomad3/runner/internal/campaign","Test":"TestSeedControllerCompletionKeepsWholeStatistics/stopped_campaign_keeps_classifying_without_a_policy_stop","Output":"=== RUN   TestSeedControllerCompletionKeepsWholeStatistics/stopped_campaign_keeps_classifying_without_a_policy_stop\n","OutputType":"frame"}
{"Time":"2026-10-08T11:05:28.91224599Z","Action":"output","Package":"go.temporal.io/server/tools/gomad3/runner/internal/campaign","Test":"TestSeedControllerCompletionKeepsWholeStatistics/stopped_campaign_keeps_classifying_without_a_policy_stop","Output":"--- PASS: TestSeedControllerCompletionKeepsWholeStatistics/stopped_campaign_keeps_classifying_without_a_policy_stop (0.00s)\n","OutputType":"frame"}
{"Time":"2026-10-08T11:05:28.912247906Z","Action":"pass","Package":"go.temporal.io/server/tools/gomad3/runner/internal/campaign","Test":"TestSeedControllerCompletionKeepsWholeStatistics/stopped_campaign_keeps_classifying_without_a_policy_stop","Elapsed":0}
{"Time":"2026-10-08T11:05:28.91225024Z","Action":"run","Package":"go.temporal.io/server/tools/gomad3/runner/internal/campaign","Test":"TestSeedControllerCompletionKeepsWholeStatistics/resume_seeded_counters_accumulate"}
{"Time":"2026-10-08T11:05:28.912251948Z","Action":"output","Package":"go.temporal.io/server/tools/gomad3/runner/internal/campaign","Test":"TestSeedControllerCompletionKeepsWholeStatistics/resume_seeded_counters_accumulate","Output":"=== RUN   TestSeedControllerCompletionKeepsWholeStatistics/resume_seeded_counters_accumulate\n","OutputType":"frame"}
{"Time":"2026-10-08T11:05:28.912255656Z","Action":"output","Package":"go.temporal.io/server/tools/gomad3/runner/internal/campaign","Test":"TestSeedControllerCompletionKeepsWholeStatistics/resume_seeded_counters_accumulate","Output":"--- PASS: TestSeedControllerCompletionKeepsWholeStatistics/resume_seeded_counters_accumulate (0.00s)\n","OutputType":"frame"}
{"Time":"2026-10-08T11:05:28.912257365Z","Action":"pass","Package":"go.temporal.io/server/tools/gomad3/runner/internal/campaign","Test":"TestSeedControllerCompletionKeepsWholeStatistics/resume_seeded_counters_accumulate","Elapsed":0}
{"Time":"2026-10-08T11:05:28.912258698Z","Action":"run","Package":"go.temporal.io/server/tools/gomad3/runner/internal/campaign","Test":"TestSeedControllerCompletionKeepsWholeStatistics/resume_seeded_first_policy_without_failures"}
{"Time":"2026-10-08T11:05:28.912260281Z","Action":"output","Package":"go.temporal.io/server/tools/gomad3/runner/internal/campaign","Test":"TestSeedControllerCompletionKeepsWholeStatistics/resume_seeded_first_policy_without_failures","Output":"=== RUN   TestSeedControllerCompletionKeepsWholeStatistics/resume_seeded_first_policy_without_failures\n","OutputType":"frame"}
{"Time":"2026-10-08T11:05:28.912262281Z","Action":"output","Package":"go.temporal.io/server/tools/gomad3/runner/internal/campaign","Test":"TestSeedControllerCompletionKeepsWholeStatistics/resume_seeded_first_policy_without_failures","Output":"--- PASS: TestSeedControllerCompletionKeepsWholeStatistics/resume_seeded_first_policy_without_failures (0.00s)\n","OutputType":"frame"}
{"Time":"2026-10-08T11:05:28.912263865Z","Action":"pass","Package":"go.temporal.io/server/tools/gomad3/runner/internal/campaign","Test":"TestSeedControllerCompletionKeepsWholeStatistics/resume_seeded_first_policy_without_failures","Elapsed":0}
{"Time":"2026-10-08T11:05:28.912265823Z","Action":"output","Package":"go.temporal.io/server/tools/gomad3/runner/internal/campaign","Test":"TestSeedControllerCompletionKeepsWholeStatistics","Output":"--- PASS: TestSeedControllerCompletionKeepsWholeStatistics (0.00s)\n","OutputType":"frame"}
{"Time":"2026-10-08T11:05:28.912270198Z","Action":"pass","Package":"go.temporal.io/server/tools/gomad3/runner/internal/campaign","Test":"TestSeedControllerCompletionKeepsWholeStatistics","Elapsed":0}
{"Time":"2026-10-08T11:05:28.912271531Z","Action":"run","Package":"go.temporal.io/server/tools/gomad3/runner/internal/campaign","Test":"TestSeedControllerRejectsCompletionWithoutClassification"}
{"Time":"2026-10-08T11:05:28.912272823Z","Action":"output","Package":"go.temporal.io/server/tools/gomad3/runner/internal/campaign","Test":"TestSeedControllerRejectsCompletionWithoutClassification","Output":"=== RUN   TestSeedControllerRejectsCompletionWithoutClassification\n","OutputType":"frame"}
{"Time":"2026-10-08T11:05:28.912274698Z","Action":"output","Package":"go.temporal.io/server/tools/gomad3/runner/internal/campaign","Test":"TestSeedControllerRejectsCompletionWithoutClassification","Output":"--- PASS: TestSeedControllerRejectsCompletionWithoutClassification (0.00s)\n","OutputType":"frame"}
{"Time":"2026-10-08T11:05:28.912278531Z","Action":"pass","Package":"go.temporal.io/server/tools/gomad3/runner/internal/campaign","Test":"TestSeedControllerRejectsCompletionWithoutClassification","Elapsed":0}
{"Time":"2026-10-08T11:05:28.912279948Z","Action":"run","Package":"go.temporal.io/server/tools/gomad3/runner/internal/campaign","Test":"TestSeedControllerRejectsCompletionWithoutActiveWork"}
{"Time":"2026-10-08T11:05:28.912304406Z","Action":"output","Package":"go.temporal.io/server/tools/gomad3/runner/internal/campaign","Test":"TestSeedControllerRejectsCompletionWithoutActiveWork","Output":"=== RUN   TestSeedControllerRejectsCompletionWithoutActiveWork\n","OutputType":"frame"}
{"Time":"2026-10-08T11:05:28.91230999Z","Action":"output","Package":"go.temporal.io/server/tools/gomad3/runner/internal/campaign","Test":"TestSeedControllerRejectsCompletionWithoutActiveWork","Output":"--- PASS: TestSeedControllerRejectsCompletionWithoutActiveWork (0.00s)\n","OutputType":"frame"}
{"Time":"2026-10-08T11:05:28.91231174Z","Action":"pass","Package":"go.temporal.io/server/tools/gomad3/runner/internal/campaign","Test":"TestSeedControllerRejectsCompletionWithoutActiveWork","Elapsed":0}
{"Time":"2026-10-08T11:05:28.912313906Z","Action":"run","Package":"go.temporal.io/server/tools/gomad3/runner/internal/campaign","Test":"TestSeedControllerSchedulesAndAggregatesDeterministically"}
{"Time":"2026-10-08T11:05:28.912315948Z","Action":"output","Package":"go.temporal.io/server/tools/gomad3/runner/internal/campaign","Test":"TestSeedControllerSchedulesAndAggregatesDeterministically","Output":"=== RUN   TestSeedControllerSchedulesAndAggregatesDeterministically\n","OutputType":"frame"}
{"Time":"2026-10-08T11:05:28.912318823Z","Action":"output","Package":"go.temporal.io/server/tools/gomad3/runner/internal/campaign","Test":"TestSeedControllerSchedulesAndAggregatesDeterministically","Output":"--- PASS: TestSeedControllerSchedulesAndAggregatesDeterministically (0.00s)\n","OutputType":"frame"}
{"Time":"2026-10-08T11:05:28.912325615Z","Action":"pass","Package":"go.temporal.io/server/tools/gomad3/runner/internal/campaign","Test":"TestSeedControllerSchedulesAndAggregatesDeterministically","Elapsed":0}
{"Time":"2026-10-08T11:05:28.912327573Z","Action":"run","Package":"go.temporal.io/server/tools/gomad3/runner/internal/campaign","Test":"TestSeedControllerAppliesFailurePolicies"}
{"Time":"2026-10-08T11:05:28.912329406Z","Action":"output","Package":"go.temporal.io/server/tools/gomad3/runner/internal/campaign","Test":"TestSeedControllerAppliesFailurePolicies","Output":"=== RUN   TestSeedControllerAppliesFailurePolicies\n","OutputType":"frame"}
{"Time":"2026-10-08T11:05:28.91233149Z","Action":"run","Package":"go.temporal.io/server/tools/gomad3/runner/internal/campaign","Test":"TestSeedControllerAppliesFailurePolicies/first"}
{"Time":"2026-10-08T11:05:28.912346698Z","Action":"output","Package":"go.temporal.io/server/tools/gomad3/runner/internal/campaign","Test":"TestSeedControllerAppliesFailurePolicies/first","Output":"=== RUN   TestSeedControllerAppliesFailurePolicies/first\n","OutputType":"frame"}
{"Time":"2026-10-08T11:05:28.912348948Z","Action":"output","Package":"go.temporal.io/server/tools/gomad3/runner/internal/campaign","Test":"TestSeedControllerAppliesFailurePolicies/first","Output":"--- PASS: TestSeedControllerAppliesFailurePolicies/first (0.00s)\n","OutputType":"frame"}
{"Time":"2026-10-08T11:05:28.912350323Z","Action":"pass","Package":"go.temporal.io/server/tools/gomad3/runner/internal/campaign","Test":"TestSeedControllerAppliesFailurePolicies/first","Elapsed":0}
{"Time":"2026-10-08T11:05:28.912351406Z","Action":"run","Package":"go.temporal.io/server/tools/gomad3/runner/internal/campaign","Test":"TestSeedControllerAppliesFailurePolicies/budget"}
{"Time":"2026-10-08T11:05:28.912366615Z","Action":"output","Package":"go.temporal.io/server/tools/gomad3/runner/internal/campaign","Test":"TestSeedControllerAppliesFailurePolicies/budget","Output":"=== RUN   TestSeedControllerAppliesFailurePolicies/budget\n","OutputType":"frame"}
{"Time":"2026-10-08T11:05:28.912368573Z","Action":"output","Package":"go.temporal.io/server/tools/gomad3/runner/internal/campaign","Test":"TestSeedControllerAppliesFailurePolicies/budget","Output":"--- PASS: TestSeedControllerAppliesFailurePolicies/budget (0.00s)\n","OutputType":"frame"}
{"Time":"2026-10-08T11:05:28.912371031Z","Action":"pass","Package":"go.temporal.io/server/tools/gomad3/runner/internal/campaign","Test":"TestSeedControllerAppliesFailurePolicies/budget","Elapsed":0}
{"Time":"2026-10-08T11:05:28.912372198Z","Action":"run","Package":"go.temporal.io/server/tools/gomad3/runner/internal/campaign","Test":"TestSeedControllerAppliesFailurePolicies/all"}
{"Time":"2026-10-08T11:05:28.912385573Z","Action":"output","Package":"go.temporal.io/server/tools/gomad3/runner/internal/campaign","Test":"TestSeedControllerAppliesFailurePolicies/all","Output":"=== RUN   TestSeedControllerAppliesFailurePolicies/all\n","OutputType":"frame"}
{"Time":"2026-10-08T11:05:28.912388198Z","Action":"output","Package":"go.temporal.io/server/tools/gomad3/runner/internal/campaign","Test":"TestSeedControllerAppliesFailurePolicies/all","Output":"--- PASS: TestSeedControllerAppliesFailurePolicies/all (0.00s)\n","OutputType":"frame"}
{"Time":"2026-10-08T11:05:28.912391573Z","Action":"pass","Package":"go.temporal.io/server/tools/gomad3/runner/internal/campaign","Test":"TestSeedControllerAppliesFailurePolicies/all","Elapsed":0}
{"Time":"2026-10-08T11:05:28.912393115Z","Action":"output","Package":"go.temporal.io/server/tools/gomad3/runner/internal/campaign","Test":"TestSeedControllerAppliesFailurePolicies","Output":"--- PASS: TestSeedControllerAppliesFailurePolicies (0.00s)\n","OutputType":"frame"}
{"Time":"2026-10-08T11:05:28.912394448Z","Action":"pass","Package":"go.temporal.io/server/tools/gomad3/runner/internal/campaign","Test":"TestSeedControllerAppliesFailurePolicies","Elapsed":0}
{"Time":"2026-10-08T11:05:28.912404656Z","Action":"run","Package":"go.temporal.io/server/tools/gomad3/runner/internal/campaign","Test":"TestSeedControllerCompletesUnclassifiedAndDuplicateFailureAtomically"}
{"Time":"2026-10-08T11:05:28.912406365Z","Action":"output","Package":"go.temporal.io/server/tools/gomad3/runner/internal/campaign","Test":"TestSeedControllerCompletesUnclassifiedAndDuplicateFailureAtomically","Output":"=== RUN   TestSeedControllerCompletesUnclassifiedAndDuplicateFailureAtomically\n","OutputType":"frame"}
{"Time":"2026-10-08T11:05:28.912408323Z","Action":"output","Package":"go.temporal.io/server/tools/gomad3/runner/internal/campaign","Test":"TestSeedControllerCompletesUnclassifiedAndDuplicateFailureAtomically","Output":"--- PASS: TestSeedControllerCompletesUnclassifiedAndDuplicateFailureAtomically (0.00s)\n","OutputType":"frame"}
{"Time":"2026-10-08T11:05:28.912410198Z","Action":"pass","Package":"go.temporal.io/server/tools/gomad3/runner/internal/campaign","Test":"TestSeedControllerCompletesUnclassifiedAndDuplicateFailureAtomically","Elapsed":0}
{"Time":"2026-10-08T11:05:28.91241149Z","Action":"run","Package":"go.temporal.io/server/tools/gomad3/runner/internal/campaign","Test":"TestSeedControllerRejectsInactiveCompletionBeforeChangingStatistics"}
{"Time":"2026-10-08T11:05:28.912412698Z","Action":"output","Package":"go.temporal.io/server/tools/gomad3/runner/internal/campaign","Test":"TestSeedControllerRejectsInactiveCompletionBeforeChangingStatistics","Output":"=== RUN   TestSeedControllerRejectsInactiveCompletionBeforeChangingStatistics\n","OutputType":"frame"}
{"Time":"2026-10-08T11:05:28.912414615Z","Action":"output","Package":"go.temporal.io/server/tools/gomad3/runner/internal/campaign","Test":"TestSeedControllerRejectsInactiveCompletionBeforeChangingStatistics","Output":"--- PASS: TestSeedControllerRejectsInactiveCompletionBeforeChangingStatistics (0.00s)\n","OutputType":"frame"}
{"Time":"2026-10-08T11:05:28.912415865Z","Action":"pass","Package":"go.temporal.io/server/tools/gomad3/runner/internal/campaign","Test":"TestSeedControllerRejectsInactiveCompletionBeforeChangingStatistics","Elapsed":0}
{"Time":"2026-10-08T11:05:28.912417573Z","Action":"run","Package":"go.temporal.io/server/tools/gomad3/runner/internal/campaign","Test":"TestSeedControllerRestoresSatisfiedPolicy"}
{"Time":"2026-10-08T11:05:28.912419406Z","Action":"output","Package":"go.temporal.io/server/tools/gomad3/runner/internal/campaign","Test":"TestSeedControllerRestoresSatisfiedPolicy","Output":"=== RUN   TestSeedControllerRestoresSatisfiedPolicy\n","OutputType":"frame"}
{"Time":"2026-10-08T11:05:28.912421615Z","Action":"output","Package":"go.temporal.io/server/tools/gomad3/runner/internal/campaign","Test":"TestSeedControllerRestoresSatisfiedPolicy","Output":"--- PASS: TestSeedControllerRestoresSatisfiedPolicy (0.00s)\n","OutputType":"frame"}
{"Time":"2026-10-08T11:05:28.912423656Z","Action":"pass","Package":"go.temporal.io/server/tools/gomad3/runner/internal/campaign","Test":"TestSeedControllerRestoresSatisfiedPolicy","Elapsed":0}
{"Time":"2026-10-08T11:05:28.912425865Z","Action":"run","Package":"go.temporal.io/server/tools/gomad3/runner/internal/campaign","Test":"TestSeedControllerRestoresAdmissionAndWholeStatistics"}
{"Time":"2026-10-08T11:05:28.912434656Z","Action":"output","Package":"go.temporal.io/server/tools/gomad3/runner/internal/campaign","Test":"TestSeedControllerRestoresAdmissionAndWholeStatistics","Output":"=== RUN   TestSeedControllerRestoresAdmissionAndWholeStatistics\n","OutputType":"frame"}
{"Time":"2026-10-08T11:05:28.912436573Z","Action":"run","Package":"go.temporal.io/server/tools/gomad3/runner/internal/campaign","Test":"TestSeedControllerRestoresAdmissionAndWholeStatistics/all_admits_retained_failures"}
{"Time":"2026-10-08T11:05:28.912438281Z","Action":"output","Package":"go.temporal.io/server/tools/gomad3/runner/internal/campaign","Test":"TestSeedControllerRestoresAdmissionAndWholeStatistics/all_admits_retained_failures","Output":"=== RUN   TestSeedControllerRestoresAdmissionAndWholeStatistics/all_admits_retained_failures\n","OutputType":"frame"}
{"Time":"2026-10-08T11:05:28.912440615Z","Action":"output","Package":"go.temporal.io/server/tools/gomad3/runner/internal/campaign","Test":"TestSeedControllerRestoresAdmissionAndWholeStatistics/all_admits_retained_failures","Output":"--- PASS: TestSeedControllerRestoresAdmissionAndWholeStatistics/all_admits_retained_failures (0.00s)\n","OutputType":"frame"}
{"Time":"2026-10-08T11:05:28.91244224Z","Action":"pass","Package":"go.temporal.io/server/tools/gomad3/runner/internal/campaign","Test":"TestSeedControllerRestoresAdmissionAndWholeStatistics/all_admits_retained_failures","Elapsed":0}
{"Time":"2026-10-08T11:05:28.912444406Z","Action":"run","Package":"go.temporal.io/server/tools/gomad3/runner/internal/campaign","Test":"TestSeedControllerRestoresAdmissionAndWholeStatistics/budget_below_threshold_admits"}
{"Time":"2026-10-08T11:05:28.912445948Z","Action":"output","Package":"go.temporal.io/server/tools/gomad3/runner/internal/campaign","Test":"TestSeedControllerRestoresAdmissionAndWholeStatistics/budget_below_threshold_admits","Output":"=== RUN   TestSeedControllerRestoresAdmissionAndWholeStatistics/budget_below_threshold_admits\n","OutputType":"frame"}
{"Time":"2026-10-08T11:05:28.912448365Z","Action":"output","Package":"go.temporal.io/server/tools/gomad3/runner/internal/campaign","Test":"TestSeedControllerRestoresAdmissionAndWholeStatistics/budget_below_threshold_admits","Output":"--- PASS: TestSeedControllerRestoresAdmissionAndWholeStatistics/budget_below_threshold_admits (0.00s)\n","OutputType":"frame"}
{"Time":"2026-10-08T11:05:28.912450865Z","Action":"pass","Package":"go.temporal.io/server/tools/gomad3/runner/internal/campaign","Test":"TestSeedControllerRestoresAdmissionAndWholeStatistics/budget_below_threshold_admits","Elapsed":0}
{"Time":"2026-10-08T11:05:28.91245974Z","Action":"run","Package":"go.temporal.io/server/tools/gomad3/runner/internal/campaign","Test":"TestSeedControllerRestoresAdmissionAndWholeStatistics/budget_at_threshold_stops"}
{"Time":"2026-10-08T11:05:28.912461365Z","Action":"output","Package":"go.temporal.io/server/tools/gomad3/runner/internal/campaign","Test":"TestSeedControllerRestoresAdmissionAndWholeStatistics/budget_at_threshold_stops","Output":"=== RUN   TestSeedControllerRestoresAdmissionAndWholeStatistics/budget_at_threshold_stops\n","OutputType":"frame"}
{"Time":"2026-10-08T11:05:28.912464448Z","Action":"output","Package":"go.temporal.io/server/tools/gomad3/runner/internal/campaign","Test":"TestSeedControllerRestoresAdmissionAndWholeStatistics/budget_at_threshold_stops","Output":"--- PASS: TestSeedControllerRestoresAdmissionAndWholeStatistics/budget_at_threshold_stops (0.00s)\n","OutputType":"frame"}
{"Time":"2026-10-08T11:05:28.912466531Z","Action":"pass","Package":"go.temporal.io/server/tools/gomad3/runner/internal/campaign","Test":"TestSeedControllerRestoresAdmissionAndWholeStatistics/budget_at_threshold_stops","Elapsed":0}
{"Time":"2026-10-08T11:05:28.912468781Z","Action":"run","Package":"go.temporal.io/server/tools/gomad3/runner/internal/campaign","Test":"TestSeedControllerRestoresAdmissionAndWholeStatistics/budget_above_threshold_stops"}
{"Time":"2026-10-08T11:05:28.912478615Z","Action":"output","Package":"go.temporal.io/server/tools/gomad3/runner/internal/campaign","Test":"TestSeedControllerRestoresAdmissionAndWholeStatistics/budget_above_threshold_stops","Output":"=== RUN   TestSeedControllerRestoresAdmissionAndWholeStatistics/budget_above_threshold_stops\n","OutputType":"frame"}
{"Time":"2026-10-08T11:05:28.912480906Z","Action":"output","Package":"go.temporal.io/server/tools/gomad3/runner/internal/campaign","Test":"TestSeedControllerRestoresAdmissionAndWholeStatistics/budget_above_threshold_stops","Output":"--- PASS: TestSeedControllerRestoresAdmissionAndWholeStatistics/budget_above_threshold_stops (0.00s)\n","OutputType":"frame"}
{"Time":"2026-10-08T11:05:28.912482448Z","Action":"pass","Package":"go.temporal.io/server/tools/gomad3/runner/internal/campaign","Test":"TestSeedControllerRestoresAdmissionAndWholeStatistics/budget_above_threshold_stops","Elapsed":0}
{"Time":"2026-10-08T11:05:28.912483948Z","Action":"output","Package":"go.temporal.io/server/tools/gomad3/runner/internal/campaign","Test":"TestSeedControllerRestoresAdmissionAndWholeStatistics","Output":"--- PASS: TestSeedControllerRestoresAdmissionAndWholeStatistics (0.00s)\n","OutputType":"frame"}
{"Time":"2026-10-08T11:05:28.912485698Z","Action":"pass","Package":"go.temporal.io/server/tools/gomad3/runner/internal/campaign","Test":"TestSeedControllerRestoresAdmissionAndWholeStatistics","Elapsed":0}
{"Time":"2026-10-08T11:05:28.912487615Z","Action":"run","Package":"go.temporal.io/server/tools/gomad3/runner/internal/campaign","Test":"TestSeedControllerRejectsInvalidConfiguration"}
{"Time":"2026-10-08T11:05:28.912489531Z","Action":"output","Package":"go.temporal.io/server/tools/gomad3/runner/internal/campaign","Test":"TestSeedControllerRejectsInvalidConfiguration","Output":"=== RUN   TestSeedControllerRejectsInvalidConfiguration\n","OutputType":"frame"}
{"Time":"2026-10-08T11:05:28.912495531Z","Action":"output","Package":"go.temporal.io/server/tools/gomad3/runner/internal/campaign","Test":"TestSeedControllerRejectsInvalidConfiguration","Output":"--- PASS: TestSeedControllerRejectsInvalidConfiguration (0.00s)\n","OutputType":"frame"}
{"Time":"2026-10-08T11:05:28.912498031Z","Action":"pass","Package":"go.temporal.io/server/tools/gomad3/runner/internal/campaign","Test":"TestSeedControllerRejectsInvalidConfiguration","Elapsed":0}
{"Time":"2026-10-08T11:05:28.912641781Z","Action":"output","Package":"go.temporal.io/server/tools/gomad3/runner/internal/campaign","Output":"PASS\n","OutputType":"frame"}
{"Time":"2026-10-08T11:05:28.912789156Z","Action":"output","Package":"go.temporal.io/server/tools/gomad3/runner/internal/campaign","Output":"ok  \tgo.temporal.io/server/tools/gomad3/runner/internal/campaign\t0.003s\n"}
{"Time":"2026-10-08T11:05:28.912798031Z","Action":"pass","Package":"go.temporal.io/server/tools/gomad3/runner/internal/campaign","Elapsed":0.003}
