{"Time":"2026-10-08T13:36:33.616578827Z","Action":"start","Package":"go.temporal.io/server/tools/gomad3/runner/internal/execution"}
{"Time":"2026-10-08T13:36:33.622231535Z","Action":"run","Package":"go.temporal.io/server/tools/gomad3/runner/internal/execution","Test":"TestValidateRequestChoiceCapability"}
{"Time":"2026-10-08T13:36:33.622313243Z","Action":"output","Package":"go.temporal.io/server/tools/gomad3/runner/internal/execution","Test":"TestValidateRequestChoiceCapability","Output":"=== RUN   TestValidateRequestChoiceCapability\n","OutputType":"frame"}
{"Time":"2026-10-08T13:36:33.622817243Z","Action":"run","Package":"go.temporal.io/server/tools/gomad3/runner/internal/execution","Test":"TestValidateRequestChoiceCapability/missing_profile"}
{"Time":"2026-10-08T13:36:33.622852077Z","Action":"output","Package":"go.temporal.io/server/tools/gomad3/runner/internal/execution","Test":"TestValidateRequestChoiceCapability/missing_profile","Output":"=== RUN   TestValidateRequestChoiceCapability/missing_profile\n","OutputType":"frame"}
{"Time":"2026-10-08T13:36:33.62291266Z","Action":"output","Package":"go.temporal.io/server/tools/gomad3/runner/internal/execution","Test":"TestValidateRequestChoiceCapability/missing_profile","Output":"--- PASS: TestValidateRequestChoiceCapability/missing_profile (0.00s)\n","OutputType":"frame"}
{"Time":"2026-10-08T13:36:33.622923035Z","Action":"pass","Package":"go.temporal.io/server/tools/gomad3/runner/internal/execution","Test":"TestValidateRequestChoiceCapability/missing_profile","Elapsed":0}
{"Time":"2026-10-08T13:36:33.622943702Z","Action":"run","Package":"go.temporal.io/server/tools/gomad3/runner/internal/execution","Test":"TestValidateRequestChoiceCapability/unknown_profile"}
{"Time":"2026-10-08T13:36:33.622946618Z","Action":"output","Package":"go.temporal.io/server/tools/gomad3/runner/internal/execution","Test":"TestValidateRequestChoiceCapability/unknown_profile","Output":"=== RUN   TestValidateRequestChoiceCapability/unknown_profile\n","OutputType":"frame"}
{"Time":"2026-10-08T13:36:33.62299716Z","Action":"output","Package":"go.temporal.io/server/tools/gomad3/runner/internal/execution","Test":"TestValidateRequestChoiceCapability/unknown_profile","Output":"--- PASS: TestValidateRequestChoiceCapability/unknown_profile (0.00s)\n","OutputType":"frame"}
{"Time":"2026-10-08T13:36:33.623006827Z","Action":"pass","Package":"go.temporal.io/server/tools/gomad3/runner/internal/execution","Test":"TestValidateRequestChoiceCapability/unknown_profile","Elapsed":0}
{"Time":"2026-10-08T13:36:33.62301016Z","Action":"run","Package":"go.temporal.io/server/tools/gomad3/runner/internal/execution","Test":"TestValidateRequestChoiceCapability/no_record_capacity"}
{"Time":"2026-10-08T13:36:33.623012952Z","Action":"output","Package":"go.temporal.io/server/tools/gomad3/runner/internal/execution","Test":"TestValidateRequestChoiceCapability/no_record_capacity","Output":"=== RUN   TestValidateRequestChoiceCapability/no_record_capacity\n","OutputType":"frame"}
{"Time":"2026-10-08T13:36:33.623016243Z","Action":"output","Package":"go.temporal.io/server/tools/gomad3/runner/internal/execution","Test":"TestValidateRequestChoiceCapability/no_record_capacity","Output":"--- PASS: TestValidateRequestChoiceCapability/no_record_capacity (0.00s)\n","OutputType":"frame"}
{"Time":"2026-10-08T13:36:33.623032952Z","Action":"pass","Package":"go.temporal.io/server/tools/gomad3/runner/internal/execution","Test":"TestValidateRequestChoiceCapability/no_record_capacity","Elapsed":0}
{"Time":"2026-10-08T13:36:33.623044493Z","Action":"run","Package":"go.temporal.io/server/tools/gomad3/runner/internal/execution","Test":"TestValidateRequestChoiceCapability/over_maximum"}
{"Time":"2026-10-08T13:36:33.62304716Z","Action":"output","Package":"go.temporal.io/server/tools/gomad3/runner/internal/execution","Test":"TestValidateRequestChoiceCapability/over_maximum","Output":"=== RUN   TestValidateRequestChoiceCapability/over_maximum\n","OutputType":"frame"}
{"Time":"2026-10-08T13:36:33.623051285Z","Action":"output","Package":"go.temporal.io/server/tools/gomad3/runner/internal/execution","Test":"TestValidateRequestChoiceCapability/over_maximum","Output":"--- PASS: TestValidateRequestChoiceCapability/over_maximum (0.00s)\n","OutputType":"frame"}
{"Time":"2026-10-08T13:36:33.623053493Z","Action":"pass","Package":"go.temporal.io/server/tools/gomad3/runner/internal/execution","Test":"TestValidateRequestChoiceCapability/over_maximum","Elapsed":0}
{"Time":"2026-10-08T13:36:33.623243118Z","Action":"output","Package":"go.temporal.io/server/tools/gomad3/runner/internal/execution","Test":"TestValidateRequestChoiceCapability","Output":"--- PASS: TestValidateRequestChoiceCapability (0.00s)\n","OutputType":"frame"}
{"Time":"2026-10-08T13:36:33.62326216Z","Action":"pass","Package":"go.temporal.io/server/tools/gomad3/runner/internal/execution","Test":"TestValidateRequestChoiceCapability","Elapsed":0}
{"Time":"2026-10-08T13:36:33.623269202Z","Action":"run","Package":"go.temporal.io/server/tools/gomad3/runner/internal/execution","Test":"TestValidateRequestRejectsChoiceEnvironmentInjection"}
{"Time":"2026-10-08T13:36:33.623282285Z","Action":"output","Package":"go.temporal.io/server/tools/gomad3/runner/internal/execution","Test":"TestValidateRequestRejectsChoiceEnvironmentInjection","Output":"=== RUN   TestValidateRequestRejectsChoiceEnvironmentInjection\n","OutputType":"frame"}
{"Time":"2026-10-08T13:36:33.623709327Z","Action":"output","Package":"go.temporal.io/server/tools/gomad3/runner/internal/execution","Test":"TestValidateRequestRejectsChoiceEnvironmentInjection","Output":"--- PASS: TestValidateRequestRejectsChoiceEnvironmentInjection (0.00s)\n","OutputType":"frame"}
{"Time":"2026-10-08T13:36:33.623724202Z","Action":"pass","Package":"go.temporal.io/server/tools/gomad3/runner/internal/execution","Test":"TestValidateRequestRejectsChoiceEnvironmentInjection","Elapsed":0}
{"Time":"2026-10-08T13:36:33.623729702Z","Action":"run","Package":"go.temporal.io/server/tools/gomad3/runner/internal/execution","Test":"TestValidateRequestChoiceControllerModeMatrix"}
{"Time":"2026-10-08T13:36:33.623734202Z","Action":"output","Package":"go.temporal.io/server/tools/gomad3/runner/internal/execution","Test":"TestValidateRequestChoiceControllerModeMatrix","Output":"=== RUN   TestValidateRequestChoiceControllerModeMatrix\n","OutputType":"frame"}
{"Time":"2026-10-08T13:36:33.624720618Z","Action":"output","Package":"go.temporal.io/server/tools/gomad3/runner/internal/execution","Test":"TestValidateRequestChoiceControllerModeMatrix","Output":"--- PASS: TestValidateRequestChoiceControllerModeMatrix (0.00s)\n","OutputType":"frame"}
{"Time":"2026-10-08T13:36:33.624730952Z","Action":"pass","Package":"go.temporal.io/server/tools/gomad3/runner/internal/execution","Test":"TestValidateRequestChoiceControllerModeMatrix","Elapsed":0}
{"Time":"2026-10-08T13:36:33.624763118Z","Action":"run","Package":"go.temporal.io/server/tools/gomad3/runner/internal/execution","Test":"TestValidateRequestAcceptsRankOverrideOnlyInPrefixMode"}
{"Time":"2026-10-08T13:36:33.624773743Z","Action":"output","Package":"go.temporal.io/server/tools/gomad3/runner/internal/execution","Test":"TestValidateRequestAcceptsRankOverrideOnlyInPrefixMode","Output":"=== RUN   TestValidateRequestAcceptsRankOverrideOnlyInPrefixMode\n","OutputType":"frame"}
{"Time":"2026-10-08T13:36:33.626906202Z","Action":"output","Package":"go.temporal.io/server/tools/gomad3/runner/internal/execution","Test":"TestValidateRequestAcceptsRankOverrideOnlyInPrefixMode","Output":"--- PASS: TestValidateRequestAcceptsRankOverrideOnlyInPrefixMode (0.00s)\n","OutputType":"frame"}
{"Time":"2026-10-08T13:36:33.626914952Z","Action":"pass","Package":"go.temporal.io/server/tools/gomad3/runner/internal/execution","Test":"TestValidateRequestAcceptsRankOverrideOnlyInPrefixMode","Elapsed":0}
{"Time":"2026-10-08T13:36:33.626917827Z","Action":"run","Package":"go.temporal.io/server/tools/gomad3/runner/internal/execution","Test":"TestClassifyOwnsRecordingAndReplaySemantics"}
{"Time":"2026-10-08T13:36:33.626919577Z","Action":"output","Package":"go.temporal.io/server/tools/gomad3/runner/internal/execution","Test":"TestClassifyOwnsRecordingAndReplaySemantics","Output":"=== RUN   TestClassifyOwnsRecordingAndReplaySemantics\n","OutputType":"frame"}
{"Time":"2026-10-08T13:36:33.62697616Z","Action":"run","Package":"go.temporal.io/server/tools/gomad3/runner/internal/execution","Test":"TestClassifyOwnsRecordingAndReplaySemantics/success"}
{"Time":"2026-10-08T13:36:33.62699566Z","Action":"output","Package":"go.temporal.io/server/tools/gomad3/runner/internal/execution","Test":"TestClassifyOwnsRecordingAndReplaySemantics/success","Output":"=== RUN   TestClassifyOwnsRecordingAndReplaySemantics/success\n","OutputType":"frame"}
{"Time":"2026-10-08T13:36:33.627019743Z","Action":"output","Package":"go.temporal.io/server/tools/gomad3/runner/internal/execution","Test":"TestClassifyOwnsRecordingAndReplaySemantics/success","Output":"--- PASS: TestClassifyOwnsRecordingAndReplaySemantics/success (0.00s)\n","OutputType":"frame"}
{"Time":"2026-10-08T13:36:33.627030493Z","Action":"pass","Package":"go.temporal.io/server/tools/gomad3/runner/internal/execution","Test":"TestClassifyOwnsRecordingAndReplaySemantics/success","Elapsed":0}
{"Time":"2026-10-08T13:36:33.627032868Z","Action":"run","Package":"go.temporal.io/server/tools/gomad3/runner/internal/execution","Test":"TestClassifyOwnsRecordingAndReplaySemantics/signal"}
{"Time":"2026-10-08T13:36:33.627034368Z","Action":"output","Package":"go.temporal.io/server/tools/gomad3/runner/internal/execution","Test":"TestClassifyOwnsRecordingAndReplaySemantics/signal","Output":"=== RUN   TestClassifyOwnsRecordingAndReplaySemantics/signal\n","OutputType":"frame"}
{"Time":"2026-10-08T13:36:33.627037577Z","Action":"output","Package":"go.temporal.io/server/tools/gomad3/runner/internal/execution","Test":"TestClassifyOwnsRecordingAndReplaySemantics/signal","Output":"--- PASS: TestClassifyOwnsRecordingAndReplaySemantics/signal (0.00s)\n","OutputType":"frame"}
{"Time":"2026-10-08T13:36:33.627041952Z","Action":"pass","Package":"go.temporal.io/server/tools/gomad3/runner/internal/execution","Test":"TestClassifyOwnsRecordingAndReplaySemantics/signal","Elapsed":0}
{"Time":"2026-10-08T13:36:33.62704366Z","Action":"run","Package":"go.temporal.io/server/tools/gomad3/runner/internal/execution","Test":"TestClassifyOwnsRecordingAndReplaySemantics/panic"}
{"Time":"2026-10-08T13:36:33.627045202Z","Action":"output","Package":"go.temporal.io/server/tools/gomad3/runner/internal/execution","Test":"TestClassifyOwnsRecordingAndReplaySemantics/panic","Output":"=== RUN   TestClassifyOwnsRecordingAndReplaySemantics/panic\n","OutputType":"frame"}
{"Time":"2026-10-08T13:36:33.627047368Z","Action":"output","Package":"go.temporal.io/server/tools/gomad3/runner/internal/execution","Test":"TestClassifyOwnsRecordingAndReplaySemantics/panic","Output":"--- PASS: TestClassifyOwnsRecordingAndReplaySemantics/panic (0.00s)\n","OutputType":"frame"}
{"Time":"2026-10-08T13:36:33.62705216Z","Action":"pass","Package":"go.temporal.io/server/tools/gomad3/runner/internal/execution","Test":"TestClassifyOwnsRecordingAndReplaySemantics/panic","Elapsed":0}
{"Time":"2026-10-08T13:36:33.62705366Z","Action":"run","Package":"go.temporal.io/server/tools/gomad3/runner/internal/execution","Test":"TestClassifyOwnsRecordingAndReplaySemantics/guarded_capability"}
{"Time":"2026-10-08T13:36:33.627054993Z","Action":"output","Package":"go.temporal.io/server/tools/gomad3/runner/internal/execution","Test":"TestClassifyOwnsRecordingAndReplaySemantics/guarded_capability","Output":"=== RUN   TestClassifyOwnsRecordingAndReplaySemantics/guarded_capability\n","OutputType":"frame"}
{"Time":"2026-10-08T13:36:33.627057243Z","Action":"output","Package":"go.temporal.io/server/tools/gomad3/runner/internal/execution","Test":"TestClassifyOwnsRecordingAndReplaySemantics/guarded_capability","Output":"--- PASS: TestClassifyOwnsRecordingAndReplaySemantics/guarded_capability (0.00s)\n","OutputType":"frame"}
{"Time":"2026-10-08T13:36:33.627061285Z","Action":"pass","Package":"go.temporal.io/server/tools/gomad3/runner/internal/execution","Test":"TestClassifyOwnsRecordingAndReplaySemantics/guarded_capability","Elapsed":0}
{"Time":"2026-10-08T13:36:33.627064827Z","Action":"run","Package":"go.temporal.io/server/tools/gomad3/runner/internal/execution","Test":"TestClassifyOwnsRecordingAndReplaySemantics/cancelled"}
{"Time":"2026-10-08T13:36:33.627066452Z","Action":"output","Package":"go.temporal.io/server/tools/gomad3/runner/internal/execution","Test":"TestClassifyOwnsRecordingAndReplaySemantics/cancelled","Output":"=== RUN   TestClassifyOwnsRecordingAndReplaySemantics/cancelled\n","OutputType":"frame"}
{"Time":"2026-10-08T13:36:33.627073785Z","Action":"output","Package":"go.temporal.io/server/tools/gomad3/runner/internal/execution","Test":"TestClassifyOwnsRecordingAndReplaySemantics/cancelled","Output":"--- PASS: TestClassifyOwnsRecordingAndReplaySemantics/cancelled (0.00s)\n","OutputType":"frame"}
{"Time":"2026-10-08T13:36:33.627075493Z","Action":"pass","Package":"go.temporal.io/server/tools/gomad3/runner/internal/execution","Test":"TestClassifyOwnsRecordingAndReplaySemantics/cancelled","Elapsed":0}
{"Time":"2026-10-08T13:36:33.627076743Z","Action":"run","Package":"go.temporal.io/server/tools/gomad3/runner/internal/execution","Test":"TestClassifyOwnsRecordingAndReplaySemantics/watchdog"}
{"Time":"2026-10-08T13:36:33.627078743Z","Action":"output","Package":"go.temporal.io/server/tools/gomad3/runner/internal/execution","Test":"TestClassifyOwnsRecordingAndReplaySemantics/watchdog","Output":"=== RUN   TestClassifyOwnsRecordingAndReplaySemantics/watchdog\n","OutputType":"frame"}
{"Time":"2026-10-08T13:36:33.62709791Z","Action":"output","Package":"go.temporal.io/server/tools/gomad3/runner/internal/execution","Test":"TestClassifyOwnsRecordingAndReplaySemantics/watchdog","Output":"--- PASS: TestClassifyOwnsRecordingAndReplaySemantics/watchdog (0.00s)\n","OutputType":"frame"}
{"Time":"2026-10-08T13:36:33.62710416Z","Action":"pass","Package":"go.temporal.io/server/tools/gomad3/runner/internal/execution","Test":"TestClassifyOwnsRecordingAndReplaySemantics/watchdog","Elapsed":0}
{"Time":"2026-10-08T13:36:33.627106285Z","Action":"run","Package":"go.temporal.io/server/tools/gomad3/runner/internal/execution","Test":"TestClassifyOwnsRecordingAndReplaySemantics/World_deadlock"}
{"Time":"2026-10-08T13:36:33.627107868Z","Action":"output","Package":"go.temporal.io/server/tools/gomad3/runner/internal/execution","Test":"TestClassifyOwnsRecordingAndReplaySemantics/World_deadlock","Output":"=== RUN   TestClassifyOwnsRecordingAndReplaySemantics/World_deadlock\n","OutputType":"frame"}
{"Time":"2026-10-08T13:36:33.62710966Z","Action":"output","Package":"go.temporal.io/server/tools/gomad3/runner/internal/execution","Test":"TestClassifyOwnsRecordingAndReplaySemantics/World_deadlock","Output":"--- PASS: TestClassifyOwnsRecordingAndReplaySemantics/World_deadlock (0.00s)\n","OutputType":"frame"}
{"Time":"2026-10-08T13:36:33.627111243Z","Action":"pass","Package":"go.temporal.io/server/tools/gomad3/runner/internal/execution","Test":"TestClassifyOwnsRecordingAndReplaySemantics/World_deadlock","Elapsed":0}
{"Time":"2026-10-08T13:36:33.627119243Z","Action":"output","Package":"go.temporal.io/server/tools/gomad3/runner/internal/execution","Test":"TestClassifyOwnsRecordingAndReplaySemantics","Output":"--- PASS: TestClassifyOwnsRecordingAndReplaySemantics (0.00s)\n","OutputType":"frame"}
{"Time":"2026-10-08T13:36:33.627121702Z","Action":"pass","Package":"go.temporal.io/server/tools/gomad3/runner/internal/execution","Test":"TestClassifyOwnsRecordingAndReplaySemantics","Elapsed":0}
{"Time":"2026-10-08T13:36:33.627124243Z","Action":"run","Package":"go.temporal.io/server/tools/gomad3/runner/internal/execution","Test":"TestRunCapturesTargetExitAndBothStreams"}
{"Time":"2026-10-08T13:36:33.62712566Z","Action":"output","Package":"go.temporal.io/server/tools/gomad3/runner/internal/execution","Test":"TestRunCapturesTargetExitAndBothStreams","Output":"=== RUN   TestRunCapturesTargetExitAndBothStreams\n","OutputType":"frame"}
{"Time":"2026-10-08T13:36:33.63161066Z","Action":"output","Package":"go.temporal.io/server/tools/gomad3/runner/internal/execution","Test":"TestRunCapturesTargetExitAndBothStreams","Output":"--- PASS: TestRunCapturesTargetExitAndBothStreams (0.00s)\n","OutputType":"frame"}
{"Time":"2026-10-08T13:36:33.63162366Z","Action":"pass","Package":"go.temporal.io/server/tools/gomad3/runner/internal/execution","Test":"TestRunCapturesTargetExitAndBothStreams","Elapsed":0}
{"Time":"2026-10-08T13:36:33.631627577Z","Action":"run","Package":"go.temporal.io/server/tools/gomad3/runner/internal/execution","Test":"TestRunTransportsSimulationExplorationPlanAndRecords"}
{"Time":"2026-10-08T13:36:33.63162891Z","Action":"output","Package":"go.temporal.io/server/tools/gomad3/runner/internal/execution","Test":"TestRunTransportsSimulationExplorationPlanAndRecords","Output":"=== RUN   TestRunTransportsSimulationExplorationPlanAndRecords\n","OutputType":"frame"}
{"Time":"2026-10-08T13:36:33.636103202Z","Action":"output","Package":"go.temporal.io/server/tools/gomad3/runner/internal/execution","Test":"TestRunTransportsSimulationExplorationPlanAndRecords","Output":"--- PASS: TestRunTransportsSimulationExplorationPlanAndRecords (0.00s)\n","OutputType":"frame"}
{"Time":"2026-10-08T13:36:33.636122785Z","Action":"pass","Package":"go.temporal.io/server/tools/gomad3/runner/internal/execution","Test":"TestRunTransportsSimulationExplorationPlanAndRecords","Elapsed":0}
{"Time":"2026-10-08T13:36:33.636126493Z","Action":"run","Package":"go.temporal.io/server/tools/gomad3/runner/internal/execution","Test":"TestRunKeepsNodeModelTransportAliveDuringGracefulStop"}
{"Time":"2026-10-08T13:36:33.636128785Z","Action":"output","Package":"go.temporal.io/server/tools/gomad3/runner/internal/execution","Test":"TestRunKeepsNodeModelTransportAliveDuringGracefulStop","Output":"=== RUN   TestRunKeepsNodeModelTransportAliveDuringGracefulStop\n","OutputType":"frame"}
{"Time":"2026-10-08T13:36:33.64041416Z","Action":"output","Package":"go.temporal.io/server/tools/gomad3/runner/internal/execution","Test":"TestRunKeepsNodeModelTransportAliveDuringGracefulStop","Output":"--- PASS: TestRunKeepsNodeModelTransportAliveDuringGracefulStop (0.00s)\n","OutputType":"frame"}
{"Time":"2026-10-08T13:36:33.64042466Z","Action":"pass","Package":"go.temporal.io/server/tools/gomad3/runner/internal/execution","Test":"TestRunKeepsNodeModelTransportAliveDuringGracefulStop","Elapsed":0}
{"Time":"2026-10-08T13:36:33.640427743Z","Action":"run","Package":"go.temporal.io/server/tools/gomad3/runner/internal/execution","Test":"TestRunReplaysCompleteChoiceTape"}
{"Time":"2026-10-08T13:36:33.640448993Z","Action":"output","Package":"go.temporal.io/server/tools/gomad3/runner/internal/execution","Test":"TestRunReplaysCompleteChoiceTape","Output":"=== RUN   TestRunReplaysCompleteChoiceTape\n","OutputType":"frame"}
{"Time":"2026-10-08T13:36:33.64562841Z","Action":"output","Package":"go.temporal.io/server/tools/gomad3/runner/internal/execution","Test":"TestRunReplaysCompleteChoiceTape","Output":"    process_test.go:204: choice trace unterminated\n","OutputType":"error"}
{"Time":"2026-10-08T13:36:33.64584216Z","Action":"output","Package":"go.temporal.io/server/tools/gomad3/runner/internal/execution","Test":"TestRunReplaysCompleteChoiceTape","Output":"--- FAIL: TestRunReplaysCompleteChoiceTape (0.01s)\n","OutputType":"frame"}
{"Time":"2026-10-08T13:36:33.645855285Z","Action":"fail","Package":"go.temporal.io/server/tools/gomad3/runner/internal/execution","Test":"TestRunReplaysCompleteChoiceTape","Elapsed":0.01}
{"Time":"2026-10-08T13:36:33.645861035Z","Action":"run","Package":"go.temporal.io/server/tools/gomad3/runner/internal/execution","Test":"TestRunRejectsExhaustedChoiceTapeBeforeTargetMarker"}
{"Time":"2026-10-08T13:36:33.64586341Z","Action":"output","Package":"go.temporal.io/server/tools/gomad3/runner/internal/execution","Test":"TestRunRejectsExhaustedChoiceTapeBeforeTargetMarker","Output":"=== RUN   TestRunRejectsExhaustedChoiceTapeBeforeTargetMarker\n","OutputType":"frame"}
{"Time":"2026-10-08T13:36:33.651543743Z","Action":"output","Package":"go.temporal.io/server/tools/gomad3/runner/internal/execution","Test":"TestRunRejectsExhaustedChoiceTapeBeforeTargetMarker","Output":"    process_test.go:483: choice trace unterminated\n","OutputType":"error"}
{"Time":"2026-10-08T13:36:33.651700243Z","Action":"output","Package":"go.temporal.io/server/tools/gomad3/runner/internal/execution","Test":"TestRunRejectsExhaustedChoiceTapeBeforeTargetMarker","Output":"--- FAIL: TestRunRejectsExhaustedChoiceTapeBeforeTargetMarker (0.01s)\n","OutputType":"frame"}
{"Time":"2026-10-08T13:36:33.65171391Z","Action":"fail","Package":"go.temporal.io/server/tools/gomad3/runner/internal/execution","Test":"TestRunRejectsExhaustedChoiceTapeBeforeTargetMarker","Elapsed":0.01}
{"Time":"2026-10-08T13:36:33.651718743Z","Action":"run","Package":"go.temporal.io/server/tools/gomad3/runner/internal/execution","Test":"TestRunRejectsChoiceMetadataMismatchBeforeTargetMarker"}
{"Time":"2026-10-08T13:36:33.65172116Z","Action":"output","Package":"go.temporal.io/server/tools/gomad3/runner/internal/execution","Test":"TestRunRejectsChoiceMetadataMismatchBeforeTargetMarker","Output":"=== RUN   TestRunRejectsChoiceMetadataMismatchBeforeTargetMarker\n","OutputType":"frame"}
{"Time":"2026-10-08T13:36:33.656547243Z","Action":"output","Package":"go.temporal.io/server/tools/gomad3/runner/internal/execution","Test":"TestRunRejectsChoiceMetadataMismatchBeforeTargetMarker","Output":"    process_test.go:540: choice trace unterminated\n","OutputType":"error"}
{"Time":"2026-10-08T13:36:33.656641702Z","Action":"output","Package":"go.temporal.io/server/tools/gomad3/runner/internal/execution","Test":"TestRunRejectsChoiceMetadataMismatchBeforeTargetMarker","Output":"--- FAIL: TestRunRejectsChoiceMetadataMismatchBeforeTargetMarker (0.00s)\n","OutputType":"frame"}
{"Time":"2026-10-08T13:36:33.656648493Z","Action":"fail","Package":"go.temporal.io/server/tools/gomad3/runner/internal/execution","Test":"TestRunRejectsChoiceMetadataMismatchBeforeTargetMarker","Elapsed":0}
{"Time":"2026-10-08T13:36:33.656651827Z","Action":"run","Package":"go.temporal.io/server/tools/gomad3/runner/internal/execution","Test":"TestRunRejectsUnconsumedChoiceTape"}
{"Time":"2026-10-08T13:36:33.656653743Z","Action":"output","Package":"go.temporal.io/server/tools/gomad3/runner/internal/execution","Test":"TestRunRejectsUnconsumedChoiceTape","Output":"=== RUN   TestRunRejectsUnconsumedChoiceTape\n","OutputType":"frame"}
{"Time":"2026-10-08T13:36:33.660786577Z","Action":"output","Package":"go.temporal.io/server/tools/gomad3/runner/internal/execution","Test":"TestRunRejectsUnconsumedChoiceTape","Output":"    process_test.go:611: choice trace unterminated\n","OutputType":"error"}
{"Time":"2026-10-08T13:36:33.660888743Z","Action":"output","Package":"go.temporal.io/server/tools/gomad3/runner/internal/execution","Test":"TestRunRejectsUnconsumedChoiceTape","Output":"--- FAIL: TestRunRejectsUnconsumedChoiceTape (0.00s)\n","OutputType":"frame"}
{"Time":"2026-10-08T13:36:33.66090316Z","Action":"fail","Package":"go.temporal.io/server/tools/gomad3/runner/internal/execution","Test":"TestRunRejectsUnconsumedChoiceTape","Elapsed":0}
{"Time":"2026-10-08T13:36:33.660907868Z","Action":"run","Package":"go.temporal.io/server/tools/gomad3/runner/internal/execution","Test":"TestValidateRequestRejectsExpectedIOTranscriptOutsideReplay"}
{"Time":"2026-10-08T13:36:33.66091016Z","Action":"output","Package":"go.temporal.io/server/tools/gomad3/runner/internal/execution","Test":"TestValidateRequestRejectsExpectedIOTranscriptOutsideReplay","Output":"=== RUN   TestValidateRequestRejectsExpectedIOTranscriptOutsideReplay\n","OutputType":"frame"}
{"Time":"2026-10-08T13:36:33.661088827Z","Action":"output","Package":"go.temporal.io/server/tools/gomad3/runner/internal/execution","Test":"TestValidateRequestRejectsExpectedIOTranscriptOutsideReplay","Output":"--- PASS: TestValidateRequestRejectsExpectedIOTranscriptOutsideReplay (0.00s)\n","OutputType":"frame"}
{"Time":"2026-10-08T13:36:33.661098202Z","Action":"pass","Package":"go.temporal.io/server/tools/gomad3/runner/internal/execution","Test":"TestValidateRequestRejectsExpectedIOTranscriptOutsideReplay","Elapsed":0}
{"Time":"2026-10-08T13:36:33.66110316Z","Action":"run","Package":"go.temporal.io/server/tools/gomad3/runner/internal/execution","Test":"TestValidateRequestAcceptsNestedExecutionCapabilities"}
{"Time":"2026-10-08T13:36:33.661105202Z","Action":"output","Package":"go.temporal.io/server/tools/gomad3/runner/internal/execution","Test":"TestValidateRequestAcceptsNestedExecutionCapabilities","Output":"=== RUN   TestValidateRequestAcceptsNestedExecutionCapabilities\n","OutputType":"frame"}
{"Time":"2026-10-08T13:36:34.013339368Z","Action":"output","Package":"go.temporal.io/server/tools/gomad3/runner/internal/execution","Test":"TestValidateRequestAcceptsNestedExecutionCapabilities","Output":"--- PASS: TestValidateRequestAcceptsNestedExecutionCapabilities (0.35s)\n","OutputType":"frame"}
{"Time":"2026-10-08T13:36:34.013415952Z","Action":"pass","Package":"go.temporal.io/server/tools/gomad3/runner/internal/execution","Test":"TestValidateRequestAcceptsNestedExecutionCapabilities","Elapsed":0.35}
{"Time":"2026-10-08T13:36:34.013448077Z","Action":"run","Package":"go.temporal.io/server/tools/gomad3/runner/internal/execution","Test":"TestRunTimesOutAndRemovesTermIgnoringProcessGroup"}
{"Time":"2026-10-08T13:36:34.013468493Z","Action":"output","Package":"go.temporal.io/server/tools/gomad3/runner/internal/execution","Test":"TestRunTimesOutAndRemovesTermIgnoringProcessGroup","Output":"=== RUN   TestRunTimesOutAndRemovesTermIgnoringProcessGroup\n","OutputType":"frame"}
{"Time":"2026-10-08T13:36:34.567016994Z","Action":"output","Package":"go.temporal.io/server/tools/gomad3/runner/internal/execution","Test":"TestRunTimesOutAndRemovesTermIgnoringProcessGroup","Output":"--- PASS: TestRunTimesOutAndRemovesTermIgnoringProcessGroup (0.55s)\n","OutputType":"frame"}
{"Time":"2026-10-08T13:36:34.567044077Z","Action":"pass","Package":"go.temporal.io/server/tools/gomad3/runner/internal/execution","Test":"TestRunTimesOutAndRemovesTermIgnoringProcessGroup","Elapsed":0.55}
{"Time":"2026-10-08T13:36:34.567048327Z","Action":"run","Package":"go.temporal.io/server/tools/gomad3/runner/internal/execution","Test":"TestRunBoundsUnresponsiveSupervisor"}
{"Time":"2026-10-08T13:36:34.567054452Z","Action":"output","Package":"go.temporal.io/server/tools/gomad3/runner/internal/execution","Test":"TestRunBoundsUnresponsiveSupervisor","Output":"=== RUN   TestRunBoundsUnresponsiveSupervisor\n","OutputType":"frame"}
{"Time":"2026-10-08T13:36:34.795845035Z","Action":"output","Package":"go.temporal.io/server/tools/gomad3/runner/internal/execution","Test":"TestRunBoundsUnresponsiveSupervisor","Output":"--- PASS: TestRunBoundsUnresponsiveSupervisor (0.23s)\n","OutputType":"frame"}
{"Time":"2026-10-08T13:36:34.795879244Z","Action":"pass","Package":"go.temporal.io/server/tools/gomad3/runner/internal/execution","Test":"TestRunBoundsUnresponsiveSupervisor","Elapsed":0.23}
{"Time":"2026-10-08T13:36:34.795895327Z","Action":"run","Package":"go.temporal.io/server/tools/gomad3/runner/internal/execution","Test":"TestSimulationModelProgressCancellationKeepsCommitAndDiscardsLateArrival"}
{"Time":"2026-10-08T13:36:34.795901202Z","Action":"output","Package":"go.temporal.io/server/tools/gomad3/runner/internal/execution","Test":"TestSimulationModelProgressCancellationKeepsCommitAndDiscardsLateArrival","Output":"=== RUN   TestSimulationModelProgressCancellationKeepsCommitAndDiscardsLateArrival\n","OutputType":"frame"}
{"Time":"2026-10-08T13:36:34.796041369Z","Action":"output","Package":"go.temporal.io/server/tools/gomad3/runner/internal/execution","Test":"TestSimulationModelProgressCancellationKeepsCommitAndDiscardsLateArrival","Output":"--- PASS: TestSimulationModelProgressCancellationKeepsCommitAndDiscardsLateArrival (0.00s)\n","OutputType":"frame"}
{"Time":"2026-10-08T13:36:34.796056994Z","Action":"pass","Package":"go.temporal.io/server/tools/gomad3/runner/internal/execution","Test":"TestSimulationModelProgressCancellationKeepsCommitAndDiscardsLateArrival","Elapsed":0}
{"Time":"2026-10-08T13:36:34.796065994Z","Action":"output","Package":"go.temporal.io/server/tools/gomad3/runner/internal/execution","Output":"FAIL\n","OutputType":"frame"}
{"Time":"2026-10-08T13:36:34.796308994Z","Action":"output","Package":"go.temporal.io/server/tools/gomad3/runner/internal/execution","Output":"FAIL\tgo.temporal.io/server/tools/gomad3/runner/internal/execution\t1.179s\n","OutputType":"frame"}
{"Time":"2026-10-08T13:36:34.79631966Z","Action":"fail","Package":"go.temporal.io/server/tools/gomad3/runner/internal/execution","Elapsed":1.18}
