{"Time":"2026-10-05T14:13:43.339197426Z","Action":"start","Package":"go.temporal.io/server/tools/gomad3/target"}
{"Time":"2026-10-05T14:13:43.340943926Z","Action":"run","Package":"go.temporal.io/server/tools/gomad3/target","Test":"TestCapabilityReviewGoldenCanonicalBytes"}
{"Time":"2026-10-05T14:13:43.341042801Z","Action":"output","Package":"go.temporal.io/server/tools/gomad3/target","Test":"TestCapabilityReviewGoldenCanonicalBytes","Output":"=== RUN   TestCapabilityReviewGoldenCanonicalBytes\n","OutputType":"frame"}
{"Time":"2026-10-05T14:13:43.375715468Z","Action":"run","Package":"go.temporal.io/server/tools/gomad3/target","Test":"TestCapabilityReviewGoldenCanonicalBytes/closure-findings"}
{"Time":"2026-10-05T14:13:43.375823718Z","Action":"output","Package":"go.temporal.io/server/tools/gomad3/target","Test":"TestCapabilityReviewGoldenCanonicalBytes/closure-findings","Output":"=== RUN   TestCapabilityReviewGoldenCanonicalBytes/closure-findings\n","OutputType":"frame"}
{"Time":"2026-10-05T14:13:43.376351301Z","Action":"output","Package":"go.temporal.io/server/tools/gomad3/target","Test":"TestCapabilityReviewGoldenCanonicalBytes/closure-findings","Output":"--- PASS: TestCapabilityReviewGoldenCanonicalBytes/closure-findings (0.00s)\n","OutputType":"frame"}
{"Time":"2026-10-05T14:13:43.376403509Z","Action":"pass","Package":"go.temporal.io/server/tools/gomad3/target","Test":"TestCapabilityReviewGoldenCanonicalBytes/closure-findings","Elapsed":0}
{"Time":"2026-10-05T14:13:43.376434051Z","Action":"run","Package":"go.temporal.io/server/tools/gomad3/target","Test":"TestCapabilityReviewGoldenCanonicalBytes/closure-sources"}
{"Time":"2026-10-05T14:13:43.376446926Z","Action":"output","Package":"go.temporal.io/server/tools/gomad3/target","Test":"TestCapabilityReviewGoldenCanonicalBytes/closure-sources","Output":"=== RUN   TestCapabilityReviewGoldenCanonicalBytes/closure-sources\n","OutputType":"frame"}
{"Time":"2026-10-05T14:13:43.376637468Z","Action":"output","Package":"go.temporal.io/server/tools/gomad3/target","Test":"TestCapabilityReviewGoldenCanonicalBytes/closure-sources","Output":"--- PASS: TestCapabilityReviewGoldenCanonicalBytes/closure-sources (0.00s)\n","OutputType":"frame"}
{"Time":"2026-10-05T14:13:43.376653676Z","Action":"pass","Package":"go.temporal.io/server/tools/gomad3/target","Test":"TestCapabilityReviewGoldenCanonicalBytes/closure-sources","Elapsed":0}
{"Time":"2026-10-05T14:13:43.376672426Z","Action":"run","Package":"go.temporal.io/server/tools/gomad3/target","Test":"TestCapabilityReviewGoldenCanonicalBytes/closure-adapter"}
{"Time":"2026-10-05T14:13:43.376689676Z","Action":"output","Package":"go.temporal.io/server/tools/gomad3/target","Test":"TestCapabilityReviewGoldenCanonicalBytes/closure-adapter","Output":"=== RUN   TestCapabilityReviewGoldenCanonicalBytes/closure-adapter\n","OutputType":"frame"}
{"Time":"2026-10-05T14:13:43.376887801Z","Action":"output","Package":"go.temporal.io/server/tools/gomad3/target","Test":"TestCapabilityReviewGoldenCanonicalBytes/closure-adapter","Output":"--- PASS: TestCapabilityReviewGoldenCanonicalBytes/closure-adapter (0.00s)\n","OutputType":"frame"}
{"Time":"2026-10-05T14:13:43.376945343Z","Action":"pass","Package":"go.temporal.io/server/tools/gomad3/target","Test":"TestCapabilityReviewGoldenCanonicalBytes/closure-adapter","Elapsed":0}
{"Time":"2026-10-05T14:13:43.376968968Z","Action":"run","Package":"go.temporal.io/server/tools/gomad3/target","Test":"TestCapabilityReviewGoldenCanonicalBytes/linked"}
{"Time":"2026-10-05T14:13:43.376984801Z","Action":"output","Package":"go.temporal.io/server/tools/gomad3/target","Test":"TestCapabilityReviewGoldenCanonicalBytes/linked","Output":"=== RUN   TestCapabilityReviewGoldenCanonicalBytes/linked\n","OutputType":"frame"}
{"Time":"2026-10-05T14:13:43.377177468Z","Action":"output","Package":"go.temporal.io/server/tools/gomad3/target","Test":"TestCapabilityReviewGoldenCanonicalBytes/linked","Output":"--- PASS: TestCapabilityReviewGoldenCanonicalBytes/linked (0.00s)\n","OutputType":"frame"}
{"Time":"2026-10-05T14:13:43.377210593Z","Action":"pass","Package":"go.temporal.io/server/tools/gomad3/target","Test":"TestCapabilityReviewGoldenCanonicalBytes/linked","Elapsed":0}
{"Time":"2026-10-05T14:13:43.377234884Z","Action":"run","Package":"go.temporal.io/server/tools/gomad3/target","Test":"TestCapabilityReviewGoldenCanonicalBytes/guarded"}
{"Time":"2026-10-05T14:13:43.377257634Z","Action":"output","Package":"go.temporal.io/server/tools/gomad3/target","Test":"TestCapabilityReviewGoldenCanonicalBytes/guarded","Output":"=== RUN   TestCapabilityReviewGoldenCanonicalBytes/guarded\n","OutputType":"frame"}
{"Time":"2026-10-05T14:13:43.377444884Z","Action":"output","Package":"go.temporal.io/server/tools/gomad3/target","Test":"TestCapabilityReviewGoldenCanonicalBytes/guarded","Output":"--- PASS: TestCapabilityReviewGoldenCanonicalBytes/guarded (0.00s)\n","OutputType":"frame"}
{"Time":"2026-10-05T14:13:43.377458426Z","Action":"pass","Package":"go.temporal.io/server/tools/gomad3/target","Test":"TestCapabilityReviewGoldenCanonicalBytes/guarded","Elapsed":0}
{"Time":"2026-10-05T14:13:43.377474009Z","Action":"run","Package":"go.temporal.io/server/tools/gomad3/target","Test":"TestCapabilityReviewGoldenCanonicalBytes/recorded-closure"}
{"Time":"2026-10-05T14:13:43.377484384Z","Action":"output","Package":"go.temporal.io/server/tools/gomad3/target","Test":"TestCapabilityReviewGoldenCanonicalBytes/recorded-closure","Output":"=== RUN   TestCapabilityReviewGoldenCanonicalBytes/recorded-closure\n","OutputType":"frame"}
{"Time":"2026-10-05T14:13:43.377770551Z","Action":"output","Package":"go.temporal.io/server/tools/gomad3/target","Test":"TestCapabilityReviewGoldenCanonicalBytes/recorded-closure","Output":"--- PASS: TestCapabilityReviewGoldenCanonicalBytes/recorded-closure (0.00s)\n","OutputType":"frame"}
{"Time":"2026-10-05T14:13:43.377786134Z","Action":"pass","Package":"go.temporal.io/server/tools/gomad3/target","Test":"TestCapabilityReviewGoldenCanonicalBytes/recorded-closure","Elapsed":0}
{"Time":"2026-10-05T14:13:43.377966509Z","Action":"output","Package":"go.temporal.io/server/tools/gomad3/target","Test":"TestCapabilityReviewGoldenCanonicalBytes","Output":"--- PASS: TestCapabilityReviewGoldenCanonicalBytes (0.04s)\n","OutputType":"frame"}
{"Time":"2026-10-05T14:13:43.377983509Z","Action":"pass","Package":"go.temporal.io/server/tools/gomad3/target","Test":"TestCapabilityReviewGoldenCanonicalBytes","Elapsed":0.04}
{"Time":"2026-10-05T14:13:43.377999634Z","Action":"run","Package":"go.temporal.io/server/tools/gomad3/target","Test":"TestCompatibilityPackProjectionPreservesCompleteEvidence"}
{"Time":"2026-10-05T14:13:43.378017968Z","Action":"output","Package":"go.temporal.io/server/tools/gomad3/target","Test":"TestCompatibilityPackProjectionPreservesCompleteEvidence","Output":"=== RUN   TestCompatibilityPackProjectionPreservesCompleteEvidence\n","OutputType":"frame"}
{"Time":"2026-10-05T14:13:43.378200343Z","Action":"output","Package":"go.temporal.io/server/tools/gomad3/target","Test":"TestCompatibilityPackProjectionPreservesCompleteEvidence","Output":"--- PASS: TestCompatibilityPackProjectionPreservesCompleteEvidence (0.00s)\n","OutputType":"frame"}
{"Time":"2026-10-05T14:13:43.378215759Z","Action":"pass","Package":"go.temporal.io/server/tools/gomad3/target","Test":"TestCompatibilityPackProjectionPreservesCompleteEvidence","Elapsed":0}
{"Time":"2026-10-05T14:13:43.378230093Z","Action":"run","Package":"go.temporal.io/server/tools/gomad3/target","Test":"TestCompatibilityPackProjectionPreservesNilAndEmpty"}
{"Time":"2026-10-05T14:13:43.378238384Z","Action":"output","Package":"go.temporal.io/server/tools/gomad3/target","Test":"TestCompatibilityPackProjectionPreservesNilAndEmpty","Output":"=== RUN   TestCompatibilityPackProjectionPreservesNilAndEmpty\n","OutputType":"frame"}
{"Time":"2026-10-05T14:13:43.378263426Z","Action":"output","Package":"go.temporal.io/server/tools/gomad3/target","Test":"TestCompatibilityPackProjectionPreservesNilAndEmpty","Output":"--- PASS: TestCompatibilityPackProjectionPreservesNilAndEmpty (0.00s)\n","OutputType":"frame"}
{"Time":"2026-10-05T14:13:43.378293009Z","Action":"pass","Package":"go.temporal.io/server/tools/gomad3/target","Test":"TestCompatibilityPackProjectionPreservesNilAndEmpty","Elapsed":0}
{"Time":"2026-10-05T14:13:43.378310593Z","Action":"run","Package":"go.temporal.io/server/tools/gomad3/target","Test":"TestCompatibilityPackProjectionPreservesOrderAndDetachesNestedStorage"}
{"Time":"2026-10-05T14:13:43.378332843Z","Action":"output","Package":"go.temporal.io/server/tools/gomad3/target","Test":"TestCompatibilityPackProjectionPreservesOrderAndDetachesNestedStorage","Output":"=== RUN   TestCompatibilityPackProjectionPreservesOrderAndDetachesNestedStorage\n","OutputType":"frame"}
{"Time":"2026-10-05T14:13:43.378356176Z","Action":"output","Package":"go.temporal.io/server/tools/gomad3/target","Test":"TestCompatibilityPackProjectionPreservesOrderAndDetachesNestedStorage","Output":"--- PASS: TestCompatibilityPackProjectionPreservesOrderAndDetachesNestedStorage (0.00s)\n","OutputType":"frame"}
{"Time":"2026-10-05T14:13:43.378368926Z","Action":"pass","Package":"go.temporal.io/server/tools/gomad3/target","Test":"TestCompatibilityPackProjectionPreservesOrderAndDetachesNestedStorage","Elapsed":0}
{"Time":"2026-10-05T14:13:43.378385551Z","Action":"run","Package":"go.temporal.io/server/tools/gomad3/target","Test":"TestPreparedCacheDigestOverlayEmpty"}
{"Time":"2026-10-05T14:13:43.378411551Z","Action":"output","Package":"go.temporal.io/server/tools/gomad3/target","Test":"TestPreparedCacheDigestOverlayEmpty","Output":"=== RUN   TestPreparedCacheDigestOverlayEmpty\n","OutputType":"frame"}
{"Time":"2026-10-05T14:13:43.378432509Z","Action":"output","Package":"go.temporal.io/server/tools/gomad3/target","Test":"TestPreparedCacheDigestOverlayEmpty","Output":"--- PASS: TestPreparedCacheDigestOverlayEmpty (0.00s)\n","OutputType":"frame"}
{"Time":"2026-10-05T14:13:43.378446676Z","Action":"pass","Package":"go.temporal.io/server/tools/gomad3/target","Test":"TestPreparedCacheDigestOverlayEmpty","Elapsed":0}
{"Time":"2026-10-05T14:13:43.378461259Z","Action":"run","Package":"go.temporal.io/server/tools/gomad3/target","Test":"TestPreparedCacheDigestOverlayCanonicalInputs"}
{"Time":"2026-10-05T14:13:43.378474801Z","Action":"output","Package":"go.temporal.io/server/tools/gomad3/target","Test":"TestPreparedCacheDigestOverlayCanonicalInputs","Output":"=== RUN   TestPreparedCacheDigestOverlayCanonicalInputs\n","OutputType":"frame"}
{"Time":"2026-10-05T14:13:43.378487759Z","Action":"run","Package":"go.temporal.io/server/tools/gomad3/target","Test":"TestPreparedCacheDigestOverlayCanonicalInputs/reverse_map_order_and_unclean_original"}
{"Time":"2026-10-05T14:13:43.378500468Z","Action":"output","Package":"go.temporal.io/server/tools/gomad3/target","Test":"TestPreparedCacheDigestOverlayCanonicalInputs/reverse_map_order_and_unclean_original","Output":"=== RUN   TestPreparedCacheDigestOverlayCanonicalInputs/reverse_map_order_and_unclean_original\n","OutputType":"frame"}
{"Time":"2026-10-05T14:13:43.378644843Z","Action":"output","Package":"go.temporal.io/server/tools/gomad3/target","Test":"TestPreparedCacheDigestOverlayCanonicalInputs/reverse_map_order_and_unclean_original","Output":"--- PASS: TestPreparedCacheDigestOverlayCanonicalInputs/reverse_map_order_and_unclean_original (0.00s)\n","OutputType":"frame"}
{"Time":"2026-10-05T14:13:43.378692884Z","Action":"pass","Package":"go.temporal.io/server/tools/gomad3/target","Test":"TestPreparedCacheDigestOverlayCanonicalInputs/reverse_map_order_and_unclean_original","Elapsed":0}
{"Time":"2026-10-05T14:13:43.378717384Z","Action":"run","Package":"go.temporal.io/server/tools/gomad3/target","Test":"TestPreparedCacheDigestOverlayCanonicalInputs/sorted_map_order_and_clean_original"}
{"Time":"2026-10-05T14:13:43.378734134Z","Action":"output","Package":"go.temporal.io/server/tools/gomad3/target","Test":"TestPreparedCacheDigestOverlayCanonicalInputs/sorted_map_order_and_clean_original","Output":"=== RUN   TestPreparedCacheDigestOverlayCanonicalInputs/sorted_map_order_and_clean_original\n","OutputType":"frame"}
{"Time":"2026-10-05T14:13:43.378834259Z","Action":"output","Package":"go.temporal.io/server/tools/gomad3/target","Test":"TestPreparedCacheDigestOverlayCanonicalInputs/sorted_map_order_and_clean_original","Output":"--- PASS: TestPreparedCacheDigestOverlayCanonicalInputs/sorted_map_order_and_clean_original (0.00s)\n","OutputType":"frame"}
{"Time":"2026-10-05T14:13:43.378855301Z","Action":"pass","Package":"go.temporal.io/server/tools/gomad3/target","Test":"TestPreparedCacheDigestOverlayCanonicalInputs/sorted_map_order_and_clean_original","Elapsed":0}
{"Time":"2026-10-05T14:13:43.378869009Z","Action":"output","Package":"go.temporal.io/server/tools/gomad3/target","Test":"TestPreparedCacheDigestOverlayCanonicalInputs","Output":"--- PASS: TestPreparedCacheDigestOverlayCanonicalInputs (0.00s)\n","OutputType":"frame"}
{"Time":"2026-10-05T14:13:43.378881968Z","Action":"pass","Package":"go.temporal.io/server/tools/gomad3/target","Test":"TestPreparedCacheDigestOverlayCanonicalInputs","Elapsed":0}
{"Time":"2026-10-05T14:13:43.378895093Z","Action":"run","Package":"go.temporal.io/server/tools/gomad3/target","Test":"TestPreparedCacheDigestOverlayReadFailure"}
{"Time":"2026-10-05T14:13:43.378907218Z","Action":"output","Package":"go.temporal.io/server/tools/gomad3/target","Test":"TestPreparedCacheDigestOverlayReadFailure","Output":"=== RUN   TestPreparedCacheDigestOverlayReadFailure\n","OutputType":"frame"}
{"Time":"2026-10-05T14:13:43.378917384Z","Action":"output","Package":"go.temporal.io/server/tools/gomad3/target","Test":"TestPreparedCacheDigestOverlayReadFailure","Output":"--- PASS: TestPreparedCacheDigestOverlayReadFailure (0.00s)\n","OutputType":"frame"}
{"Time":"2026-10-05T14:13:43.378926134Z","Action":"pass","Package":"go.temporal.io/server/tools/gomad3/target","Test":"TestPreparedCacheDigestOverlayReadFailure","Elapsed":0}
{"Time":"2026-10-05T14:13:43.378935176Z","Action":"run","Package":"go.temporal.io/server/tools/gomad3/target","Test":"TestPreparedCacheDigestModuleInputs"}
{"Time":"2026-10-05T14:13:43.378942926Z","Action":"output","Package":"go.temporal.io/server/tools/gomad3/target","Test":"TestPreparedCacheDigestModuleInputs","Output":"=== RUN   TestPreparedCacheDigestModuleInputs\n","OutputType":"frame"}
{"Time":"2026-10-05T14:13:43.378953051Z","Action":"run","Package":"go.temporal.io/server/tools/gomad3/target","Test":"TestPreparedCacheDigestModuleInputs/present"}
{"Time":"2026-10-05T14:13:43.378972009Z","Action":"output","Package":"go.temporal.io/server/tools/gomad3/target","Test":"TestPreparedCacheDigestModuleInputs/present","Output":"=== RUN   TestPreparedCacheDigestModuleInputs/present\n","OutputType":"frame"}
{"Time":"2026-10-05T14:13:43.379037051Z","Action":"output","Package":"go.temporal.io/server/tools/gomad3/target","Test":"TestPreparedCacheDigestModuleInputs/present","Output":"--- PASS: TestPreparedCacheDigestModuleInputs/present (0.00s)\n","OutputType":"frame"}
{"Time":"2026-10-05T14:13:43.379050301Z","Action":"pass","Package":"go.temporal.io/server/tools/gomad3/target","Test":"TestPreparedCacheDigestModuleInputs/present","Elapsed":0}
{"Time":"2026-10-05T14:13:43.379059051Z","Action":"run","Package":"go.temporal.io/server/tools/gomad3/target","Test":"TestPreparedCacheDigestModuleInputs/absent_go.sum"}
{"Time":"2026-10-05T14:13:43.379070801Z","Action":"output","Package":"go.temporal.io/server/tools/gomad3/target","Test":"TestPreparedCacheDigestModuleInputs/absent_go.sum","Output":"=== RUN   TestPreparedCacheDigestModuleInputs/absent_go.sum\n","OutputType":"frame"}
{"Time":"2026-10-05T14:13:43.379160301Z","Action":"output","Package":"go.temporal.io/server/tools/gomad3/target","Test":"TestPreparedCacheDigestModuleInputs/absent_go.sum","Output":"--- PASS: TestPreparedCacheDigestModuleInputs/absent_go.sum (0.00s)\n","OutputType":"frame"}
{"Time":"2026-10-05T14:13:43.379178884Z","Action":"pass","Package":"go.temporal.io/server/tools/gomad3/target","Test":"TestPreparedCacheDigestModuleInputs/absent_go.sum","Elapsed":0}
{"Time":"2026-10-05T14:13:43.379195093Z","Action":"run","Package":"go.temporal.io/server/tools/gomad3/target","Test":"TestPreparedCacheDigestModuleInputs/empty_go.sum"}
{"Time":"2026-10-05T14:13:43.379222843Z","Action":"output","Package":"go.temporal.io/server/tools/gomad3/target","Test":"TestPreparedCacheDigestModuleInputs/empty_go.sum","Output":"=== RUN   TestPreparedCacheDigestModuleInputs/empty_go.sum\n","OutputType":"frame"}
{"Time":"2026-10-05T14:13:43.379341426Z","Action":"output","Package":"go.temporal.io/server/tools/gomad3/target","Test":"TestPreparedCacheDigestModuleInputs/empty_go.sum","Output":"--- PASS: TestPreparedCacheDigestModuleInputs/empty_go.sum (0.00s)\n","OutputType":"frame"}
{"Time":"2026-10-05T14:13:43.379360218Z","Action":"pass","Package":"go.temporal.io/server/tools/gomad3/target","Test":"TestPreparedCacheDigestModuleInputs/empty_go.sum","Elapsed":0}
{"Time":"2026-10-05T14:13:43.379376259Z","Action":"run","Package":"go.temporal.io/server/tools/gomad3/target","Test":"TestPreparedCacheDigestModuleInputs/argument_order"}
{"Time":"2026-10-05T14:13:43.379397843Z","Action":"output","Package":"go.temporal.io/server/tools/gomad3/target","Test":"TestPreparedCacheDigestModuleInputs/argument_order","Output":"=== RUN   TestPreparedCacheDigestModuleInputs/argument_order\n","OutputType":"frame"}
{"Time":"2026-10-05T14:13:43.379519843Z","Action":"output","Package":"go.temporal.io/server/tools/gomad3/target","Test":"TestPreparedCacheDigestModuleInputs/argument_order","Output":"--- PASS: TestPreparedCacheDigestModuleInputs/argument_order (0.00s)\n","OutputType":"frame"}
{"Time":"2026-10-05T14:13:43.379533384Z","Action":"pass","Package":"go.temporal.io/server/tools/gomad3/target","Test":"TestPreparedCacheDigestModuleInputs/argument_order","Elapsed":0}
{"Time":"2026-10-05T14:13:43.379548009Z","Action":"run","Package":"go.temporal.io/server/tools/gomad3/target","Test":"TestPreparedCacheDigestModuleInputs/basename_framing"}
{"Time":"2026-10-05T14:13:43.379561509Z","Action":"output","Package":"go.temporal.io/server/tools/gomad3/target","Test":"TestPreparedCacheDigestModuleInputs/basename_framing","Output":"=== RUN   TestPreparedCacheDigestModuleInputs/basename_framing\n","OutputType":"frame"}
{"Time":"2026-10-05T14:13:43.379682218Z","Action":"output","Package":"go.temporal.io/server/tools/gomad3/target","Test":"TestPreparedCacheDigestModuleInputs/basename_framing","Output":"--- PASS: TestPreparedCacheDigestModuleInputs/basename_framing (0.00s)\n","OutputType":"frame"}
{"Time":"2026-10-05T14:13:43.379697093Z","Action":"pass","Package":"go.temporal.io/server/tools/gomad3/target","Test":"TestPreparedCacheDigestModuleInputs/basename_framing","Elapsed":0}
{"Time":"2026-10-05T14:13:43.379710259Z","Action":"output","Package":"go.temporal.io/server/tools/gomad3/target","Test":"TestPreparedCacheDigestModuleInputs","Output":"--- PASS: TestPreparedCacheDigestModuleInputs (0.00s)\n","OutputType":"frame"}
{"Time":"2026-10-05T14:13:43.379719468Z","Action":"pass","Package":"go.temporal.io/server/tools/gomad3/target","Test":"TestPreparedCacheDigestModuleInputs","Elapsed":0}
{"Time":"2026-10-05T14:13:43.379733426Z","Action":"run","Package":"go.temporal.io/server/tools/gomad3/target","Test":"TestPreparedCacheDigestModuleEmptyInputs"}
{"Time":"2026-10-05T14:13:43.379745968Z","Action":"output","Package":"go.temporal.io/server/tools/gomad3/target","Test":"TestPreparedCacheDigestModuleEmptyInputs","Output":"=== RUN   TestPreparedCacheDigestModuleEmptyInputs\n","OutputType":"frame"}
{"Time":"2026-10-05T14:13:43.379755509Z","Action":"output","Package":"go.temporal.io/server/tools/gomad3/target","Test":"TestPreparedCacheDigestModuleEmptyInputs","Output":"--- PASS: TestPreparedCacheDigestModuleEmptyInputs (0.00s)\n","OutputType":"frame"}
{"Time":"2026-10-05T14:13:43.379764301Z","Action":"pass","Package":"go.temporal.io/server/tools/gomad3/target","Test":"TestPreparedCacheDigestModuleEmptyInputs","Elapsed":0}
{"Time":"2026-10-05T14:13:43.379772426Z","Action":"run","Package":"go.temporal.io/server/tools/gomad3/target","Test":"TestPreparedCacheDigestModuleReadFailure"}
{"Time":"2026-10-05T14:13:43.379780593Z","Action":"output","Package":"go.temporal.io/server/tools/gomad3/target","Test":"TestPreparedCacheDigestModuleReadFailure","Output":"=== RUN   TestPreparedCacheDigestModuleReadFailure\n","OutputType":"frame"}
{"Time":"2026-10-05T14:13:43.379794259Z","Action":"output","Package":"go.temporal.io/server/tools/gomad3/target","Test":"TestPreparedCacheDigestModuleReadFailure","Output":"--- PASS: TestPreparedCacheDigestModuleReadFailure (0.00s)\n","OutputType":"frame"}
{"Time":"2026-10-05T14:13:43.379820384Z","Action":"pass","Package":"go.temporal.io/server/tools/gomad3/target","Test":"TestPreparedCacheDigestModuleReadFailure","Elapsed":0}
{"Time":"2026-10-05T14:13:43.379827593Z","Action":"run","Package":"go.temporal.io/server/tools/gomad3/target","Test":"TestProjectBuildInfoCanonicalizesModuleAndSettings"}
{"Time":"2026-10-05T14:13:43.379847968Z","Action":"output","Package":"go.temporal.io/server/tools/gomad3/target","Test":"TestProjectBuildInfoCanonicalizesModuleAndSettings","Output":"=== RUN   TestProjectBuildInfoCanonicalizesModuleAndSettings\n","OutputType":"frame"}
{"Time":"2026-10-05T14:13:43.379864093Z","Action":"output","Package":"go.temporal.io/server/tools/gomad3/target","Test":"TestProjectBuildInfoCanonicalizesModuleAndSettings","Output":"--- PASS: TestProjectBuildInfoCanonicalizesModuleAndSettings (0.00s)\n","OutputType":"frame"}
{"Time":"2026-10-05T14:13:43.379872343Z","Action":"pass","Package":"go.temporal.io/server/tools/gomad3/target","Test":"TestProjectBuildInfoCanonicalizesModuleAndSettings","Elapsed":0}
{"Time":"2026-10-05T14:13:43.379880384Z","Action":"run","Package":"go.temporal.io/server/tools/gomad3/target","Test":"TestPreparedRecordProjectionDefensivelyCopiesIdentity"}
{"Time":"2026-10-05T14:13:43.379888759Z","Action":"output","Package":"go.temporal.io/server/tools/gomad3/target","Test":"TestPreparedRecordProjectionDefensivelyCopiesIdentity","Output":"=== RUN   TestPreparedRecordProjectionDefensivelyCopiesIdentity\n","OutputType":"frame"}
{"Time":"2026-10-05T14:13:43.379896593Z","Action":"output","Package":"go.temporal.io/server/tools/gomad3/target","Test":"TestPreparedRecordProjectionDefensivelyCopiesIdentity","Output":"--- PASS: TestPreparedRecordProjectionDefensivelyCopiesIdentity (0.00s)\n","OutputType":"frame"}
{"Time":"2026-10-05T14:13:43.379904301Z","Action":"pass","Package":"go.temporal.io/server/tools/gomad3/target","Test":"TestPreparedRecordProjectionDefensivelyCopiesIdentity","Elapsed":0}
{"Time":"2026-10-05T14:13:43.379913509Z","Action":"output","Package":"go.temporal.io/server/tools/gomad3/target","Output":"PASS\n","OutputType":"frame"}
{"Time":"2026-10-05T14:13:43.380107301Z","Action":"output","Package":"go.temporal.io/server/tools/gomad3/target","Output":"ok  \tgo.temporal.io/server/tools/gomad3/target\t0.041s\n"}
{"Time":"2026-10-05T14:13:43.380140759Z","Action":"pass","Package":"go.temporal.io/server/tools/gomad3/target","Elapsed":0.041}
