{"Time":"2026-10-05T14:19:36.284406178Z","Action":"start","Package":"go.temporal.io/server/tools/gomad3/internal/compatibilitypack"}
{"Time":"2026-10-05T14:19:36.286162886Z","Action":"run","Package":"go.temporal.io/server/tools/gomad3/internal/compatibilitypack","Test":"TestEvaluateMatchingPackDecisions"}
{"Time":"2026-10-05T14:19:36.286238719Z","Action":"output","Package":"go.temporal.io/server/tools/gomad3/internal/compatibilitypack","Test":"TestEvaluateMatchingPackDecisions","Output":"=== RUN   TestEvaluateMatchingPackDecisions\n","OutputType":"frame"}
{"Time":"2026-10-05T14:19:36.286462344Z","Action":"run","Package":"go.temporal.io/server/tools/gomad3/internal/compatibilitypack","Test":"TestEvaluateMatchingPackDecisions/capability"}
{"Time":"2026-10-05T14:19:36.286488219Z","Action":"output","Package":"go.temporal.io/server/tools/gomad3/internal/compatibilitypack","Test":"TestEvaluateMatchingPackDecisions/capability","Output":"=== RUN   TestEvaluateMatchingPackDecisions/capability\n","OutputType":"frame"}
{"Time":"2026-10-05T14:19:36.286501719Z","Action":"output","Package":"go.temporal.io/server/tools/gomad3/internal/compatibilitypack","Test":"TestEvaluateMatchingPackDecisions/capability","Output":"    policy_exhaustive_test.go:75: decision=compatibility.Decision{Allowed:true, Disposition:\"allowed_by_exact_pack\", Remediation:\"\", PackID:\"example-pack\"} bytes=\"{\\\"allowed\\\":true,\\\"disposition\\\":\\\"allowed_by_exact_pack\\\",\\\"pack_id\\\":\\\"example-pack\\\"}\"\n"}
{"Time":"2026-10-05T14:19:36.286521719Z","Action":"output","Package":"go.temporal.io/server/tools/gomad3/internal/compatibilitypack","Test":"TestEvaluateMatchingPackDecisions/capability","Output":"--- PASS: TestEvaluateMatchingPackDecisions/capability (0.00s)\n","OutputType":"frame"}
{"Time":"2026-10-05T14:19:36.286540219Z","Action":"pass","Package":"go.temporal.io/server/tools/gomad3/internal/compatibilitypack","Test":"TestEvaluateMatchingPackDecisions/capability","Elapsed":0}
{"Time":"2026-10-05T14:19:36.286556386Z","Action":"run","Package":"go.temporal.io/server/tools/gomad3/internal/compatibilitypack","Test":"TestEvaluateMatchingPackDecisions/linkname"}
{"Time":"2026-10-05T14:19:36.286570386Z","Action":"output","Package":"go.temporal.io/server/tools/gomad3/internal/compatibilitypack","Test":"TestEvaluateMatchingPackDecisions/linkname","Output":"=== RUN   TestEvaluateMatchingPackDecisions/linkname\n","OutputType":"frame"}
{"Time":"2026-10-05T14:19:36.286583386Z","Action":"output","Package":"go.temporal.io/server/tools/gomad3/internal/compatibilitypack","Test":"TestEvaluateMatchingPackDecisions/linkname","Output":"    policy_exhaustive_test.go:75: decision=compatibility.Decision{Allowed:true, Disposition:\"allowed_by_exact_pack\", Remediation:\"\", PackID:\"example-pack\"} bytes=\"{\\\"allowed\\\":true,\\\"disposition\\\":\\\"allowed_by_exact_pack\\\",\\\"pack_id\\\":\\\"example-pack\\\"}\"\n"}
{"Time":"2026-10-05T14:19:36.286620636Z","Action":"output","Package":"go.temporal.io/server/tools/gomad3/internal/compatibilitypack","Test":"TestEvaluateMatchingPackDecisions/linkname","Output":"--- PASS: TestEvaluateMatchingPackDecisions/linkname (0.00s)\n","OutputType":"frame"}
{"Time":"2026-10-05T14:19:36.286675803Z","Action":"pass","Package":"go.temporal.io/server/tools/gomad3/internal/compatibilitypack","Test":"TestEvaluateMatchingPackDecisions/linkname","Elapsed":0}
{"Time":"2026-10-05T14:19:36.286700303Z","Action":"run","Package":"go.temporal.io/server/tools/gomad3/internal/compatibilitypack","Test":"TestEvaluateMatchingPackDecisions/malformed-linkname"}
{"Time":"2026-10-05T14:19:36.286720678Z","Action":"output","Package":"go.temporal.io/server/tools/gomad3/internal/compatibilitypack","Test":"TestEvaluateMatchingPackDecisions/malformed-linkname","Output":"=== RUN   TestEvaluateMatchingPackDecisions/malformed-linkname\n","OutputType":"frame"}
{"Time":"2026-10-05T14:19:36.286734928Z","Action":"output","Package":"go.temporal.io/server/tools/gomad3/internal/compatibilitypack","Test":"TestEvaluateMatchingPackDecisions/malformed-linkname","Output":"    policy_exhaustive_test.go:75: decision=compatibility.Decision{Allowed:false, Disposition:\"denied\", Remediation:\"remain_unsupported\", PackID:\"\"} bytes=\"{\\\"allowed\\\":false,\\\"disposition\\\":\\\"denied\\\",\\\"remediation\\\":\\\"remain_unsupported\\\"}\"\n"}
{"Time":"2026-10-05T14:19:36.286756886Z","Action":"output","Package":"go.temporal.io/server/tools/gomad3/internal/compatibilitypack","Test":"TestEvaluateMatchingPackDecisions/malformed-linkname","Output":"--- PASS: TestEvaluateMatchingPackDecisions/malformed-linkname (0.00s)\n","OutputType":"frame"}
{"Time":"2026-10-05T14:19:36.286776428Z","Action":"pass","Package":"go.temporal.io/server/tools/gomad3/internal/compatibilitypack","Test":"TestEvaluateMatchingPackDecisions/malformed-linkname","Elapsed":0}
{"Time":"2026-10-05T14:19:36.286791678Z","Action":"run","Package":"go.temporal.io/server/tools/gomad3/internal/compatibilitypack","Test":"TestEvaluateMatchingPackDecisions/no-reviewed-source"}
{"Time":"2026-10-05T14:19:36.286820219Z","Action":"output","Package":"go.temporal.io/server/tools/gomad3/internal/compatibilitypack","Test":"TestEvaluateMatchingPackDecisions/no-reviewed-source","Output":"=== RUN   TestEvaluateMatchingPackDecisions/no-reviewed-source\n","OutputType":"frame"}
{"Time":"2026-10-05T14:19:36.286844094Z","Action":"output","Package":"go.temporal.io/server/tools/gomad3/internal/compatibilitypack","Test":"TestEvaluateMatchingPackDecisions/no-reviewed-source","Output":"    policy_exhaustive_test.go:75: decision=compatibility.Decision{Allowed:false, Disposition:\"denied\", Remediation:\"remove_dependency\", PackID:\"\"} bytes=\"{\\\"allowed\\\":false,\\\"disposition\\\":\\\"denied\\\",\\\"remediation\\\":\\\"remove_dependency\\\"}\"\n"}
{"Time":"2026-10-05T14:19:36.286859719Z","Action":"output","Package":"go.temporal.io/server/tools/gomad3/internal/compatibilitypack","Test":"TestEvaluateMatchingPackDecisions/no-reviewed-source","Output":"--- PASS: TestEvaluateMatchingPackDecisions/no-reviewed-source (0.00s)\n","OutputType":"frame"}
{"Time":"2026-10-05T14:19:36.286874636Z","Action":"pass","Package":"go.temporal.io/server/tools/gomad3/internal/compatibilitypack","Test":"TestEvaluateMatchingPackDecisions/no-reviewed-source","Elapsed":0}
{"Time":"2026-10-05T14:19:36.286896344Z","Action":"run","Package":"go.temporal.io/server/tools/gomad3/internal/compatibilitypack","Test":"TestEvaluateMatchingPackDecisions/unknown-kind"}
{"Time":"2026-10-05T14:19:36.286914511Z","Action":"output","Package":"go.temporal.io/server/tools/gomad3/internal/compatibilitypack","Test":"TestEvaluateMatchingPackDecisions/unknown-kind","Output":"=== RUN   TestEvaluateMatchingPackDecisions/unknown-kind\n","OutputType":"frame"}
{"Time":"2026-10-05T14:19:36.286928844Z","Action":"output","Package":"go.temporal.io/server/tools/gomad3/internal/compatibilitypack","Test":"TestEvaluateMatchingPackDecisions/unknown-kind","Output":"    policy_exhaustive_test.go:75: decision=compatibility.Decision{Allowed:false, Disposition:\"denied\", Remediation:\"remain_unsupported\", PackID:\"\"} bytes=\"{\\\"allowed\\\":false,\\\"disposition\\\":\\\"denied\\\",\\\"remediation\\\":\\\"remain_unsupported\\\"}\"\n"}
{"Time":"2026-10-05T14:19:36.286939219Z","Action":"output","Package":"go.temporal.io/server/tools/gomad3/internal/compatibilitypack","Test":"TestEvaluateMatchingPackDecisions/unknown-kind","Output":"--- PASS: TestEvaluateMatchingPackDecisions/unknown-kind (0.00s)\n","OutputType":"frame"}
{"Time":"2026-10-05T14:19:36.286952261Z","Action":"pass","Package":"go.temporal.io/server/tools/gomad3/internal/compatibilitypack","Test":"TestEvaluateMatchingPackDecisions/unknown-kind","Elapsed":0}
{"Time":"2026-10-05T14:19:36.286965969Z","Action":"run","Package":"go.temporal.io/server/tools/gomad3/internal/compatibilitypack","Test":"TestEvaluateMatchingPackDecisions/empty-kind"}
{"Time":"2026-10-05T14:19:36.286975553Z","Action":"output","Package":"go.temporal.io/server/tools/gomad3/internal/compatibilitypack","Test":"TestEvaluateMatchingPackDecisions/empty-kind","Output":"=== RUN   TestEvaluateMatchingPackDecisions/empty-kind\n","OutputType":"frame"}
{"Time":"2026-10-05T14:19:36.286996553Z","Action":"output","Package":"go.temporal.io/server/tools/gomad3/internal/compatibilitypack","Test":"TestEvaluateMatchingPackDecisions/empty-kind","Output":"    policy_exhaustive_test.go:75: decision=compatibility.Decision{Allowed:false, Disposition:\"denied\", Remediation:\"remain_unsupported\", PackID:\"\"} bytes=\"{\\\"allowed\\\":false,\\\"disposition\\\":\\\"denied\\\",\\\"remediation\\\":\\\"remain_unsupported\\\"}\"\n"}
{"Time":"2026-10-05T14:19:36.287006219Z","Action":"output","Package":"go.temporal.io/server/tools/gomad3/internal/compatibilitypack","Test":"TestEvaluateMatchingPackDecisions/empty-kind","Output":"--- PASS: TestEvaluateMatchingPackDecisions/empty-kind (0.00s)\n","OutputType":"frame"}
{"Time":"2026-10-05T14:19:36.287020303Z","Action":"pass","Package":"go.temporal.io/server/tools/gomad3/internal/compatibilitypack","Test":"TestEvaluateMatchingPackDecisions/empty-kind","Elapsed":0}
{"Time":"2026-10-05T14:19:36.287035011Z","Action":"run","Package":"go.temporal.io/server/tools/gomad3/internal/compatibilitypack","Test":"TestEvaluateMatchingPackDecisions/capability-drift"}
{"Time":"2026-10-05T14:19:36.287047844Z","Action":"output","Package":"go.temporal.io/server/tools/gomad3/internal/compatibilitypack","Test":"TestEvaluateMatchingPackDecisions/capability-drift","Output":"=== RUN   TestEvaluateMatchingPackDecisions/capability-drift\n","OutputType":"frame"}
{"Time":"2026-10-05T14:19:36.287061386Z","Action":"output","Package":"go.temporal.io/server/tools/gomad3/internal/compatibilitypack","Test":"TestEvaluateMatchingPackDecisions/capability-drift","Output":"    policy_exhaustive_test.go:75: decision=compatibility.Decision{Allowed:false, Disposition:\"denied\", Remediation:\"add_exact_pack\", PackID:\"\"} bytes=\"{\\\"allowed\\\":false,\\\"disposition\\\":\\\"denied\\\",\\\"remediation\\\":\\\"add_exact_pack\\\"}\"\n"}
{"Time":"2026-10-05T14:19:36.287074011Z","Action":"output","Package":"go.temporal.io/server/tools/gomad3/internal/compatibilitypack","Test":"TestEvaluateMatchingPackDecisions/capability-drift","Output":"--- PASS: TestEvaluateMatchingPackDecisions/capability-drift (0.00s)\n","OutputType":"frame"}
{"Time":"2026-10-05T14:19:36.287086594Z","Action":"pass","Package":"go.temporal.io/server/tools/gomad3/internal/compatibilitypack","Test":"TestEvaluateMatchingPackDecisions/capability-drift","Elapsed":0}
{"Time":"2026-10-05T14:19:36.287097053Z","Action":"run","Package":"go.temporal.io/server/tools/gomad3/internal/compatibilitypack","Test":"TestEvaluateMatchingPackDecisions/linkname-source-drift"}
{"Time":"2026-10-05T14:19:36.287112094Z","Action":"output","Package":"go.temporal.io/server/tools/gomad3/internal/compatibilitypack","Test":"TestEvaluateMatchingPackDecisions/linkname-source-drift","Output":"=== RUN   TestEvaluateMatchingPackDecisions/linkname-source-drift\n","OutputType":"frame"}
{"Time":"2026-10-05T14:19:36.287122636Z","Action":"output","Package":"go.temporal.io/server/tools/gomad3/internal/compatibilitypack","Test":"TestEvaluateMatchingPackDecisions/linkname-source-drift","Output":"    policy_exhaustive_test.go:75: decision=compatibility.Decision{Allowed:false, Disposition:\"denied\", Remediation:\"add_exact_pack\", PackID:\"\"} bytes=\"{\\\"allowed\\\":false,\\\"disposition\\\":\\\"denied\\\",\\\"remediation\\\":\\\"add_exact_pack\\\"}\"\n"}
{"Time":"2026-10-05T14:19:36.287148053Z","Action":"output","Package":"go.temporal.io/server/tools/gomad3/internal/compatibilitypack","Test":"TestEvaluateMatchingPackDecisions/linkname-source-drift","Output":"--- PASS: TestEvaluateMatchingPackDecisions/linkname-source-drift (0.00s)\n","OutputType":"frame"}
{"Time":"2026-10-05T14:19:36.287171219Z","Action":"pass","Package":"go.temporal.io/server/tools/gomad3/internal/compatibilitypack","Test":"TestEvaluateMatchingPackDecisions/linkname-source-drift","Elapsed":0}
{"Time":"2026-10-05T14:19:36.287189636Z","Action":"run","Package":"go.temporal.io/server/tools/gomad3/internal/compatibilitypack","Test":"TestEvaluateMatchingPackDecisions/linkname-hash-drift"}
{"Time":"2026-10-05T14:19:36.287206094Z","Action":"output","Package":"go.temporal.io/server/tools/gomad3/internal/compatibilitypack","Test":"TestEvaluateMatchingPackDecisions/linkname-hash-drift","Output":"=== RUN   TestEvaluateMatchingPackDecisions/linkname-hash-drift\n","OutputType":"frame"}
{"Time":"2026-10-05T14:19:36.287214511Z","Action":"output","Package":"go.temporal.io/server/tools/gomad3/internal/compatibilitypack","Test":"TestEvaluateMatchingPackDecisions/linkname-hash-drift","Output":"    policy_exhaustive_test.go:75: decision=compatibility.Decision{Allowed:false, Disposition:\"denied\", Remediation:\"add_exact_pack\", PackID:\"\"} bytes=\"{\\\"allowed\\\":false,\\\"disposition\\\":\\\"denied\\\",\\\"remediation\\\":\\\"add_exact_pack\\\"}\"\n"}
{"Time":"2026-10-05T14:19:36.287223928Z","Action":"output","Package":"go.temporal.io/server/tools/gomad3/internal/compatibilitypack","Test":"TestEvaluateMatchingPackDecisions/linkname-hash-drift","Output":"--- PASS: TestEvaluateMatchingPackDecisions/linkname-hash-drift (0.00s)\n","OutputType":"frame"}
{"Time":"2026-10-05T14:19:36.287232844Z","Action":"pass","Package":"go.temporal.io/server/tools/gomad3/internal/compatibilitypack","Test":"TestEvaluateMatchingPackDecisions/linkname-hash-drift","Elapsed":0}
{"Time":"2026-10-05T14:19:36.287247053Z","Action":"run","Package":"go.temporal.io/server/tools/gomad3/internal/compatibilitypack","Test":"TestEvaluateMatchingPackDecisions/linkname-directive-drift"}
{"Time":"2026-10-05T14:19:36.287258136Z","Action":"output","Package":"go.temporal.io/server/tools/gomad3/internal/compatibilitypack","Test":"TestEvaluateMatchingPackDecisions/linkname-directive-drift","Output":"=== RUN   TestEvaluateMatchingPackDecisions/linkname-directive-drift\n","OutputType":"frame"}
{"Time":"2026-10-05T14:19:36.287278344Z","Action":"output","Package":"go.temporal.io/server/tools/gomad3/internal/compatibilitypack","Test":"TestEvaluateMatchingPackDecisions/linkname-directive-drift","Output":"    policy_exhaustive_test.go:75: decision=compatibility.Decision{Allowed:false, Disposition:\"denied\", Remediation:\"add_exact_pack\", PackID:\"\"} bytes=\"{\\\"allowed\\\":false,\\\"disposition\\\":\\\"denied\\\",\\\"remediation\\\":\\\"add_exact_pack\\\"}\"\n"}
{"Time":"2026-10-05T14:19:36.287300719Z","Action":"output","Package":"go.temporal.io/server/tools/gomad3/internal/compatibilitypack","Test":"TestEvaluateMatchingPackDecisions/linkname-directive-drift","Output":"--- PASS: TestEvaluateMatchingPackDecisions/linkname-directive-drift (0.00s)\n","OutputType":"frame"}
{"Time":"2026-10-05T14:19:36.287313219Z","Action":"pass","Package":"go.temporal.io/server/tools/gomad3/internal/compatibilitypack","Test":"TestEvaluateMatchingPackDecisions/linkname-directive-drift","Elapsed":0}
{"Time":"2026-10-05T14:19:36.287328386Z","Action":"run","Package":"go.temporal.io/server/tools/gomad3/internal/compatibilitypack","Test":"TestEvaluateMatchingPackDecisions/linkname-order-drift"}
{"Time":"2026-10-05T14:19:36.287337386Z","Action":"output","Package":"go.temporal.io/server/tools/gomad3/internal/compatibilitypack","Test":"TestEvaluateMatchingPackDecisions/linkname-order-drift","Output":"=== RUN   TestEvaluateMatchingPackDecisions/linkname-order-drift\n","OutputType":"frame"}
{"Time":"2026-10-05T14:19:36.287348219Z","Action":"output","Package":"go.temporal.io/server/tools/gomad3/internal/compatibilitypack","Test":"TestEvaluateMatchingPackDecisions/linkname-order-drift","Output":"    policy_exhaustive_test.go:75: decision=compatibility.Decision{Allowed:false, Disposition:\"denied\", Remediation:\"add_exact_pack\", PackID:\"\"} bytes=\"{\\\"allowed\\\":false,\\\"disposition\\\":\\\"denied\\\",\\\"remediation\\\":\\\"add_exact_pack\\\"}\"\n"}
{"Time":"2026-10-05T14:19:36.287357469Z","Action":"output","Package":"go.temporal.io/server/tools/gomad3/internal/compatibilitypack","Test":"TestEvaluateMatchingPackDecisions/linkname-order-drift","Output":"--- PASS: TestEvaluateMatchingPackDecisions/linkname-order-drift (0.00s)\n","OutputType":"frame"}
{"Time":"2026-10-05T14:19:36.287370761Z","Action":"pass","Package":"go.temporal.io/server/tools/gomad3/internal/compatibilitypack","Test":"TestEvaluateMatchingPackDecisions/linkname-order-drift","Elapsed":0}
{"Time":"2026-10-05T14:19:36.287417844Z","Action":"run","Package":"go.temporal.io/server/tools/gomad3/internal/compatibilitypack","Test":"TestEvaluateMatchingPackDecisions/linkname-nil-directives"}
{"Time":"2026-10-05T14:19:36.287437678Z","Action":"output","Package":"go.temporal.io/server/tools/gomad3/internal/compatibilitypack","Test":"TestEvaluateMatchingPackDecisions/linkname-nil-directives","Output":"=== RUN   TestEvaluateMatchingPackDecisions/linkname-nil-directives\n","OutputType":"frame"}
{"Time":"2026-10-05T14:19:36.287453303Z","Action":"output","Package":"go.temporal.io/server/tools/gomad3/internal/compatibilitypack","Test":"TestEvaluateMatchingPackDecisions/linkname-nil-directives","Output":"    policy_exhaustive_test.go:75: decision=compatibility.Decision{Allowed:false, Disposition:\"denied\", Remediation:\"add_exact_pack\", PackID:\"\"} bytes=\"{\\\"allowed\\\":false,\\\"disposition\\\":\\\"denied\\\",\\\"remediation\\\":\\\"add_exact_pack\\\"}\"\n"}
{"Time":"2026-10-05T14:19:36.287466469Z","Action":"output","Package":"go.temporal.io/server/tools/gomad3/internal/compatibilitypack","Test":"TestEvaluateMatchingPackDecisions/linkname-nil-directives","Output":"--- PASS: TestEvaluateMatchingPackDecisions/linkname-nil-directives (0.00s)\n","OutputType":"frame"}
{"Time":"2026-10-05T14:19:36.287475844Z","Action":"pass","Package":"go.temporal.io/server/tools/gomad3/internal/compatibilitypack","Test":"TestEvaluateMatchingPackDecisions/linkname-nil-directives","Elapsed":0}
{"Time":"2026-10-05T14:19:36.287489219Z","Action":"run","Package":"go.temporal.io/server/tools/gomad3/internal/compatibilitypack","Test":"TestEvaluateMatchingPackDecisions/linkname-empty-directives"}
{"Time":"2026-10-05T14:19:36.287502719Z","Action":"output","Package":"go.temporal.io/server/tools/gomad3/internal/compatibilitypack","Test":"TestEvaluateMatchingPackDecisions/linkname-empty-directives","Output":"=== RUN   TestEvaluateMatchingPackDecisions/linkname-empty-directives\n","OutputType":"frame"}
{"Time":"2026-10-05T14:19:36.287518303Z","Action":"output","Package":"go.temporal.io/server/tools/gomad3/internal/compatibilitypack","Test":"TestEvaluateMatchingPackDecisions/linkname-empty-directives","Output":"    policy_exhaustive_test.go:75: decision=compatibility.Decision{Allowed:false, Disposition:\"denied\", Remediation:\"add_exact_pack\", PackID:\"\"} bytes=\"{\\\"allowed\\\":false,\\\"disposition\\\":\\\"denied\\\",\\\"remediation\\\":\\\"add_exact_pack\\\"}\"\n"}
{"Time":"2026-10-05T14:19:36.287533428Z","Action":"output","Package":"go.temporal.io/server/tools/gomad3/internal/compatibilitypack","Test":"TestEvaluateMatchingPackDecisions/linkname-empty-directives","Output":"--- PASS: TestEvaluateMatchingPackDecisions/linkname-empty-directives (0.00s)\n","OutputType":"frame"}
{"Time":"2026-10-05T14:19:36.287547761Z","Action":"pass","Package":"go.temporal.io/server/tools/gomad3/internal/compatibilitypack","Test":"TestEvaluateMatchingPackDecisions/linkname-empty-directives","Elapsed":0}
{"Time":"2026-10-05T14:19:36.287557428Z","Action":"run","Package":"go.temporal.io/server/tools/gomad3/internal/compatibilitypack","Test":"TestEvaluateMatchingPackDecisions/package-path-drift"}
{"Time":"2026-10-05T14:19:36.287566636Z","Action":"output","Package":"go.temporal.io/server/tools/gomad3/internal/compatibilitypack","Test":"TestEvaluateMatchingPackDecisions/package-path-drift","Output":"=== RUN   TestEvaluateMatchingPackDecisions/package-path-drift\n","OutputType":"frame"}
{"Time":"2026-10-05T14:19:36.287581678Z","Action":"output","Package":"go.temporal.io/server/tools/gomad3/internal/compatibilitypack","Test":"TestEvaluateMatchingPackDecisions/package-path-drift","Output":"    policy_exhaustive_test.go:75: decision=compatibility.Decision{Allowed:false, Disposition:\"denied\", Remediation:\"add_exact_pack\", PackID:\"\"} bytes=\"{\\\"allowed\\\":false,\\\"disposition\\\":\\\"denied\\\",\\\"remediation\\\":\\\"add_exact_pack\\\"}\"\n"}
{"Time":"2026-10-05T14:19:36.287596219Z","Action":"output","Package":"go.temporal.io/server/tools/gomad3/internal/compatibilitypack","Test":"TestEvaluateMatchingPackDecisions/package-path-drift","Output":"--- PASS: TestEvaluateMatchingPackDecisions/package-path-drift (0.00s)\n","OutputType":"frame"}
{"Time":"2026-10-05T14:19:36.287606636Z","Action":"pass","Package":"go.temporal.io/server/tools/gomad3/internal/compatibilitypack","Test":"TestEvaluateMatchingPackDecisions/package-path-drift","Elapsed":0}
{"Time":"2026-10-05T14:19:36.287619844Z","Action":"run","Package":"go.temporal.io/server/tools/gomad3/internal/compatibilitypack","Test":"TestEvaluateMatchingPackDecisions/module-path-drift"}
{"Time":"2026-10-05T14:19:36.287634053Z","Action":"output","Package":"go.temporal.io/server/tools/gomad3/internal/compatibilitypack","Test":"TestEvaluateMatchingPackDecisions/module-path-drift","Output":"=== RUN   TestEvaluateMatchingPackDecisions/module-path-drift\n","OutputType":"frame"}
{"Time":"2026-10-05T14:19:36.287649136Z","Action":"output","Package":"go.temporal.io/server/tools/gomad3/internal/compatibilitypack","Test":"TestEvaluateMatchingPackDecisions/module-path-drift","Output":"    policy_exhaustive_test.go:75: decision=compatibility.Decision{Allowed:false, Disposition:\"denied\", Remediation:\"add_exact_pack\", PackID:\"\"} bytes=\"{\\\"allowed\\\":false,\\\"disposition\\\":\\\"denied\\\",\\\"remediation\\\":\\\"add_exact_pack\\\"}\"\n"}
{"Time":"2026-10-05T14:19:36.287663719Z","Action":"output","Package":"go.temporal.io/server/tools/gomad3/internal/compatibilitypack","Test":"TestEvaluateMatchingPackDecisions/module-path-drift","Output":"--- PASS: TestEvaluateMatchingPackDecisions/module-path-drift (0.00s)\n","OutputType":"frame"}
{"Time":"2026-10-05T14:19:36.287676303Z","Action":"pass","Package":"go.temporal.io/server/tools/gomad3/internal/compatibilitypack","Test":"TestEvaluateMatchingPackDecisions/module-path-drift","Elapsed":0}
{"Time":"2026-10-05T14:19:36.287684553Z","Action":"run","Package":"go.temporal.io/server/tools/gomad3/internal/compatibilitypack","Test":"TestEvaluateMatchingPackDecisions/module-version-drift"}
{"Time":"2026-10-05T14:19:36.287692553Z","Action":"output","Package":"go.temporal.io/server/tools/gomad3/internal/compatibilitypack","Test":"TestEvaluateMatchingPackDecisions/module-version-drift","Output":"=== RUN   TestEvaluateMatchingPackDecisions/module-version-drift\n","OutputType":"frame"}
{"Time":"2026-10-05T14:19:36.287701094Z","Action":"output","Package":"go.temporal.io/server/tools/gomad3/internal/compatibilitypack","Test":"TestEvaluateMatchingPackDecisions/module-version-drift","Output":"    policy_exhaustive_test.go:75: decision=compatibility.Decision{Allowed:false, Disposition:\"denied\", Remediation:\"add_exact_pack\", PackID:\"\"} bytes=\"{\\\"allowed\\\":false,\\\"disposition\\\":\\\"denied\\\",\\\"remediation\\\":\\\"add_exact_pack\\\"}\"\n"}
{"Time":"2026-10-05T14:19:36.287711594Z","Action":"output","Package":"go.temporal.io/server/tools/gomad3/internal/compatibilitypack","Test":"TestEvaluateMatchingPackDecisions/module-version-drift","Output":"--- PASS: TestEvaluateMatchingPackDecisions/module-version-drift (0.00s)\n","OutputType":"frame"}
{"Time":"2026-10-05T14:19:36.287720178Z","Action":"pass","Package":"go.temporal.io/server/tools/gomad3/internal/compatibilitypack","Test":"TestEvaluateMatchingPackDecisions/module-version-drift","Elapsed":0}
{"Time":"2026-10-05T14:19:36.287733803Z","Action":"run","Package":"go.temporal.io/server/tools/gomad3/internal/compatibilitypack","Test":"TestEvaluateMatchingPackDecisions/module-sum-drift"}
{"Time":"2026-10-05T14:19:36.287746344Z","Action":"output","Package":"go.temporal.io/server/tools/gomad3/internal/compatibilitypack","Test":"TestEvaluateMatchingPackDecisions/module-sum-drift","Output":"=== RUN   TestEvaluateMatchingPackDecisions/module-sum-drift\n","OutputType":"frame"}
{"Time":"2026-10-05T14:19:36.287761511Z","Action":"output","Package":"go.temporal.io/server/tools/gomad3/internal/compatibilitypack","Test":"TestEvaluateMatchingPackDecisions/module-sum-drift","Output":"    policy_exhaustive_test.go:75: decision=compatibility.Decision{Allowed:false, Disposition:\"denied\", Remediation:\"add_exact_pack\", PackID:\"\"} bytes=\"{\\\"allowed\\\":false,\\\"disposition\\\":\\\"denied\\\",\\\"remediation\\\":\\\"add_exact_pack\\\"}\"\n"}
{"Time":"2026-10-05T14:19:36.287780261Z","Action":"output","Package":"go.temporal.io/server/tools/gomad3/internal/compatibilitypack","Test":"TestEvaluateMatchingPackDecisions/module-sum-drift","Output":"--- PASS: TestEvaluateMatchingPackDecisions/module-sum-drift (0.00s)\n","OutputType":"frame"}
{"Time":"2026-10-05T14:19:36.287789928Z","Action":"pass","Package":"go.temporal.io/server/tools/gomad3/internal/compatibilitypack","Test":"TestEvaluateMatchingPackDecisions/module-sum-drift","Elapsed":0}
{"Time":"2026-10-05T14:19:36.287797844Z","Action":"run","Package":"go.temporal.io/server/tools/gomad3/internal/compatibilitypack","Test":"TestEvaluateMatchingPackDecisions/replacement-drift"}
{"Time":"2026-10-05T14:19:36.287805886Z","Action":"output","Package":"go.temporal.io/server/tools/gomad3/internal/compatibilitypack","Test":"TestEvaluateMatchingPackDecisions/replacement-drift","Output":"=== RUN   TestEvaluateMatchingPackDecisions/replacement-drift\n","OutputType":"frame"}
{"Time":"2026-10-05T14:19:36.287814303Z","Action":"output","Package":"go.temporal.io/server/tools/gomad3/internal/compatibilitypack","Test":"TestEvaluateMatchingPackDecisions/replacement-drift","Output":"    policy_exhaustive_test.go:75: decision=compatibility.Decision{Allowed:false, Disposition:\"denied\", Remediation:\"add_exact_pack\", PackID:\"\"} bytes=\"{\\\"allowed\\\":false,\\\"disposition\\\":\\\"denied\\\",\\\"remediation\\\":\\\"add_exact_pack\\\"}\"\n"}
{"Time":"2026-10-05T14:19:36.287825803Z","Action":"output","Package":"go.temporal.io/server/tools/gomad3/internal/compatibilitypack","Test":"TestEvaluateMatchingPackDecisions/replacement-drift","Output":"--- PASS: TestEvaluateMatchingPackDecisions/replacement-drift (0.00s)\n","OutputType":"frame"}
{"Time":"2026-10-05T14:19:36.287835178Z","Action":"pass","Package":"go.temporal.io/server/tools/gomad3/internal/compatibilitypack","Test":"TestEvaluateMatchingPackDecisions/replacement-drift","Elapsed":0}
{"Time":"2026-10-05T14:19:36.287858678Z","Action":"run","Package":"go.temporal.io/server/tools/gomad3/internal/compatibilitypack","Test":"TestEvaluateMatchingPackDecisions/local-replacement"}
{"Time":"2026-10-05T14:19:36.287880594Z","Action":"output","Package":"go.temporal.io/server/tools/gomad3/internal/compatibilitypack","Test":"TestEvaluateMatchingPackDecisions/local-replacement","Output":"=== RUN   TestEvaluateMatchingPackDecisions/local-replacement\n","OutputType":"frame"}
{"Time":"2026-10-05T14:19:36.287895636Z","Action":"output","Package":"go.temporal.io/server/tools/gomad3/internal/compatibilitypack","Test":"TestEvaluateMatchingPackDecisions/local-replacement","Output":"    policy_exhaustive_test.go:75: decision=compatibility.Decision{Allowed:false, Disposition:\"denied\", Remediation:\"add_adapter\", PackID:\"\"} bytes=\"{\\\"allowed\\\":false,\\\"disposition\\\":\\\"denied\\\",\\\"remediation\\\":\\\"add_adapter\\\"}\"\n"}
{"Time":"2026-10-05T14:19:36.287910886Z","Action":"output","Package":"go.temporal.io/server/tools/gomad3/internal/compatibilitypack","Test":"TestEvaluateMatchingPackDecisions/local-replacement","Output":"--- PASS: TestEvaluateMatchingPackDecisions/local-replacement (0.00s)\n","OutputType":"frame"}
{"Time":"2026-10-05T14:19:36.287925428Z","Action":"pass","Package":"go.temporal.io/server/tools/gomad3/internal/compatibilitypack","Test":"TestEvaluateMatchingPackDecisions/local-replacement","Elapsed":0}
{"Time":"2026-10-05T14:19:36.287939553Z","Action":"run","Package":"go.temporal.io/server/tools/gomad3/internal/compatibilitypack","Test":"TestEvaluateMatchingPackDecisions/missing-module"}
{"Time":"2026-10-05T14:19:36.287954594Z","Action":"output","Package":"go.temporal.io/server/tools/gomad3/internal/compatibilitypack","Test":"TestEvaluateMatchingPackDecisions/missing-module","Output":"=== RUN   TestEvaluateMatchingPackDecisions/missing-module\n","OutputType":"frame"}
{"Time":"2026-10-05T14:19:36.287979428Z","Action":"output","Package":"go.temporal.io/server/tools/gomad3/internal/compatibilitypack","Test":"TestEvaluateMatchingPackDecisions/missing-module","Output":"    policy_exhaustive_test.go:75: decision=compatibility.Decision{Allowed:false, Disposition:\"denied\", Remediation:\"model_operation\", PackID:\"\"} bytes=\"{\\\"allowed\\\":false,\\\"disposition\\\":\\\"denied\\\",\\\"remediation\\\":\\\"model_operation\\\"}\"\n"}
{"Time":"2026-10-05T14:19:36.288002386Z","Action":"output","Package":"go.temporal.io/server/tools/gomad3/internal/compatibilitypack","Test":"TestEvaluateMatchingPackDecisions/missing-module","Output":"--- PASS: TestEvaluateMatchingPackDecisions/missing-module (0.00s)\n","OutputType":"frame"}
{"Time":"2026-10-05T14:19:36.288015136Z","Action":"pass","Package":"go.temporal.io/server/tools/gomad3/internal/compatibilitypack","Test":"TestEvaluateMatchingPackDecisions/missing-module","Elapsed":0}
{"Time":"2026-10-05T14:19:36.288022803Z","Action":"run","Package":"go.temporal.io/server/tools/gomad3/internal/compatibilitypack","Test":"TestEvaluateMatchingPackDecisions/linkname-missing-module"}
{"Time":"2026-10-05T14:19:36.288033344Z","Action":"output","Package":"go.temporal.io/server/tools/gomad3/internal/compatibilitypack","Test":"TestEvaluateMatchingPackDecisions/linkname-missing-module","Output":"=== RUN   TestEvaluateMatchingPackDecisions/linkname-missing-module\n","OutputType":"frame"}
{"Time":"2026-10-05T14:19:36.288048678Z","Action":"output","Package":"go.temporal.io/server/tools/gomad3/internal/compatibilitypack","Test":"TestEvaluateMatchingPackDecisions/linkname-missing-module","Output":"    policy_exhaustive_test.go:75: decision=compatibility.Decision{Allowed:false, Disposition:\"denied\", Remediation:\"remain_unsupported\", PackID:\"\"} bytes=\"{\\\"allowed\\\":false,\\\"disposition\\\":\\\"denied\\\",\\\"remediation\\\":\\\"remain_unsupported\\\"}\"\n"}
{"Time":"2026-10-05T14:19:36.288064094Z","Action":"output","Package":"go.temporal.io/server/tools/gomad3/internal/compatibilitypack","Test":"TestEvaluateMatchingPackDecisions/linkname-missing-module","Output":"--- PASS: TestEvaluateMatchingPackDecisions/linkname-missing-module (0.00s)\n","OutputType":"frame"}
{"Time":"2026-10-05T14:19:36.288091469Z","Action":"pass","Package":"go.temporal.io/server/tools/gomad3/internal/compatibilitypack","Test":"TestEvaluateMatchingPackDecisions/linkname-missing-module","Elapsed":0}
{"Time":"2026-10-05T14:19:36.288113886Z","Action":"run","Package":"go.temporal.io/server/tools/gomad3/internal/compatibilitypack","Test":"TestEvaluateMatchingPackDecisions/source-set-drift"}
{"Time":"2026-10-05T14:19:36.288129386Z","Action":"output","Package":"go.temporal.io/server/tools/gomad3/internal/compatibilitypack","Test":"TestEvaluateMatchingPackDecisions/source-set-drift","Output":"=== RUN   TestEvaluateMatchingPackDecisions/source-set-drift\n","OutputType":"frame"}
{"Time":"2026-10-05T14:19:36.288138178Z","Action":"output","Package":"go.temporal.io/server/tools/gomad3/internal/compatibilitypack","Test":"TestEvaluateMatchingPackDecisions/source-set-drift","Output":"    policy_exhaustive_test.go:75: decision=compatibility.Decision{Allowed:false, Disposition:\"denied\", Remediation:\"add_exact_pack\", PackID:\"\"} bytes=\"{\\\"allowed\\\":false,\\\"disposition\\\":\\\"denied\\\",\\\"remediation\\\":\\\"add_exact_pack\\\"}\"\n"}
{"Time":"2026-10-05T14:19:36.288147386Z","Action":"output","Package":"go.temporal.io/server/tools/gomad3/internal/compatibilitypack","Test":"TestEvaluateMatchingPackDecisions/source-set-drift","Output":"--- PASS: TestEvaluateMatchingPackDecisions/source-set-drift (0.00s)\n","OutputType":"frame"}
{"Time":"2026-10-05T14:19:36.288161636Z","Action":"pass","Package":"go.temporal.io/server/tools/gomad3/internal/compatibilitypack","Test":"TestEvaluateMatchingPackDecisions/source-set-drift","Elapsed":0}
{"Time":"2026-10-05T14:19:36.288170344Z","Action":"run","Package":"go.temporal.io/server/tools/gomad3/internal/compatibilitypack","Test":"TestEvaluateMatchingPackDecisions/source-name-drift"}
{"Time":"2026-10-05T14:19:36.288192469Z","Action":"output","Package":"go.temporal.io/server/tools/gomad3/internal/compatibilitypack","Test":"TestEvaluateMatchingPackDecisions/source-name-drift","Output":"=== RUN   TestEvaluateMatchingPackDecisions/source-name-drift\n","OutputType":"frame"}
{"Time":"2026-10-05T14:19:36.288202053Z","Action":"output","Package":"go.temporal.io/server/tools/gomad3/internal/compatibilitypack","Test":"TestEvaluateMatchingPackDecisions/source-name-drift","Output":"    policy_exhaustive_test.go:75: decision=compatibility.Decision{Allowed:false, Disposition:\"denied\", Remediation:\"add_exact_pack\", PackID:\"\"} bytes=\"{\\\"allowed\\\":false,\\\"disposition\\\":\\\"denied\\\",\\\"remediation\\\":\\\"add_exact_pack\\\"}\"\n"}
{"Time":"2026-10-05T14:19:36.288223469Z","Action":"output","Package":"go.temporal.io/server/tools/gomad3/internal/compatibilitypack","Test":"TestEvaluateMatchingPackDecisions/source-name-drift","Output":"--- PASS: TestEvaluateMatchingPackDecisions/source-name-drift (0.00s)\n","OutputType":"frame"}
{"Time":"2026-10-05T14:19:36.288244803Z","Action":"pass","Package":"go.temporal.io/server/tools/gomad3/internal/compatibilitypack","Test":"TestEvaluateMatchingPackDecisions/source-name-drift","Elapsed":0}
{"Time":"2026-10-05T14:19:36.288256136Z","Action":"run","Package":"go.temporal.io/server/tools/gomad3/internal/compatibilitypack","Test":"TestEvaluateMatchingPackDecisions/source-hash-drift"}
{"Time":"2026-10-05T14:19:36.288268053Z","Action":"output","Package":"go.temporal.io/server/tools/gomad3/internal/compatibilitypack","Test":"TestEvaluateMatchingPackDecisions/source-hash-drift","Output":"=== RUN   TestEvaluateMatchingPackDecisions/source-hash-drift\n","OutputType":"frame"}
{"Time":"2026-10-05T14:19:36.288282511Z","Action":"output","Package":"go.temporal.io/server/tools/gomad3/internal/compatibilitypack","Test":"TestEvaluateMatchingPackDecisions/source-hash-drift","Output":"    policy_exhaustive_test.go:75: decision=compatibility.Decision{Allowed:false, Disposition:\"denied\", Remediation:\"add_exact_pack\", PackID:\"\"} bytes=\"{\\\"allowed\\\":false,\\\"disposition\\\":\\\"denied\\\",\\\"remediation\\\":\\\"add_exact_pack\\\"}\"\n"}
{"Time":"2026-10-05T14:19:36.288294928Z","Action":"output","Package":"go.temporal.io/server/tools/gomad3/internal/compatibilitypack","Test":"TestEvaluateMatchingPackDecisions/source-hash-drift","Output":"--- PASS: TestEvaluateMatchingPackDecisions/source-hash-drift (0.00s)\n","OutputType":"frame"}
{"Time":"2026-10-05T14:19:36.288304053Z","Action":"pass","Package":"go.temporal.io/server/tools/gomad3/internal/compatibilitypack","Test":"TestEvaluateMatchingPackDecisions/source-hash-drift","Elapsed":0}
{"Time":"2026-10-05T14:19:36.288317553Z","Action":"run","Package":"go.temporal.io/server/tools/gomad3/internal/compatibilitypack","Test":"TestEvaluateMatchingPackDecisions/source-nil-inventory"}
{"Time":"2026-10-05T14:19:36.288333428Z","Action":"output","Package":"go.temporal.io/server/tools/gomad3/internal/compatibilitypack","Test":"TestEvaluateMatchingPackDecisions/source-nil-inventory","Output":"=== RUN   TestEvaluateMatchingPackDecisions/source-nil-inventory\n","OutputType":"frame"}
{"Time":"2026-10-05T14:19:36.288349511Z","Action":"output","Package":"go.temporal.io/server/tools/gomad3/internal/compatibilitypack","Test":"TestEvaluateMatchingPackDecisions/source-nil-inventory","Output":"    policy_exhaustive_test.go:75: decision=compatibility.Decision{Allowed:false, Disposition:\"denied\", Remediation:\"add_exact_pack\", PackID:\"\"} bytes=\"{\\\"allowed\\\":false,\\\"disposition\\\":\\\"denied\\\",\\\"remediation\\\":\\\"add_exact_pack\\\"}\"\n"}
{"Time":"2026-10-05T14:19:36.288358178Z","Action":"output","Package":"go.temporal.io/server/tools/gomad3/internal/compatibilitypack","Test":"TestEvaluateMatchingPackDecisions/source-nil-inventory","Output":"--- PASS: TestEvaluateMatchingPackDecisions/source-nil-inventory (0.00s)\n","OutputType":"frame"}
{"Time":"2026-10-05T14:19:36.288375636Z","Action":"pass","Package":"go.temporal.io/server/tools/gomad3/internal/compatibilitypack","Test":"TestEvaluateMatchingPackDecisions/source-nil-inventory","Elapsed":0}
{"Time":"2026-10-05T14:19:36.288385469Z","Action":"run","Package":"go.temporal.io/server/tools/gomad3/internal/compatibilitypack","Test":"TestEvaluateMatchingPackDecisions/source-empty-inventory"}
{"Time":"2026-10-05T14:19:36.288399719Z","Action":"output","Package":"go.temporal.io/server/tools/gomad3/internal/compatibilitypack","Test":"TestEvaluateMatchingPackDecisions/source-empty-inventory","Output":"=== RUN   TestEvaluateMatchingPackDecisions/source-empty-inventory\n","OutputType":"frame"}
{"Time":"2026-10-05T14:19:36.288412886Z","Action":"output","Package":"go.temporal.io/server/tools/gomad3/internal/compatibilitypack","Test":"TestEvaluateMatchingPackDecisions/source-empty-inventory","Output":"    policy_exhaustive_test.go:75: decision=compatibility.Decision{Allowed:false, Disposition:\"denied\", Remediation:\"add_exact_pack\", PackID:\"\"} bytes=\"{\\\"allowed\\\":false,\\\"disposition\\\":\\\"denied\\\",\\\"remediation\\\":\\\"add_exact_pack\\\"}\"\n"}
{"Time":"2026-10-05T14:19:36.288423011Z","Action":"output","Package":"go.temporal.io/server/tools/gomad3/internal/compatibilitypack","Test":"TestEvaluateMatchingPackDecisions/source-empty-inventory","Output":"--- PASS: TestEvaluateMatchingPackDecisions/source-empty-inventory (0.00s)\n","OutputType":"frame"}
{"Time":"2026-10-05T14:19:36.288437594Z","Action":"pass","Package":"go.temporal.io/server/tools/gomad3/internal/compatibilitypack","Test":"TestEvaluateMatchingPackDecisions/source-empty-inventory","Elapsed":0}
{"Time":"2026-10-05T14:19:36.288453386Z","Action":"run","Package":"go.temporal.io/server/tools/gomad3/internal/compatibilitypack","Test":"TestEvaluateMatchingPackDecisions/source-extra-inventory"}
{"Time":"2026-10-05T14:19:36.288467719Z","Action":"output","Package":"go.temporal.io/server/tools/gomad3/internal/compatibilitypack","Test":"TestEvaluateMatchingPackDecisions/source-extra-inventory","Output":"=== RUN   TestEvaluateMatchingPackDecisions/source-extra-inventory\n","OutputType":"frame"}
{"Time":"2026-10-05T14:19:36.288481719Z","Action":"output","Package":"go.temporal.io/server/tools/gomad3/internal/compatibilitypack","Test":"TestEvaluateMatchingPackDecisions/source-extra-inventory","Output":"    policy_exhaustive_test.go:75: decision=compatibility.Decision{Allowed:false, Disposition:\"denied\", Remediation:\"add_exact_pack\", PackID:\"\"} bytes=\"{\\\"allowed\\\":false,\\\"disposition\\\":\\\"denied\\\",\\\"remediation\\\":\\\"add_exact_pack\\\"}\"\n"}
{"Time":"2026-10-05T14:19:36.288495136Z","Action":"output","Package":"go.temporal.io/server/tools/gomad3/internal/compatibilitypack","Test":"TestEvaluateMatchingPackDecisions/source-extra-inventory","Output":"--- PASS: TestEvaluateMatchingPackDecisions/source-extra-inventory (0.00s)\n","OutputType":"frame"}
{"Time":"2026-10-05T14:19:36.288504136Z","Action":"pass","Package":"go.temporal.io/server/tools/gomad3/internal/compatibilitypack","Test":"TestEvaluateMatchingPackDecisions/source-extra-inventory","Elapsed":0}
{"Time":"2026-10-05T14:19:36.288513219Z","Action":"run","Package":"go.temporal.io/server/tools/gomad3/internal/compatibilitypack","Test":"TestEvaluateMatchingPackDecisions/foreign-source-drift"}
{"Time":"2026-10-05T14:19:36.288522594Z","Action":"output","Package":"go.temporal.io/server/tools/gomad3/internal/compatibilitypack","Test":"TestEvaluateMatchingPackDecisions/foreign-source-drift","Output":"=== RUN   TestEvaluateMatchingPackDecisions/foreign-source-drift\n","OutputType":"frame"}
{"Time":"2026-10-05T14:19:36.288531469Z","Action":"output","Package":"go.temporal.io/server/tools/gomad3/internal/compatibilitypack","Test":"TestEvaluateMatchingPackDecisions/foreign-source-drift","Output":"    policy_exhaustive_test.go:75: decision=compatibility.Decision{Allowed:false, Disposition:\"denied\", Remediation:\"add_exact_pack\", PackID:\"\"} bytes=\"{\\\"allowed\\\":false,\\\"disposition\\\":\\\"denied\\\",\\\"remediation\\\":\\\"add_exact_pack\\\"}\"\n"}
{"Time":"2026-10-05T14:19:36.288550678Z","Action":"output","Package":"go.temporal.io/server/tools/gomad3/internal/compatibilitypack","Test":"TestEvaluateMatchingPackDecisions/foreign-source-drift","Output":"--- PASS: TestEvaluateMatchingPackDecisions/foreign-source-drift (0.00s)\n","OutputType":"frame"}
{"Time":"2026-10-05T14:19:36.288563886Z","Action":"pass","Package":"go.temporal.io/server/tools/gomad3/internal/compatibilitypack","Test":"TestEvaluateMatchingPackDecisions/foreign-source-drift","Elapsed":0}
{"Time":"2026-10-05T14:19:36.288577969Z","Action":"run","Package":"go.temporal.io/server/tools/gomad3/internal/compatibilitypack","Test":"TestEvaluateMatchingPackDecisions/nil-empty-foreign-equivalence"}
{"Time":"2026-10-05T14:19:36.288591886Z","Action":"output","Package":"go.temporal.io/server/tools/gomad3/internal/compatibilitypack","Test":"TestEvaluateMatchingPackDecisions/nil-empty-foreign-equivalence","Output":"=== RUN   TestEvaluateMatchingPackDecisions/nil-empty-foreign-equivalence\n","OutputType":"frame"}
{"Time":"2026-10-05T14:19:36.288605719Z","Action":"output","Package":"go.temporal.io/server/tools/gomad3/internal/compatibilitypack","Test":"TestEvaluateMatchingPackDecisions/nil-empty-foreign-equivalence","Output":"    policy_exhaustive_test.go:75: decision=compatibility.Decision{Allowed:true, Disposition:\"allowed_by_exact_pack\", Remediation:\"\", PackID:\"example-pack\"} bytes=\"{\\\"allowed\\\":true,\\\"disposition\\\":\\\"allowed_by_exact_pack\\\",\\\"pack_id\\\":\\\"example-pack\\\"}\"\n"}
{"Time":"2026-10-05T14:19:36.288614553Z","Action":"output","Package":"go.temporal.io/server/tools/gomad3/internal/compatibilitypack","Test":"TestEvaluateMatchingPackDecisions/nil-empty-foreign-equivalence","Output":"--- PASS: TestEvaluateMatchingPackDecisions/nil-empty-foreign-equivalence (0.00s)\n","OutputType":"frame"}
{"Time":"2026-10-05T14:19:36.288623136Z","Action":"pass","Package":"go.temporal.io/server/tools/gomad3/internal/compatibilitypack","Test":"TestEvaluateMatchingPackDecisions/nil-empty-foreign-equivalence","Elapsed":0}
{"Time":"2026-10-05T14:19:36.288631303Z","Action":"output","Package":"go.temporal.io/server/tools/gomad3/internal/compatibilitypack","Test":"TestEvaluateMatchingPackDecisions","Output":"--- PASS: TestEvaluateMatchingPackDecisions (0.00s)\n","OutputType":"frame"}
{"Time":"2026-10-05T14:19:36.288638928Z","Action":"pass","Package":"go.temporal.io/server/tools/gomad3/internal/compatibilitypack","Test":"TestEvaluateMatchingPackDecisions","Elapsed":0}
{"Time":"2026-10-05T14:19:36.288648803Z","Action":"run","Package":"go.temporal.io/server/tools/gomad3/internal/compatibilitypack","Test":"TestEvaluateHostImportDecisions"}
{"Time":"2026-10-05T14:19:36.288668761Z","Action":"output","Package":"go.temporal.io/server/tools/gomad3/internal/compatibilitypack","Test":"TestEvaluateHostImportDecisions","Output":"=== RUN   TestEvaluateHostImportDecisions\n","OutputType":"frame"}
{"Time":"2026-10-05T14:19:36.288691219Z","Action":"run","Package":"go.temporal.io/server/tools/gomad3/internal/compatibilitypack","Test":"TestEvaluateHostImportDecisions/import:os/exec"}
{"Time":"2026-10-05T14:19:36.288704719Z","Action":"output","Package":"go.temporal.io/server/tools/gomad3/internal/compatibilitypack","Test":"TestEvaluateHostImportDecisions/import:os/exec","Output":"=== RUN   TestEvaluateHostImportDecisions/import:os/exec\n","OutputType":"frame"}
{"Time":"2026-10-05T14:19:36.288715928Z","Action":"output","Package":"go.temporal.io/server/tools/gomad3/internal/compatibilitypack","Test":"TestEvaluateHostImportDecisions/import:os/exec","Output":"    policy_exhaustive_test.go:93: decision=compatibility.Decision{Allowed:false, Disposition:\"denied\", Remediation:\"remain_unsupported\", PackID:\"\"} bytes=\"{\\\"allowed\\\":false,\\\"disposition\\\":\\\"denied\\\",\\\"remediation\\\":\\\"remain_unsupported\\\"}\"\n"}
{"Time":"2026-10-05T14:19:36.288729386Z","Action":"output","Package":"go.temporal.io/server/tools/gomad3/internal/compatibilitypack","Test":"TestEvaluateHostImportDecisions/import:os/exec","Output":"--- PASS: TestEvaluateHostImportDecisions/import:os/exec (0.00s)\n","OutputType":"frame"}
{"Time":"2026-10-05T14:19:36.288741011Z","Action":"pass","Package":"go.temporal.io/server/tools/gomad3/internal/compatibilitypack","Test":"TestEvaluateHostImportDecisions/import:os/exec","Elapsed":0}
{"Time":"2026-10-05T14:19:36.288748428Z","Action":"run","Package":"go.temporal.io/server/tools/gomad3/internal/compatibilitypack","Test":"TestEvaluateHostImportDecisions/import:os/signal"}
{"Time":"2026-10-05T14:19:36.288756261Z","Action":"output","Package":"go.temporal.io/server/tools/gomad3/internal/compatibilitypack","Test":"TestEvaluateHostImportDecisions/import:os/signal","Output":"=== RUN   TestEvaluateHostImportDecisions/import:os/signal\n","OutputType":"frame"}
{"Time":"2026-10-05T14:19:36.288765511Z","Action":"output","Package":"go.temporal.io/server/tools/gomad3/internal/compatibilitypack","Test":"TestEvaluateHostImportDecisions/import:os/signal","Output":"    policy_exhaustive_test.go:93: decision=compatibility.Decision{Allowed:false, Disposition:\"denied\", Remediation:\"remain_unsupported\", PackID:\"\"} bytes=\"{\\\"allowed\\\":false,\\\"disposition\\\":\\\"denied\\\",\\\"remediation\\\":\\\"remain_unsupported\\\"}\"\n"}
{"Time":"2026-10-05T14:19:36.288786053Z","Action":"output","Package":"go.temporal.io/server/tools/gomad3/internal/compatibilitypack","Test":"TestEvaluateHostImportDecisions/import:os/signal","Output":"--- PASS: TestEvaluateHostImportDecisions/import:os/signal (0.00s)\n","OutputType":"frame"}
{"Time":"2026-10-05T14:19:36.288808219Z","Action":"pass","Package":"go.temporal.io/server/tools/gomad3/internal/compatibilitypack","Test":"TestEvaluateHostImportDecisions/import:os/signal","Elapsed":0}
{"Time":"2026-10-05T14:19:36.288822928Z","Action":"run","Package":"go.temporal.io/server/tools/gomad3/internal/compatibilitypack","Test":"TestEvaluateHostImportDecisions/import:os/user"}
{"Time":"2026-10-05T14:19:36.288838011Z","Action":"output","Package":"go.temporal.io/server/tools/gomad3/internal/compatibilitypack","Test":"TestEvaluateHostImportDecisions/import:os/user","Output":"=== RUN   TestEvaluateHostImportDecisions/import:os/user\n","OutputType":"frame"}
{"Time":"2026-10-05T14:19:36.288848719Z","Action":"output","Package":"go.temporal.io/server/tools/gomad3/internal/compatibilitypack","Test":"TestEvaluateHostImportDecisions/import:os/user","Output":"    policy_exhaustive_test.go:93: decision=compatibility.Decision{Allowed:false, Disposition:\"denied\", Remediation:\"remain_unsupported\", PackID:\"\"} bytes=\"{\\\"allowed\\\":false,\\\"disposition\\\":\\\"denied\\\",\\\"remediation\\\":\\\"remain_unsupported\\\"}\"\n"}
{"Time":"2026-10-05T14:19:36.288858803Z","Action":"output","Package":"go.temporal.io/server/tools/gomad3/internal/compatibilitypack","Test":"TestEvaluateHostImportDecisions/import:os/user","Output":"--- PASS: TestEvaluateHostImportDecisions/import:os/user (0.00s)\n","OutputType":"frame"}
{"Time":"2026-10-05T14:19:36.288868219Z","Action":"pass","Package":"go.temporal.io/server/tools/gomad3/internal/compatibilitypack","Test":"TestEvaluateHostImportDecisions/import:os/user","Elapsed":0}
{"Time":"2026-10-05T14:19:36.288876469Z","Action":"run","Package":"go.temporal.io/server/tools/gomad3/internal/compatibilitypack","Test":"TestEvaluateHostImportDecisions/import:plugin"}
{"Time":"2026-10-05T14:19:36.288886553Z","Action":"output","Package":"go.temporal.io/server/tools/gomad3/internal/compatibilitypack","Test":"TestEvaluateHostImportDecisions/import:plugin","Output":"=== RUN   TestEvaluateHostImportDecisions/import:plugin\n","OutputType":"frame"}
{"Time":"2026-10-05T14:19:36.288896761Z","Action":"output","Package":"go.temporal.io/server/tools/gomad3/internal/compatibilitypack","Test":"TestEvaluateHostImportDecisions/import:plugin","Output":"    policy_exhaustive_test.go:93: decision=compatibility.Decision{Allowed:false, Disposition:\"denied\", Remediation:\"remain_unsupported\", PackID:\"\"} bytes=\"{\\\"allowed\\\":false,\\\"disposition\\\":\\\"denied\\\",\\\"remediation\\\":\\\"remain_unsupported\\\"}\"\n"}
{"Time":"2026-10-05T14:19:36.288918219Z","Action":"output","Package":"go.temporal.io/server/tools/gomad3/internal/compatibilitypack","Test":"TestEvaluateHostImportDecisions/import:plugin","Output":"    policy_exhaustive_test.go:98: loader_error=\u003cnil\u003e\n"}
{"Time":"2026-10-05T14:19:36.288933386Z","Action":"output","Package":"go.temporal.io/server/tools/gomad3/internal/compatibilitypack","Test":"TestEvaluateHostImportDecisions/import:plugin","Output":"    policy_exhaustive_test.go:104: decision=compatibility.Decision{Allowed:true, Disposition:\"allowed_by_exact_pack\", Remediation:\"\", PackID:\"example-pack\"} bytes=\"{\\\"allowed\\\":true,\\\"disposition\\\":\\\"allowed_by_exact_pack\\\",\\\"pack_id\\\":\\\"example-pack\\\"}\"\n"}
{"Time":"2026-10-05T14:19:36.288952678Z","Action":"output","Package":"go.temporal.io/server/tools/gomad3/internal/compatibilitypack","Test":"TestEvaluateHostImportDecisions/import:plugin","Output":"--- PASS: TestEvaluateHostImportDecisions/import:plugin (0.00s)\n","OutputType":"frame"}
{"Time":"2026-10-05T14:19:36.288963219Z","Action":"pass","Package":"go.temporal.io/server/tools/gomad3/internal/compatibilitypack","Test":"TestEvaluateHostImportDecisions/import:plugin","Elapsed":0}
{"Time":"2026-10-05T14:19:36.288971178Z","Action":"run","Package":"go.temporal.io/server/tools/gomad3/internal/compatibilitypack","Test":"TestEvaluateHostImportDecisions/import:runtime/cgo"}
{"Time":"2026-10-05T14:19:36.288980803Z","Action":"output","Package":"go.temporal.io/server/tools/gomad3/internal/compatibilitypack","Test":"TestEvaluateHostImportDecisions/import:runtime/cgo","Output":"=== RUN   TestEvaluateHostImportDecisions/import:runtime/cgo\n","OutputType":"frame"}
{"Time":"2026-10-05T14:19:36.288990719Z","Action":"output","Package":"go.temporal.io/server/tools/gomad3/internal/compatibilitypack","Test":"TestEvaluateHostImportDecisions/import:runtime/cgo","Output":"    policy_exhaustive_test.go:93: decision=compatibility.Decision{Allowed:false, Disposition:\"denied\", Remediation:\"remain_unsupported\", PackID:\"\"} bytes=\"{\\\"allowed\\\":false,\\\"disposition\\\":\\\"denied\\\",\\\"remediation\\\":\\\"remain_unsupported\\\"}\"\n"}
{"Time":"2026-10-05T14:19:36.289016678Z","Action":"output","Package":"go.temporal.io/server/tools/gomad3/internal/compatibilitypack","Test":"TestEvaluateHostImportDecisions/import:runtime/cgo","Output":"    policy_exhaustive_test.go:98: loader_error=\u003cnil\u003e\n"}
{"Time":"2026-10-05T14:19:36.289040303Z","Action":"output","Package":"go.temporal.io/server/tools/gomad3/internal/compatibilitypack","Test":"TestEvaluateHostImportDecisions/import:runtime/cgo","Output":"    policy_exhaustive_test.go:104: decision=compatibility.Decision{Allowed:true, Disposition:\"allowed_by_exact_pack\", Remediation:\"\", PackID:\"example-pack\"} bytes=\"{\\\"allowed\\\":true,\\\"disposition\\\":\\\"allowed_by_exact_pack\\\",\\\"pack_id\\\":\\\"example-pack\\\"}\"\n"}
{"Time":"2026-10-05T14:19:36.289055344Z","Action":"output","Package":"go.temporal.io/server/tools/gomad3/internal/compatibilitypack","Test":"TestEvaluateHostImportDecisions/import:runtime/cgo","Output":"--- PASS: TestEvaluateHostImportDecisions/import:runtime/cgo (0.00s)\n","OutputType":"frame"}
{"Time":"2026-10-05T14:19:36.289073053Z","Action":"pass","Package":"go.temporal.io/server/tools/gomad3/internal/compatibilitypack","Test":"TestEvaluateHostImportDecisions/import:runtime/cgo","Elapsed":0}
{"Time":"2026-10-05T14:19:36.289087094Z","Action":"output","Package":"go.temporal.io/server/tools/gomad3/internal/compatibilitypack","Test":"TestEvaluateHostImportDecisions","Output":"--- PASS: TestEvaluateHostImportDecisions (0.00s)\n","OutputType":"frame"}
{"Time":"2026-10-05T14:19:36.289096553Z","Action":"pass","Package":"go.temporal.io/server/tools/gomad3/internal/compatibilitypack","Test":"TestEvaluateHostImportDecisions","Elapsed":0}
{"Time":"2026-10-05T14:19:36.289106428Z","Action":"run","Package":"go.temporal.io/server/tools/gomad3/internal/compatibilitypack","Test":"TestEvaluateNilAndEmptySelections"}
{"Time":"2026-10-05T14:19:36.289118303Z","Action":"output","Package":"go.temporal.io/server/tools/gomad3/internal/compatibilitypack","Test":"TestEvaluateNilAndEmptySelections","Output":"=== RUN   TestEvaluateNilAndEmptySelections\n","OutputType":"frame"}
{"Time":"2026-10-05T14:19:36.289139594Z","Action":"run","Package":"go.temporal.io/server/tools/gomad3/internal/compatibilitypack","Test":"TestEvaluateNilAndEmptySelections/nil"}
{"Time":"2026-10-05T14:19:36.289164719Z","Action":"output","Package":"go.temporal.io/server/tools/gomad3/internal/compatibilitypack","Test":"TestEvaluateNilAndEmptySelections/nil","Output":"=== RUN   TestEvaluateNilAndEmptySelections/nil\n","OutputType":"frame"}
{"Time":"2026-10-05T14:19:36.289174219Z","Action":"run","Package":"go.temporal.io/server/tools/gomad3/internal/compatibilitypack","Test":"TestEvaluateNilAndEmptySelections/nil/capability"}
{"Time":"2026-10-05T14:19:36.289183928Z","Action":"output","Package":"go.temporal.io/server/tools/gomad3/internal/compatibilitypack","Test":"TestEvaluateNilAndEmptySelections/nil/capability","Output":"=== RUN   TestEvaluateNilAndEmptySelections/nil/capability\n","OutputType":"frame"}
{"Time":"2026-10-05T14:19:36.289195844Z","Action":"output","Package":"go.temporal.io/server/tools/gomad3/internal/compatibilitypack","Test":"TestEvaluateNilAndEmptySelections/nil/capability","Output":"    policy_exhaustive_test.go:144: decision=compatibility.Decision{Allowed:false, Disposition:\"denied\", Remediation:\"add_exact_pack\", PackID:\"\"} bytes=\"{\\\"allowed\\\":false,\\\"disposition\\\":\\\"denied\\\",\\\"remediation\\\":\\\"add_exact_pack\\\"}\"\n"}
{"Time":"2026-10-05T14:19:36.289205261Z","Action":"output","Package":"go.temporal.io/server/tools/gomad3/internal/compatibilitypack","Test":"TestEvaluateNilAndEmptySelections/nil/capability","Output":"--- PASS: TestEvaluateNilAndEmptySelections/nil/capability (0.00s)\n","OutputType":"frame"}
{"Time":"2026-10-05T14:19:36.289213761Z","Action":"pass","Package":"go.temporal.io/server/tools/gomad3/internal/compatibilitypack","Test":"TestEvaluateNilAndEmptySelections/nil/capability","Elapsed":0}
{"Time":"2026-10-05T14:19:36.289221636Z","Action":"run","Package":"go.temporal.io/server/tools/gomad3/internal/compatibilitypack","Test":"TestEvaluateNilAndEmptySelections/nil/linkname"}
{"Time":"2026-10-05T14:19:36.289229844Z","Action":"output","Package":"go.temporal.io/server/tools/gomad3/internal/compatibilitypack","Test":"TestEvaluateNilAndEmptySelections/nil/linkname","Output":"=== RUN   TestEvaluateNilAndEmptySelections/nil/linkname\n","OutputType":"frame"}
{"Time":"2026-10-05T14:19:36.289243428Z","Action":"output","Package":"go.temporal.io/server/tools/gomad3/internal/compatibilitypack","Test":"TestEvaluateNilAndEmptySelections/nil/linkname","Output":"    policy_exhaustive_test.go:144: decision=compatibility.Decision{Allowed:false, Disposition:\"denied\", Remediation:\"add_exact_pack\", PackID:\"\"} bytes=\"{\\\"allowed\\\":false,\\\"disposition\\\":\\\"denied\\\",\\\"remediation\\\":\\\"add_exact_pack\\\"}\"\n"}
{"Time":"2026-10-05T14:19:36.289253094Z","Action":"output","Package":"go.temporal.io/server/tools/gomad3/internal/compatibilitypack","Test":"TestEvaluateNilAndEmptySelections/nil/linkname","Output":"--- PASS: TestEvaluateNilAndEmptySelections/nil/linkname (0.00s)\n","OutputType":"frame"}
{"Time":"2026-10-05T14:19:36.289267761Z","Action":"pass","Package":"go.temporal.io/server/tools/gomad3/internal/compatibilitypack","Test":"TestEvaluateNilAndEmptySelections/nil/linkname","Elapsed":0}
{"Time":"2026-10-05T14:19:36.289282053Z","Action":"run","Package":"go.temporal.io/server/tools/gomad3/internal/compatibilitypack","Test":"TestEvaluateNilAndEmptySelections/nil/malformed_linkname"}
{"Time":"2026-10-05T14:19:36.289290594Z","Action":"output","Package":"go.temporal.io/server/tools/gomad3/internal/compatibilitypack","Test":"TestEvaluateNilAndEmptySelections/nil/malformed_linkname","Output":"=== RUN   TestEvaluateNilAndEmptySelections/nil/malformed_linkname\n","OutputType":"frame"}
{"Time":"2026-10-05T14:19:36.289308886Z","Action":"output","Package":"go.temporal.io/server/tools/gomad3/internal/compatibilitypack","Test":"TestEvaluateNilAndEmptySelections/nil/malformed_linkname","Output":"    policy_exhaustive_test.go:144: decision=compatibility.Decision{Allowed:false, Disposition:\"denied\", Remediation:\"remain_unsupported\", PackID:\"\"} bytes=\"{\\\"allowed\\\":false,\\\"disposition\\\":\\\"denied\\\",\\\"remediation\\\":\\\"remain_unsupported\\\"}\"\n"}
{"Time":"2026-10-05T14:19:36.289317261Z","Action":"output","Package":"go.temporal.io/server/tools/gomad3/internal/compatibilitypack","Test":"TestEvaluateNilAndEmptySelections/nil/malformed_linkname","Output":"--- PASS: TestEvaluateNilAndEmptySelections/nil/malformed_linkname (0.00s)\n","OutputType":"frame"}
{"Time":"2026-10-05T14:19:36.289325803Z","Action":"pass","Package":"go.temporal.io/server/tools/gomad3/internal/compatibilitypack","Test":"TestEvaluateNilAndEmptySelections/nil/malformed_linkname","Elapsed":0}
{"Time":"2026-10-05T14:19:36.289334803Z","Action":"run","Package":"go.temporal.io/server/tools/gomad3/internal/compatibilitypack","Test":"TestEvaluateNilAndEmptySelections/nil/no_reviewed_go_source"}
{"Time":"2026-10-05T14:19:36.289344511Z","Action":"output","Package":"go.temporal.io/server/tools/gomad3/internal/compatibilitypack","Test":"TestEvaluateNilAndEmptySelections/nil/no_reviewed_go_source","Output":"=== RUN   TestEvaluateNilAndEmptySelections/nil/no_reviewed_go_source\n","OutputType":"frame"}
{"Time":"2026-10-05T14:19:36.289365844Z","Action":"output","Package":"go.temporal.io/server/tools/gomad3/internal/compatibilitypack","Test":"TestEvaluateNilAndEmptySelections/nil/no_reviewed_go_source","Output":"    policy_exhaustive_test.go:144: decision=compatibility.Decision{Allowed:false, Disposition:\"denied\", Remediation:\"remove_dependency\", PackID:\"\"} bytes=\"{\\\"allowed\\\":false,\\\"disposition\\\":\\\"denied\\\",\\\"remediation\\\":\\\"remove_dependency\\\"}\"\n"}
{"Time":"2026-10-05T14:19:36.289388678Z","Action":"output","Package":"go.temporal.io/server/tools/gomad3/internal/compatibilitypack","Test":"TestEvaluateNilAndEmptySelections/nil/no_reviewed_go_source","Output":"--- PASS: TestEvaluateNilAndEmptySelections/nil/no_reviewed_go_source (0.00s)\n","OutputType":"frame"}
{"Time":"2026-10-05T14:19:36.289399803Z","Action":"pass","Package":"go.temporal.io/server/tools/gomad3/internal/compatibilitypack","Test":"TestEvaluateNilAndEmptySelections/nil/no_reviewed_go_source","Elapsed":0}
{"Time":"2026-10-05T14:19:36.289414094Z","Action":"run","Package":"go.temporal.io/server/tools/gomad3/internal/compatibilitypack","Test":"TestEvaluateNilAndEmptySelections/nil/future-kind"}
{"Time":"2026-10-05T14:19:36.289422719Z","Action":"output","Package":"go.temporal.io/server/tools/gomad3/internal/compatibilitypack","Test":"TestEvaluateNilAndEmptySelections/nil/future-kind","Output":"=== RUN   TestEvaluateNilAndEmptySelections/nil/future-kind\n","OutputType":"frame"}
{"Time":"2026-10-05T14:19:36.289432636Z","Action":"output","Package":"go.temporal.io/server/tools/gomad3/internal/compatibilitypack","Test":"TestEvaluateNilAndEmptySelections/nil/future-kind","Output":"    policy_exhaustive_test.go:144: decision=compatibility.Decision{Allowed:false, Disposition:\"denied\", Remediation:\"remain_unsupported\", PackID:\"\"} bytes=\"{\\\"allowed\\\":false,\\\"disposition\\\":\\\"denied\\\",\\\"remediation\\\":\\\"remain_unsupported\\\"}\"\n"}
{"Time":"2026-10-05T14:19:36.289442094Z","Action":"output","Package":"go.temporal.io/server/tools/gomad3/internal/compatibilitypack","Test":"TestEvaluateNilAndEmptySelections/nil/future-kind","Output":"--- PASS: TestEvaluateNilAndEmptySelections/nil/future-kind (0.00s)\n","OutputType":"frame"}
{"Time":"2026-10-05T14:19:36.289449636Z","Action":"pass","Package":"go.temporal.io/server/tools/gomad3/internal/compatibilitypack","Test":"TestEvaluateNilAndEmptySelections/nil/future-kind","Elapsed":0}
{"Time":"2026-10-05T14:19:36.289458303Z","Action":"run","Package":"go.temporal.io/server/tools/gomad3/internal/compatibilitypack","Test":"TestEvaluateNilAndEmptySelections/nil/#00"}
{"Time":"2026-10-05T14:19:36.289488428Z","Action":"output","Package":"go.temporal.io/server/tools/gomad3/internal/compatibilitypack","Test":"TestEvaluateNilAndEmptySelections/nil/#00","Output":"=== RUN   TestEvaluateNilAndEmptySelections/nil/#00\n","OutputType":"frame"}
{"Time":"2026-10-05T14:19:36.289511511Z","Action":"output","Package":"go.temporal.io/server/tools/gomad3/internal/compatibilitypack","Test":"TestEvaluateNilAndEmptySelections/nil/#00","Output":"    policy_exhaustive_test.go:144: decision=compatibility.Decision{Allowed:false, Disposition:\"denied\", Remediation:\"remain_unsupported\", PackID:\"\"} bytes=\"{\\\"allowed\\\":false,\\\"disposition\\\":\\\"denied\\\",\\\"remediation\\\":\\\"remain_unsupported\\\"}\"\n"}
{"Time":"2026-10-05T14:19:36.289526469Z","Action":"output","Package":"go.temporal.io/server/tools/gomad3/internal/compatibilitypack","Test":"TestEvaluateNilAndEmptySelections/nil/#00","Output":"--- PASS: TestEvaluateNilAndEmptySelections/nil/#00 (0.00s)\n","OutputType":"frame"}
{"Time":"2026-10-05T14:19:36.289535928Z","Action":"pass","Package":"go.temporal.io/server/tools/gomad3/internal/compatibilitypack","Test":"TestEvaluateNilAndEmptySelections/nil/#00","Elapsed":0}
{"Time":"2026-10-05T14:19:36.289545803Z","Action":"output","Package":"go.temporal.io/server/tools/gomad3/internal/compatibilitypack","Test":"TestEvaluateNilAndEmptySelections/nil","Output":"--- PASS: TestEvaluateNilAndEmptySelections/nil (0.00s)\n","OutputType":"frame"}
{"Time":"2026-10-05T14:19:36.289553719Z","Action":"pass","Package":"go.temporal.io/server/tools/gomad3/internal/compatibilitypack","Test":"TestEvaluateNilAndEmptySelections/nil","Elapsed":0}
{"Time":"2026-10-05T14:19:36.289561553Z","Action":"run","Package":"go.temporal.io/server/tools/gomad3/internal/compatibilitypack","Test":"TestEvaluateNilAndEmptySelections/empty"}
{"Time":"2026-10-05T14:19:36.289569511Z","Action":"output","Package":"go.temporal.io/server/tools/gomad3/internal/compatibilitypack","Test":"TestEvaluateNilAndEmptySelections/empty","Output":"=== RUN   TestEvaluateNilAndEmptySelections/empty\n","OutputType":"frame"}
{"Time":"2026-10-05T14:19:36.289579761Z","Action":"run","Package":"go.temporal.io/server/tools/gomad3/internal/compatibilitypack","Test":"TestEvaluateNilAndEmptySelections/empty/capability"}
{"Time":"2026-10-05T14:19:36.289588844Z","Action":"output","Package":"go.temporal.io/server/tools/gomad3/internal/compatibilitypack","Test":"TestEvaluateNilAndEmptySelections/empty/capability","Output":"=== RUN   TestEvaluateNilAndEmptySelections/empty/capability\n","OutputType":"frame"}
{"Time":"2026-10-05T14:19:36.289602428Z","Action":"output","Package":"go.temporal.io/server/tools/gomad3/internal/compatibilitypack","Test":"TestEvaluateNilAndEmptySelections/empty/capability","Output":"    policy_exhaustive_test.go:144: decision=compatibility.Decision{Allowed:false, Disposition:\"denied\", Remediation:\"add_exact_pack\", PackID:\"\"} bytes=\"{\\\"allowed\\\":false,\\\"disposition\\\":\\\"denied\\\",\\\"remediation\\\":\\\"add_exact_pack\\\"}\"\n"}
{"Time":"2026-10-05T14:19:36.289618469Z","Action":"output","Package":"go.temporal.io/server/tools/gomad3/internal/compatibilitypack","Test":"TestEvaluateNilAndEmptySelections/empty/capability","Output":"--- PASS: TestEvaluateNilAndEmptySelections/empty/capability (0.00s)\n","OutputType":"frame"}
{"Time":"2026-10-05T14:19:36.289633178Z","Action":"pass","Package":"go.temporal.io/server/tools/gomad3/internal/compatibilitypack","Test":"TestEvaluateNilAndEmptySelections/empty/capability","Elapsed":0}
{"Time":"2026-10-05T14:19:36.289647803Z","Action":"run","Package":"go.temporal.io/server/tools/gomad3/internal/compatibilitypack","Test":"TestEvaluateNilAndEmptySelections/empty/linkname"}
{"Time":"2026-10-05T14:19:36.289657219Z","Action":"output","Package":"go.temporal.io/server/tools/gomad3/internal/compatibilitypack","Test":"TestEvaluateNilAndEmptySelections/empty/linkname","Output":"=== RUN   TestEvaluateNilAndEmptySelections/empty/linkname\n","OutputType":"frame"}
{"Time":"2026-10-05T14:19:36.289679469Z","Action":"output","Package":"go.temporal.io/server/tools/gomad3/internal/compatibilitypack","Test":"TestEvaluateNilAndEmptySelections/empty/linkname","Output":"    policy_exhaustive_test.go:144: decision=compatibility.Decision{Allowed:false, Disposition:\"denied\", Remediation:\"add_exact_pack\", PackID:\"\"} bytes=\"{\\\"allowed\\\":false,\\\"disposition\\\":\\\"denied\\\",\\\"remediation\\\":\\\"add_exact_pack\\\"}\"\n"}
{"Time":"2026-10-05T14:19:36.289689469Z","Action":"output","Package":"go.temporal.io/server/tools/gomad3/internal/compatibilitypack","Test":"TestEvaluateNilAndEmptySelections/empty/linkname","Output":"--- PASS: TestEvaluateNilAndEmptySelections/empty/linkname (0.00s)\n","OutputType":"frame"}
{"Time":"2026-10-05T14:19:36.289699553Z","Action":"pass","Package":"go.temporal.io/server/tools/gomad3/internal/compatibilitypack","Test":"TestEvaluateNilAndEmptySelections/empty/linkname","Elapsed":0}
{"Time":"2026-10-05T14:19:36.289715219Z","Action":"run","Package":"go.temporal.io/server/tools/gomad3/internal/compatibilitypack","Test":"TestEvaluateNilAndEmptySelections/empty/malformed_linkname"}
{"Time":"2026-10-05T14:19:36.289729719Z","Action":"output","Package":"go.temporal.io/server/tools/gomad3/internal/compatibilitypack","Test":"TestEvaluateNilAndEmptySelections/empty/malformed_linkname","Output":"=== RUN   TestEvaluateNilAndEmptySelections/empty/malformed_linkname\n","OutputType":"frame"}
{"Time":"2026-10-05T14:19:36.289745219Z","Action":"output","Package":"go.temporal.io/server/tools/gomad3/internal/compatibilitypack","Test":"TestEvaluateNilAndEmptySelections/empty/malformed_linkname","Output":"    policy_exhaustive_test.go:144: decision=compatibility.Decision{Allowed:false, Disposition:\"denied\", Remediation:\"remain_unsupported\", PackID:\"\"} bytes=\"{\\\"allowed\\\":false,\\\"disposition\\\":\\\"denied\\\",\\\"remediation\\\":\\\"remain_unsupported\\\"}\"\n"}
{"Time":"2026-10-05T14:19:36.289764053Z","Action":"output","Package":"go.temporal.io/server/tools/gomad3/internal/compatibilitypack","Test":"TestEvaluateNilAndEmptySelections/empty/malformed_linkname","Output":"--- PASS: TestEvaluateNilAndEmptySelections/empty/malformed_linkname (0.00s)\n","OutputType":"frame"}
{"Time":"2026-10-05T14:19:36.289772469Z","Action":"pass","Package":"go.temporal.io/server/tools/gomad3/internal/compatibilitypack","Test":"TestEvaluateNilAndEmptySelections/empty/malformed_linkname","Elapsed":0}
{"Time":"2026-10-05T14:19:36.289780303Z","Action":"run","Package":"go.temporal.io/server/tools/gomad3/internal/compatibilitypack","Test":"TestEvaluateNilAndEmptySelections/empty/no_reviewed_go_source"}
{"Time":"2026-10-05T14:19:36.289788428Z","Action":"output","Package":"go.temporal.io/server/tools/gomad3/internal/compatibilitypack","Test":"TestEvaluateNilAndEmptySelections/empty/no_reviewed_go_source","Output":"=== RUN   TestEvaluateNilAndEmptySelections/empty/no_reviewed_go_source\n","OutputType":"frame"}
{"Time":"2026-10-05T14:19:36.289796761Z","Action":"output","Package":"go.temporal.io/server/tools/gomad3/internal/compatibilitypack","Test":"TestEvaluateNilAndEmptySelections/empty/no_reviewed_go_source","Output":"    policy_exhaustive_test.go:144: decision=compatibility.Decision{Allowed:false, Disposition:\"denied\", Remediation:\"remove_dependency\", PackID:\"\"} bytes=\"{\\\"allowed\\\":false,\\\"disposition\\\":\\\"denied\\\",\\\"remediation\\\":\\\"remove_dependency\\\"}\"\n"}
{"Time":"2026-10-05T14:19:36.289805303Z","Action":"output","Package":"go.temporal.io/server/tools/gomad3/internal/compatibilitypack","Test":"TestEvaluateNilAndEmptySelections/empty/no_reviewed_go_source","Output":"--- PASS: TestEvaluateNilAndEmptySelections/empty/no_reviewed_go_source (0.00s)\n","OutputType":"frame"}
{"Time":"2026-10-05T14:19:36.289817803Z","Action":"pass","Package":"go.temporal.io/server/tools/gomad3/internal/compatibilitypack","Test":"TestEvaluateNilAndEmptySelections/empty/no_reviewed_go_source","Elapsed":0}
{"Time":"2026-10-05T14:19:36.289830136Z","Action":"run","Package":"go.temporal.io/server/tools/gomad3/internal/compatibilitypack","Test":"TestEvaluateNilAndEmptySelections/empty/future-kind"}
{"Time":"2026-10-05T14:19:36.289841053Z","Action":"output","Package":"go.temporal.io/server/tools/gomad3/internal/compatibilitypack","Test":"TestEvaluateNilAndEmptySelections/empty/future-kind","Output":"=== RUN   TestEvaluateNilAndEmptySelections/empty/future-kind\n","OutputType":"frame"}
{"Time":"2026-10-05T14:19:36.289855844Z","Action":"output","Package":"go.temporal.io/server/tools/gomad3/internal/compatibilitypack","Test":"TestEvaluateNilAndEmptySelections/empty/future-kind","Output":"    policy_exhaustive_test.go:144: decision=compatibility.Decision{Allowed:false, Disposition:\"denied\", Remediation:\"remain_unsupported\", PackID:\"\"} bytes=\"{\\\"allowed\\\":false,\\\"disposition\\\":\\\"denied\\\",\\\"remediation\\\":\\\"remain_unsupported\\\"}\"\n"}
{"Time":"2026-10-05T14:19:36.289870511Z","Action":"output","Package":"go.temporal.io/server/tools/gomad3/internal/compatibilitypack","Test":"TestEvaluateNilAndEmptySelections/empty/future-kind","Output":"--- PASS: TestEvaluateNilAndEmptySelections/empty/future-kind (0.00s)\n","OutputType":"frame"}
{"Time":"2026-10-05T14:19:36.289884636Z","Action":"pass","Package":"go.temporal.io/server/tools/gomad3/internal/compatibilitypack","Test":"TestEvaluateNilAndEmptySelections/empty/future-kind","Elapsed":0}
{"Time":"2026-10-05T14:19:36.289905803Z","Action":"run","Package":"go.temporal.io/server/tools/gomad3/internal/compatibilitypack","Test":"TestEvaluateNilAndEmptySelections/empty/#00"}
{"Time":"2026-10-05T14:19:36.289927344Z","Action":"output","Package":"go.temporal.io/server/tools/gomad3/internal/compatibilitypack","Test":"TestEvaluateNilAndEmptySelections/empty/#00","Output":"=== RUN   TestEvaluateNilAndEmptySelections/empty/#00\n","OutputType":"frame"}
{"Time":"2026-10-05T14:19:36.289942761Z","Action":"output","Package":"go.temporal.io/server/tools/gomad3/internal/compatibilitypack","Test":"TestEvaluateNilAndEmptySelections/empty/#00","Output":"    policy_exhaustive_test.go:144: decision=compatibility.Decision{Allowed:false, Disposition:\"denied\", Remediation:\"remain_unsupported\", PackID:\"\"} bytes=\"{\\\"allowed\\\":false,\\\"disposition\\\":\\\"denied\\\",\\\"remediation\\\":\\\"remain_unsupported\\\"}\"\n"}
{"Time":"2026-10-05T14:19:36.289957886Z","Action":"output","Package":"go.temporal.io/server/tools/gomad3/internal/compatibilitypack","Test":"TestEvaluateNilAndEmptySelections/empty/#00","Output":"--- PASS: TestEvaluateNilAndEmptySelections/empty/#00 (0.00s)\n","OutputType":"frame"}
{"Time":"2026-10-05T14:19:36.289971761Z","Action":"pass","Package":"go.temporal.io/server/tools/gomad3/internal/compatibilitypack","Test":"TestEvaluateNilAndEmptySelections/empty/#00","Elapsed":0}
{"Time":"2026-10-05T14:19:36.289986386Z","Action":"output","Package":"go.temporal.io/server/tools/gomad3/internal/compatibilitypack","Test":"TestEvaluateNilAndEmptySelections/empty","Output":"--- PASS: TestEvaluateNilAndEmptySelections/empty (0.00s)\n","OutputType":"frame"}
{"Time":"2026-10-05T14:19:36.290000344Z","Action":"pass","Package":"go.temporal.io/server/tools/gomad3/internal/compatibilitypack","Test":"TestEvaluateNilAndEmptySelections/empty","Elapsed":0}
{"Time":"2026-10-05T14:19:36.290014094Z","Action":"output","Package":"go.temporal.io/server/tools/gomad3/internal/compatibilitypack","Test":"TestEvaluateNilAndEmptySelections","Output":"--- PASS: TestEvaluateNilAndEmptySelections (0.00s)\n","OutputType":"frame"}
{"Time":"2026-10-05T14:19:36.290028136Z","Action":"pass","Package":"go.temporal.io/server/tools/gomad3/internal/compatibilitypack","Test":"TestEvaluateNilAndEmptySelections","Elapsed":0}
{"Time":"2026-10-05T14:19:36.290043886Z","Action":"run","Package":"go.temporal.io/server/tools/gomad3/internal/compatibilitypack","Test":"TestEvaluateTraversesRulesAndPacks"}
{"Time":"2026-10-05T14:19:36.290070844Z","Action":"output","Package":"go.temporal.io/server/tools/gomad3/internal/compatibilitypack","Test":"TestEvaluateTraversesRulesAndPacks","Output":"=== RUN   TestEvaluateTraversesRulesAndPacks\n","OutputType":"frame"}
{"Time":"2026-10-05T14:19:36.290090428Z","Action":"run","Package":"go.temporal.io/server/tools/gomad3/internal/compatibilitypack","Test":"TestEvaluateTraversesRulesAndPacks/later-matching-rule"}
{"Time":"2026-10-05T14:19:36.290104303Z","Action":"output","Package":"go.temporal.io/server/tools/gomad3/internal/compatibilitypack","Test":"TestEvaluateTraversesRulesAndPacks/later-matching-rule","Output":"=== RUN   TestEvaluateTraversesRulesAndPacks/later-matching-rule\n","OutputType":"frame"}
{"Time":"2026-10-05T14:19:36.290120136Z","Action":"output","Package":"go.temporal.io/server/tools/gomad3/internal/compatibilitypack","Test":"TestEvaluateTraversesRulesAndPacks/later-matching-rule","Output":"    policy_exhaustive_test.go:166: decision=compatibility.Decision{Allowed:true, Disposition:\"allowed_by_exact_pack\", Remediation:\"\", PackID:\"example-pack\"} bytes=\"{\\\"allowed\\\":true,\\\"disposition\\\":\\\"allowed_by_exact_pack\\\",\\\"pack_id\\\":\\\"example-pack\\\"}\"\n"}
{"Time":"2026-10-05T14:19:36.290137594Z","Action":"output","Package":"go.temporal.io/server/tools/gomad3/internal/compatibilitypack","Test":"TestEvaluateTraversesRulesAndPacks/later-matching-rule","Output":"    policy_exhaustive_test.go:166: decision=compatibility.Decision{Allowed:true, Disposition:\"allowed_by_exact_pack\", Remediation:\"\", PackID:\"example-pack\"} bytes=\"{\\\"allowed\\\":true,\\\"disposition\\\":\\\"allowed_by_exact_pack\\\",\\\"pack_id\\\":\\\"example-pack\\\"}\"\n"}
{"Time":"2026-10-05T14:19:36.290151969Z","Action":"output","Package":"go.temporal.io/server/tools/gomad3/internal/compatibilitypack","Test":"TestEvaluateTraversesRulesAndPacks/later-matching-rule","Output":"--- PASS: TestEvaluateTraversesRulesAndPacks/later-matching-rule (0.00s)\n","OutputType":"frame"}
{"Time":"2026-10-05T14:19:36.290167678Z","Action":"pass","Package":"go.temporal.io/server/tools/gomad3/internal/compatibilitypack","Test":"TestEvaluateTraversesRulesAndPacks/later-matching-rule","Elapsed":0}
{"Time":"2026-10-05T14:19:36.290178219Z","Action":"run","Package":"go.temporal.io/server/tools/gomad3/internal/compatibilitypack","Test":"TestEvaluateTraversesRulesAndPacks/later-matching-pack"}
{"Time":"2026-10-05T14:19:36.290191969Z","Action":"output","Package":"go.temporal.io/server/tools/gomad3/internal/compatibilitypack","Test":"TestEvaluateTraversesRulesAndPacks/later-matching-pack","Output":"=== RUN   TestEvaluateTraversesRulesAndPacks/later-matching-pack\n","OutputType":"frame"}
{"Time":"2026-10-05T14:19:36.290211011Z","Action":"output","Package":"go.temporal.io/server/tools/gomad3/internal/compatibilitypack","Test":"TestEvaluateTraversesRulesAndPacks/later-matching-pack","Output":"    policy_exhaustive_test.go:202: decision=compatibility.Decision{Allowed:true, Disposition:\"allowed_by_exact_pack\", Remediation:\"\", PackID:\"z-pack\"} bytes=\"{\\\"allowed\\\":true,\\\"disposition\\\":\\\"allowed_by_exact_pack\\\",\\\"pack_id\\\":\\\"z-pack\\\"}\"\n"}
{"Time":"2026-10-05T14:19:36.290226011Z","Action":"output","Package":"go.temporal.io/server/tools/gomad3/internal/compatibilitypack","Test":"TestEvaluateTraversesRulesAndPacks/later-matching-pack","Output":"    policy_exhaustive_test.go:202: decision=compatibility.Decision{Allowed:true, Disposition:\"allowed_by_exact_pack\", Remediation:\"\", PackID:\"z-pack\"} bytes=\"{\\\"allowed\\\":true,\\\"disposition\\\":\\\"allowed_by_exact_pack\\\",\\\"pack_id\\\":\\\"z-pack\\\"}\"\n"}
{"Time":"2026-10-05T14:19:36.290235803Z","Action":"output","Package":"go.temporal.io/server/tools/gomad3/internal/compatibilitypack","Test":"TestEvaluateTraversesRulesAndPacks/later-matching-pack","Output":"--- PASS: TestEvaluateTraversesRulesAndPacks/later-matching-pack (0.00s)\n","OutputType":"frame"}
{"Time":"2026-10-05T14:19:36.290244594Z","Action":"pass","Package":"go.temporal.io/server/tools/gomad3/internal/compatibilitypack","Test":"TestEvaluateTraversesRulesAndPacks/later-matching-pack","Elapsed":0}
{"Time":"2026-10-05T14:19:36.290252261Z","Action":"run","Package":"go.temporal.io/server/tools/gomad3/internal/compatibilitypack","Test":"TestEvaluateTraversesRulesAndPacks/later-granting-pack"}
{"Time":"2026-10-05T14:19:36.290263094Z","Action":"output","Package":"go.temporal.io/server/tools/gomad3/internal/compatibilitypack","Test":"TestEvaluateTraversesRulesAndPacks/later-granting-pack","Output":"=== RUN   TestEvaluateTraversesRulesAndPacks/later-granting-pack\n","OutputType":"frame"}
{"Time":"2026-10-05T14:19:36.290273011Z","Action":"output","Package":"go.temporal.io/server/tools/gomad3/internal/compatibilitypack","Test":"TestEvaluateTraversesRulesAndPacks/later-granting-pack","Output":"    policy_exhaustive_test.go:202: decision=compatibility.Decision{Allowed:true, Disposition:\"allowed_by_exact_pack\", Remediation:\"\", PackID:\"z-pack\"} bytes=\"{\\\"allowed\\\":true,\\\"disposition\\\":\\\"allowed_by_exact_pack\\\",\\\"pack_id\\\":\\\"z-pack\\\"}\"\n"}
{"Time":"2026-10-05T14:19:36.290291178Z","Action":"output","Package":"go.temporal.io/server/tools/gomad3/internal/compatibilitypack","Test":"TestEvaluateTraversesRulesAndPacks/later-granting-pack","Output":"    policy_exhaustive_test.go:202: decision=compatibility.Decision{Allowed:true, Disposition:\"allowed_by_exact_pack\", Remediation:\"\", PackID:\"z-pack\"} bytes=\"{\\\"allowed\\\":true,\\\"disposition\\\":\\\"allowed_by_exact_pack\\\",\\\"pack_id\\\":\\\"z-pack\\\"}\"\n"}
{"Time":"2026-10-05T14:19:36.290305178Z","Action":"output","Package":"go.temporal.io/server/tools/gomad3/internal/compatibilitypack","Test":"TestEvaluateTraversesRulesAndPacks/later-granting-pack","Output":"--- PASS: TestEvaluateTraversesRulesAndPacks/later-granting-pack (0.00s)\n","OutputType":"frame"}
{"Time":"2026-10-05T14:19:36.290318803Z","Action":"pass","Package":"go.temporal.io/server/tools/gomad3/internal/compatibilitypack","Test":"TestEvaluateTraversesRulesAndPacks/later-granting-pack","Elapsed":0}
{"Time":"2026-10-05T14:19:36.290333178Z","Action":"run","Package":"go.temporal.io/server/tools/gomad3/internal/compatibilitypack","Test":"TestEvaluateTraversesRulesAndPacks/first-grant-precedence"}
{"Time":"2026-10-05T14:19:36.290345844Z","Action":"output","Package":"go.temporal.io/server/tools/gomad3/internal/compatibilitypack","Test":"TestEvaluateTraversesRulesAndPacks/first-grant-precedence","Output":"=== RUN   TestEvaluateTraversesRulesAndPacks/first-grant-precedence\n","OutputType":"frame"}
{"Time":"2026-10-05T14:19:36.290354219Z","Action":"output","Package":"go.temporal.io/server/tools/gomad3/internal/compatibilitypack","Test":"TestEvaluateTraversesRulesAndPacks/first-grant-precedence","Output":"    policy_exhaustive_test.go:200: decision=compatibility.Decision{Allowed:true, Disposition:\"allowed_by_exact_pack\", Remediation:\"\", PackID:\"a-pack\"} bytes=\"{\\\"allowed\\\":true,\\\"disposition\\\":\\\"allowed_by_exact_pack\\\",\\\"pack_id\\\":\\\"a-pack\\\"}\"\n"}
{"Time":"2026-10-05T14:19:36.290363428Z","Action":"output","Package":"go.temporal.io/server/tools/gomad3/internal/compatibilitypack","Test":"TestEvaluateTraversesRulesAndPacks/first-grant-precedence","Output":"    policy_exhaustive_test.go:200: decision=compatibility.Decision{Allowed:true, Disposition:\"allowed_by_exact_pack\", Remediation:\"\", PackID:\"a-pack\"} bytes=\"{\\\"allowed\\\":true,\\\"disposition\\\":\\\"allowed_by_exact_pack\\\",\\\"pack_id\\\":\\\"a-pack\\\"}\"\n"}
{"Time":"2026-10-05T14:19:36.290372386Z","Action":"output","Package":"go.temporal.io/server/tools/gomad3/internal/compatibilitypack","Test":"TestEvaluateTraversesRulesAndPacks/first-grant-precedence","Output":"--- PASS: TestEvaluateTraversesRulesAndPacks/first-grant-precedence (0.00s)\n","OutputType":"frame"}
{"Time":"2026-10-05T14:19:36.290383053Z","Action":"pass","Package":"go.temporal.io/server/tools/gomad3/internal/compatibilitypack","Test":"TestEvaluateTraversesRulesAndPacks/first-grant-precedence","Elapsed":0}
{"Time":"2026-10-05T14:19:36.290391803Z","Action":"output","Package":"go.temporal.io/server/tools/gomad3/internal/compatibilitypack","Test":"TestEvaluateTraversesRulesAndPacks","Output":"--- PASS: TestEvaluateTraversesRulesAndPacks (0.00s)\n","OutputType":"frame"}
{"Time":"2026-10-05T14:19:36.290414636Z","Action":"pass","Package":"go.temporal.io/server/tools/gomad3/internal/compatibilitypack","Test":"TestEvaluateTraversesRulesAndPacks","Elapsed":0}
{"Time":"2026-10-05T14:19:36.290427553Z","Action":"run","Package":"go.temporal.io/server/tools/gomad3/internal/compatibilitypack","Test":"TestEvaluatePreservesInputsAndDetachedCopies"}
{"Time":"2026-10-05T14:19:36.290441011Z","Action":"output","Package":"go.temporal.io/server/tools/gomad3/internal/compatibilitypack","Test":"TestEvaluatePreservesInputsAndDetachedCopies","Output":"=== RUN   TestEvaluatePreservesInputsAndDetachedCopies\n","OutputType":"frame"}
{"Time":"2026-10-05T14:19:36.290456136Z","Action":"output","Package":"go.temporal.io/server/tools/gomad3/internal/compatibilitypack","Test":"TestEvaluatePreservesInputsAndDetachedCopies","Output":"    policy_exhaustive_test.go:215: decision=compatibility.Decision{Allowed:true, Disposition:\"allowed_by_exact_pack\", Remediation:\"\", PackID:\"example-pack\"} bytes=\"{\\\"allowed\\\":true,\\\"disposition\\\":\\\"allowed_by_exact_pack\\\",\\\"pack_id\\\":\\\"example-pack\\\"}\"\n"}
{"Time":"2026-10-05T14:19:36.290475761Z","Action":"output","Package":"go.temporal.io/server/tools/gomad3/internal/compatibilitypack","Test":"TestEvaluatePreservesInputsAndDetachedCopies","Output":"    policy_exhaustive_test.go:215: decision=compatibility.Decision{Allowed:true, Disposition:\"allowed_by_exact_pack\", Remediation:\"\", PackID:\"example-pack\"} bytes=\"{\\\"allowed\\\":true,\\\"disposition\\\":\\\"allowed_by_exact_pack\\\",\\\"pack_id\\\":\\\"example-pack\\\"}\"\n"}
{"Time":"2026-10-05T14:19:36.290491928Z","Action":"output","Package":"go.temporal.io/server/tools/gomad3/internal/compatibilitypack","Test":"TestEvaluatePreservesInputsAndDetachedCopies","Output":"    policy_exhaustive_test.go:237: decision=compatibility.Decision{Allowed:true, Disposition:\"allowed_by_exact_pack\", Remediation:\"\", PackID:\"example-pack\"} bytes=\"{\\\"allowed\\\":true,\\\"disposition\\\":\\\"allowed_by_exact_pack\\\",\\\"pack_id\\\":\\\"example-pack\\\"}\"\n"}
{"Time":"2026-10-05T14:19:36.290508386Z","Action":"output","Package":"go.temporal.io/server/tools/gomad3/internal/compatibilitypack","Test":"TestEvaluatePreservesInputsAndDetachedCopies","Output":"    policy_exhaustive_test.go:237: decision=compatibility.Decision{Allowed:true, Disposition:\"allowed_by_exact_pack\", Remediation:\"\", PackID:\"example-pack\"} bytes=\"{\\\"allowed\\\":true,\\\"disposition\\\":\\\"allowed_by_exact_pack\\\",\\\"pack_id\\\":\\\"example-pack\\\"}\"\n"}
{"Time":"2026-10-05T14:19:36.290527219Z","Action":"output","Package":"go.temporal.io/server/tools/gomad3/internal/compatibilitypack","Test":"TestEvaluatePreservesInputsAndDetachedCopies","Output":"    policy_exhaustive_test.go:246: decision=compatibility.Decision{Allowed:true, Disposition:\"allowed_by_exact_pack\", Remediation:\"\", PackID:\"example-pack\"} bytes=\"{\\\"allowed\\\":true,\\\"disposition\\\":\\\"allowed_by_exact_pack\\\",\\\"pack_id\\\":\\\"example-pack\\\"}\"\n"}
{"Time":"2026-10-05T14:19:36.290540761Z","Action":"output","Package":"go.temporal.io/server/tools/gomad3/internal/compatibilitypack","Test":"TestEvaluatePreservesInputsAndDetachedCopies","Output":"    policy_exhaustive_test.go:249: decision=compatibility.Decision{Allowed:true, Disposition:\"allowed_by_exact_pack\", Remediation:\"\", PackID:\"example-pack\"} bytes=\"{\\\"allowed\\\":true,\\\"disposition\\\":\\\"allowed_by_exact_pack\\\",\\\"pack_id\\\":\\\"example-pack\\\"}\"\n"}
{"Time":"2026-10-05T14:19:36.290555303Z","Action":"output","Package":"go.temporal.io/server/tools/gomad3/internal/compatibilitypack","Test":"TestEvaluatePreservesInputsAndDetachedCopies","Output":"--- PASS: TestEvaluatePreservesInputsAndDetachedCopies (0.00s)\n","OutputType":"frame"}
{"Time":"2026-10-05T14:19:36.290569553Z","Action":"pass","Package":"go.temporal.io/server/tools/gomad3/internal/compatibilitypack","Test":"TestEvaluatePreservesInputsAndDetachedCopies","Elapsed":0}
{"Time":"2026-10-05T14:19:36.290585178Z","Action":"output","Package":"go.temporal.io/server/tools/gomad3/internal/compatibilitypack","Output":"PASS\n","OutputType":"frame"}
{"Time":"2026-10-05T14:19:36.290619053Z","Action":"output","Package":"go.temporal.io/server/tools/gomad3/internal/compatibilitypack","Output":"ok  \tgo.temporal.io/server/tools/gomad3/internal/compatibilitypack\t0.006s\n"}
{"Time":"2026-10-05T14:19:36.290641053Z","Action":"pass","Package":"go.temporal.io/server/tools/gomad3/internal/compatibilitypack","Elapsed":0.006}
