{"Time":"2026-10-05T14:19:02.509681953Z","Action":"start","Package":"go.temporal.io/server/tools/gomad3/internal/compatibilitypack"}
{"Time":"2026-10-05T14:19:02.511307287Z","Action":"run","Package":"go.temporal.io/server/tools/gomad3/internal/compatibilitypack","Test":"TestEvaluateMatchingPackDecisions"}
{"Time":"2026-10-05T14:19:02.511382745Z","Action":"output","Package":"go.temporal.io/server/tools/gomad3/internal/compatibilitypack","Test":"TestEvaluateMatchingPackDecisions","Output":"=== RUN   TestEvaluateMatchingPackDecisions\n","OutputType":"frame"}
{"Time":"2026-10-05T14:19:02.511538703Z","Action":"run","Package":"go.temporal.io/server/tools/gomad3/internal/compatibilitypack","Test":"TestEvaluateMatchingPackDecisions/capability"}
{"Time":"2026-10-05T14:19:02.511580203Z","Action":"output","Package":"go.temporal.io/server/tools/gomad3/internal/compatibilitypack","Test":"TestEvaluateMatchingPackDecisions/capability","Output":"=== RUN   TestEvaluateMatchingPackDecisions/capability\n","OutputType":"frame"}
{"Time":"2026-10-05T14:19:02.511602453Z","Action":"output","Package":"go.temporal.io/server/tools/gomad3/internal/compatibilitypack","Test":"TestEvaluateMatchingPackDecisions/capability","Output":"    policy_exhaustive_test.go:75: decision=compatibility.Decision{Allowed:true, Disposition:\"allowed_by_exact_pack\", Remediation:\"\", PackID:\"example-pack\"} bytes=\"{\\\"allowed\\\":true,\\\"disposition\\\":\\\"allowed_by_exact_pack\\\",\\\"pack_id\\\":\\\"example-pack\\\"}\"\n"}
{"Time":"2026-10-05T14:19:02.511626995Z","Action":"output","Package":"go.temporal.io/server/tools/gomad3/internal/compatibilitypack","Test":"TestEvaluateMatchingPackDecisions/capability","Output":"--- PASS: TestEvaluateMatchingPackDecisions/capability (0.00s)\n","OutputType":"frame"}
{"Time":"2026-10-05T14:19:02.511643078Z","Action":"pass","Package":"go.temporal.io/server/tools/gomad3/internal/compatibilitypack","Test":"TestEvaluateMatchingPackDecisions/capability","Elapsed":0}
{"Time":"2026-10-05T14:19:02.511659453Z","Action":"run","Package":"go.temporal.io/server/tools/gomad3/internal/compatibilitypack","Test":"TestEvaluateMatchingPackDecisions/linkname"}
{"Time":"2026-10-05T14:19:02.511671287Z","Action":"output","Package":"go.temporal.io/server/tools/gomad3/internal/compatibilitypack","Test":"TestEvaluateMatchingPackDecisions/linkname","Output":"=== RUN   TestEvaluateMatchingPackDecisions/linkname\n","OutputType":"frame"}
{"Time":"2026-10-05T14:19:02.511684745Z","Action":"output","Package":"go.temporal.io/server/tools/gomad3/internal/compatibilitypack","Test":"TestEvaluateMatchingPackDecisions/linkname","Output":"    policy_exhaustive_test.go:75: decision=compatibility.Decision{Allowed:true, Disposition:\"allowed_by_exact_pack\", Remediation:\"\", PackID:\"example-pack\"} bytes=\"{\\\"allowed\\\":true,\\\"disposition\\\":\\\"allowed_by_exact_pack\\\",\\\"pack_id\\\":\\\"example-pack\\\"}\"\n"}
{"Time":"2026-10-05T14:19:02.511706162Z","Action":"output","Package":"go.temporal.io/server/tools/gomad3/internal/compatibilitypack","Test":"TestEvaluateMatchingPackDecisions/linkname","Output":"--- PASS: TestEvaluateMatchingPackDecisions/linkname (0.00s)\n","OutputType":"frame"}
{"Time":"2026-10-05T14:19:02.511723537Z","Action":"pass","Package":"go.temporal.io/server/tools/gomad3/internal/compatibilitypack","Test":"TestEvaluateMatchingPackDecisions/linkname","Elapsed":0}
{"Time":"2026-10-05T14:19:02.511741453Z","Action":"run","Package":"go.temporal.io/server/tools/gomad3/internal/compatibilitypack","Test":"TestEvaluateMatchingPackDecisions/malformed-linkname"}
{"Time":"2026-10-05T14:19:02.511753995Z","Action":"output","Package":"go.temporal.io/server/tools/gomad3/internal/compatibilitypack","Test":"TestEvaluateMatchingPackDecisions/malformed-linkname","Output":"=== RUN   TestEvaluateMatchingPackDecisions/malformed-linkname\n","OutputType":"frame"}
{"Time":"2026-10-05T14:19:02.511771453Z","Action":"output","Package":"go.temporal.io/server/tools/gomad3/internal/compatibilitypack","Test":"TestEvaluateMatchingPackDecisions/malformed-linkname","Output":"    policy_exhaustive_test.go:75: decision=compatibility.Decision{Allowed:false, Disposition:\"denied\", Remediation:\"remain_unsupported\", PackID:\"\"} bytes=\"{\\\"allowed\\\":false,\\\"disposition\\\":\\\"denied\\\",\\\"remediation\\\":\\\"remain_unsupported\\\"}\"\n"}
{"Time":"2026-10-05T14:19:02.511798203Z","Action":"output","Package":"go.temporal.io/server/tools/gomad3/internal/compatibilitypack","Test":"TestEvaluateMatchingPackDecisions/malformed-linkname","Output":"--- PASS: TestEvaluateMatchingPackDecisions/malformed-linkname (0.00s)\n","OutputType":"frame"}
{"Time":"2026-10-05T14:19:02.511812495Z","Action":"pass","Package":"go.temporal.io/server/tools/gomad3/internal/compatibilitypack","Test":"TestEvaluateMatchingPackDecisions/malformed-linkname","Elapsed":0}
{"Time":"2026-10-05T14:19:02.511827745Z","Action":"run","Package":"go.temporal.io/server/tools/gomad3/internal/compatibilitypack","Test":"TestEvaluateMatchingPackDecisions/no-reviewed-source"}
{"Time":"2026-10-05T14:19:02.511844495Z","Action":"output","Package":"go.temporal.io/server/tools/gomad3/internal/compatibilitypack","Test":"TestEvaluateMatchingPackDecisions/no-reviewed-source","Output":"=== RUN   TestEvaluateMatchingPackDecisions/no-reviewed-source\n","OutputType":"frame"}
{"Time":"2026-10-05T14:19:02.511856537Z","Action":"output","Package":"go.temporal.io/server/tools/gomad3/internal/compatibilitypack","Test":"TestEvaluateMatchingPackDecisions/no-reviewed-source","Output":"    policy_exhaustive_test.go:75: decision=compatibility.Decision{Allowed:false, Disposition:\"denied\", Remediation:\"remove_dependency\", PackID:\"\"} bytes=\"{\\\"allowed\\\":false,\\\"disposition\\\":\\\"denied\\\",\\\"remediation\\\":\\\"remove_dependency\\\"}\"\n"}
{"Time":"2026-10-05T14:19:02.511868287Z","Action":"output","Package":"go.temporal.io/server/tools/gomad3/internal/compatibilitypack","Test":"TestEvaluateMatchingPackDecisions/no-reviewed-source","Output":"--- PASS: TestEvaluateMatchingPackDecisions/no-reviewed-source (0.00s)\n","OutputType":"frame"}
{"Time":"2026-10-05T14:19:02.511879328Z","Action":"pass","Package":"go.temporal.io/server/tools/gomad3/internal/compatibilitypack","Test":"TestEvaluateMatchingPackDecisions/no-reviewed-source","Elapsed":0}
{"Time":"2026-10-05T14:19:02.511895662Z","Action":"run","Package":"go.temporal.io/server/tools/gomad3/internal/compatibilitypack","Test":"TestEvaluateMatchingPackDecisions/unknown-kind"}
{"Time":"2026-10-05T14:19:02.511906995Z","Action":"output","Package":"go.temporal.io/server/tools/gomad3/internal/compatibilitypack","Test":"TestEvaluateMatchingPackDecisions/unknown-kind","Output":"=== RUN   TestEvaluateMatchingPackDecisions/unknown-kind\n","OutputType":"frame"}
{"Time":"2026-10-05T14:19:02.511923578Z","Action":"output","Package":"go.temporal.io/server/tools/gomad3/internal/compatibilitypack","Test":"TestEvaluateMatchingPackDecisions/unknown-kind","Output":"    policy_exhaustive_test.go:75: decision=compatibility.Decision{Allowed:false, Disposition:\"denied\", Remediation:\"remain_unsupported\", PackID:\"\"} bytes=\"{\\\"allowed\\\":false,\\\"disposition\\\":\\\"denied\\\",\\\"remediation\\\":\\\"remain_unsupported\\\"}\"\n"}
{"Time":"2026-10-05T14:19:02.511940953Z","Action":"output","Package":"go.temporal.io/server/tools/gomad3/internal/compatibilitypack","Test":"TestEvaluateMatchingPackDecisions/unknown-kind","Output":"--- PASS: TestEvaluateMatchingPackDecisions/unknown-kind (0.00s)\n","OutputType":"frame"}
{"Time":"2026-10-05T14:19:02.511957495Z","Action":"pass","Package":"go.temporal.io/server/tools/gomad3/internal/compatibilitypack","Test":"TestEvaluateMatchingPackDecisions/unknown-kind","Elapsed":0}
{"Time":"2026-10-05T14:19:02.511970912Z","Action":"run","Package":"go.temporal.io/server/tools/gomad3/internal/compatibilitypack","Test":"TestEvaluateMatchingPackDecisions/empty-kind"}
{"Time":"2026-10-05T14:19:02.511990495Z","Action":"output","Package":"go.temporal.io/server/tools/gomad3/internal/compatibilitypack","Test":"TestEvaluateMatchingPackDecisions/empty-kind","Output":"=== RUN   TestEvaluateMatchingPackDecisions/empty-kind\n","OutputType":"frame"}
{"Time":"2026-10-05T14:19:02.512014453Z","Action":"output","Package":"go.temporal.io/server/tools/gomad3/internal/compatibilitypack","Test":"TestEvaluateMatchingPackDecisions/empty-kind","Output":"    policy_exhaustive_test.go:75: decision=compatibility.Decision{Allowed:false, Disposition:\"denied\", Remediation:\"remain_unsupported\", PackID:\"\"} bytes=\"{\\\"allowed\\\":false,\\\"disposition\\\":\\\"denied\\\",\\\"remediation\\\":\\\"remain_unsupported\\\"}\"\n"}
{"Time":"2026-10-05T14:19:02.512029828Z","Action":"output","Package":"go.temporal.io/server/tools/gomad3/internal/compatibilitypack","Test":"TestEvaluateMatchingPackDecisions/empty-kind","Output":"--- PASS: TestEvaluateMatchingPackDecisions/empty-kind (0.00s)\n","OutputType":"frame"}
{"Time":"2026-10-05T14:19:02.512038787Z","Action":"pass","Package":"go.temporal.io/server/tools/gomad3/internal/compatibilitypack","Test":"TestEvaluateMatchingPackDecisions/empty-kind","Elapsed":0}
{"Time":"2026-10-05T14:19:02.51205537Z","Action":"run","Package":"go.temporal.io/server/tools/gomad3/internal/compatibilitypack","Test":"TestEvaluateMatchingPackDecisions/capability-drift"}
{"Time":"2026-10-05T14:19:02.512071162Z","Action":"output","Package":"go.temporal.io/server/tools/gomad3/internal/compatibilitypack","Test":"TestEvaluateMatchingPackDecisions/capability-drift","Output":"=== RUN   TestEvaluateMatchingPackDecisions/capability-drift\n","OutputType":"frame"}
{"Time":"2026-10-05T14:19:02.512089287Z","Action":"output","Package":"go.temporal.io/server/tools/gomad3/internal/compatibilitypack","Test":"TestEvaluateMatchingPackDecisions/capability-drift","Output":"    policy_exhaustive_test.go:75: decision=compatibility.Decision{Allowed:false, Disposition:\"denied\", Remediation:\"add_exact_pack\", PackID:\"\"} bytes=\"{\\\"allowed\\\":false,\\\"disposition\\\":\\\"denied\\\",\\\"remediation\\\":\\\"add_exact_pack\\\"}\"\n"}
{"Time":"2026-10-05T14:19:02.512105495Z","Action":"output","Package":"go.temporal.io/server/tools/gomad3/internal/compatibilitypack","Test":"TestEvaluateMatchingPackDecisions/capability-drift","Output":"--- PASS: TestEvaluateMatchingPackDecisions/capability-drift (0.00s)\n","OutputType":"frame"}
{"Time":"2026-10-05T14:19:02.512114995Z","Action":"pass","Package":"go.temporal.io/server/tools/gomad3/internal/compatibilitypack","Test":"TestEvaluateMatchingPackDecisions/capability-drift","Elapsed":0}
{"Time":"2026-10-05T14:19:02.512126328Z","Action":"run","Package":"go.temporal.io/server/tools/gomad3/internal/compatibilitypack","Test":"TestEvaluateMatchingPackDecisions/linkname-source-drift"}
{"Time":"2026-10-05T14:19:02.512138453Z","Action":"output","Package":"go.temporal.io/server/tools/gomad3/internal/compatibilitypack","Test":"TestEvaluateMatchingPackDecisions/linkname-source-drift","Output":"=== RUN   TestEvaluateMatchingPackDecisions/linkname-source-drift\n","OutputType":"frame"}
{"Time":"2026-10-05T14:19:02.512183578Z","Action":"output","Package":"go.temporal.io/server/tools/gomad3/internal/compatibilitypack","Test":"TestEvaluateMatchingPackDecisions/linkname-source-drift","Output":"    policy_exhaustive_test.go:75: decision=compatibility.Decision{Allowed:false, Disposition:\"denied\", Remediation:\"add_exact_pack\", PackID:\"\"} bytes=\"{\\\"allowed\\\":false,\\\"disposition\\\":\\\"denied\\\",\\\"remediation\\\":\\\"add_exact_pack\\\"}\"\n"}
{"Time":"2026-10-05T14:19:02.51220562Z","Action":"output","Package":"go.temporal.io/server/tools/gomad3/internal/compatibilitypack","Test":"TestEvaluateMatchingPackDecisions/linkname-source-drift","Output":"--- PASS: TestEvaluateMatchingPackDecisions/linkname-source-drift (0.00s)\n","OutputType":"frame"}
{"Time":"2026-10-05T14:19:02.512218162Z","Action":"pass","Package":"go.temporal.io/server/tools/gomad3/internal/compatibilitypack","Test":"TestEvaluateMatchingPackDecisions/linkname-source-drift","Elapsed":0}
{"Time":"2026-10-05T14:19:02.512228912Z","Action":"run","Package":"go.temporal.io/server/tools/gomad3/internal/compatibilitypack","Test":"TestEvaluateMatchingPackDecisions/linkname-hash-drift"}
{"Time":"2026-10-05T14:19:02.512243412Z","Action":"output","Package":"go.temporal.io/server/tools/gomad3/internal/compatibilitypack","Test":"TestEvaluateMatchingPackDecisions/linkname-hash-drift","Output":"=== RUN   TestEvaluateMatchingPackDecisions/linkname-hash-drift\n","OutputType":"frame"}
{"Time":"2026-10-05T14:19:02.512257078Z","Action":"output","Package":"go.temporal.io/server/tools/gomad3/internal/compatibilitypack","Test":"TestEvaluateMatchingPackDecisions/linkname-hash-drift","Output":"    policy_exhaustive_test.go:75: decision=compatibility.Decision{Allowed:false, Disposition:\"denied\", Remediation:\"add_exact_pack\", PackID:\"\"} bytes=\"{\\\"allowed\\\":false,\\\"disposition\\\":\\\"denied\\\",\\\"remediation\\\":\\\"add_exact_pack\\\"}\"\n"}
{"Time":"2026-10-05T14:19:02.512269495Z","Action":"output","Package":"go.temporal.io/server/tools/gomad3/internal/compatibilitypack","Test":"TestEvaluateMatchingPackDecisions/linkname-hash-drift","Output":"--- PASS: TestEvaluateMatchingPackDecisions/linkname-hash-drift (0.00s)\n","OutputType":"frame"}
{"Time":"2026-10-05T14:19:02.512283495Z","Action":"pass","Package":"go.temporal.io/server/tools/gomad3/internal/compatibilitypack","Test":"TestEvaluateMatchingPackDecisions/linkname-hash-drift","Elapsed":0}
{"Time":"2026-10-05T14:19:02.512297745Z","Action":"run","Package":"go.temporal.io/server/tools/gomad3/internal/compatibilitypack","Test":"TestEvaluateMatchingPackDecisions/linkname-directive-drift"}
{"Time":"2026-10-05T14:19:02.512311703Z","Action":"output","Package":"go.temporal.io/server/tools/gomad3/internal/compatibilitypack","Test":"TestEvaluateMatchingPackDecisions/linkname-directive-drift","Output":"=== RUN   TestEvaluateMatchingPackDecisions/linkname-directive-drift\n","OutputType":"frame"}
{"Time":"2026-10-05T14:19:02.512326953Z","Action":"output","Package":"go.temporal.io/server/tools/gomad3/internal/compatibilitypack","Test":"TestEvaluateMatchingPackDecisions/linkname-directive-drift","Output":"    policy_exhaustive_test.go:75: decision=compatibility.Decision{Allowed:false, Disposition:\"denied\", Remediation:\"add_exact_pack\", PackID:\"\"} bytes=\"{\\\"allowed\\\":false,\\\"disposition\\\":\\\"denied\\\",\\\"remediation\\\":\\\"add_exact_pack\\\"}\"\n"}
{"Time":"2026-10-05T14:19:02.512335787Z","Action":"output","Package":"go.temporal.io/server/tools/gomad3/internal/compatibilitypack","Test":"TestEvaluateMatchingPackDecisions/linkname-directive-drift","Output":"--- PASS: TestEvaluateMatchingPackDecisions/linkname-directive-drift (0.00s)\n","OutputType":"frame"}
{"Time":"2026-10-05T14:19:02.512344703Z","Action":"pass","Package":"go.temporal.io/server/tools/gomad3/internal/compatibilitypack","Test":"TestEvaluateMatchingPackDecisions/linkname-directive-drift","Elapsed":0}
{"Time":"2026-10-05T14:19:02.512354037Z","Action":"run","Package":"go.temporal.io/server/tools/gomad3/internal/compatibilitypack","Test":"TestEvaluateMatchingPackDecisions/linkname-order-drift"}
{"Time":"2026-10-05T14:19:02.512362037Z","Action":"output","Package":"go.temporal.io/server/tools/gomad3/internal/compatibilitypack","Test":"TestEvaluateMatchingPackDecisions/linkname-order-drift","Output":"=== RUN   TestEvaluateMatchingPackDecisions/linkname-order-drift\n","OutputType":"frame"}
{"Time":"2026-10-05T14:19:02.512371495Z","Action":"output","Package":"go.temporal.io/server/tools/gomad3/internal/compatibilitypack","Test":"TestEvaluateMatchingPackDecisions/linkname-order-drift","Output":"    policy_exhaustive_test.go:75: decision=compatibility.Decision{Allowed:false, Disposition:\"denied\", Remediation:\"add_exact_pack\", PackID:\"\"} bytes=\"{\\\"allowed\\\":false,\\\"disposition\\\":\\\"denied\\\",\\\"remediation\\\":\\\"add_exact_pack\\\"}\"\n"}
{"Time":"2026-10-05T14:19:02.51238487Z","Action":"output","Package":"go.temporal.io/server/tools/gomad3/internal/compatibilitypack","Test":"TestEvaluateMatchingPackDecisions/linkname-order-drift","Output":"--- PASS: TestEvaluateMatchingPackDecisions/linkname-order-drift (0.00s)\n","OutputType":"frame"}
{"Time":"2026-10-05T14:19:02.512399662Z","Action":"pass","Package":"go.temporal.io/server/tools/gomad3/internal/compatibilitypack","Test":"TestEvaluateMatchingPackDecisions/linkname-order-drift","Elapsed":0}
{"Time":"2026-10-05T14:19:02.512430453Z","Action":"run","Package":"go.temporal.io/server/tools/gomad3/internal/compatibilitypack","Test":"TestEvaluateMatchingPackDecisions/linkname-nil-directives"}
{"Time":"2026-10-05T14:19:02.51244512Z","Action":"output","Package":"go.temporal.io/server/tools/gomad3/internal/compatibilitypack","Test":"TestEvaluateMatchingPackDecisions/linkname-nil-directives","Output":"=== RUN   TestEvaluateMatchingPackDecisions/linkname-nil-directives\n","OutputType":"frame"}
{"Time":"2026-10-05T14:19:02.512455453Z","Action":"output","Package":"go.temporal.io/server/tools/gomad3/internal/compatibilitypack","Test":"TestEvaluateMatchingPackDecisions/linkname-nil-directives","Output":"    policy_exhaustive_test.go:75: decision=compatibility.Decision{Allowed:false, Disposition:\"denied\", Remediation:\"add_exact_pack\", PackID:\"\"} bytes=\"{\\\"allowed\\\":false,\\\"disposition\\\":\\\"denied\\\",\\\"remediation\\\":\\\"add_exact_pack\\\"}\"\n"}
{"Time":"2026-10-05T14:19:02.512465745Z","Action":"output","Package":"go.temporal.io/server/tools/gomad3/internal/compatibilitypack","Test":"TestEvaluateMatchingPackDecisions/linkname-nil-directives","Output":"--- PASS: TestEvaluateMatchingPackDecisions/linkname-nil-directives (0.00s)\n","OutputType":"frame"}
{"Time":"2026-10-05T14:19:02.512473703Z","Action":"pass","Package":"go.temporal.io/server/tools/gomad3/internal/compatibilitypack","Test":"TestEvaluateMatchingPackDecisions/linkname-nil-directives","Elapsed":0}
{"Time":"2026-10-05T14:19:02.512482245Z","Action":"run","Package":"go.temporal.io/server/tools/gomad3/internal/compatibilitypack","Test":"TestEvaluateMatchingPackDecisions/linkname-empty-directives"}
{"Time":"2026-10-05T14:19:02.512496703Z","Action":"output","Package":"go.temporal.io/server/tools/gomad3/internal/compatibilitypack","Test":"TestEvaluateMatchingPackDecisions/linkname-empty-directives","Output":"=== RUN   TestEvaluateMatchingPackDecisions/linkname-empty-directives\n","OutputType":"frame"}
{"Time":"2026-10-05T14:19:02.512510745Z","Action":"output","Package":"go.temporal.io/server/tools/gomad3/internal/compatibilitypack","Test":"TestEvaluateMatchingPackDecisions/linkname-empty-directives","Output":"    policy_exhaustive_test.go:75: decision=compatibility.Decision{Allowed:false, Disposition:\"denied\", Remediation:\"add_exact_pack\", PackID:\"\"} bytes=\"{\\\"allowed\\\":false,\\\"disposition\\\":\\\"denied\\\",\\\"remediation\\\":\\\"add_exact_pack\\\"}\"\n"}
{"Time":"2026-10-05T14:19:02.512524828Z","Action":"output","Package":"go.temporal.io/server/tools/gomad3/internal/compatibilitypack","Test":"TestEvaluateMatchingPackDecisions/linkname-empty-directives","Output":"--- PASS: TestEvaluateMatchingPackDecisions/linkname-empty-directives (0.00s)\n","OutputType":"frame"}
{"Time":"2026-10-05T14:19:02.512537995Z","Action":"pass","Package":"go.temporal.io/server/tools/gomad3/internal/compatibilitypack","Test":"TestEvaluateMatchingPackDecisions/linkname-empty-directives","Elapsed":0}
{"Time":"2026-10-05T14:19:02.512554328Z","Action":"run","Package":"go.temporal.io/server/tools/gomad3/internal/compatibilitypack","Test":"TestEvaluateMatchingPackDecisions/package-path-drift"}
{"Time":"2026-10-05T14:19:02.512571412Z","Action":"output","Package":"go.temporal.io/server/tools/gomad3/internal/compatibilitypack","Test":"TestEvaluateMatchingPackDecisions/package-path-drift","Output":"=== RUN   TestEvaluateMatchingPackDecisions/package-path-drift\n","OutputType":"frame"}
{"Time":"2026-10-05T14:19:02.512586953Z","Action":"output","Package":"go.temporal.io/server/tools/gomad3/internal/compatibilitypack","Test":"TestEvaluateMatchingPackDecisions/package-path-drift","Output":"    policy_exhaustive_test.go:75: decision=compatibility.Decision{Allowed:false, Disposition:\"denied\", Remediation:\"add_exact_pack\", PackID:\"\"} bytes=\"{\\\"allowed\\\":false,\\\"disposition\\\":\\\"denied\\\",\\\"remediation\\\":\\\"add_exact_pack\\\"}\"\n"}
{"Time":"2026-10-05T14:19:02.512604745Z","Action":"output","Package":"go.temporal.io/server/tools/gomad3/internal/compatibilitypack","Test":"TestEvaluateMatchingPackDecisions/package-path-drift","Output":"--- PASS: TestEvaluateMatchingPackDecisions/package-path-drift (0.00s)\n","OutputType":"frame"}
{"Time":"2026-10-05T14:19:02.51261962Z","Action":"pass","Package":"go.temporal.io/server/tools/gomad3/internal/compatibilitypack","Test":"TestEvaluateMatchingPackDecisions/package-path-drift","Elapsed":0}
{"Time":"2026-10-05T14:19:02.512633995Z","Action":"run","Package":"go.temporal.io/server/tools/gomad3/internal/compatibilitypack","Test":"TestEvaluateMatchingPackDecisions/module-path-drift"}
{"Time":"2026-10-05T14:19:02.512651245Z","Action":"output","Package":"go.temporal.io/server/tools/gomad3/internal/compatibilitypack","Test":"TestEvaluateMatchingPackDecisions/module-path-drift","Output":"=== RUN   TestEvaluateMatchingPackDecisions/module-path-drift\n","OutputType":"frame"}
{"Time":"2026-10-05T14:19:02.512666203Z","Action":"output","Package":"go.temporal.io/server/tools/gomad3/internal/compatibilitypack","Test":"TestEvaluateMatchingPackDecisions/module-path-drift","Output":"    policy_exhaustive_test.go:75: decision=compatibility.Decision{Allowed:false, Disposition:\"denied\", Remediation:\"add_exact_pack\", PackID:\"\"} bytes=\"{\\\"allowed\\\":false,\\\"disposition\\\":\\\"denied\\\",\\\"remediation\\\":\\\"add_exact_pack\\\"}\"\n"}
{"Time":"2026-10-05T14:19:02.512679203Z","Action":"output","Package":"go.temporal.io/server/tools/gomad3/internal/compatibilitypack","Test":"TestEvaluateMatchingPackDecisions/module-path-drift","Output":"--- PASS: TestEvaluateMatchingPackDecisions/module-path-drift (0.00s)\n","OutputType":"frame"}
{"Time":"2026-10-05T14:19:02.512694162Z","Action":"pass","Package":"go.temporal.io/server/tools/gomad3/internal/compatibilitypack","Test":"TestEvaluateMatchingPackDecisions/module-path-drift","Elapsed":0}
{"Time":"2026-10-05T14:19:02.512705287Z","Action":"run","Package":"go.temporal.io/server/tools/gomad3/internal/compatibilitypack","Test":"TestEvaluateMatchingPackDecisions/module-version-drift"}
{"Time":"2026-10-05T14:19:02.512714828Z","Action":"output","Package":"go.temporal.io/server/tools/gomad3/internal/compatibilitypack","Test":"TestEvaluateMatchingPackDecisions/module-version-drift","Output":"=== RUN   TestEvaluateMatchingPackDecisions/module-version-drift\n","OutputType":"frame"}
{"Time":"2026-10-05T14:19:02.512727578Z","Action":"output","Package":"go.temporal.io/server/tools/gomad3/internal/compatibilitypack","Test":"TestEvaluateMatchingPackDecisions/module-version-drift","Output":"    policy_exhaustive_test.go:75: decision=compatibility.Decision{Allowed:false, Disposition:\"denied\", Remediation:\"add_exact_pack\", PackID:\"\"} bytes=\"{\\\"allowed\\\":false,\\\"disposition\\\":\\\"denied\\\",\\\"remediation\\\":\\\"add_exact_pack\\\"}\"\n"}
{"Time":"2026-10-05T14:19:02.512740828Z","Action":"output","Package":"go.temporal.io/server/tools/gomad3/internal/compatibilitypack","Test":"TestEvaluateMatchingPackDecisions/module-version-drift","Output":"--- PASS: TestEvaluateMatchingPackDecisions/module-version-drift (0.00s)\n","OutputType":"frame"}
{"Time":"2026-10-05T14:19:02.51275437Z","Action":"pass","Package":"go.temporal.io/server/tools/gomad3/internal/compatibilitypack","Test":"TestEvaluateMatchingPackDecisions/module-version-drift","Elapsed":0}
{"Time":"2026-10-05T14:19:02.512770287Z","Action":"run","Package":"go.temporal.io/server/tools/gomad3/internal/compatibilitypack","Test":"TestEvaluateMatchingPackDecisions/module-sum-drift"}
{"Time":"2026-10-05T14:19:02.512784328Z","Action":"output","Package":"go.temporal.io/server/tools/gomad3/internal/compatibilitypack","Test":"TestEvaluateMatchingPackDecisions/module-sum-drift","Output":"=== RUN   TestEvaluateMatchingPackDecisions/module-sum-drift\n","OutputType":"frame"}
{"Time":"2026-10-05T14:19:02.512798453Z","Action":"output","Package":"go.temporal.io/server/tools/gomad3/internal/compatibilitypack","Test":"TestEvaluateMatchingPackDecisions/module-sum-drift","Output":"    policy_exhaustive_test.go:75: decision=compatibility.Decision{Allowed:false, Disposition:\"denied\", Remediation:\"add_exact_pack\", PackID:\"\"} bytes=\"{\\\"allowed\\\":false,\\\"disposition\\\":\\\"denied\\\",\\\"remediation\\\":\\\"add_exact_pack\\\"}\"\n"}
{"Time":"2026-10-05T14:19:02.512811828Z","Action":"output","Package":"go.temporal.io/server/tools/gomad3/internal/compatibilitypack","Test":"TestEvaluateMatchingPackDecisions/module-sum-drift","Output":"--- PASS: TestEvaluateMatchingPackDecisions/module-sum-drift (0.00s)\n","OutputType":"frame"}
{"Time":"2026-10-05T14:19:02.512822287Z","Action":"pass","Package":"go.temporal.io/server/tools/gomad3/internal/compatibilitypack","Test":"TestEvaluateMatchingPackDecisions/module-sum-drift","Elapsed":0}
{"Time":"2026-10-05T14:19:02.51283662Z","Action":"run","Package":"go.temporal.io/server/tools/gomad3/internal/compatibilitypack","Test":"TestEvaluateMatchingPackDecisions/replacement-drift"}
{"Time":"2026-10-05T14:19:02.512849203Z","Action":"output","Package":"go.temporal.io/server/tools/gomad3/internal/compatibilitypack","Test":"TestEvaluateMatchingPackDecisions/replacement-drift","Output":"=== RUN   TestEvaluateMatchingPackDecisions/replacement-drift\n","OutputType":"frame"}
{"Time":"2026-10-05T14:19:02.512863495Z","Action":"output","Package":"go.temporal.io/server/tools/gomad3/internal/compatibilitypack","Test":"TestEvaluateMatchingPackDecisions/replacement-drift","Output":"    policy_exhaustive_test.go:75: decision=compatibility.Decision{Allowed:false, Disposition:\"denied\", Remediation:\"add_exact_pack\", PackID:\"\"} bytes=\"{\\\"allowed\\\":false,\\\"disposition\\\":\\\"denied\\\",\\\"remediation\\\":\\\"add_exact_pack\\\"}\"\n"}
{"Time":"2026-10-05T14:19:02.51288162Z","Action":"output","Package":"go.temporal.io/server/tools/gomad3/internal/compatibilitypack","Test":"TestEvaluateMatchingPackDecisions/replacement-drift","Output":"--- PASS: TestEvaluateMatchingPackDecisions/replacement-drift (0.00s)\n","OutputType":"frame"}
{"Time":"2026-10-05T14:19:02.512895703Z","Action":"pass","Package":"go.temporal.io/server/tools/gomad3/internal/compatibilitypack","Test":"TestEvaluateMatchingPackDecisions/replacement-drift","Elapsed":0}
{"Time":"2026-10-05T14:19:02.512909078Z","Action":"run","Package":"go.temporal.io/server/tools/gomad3/internal/compatibilitypack","Test":"TestEvaluateMatchingPackDecisions/local-replacement"}
{"Time":"2026-10-05T14:19:02.51292137Z","Action":"output","Package":"go.temporal.io/server/tools/gomad3/internal/compatibilitypack","Test":"TestEvaluateMatchingPackDecisions/local-replacement","Output":"=== RUN   TestEvaluateMatchingPackDecisions/local-replacement\n","OutputType":"frame"}
{"Time":"2026-10-05T14:19:02.512932578Z","Action":"output","Package":"go.temporal.io/server/tools/gomad3/internal/compatibilitypack","Test":"TestEvaluateMatchingPackDecisions/local-replacement","Output":"    policy_exhaustive_test.go:75: decision=compatibility.Decision{Allowed:false, Disposition:\"denied\", Remediation:\"add_adapter\", PackID:\"\"} bytes=\"{\\\"allowed\\\":false,\\\"disposition\\\":\\\"denied\\\",\\\"remediation\\\":\\\"add_adapter\\\"}\"\n"}
{"Time":"2026-10-05T14:19:02.512945037Z","Action":"output","Package":"go.temporal.io/server/tools/gomad3/internal/compatibilitypack","Test":"TestEvaluateMatchingPackDecisions/local-replacement","Output":"--- PASS: TestEvaluateMatchingPackDecisions/local-replacement (0.00s)\n","OutputType":"frame"}
{"Time":"2026-10-05T14:19:02.512959037Z","Action":"pass","Package":"go.temporal.io/server/tools/gomad3/internal/compatibilitypack","Test":"TestEvaluateMatchingPackDecisions/local-replacement","Elapsed":0}
{"Time":"2026-10-05T14:19:02.512973537Z","Action":"run","Package":"go.temporal.io/server/tools/gomad3/internal/compatibilitypack","Test":"TestEvaluateMatchingPackDecisions/missing-module"}
{"Time":"2026-10-05T14:19:02.512990203Z","Action":"output","Package":"go.temporal.io/server/tools/gomad3/internal/compatibilitypack","Test":"TestEvaluateMatchingPackDecisions/missing-module","Output":"=== RUN   TestEvaluateMatchingPackDecisions/missing-module\n","OutputType":"frame"}
{"Time":"2026-10-05T14:19:02.513005703Z","Action":"output","Package":"go.temporal.io/server/tools/gomad3/internal/compatibilitypack","Test":"TestEvaluateMatchingPackDecisions/missing-module","Output":"    policy_exhaustive_test.go:75: decision=compatibility.Decision{Allowed:false, Disposition:\"denied\", Remediation:\"model_operation\", PackID:\"\"} bytes=\"{\\\"allowed\\\":false,\\\"disposition\\\":\\\"denied\\\",\\\"remediation\\\":\\\"model_operation\\\"}\"\n"}
{"Time":"2026-10-05T14:19:02.513018953Z","Action":"output","Package":"go.temporal.io/server/tools/gomad3/internal/compatibilitypack","Test":"TestEvaluateMatchingPackDecisions/missing-module","Output":"--- PASS: TestEvaluateMatchingPackDecisions/missing-module (0.00s)\n","OutputType":"frame"}
{"Time":"2026-10-05T14:19:02.513028495Z","Action":"pass","Package":"go.temporal.io/server/tools/gomad3/internal/compatibilitypack","Test":"TestEvaluateMatchingPackDecisions/missing-module","Elapsed":0}
{"Time":"2026-10-05T14:19:02.513044662Z","Action":"run","Package":"go.temporal.io/server/tools/gomad3/internal/compatibilitypack","Test":"TestEvaluateMatchingPackDecisions/linkname-missing-module"}
{"Time":"2026-10-05T14:19:02.51305612Z","Action":"output","Package":"go.temporal.io/server/tools/gomad3/internal/compatibilitypack","Test":"TestEvaluateMatchingPackDecisions/linkname-missing-module","Output":"=== RUN   TestEvaluateMatchingPackDecisions/linkname-missing-module\n","OutputType":"frame"}
{"Time":"2026-10-05T14:19:02.513066412Z","Action":"output","Package":"go.temporal.io/server/tools/gomad3/internal/compatibilitypack","Test":"TestEvaluateMatchingPackDecisions/linkname-missing-module","Output":"    policy_exhaustive_test.go:75: decision=compatibility.Decision{Allowed:false, Disposition:\"denied\", Remediation:\"remain_unsupported\", PackID:\"\"} bytes=\"{\\\"allowed\\\":false,\\\"disposition\\\":\\\"denied\\\",\\\"remediation\\\":\\\"remain_unsupported\\\"}\"\n"}
{"Time":"2026-10-05T14:19:02.513099537Z","Action":"output","Package":"go.temporal.io/server/tools/gomad3/internal/compatibilitypack","Test":"TestEvaluateMatchingPackDecisions/linkname-missing-module","Output":"--- PASS: TestEvaluateMatchingPackDecisions/linkname-missing-module (0.00s)\n","OutputType":"frame"}
{"Time":"2026-10-05T14:19:02.51312512Z","Action":"pass","Package":"go.temporal.io/server/tools/gomad3/internal/compatibilitypack","Test":"TestEvaluateMatchingPackDecisions/linkname-missing-module","Elapsed":0}
{"Time":"2026-10-05T14:19:02.513142995Z","Action":"run","Package":"go.temporal.io/server/tools/gomad3/internal/compatibilitypack","Test":"TestEvaluateMatchingPackDecisions/source-set-drift"}
{"Time":"2026-10-05T14:19:02.513161662Z","Action":"output","Package":"go.temporal.io/server/tools/gomad3/internal/compatibilitypack","Test":"TestEvaluateMatchingPackDecisions/source-set-drift","Output":"=== RUN   TestEvaluateMatchingPackDecisions/source-set-drift\n","OutputType":"frame"}
{"Time":"2026-10-05T14:19:02.513189537Z","Action":"output","Package":"go.temporal.io/server/tools/gomad3/internal/compatibilitypack","Test":"TestEvaluateMatchingPackDecisions/source-set-drift","Output":"    policy_exhaustive_test.go:75: decision=compatibility.Decision{Allowed:false, Disposition:\"denied\", Remediation:\"add_exact_pack\", PackID:\"\"} bytes=\"{\\\"allowed\\\":false,\\\"disposition\\\":\\\"denied\\\",\\\"remediation\\\":\\\"add_exact_pack\\\"}\"\n"}
{"Time":"2026-10-05T14:19:02.51321337Z","Action":"output","Package":"go.temporal.io/server/tools/gomad3/internal/compatibilitypack","Test":"TestEvaluateMatchingPackDecisions/source-set-drift","Output":"--- PASS: TestEvaluateMatchingPackDecisions/source-set-drift (0.00s)\n","OutputType":"frame"}
{"Time":"2026-10-05T14:19:02.513226495Z","Action":"pass","Package":"go.temporal.io/server/tools/gomad3/internal/compatibilitypack","Test":"TestEvaluateMatchingPackDecisions/source-set-drift","Elapsed":0}
{"Time":"2026-10-05T14:19:02.513242412Z","Action":"run","Package":"go.temporal.io/server/tools/gomad3/internal/compatibilitypack","Test":"TestEvaluateMatchingPackDecisions/source-name-drift"}
{"Time":"2026-10-05T14:19:02.513268703Z","Action":"output","Package":"go.temporal.io/server/tools/gomad3/internal/compatibilitypack","Test":"TestEvaluateMatchingPackDecisions/source-name-drift","Output":"=== RUN   TestEvaluateMatchingPackDecisions/source-name-drift\n","OutputType":"frame"}
{"Time":"2026-10-05T14:19:02.513282578Z","Action":"output","Package":"go.temporal.io/server/tools/gomad3/internal/compatibilitypack","Test":"TestEvaluateMatchingPackDecisions/source-name-drift","Output":"    policy_exhaustive_test.go:75: decision=compatibility.Decision{Allowed:false, Disposition:\"denied\", Remediation:\"add_exact_pack\", PackID:\"\"} bytes=\"{\\\"allowed\\\":false,\\\"disposition\\\":\\\"denied\\\",\\\"remediation\\\":\\\"add_exact_pack\\\"}\"\n"}
{"Time":"2026-10-05T14:19:02.51329637Z","Action":"output","Package":"go.temporal.io/server/tools/gomad3/internal/compatibilitypack","Test":"TestEvaluateMatchingPackDecisions/source-name-drift","Output":"--- PASS: TestEvaluateMatchingPackDecisions/source-name-drift (0.00s)\n","OutputType":"frame"}
{"Time":"2026-10-05T14:19:02.513311245Z","Action":"pass","Package":"go.temporal.io/server/tools/gomad3/internal/compatibilitypack","Test":"TestEvaluateMatchingPackDecisions/source-name-drift","Elapsed":0}
{"Time":"2026-10-05T14:19:02.513324037Z","Action":"run","Package":"go.temporal.io/server/tools/gomad3/internal/compatibilitypack","Test":"TestEvaluateMatchingPackDecisions/source-hash-drift"}
{"Time":"2026-10-05T14:19:02.513337912Z","Action":"output","Package":"go.temporal.io/server/tools/gomad3/internal/compatibilitypack","Test":"TestEvaluateMatchingPackDecisions/source-hash-drift","Output":"=== RUN   TestEvaluateMatchingPackDecisions/source-hash-drift\n","OutputType":"frame"}
{"Time":"2026-10-05T14:19:02.513353662Z","Action":"output","Package":"go.temporal.io/server/tools/gomad3/internal/compatibilitypack","Test":"TestEvaluateMatchingPackDecisions/source-hash-drift","Output":"    policy_exhaustive_test.go:75: decision=compatibility.Decision{Allowed:false, Disposition:\"denied\", Remediation:\"add_exact_pack\", PackID:\"\"} bytes=\"{\\\"allowed\\\":false,\\\"disposition\\\":\\\"denied\\\",\\\"remediation\\\":\\\"add_exact_pack\\\"}\"\n"}
{"Time":"2026-10-05T14:19:02.513364495Z","Action":"output","Package":"go.temporal.io/server/tools/gomad3/internal/compatibilitypack","Test":"TestEvaluateMatchingPackDecisions/source-hash-drift","Output":"--- PASS: TestEvaluateMatchingPackDecisions/source-hash-drift (0.00s)\n","OutputType":"frame"}
{"Time":"2026-10-05T14:19:02.51337512Z","Action":"pass","Package":"go.temporal.io/server/tools/gomad3/internal/compatibilitypack","Test":"TestEvaluateMatchingPackDecisions/source-hash-drift","Elapsed":0}
{"Time":"2026-10-05T14:19:02.513383037Z","Action":"run","Package":"go.temporal.io/server/tools/gomad3/internal/compatibilitypack","Test":"TestEvaluateMatchingPackDecisions/source-nil-inventory"}
{"Time":"2026-10-05T14:19:02.513391453Z","Action":"output","Package":"go.temporal.io/server/tools/gomad3/internal/compatibilitypack","Test":"TestEvaluateMatchingPackDecisions/source-nil-inventory","Output":"=== RUN   TestEvaluateMatchingPackDecisions/source-nil-inventory\n","OutputType":"frame"}
{"Time":"2026-10-05T14:19:02.513404203Z","Action":"output","Package":"go.temporal.io/server/tools/gomad3/internal/compatibilitypack","Test":"TestEvaluateMatchingPackDecisions/source-nil-inventory","Output":"    policy_exhaustive_test.go:75: decision=compatibility.Decision{Allowed:false, Disposition:\"denied\", Remediation:\"add_exact_pack\", PackID:\"\"} bytes=\"{\\\"allowed\\\":false,\\\"disposition\\\":\\\"denied\\\",\\\"remediation\\\":\\\"add_exact_pack\\\"}\"\n"}
{"Time":"2026-10-05T14:19:02.513417287Z","Action":"output","Package":"go.temporal.io/server/tools/gomad3/internal/compatibilitypack","Test":"TestEvaluateMatchingPackDecisions/source-nil-inventory","Output":"--- PASS: TestEvaluateMatchingPackDecisions/source-nil-inventory (0.00s)\n","OutputType":"frame"}
{"Time":"2026-10-05T14:19:02.51343637Z","Action":"pass","Package":"go.temporal.io/server/tools/gomad3/internal/compatibilitypack","Test":"TestEvaluateMatchingPackDecisions/source-nil-inventory","Elapsed":0}
{"Time":"2026-10-05T14:19:02.513449953Z","Action":"run","Package":"go.temporal.io/server/tools/gomad3/internal/compatibilitypack","Test":"TestEvaluateMatchingPackDecisions/source-empty-inventory"}
{"Time":"2026-10-05T14:19:02.513463287Z","Action":"output","Package":"go.temporal.io/server/tools/gomad3/internal/compatibilitypack","Test":"TestEvaluateMatchingPackDecisions/source-empty-inventory","Output":"=== RUN   TestEvaluateMatchingPackDecisions/source-empty-inventory\n","OutputType":"frame"}
{"Time":"2026-10-05T14:19:02.51347262Z","Action":"output","Package":"go.temporal.io/server/tools/gomad3/internal/compatibilitypack","Test":"TestEvaluateMatchingPackDecisions/source-empty-inventory","Output":"    policy_exhaustive_test.go:75: decision=compatibility.Decision{Allowed:false, Disposition:\"denied\", Remediation:\"add_exact_pack\", PackID:\"\"} bytes=\"{\\\"allowed\\\":false,\\\"disposition\\\":\\\"denied\\\",\\\"remediation\\\":\\\"add_exact_pack\\\"}\"\n"}
{"Time":"2026-10-05T14:19:02.513482412Z","Action":"output","Package":"go.temporal.io/server/tools/gomad3/internal/compatibilitypack","Test":"TestEvaluateMatchingPackDecisions/source-empty-inventory","Output":"--- PASS: TestEvaluateMatchingPackDecisions/source-empty-inventory (0.00s)\n","OutputType":"frame"}
{"Time":"2026-10-05T14:19:02.51348962Z","Action":"pass","Package":"go.temporal.io/server/tools/gomad3/internal/compatibilitypack","Test":"TestEvaluateMatchingPackDecisions/source-empty-inventory","Elapsed":0}
{"Time":"2026-10-05T14:19:02.513497745Z","Action":"run","Package":"go.temporal.io/server/tools/gomad3/internal/compatibilitypack","Test":"TestEvaluateMatchingPackDecisions/source-extra-inventory"}
{"Time":"2026-10-05T14:19:02.513506328Z","Action":"output","Package":"go.temporal.io/server/tools/gomad3/internal/compatibilitypack","Test":"TestEvaluateMatchingPackDecisions/source-extra-inventory","Output":"=== RUN   TestEvaluateMatchingPackDecisions/source-extra-inventory\n","OutputType":"frame"}
{"Time":"2026-10-05T14:19:02.513517037Z","Action":"output","Package":"go.temporal.io/server/tools/gomad3/internal/compatibilitypack","Test":"TestEvaluateMatchingPackDecisions/source-extra-inventory","Output":"    policy_exhaustive_test.go:75: decision=compatibility.Decision{Allowed:false, Disposition:\"denied\", Remediation:\"add_exact_pack\", PackID:\"\"} bytes=\"{\\\"allowed\\\":false,\\\"disposition\\\":\\\"denied\\\",\\\"remediation\\\":\\\"add_exact_pack\\\"}\"\n"}
{"Time":"2026-10-05T14:19:02.513530828Z","Action":"output","Package":"go.temporal.io/server/tools/gomad3/internal/compatibilitypack","Test":"TestEvaluateMatchingPackDecisions/source-extra-inventory","Output":"--- PASS: TestEvaluateMatchingPackDecisions/source-extra-inventory (0.00s)\n","OutputType":"frame"}
{"Time":"2026-10-05T14:19:02.513543412Z","Action":"pass","Package":"go.temporal.io/server/tools/gomad3/internal/compatibilitypack","Test":"TestEvaluateMatchingPackDecisions/source-extra-inventory","Elapsed":0}
{"Time":"2026-10-05T14:19:02.513557245Z","Action":"run","Package":"go.temporal.io/server/tools/gomad3/internal/compatibilitypack","Test":"TestEvaluateMatchingPackDecisions/foreign-source-drift"}
{"Time":"2026-10-05T14:19:02.513571703Z","Action":"output","Package":"go.temporal.io/server/tools/gomad3/internal/compatibilitypack","Test":"TestEvaluateMatchingPackDecisions/foreign-source-drift","Output":"=== RUN   TestEvaluateMatchingPackDecisions/foreign-source-drift\n","OutputType":"frame"}
{"Time":"2026-10-05T14:19:02.513582037Z","Action":"output","Package":"go.temporal.io/server/tools/gomad3/internal/compatibilitypack","Test":"TestEvaluateMatchingPackDecisions/foreign-source-drift","Output":"    policy_exhaustive_test.go:75: decision=compatibility.Decision{Allowed:false, Disposition:\"denied\", Remediation:\"add_exact_pack\", PackID:\"\"} bytes=\"{\\\"allowed\\\":false,\\\"disposition\\\":\\\"denied\\\",\\\"remediation\\\":\\\"add_exact_pack\\\"}\"\n"}
{"Time":"2026-10-05T14:19:02.513595995Z","Action":"output","Package":"go.temporal.io/server/tools/gomad3/internal/compatibilitypack","Test":"TestEvaluateMatchingPackDecisions/foreign-source-drift","Output":"--- PASS: TestEvaluateMatchingPackDecisions/foreign-source-drift (0.00s)\n","OutputType":"frame"}
{"Time":"2026-10-05T14:19:02.513604578Z","Action":"pass","Package":"go.temporal.io/server/tools/gomad3/internal/compatibilitypack","Test":"TestEvaluateMatchingPackDecisions/foreign-source-drift","Elapsed":0}
{"Time":"2026-10-05T14:19:02.513612412Z","Action":"run","Package":"go.temporal.io/server/tools/gomad3/internal/compatibilitypack","Test":"TestEvaluateMatchingPackDecisions/nil-empty-foreign-equivalence"}
{"Time":"2026-10-05T14:19:02.513620912Z","Action":"output","Package":"go.temporal.io/server/tools/gomad3/internal/compatibilitypack","Test":"TestEvaluateMatchingPackDecisions/nil-empty-foreign-equivalence","Output":"=== RUN   TestEvaluateMatchingPackDecisions/nil-empty-foreign-equivalence\n","OutputType":"frame"}
{"Time":"2026-10-05T14:19:02.513631703Z","Action":"output","Package":"go.temporal.io/server/tools/gomad3/internal/compatibilitypack","Test":"TestEvaluateMatchingPackDecisions/nil-empty-foreign-equivalence","Output":"    policy_exhaustive_test.go:75: decision=compatibility.Decision{Allowed:true, Disposition:\"allowed_by_exact_pack\", Remediation:\"\", PackID:\"example-pack\"} bytes=\"{\\\"allowed\\\":true,\\\"disposition\\\":\\\"allowed_by_exact_pack\\\",\\\"pack_id\\\":\\\"example-pack\\\"}\"\n"}
{"Time":"2026-10-05T14:19:02.513645912Z","Action":"output","Package":"go.temporal.io/server/tools/gomad3/internal/compatibilitypack","Test":"TestEvaluateMatchingPackDecisions/nil-empty-foreign-equivalence","Output":"--- PASS: TestEvaluateMatchingPackDecisions/nil-empty-foreign-equivalence (0.00s)\n","OutputType":"frame"}
{"Time":"2026-10-05T14:19:02.513659953Z","Action":"pass","Package":"go.temporal.io/server/tools/gomad3/internal/compatibilitypack","Test":"TestEvaluateMatchingPackDecisions/nil-empty-foreign-equivalence","Elapsed":0}
{"Time":"2026-10-05T14:19:02.513675078Z","Action":"output","Package":"go.temporal.io/server/tools/gomad3/internal/compatibilitypack","Test":"TestEvaluateMatchingPackDecisions","Output":"--- PASS: TestEvaluateMatchingPackDecisions (0.00s)\n","OutputType":"frame"}
{"Time":"2026-10-05T14:19:02.513690078Z","Action":"pass","Package":"go.temporal.io/server/tools/gomad3/internal/compatibilitypack","Test":"TestEvaluateMatchingPackDecisions","Elapsed":0}
{"Time":"2026-10-05T14:19:02.513698745Z","Action":"run","Package":"go.temporal.io/server/tools/gomad3/internal/compatibilitypack","Test":"TestEvaluateHostImportDecisions"}
{"Time":"2026-10-05T14:19:02.51370812Z","Action":"output","Package":"go.temporal.io/server/tools/gomad3/internal/compatibilitypack","Test":"TestEvaluateHostImportDecisions","Output":"=== RUN   TestEvaluateHostImportDecisions\n","OutputType":"frame"}
{"Time":"2026-10-05T14:19:02.513717245Z","Action":"run","Package":"go.temporal.io/server/tools/gomad3/internal/compatibilitypack","Test":"TestEvaluateHostImportDecisions/import:os/exec"}
{"Time":"2026-10-05T14:19:02.513725662Z","Action":"output","Package":"go.temporal.io/server/tools/gomad3/internal/compatibilitypack","Test":"TestEvaluateHostImportDecisions/import:os/exec","Output":"=== RUN   TestEvaluateHostImportDecisions/import:os/exec\n","OutputType":"frame"}
{"Time":"2026-10-05T14:19:02.513734828Z","Action":"output","Package":"go.temporal.io/server/tools/gomad3/internal/compatibilitypack","Test":"TestEvaluateHostImportDecisions/import:os/exec","Output":"    policy_exhaustive_test.go:93: decision=compatibility.Decision{Allowed:false, Disposition:\"denied\", Remediation:\"remain_unsupported\", PackID:\"\"} bytes=\"{\\\"allowed\\\":false,\\\"disposition\\\":\\\"denied\\\",\\\"remediation\\\":\\\"remain_unsupported\\\"}\"\n"}
{"Time":"2026-10-05T14:19:02.513746078Z","Action":"output","Package":"go.temporal.io/server/tools/gomad3/internal/compatibilitypack","Test":"TestEvaluateHostImportDecisions/import:os/exec","Output":"--- PASS: TestEvaluateHostImportDecisions/import:os/exec (0.00s)\n","OutputType":"frame"}
{"Time":"2026-10-05T14:19:02.513764037Z","Action":"pass","Package":"go.temporal.io/server/tools/gomad3/internal/compatibilitypack","Test":"TestEvaluateHostImportDecisions/import:os/exec","Elapsed":0}
{"Time":"2026-10-05T14:19:02.513777828Z","Action":"run","Package":"go.temporal.io/server/tools/gomad3/internal/compatibilitypack","Test":"TestEvaluateHostImportDecisions/import:os/signal"}
{"Time":"2026-10-05T14:19:02.513791995Z","Action":"output","Package":"go.temporal.io/server/tools/gomad3/internal/compatibilitypack","Test":"TestEvaluateHostImportDecisions/import:os/signal","Output":"=== RUN   TestEvaluateHostImportDecisions/import:os/signal\n","OutputType":"frame"}
{"Time":"2026-10-05T14:19:02.513806495Z","Action":"output","Package":"go.temporal.io/server/tools/gomad3/internal/compatibilitypack","Test":"TestEvaluateHostImportDecisions/import:os/signal","Output":"    policy_exhaustive_test.go:93: decision=compatibility.Decision{Allowed:false, Disposition:\"denied\", Remediation:\"remain_unsupported\", PackID:\"\"} bytes=\"{\\\"allowed\\\":false,\\\"disposition\\\":\\\"denied\\\",\\\"remediation\\\":\\\"remain_unsupported\\\"}\"\n"}
{"Time":"2026-10-05T14:19:02.513816328Z","Action":"output","Package":"go.temporal.io/server/tools/gomad3/internal/compatibilitypack","Test":"TestEvaluateHostImportDecisions/import:os/signal","Output":"--- PASS: TestEvaluateHostImportDecisions/import:os/signal (0.00s)\n","OutputType":"frame"}
{"Time":"2026-10-05T14:19:02.513825745Z","Action":"pass","Package":"go.temporal.io/server/tools/gomad3/internal/compatibilitypack","Test":"TestEvaluateHostImportDecisions/import:os/signal","Elapsed":0}
{"Time":"2026-10-05T14:19:02.513833662Z","Action":"run","Package":"go.temporal.io/server/tools/gomad3/internal/compatibilitypack","Test":"TestEvaluateHostImportDecisions/import:os/user"}
{"Time":"2026-10-05T14:19:02.513841662Z","Action":"output","Package":"go.temporal.io/server/tools/gomad3/internal/compatibilitypack","Test":"TestEvaluateHostImportDecisions/import:os/user","Output":"=== RUN   TestEvaluateHostImportDecisions/import:os/user\n","OutputType":"frame"}
{"Time":"2026-10-05T14:19:02.513850787Z","Action":"output","Package":"go.temporal.io/server/tools/gomad3/internal/compatibilitypack","Test":"TestEvaluateHostImportDecisions/import:os/user","Output":"    policy_exhaustive_test.go:93: decision=compatibility.Decision{Allowed:false, Disposition:\"denied\", Remediation:\"remain_unsupported\", PackID:\"\"} bytes=\"{\\\"allowed\\\":false,\\\"disposition\\\":\\\"denied\\\",\\\"remediation\\\":\\\"remain_unsupported\\\"}\"\n"}
{"Time":"2026-10-05T14:19:02.513864203Z","Action":"output","Package":"go.temporal.io/server/tools/gomad3/internal/compatibilitypack","Test":"TestEvaluateHostImportDecisions/import:os/user","Output":"--- PASS: TestEvaluateHostImportDecisions/import:os/user (0.00s)\n","OutputType":"frame"}
{"Time":"2026-10-05T14:19:02.513875245Z","Action":"pass","Package":"go.temporal.io/server/tools/gomad3/internal/compatibilitypack","Test":"TestEvaluateHostImportDecisions/import:os/user","Elapsed":0}
{"Time":"2026-10-05T14:19:02.51388937Z","Action":"run","Package":"go.temporal.io/server/tools/gomad3/internal/compatibilitypack","Test":"TestEvaluateHostImportDecisions/import:plugin"}
{"Time":"2026-10-05T14:19:02.513902787Z","Action":"output","Package":"go.temporal.io/server/tools/gomad3/internal/compatibilitypack","Test":"TestEvaluateHostImportDecisions/import:plugin","Output":"=== RUN   TestEvaluateHostImportDecisions/import:plugin\n","OutputType":"frame"}
{"Time":"2026-10-05T14:19:02.513917578Z","Action":"output","Package":"go.temporal.io/server/tools/gomad3/internal/compatibilitypack","Test":"TestEvaluateHostImportDecisions/import:plugin","Output":"    policy_exhaustive_test.go:93: decision=compatibility.Decision{Allowed:false, Disposition:\"denied\", Remediation:\"remain_unsupported\", PackID:\"\"} bytes=\"{\\\"allowed\\\":false,\\\"disposition\\\":\\\"denied\\\",\\\"remediation\\\":\\\"remain_unsupported\\\"}\"\n"}
{"Time":"2026-10-05T14:19:02.513942328Z","Action":"output","Package":"go.temporal.io/server/tools/gomad3/internal/compatibilitypack","Test":"TestEvaluateHostImportDecisions/import:plugin","Output":"    policy_exhaustive_test.go:98: loader_error=\u003cnil\u003e\n"}
{"Time":"2026-10-05T14:19:02.51395162Z","Action":"output","Package":"go.temporal.io/server/tools/gomad3/internal/compatibilitypack","Test":"TestEvaluateHostImportDecisions/import:plugin","Output":"--- PASS: TestEvaluateHostImportDecisions/import:plugin (0.00s)\n","OutputType":"frame"}
{"Time":"2026-10-05T14:19:02.51396162Z","Action":"pass","Package":"go.temporal.io/server/tools/gomad3/internal/compatibilitypack","Test":"TestEvaluateHostImportDecisions/import:plugin","Elapsed":0}
{"Time":"2026-10-05T14:19:02.513975578Z","Action":"run","Package":"go.temporal.io/server/tools/gomad3/internal/compatibilitypack","Test":"TestEvaluateHostImportDecisions/import:runtime/cgo"}
{"Time":"2026-10-05T14:19:02.513987412Z","Action":"output","Package":"go.temporal.io/server/tools/gomad3/internal/compatibilitypack","Test":"TestEvaluateHostImportDecisions/import:runtime/cgo","Output":"=== RUN   TestEvaluateHostImportDecisions/import:runtime/cgo\n","OutputType":"frame"}
{"Time":"2026-10-05T14:19:02.514001203Z","Action":"output","Package":"go.temporal.io/server/tools/gomad3/internal/compatibilitypack","Test":"TestEvaluateHostImportDecisions/import:runtime/cgo","Output":"    policy_exhaustive_test.go:93: decision=compatibility.Decision{Allowed:false, Disposition:\"denied\", Remediation:\"remain_unsupported\", PackID:\"\"} bytes=\"{\\\"allowed\\\":false,\\\"disposition\\\":\\\"denied\\\",\\\"remediation\\\":\\\"remain_unsupported\\\"}\"\n"}
{"Time":"2026-10-05T14:19:02.514014953Z","Action":"output","Package":"go.temporal.io/server/tools/gomad3/internal/compatibilitypack","Test":"TestEvaluateHostImportDecisions/import:runtime/cgo","Output":"    policy_exhaustive_test.go:98: loader_error=\u003cnil\u003e\n"}
{"Time":"2026-10-05T14:19:02.514030578Z","Action":"output","Package":"go.temporal.io/server/tools/gomad3/internal/compatibilitypack","Test":"TestEvaluateHostImportDecisions/import:runtime/cgo","Output":"--- PASS: TestEvaluateHostImportDecisions/import:runtime/cgo (0.00s)\n","OutputType":"frame"}
{"Time":"2026-10-05T14:19:02.514039578Z","Action":"pass","Package":"go.temporal.io/server/tools/gomad3/internal/compatibilitypack","Test":"TestEvaluateHostImportDecisions/import:runtime/cgo","Elapsed":0}
{"Time":"2026-10-05T14:19:02.514047162Z","Action":"output","Package":"go.temporal.io/server/tools/gomad3/internal/compatibilitypack","Test":"TestEvaluateHostImportDecisions","Output":"--- PASS: TestEvaluateHostImportDecisions (0.00s)\n","OutputType":"frame"}
{"Time":"2026-10-05T14:19:02.514054828Z","Action":"pass","Package":"go.temporal.io/server/tools/gomad3/internal/compatibilitypack","Test":"TestEvaluateHostImportDecisions","Elapsed":0}
{"Time":"2026-10-05T14:19:02.51406287Z","Action":"run","Package":"go.temporal.io/server/tools/gomad3/internal/compatibilitypack","Test":"TestEvaluateNilAndEmptySelections"}
{"Time":"2026-10-05T14:19:02.514070828Z","Action":"output","Package":"go.temporal.io/server/tools/gomad3/internal/compatibilitypack","Test":"TestEvaluateNilAndEmptySelections","Output":"=== RUN   TestEvaluateNilAndEmptySelections\n","OutputType":"frame"}
{"Time":"2026-10-05T14:19:02.514080703Z","Action":"run","Package":"go.temporal.io/server/tools/gomad3/internal/compatibilitypack","Test":"TestEvaluateNilAndEmptySelections/nil"}
{"Time":"2026-10-05T14:19:02.514095787Z","Action":"output","Package":"go.temporal.io/server/tools/gomad3/internal/compatibilitypack","Test":"TestEvaluateNilAndEmptySelections/nil","Output":"=== RUN   TestEvaluateNilAndEmptySelections/nil\n","OutputType":"frame"}
{"Time":"2026-10-05T14:19:02.514109412Z","Action":"run","Package":"go.temporal.io/server/tools/gomad3/internal/compatibilitypack","Test":"TestEvaluateNilAndEmptySelections/nil/capability"}
{"Time":"2026-10-05T14:19:02.514123453Z","Action":"output","Package":"go.temporal.io/server/tools/gomad3/internal/compatibilitypack","Test":"TestEvaluateNilAndEmptySelections/nil/capability","Output":"=== RUN   TestEvaluateNilAndEmptySelections/nil/capability\n","OutputType":"frame"}
{"Time":"2026-10-05T14:19:02.514143078Z","Action":"output","Package":"go.temporal.io/server/tools/gomad3/internal/compatibilitypack","Test":"TestEvaluateNilAndEmptySelections/nil/capability","Output":"    policy_exhaustive_test.go:138: decision=compatibility.Decision{Allowed:false, Disposition:\"denied\", Remediation:\"add_exact_pack\", PackID:\"\"} bytes=\"{\\\"allowed\\\":false,\\\"disposition\\\":\\\"denied\\\",\\\"remediation\\\":\\\"add_exact_pack\\\"}\"\n"}
{"Time":"2026-10-05T14:19:02.514159953Z","Action":"output","Package":"go.temporal.io/server/tools/gomad3/internal/compatibilitypack","Test":"TestEvaluateNilAndEmptySelections/nil/capability","Output":"--- PASS: TestEvaluateNilAndEmptySelections/nil/capability (0.00s)\n","OutputType":"frame"}
{"Time":"2026-10-05T14:19:02.51417737Z","Action":"pass","Package":"go.temporal.io/server/tools/gomad3/internal/compatibilitypack","Test":"TestEvaluateNilAndEmptySelections/nil/capability","Elapsed":0}
{"Time":"2026-10-05T14:19:02.514186578Z","Action":"run","Package":"go.temporal.io/server/tools/gomad3/internal/compatibilitypack","Test":"TestEvaluateNilAndEmptySelections/nil/linkname"}
{"Time":"2026-10-05T14:19:02.514199037Z","Action":"output","Package":"go.temporal.io/server/tools/gomad3/internal/compatibilitypack","Test":"TestEvaluateNilAndEmptySelections/nil/linkname","Output":"=== RUN   TestEvaluateNilAndEmptySelections/nil/linkname\n","OutputType":"frame"}
{"Time":"2026-10-05T14:19:02.514212787Z","Action":"output","Package":"go.temporal.io/server/tools/gomad3/internal/compatibilitypack","Test":"TestEvaluateNilAndEmptySelections/nil/linkname","Output":"    policy_exhaustive_test.go:138: decision=compatibility.Decision{Allowed:false, Disposition:\"denied\", Remediation:\"add_exact_pack\", PackID:\"\"} bytes=\"{\\\"allowed\\\":false,\\\"disposition\\\":\\\"denied\\\",\\\"remediation\\\":\\\"add_exact_pack\\\"}\"\n"}
{"Time":"2026-10-05T14:19:02.514227328Z","Action":"output","Package":"go.temporal.io/server/tools/gomad3/internal/compatibilitypack","Test":"TestEvaluateNilAndEmptySelections/nil/linkname","Output":"--- PASS: TestEvaluateNilAndEmptySelections/nil/linkname (0.00s)\n","OutputType":"frame"}
{"Time":"2026-10-05T14:19:02.51424412Z","Action":"pass","Package":"go.temporal.io/server/tools/gomad3/internal/compatibilitypack","Test":"TestEvaluateNilAndEmptySelections/nil/linkname","Elapsed":0}
{"Time":"2026-10-05T14:19:02.514255037Z","Action":"run","Package":"go.temporal.io/server/tools/gomad3/internal/compatibilitypack","Test":"TestEvaluateNilAndEmptySelections/nil/malformed_linkname"}
{"Time":"2026-10-05T14:19:02.514268787Z","Action":"output","Package":"go.temporal.io/server/tools/gomad3/internal/compatibilitypack","Test":"TestEvaluateNilAndEmptySelections/nil/malformed_linkname","Output":"=== RUN   TestEvaluateNilAndEmptySelections/nil/malformed_linkname\n","OutputType":"frame"}
{"Time":"2026-10-05T14:19:02.51428187Z","Action":"output","Package":"go.temporal.io/server/tools/gomad3/internal/compatibilitypack","Test":"TestEvaluateNilAndEmptySelections/nil/malformed_linkname","Output":"    policy_exhaustive_test.go:138: decision=compatibility.Decision{Allowed:false, Disposition:\"denied\", Remediation:\"remain_unsupported\", PackID:\"\"} bytes=\"{\\\"allowed\\\":false,\\\"disposition\\\":\\\"denied\\\",\\\"remediation\\\":\\\"remain_unsupported\\\"}\"\n"}
{"Time":"2026-10-05T14:19:02.514294662Z","Action":"output","Package":"go.temporal.io/server/tools/gomad3/internal/compatibilitypack","Test":"TestEvaluateNilAndEmptySelections/nil/malformed_linkname","Output":"--- PASS: TestEvaluateNilAndEmptySelections/nil/malformed_linkname (0.00s)\n","OutputType":"frame"}
{"Time":"2026-10-05T14:19:02.51430687Z","Action":"pass","Package":"go.temporal.io/server/tools/gomad3/internal/compatibilitypack","Test":"TestEvaluateNilAndEmptySelections/nil/malformed_linkname","Elapsed":0}
{"Time":"2026-10-05T14:19:02.514318953Z","Action":"run","Package":"go.temporal.io/server/tools/gomad3/internal/compatibilitypack","Test":"TestEvaluateNilAndEmptySelections/nil/no_reviewed_go_source"}
{"Time":"2026-10-05T14:19:02.51432937Z","Action":"output","Package":"go.temporal.io/server/tools/gomad3/internal/compatibilitypack","Test":"TestEvaluateNilAndEmptySelections/nil/no_reviewed_go_source","Output":"=== RUN   TestEvaluateNilAndEmptySelections/nil/no_reviewed_go_source\n","OutputType":"frame"}
{"Time":"2026-10-05T14:19:02.514344162Z","Action":"output","Package":"go.temporal.io/server/tools/gomad3/internal/compatibilitypack","Test":"TestEvaluateNilAndEmptySelections/nil/no_reviewed_go_source","Output":"    policy_exhaustive_test.go:138: decision=compatibility.Decision{Allowed:false, Disposition:\"denied\", Remediation:\"remove_dependency\", PackID:\"\"} bytes=\"{\\\"allowed\\\":false,\\\"disposition\\\":\\\"denied\\\",\\\"remediation\\\":\\\"remove_dependency\\\"}\"\n"}
{"Time":"2026-10-05T14:19:02.514358412Z","Action":"output","Package":"go.temporal.io/server/tools/gomad3/internal/compatibilitypack","Test":"TestEvaluateNilAndEmptySelections/nil/no_reviewed_go_source","Output":"--- PASS: TestEvaluateNilAndEmptySelections/nil/no_reviewed_go_source (0.00s)\n","OutputType":"frame"}
{"Time":"2026-10-05T14:19:02.514372453Z","Action":"pass","Package":"go.temporal.io/server/tools/gomad3/internal/compatibilitypack","Test":"TestEvaluateNilAndEmptySelections/nil/no_reviewed_go_source","Elapsed":0}
{"Time":"2026-10-05T14:19:02.514385495Z","Action":"run","Package":"go.temporal.io/server/tools/gomad3/internal/compatibilitypack","Test":"TestEvaluateNilAndEmptySelections/nil/future-kind"}
{"Time":"2026-10-05T14:19:02.51439837Z","Action":"output","Package":"go.temporal.io/server/tools/gomad3/internal/compatibilitypack","Test":"TestEvaluateNilAndEmptySelections/nil/future-kind","Output":"=== RUN   TestEvaluateNilAndEmptySelections/nil/future-kind\n","OutputType":"frame"}
{"Time":"2026-10-05T14:19:02.514408662Z","Action":"output","Package":"go.temporal.io/server/tools/gomad3/internal/compatibilitypack","Test":"TestEvaluateNilAndEmptySelections/nil/future-kind","Output":"    policy_exhaustive_test.go:138: decision=compatibility.Decision{Allowed:false, Disposition:\"denied\", Remediation:\"remain_unsupported\", PackID:\"\"} bytes=\"{\\\"allowed\\\":false,\\\"disposition\\\":\\\"denied\\\",\\\"remediation\\\":\\\"remain_unsupported\\\"}\"\n"}
{"Time":"2026-10-05T14:19:02.514418912Z","Action":"output","Package":"go.temporal.io/server/tools/gomad3/internal/compatibilitypack","Test":"TestEvaluateNilAndEmptySelections/nil/future-kind","Output":"--- PASS: TestEvaluateNilAndEmptySelections/nil/future-kind (0.00s)\n","OutputType":"frame"}
{"Time":"2026-10-05T14:19:02.51442787Z","Action":"pass","Package":"go.temporal.io/server/tools/gomad3/internal/compatibilitypack","Test":"TestEvaluateNilAndEmptySelections/nil/future-kind","Elapsed":0}
{"Time":"2026-10-05T14:19:02.514438328Z","Action":"run","Package":"go.temporal.io/server/tools/gomad3/internal/compatibilitypack","Test":"TestEvaluateNilAndEmptySelections/nil/#00"}
{"Time":"2026-10-05T14:19:02.514452037Z","Action":"output","Package":"go.temporal.io/server/tools/gomad3/internal/compatibilitypack","Test":"TestEvaluateNilAndEmptySelections/nil/#00","Output":"=== RUN   TestEvaluateNilAndEmptySelections/nil/#00\n","OutputType":"frame"}
{"Time":"2026-10-05T14:19:02.514466828Z","Action":"output","Package":"go.temporal.io/server/tools/gomad3/internal/compatibilitypack","Test":"TestEvaluateNilAndEmptySelections/nil/#00","Output":"    policy_exhaustive_test.go:138: decision=compatibility.Decision{Allowed:false, Disposition:\"denied\", Remediation:\"remain_unsupported\", PackID:\"\"} bytes=\"{\\\"allowed\\\":false,\\\"disposition\\\":\\\"denied\\\",\\\"remediation\\\":\\\"remain_unsupported\\\"}\"\n"}
{"Time":"2026-10-05T14:19:02.514481745Z","Action":"output","Package":"go.temporal.io/server/tools/gomad3/internal/compatibilitypack","Test":"TestEvaluateNilAndEmptySelections/nil/#00","Output":"--- PASS: TestEvaluateNilAndEmptySelections/nil/#00 (0.00s)\n","OutputType":"frame"}
{"Time":"2026-10-05T14:19:02.514499412Z","Action":"pass","Package":"go.temporal.io/server/tools/gomad3/internal/compatibilitypack","Test":"TestEvaluateNilAndEmptySelections/nil/#00","Elapsed":0}
{"Time":"2026-10-05T14:19:02.514510287Z","Action":"output","Package":"go.temporal.io/server/tools/gomad3/internal/compatibilitypack","Test":"TestEvaluateNilAndEmptySelections/nil","Output":"--- PASS: TestEvaluateNilAndEmptySelections/nil (0.00s)\n","OutputType":"frame"}
{"Time":"2026-10-05T14:19:02.514519287Z","Action":"pass","Package":"go.temporal.io/server/tools/gomad3/internal/compatibilitypack","Test":"TestEvaluateNilAndEmptySelections/nil","Elapsed":0}
{"Time":"2026-10-05T14:19:02.51452862Z","Action":"run","Package":"go.temporal.io/server/tools/gomad3/internal/compatibilitypack","Test":"TestEvaluateNilAndEmptySelections/empty"}
{"Time":"2026-10-05T14:19:02.514536537Z","Action":"output","Package":"go.temporal.io/server/tools/gomad3/internal/compatibilitypack","Test":"TestEvaluateNilAndEmptySelections/empty","Output":"=== RUN   TestEvaluateNilAndEmptySelections/empty\n","OutputType":"frame"}
{"Time":"2026-10-05T14:19:02.514546328Z","Action":"run","Package":"go.temporal.io/server/tools/gomad3/internal/compatibilitypack","Test":"TestEvaluateNilAndEmptySelections/empty/capability"}
{"Time":"2026-10-05T14:19:02.514567495Z","Action":"output","Package":"go.temporal.io/server/tools/gomad3/internal/compatibilitypack","Test":"TestEvaluateNilAndEmptySelections/empty/capability","Output":"=== RUN   TestEvaluateNilAndEmptySelections/empty/capability\n","OutputType":"frame"}
{"Time":"2026-10-05T14:19:02.514587828Z","Action":"output","Package":"go.temporal.io/server/tools/gomad3/internal/compatibilitypack","Test":"TestEvaluateNilAndEmptySelections/empty/capability","Output":"    policy_exhaustive_test.go:138: decision=compatibility.Decision{Allowed:false, Disposition:\"denied\", Remediation:\"add_exact_pack\", PackID:\"\"} bytes=\"{\\\"allowed\\\":false,\\\"disposition\\\":\\\"denied\\\",\\\"remediation\\\":\\\"add_exact_pack\\\"}\"\n"}
{"Time":"2026-10-05T14:19:02.514603662Z","Action":"output","Package":"go.temporal.io/server/tools/gomad3/internal/compatibilitypack","Test":"TestEvaluateNilAndEmptySelections/empty/capability","Output":"--- PASS: TestEvaluateNilAndEmptySelections/empty/capability (0.00s)\n","OutputType":"frame"}
{"Time":"2026-10-05T14:19:02.514616537Z","Action":"pass","Package":"go.temporal.io/server/tools/gomad3/internal/compatibilitypack","Test":"TestEvaluateNilAndEmptySelections/empty/capability","Elapsed":0}
{"Time":"2026-10-05T14:19:02.514646453Z","Action":"run","Package":"go.temporal.io/server/tools/gomad3/internal/compatibilitypack","Test":"TestEvaluateNilAndEmptySelections/empty/linkname"}
{"Time":"2026-10-05T14:19:02.514668162Z","Action":"output","Package":"go.temporal.io/server/tools/gomad3/internal/compatibilitypack","Test":"TestEvaluateNilAndEmptySelections/empty/linkname","Output":"=== RUN   TestEvaluateNilAndEmptySelections/empty/linkname\n","OutputType":"frame"}
{"Time":"2026-10-05T14:19:02.514682995Z","Action":"output","Package":"go.temporal.io/server/tools/gomad3/internal/compatibilitypack","Test":"TestEvaluateNilAndEmptySelections/empty/linkname","Output":"    policy_exhaustive_test.go:138: decision=compatibility.Decision{Allowed:false, Disposition:\"denied\", Remediation:\"add_exact_pack\", PackID:\"\"} bytes=\"{\\\"allowed\\\":false,\\\"disposition\\\":\\\"denied\\\",\\\"remediation\\\":\\\"add_exact_pack\\\"}\"\n"}
{"Time":"2026-10-05T14:19:02.514698037Z","Action":"output","Package":"go.temporal.io/server/tools/gomad3/internal/compatibilitypack","Test":"TestEvaluateNilAndEmptySelections/empty/linkname","Output":"--- PASS: TestEvaluateNilAndEmptySelections/empty/linkname (0.00s)\n","OutputType":"frame"}
{"Time":"2026-10-05T14:19:02.514712537Z","Action":"pass","Package":"go.temporal.io/server/tools/gomad3/internal/compatibilitypack","Test":"TestEvaluateNilAndEmptySelections/empty/linkname","Elapsed":0}
{"Time":"2026-10-05T14:19:02.514735328Z","Action":"run","Package":"go.temporal.io/server/tools/gomad3/internal/compatibilitypack","Test":"TestEvaluateNilAndEmptySelections/empty/malformed_linkname"}
{"Time":"2026-10-05T14:19:02.514747912Z","Action":"output","Package":"go.temporal.io/server/tools/gomad3/internal/compatibilitypack","Test":"TestEvaluateNilAndEmptySelections/empty/malformed_linkname","Output":"=== RUN   TestEvaluateNilAndEmptySelections/empty/malformed_linkname\n","OutputType":"frame"}
{"Time":"2026-10-05T14:19:02.514761245Z","Action":"output","Package":"go.temporal.io/server/tools/gomad3/internal/compatibilitypack","Test":"TestEvaluateNilAndEmptySelections/empty/malformed_linkname","Output":"    policy_exhaustive_test.go:138: decision=compatibility.Decision{Allowed:false, Disposition:\"denied\", Remediation:\"remain_unsupported\", PackID:\"\"} bytes=\"{\\\"allowed\\\":false,\\\"disposition\\\":\\\"denied\\\",\\\"remediation\\\":\\\"remain_unsupported\\\"}\"\n"}
{"Time":"2026-10-05T14:19:02.514777287Z","Action":"output","Package":"go.temporal.io/server/tools/gomad3/internal/compatibilitypack","Test":"TestEvaluateNilAndEmptySelections/empty/malformed_linkname","Output":"--- PASS: TestEvaluateNilAndEmptySelections/empty/malformed_linkname (0.00s)\n","OutputType":"frame"}
{"Time":"2026-10-05T14:19:02.514790912Z","Action":"pass","Package":"go.temporal.io/server/tools/gomad3/internal/compatibilitypack","Test":"TestEvaluateNilAndEmptySelections/empty/malformed_linkname","Elapsed":0}
{"Time":"2026-10-05T14:19:02.51480412Z","Action":"run","Package":"go.temporal.io/server/tools/gomad3/internal/compatibilitypack","Test":"TestEvaluateNilAndEmptySelections/empty/no_reviewed_go_source"}
{"Time":"2026-10-05T14:19:02.514820453Z","Action":"output","Package":"go.temporal.io/server/tools/gomad3/internal/compatibilitypack","Test":"TestEvaluateNilAndEmptySelections/empty/no_reviewed_go_source","Output":"=== RUN   TestEvaluateNilAndEmptySelections/empty/no_reviewed_go_source\n","OutputType":"frame"}
{"Time":"2026-10-05T14:19:02.514837495Z","Action":"output","Package":"go.temporal.io/server/tools/gomad3/internal/compatibilitypack","Test":"TestEvaluateNilAndEmptySelections/empty/no_reviewed_go_source","Output":"    policy_exhaustive_test.go:138: decision=compatibility.Decision{Allowed:false, Disposition:\"denied\", Remediation:\"remove_dependency\", PackID:\"\"} bytes=\"{\\\"allowed\\\":false,\\\"disposition\\\":\\\"denied\\\",\\\"remediation\\\":\\\"remove_dependency\\\"}\"\n"}
{"Time":"2026-10-05T14:19:02.51486712Z","Action":"output","Package":"go.temporal.io/server/tools/gomad3/internal/compatibilitypack","Test":"TestEvaluateNilAndEmptySelections/empty/no_reviewed_go_source","Output":"--- PASS: TestEvaluateNilAndEmptySelections/empty/no_reviewed_go_source (0.00s)\n","OutputType":"frame"}
{"Time":"2026-10-05T14:19:02.514888453Z","Action":"pass","Package":"go.temporal.io/server/tools/gomad3/internal/compatibilitypack","Test":"TestEvaluateNilAndEmptySelections/empty/no_reviewed_go_source","Elapsed":0}
{"Time":"2026-10-05T14:19:02.514901995Z","Action":"run","Package":"go.temporal.io/server/tools/gomad3/internal/compatibilitypack","Test":"TestEvaluateNilAndEmptySelections/empty/future-kind"}
{"Time":"2026-10-05T14:19:02.514911703Z","Action":"output","Package":"go.temporal.io/server/tools/gomad3/internal/compatibilitypack","Test":"TestEvaluateNilAndEmptySelections/empty/future-kind","Output":"=== RUN   TestEvaluateNilAndEmptySelections/empty/future-kind\n","OutputType":"frame"}
{"Time":"2026-10-05T14:19:02.514926662Z","Action":"output","Package":"go.temporal.io/server/tools/gomad3/internal/compatibilitypack","Test":"TestEvaluateNilAndEmptySelections/empty/future-kind","Output":"    policy_exhaustive_test.go:138: decision=compatibility.Decision{Allowed:false, Disposition:\"denied\", Remediation:\"remain_unsupported\", PackID:\"\"} bytes=\"{\\\"allowed\\\":false,\\\"disposition\\\":\\\"denied\\\",\\\"remediation\\\":\\\"remain_unsupported\\\"}\"\n"}
{"Time":"2026-10-05T14:19:02.514942078Z","Action":"output","Package":"go.temporal.io/server/tools/gomad3/internal/compatibilitypack","Test":"TestEvaluateNilAndEmptySelections/empty/future-kind","Output":"--- PASS: TestEvaluateNilAndEmptySelections/empty/future-kind (0.00s)\n","OutputType":"frame"}
{"Time":"2026-10-05T14:19:02.514961203Z","Action":"pass","Package":"go.temporal.io/server/tools/gomad3/internal/compatibilitypack","Test":"TestEvaluateNilAndEmptySelections/empty/future-kind","Elapsed":0}
{"Time":"2026-10-05T14:19:02.514978495Z","Action":"run","Package":"go.temporal.io/server/tools/gomad3/internal/compatibilitypack","Test":"TestEvaluateNilAndEmptySelections/empty/#00"}
{"Time":"2026-10-05T14:19:02.514993245Z","Action":"output","Package":"go.temporal.io/server/tools/gomad3/internal/compatibilitypack","Test":"TestEvaluateNilAndEmptySelections/empty/#00","Output":"=== RUN   TestEvaluateNilAndEmptySelections/empty/#00\n","OutputType":"frame"}
{"Time":"2026-10-05T14:19:02.515031245Z","Action":"output","Package":"go.temporal.io/server/tools/gomad3/internal/compatibilitypack","Test":"TestEvaluateNilAndEmptySelections/empty/#00","Output":"    policy_exhaustive_test.go:138: decision=compatibility.Decision{Allowed:false, Disposition:\"denied\", Remediation:\"remain_unsupported\", PackID:\"\"} bytes=\"{\\\"allowed\\\":false,\\\"disposition\\\":\\\"denied\\\",\\\"remediation\\\":\\\"remain_unsupported\\\"}\"\n"}
{"Time":"2026-10-05T14:19:02.515049745Z","Action":"output","Package":"go.temporal.io/server/tools/gomad3/internal/compatibilitypack","Test":"TestEvaluateNilAndEmptySelections/empty/#00","Output":"--- PASS: TestEvaluateNilAndEmptySelections/empty/#00 (0.00s)\n","OutputType":"frame"}
{"Time":"2026-10-05T14:19:02.515059453Z","Action":"pass","Package":"go.temporal.io/server/tools/gomad3/internal/compatibilitypack","Test":"TestEvaluateNilAndEmptySelections/empty/#00","Elapsed":0}
{"Time":"2026-10-05T14:19:02.515067537Z","Action":"output","Package":"go.temporal.io/server/tools/gomad3/internal/compatibilitypack","Test":"TestEvaluateNilAndEmptySelections/empty","Output":"--- PASS: TestEvaluateNilAndEmptySelections/empty (0.00s)\n","OutputType":"frame"}
{"Time":"2026-10-05T14:19:02.515075078Z","Action":"pass","Package":"go.temporal.io/server/tools/gomad3/internal/compatibilitypack","Test":"TestEvaluateNilAndEmptySelections/empty","Elapsed":0}
{"Time":"2026-10-05T14:19:02.515091287Z","Action":"output","Package":"go.temporal.io/server/tools/gomad3/internal/compatibilitypack","Test":"TestEvaluateNilAndEmptySelections","Output":"--- PASS: TestEvaluateNilAndEmptySelections (0.00s)\n","OutputType":"frame"}
{"Time":"2026-10-05T14:19:02.515106537Z","Action":"pass","Package":"go.temporal.io/server/tools/gomad3/internal/compatibilitypack","Test":"TestEvaluateNilAndEmptySelections","Elapsed":0}
{"Time":"2026-10-05T14:19:02.515120245Z","Action":"run","Package":"go.temporal.io/server/tools/gomad3/internal/compatibilitypack","Test":"TestEvaluateTraversesRulesAndPacks"}
{"Time":"2026-10-05T14:19:02.515133953Z","Action":"output","Package":"go.temporal.io/server/tools/gomad3/internal/compatibilitypack","Test":"TestEvaluateTraversesRulesAndPacks","Output":"=== RUN   TestEvaluateTraversesRulesAndPacks\n","OutputType":"frame"}
{"Time":"2026-10-05T14:19:02.515148828Z","Action":"run","Package":"go.temporal.io/server/tools/gomad3/internal/compatibilitypack","Test":"TestEvaluateTraversesRulesAndPacks/later-matching-rule"}
{"Time":"2026-10-05T14:19:02.515174162Z","Action":"output","Package":"go.temporal.io/server/tools/gomad3/internal/compatibilitypack","Test":"TestEvaluateTraversesRulesAndPacks/later-matching-rule","Output":"=== RUN   TestEvaluateTraversesRulesAndPacks/later-matching-rule\n","OutputType":"frame"}
{"Time":"2026-10-05T14:19:02.515202912Z","Action":"output","Package":"go.temporal.io/server/tools/gomad3/internal/compatibilitypack","Test":"TestEvaluateTraversesRulesAndPacks/later-matching-rule","Output":"    policy_exhaustive_test.go:160: decision=compatibility.Decision{Allowed:true, Disposition:\"allowed_by_exact_pack\", Remediation:\"\", PackID:\"example-pack\"} bytes=\"{\\\"allowed\\\":true,\\\"disposition\\\":\\\"allowed_by_exact_pack\\\",\\\"pack_id\\\":\\\"example-pack\\\"}\"\n"}
{"Time":"2026-10-05T14:19:02.515233787Z","Action":"output","Package":"go.temporal.io/server/tools/gomad3/internal/compatibilitypack","Test":"TestEvaluateTraversesRulesAndPacks/later-matching-rule","Output":"    policy_exhaustive_test.go:160: decision=compatibility.Decision{Allowed:true, Disposition:\"allowed_by_exact_pack\", Remediation:\"\", PackID:\"example-pack\"} bytes=\"{\\\"allowed\\\":true,\\\"disposition\\\":\\\"allowed_by_exact_pack\\\",\\\"pack_id\\\":\\\"example-pack\\\"}\"\n"}
{"Time":"2026-10-05T14:19:02.51526137Z","Action":"output","Package":"go.temporal.io/server/tools/gomad3/internal/compatibilitypack","Test":"TestEvaluateTraversesRulesAndPacks/later-matching-rule","Output":"--- PASS: TestEvaluateTraversesRulesAndPacks/later-matching-rule (0.00s)\n","OutputType":"frame"}
{"Time":"2026-10-05T14:19:02.515281495Z","Action":"pass","Package":"go.temporal.io/server/tools/gomad3/internal/compatibilitypack","Test":"TestEvaluateTraversesRulesAndPacks/later-matching-rule","Elapsed":0}
{"Time":"2026-10-05T14:19:02.515296662Z","Action":"run","Package":"go.temporal.io/server/tools/gomad3/internal/compatibilitypack","Test":"TestEvaluateTraversesRulesAndPacks/later-matching-pack"}
{"Time":"2026-10-05T14:19:02.515312703Z","Action":"output","Package":"go.temporal.io/server/tools/gomad3/internal/compatibilitypack","Test":"TestEvaluateTraversesRulesAndPacks/later-matching-pack","Output":"=== RUN   TestEvaluateTraversesRulesAndPacks/later-matching-pack\n","OutputType":"frame"}
{"Time":"2026-10-05T14:19:02.51532662Z","Action":"output","Package":"go.temporal.io/server/tools/gomad3/internal/compatibilitypack","Test":"TestEvaluateTraversesRulesAndPacks/later-matching-pack","Output":"    policy_exhaustive_test.go:196: decision=compatibility.Decision{Allowed:true, Disposition:\"allowed_by_exact_pack\", Remediation:\"\", PackID:\"z-pack\"} bytes=\"{\\\"allowed\\\":true,\\\"disposition\\\":\\\"allowed_by_exact_pack\\\",\\\"pack_id\\\":\\\"z-pack\\\"}\"\n"}
{"Time":"2026-10-05T14:19:02.515346787Z","Action":"output","Package":"go.temporal.io/server/tools/gomad3/internal/compatibilitypack","Test":"TestEvaluateTraversesRulesAndPacks/later-matching-pack","Output":"    policy_exhaustive_test.go:196: decision=compatibility.Decision{Allowed:true, Disposition:\"allowed_by_exact_pack\", Remediation:\"\", PackID:\"z-pack\"} bytes=\"{\\\"allowed\\\":true,\\\"disposition\\\":\\\"allowed_by_exact_pack\\\",\\\"pack_id\\\":\\\"z-pack\\\"}\"\n"}
{"Time":"2026-10-05T14:19:02.515368662Z","Action":"output","Package":"go.temporal.io/server/tools/gomad3/internal/compatibilitypack","Test":"TestEvaluateTraversesRulesAndPacks/later-matching-pack","Output":"--- PASS: TestEvaluateTraversesRulesAndPacks/later-matching-pack (0.00s)\n","OutputType":"frame"}
{"Time":"2026-10-05T14:19:02.515383453Z","Action":"pass","Package":"go.temporal.io/server/tools/gomad3/internal/compatibilitypack","Test":"TestEvaluateTraversesRulesAndPacks/later-matching-pack","Elapsed":0}
{"Time":"2026-10-05T14:19:02.515391328Z","Action":"run","Package":"go.temporal.io/server/tools/gomad3/internal/compatibilitypack","Test":"TestEvaluateTraversesRulesAndPacks/later-granting-pack"}
{"Time":"2026-10-05T14:19:02.515399287Z","Action":"output","Package":"go.temporal.io/server/tools/gomad3/internal/compatibilitypack","Test":"TestEvaluateTraversesRulesAndPacks/later-granting-pack","Output":"=== RUN   TestEvaluateTraversesRulesAndPacks/later-granting-pack\n","OutputType":"frame"}
{"Time":"2026-10-05T14:19:02.515407745Z","Action":"output","Package":"go.temporal.io/server/tools/gomad3/internal/compatibilitypack","Test":"TestEvaluateTraversesRulesAndPacks/later-granting-pack","Output":"    policy_exhaustive_test.go:196: decision=compatibility.Decision{Allowed:true, Disposition:\"allowed_by_exact_pack\", Remediation:\"\", PackID:\"z-pack\"} bytes=\"{\\\"allowed\\\":true,\\\"disposition\\\":\\\"allowed_by_exact_pack\\\",\\\"pack_id\\\":\\\"z-pack\\\"}\"\n"}
{"Time":"2026-10-05T14:19:02.515418245Z","Action":"output","Package":"go.temporal.io/server/tools/gomad3/internal/compatibilitypack","Test":"TestEvaluateTraversesRulesAndPacks/later-granting-pack","Output":"    policy_exhaustive_test.go:196: decision=compatibility.Decision{Allowed:true, Disposition:\"allowed_by_exact_pack\", Remediation:\"\", PackID:\"z-pack\"} bytes=\"{\\\"allowed\\\":true,\\\"disposition\\\":\\\"allowed_by_exact_pack\\\",\\\"pack_id\\\":\\\"z-pack\\\"}\"\n"}
{"Time":"2026-10-05T14:19:02.515431245Z","Action":"output","Package":"go.temporal.io/server/tools/gomad3/internal/compatibilitypack","Test":"TestEvaluateTraversesRulesAndPacks/later-granting-pack","Output":"--- PASS: TestEvaluateTraversesRulesAndPacks/later-granting-pack (0.00s)\n","OutputType":"frame"}
{"Time":"2026-10-05T14:19:02.515447412Z","Action":"pass","Package":"go.temporal.io/server/tools/gomad3/internal/compatibilitypack","Test":"TestEvaluateTraversesRulesAndPacks/later-granting-pack","Elapsed":0}
{"Time":"2026-10-05T14:19:02.515457578Z","Action":"run","Package":"go.temporal.io/server/tools/gomad3/internal/compatibilitypack","Test":"TestEvaluateTraversesRulesAndPacks/first-grant-precedence"}
{"Time":"2026-10-05T14:19:02.515472912Z","Action":"output","Package":"go.temporal.io/server/tools/gomad3/internal/compatibilitypack","Test":"TestEvaluateTraversesRulesAndPacks/first-grant-precedence","Output":"=== RUN   TestEvaluateTraversesRulesAndPacks/first-grant-precedence\n","OutputType":"frame"}
{"Time":"2026-10-05T14:19:02.515488537Z","Action":"output","Package":"go.temporal.io/server/tools/gomad3/internal/compatibilitypack","Test":"TestEvaluateTraversesRulesAndPacks/first-grant-precedence","Output":"    policy_exhaustive_test.go:194: decision=compatibility.Decision{Allowed:true, Disposition:\"allowed_by_exact_pack\", Remediation:\"\", PackID:\"a-pack\"} bytes=\"{\\\"allowed\\\":true,\\\"disposition\\\":\\\"allowed_by_exact_pack\\\",\\\"pack_id\\\":\\\"a-pack\\\"}\"\n"}
{"Time":"2026-10-05T14:19:02.51550362Z","Action":"output","Package":"go.temporal.io/server/tools/gomad3/internal/compatibilitypack","Test":"TestEvaluateTraversesRulesAndPacks/first-grant-precedence","Output":"    policy_exhaustive_test.go:194: decision=compatibility.Decision{Allowed:true, Disposition:\"allowed_by_exact_pack\", Remediation:\"\", PackID:\"a-pack\"} bytes=\"{\\\"allowed\\\":true,\\\"disposition\\\":\\\"allowed_by_exact_pack\\\",\\\"pack_id\\\":\\\"a-pack\\\"}\"\n"}
{"Time":"2026-10-05T14:19:02.515518453Z","Action":"output","Package":"go.temporal.io/server/tools/gomad3/internal/compatibilitypack","Test":"TestEvaluateTraversesRulesAndPacks/first-grant-precedence","Output":"--- PASS: TestEvaluateTraversesRulesAndPacks/first-grant-precedence (0.00s)\n","OutputType":"frame"}
{"Time":"2026-10-05T14:19:02.515531037Z","Action":"pass","Package":"go.temporal.io/server/tools/gomad3/internal/compatibilitypack","Test":"TestEvaluateTraversesRulesAndPacks/first-grant-precedence","Elapsed":0}
{"Time":"2026-10-05T14:19:02.515548245Z","Action":"output","Package":"go.temporal.io/server/tools/gomad3/internal/compatibilitypack","Test":"TestEvaluateTraversesRulesAndPacks","Output":"--- PASS: TestEvaluateTraversesRulesAndPacks (0.00s)\n","OutputType":"frame"}
{"Time":"2026-10-05T14:19:02.515568245Z","Action":"pass","Package":"go.temporal.io/server/tools/gomad3/internal/compatibilitypack","Test":"TestEvaluateTraversesRulesAndPacks","Elapsed":0}
{"Time":"2026-10-05T14:19:02.515578037Z","Action":"run","Package":"go.temporal.io/server/tools/gomad3/internal/compatibilitypack","Test":"TestEvaluatePreservesInputsAndDetachedCopies"}
{"Time":"2026-10-05T14:19:02.515592662Z","Action":"output","Package":"go.temporal.io/server/tools/gomad3/internal/compatibilitypack","Test":"TestEvaluatePreservesInputsAndDetachedCopies","Output":"=== RUN   TestEvaluatePreservesInputsAndDetachedCopies\n","OutputType":"frame"}
{"Time":"2026-10-05T14:19:02.515610912Z","Action":"output","Package":"go.temporal.io/server/tools/gomad3/internal/compatibilitypack","Test":"TestEvaluatePreservesInputsAndDetachedCopies","Output":"    policy_exhaustive_test.go:209: decision=compatibility.Decision{Allowed:true, Disposition:\"allowed_by_exact_pack\", Remediation:\"\", PackID:\"example-pack\"} bytes=\"{\\\"allowed\\\":true,\\\"disposition\\\":\\\"allowed_by_exact_pack\\\",\\\"pack_id\\\":\\\"example-pack\\\"}\"\n"}
{"Time":"2026-10-05T14:19:02.51564012Z","Action":"output","Package":"go.temporal.io/server/tools/gomad3/internal/compatibilitypack","Test":"TestEvaluatePreservesInputsAndDetachedCopies","Output":"    policy_exhaustive_test.go:209: decision=compatibility.Decision{Allowed:true, Disposition:\"allowed_by_exact_pack\", Remediation:\"\", PackID:\"example-pack\"} bytes=\"{\\\"allowed\\\":true,\\\"disposition\\\":\\\"allowed_by_exact_pack\\\",\\\"pack_id\\\":\\\"example-pack\\\"}\"\n"}
{"Time":"2026-10-05T14:19:02.515655037Z","Action":"output","Package":"go.temporal.io/server/tools/gomad3/internal/compatibilitypack","Test":"TestEvaluatePreservesInputsAndDetachedCopies","Output":"    policy_exhaustive_test.go:231: decision=compatibility.Decision{Allowed:true, Disposition:\"allowed_by_exact_pack\", Remediation:\"\", PackID:\"example-pack\"} bytes=\"{\\\"allowed\\\":true,\\\"disposition\\\":\\\"allowed_by_exact_pack\\\",\\\"pack_id\\\":\\\"example-pack\\\"}\"\n"}
{"Time":"2026-10-05T14:19:02.515670037Z","Action":"output","Package":"go.temporal.io/server/tools/gomad3/internal/compatibilitypack","Test":"TestEvaluatePreservesInputsAndDetachedCopies","Output":"    policy_exhaustive_test.go:231: decision=compatibility.Decision{Allowed:true, Disposition:\"allowed_by_exact_pack\", Remediation:\"\", PackID:\"example-pack\"} bytes=\"{\\\"allowed\\\":true,\\\"disposition\\\":\\\"allowed_by_exact_pack\\\",\\\"pack_id\\\":\\\"example-pack\\\"}\"\n"}
{"Time":"2026-10-05T14:19:02.51568487Z","Action":"output","Package":"go.temporal.io/server/tools/gomad3/internal/compatibilitypack","Test":"TestEvaluatePreservesInputsAndDetachedCopies","Output":"    policy_exhaustive_test.go:240: decision=compatibility.Decision{Allowed:true, Disposition:\"allowed_by_exact_pack\", Remediation:\"\", PackID:\"example-pack\"} bytes=\"{\\\"allowed\\\":true,\\\"disposition\\\":\\\"allowed_by_exact_pack\\\",\\\"pack_id\\\":\\\"example-pack\\\"}\"\n"}
{"Time":"2026-10-05T14:19:02.515698495Z","Action":"output","Package":"go.temporal.io/server/tools/gomad3/internal/compatibilitypack","Test":"TestEvaluatePreservesInputsAndDetachedCopies","Output":"    policy_exhaustive_test.go:243: decision=compatibility.Decision{Allowed:true, Disposition:\"allowed_by_exact_pack\", Remediation:\"\", PackID:\"example-pack\"} bytes=\"{\\\"allowed\\\":true,\\\"disposition\\\":\\\"allowed_by_exact_pack\\\",\\\"pack_id\\\":\\\"example-pack\\\"}\"\n"}
{"Time":"2026-10-05T14:19:02.515712703Z","Action":"output","Package":"go.temporal.io/server/tools/gomad3/internal/compatibilitypack","Test":"TestEvaluatePreservesInputsAndDetachedCopies","Output":"--- PASS: TestEvaluatePreservesInputsAndDetachedCopies (0.00s)\n","OutputType":"frame"}
{"Time":"2026-10-05T14:19:02.515726453Z","Action":"pass","Package":"go.temporal.io/server/tools/gomad3/internal/compatibilitypack","Test":"TestEvaluatePreservesInputsAndDetachedCopies","Elapsed":0}
{"Time":"2026-10-05T14:19:02.515740912Z","Action":"output","Package":"go.temporal.io/server/tools/gomad3/internal/compatibilitypack","Output":"PASS\n","OutputType":"frame"}
{"Time":"2026-10-05T14:19:02.515774412Z","Action":"output","Package":"go.temporal.io/server/tools/gomad3/internal/compatibilitypack","Output":"ok  \tgo.temporal.io/server/tools/gomad3/internal/compatibilitypack\t0.006s\n"}
{"Time":"2026-10-05T14:19:02.51578537Z","Action":"pass","Package":"go.temporal.io/server/tools/gomad3/internal/compatibilitypack","Elapsed":0.006}
