{"Time":"2026-10-05T14:25:13.524520255Z","Action":"start","Package":"go.temporal.io/server/tools/gomad3/internal/compatibilitypack"}
{"Time":"2026-10-05T14:25:13.526763755Z","Action":"run","Package":"go.temporal.io/server/tools/gomad3/internal/compatibilitypack","Test":"TestEvaluateMatchingPackDecisions"}
{"Time":"2026-10-05T14:25:13.527044214Z","Action":"output","Package":"go.temporal.io/server/tools/gomad3/internal/compatibilitypack","Test":"TestEvaluateMatchingPackDecisions","Output":"=== RUN   TestEvaluateMatchingPackDecisions\n","OutputType":"frame"}
{"Time":"2026-10-05T14:25:13.527140589Z","Action":"run","Package":"go.temporal.io/server/tools/gomad3/internal/compatibilitypack","Test":"TestEvaluateMatchingPackDecisions/capability"}
{"Time":"2026-10-05T14:25:13.527177005Z","Action":"output","Package":"go.temporal.io/server/tools/gomad3/internal/compatibilitypack","Test":"TestEvaluateMatchingPackDecisions/capability","Output":"=== RUN   TestEvaluateMatchingPackDecisions/capability\n","OutputType":"frame"}
{"Time":"2026-10-05T14:25:13.527236755Z","Action":"output","Package":"go.temporal.io/server/tools/gomad3/internal/compatibilitypack","Test":"TestEvaluateMatchingPackDecisions/capability","Output":"    policy_exhaustive_test.go:75: decision=compatibility.Decision{Allowed:true, Disposition:\"allowed_by_exact_pack\", Remediation:\"\", PackID:\"example-pack\"} bytes=\"{\\\"allowed\\\":true,\\\"disposition\\\":\\\"allowed_by_exact_pack\\\",\\\"pack_id\\\":\\\"example-pack\\\"}\"\n"}
{"Time":"2026-10-05T14:25:13.527277255Z","Action":"output","Package":"go.temporal.io/server/tools/gomad3/internal/compatibilitypack","Test":"TestEvaluateMatchingPackDecisions/capability","Output":"--- PASS: TestEvaluateMatchingPackDecisions/capability (0.00s)\n","OutputType":"frame"}
{"Time":"2026-10-05T14:25:13.527310339Z","Action":"pass","Package":"go.temporal.io/server/tools/gomad3/internal/compatibilitypack","Test":"TestEvaluateMatchingPackDecisions/capability","Elapsed":0}
{"Time":"2026-10-05T14:25:13.52735813Z","Action":"run","Package":"go.temporal.io/server/tools/gomad3/internal/compatibilitypack","Test":"TestEvaluateMatchingPackDecisions/linkname"}
{"Time":"2026-10-05T14:25:13.527392214Z","Action":"output","Package":"go.temporal.io/server/tools/gomad3/internal/compatibilitypack","Test":"TestEvaluateMatchingPackDecisions/linkname","Output":"=== RUN   TestEvaluateMatchingPackDecisions/linkname\n","OutputType":"frame"}
{"Time":"2026-10-05T14:25:13.527434255Z","Action":"output","Package":"go.temporal.io/server/tools/gomad3/internal/compatibilitypack","Test":"TestEvaluateMatchingPackDecisions/linkname","Output":"    policy_exhaustive_test.go:75: decision=compatibility.Decision{Allowed:true, Disposition:\"allowed_by_exact_pack\", Remediation:\"\", PackID:\"example-pack\"} bytes=\"{\\\"allowed\\\":true,\\\"disposition\\\":\\\"allowed_by_exact_pack\\\",\\\"pack_id\\\":\\\"example-pack\\\"}\"\n"}
{"Time":"2026-10-05T14:25:13.527498589Z","Action":"output","Package":"go.temporal.io/server/tools/gomad3/internal/compatibilitypack","Test":"TestEvaluateMatchingPackDecisions/linkname","Output":"--- PASS: TestEvaluateMatchingPackDecisions/linkname (0.00s)\n","OutputType":"frame"}
{"Time":"2026-10-05T14:25:13.527645839Z","Action":"pass","Package":"go.temporal.io/server/tools/gomad3/internal/compatibilitypack","Test":"TestEvaluateMatchingPackDecisions/linkname","Elapsed":0}
{"Time":"2026-10-05T14:25:13.527728922Z","Action":"run","Package":"go.temporal.io/server/tools/gomad3/internal/compatibilitypack","Test":"TestEvaluateMatchingPackDecisions/malformed-linkname"}
{"Time":"2026-10-05T14:25:13.527778797Z","Action":"output","Package":"go.temporal.io/server/tools/gomad3/internal/compatibilitypack","Test":"TestEvaluateMatchingPackDecisions/malformed-linkname","Output":"=== RUN   TestEvaluateMatchingPackDecisions/malformed-linkname\n","OutputType":"frame"}
{"Time":"2026-10-05T14:25:13.528061089Z","Action":"output","Package":"go.temporal.io/server/tools/gomad3/internal/compatibilitypack","Test":"TestEvaluateMatchingPackDecisions/malformed-linkname","Output":"    policy_exhaustive_test.go:75: decision=compatibility.Decision{Allowed:false, Disposition:\"denied\", Remediation:\"remain_unsupported\", PackID:\"\"} bytes=\"{\\\"allowed\\\":false,\\\"disposition\\\":\\\"denied\\\",\\\"remediation\\\":\\\"remain_unsupported\\\"}\"\n"}
{"Time":"2026-10-05T14:25:13.528186589Z","Action":"output","Package":"go.temporal.io/server/tools/gomad3/internal/compatibilitypack","Test":"TestEvaluateMatchingPackDecisions/malformed-linkname","Output":"--- PASS: TestEvaluateMatchingPackDecisions/malformed-linkname (0.00s)\n","OutputType":"frame"}
{"Time":"2026-10-05T14:25:13.528230755Z","Action":"pass","Package":"go.temporal.io/server/tools/gomad3/internal/compatibilitypack","Test":"TestEvaluateMatchingPackDecisions/malformed-linkname","Elapsed":0}
{"Time":"2026-10-05T14:25:13.528265589Z","Action":"run","Package":"go.temporal.io/server/tools/gomad3/internal/compatibilitypack","Test":"TestEvaluateMatchingPackDecisions/no-reviewed-source"}
{"Time":"2026-10-05T14:25:13.528321297Z","Action":"output","Package":"go.temporal.io/server/tools/gomad3/internal/compatibilitypack","Test":"TestEvaluateMatchingPackDecisions/no-reviewed-source","Output":"=== RUN   TestEvaluateMatchingPackDecisions/no-reviewed-source\n","OutputType":"frame"}
{"Time":"2026-10-05T14:25:13.528412964Z","Action":"output","Package":"go.temporal.io/server/tools/gomad3/internal/compatibilitypack","Test":"TestEvaluateMatchingPackDecisions/no-reviewed-source","Output":"    policy_exhaustive_test.go:75: decision=compatibility.Decision{Allowed:false, Disposition:\"denied\", Remediation:\"remove_dependency\", PackID:\"\"} bytes=\"{\\\"allowed\\\":false,\\\"disposition\\\":\\\"denied\\\",\\\"remediation\\\":\\\"remove_dependency\\\"}\"\n"}
{"Time":"2026-10-05T14:25:13.528573422Z","Action":"output","Package":"go.temporal.io/server/tools/gomad3/internal/compatibilitypack","Test":"TestEvaluateMatchingPackDecisions/no-reviewed-source","Output":"--- PASS: TestEvaluateMatchingPackDecisions/no-reviewed-source (0.00s)\n","OutputType":"frame"}
{"Time":"2026-10-05T14:25:13.528625255Z","Action":"pass","Package":"go.temporal.io/server/tools/gomad3/internal/compatibilitypack","Test":"TestEvaluateMatchingPackDecisions/no-reviewed-source","Elapsed":0}
{"Time":"2026-10-05T14:25:13.528645297Z","Action":"run","Package":"go.temporal.io/server/tools/gomad3/internal/compatibilitypack","Test":"TestEvaluateMatchingPackDecisions/unknown-kind"}
{"Time":"2026-10-05T14:25:13.528671297Z","Action":"output","Package":"go.temporal.io/server/tools/gomad3/internal/compatibilitypack","Test":"TestEvaluateMatchingPackDecisions/unknown-kind","Output":"=== RUN   TestEvaluateMatchingPackDecisions/unknown-kind\n","OutputType":"frame"}
{"Time":"2026-10-05T14:25:13.528681755Z","Action":"output","Package":"go.temporal.io/server/tools/gomad3/internal/compatibilitypack","Test":"TestEvaluateMatchingPackDecisions/unknown-kind","Output":"    policy_exhaustive_test.go:75: decision=compatibility.Decision{Allowed:false, Disposition:\"denied\", Remediation:\"remain_unsupported\", PackID:\"\"} bytes=\"{\\\"allowed\\\":false,\\\"disposition\\\":\\\"denied\\\",\\\"remediation\\\":\\\"remain_unsupported\\\"}\"\n"}
{"Time":"2026-10-05T14:25:13.528697047Z","Action":"output","Package":"go.temporal.io/server/tools/gomad3/internal/compatibilitypack","Test":"TestEvaluateMatchingPackDecisions/unknown-kind","Output":"--- PASS: TestEvaluateMatchingPackDecisions/unknown-kind (0.00s)\n","OutputType":"frame"}
{"Time":"2026-10-05T14:25:13.528741089Z","Action":"pass","Package":"go.temporal.io/server/tools/gomad3/internal/compatibilitypack","Test":"TestEvaluateMatchingPackDecisions/unknown-kind","Elapsed":0}
{"Time":"2026-10-05T14:25:13.528757297Z","Action":"run","Package":"go.temporal.io/server/tools/gomad3/internal/compatibilitypack","Test":"TestEvaluateMatchingPackDecisions/empty-kind"}
{"Time":"2026-10-05T14:25:13.528766922Z","Action":"output","Package":"go.temporal.io/server/tools/gomad3/internal/compatibilitypack","Test":"TestEvaluateMatchingPackDecisions/empty-kind","Output":"=== RUN   TestEvaluateMatchingPackDecisions/empty-kind\n","OutputType":"frame"}
{"Time":"2026-10-05T14:25:13.528805422Z","Action":"output","Package":"go.temporal.io/server/tools/gomad3/internal/compatibilitypack","Test":"TestEvaluateMatchingPackDecisions/empty-kind","Output":"    policy_exhaustive_test.go:75: decision=compatibility.Decision{Allowed:false, Disposition:\"denied\", Remediation:\"remain_unsupported\", PackID:\"\"} bytes=\"{\\\"allowed\\\":false,\\\"disposition\\\":\\\"denied\\\",\\\"remediation\\\":\\\"remain_unsupported\\\"}\"\n"}
{"Time":"2026-10-05T14:25:13.52883513Z","Action":"output","Package":"go.temporal.io/server/tools/gomad3/internal/compatibilitypack","Test":"TestEvaluateMatchingPackDecisions/empty-kind","Output":"--- PASS: TestEvaluateMatchingPackDecisions/empty-kind (0.00s)\n","OutputType":"frame"}
{"Time":"2026-10-05T14:25:13.52899713Z","Action":"pass","Package":"go.temporal.io/server/tools/gomad3/internal/compatibilitypack","Test":"TestEvaluateMatchingPackDecisions/empty-kind","Elapsed":0}
{"Time":"2026-10-05T14:25:13.529041297Z","Action":"run","Package":"go.temporal.io/server/tools/gomad3/internal/compatibilitypack","Test":"TestEvaluateMatchingPackDecisions/capability-drift"}
{"Time":"2026-10-05T14:25:13.529059547Z","Action":"output","Package":"go.temporal.io/server/tools/gomad3/internal/compatibilitypack","Test":"TestEvaluateMatchingPackDecisions/capability-drift","Output":"=== RUN   TestEvaluateMatchingPackDecisions/capability-drift\n","OutputType":"frame"}
{"Time":"2026-10-05T14:25:13.529093797Z","Action":"output","Package":"go.temporal.io/server/tools/gomad3/internal/compatibilitypack","Test":"TestEvaluateMatchingPackDecisions/capability-drift","Output":"    policy_exhaustive_test.go:75: decision=compatibility.Decision{Allowed:false, Disposition:\"denied\", Remediation:\"add_exact_pack\", PackID:\"\"} bytes=\"{\\\"allowed\\\":false,\\\"disposition\\\":\\\"denied\\\",\\\"remediation\\\":\\\"add_exact_pack\\\"}\"\n"}
{"Time":"2026-10-05T14:25:13.529111255Z","Action":"output","Package":"go.temporal.io/server/tools/gomad3/internal/compatibilitypack","Test":"TestEvaluateMatchingPackDecisions/capability-drift","Output":"--- PASS: TestEvaluateMatchingPackDecisions/capability-drift (0.00s)\n","OutputType":"frame"}
{"Time":"2026-10-05T14:25:13.529128005Z","Action":"pass","Package":"go.temporal.io/server/tools/gomad3/internal/compatibilitypack","Test":"TestEvaluateMatchingPackDecisions/capability-drift","Elapsed":0}
{"Time":"2026-10-05T14:25:13.529252089Z","Action":"run","Package":"go.temporal.io/server/tools/gomad3/internal/compatibilitypack","Test":"TestEvaluateMatchingPackDecisions/linkname-source-drift"}
{"Time":"2026-10-05T14:25:13.529278464Z","Action":"output","Package":"go.temporal.io/server/tools/gomad3/internal/compatibilitypack","Test":"TestEvaluateMatchingPackDecisions/linkname-source-drift","Output":"=== RUN   TestEvaluateMatchingPackDecisions/linkname-source-drift\n","OutputType":"frame"}
{"Time":"2026-10-05T14:25:13.529293547Z","Action":"output","Package":"go.temporal.io/server/tools/gomad3/internal/compatibilitypack","Test":"TestEvaluateMatchingPackDecisions/linkname-source-drift","Output":"    policy_exhaustive_test.go:75: decision=compatibility.Decision{Allowed:false, Disposition:\"denied\", Remediation:\"add_exact_pack\", PackID:\"\"} bytes=\"{\\\"allowed\\\":false,\\\"disposition\\\":\\\"denied\\\",\\\"remediation\\\":\\\"add_exact_pack\\\"}\"\n"}
{"Time":"2026-10-05T14:25:13.529307922Z","Action":"output","Package":"go.temporal.io/server/tools/gomad3/internal/compatibilitypack","Test":"TestEvaluateMatchingPackDecisions/linkname-source-drift","Output":"--- PASS: TestEvaluateMatchingPackDecisions/linkname-source-drift (0.00s)\n","OutputType":"frame"}
{"Time":"2026-10-05T14:25:13.529321922Z","Action":"pass","Package":"go.temporal.io/server/tools/gomad3/internal/compatibilitypack","Test":"TestEvaluateMatchingPackDecisions/linkname-source-drift","Elapsed":0}
{"Time":"2026-10-05T14:25:13.529335464Z","Action":"run","Package":"go.temporal.io/server/tools/gomad3/internal/compatibilitypack","Test":"TestEvaluateMatchingPackDecisions/linkname-hash-drift"}
{"Time":"2026-10-05T14:25:13.529364089Z","Action":"output","Package":"go.temporal.io/server/tools/gomad3/internal/compatibilitypack","Test":"TestEvaluateMatchingPackDecisions/linkname-hash-drift","Output":"=== RUN   TestEvaluateMatchingPackDecisions/linkname-hash-drift\n","OutputType":"frame"}
{"Time":"2026-10-05T14:25:13.529382964Z","Action":"output","Package":"go.temporal.io/server/tools/gomad3/internal/compatibilitypack","Test":"TestEvaluateMatchingPackDecisions/linkname-hash-drift","Output":"    policy_exhaustive_test.go:75: decision=compatibility.Decision{Allowed:false, Disposition:\"denied\", Remediation:\"add_exact_pack\", PackID:\"\"} bytes=\"{\\\"allowed\\\":false,\\\"disposition\\\":\\\"denied\\\",\\\"remediation\\\":\\\"add_exact_pack\\\"}\"\n"}
{"Time":"2026-10-05T14:25:13.529396339Z","Action":"output","Package":"go.temporal.io/server/tools/gomad3/internal/compatibilitypack","Test":"TestEvaluateMatchingPackDecisions/linkname-hash-drift","Output":"--- PASS: TestEvaluateMatchingPackDecisions/linkname-hash-drift (0.00s)\n","OutputType":"frame"}
{"Time":"2026-10-05T14:25:13.529409005Z","Action":"pass","Package":"go.temporal.io/server/tools/gomad3/internal/compatibilitypack","Test":"TestEvaluateMatchingPackDecisions/linkname-hash-drift","Elapsed":0}
{"Time":"2026-10-05T14:25:13.529422839Z","Action":"run","Package":"go.temporal.io/server/tools/gomad3/internal/compatibilitypack","Test":"TestEvaluateMatchingPackDecisions/linkname-directive-drift"}
{"Time":"2026-10-05T14:25:13.52943688Z","Action":"output","Package":"go.temporal.io/server/tools/gomad3/internal/compatibilitypack","Test":"TestEvaluateMatchingPackDecisions/linkname-directive-drift","Output":"=== RUN   TestEvaluateMatchingPackDecisions/linkname-directive-drift\n","OutputType":"frame"}
{"Time":"2026-10-05T14:25:13.529450089Z","Action":"output","Package":"go.temporal.io/server/tools/gomad3/internal/compatibilitypack","Test":"TestEvaluateMatchingPackDecisions/linkname-directive-drift","Output":"    policy_exhaustive_test.go:75: decision=compatibility.Decision{Allowed:false, Disposition:\"denied\", Remediation:\"add_exact_pack\", PackID:\"\"} bytes=\"{\\\"allowed\\\":false,\\\"disposition\\\":\\\"denied\\\",\\\"remediation\\\":\\\"add_exact_pack\\\"}\"\n"}
{"Time":"2026-10-05T14:25:13.52947338Z","Action":"output","Package":"go.temporal.io/server/tools/gomad3/internal/compatibilitypack","Test":"TestEvaluateMatchingPackDecisions/linkname-directive-drift","Output":"--- PASS: TestEvaluateMatchingPackDecisions/linkname-directive-drift (0.00s)\n","OutputType":"frame"}
{"Time":"2026-10-05T14:25:13.529488214Z","Action":"pass","Package":"go.temporal.io/server/tools/gomad3/internal/compatibilitypack","Test":"TestEvaluateMatchingPackDecisions/linkname-directive-drift","Elapsed":0}
{"Time":"2026-10-05T14:25:13.529503339Z","Action":"run","Package":"go.temporal.io/server/tools/gomad3/internal/compatibilitypack","Test":"TestEvaluateMatchingPackDecisions/linkname-order-drift"}
{"Time":"2026-10-05T14:25:13.529543339Z","Action":"output","Package":"go.temporal.io/server/tools/gomad3/internal/compatibilitypack","Test":"TestEvaluateMatchingPackDecisions/linkname-order-drift","Output":"=== RUN   TestEvaluateMatchingPackDecisions/linkname-order-drift\n","OutputType":"frame"}
{"Time":"2026-10-05T14:25:13.529618047Z","Action":"output","Package":"go.temporal.io/server/tools/gomad3/internal/compatibilitypack","Test":"TestEvaluateMatchingPackDecisions/linkname-order-drift","Output":"    policy_exhaustive_test.go:75: decision=compatibility.Decision{Allowed:false, Disposition:\"denied\", Remediation:\"add_exact_pack\", PackID:\"\"} bytes=\"{\\\"allowed\\\":false,\\\"disposition\\\":\\\"denied\\\",\\\"remediation\\\":\\\"add_exact_pack\\\"}\"\n"}
{"Time":"2026-10-05T14:25:13.529672922Z","Action":"output","Package":"go.temporal.io/server/tools/gomad3/internal/compatibilitypack","Test":"TestEvaluateMatchingPackDecisions/linkname-order-drift","Output":"--- PASS: TestEvaluateMatchingPackDecisions/linkname-order-drift (0.00s)\n","OutputType":"frame"}
{"Time":"2026-10-05T14:25:13.52970688Z","Action":"pass","Package":"go.temporal.io/server/tools/gomad3/internal/compatibilitypack","Test":"TestEvaluateMatchingPackDecisions/linkname-order-drift","Elapsed":0}
{"Time":"2026-10-05T14:25:13.52974713Z","Action":"run","Package":"go.temporal.io/server/tools/gomad3/internal/compatibilitypack","Test":"TestEvaluateMatchingPackDecisions/linkname-nil-directives"}
{"Time":"2026-10-05T14:25:13.52980663Z","Action":"output","Package":"go.temporal.io/server/tools/gomad3/internal/compatibilitypack","Test":"TestEvaluateMatchingPackDecisions/linkname-nil-directives","Output":"=== RUN   TestEvaluateMatchingPackDecisions/linkname-nil-directives\n","OutputType":"frame"}
{"Time":"2026-10-05T14:25:13.52982938Z","Action":"output","Package":"go.temporal.io/server/tools/gomad3/internal/compatibilitypack","Test":"TestEvaluateMatchingPackDecisions/linkname-nil-directives","Output":"    policy_exhaustive_test.go:75: decision=compatibility.Decision{Allowed:false, Disposition:\"denied\", Remediation:\"add_exact_pack\", PackID:\"\"} bytes=\"{\\\"allowed\\\":false,\\\"disposition\\\":\\\"denied\\\",\\\"remediation\\\":\\\"add_exact_pack\\\"}\"\n"}
{"Time":"2026-10-05T14:25:13.529844589Z","Action":"output","Package":"go.temporal.io/server/tools/gomad3/internal/compatibilitypack","Test":"TestEvaluateMatchingPackDecisions/linkname-nil-directives","Output":"--- PASS: TestEvaluateMatchingPackDecisions/linkname-nil-directives (0.00s)\n","OutputType":"frame"}
{"Time":"2026-10-05T14:25:13.529857922Z","Action":"pass","Package":"go.temporal.io/server/tools/gomad3/internal/compatibilitypack","Test":"TestEvaluateMatchingPackDecisions/linkname-nil-directives","Elapsed":0}
{"Time":"2026-10-05T14:25:13.529872297Z","Action":"run","Package":"go.temporal.io/server/tools/gomad3/internal/compatibilitypack","Test":"TestEvaluateMatchingPackDecisions/linkname-empty-directives"}
{"Time":"2026-10-05T14:25:13.529888172Z","Action":"output","Package":"go.temporal.io/server/tools/gomad3/internal/compatibilitypack","Test":"TestEvaluateMatchingPackDecisions/linkname-empty-directives","Output":"=== RUN   TestEvaluateMatchingPackDecisions/linkname-empty-directives\n","OutputType":"frame"}
{"Time":"2026-10-05T14:25:13.529963839Z","Action":"output","Package":"go.temporal.io/server/tools/gomad3/internal/compatibilitypack","Test":"TestEvaluateMatchingPackDecisions/linkname-empty-directives","Output":"    policy_exhaustive_test.go:75: decision=compatibility.Decision{Allowed:false, Disposition:\"denied\", Remediation:\"add_exact_pack\", PackID:\"\"} bytes=\"{\\\"allowed\\\":false,\\\"disposition\\\":\\\"denied\\\",\\\"remediation\\\":\\\"add_exact_pack\\\"}\"\n"}
{"Time":"2026-10-05T14:25:13.53003613Z","Action":"output","Package":"go.temporal.io/server/tools/gomad3/internal/compatibilitypack","Test":"TestEvaluateMatchingPackDecisions/linkname-empty-directives","Output":"--- PASS: TestEvaluateMatchingPackDecisions/linkname-empty-directives (0.00s)\n","OutputType":"frame"}
{"Time":"2026-10-05T14:25:13.530087797Z","Action":"pass","Package":"go.temporal.io/server/tools/gomad3/internal/compatibilitypack","Test":"TestEvaluateMatchingPackDecisions/linkname-empty-directives","Elapsed":0}
{"Time":"2026-10-05T14:25:13.530141672Z","Action":"run","Package":"go.temporal.io/server/tools/gomad3/internal/compatibilitypack","Test":"TestEvaluateMatchingPackDecisions/package-path-drift"}
{"Time":"2026-10-05T14:25:13.530165297Z","Action":"output","Package":"go.temporal.io/server/tools/gomad3/internal/compatibilitypack","Test":"TestEvaluateMatchingPackDecisions/package-path-drift","Output":"=== RUN   TestEvaluateMatchingPackDecisions/package-path-drift\n","OutputType":"frame"}
{"Time":"2026-10-05T14:25:13.530216964Z","Action":"output","Package":"go.temporal.io/server/tools/gomad3/internal/compatibilitypack","Test":"TestEvaluateMatchingPackDecisions/package-path-drift","Output":"    policy_exhaustive_test.go:75: decision=compatibility.Decision{Allowed:false, Disposition:\"denied\", Remediation:\"add_exact_pack\", PackID:\"\"} bytes=\"{\\\"allowed\\\":false,\\\"disposition\\\":\\\"denied\\\",\\\"remediation\\\":\\\"add_exact_pack\\\"}\"\n"}
{"Time":"2026-10-05T14:25:13.530280214Z","Action":"output","Package":"go.temporal.io/server/tools/gomad3/internal/compatibilitypack","Test":"TestEvaluateMatchingPackDecisions/package-path-drift","Output":"--- PASS: TestEvaluateMatchingPackDecisions/package-path-drift (0.00s)\n","OutputType":"frame"}
{"Time":"2026-10-05T14:25:13.530379297Z","Action":"pass","Package":"go.temporal.io/server/tools/gomad3/internal/compatibilitypack","Test":"TestEvaluateMatchingPackDecisions/package-path-drift","Elapsed":0}
{"Time":"2026-10-05T14:25:13.530417172Z","Action":"run","Package":"go.temporal.io/server/tools/gomad3/internal/compatibilitypack","Test":"TestEvaluateMatchingPackDecisions/module-path-drift"}
{"Time":"2026-10-05T14:25:13.530450547Z","Action":"output","Package":"go.temporal.io/server/tools/gomad3/internal/compatibilitypack","Test":"TestEvaluateMatchingPackDecisions/module-path-drift","Output":"=== RUN   TestEvaluateMatchingPackDecisions/module-path-drift\n","OutputType":"frame"}
{"Time":"2026-10-05T14:25:13.530470547Z","Action":"output","Package":"go.temporal.io/server/tools/gomad3/internal/compatibilitypack","Test":"TestEvaluateMatchingPackDecisions/module-path-drift","Output":"    policy_exhaustive_test.go:75: decision=compatibility.Decision{Allowed:false, Disposition:\"denied\", Remediation:\"add_exact_pack\", PackID:\"\"} bytes=\"{\\\"allowed\\\":false,\\\"disposition\\\":\\\"denied\\\",\\\"remediation\\\":\\\"add_exact_pack\\\"}\"\n"}
{"Time":"2026-10-05T14:25:13.530490755Z","Action":"output","Package":"go.temporal.io/server/tools/gomad3/internal/compatibilitypack","Test":"TestEvaluateMatchingPackDecisions/module-path-drift","Output":"--- PASS: TestEvaluateMatchingPackDecisions/module-path-drift (0.00s)\n","OutputType":"frame"}
{"Time":"2026-10-05T14:25:13.530534214Z","Action":"pass","Package":"go.temporal.io/server/tools/gomad3/internal/compatibilitypack","Test":"TestEvaluateMatchingPackDecisions/module-path-drift","Elapsed":0}
{"Time":"2026-10-05T14:25:13.530599047Z","Action":"run","Package":"go.temporal.io/server/tools/gomad3/internal/compatibilitypack","Test":"TestEvaluateMatchingPackDecisions/module-version-drift"}
{"Time":"2026-10-05T14:25:13.530763255Z","Action":"output","Package":"go.temporal.io/server/tools/gomad3/internal/compatibilitypack","Test":"TestEvaluateMatchingPackDecisions/module-version-drift","Output":"=== RUN   TestEvaluateMatchingPackDecisions/module-version-drift\n","OutputType":"frame"}
{"Time":"2026-10-05T14:25:13.530850005Z","Action":"output","Package":"go.temporal.io/server/tools/gomad3/internal/compatibilitypack","Test":"TestEvaluateMatchingPackDecisions/module-version-drift","Output":"    policy_exhaustive_test.go:75: decision=compatibility.Decision{Allowed:false, Disposition:\"denied\", Remediation:\"add_exact_pack\", PackID:\"\"} bytes=\"{\\\"allowed\\\":false,\\\"disposition\\\":\\\"denied\\\",\\\"remediation\\\":\\\"add_exact_pack\\\"}\"\n"}
{"Time":"2026-10-05T14:25:13.530949505Z","Action":"output","Package":"go.temporal.io/server/tools/gomad3/internal/compatibilitypack","Test":"TestEvaluateMatchingPackDecisions/module-version-drift","Output":"--- PASS: TestEvaluateMatchingPackDecisions/module-version-drift (0.00s)\n","OutputType":"frame"}
{"Time":"2026-10-05T14:25:13.531470172Z","Action":"pass","Package":"go.temporal.io/server/tools/gomad3/internal/compatibilitypack","Test":"TestEvaluateMatchingPackDecisions/module-version-drift","Elapsed":0}
{"Time":"2026-10-05T14:25:13.53151813Z","Action":"run","Package":"go.temporal.io/server/tools/gomad3/internal/compatibilitypack","Test":"TestEvaluateMatchingPackDecisions/module-sum-drift"}
{"Time":"2026-10-05T14:25:13.531546505Z","Action":"output","Package":"go.temporal.io/server/tools/gomad3/internal/compatibilitypack","Test":"TestEvaluateMatchingPackDecisions/module-sum-drift","Output":"=== RUN   TestEvaluateMatchingPackDecisions/module-sum-drift\n","OutputType":"frame"}
{"Time":"2026-10-05T14:25:13.531628172Z","Action":"output","Package":"go.temporal.io/server/tools/gomad3/internal/compatibilitypack","Test":"TestEvaluateMatchingPackDecisions/module-sum-drift","Output":"    policy_exhaustive_test.go:75: decision=compatibility.Decision{Allowed:false, Disposition:\"denied\", Remediation:\"add_exact_pack\", PackID:\"\"} bytes=\"{\\\"allowed\\\":false,\\\"disposition\\\":\\\"denied\\\",\\\"remediation\\\":\\\"add_exact_pack\\\"}\"\n"}
{"Time":"2026-10-05T14:25:13.531760839Z","Action":"output","Package":"go.temporal.io/server/tools/gomad3/internal/compatibilitypack","Test":"TestEvaluateMatchingPackDecisions/module-sum-drift","Output":"--- PASS: TestEvaluateMatchingPackDecisions/module-sum-drift (0.00s)\n","OutputType":"frame"}
{"Time":"2026-10-05T14:25:13.531772672Z","Action":"pass","Package":"go.temporal.io/server/tools/gomad3/internal/compatibilitypack","Test":"TestEvaluateMatchingPackDecisions/module-sum-drift","Elapsed":0}
{"Time":"2026-10-05T14:25:13.53178288Z","Action":"run","Package":"go.temporal.io/server/tools/gomad3/internal/compatibilitypack","Test":"TestEvaluateMatchingPackDecisions/replacement-drift"}
{"Time":"2026-10-05T14:25:13.531952505Z","Action":"output","Package":"go.temporal.io/server/tools/gomad3/internal/compatibilitypack","Test":"TestEvaluateMatchingPackDecisions/replacement-drift","Output":"=== RUN   TestEvaluateMatchingPackDecisions/replacement-drift\n","OutputType":"frame"}
{"Time":"2026-10-05T14:25:13.531982422Z","Action":"output","Package":"go.temporal.io/server/tools/gomad3/internal/compatibilitypack","Test":"TestEvaluateMatchingPackDecisions/replacement-drift","Output":"    policy_exhaustive_test.go:75: decision=compatibility.Decision{Allowed:false, Disposition:\"denied\", Remediation:\"add_exact_pack\", PackID:\"\"} bytes=\"{\\\"allowed\\\":false,\\\"disposition\\\":\\\"denied\\\",\\\"remediation\\\":\\\"add_exact_pack\\\"}\"\n"}
{"Time":"2026-10-05T14:25:13.532033005Z","Action":"output","Package":"go.temporal.io/server/tools/gomad3/internal/compatibilitypack","Test":"TestEvaluateMatchingPackDecisions/replacement-drift","Output":"--- PASS: TestEvaluateMatchingPackDecisions/replacement-drift (0.00s)\n","OutputType":"frame"}
{"Time":"2026-10-05T14:25:13.532060089Z","Action":"pass","Package":"go.temporal.io/server/tools/gomad3/internal/compatibilitypack","Test":"TestEvaluateMatchingPackDecisions/replacement-drift","Elapsed":0}
{"Time":"2026-10-05T14:25:13.532070422Z","Action":"run","Package":"go.temporal.io/server/tools/gomad3/internal/compatibilitypack","Test":"TestEvaluateMatchingPackDecisions/local-replacement"}
{"Time":"2026-10-05T14:25:13.532092005Z","Action":"output","Package":"go.temporal.io/server/tools/gomad3/internal/compatibilitypack","Test":"TestEvaluateMatchingPackDecisions/local-replacement","Output":"=== RUN   TestEvaluateMatchingPackDecisions/local-replacement\n","OutputType":"frame"}
{"Time":"2026-10-05T14:25:13.53233888Z","Action":"output","Package":"go.temporal.io/server/tools/gomad3/internal/compatibilitypack","Test":"TestEvaluateMatchingPackDecisions/local-replacement","Output":"    policy_exhaustive_test.go:75: decision=compatibility.Decision{Allowed:false, Disposition:\"denied\", Remediation:\"add_adapter\", PackID:\"\"} bytes=\"{\\\"allowed\\\":false,\\\"disposition\\\":\\\"denied\\\",\\\"remediation\\\":\\\"add_adapter\\\"}\"\n"}
{"Time":"2026-10-05T14:25:13.532612172Z","Action":"output","Package":"go.temporal.io/server/tools/gomad3/internal/compatibilitypack","Test":"TestEvaluateMatchingPackDecisions/local-replacement","Output":"--- PASS: TestEvaluateMatchingPackDecisions/local-replacement (0.00s)\n","OutputType":"frame"}
{"Time":"2026-10-05T14:25:13.532786589Z","Action":"pass","Package":"go.temporal.io/server/tools/gomad3/internal/compatibilitypack","Test":"TestEvaluateMatchingPackDecisions/local-replacement","Elapsed":0}
{"Time":"2026-10-05T14:25:13.532848797Z","Action":"run","Package":"go.temporal.io/server/tools/gomad3/internal/compatibilitypack","Test":"TestEvaluateMatchingPackDecisions/missing-module"}
{"Time":"2026-10-05T14:25:13.533002964Z","Action":"output","Package":"go.temporal.io/server/tools/gomad3/internal/compatibilitypack","Test":"TestEvaluateMatchingPackDecisions/missing-module","Output":"=== RUN   TestEvaluateMatchingPackDecisions/missing-module\n","OutputType":"frame"}
{"Time":"2026-10-05T14:25:13.533131214Z","Action":"output","Package":"go.temporal.io/server/tools/gomad3/internal/compatibilitypack","Test":"TestEvaluateMatchingPackDecisions/missing-module","Output":"    policy_exhaustive_test.go:75: decision=compatibility.Decision{Allowed:false, Disposition:\"denied\", Remediation:\"model_operation\", PackID:\"\"} bytes=\"{\\\"allowed\\\":false,\\\"disposition\\\":\\\"denied\\\",\\\"remediation\\\":\\\"model_operation\\\"}\"\n"}
{"Time":"2026-10-05T14:25:13.533503672Z","Action":"output","Package":"go.temporal.io/server/tools/gomad3/internal/compatibilitypack","Test":"TestEvaluateMatchingPackDecisions/missing-module","Output":"--- PASS: TestEvaluateMatchingPackDecisions/missing-module (0.00s)\n","OutputType":"frame"}
{"Time":"2026-10-05T14:25:13.53358313Z","Action":"pass","Package":"go.temporal.io/server/tools/gomad3/internal/compatibilitypack","Test":"TestEvaluateMatchingPackDecisions/missing-module","Elapsed":0}
{"Time":"2026-10-05T14:25:13.53401188Z","Action":"run","Package":"go.temporal.io/server/tools/gomad3/internal/compatibilitypack","Test":"TestEvaluateMatchingPackDecisions/linkname-missing-module"}
{"Time":"2026-10-05T14:25:13.534073339Z","Action":"output","Package":"go.temporal.io/server/tools/gomad3/internal/compatibilitypack","Test":"TestEvaluateMatchingPackDecisions/linkname-missing-module","Output":"=== RUN   TestEvaluateMatchingPackDecisions/linkname-missing-module\n","OutputType":"frame"}
{"Time":"2026-10-05T14:25:13.534208255Z","Action":"output","Package":"go.temporal.io/server/tools/gomad3/internal/compatibilitypack","Test":"TestEvaluateMatchingPackDecisions/linkname-missing-module","Output":"    policy_exhaustive_test.go:75: decision=compatibility.Decision{Allowed:false, Disposition:\"denied\", Remediation:\"remain_unsupported\", PackID:\"\"} bytes=\"{\\\"allowed\\\":false,\\\"disposition\\\":\\\"denied\\\",\\\"remediation\\\":\\\"remain_unsupported\\\"}\"\n"}
{"Time":"2026-10-05T14:25:13.534805005Z","Action":"output","Package":"go.temporal.io/server/tools/gomad3/internal/compatibilitypack","Test":"TestEvaluateMatchingPackDecisions/linkname-missing-module","Output":"--- PASS: TestEvaluateMatchingPackDecisions/linkname-missing-module (0.00s)\n","OutputType":"frame"}
{"Time":"2026-10-05T14:25:13.535096047Z","Action":"pass","Package":"go.temporal.io/server/tools/gomad3/internal/compatibilitypack","Test":"TestEvaluateMatchingPackDecisions/linkname-missing-module","Elapsed":0}
{"Time":"2026-10-05T14:25:13.53752088Z","Action":"run","Package":"go.temporal.io/server/tools/gomad3/internal/compatibilitypack","Test":"TestEvaluateMatchingPackDecisions/source-set-drift"}
{"Time":"2026-10-05T14:25:13.537656172Z","Action":"output","Package":"go.temporal.io/server/tools/gomad3/internal/compatibilitypack","Test":"TestEvaluateMatchingPackDecisions/source-set-drift","Output":"=== RUN   TestEvaluateMatchingPackDecisions/source-set-drift\n","OutputType":"frame"}
{"Time":"2026-10-05T14:25:13.537669922Z","Action":"output","Package":"go.temporal.io/server/tools/gomad3/internal/compatibilitypack","Test":"TestEvaluateMatchingPackDecisions/source-set-drift","Output":"    policy_exhaustive_test.go:75: decision=compatibility.Decision{Allowed:false, Disposition:\"denied\", Remediation:\"add_exact_pack\", PackID:\"\"} bytes=\"{\\\"allowed\\\":false,\\\"disposition\\\":\\\"denied\\\",\\\"remediation\\\":\\\"add_exact_pack\\\"}\"\n"}
{"Time":"2026-10-05T14:25:13.538541172Z","Action":"output","Package":"go.temporal.io/server/tools/gomad3/internal/compatibilitypack","Test":"TestEvaluateMatchingPackDecisions/source-set-drift","Output":"--- PASS: TestEvaluateMatchingPackDecisions/source-set-drift (0.00s)\n","OutputType":"frame"}
{"Time":"2026-10-05T14:25:13.538814922Z","Action":"pass","Package":"go.temporal.io/server/tools/gomad3/internal/compatibilitypack","Test":"TestEvaluateMatchingPackDecisions/source-set-drift","Elapsed":0}
{"Time":"2026-10-05T14:25:13.538886047Z","Action":"run","Package":"go.temporal.io/server/tools/gomad3/internal/compatibilitypack","Test":"TestEvaluateMatchingPackDecisions/source-name-drift"}
{"Time":"2026-10-05T14:25:13.539197755Z","Action":"output","Package":"go.temporal.io/server/tools/gomad3/internal/compatibilitypack","Test":"TestEvaluateMatchingPackDecisions/source-name-drift","Output":"=== RUN   TestEvaluateMatchingPackDecisions/source-name-drift\n","OutputType":"frame"}
{"Time":"2026-10-05T14:25:13.539716589Z","Action":"output","Package":"go.temporal.io/server/tools/gomad3/internal/compatibilitypack","Test":"TestEvaluateMatchingPackDecisions/source-name-drift","Output":"    policy_exhaustive_test.go:75: decision=compatibility.Decision{Allowed:false, Disposition:\"denied\", Remediation:\"add_exact_pack\", PackID:\"\"} bytes=\"{\\\"allowed\\\":false,\\\"disposition\\\":\\\"denied\\\",\\\"remediation\\\":\\\"add_exact_pack\\\"}\"\n"}
{"Time":"2026-10-05T14:25:13.54007813Z","Action":"output","Package":"go.temporal.io/server/tools/gomad3/internal/compatibilitypack","Test":"TestEvaluateMatchingPackDecisions/source-name-drift","Output":"--- PASS: TestEvaluateMatchingPackDecisions/source-name-drift (0.00s)\n","OutputType":"frame"}
{"Time":"2026-10-05T14:25:13.540302797Z","Action":"pass","Package":"go.temporal.io/server/tools/gomad3/internal/compatibilitypack","Test":"TestEvaluateMatchingPackDecisions/source-name-drift","Elapsed":0}
{"Time":"2026-10-05T14:25:13.540324839Z","Action":"run","Package":"go.temporal.io/server/tools/gomad3/internal/compatibilitypack","Test":"TestEvaluateMatchingPackDecisions/source-hash-drift"}
{"Time":"2026-10-05T14:25:13.54036413Z","Action":"output","Package":"go.temporal.io/server/tools/gomad3/internal/compatibilitypack","Test":"TestEvaluateMatchingPackDecisions/source-hash-drift","Output":"=== RUN   TestEvaluateMatchingPackDecisions/source-hash-drift\n","OutputType":"frame"}
{"Time":"2026-10-05T14:25:13.540518672Z","Action":"output","Package":"go.temporal.io/server/tools/gomad3/internal/compatibilitypack","Test":"TestEvaluateMatchingPackDecisions/source-hash-drift","Output":"    policy_exhaustive_test.go:75: decision=compatibility.Decision{Allowed:false, Disposition:\"denied\", Remediation:\"add_exact_pack\", PackID:\"\"} bytes=\"{\\\"allowed\\\":false,\\\"disposition\\\":\\\"denied\\\",\\\"remediation\\\":\\\"add_exact_pack\\\"}\"\n"}
{"Time":"2026-10-05T14:25:13.54058513Z","Action":"output","Package":"go.temporal.io/server/tools/gomad3/internal/compatibilitypack","Test":"TestEvaluateMatchingPackDecisions/source-hash-drift","Output":"--- PASS: TestEvaluateMatchingPackDecisions/source-hash-drift (0.00s)\n","OutputType":"frame"}
{"Time":"2026-10-05T14:25:13.540607672Z","Action":"pass","Package":"go.temporal.io/server/tools/gomad3/internal/compatibilitypack","Test":"TestEvaluateMatchingPackDecisions/source-hash-drift","Elapsed":0}
{"Time":"2026-10-05T14:25:13.540629172Z","Action":"run","Package":"go.temporal.io/server/tools/gomad3/internal/compatibilitypack","Test":"TestEvaluateMatchingPackDecisions/source-nil-inventory"}
{"Time":"2026-10-05T14:25:13.540678755Z","Action":"output","Package":"go.temporal.io/server/tools/gomad3/internal/compatibilitypack","Test":"TestEvaluateMatchingPackDecisions/source-nil-inventory","Output":"=== RUN   TestEvaluateMatchingPackDecisions/source-nil-inventory\n","OutputType":"frame"}
{"Time":"2026-10-05T14:25:13.540745255Z","Action":"output","Package":"go.temporal.io/server/tools/gomad3/internal/compatibilitypack","Test":"TestEvaluateMatchingPackDecisions/source-nil-inventory","Output":"    policy_exhaustive_test.go:75: decision=compatibility.Decision{Allowed:false, Disposition:\"denied\", Remediation:\"add_exact_pack\", PackID:\"\"} bytes=\"{\\\"allowed\\\":false,\\\"disposition\\\":\\\"denied\\\",\\\"remediation\\\":\\\"add_exact_pack\\\"}\"\n"}
{"Time":"2026-10-05T14:25:13.541102297Z","Action":"output","Package":"go.temporal.io/server/tools/gomad3/internal/compatibilitypack","Test":"TestEvaluateMatchingPackDecisions/source-nil-inventory","Output":"--- PASS: TestEvaluateMatchingPackDecisions/source-nil-inventory (0.00s)\n","OutputType":"frame"}
{"Time":"2026-10-05T14:25:13.541173964Z","Action":"pass","Package":"go.temporal.io/server/tools/gomad3/internal/compatibilitypack","Test":"TestEvaluateMatchingPackDecisions/source-nil-inventory","Elapsed":0}
{"Time":"2026-10-05T14:25:13.541217005Z","Action":"run","Package":"go.temporal.io/server/tools/gomad3/internal/compatibilitypack","Test":"TestEvaluateMatchingPackDecisions/source-empty-inventory"}
{"Time":"2026-10-05T14:25:13.541586797Z","Action":"output","Package":"go.temporal.io/server/tools/gomad3/internal/compatibilitypack","Test":"TestEvaluateMatchingPackDecisions/source-empty-inventory","Output":"=== RUN   TestEvaluateMatchingPackDecisions/source-empty-inventory\n","OutputType":"frame"}
{"Time":"2026-10-05T14:25:13.541676755Z","Action":"output","Package":"go.temporal.io/server/tools/gomad3/internal/compatibilitypack","Test":"TestEvaluateMatchingPackDecisions/source-empty-inventory","Output":"    policy_exhaustive_test.go:75: decision=compatibility.Decision{Allowed:false, Disposition:\"denied\", Remediation:\"add_exact_pack\", PackID:\"\"} bytes=\"{\\\"allowed\\\":false,\\\"disposition\\\":\\\"denied\\\",\\\"remediation\\\":\\\"add_exact_pack\\\"}\"\n"}
{"Time":"2026-10-05T14:25:13.541709297Z","Action":"output","Package":"go.temporal.io/server/tools/gomad3/internal/compatibilitypack","Test":"TestEvaluateMatchingPackDecisions/source-empty-inventory","Output":"--- PASS: TestEvaluateMatchingPackDecisions/source-empty-inventory (0.00s)\n","OutputType":"frame"}
{"Time":"2026-10-05T14:25:13.54173338Z","Action":"pass","Package":"go.temporal.io/server/tools/gomad3/internal/compatibilitypack","Test":"TestEvaluateMatchingPackDecisions/source-empty-inventory","Elapsed":0}
{"Time":"2026-10-05T14:25:13.541753964Z","Action":"run","Package":"go.temporal.io/server/tools/gomad3/internal/compatibilitypack","Test":"TestEvaluateMatchingPackDecisions/source-extra-inventory"}
{"Time":"2026-10-05T14:25:13.541774922Z","Action":"output","Package":"go.temporal.io/server/tools/gomad3/internal/compatibilitypack","Test":"TestEvaluateMatchingPackDecisions/source-extra-inventory","Output":"=== RUN   TestEvaluateMatchingPackDecisions/source-extra-inventory\n","OutputType":"frame"}
{"Time":"2026-10-05T14:25:13.541800714Z","Action":"output","Package":"go.temporal.io/server/tools/gomad3/internal/compatibilitypack","Test":"TestEvaluateMatchingPackDecisions/source-extra-inventory","Output":"    policy_exhaustive_test.go:75: decision=compatibility.Decision{Allowed:false, Disposition:\"denied\", Remediation:\"add_exact_pack\", PackID:\"\"} bytes=\"{\\\"allowed\\\":false,\\\"disposition\\\":\\\"denied\\\",\\\"remediation\\\":\\\"add_exact_pack\\\"}\"\n"}
{"Time":"2026-10-05T14:25:13.541825714Z","Action":"output","Package":"go.temporal.io/server/tools/gomad3/internal/compatibilitypack","Test":"TestEvaluateMatchingPackDecisions/source-extra-inventory","Output":"--- PASS: TestEvaluateMatchingPackDecisions/source-extra-inventory (0.00s)\n","OutputType":"frame"}
{"Time":"2026-10-05T14:25:13.541850672Z","Action":"pass","Package":"go.temporal.io/server/tools/gomad3/internal/compatibilitypack","Test":"TestEvaluateMatchingPackDecisions/source-extra-inventory","Elapsed":0}
{"Time":"2026-10-05T14:25:13.541988714Z","Action":"run","Package":"go.temporal.io/server/tools/gomad3/internal/compatibilitypack","Test":"TestEvaluateMatchingPackDecisions/foreign-source-drift"}
{"Time":"2026-10-05T14:25:13.542005505Z","Action":"output","Package":"go.temporal.io/server/tools/gomad3/internal/compatibilitypack","Test":"TestEvaluateMatchingPackDecisions/foreign-source-drift","Output":"=== RUN   TestEvaluateMatchingPackDecisions/foreign-source-drift\n","OutputType":"frame"}
{"Time":"2026-10-05T14:25:13.542037005Z","Action":"output","Package":"go.temporal.io/server/tools/gomad3/internal/compatibilitypack","Test":"TestEvaluateMatchingPackDecisions/foreign-source-drift","Output":"    policy_exhaustive_test.go:75: decision=compatibility.Decision{Allowed:false, Disposition:\"denied\", Remediation:\"add_exact_pack\", PackID:\"\"} bytes=\"{\\\"allowed\\\":false,\\\"disposition\\\":\\\"denied\\\",\\\"remediation\\\":\\\"add_exact_pack\\\"}\"\n"}
{"Time":"2026-10-05T14:25:13.54208213Z","Action":"output","Package":"go.temporal.io/server/tools/gomad3/internal/compatibilitypack","Test":"TestEvaluateMatchingPackDecisions/foreign-source-drift","Output":"--- PASS: TestEvaluateMatchingPackDecisions/foreign-source-drift (0.00s)\n","OutputType":"frame"}
{"Time":"2026-10-05T14:25:13.542104339Z","Action":"pass","Package":"go.temporal.io/server/tools/gomad3/internal/compatibilitypack","Test":"TestEvaluateMatchingPackDecisions/foreign-source-drift","Elapsed":0}
{"Time":"2026-10-05T14:25:13.542226964Z","Action":"run","Package":"go.temporal.io/server/tools/gomad3/internal/compatibilitypack","Test":"TestEvaluateMatchingPackDecisions/nil-empty-foreign-equivalence"}
{"Time":"2026-10-05T14:25:13.542239047Z","Action":"output","Package":"go.temporal.io/server/tools/gomad3/internal/compatibilitypack","Test":"TestEvaluateMatchingPackDecisions/nil-empty-foreign-equivalence","Output":"=== RUN   TestEvaluateMatchingPackDecisions/nil-empty-foreign-equivalence\n","OutputType":"frame"}
{"Time":"2026-10-05T14:25:13.542251714Z","Action":"output","Package":"go.temporal.io/server/tools/gomad3/internal/compatibilitypack","Test":"TestEvaluateMatchingPackDecisions/nil-empty-foreign-equivalence","Output":"    policy_exhaustive_test.go:75: decision=compatibility.Decision{Allowed:true, Disposition:\"allowed_by_exact_pack\", Remediation:\"\", PackID:\"example-pack\"} bytes=\"{\\\"allowed\\\":true,\\\"disposition\\\":\\\"allowed_by_exact_pack\\\",\\\"pack_id\\\":\\\"example-pack\\\"}\"\n"}
{"Time":"2026-10-05T14:25:13.542264797Z","Action":"output","Package":"go.temporal.io/server/tools/gomad3/internal/compatibilitypack","Test":"TestEvaluateMatchingPackDecisions/nil-empty-foreign-equivalence","Output":"--- PASS: TestEvaluateMatchingPackDecisions/nil-empty-foreign-equivalence (0.00s)\n","OutputType":"frame"}
{"Time":"2026-10-05T14:25:13.542277589Z","Action":"pass","Package":"go.temporal.io/server/tools/gomad3/internal/compatibilitypack","Test":"TestEvaluateMatchingPackDecisions/nil-empty-foreign-equivalence","Elapsed":0}
{"Time":"2026-10-05T14:25:13.542290839Z","Action":"output","Package":"go.temporal.io/server/tools/gomad3/internal/compatibilitypack","Test":"TestEvaluateMatchingPackDecisions","Output":"--- PASS: TestEvaluateMatchingPackDecisions (0.00s)\n","OutputType":"frame"}
{"Time":"2026-10-05T14:25:13.542327839Z","Action":"pass","Package":"go.temporal.io/server/tools/gomad3/internal/compatibilitypack","Test":"TestEvaluateMatchingPackDecisions","Elapsed":0}
{"Time":"2026-10-05T14:25:13.542347339Z","Action":"run","Package":"go.temporal.io/server/tools/gomad3/internal/compatibilitypack","Test":"TestEvaluateHostImportDecisions"}
{"Time":"2026-10-05T14:25:13.54236688Z","Action":"output","Package":"go.temporal.io/server/tools/gomad3/internal/compatibilitypack","Test":"TestEvaluateHostImportDecisions","Output":"=== RUN   TestEvaluateHostImportDecisions\n","OutputType":"frame"}
{"Time":"2026-10-05T14:25:13.542386714Z","Action":"run","Package":"go.temporal.io/server/tools/gomad3/internal/compatibilitypack","Test":"TestEvaluateHostImportDecisions/import:os/exec"}
{"Time":"2026-10-05T14:25:13.542406214Z","Action":"output","Package":"go.temporal.io/server/tools/gomad3/internal/compatibilitypack","Test":"TestEvaluateHostImportDecisions/import:os/exec","Output":"=== RUN   TestEvaluateHostImportDecisions/import:os/exec\n","OutputType":"frame"}
{"Time":"2026-10-05T14:25:13.54245938Z","Action":"output","Package":"go.temporal.io/server/tools/gomad3/internal/compatibilitypack","Test":"TestEvaluateHostImportDecisions/import:os/exec","Output":"    policy_exhaustive_test.go:93: decision=compatibility.Decision{Allowed:false, Disposition:\"denied\", Remediation:\"remain_unsupported\", PackID:\"\"} bytes=\"{\\\"allowed\\\":false,\\\"disposition\\\":\\\"denied\\\",\\\"remediation\\\":\\\"remain_unsupported\\\"}\"\n"}
{"Time":"2026-10-05T14:25:13.542485089Z","Action":"output","Package":"go.temporal.io/server/tools/gomad3/internal/compatibilitypack","Test":"TestEvaluateHostImportDecisions/import:os/exec","Output":"--- PASS: TestEvaluateHostImportDecisions/import:os/exec (0.00s)\n","OutputType":"frame"}
{"Time":"2026-10-05T14:25:13.542508089Z","Action":"pass","Package":"go.temporal.io/server/tools/gomad3/internal/compatibilitypack","Test":"TestEvaluateHostImportDecisions/import:os/exec","Elapsed":0}
{"Time":"2026-10-05T14:25:13.542522089Z","Action":"run","Package":"go.temporal.io/server/tools/gomad3/internal/compatibilitypack","Test":"TestEvaluateHostImportDecisions/import:os/signal"}
{"Time":"2026-10-05T14:25:13.542537339Z","Action":"output","Package":"go.temporal.io/server/tools/gomad3/internal/compatibilitypack","Test":"TestEvaluateHostImportDecisions/import:os/signal","Output":"=== RUN   TestEvaluateHostImportDecisions/import:os/signal\n","OutputType":"frame"}
{"Time":"2026-10-05T14:25:13.542574922Z","Action":"output","Package":"go.temporal.io/server/tools/gomad3/internal/compatibilitypack","Test":"TestEvaluateHostImportDecisions/import:os/signal","Output":"    policy_exhaustive_test.go:93: decision=compatibility.Decision{Allowed:false, Disposition:\"denied\", Remediation:\"remain_unsupported\", PackID:\"\"} bytes=\"{\\\"allowed\\\":false,\\\"disposition\\\":\\\"denied\\\",\\\"remediation\\\":\\\"remain_unsupported\\\"}\"\n"}
{"Time":"2026-10-05T14:25:13.542613672Z","Action":"output","Package":"go.temporal.io/server/tools/gomad3/internal/compatibilitypack","Test":"TestEvaluateHostImportDecisions/import:os/signal","Output":"--- PASS: TestEvaluateHostImportDecisions/import:os/signal (0.00s)\n","OutputType":"frame"}
{"Time":"2026-10-05T14:25:13.542649505Z","Action":"pass","Package":"go.temporal.io/server/tools/gomad3/internal/compatibilitypack","Test":"TestEvaluateHostImportDecisions/import:os/signal","Elapsed":0}
{"Time":"2026-10-05T14:25:13.542669089Z","Action":"run","Package":"go.temporal.io/server/tools/gomad3/internal/compatibilitypack","Test":"TestEvaluateHostImportDecisions/import:os/user"}
{"Time":"2026-10-05T14:25:13.542682464Z","Action":"output","Package":"go.temporal.io/server/tools/gomad3/internal/compatibilitypack","Test":"TestEvaluateHostImportDecisions/import:os/user","Output":"=== RUN   TestEvaluateHostImportDecisions/import:os/user\n","OutputType":"frame"}
{"Time":"2026-10-05T14:25:13.542696547Z","Action":"output","Package":"go.temporal.io/server/tools/gomad3/internal/compatibilitypack","Test":"TestEvaluateHostImportDecisions/import:os/user","Output":"    policy_exhaustive_test.go:93: decision=compatibility.Decision{Allowed:false, Disposition:\"denied\", Remediation:\"remain_unsupported\", PackID:\"\"} bytes=\"{\\\"allowed\\\":false,\\\"disposition\\\":\\\"denied\\\",\\\"remediation\\\":\\\"remain_unsupported\\\"}\"\n"}
{"Time":"2026-10-05T14:25:13.542714422Z","Action":"output","Package":"go.temporal.io/server/tools/gomad3/internal/compatibilitypack","Test":"TestEvaluateHostImportDecisions/import:os/user","Output":"--- PASS: TestEvaluateHostImportDecisions/import:os/user (0.00s)\n","OutputType":"frame"}
{"Time":"2026-10-05T14:25:13.54272913Z","Action":"pass","Package":"go.temporal.io/server/tools/gomad3/internal/compatibilitypack","Test":"TestEvaluateHostImportDecisions/import:os/user","Elapsed":0}
{"Time":"2026-10-05T14:25:13.542743047Z","Action":"run","Package":"go.temporal.io/server/tools/gomad3/internal/compatibilitypack","Test":"TestEvaluateHostImportDecisions/import:plugin"}
{"Time":"2026-10-05T14:25:13.542758755Z","Action":"output","Package":"go.temporal.io/server/tools/gomad3/internal/compatibilitypack","Test":"TestEvaluateHostImportDecisions/import:plugin","Output":"=== RUN   TestEvaluateHostImportDecisions/import:plugin\n","OutputType":"frame"}
{"Time":"2026-10-05T14:25:13.542772422Z","Action":"output","Package":"go.temporal.io/server/tools/gomad3/internal/compatibilitypack","Test":"TestEvaluateHostImportDecisions/import:plugin","Output":"    policy_exhaustive_test.go:93: decision=compatibility.Decision{Allowed:false, Disposition:\"denied\", Remediation:\"remain_unsupported\", PackID:\"\"} bytes=\"{\\\"allowed\\\":false,\\\"disposition\\\":\\\"denied\\\",\\\"remediation\\\":\\\"remain_unsupported\\\"}\"\n"}
{"Time":"2026-10-05T14:25:13.542905505Z","Action":"output","Package":"go.temporal.io/server/tools/gomad3/internal/compatibilitypack","Test":"TestEvaluateHostImportDecisions/import:plugin","Output":"    policy_exhaustive_test.go:98: loader_error=\u003cnil\u003e\n"}
{"Time":"2026-10-05T14:25:13.542920172Z","Action":"output","Package":"go.temporal.io/server/tools/gomad3/internal/compatibilitypack","Test":"TestEvaluateHostImportDecisions/import:plugin","Output":"    policy_exhaustive_test.go:104: decision=compatibility.Decision{Allowed:true, Disposition:\"allowed_by_exact_pack\", Remediation:\"\", PackID:\"example-pack\"} bytes=\"{\\\"allowed\\\":true,\\\"disposition\\\":\\\"allowed_by_exact_pack\\\",\\\"pack_id\\\":\\\"example-pack\\\"}\"\n"}
{"Time":"2026-10-05T14:25:13.542934589Z","Action":"output","Package":"go.temporal.io/server/tools/gomad3/internal/compatibilitypack","Test":"TestEvaluateHostImportDecisions/import:plugin","Output":"--- PASS: TestEvaluateHostImportDecisions/import:plugin (0.00s)\n","OutputType":"frame"}
{"Time":"2026-10-05T14:25:13.542947755Z","Action":"pass","Package":"go.temporal.io/server/tools/gomad3/internal/compatibilitypack","Test":"TestEvaluateHostImportDecisions/import:plugin","Elapsed":0}
{"Time":"2026-10-05T14:25:13.542963672Z","Action":"run","Package":"go.temporal.io/server/tools/gomad3/internal/compatibilitypack","Test":"TestEvaluateHostImportDecisions/import:runtime/cgo"}
{"Time":"2026-10-05T14:25:13.54298488Z","Action":"output","Package":"go.temporal.io/server/tools/gomad3/internal/compatibilitypack","Test":"TestEvaluateHostImportDecisions/import:runtime/cgo","Output":"=== RUN   TestEvaluateHostImportDecisions/import:runtime/cgo\n","OutputType":"frame"}
{"Time":"2026-10-05T14:25:13.543049672Z","Action":"output","Package":"go.temporal.io/server/tools/gomad3/internal/compatibilitypack","Test":"TestEvaluateHostImportDecisions/import:runtime/cgo","Output":"    policy_exhaustive_test.go:93: decision=compatibility.Decision{Allowed:false, Disposition:\"denied\", Remediation:\"remain_unsupported\", PackID:\"\"} bytes=\"{\\\"allowed\\\":false,\\\"disposition\\\":\\\"denied\\\",\\\"remediation\\\":\\\"remain_unsupported\\\"}\"\n"}
{"Time":"2026-10-05T14:25:13.543071089Z","Action":"output","Package":"go.temporal.io/server/tools/gomad3/internal/compatibilitypack","Test":"TestEvaluateHostImportDecisions/import:runtime/cgo","Output":"    policy_exhaustive_test.go:98: loader_error=\u003cnil\u003e\n"}
{"Time":"2026-10-05T14:25:13.543085297Z","Action":"output","Package":"go.temporal.io/server/tools/gomad3/internal/compatibilitypack","Test":"TestEvaluateHostImportDecisions/import:runtime/cgo","Output":"    policy_exhaustive_test.go:104: decision=compatibility.Decision{Allowed:true, Disposition:\"allowed_by_exact_pack\", Remediation:\"\", PackID:\"example-pack\"} bytes=\"{\\\"allowed\\\":true,\\\"disposition\\\":\\\"allowed_by_exact_pack\\\",\\\"pack_id\\\":\\\"example-pack\\\"}\"\n"}
{"Time":"2026-10-05T14:25:13.543098547Z","Action":"output","Package":"go.temporal.io/server/tools/gomad3/internal/compatibilitypack","Test":"TestEvaluateHostImportDecisions/import:runtime/cgo","Output":"--- PASS: TestEvaluateHostImportDecisions/import:runtime/cgo (0.00s)\n","OutputType":"frame"}
{"Time":"2026-10-05T14:25:13.543111089Z","Action":"pass","Package":"go.temporal.io/server/tools/gomad3/internal/compatibilitypack","Test":"TestEvaluateHostImportDecisions/import:runtime/cgo","Elapsed":0}
{"Time":"2026-10-05T14:25:13.543123547Z","Action":"output","Package":"go.temporal.io/server/tools/gomad3/internal/compatibilitypack","Test":"TestEvaluateHostImportDecisions","Output":"--- PASS: TestEvaluateHostImportDecisions (0.00s)\n","OutputType":"frame"}
{"Time":"2026-10-05T14:25:13.543218922Z","Action":"pass","Package":"go.temporal.io/server/tools/gomad3/internal/compatibilitypack","Test":"TestEvaluateHostImportDecisions","Elapsed":0}
{"Time":"2026-10-05T14:25:13.543240589Z","Action":"run","Package":"go.temporal.io/server/tools/gomad3/internal/compatibilitypack","Test":"TestEvaluateNilAndEmptySelections"}
{"Time":"2026-10-05T14:25:13.543279714Z","Action":"output","Package":"go.temporal.io/server/tools/gomad3/internal/compatibilitypack","Test":"TestEvaluateNilAndEmptySelections","Output":"=== RUN   TestEvaluateNilAndEmptySelections\n","OutputType":"frame"}
{"Time":"2026-10-05T14:25:13.543299255Z","Action":"run","Package":"go.temporal.io/server/tools/gomad3/internal/compatibilitypack","Test":"TestEvaluateNilAndEmptySelections/nil"}
{"Time":"2026-10-05T14:25:13.54331963Z","Action":"output","Package":"go.temporal.io/server/tools/gomad3/internal/compatibilitypack","Test":"TestEvaluateNilAndEmptySelections/nil","Output":"=== RUN   TestEvaluateNilAndEmptySelections/nil\n","OutputType":"frame"}
{"Time":"2026-10-05T14:25:13.54333913Z","Action":"run","Package":"go.temporal.io/server/tools/gomad3/internal/compatibilitypack","Test":"TestEvaluateNilAndEmptySelections/nil/capability"}
{"Time":"2026-10-05T14:25:13.543360922Z","Action":"output","Package":"go.temporal.io/server/tools/gomad3/internal/compatibilitypack","Test":"TestEvaluateNilAndEmptySelections/nil/capability","Output":"=== RUN   TestEvaluateNilAndEmptySelections/nil/capability\n","OutputType":"frame"}
{"Time":"2026-10-05T14:25:13.543437589Z","Action":"output","Package":"go.temporal.io/server/tools/gomad3/internal/compatibilitypack","Test":"TestEvaluateNilAndEmptySelections/nil/capability","Output":"    policy_exhaustive_test.go:143: decision=compatibility.Decision{Allowed:false, Disposition:\"denied\", Remediation:\"add_exact_pack\", PackID:\"\"} bytes=\"{\\\"allowed\\\":false,\\\"disposition\\\":\\\"denied\\\",\\\"remediation\\\":\\\"add_exact_pack\\\"}\"\n"}
{"Time":"2026-10-05T14:25:13.543452005Z","Action":"output","Package":"go.temporal.io/server/tools/gomad3/internal/compatibilitypack","Test":"TestEvaluateNilAndEmptySelections/nil/capability","Output":"--- PASS: TestEvaluateNilAndEmptySelections/nil/capability (0.00s)\n","OutputType":"frame"}
{"Time":"2026-10-05T14:25:13.543467089Z","Action":"pass","Package":"go.temporal.io/server/tools/gomad3/internal/compatibilitypack","Test":"TestEvaluateNilAndEmptySelections/nil/capability","Elapsed":0}
{"Time":"2026-10-05T14:25:13.543480255Z","Action":"run","Package":"go.temporal.io/server/tools/gomad3/internal/compatibilitypack","Test":"TestEvaluateNilAndEmptySelections/nil/linkname"}
{"Time":"2026-10-05T14:25:13.543492005Z","Action":"output","Package":"go.temporal.io/server/tools/gomad3/internal/compatibilitypack","Test":"TestEvaluateNilAndEmptySelections/nil/linkname","Output":"=== RUN   TestEvaluateNilAndEmptySelections/nil/linkname\n","OutputType":"frame"}
{"Time":"2026-10-05T14:25:13.543504714Z","Action":"output","Package":"go.temporal.io/server/tools/gomad3/internal/compatibilitypack","Test":"TestEvaluateNilAndEmptySelections/nil/linkname","Output":"    policy_exhaustive_test.go:143: decision=compatibility.Decision{Allowed:false, Disposition:\"denied\", Remediation:\"add_exact_pack\", PackID:\"\"} bytes=\"{\\\"allowed\\\":false,\\\"disposition\\\":\\\"denied\\\",\\\"remediation\\\":\\\"add_exact_pack\\\"}\"\n"}
{"Time":"2026-10-05T14:25:13.543518505Z","Action":"output","Package":"go.temporal.io/server/tools/gomad3/internal/compatibilitypack","Test":"TestEvaluateNilAndEmptySelections/nil/linkname","Output":"--- PASS: TestEvaluateNilAndEmptySelections/nil/linkname (0.00s)\n","OutputType":"frame"}
{"Time":"2026-10-05T14:25:13.543532547Z","Action":"pass","Package":"go.temporal.io/server/tools/gomad3/internal/compatibilitypack","Test":"TestEvaluateNilAndEmptySelections/nil/linkname","Elapsed":0}
{"Time":"2026-10-05T14:25:13.543565255Z","Action":"run","Package":"go.temporal.io/server/tools/gomad3/internal/compatibilitypack","Test":"TestEvaluateNilAndEmptySelections/nil/malformed_linkname"}
{"Time":"2026-10-05T14:25:13.543582464Z","Action":"output","Package":"go.temporal.io/server/tools/gomad3/internal/compatibilitypack","Test":"TestEvaluateNilAndEmptySelections/nil/malformed_linkname","Output":"=== RUN   TestEvaluateNilAndEmptySelections/nil/malformed_linkname\n","OutputType":"frame"}
{"Time":"2026-10-05T14:25:13.543614422Z","Action":"output","Package":"go.temporal.io/server/tools/gomad3/internal/compatibilitypack","Test":"TestEvaluateNilAndEmptySelections/nil/malformed_linkname","Output":"    policy_exhaustive_test.go:143: decision=compatibility.Decision{Allowed:false, Disposition:\"denied\", Remediation:\"remain_unsupported\", PackID:\"\"} bytes=\"{\\\"allowed\\\":false,\\\"disposition\\\":\\\"denied\\\",\\\"remediation\\\":\\\"remain_unsupported\\\"}\"\n"}
{"Time":"2026-10-05T14:25:13.543653922Z","Action":"output","Package":"go.temporal.io/server/tools/gomad3/internal/compatibilitypack","Test":"TestEvaluateNilAndEmptySelections/nil/malformed_linkname","Output":"--- PASS: TestEvaluateNilAndEmptySelections/nil/malformed_linkname (0.00s)\n","OutputType":"frame"}
{"Time":"2026-10-05T14:25:13.543672672Z","Action":"pass","Package":"go.temporal.io/server/tools/gomad3/internal/compatibilitypack","Test":"TestEvaluateNilAndEmptySelections/nil/malformed_linkname","Elapsed":0}
{"Time":"2026-10-05T14:25:13.543691339Z","Action":"run","Package":"go.temporal.io/server/tools/gomad3/internal/compatibilitypack","Test":"TestEvaluateNilAndEmptySelections/nil/no_reviewed_go_source"}
{"Time":"2026-10-05T14:25:13.54370938Z","Action":"output","Package":"go.temporal.io/server/tools/gomad3/internal/compatibilitypack","Test":"TestEvaluateNilAndEmptySelections/nil/no_reviewed_go_source","Output":"=== RUN   TestEvaluateNilAndEmptySelections/nil/no_reviewed_go_source\n","OutputType":"frame"}
{"Time":"2026-10-05T14:25:13.543728047Z","Action":"output","Package":"go.temporal.io/server/tools/gomad3/internal/compatibilitypack","Test":"TestEvaluateNilAndEmptySelections/nil/no_reviewed_go_source","Output":"    policy_exhaustive_test.go:143: decision=compatibility.Decision{Allowed:false, Disposition:\"denied\", Remediation:\"remove_dependency\", PackID:\"\"} bytes=\"{\\\"allowed\\\":false,\\\"disposition\\\":\\\"denied\\\",\\\"remediation\\\":\\\"remove_dependency\\\"}\"\n"}
{"Time":"2026-10-05T14:25:13.543747297Z","Action":"output","Package":"go.temporal.io/server/tools/gomad3/internal/compatibilitypack","Test":"TestEvaluateNilAndEmptySelections/nil/no_reviewed_go_source","Output":"--- PASS: TestEvaluateNilAndEmptySelections/nil/no_reviewed_go_source (0.00s)\n","OutputType":"frame"}
{"Time":"2026-10-05T14:25:13.543768297Z","Action":"pass","Package":"go.temporal.io/server/tools/gomad3/internal/compatibilitypack","Test":"TestEvaluateNilAndEmptySelections/nil/no_reviewed_go_source","Elapsed":0}
{"Time":"2026-10-05T14:25:13.54378888Z","Action":"run","Package":"go.temporal.io/server/tools/gomad3/internal/compatibilitypack","Test":"TestEvaluateNilAndEmptySelections/nil/future-kind"}
{"Time":"2026-10-05T14:25:13.543810089Z","Action":"output","Package":"go.temporal.io/server/tools/gomad3/internal/compatibilitypack","Test":"TestEvaluateNilAndEmptySelections/nil/future-kind","Output":"=== RUN   TestEvaluateNilAndEmptySelections/nil/future-kind\n","OutputType":"frame"}
{"Time":"2026-10-05T14:25:13.543835797Z","Action":"output","Package":"go.temporal.io/server/tools/gomad3/internal/compatibilitypack","Test":"TestEvaluateNilAndEmptySelections/nil/future-kind","Output":"    policy_exhaustive_test.go:143: decision=compatibility.Decision{Allowed:false, Disposition:\"denied\", Remediation:\"remain_unsupported\", PackID:\"\"} bytes=\"{\\\"allowed\\\":false,\\\"disposition\\\":\\\"denied\\\",\\\"remediation\\\":\\\"remain_unsupported\\\"}\"\n"}
{"Time":"2026-10-05T14:25:13.543872339Z","Action":"output","Package":"go.temporal.io/server/tools/gomad3/internal/compatibilitypack","Test":"TestEvaluateNilAndEmptySelections/nil/future-kind","Output":"--- PASS: TestEvaluateNilAndEmptySelections/nil/future-kind (0.00s)\n","OutputType":"frame"}
{"Time":"2026-10-05T14:25:13.543895672Z","Action":"pass","Package":"go.temporal.io/server/tools/gomad3/internal/compatibilitypack","Test":"TestEvaluateNilAndEmptySelections/nil/future-kind","Elapsed":0}
{"Time":"2026-10-05T14:25:13.543910547Z","Action":"run","Package":"go.temporal.io/server/tools/gomad3/internal/compatibilitypack","Test":"TestEvaluateNilAndEmptySelections/nil/#00"}
{"Time":"2026-10-05T14:25:13.543930089Z","Action":"output","Package":"go.temporal.io/server/tools/gomad3/internal/compatibilitypack","Test":"TestEvaluateNilAndEmptySelections/nil/#00","Output":"=== RUN   TestEvaluateNilAndEmptySelections/nil/#00\n","OutputType":"frame"}
{"Time":"2026-10-05T14:25:13.54394413Z","Action":"output","Package":"go.temporal.io/server/tools/gomad3/internal/compatibilitypack","Test":"TestEvaluateNilAndEmptySelections/nil/#00","Output":"    policy_exhaustive_test.go:143: decision=compatibility.Decision{Allowed:false, Disposition:\"denied\", Remediation:\"remain_unsupported\", PackID:\"\"} bytes=\"{\\\"allowed\\\":false,\\\"disposition\\\":\\\"denied\\\",\\\"remediation\\\":\\\"remain_unsupported\\\"}\"\n"}
{"Time":"2026-10-05T14:25:13.543958589Z","Action":"output","Package":"go.temporal.io/server/tools/gomad3/internal/compatibilitypack","Test":"TestEvaluateNilAndEmptySelections/nil/#00","Output":"--- PASS: TestEvaluateNilAndEmptySelections/nil/#00 (0.00s)\n","OutputType":"frame"}
{"Time":"2026-10-05T14:25:13.54401238Z","Action":"pass","Package":"go.temporal.io/server/tools/gomad3/internal/compatibilitypack","Test":"TestEvaluateNilAndEmptySelections/nil/#00","Elapsed":0}
{"Time":"2026-10-05T14:25:13.544034797Z","Action":"output","Package":"go.temporal.io/server/tools/gomad3/internal/compatibilitypack","Test":"TestEvaluateNilAndEmptySelections/nil","Output":"--- PASS: TestEvaluateNilAndEmptySelections/nil (0.00s)\n","OutputType":"frame"}
{"Time":"2026-10-05T14:25:13.544055922Z","Action":"pass","Package":"go.temporal.io/server/tools/gomad3/internal/compatibilitypack","Test":"TestEvaluateNilAndEmptySelections/nil","Elapsed":0}
{"Time":"2026-10-05T14:25:13.544146922Z","Action":"run","Package":"go.temporal.io/server/tools/gomad3/internal/compatibilitypack","Test":"TestEvaluateNilAndEmptySelections/empty"}
{"Time":"2026-10-05T14:25:13.544162839Z","Action":"output","Package":"go.temporal.io/server/tools/gomad3/internal/compatibilitypack","Test":"TestEvaluateNilAndEmptySelections/empty","Output":"=== RUN   TestEvaluateNilAndEmptySelections/empty\n","OutputType":"frame"}
{"Time":"2026-10-05T14:25:13.544176047Z","Action":"run","Package":"go.temporal.io/server/tools/gomad3/internal/compatibilitypack","Test":"TestEvaluateNilAndEmptySelections/empty/capability"}
{"Time":"2026-10-05T14:25:13.544189339Z","Action":"output","Package":"go.temporal.io/server/tools/gomad3/internal/compatibilitypack","Test":"TestEvaluateNilAndEmptySelections/empty/capability","Output":"=== RUN   TestEvaluateNilAndEmptySelections/empty/capability\n","OutputType":"frame"}
{"Time":"2026-10-05T14:25:13.544202547Z","Action":"output","Package":"go.temporal.io/server/tools/gomad3/internal/compatibilitypack","Test":"TestEvaluateNilAndEmptySelections/empty/capability","Output":"    policy_exhaustive_test.go:143: decision=compatibility.Decision{Allowed:false, Disposition:\"denied\", Remediation:\"add_exact_pack\", PackID:\"\"} bytes=\"{\\\"allowed\\\":false,\\\"disposition\\\":\\\"denied\\\",\\\"remediation\\\":\\\"add_exact_pack\\\"}\"\n"}
{"Time":"2026-10-05T14:25:13.544216672Z","Action":"output","Package":"go.temporal.io/server/tools/gomad3/internal/compatibilitypack","Test":"TestEvaluateNilAndEmptySelections/empty/capability","Output":"--- PASS: TestEvaluateNilAndEmptySelections/empty/capability (0.00s)\n","OutputType":"frame"}
{"Time":"2026-10-05T14:25:13.544231172Z","Action":"pass","Package":"go.temporal.io/server/tools/gomad3/internal/compatibilitypack","Test":"TestEvaluateNilAndEmptySelections/empty/capability","Elapsed":0}
{"Time":"2026-10-05T14:25:13.544245422Z","Action":"run","Package":"go.temporal.io/server/tools/gomad3/internal/compatibilitypack","Test":"TestEvaluateNilAndEmptySelections/empty/linkname"}
{"Time":"2026-10-05T14:25:13.544259172Z","Action":"output","Package":"go.temporal.io/server/tools/gomad3/internal/compatibilitypack","Test":"TestEvaluateNilAndEmptySelections/empty/linkname","Output":"=== RUN   TestEvaluateNilAndEmptySelections/empty/linkname\n","OutputType":"frame"}
{"Time":"2026-10-05T14:25:13.544381464Z","Action":"output","Package":"go.temporal.io/server/tools/gomad3/internal/compatibilitypack","Test":"TestEvaluateNilAndEmptySelections/empty/linkname","Output":"    policy_exhaustive_test.go:143: decision=compatibility.Decision{Allowed:false, Disposition:\"denied\", Remediation:\"add_exact_pack\", PackID:\"\"} bytes=\"{\\\"allowed\\\":false,\\\"disposition\\\":\\\"denied\\\",\\\"remediation\\\":\\\"add_exact_pack\\\"}\"\n"}
{"Time":"2026-10-05T14:25:13.544395922Z","Action":"output","Package":"go.temporal.io/server/tools/gomad3/internal/compatibilitypack","Test":"TestEvaluateNilAndEmptySelections/empty/linkname","Output":"--- PASS: TestEvaluateNilAndEmptySelections/empty/linkname (0.00s)\n","OutputType":"frame"}
{"Time":"2026-10-05T14:25:13.54441063Z","Action":"pass","Package":"go.temporal.io/server/tools/gomad3/internal/compatibilitypack","Test":"TestEvaluateNilAndEmptySelections/empty/linkname","Elapsed":0}
{"Time":"2026-10-05T14:25:13.544424005Z","Action":"run","Package":"go.temporal.io/server/tools/gomad3/internal/compatibilitypack","Test":"TestEvaluateNilAndEmptySelections/empty/malformed_linkname"}
{"Time":"2026-10-05T14:25:13.544460047Z","Action":"output","Package":"go.temporal.io/server/tools/gomad3/internal/compatibilitypack","Test":"TestEvaluateNilAndEmptySelections/empty/malformed_linkname","Output":"=== RUN   TestEvaluateNilAndEmptySelections/empty/malformed_linkname\n","OutputType":"frame"}
{"Time":"2026-10-05T14:25:13.544481547Z","Action":"output","Package":"go.temporal.io/server/tools/gomad3/internal/compatibilitypack","Test":"TestEvaluateNilAndEmptySelections/empty/malformed_linkname","Output":"    policy_exhaustive_test.go:143: decision=compatibility.Decision{Allowed:false, Disposition:\"denied\", Remediation:\"remain_unsupported\", PackID:\"\"} bytes=\"{\\\"allowed\\\":false,\\\"disposition\\\":\\\"denied\\\",\\\"remediation\\\":\\\"remain_unsupported\\\"}\"\n"}
{"Time":"2026-10-05T14:25:13.544502172Z","Action":"output","Package":"go.temporal.io/server/tools/gomad3/internal/compatibilitypack","Test":"TestEvaluateNilAndEmptySelections/empty/malformed_linkname","Output":"--- PASS: TestEvaluateNilAndEmptySelections/empty/malformed_linkname (0.00s)\n","OutputType":"frame"}
{"Time":"2026-10-05T14:25:13.544520589Z","Action":"pass","Package":"go.temporal.io/server/tools/gomad3/internal/compatibilitypack","Test":"TestEvaluateNilAndEmptySelections/empty/malformed_linkname","Elapsed":0}
{"Time":"2026-10-05T14:25:13.544541422Z","Action":"run","Package":"go.temporal.io/server/tools/gomad3/internal/compatibilitypack","Test":"TestEvaluateNilAndEmptySelections/empty/no_reviewed_go_source"}
{"Time":"2026-10-05T14:25:13.544553464Z","Action":"output","Package":"go.temporal.io/server/tools/gomad3/internal/compatibilitypack","Test":"TestEvaluateNilAndEmptySelections/empty/no_reviewed_go_source","Output":"=== RUN   TestEvaluateNilAndEmptySelections/empty/no_reviewed_go_source\n","OutputType":"frame"}
{"Time":"2026-10-05T14:25:13.544566964Z","Action":"output","Package":"go.temporal.io/server/tools/gomad3/internal/compatibilitypack","Test":"TestEvaluateNilAndEmptySelections/empty/no_reviewed_go_source","Output":"    policy_exhaustive_test.go:143: decision=compatibility.Decision{Allowed:false, Disposition:\"denied\", Remediation:\"remove_dependency\", PackID:\"\"} bytes=\"{\\\"allowed\\\":false,\\\"disposition\\\":\\\"denied\\\",\\\"remediation\\\":\\\"remove_dependency\\\"}\"\n"}
{"Time":"2026-10-05T14:25:13.544581047Z","Action":"output","Package":"go.temporal.io/server/tools/gomad3/internal/compatibilitypack","Test":"TestEvaluateNilAndEmptySelections/empty/no_reviewed_go_source","Output":"--- PASS: TestEvaluateNilAndEmptySelections/empty/no_reviewed_go_source (0.00s)\n","OutputType":"frame"}
{"Time":"2026-10-05T14:25:13.544612839Z","Action":"pass","Package":"go.temporal.io/server/tools/gomad3/internal/compatibilitypack","Test":"TestEvaluateNilAndEmptySelections/empty/no_reviewed_go_source","Elapsed":0}
{"Time":"2026-10-05T14:25:13.544632047Z","Action":"run","Package":"go.temporal.io/server/tools/gomad3/internal/compatibilitypack","Test":"TestEvaluateNilAndEmptySelections/empty/future-kind"}
{"Time":"2026-10-05T14:25:13.54467413Z","Action":"output","Package":"go.temporal.io/server/tools/gomad3/internal/compatibilitypack","Test":"TestEvaluateNilAndEmptySelections/empty/future-kind","Output":"=== RUN   TestEvaluateNilAndEmptySelections/empty/future-kind\n","OutputType":"frame"}
{"Time":"2026-10-05T14:25:13.54469388Z","Action":"output","Package":"go.temporal.io/server/tools/gomad3/internal/compatibilitypack","Test":"TestEvaluateNilAndEmptySelections/empty/future-kind","Output":"    policy_exhaustive_test.go:143: decision=compatibility.Decision{Allowed:false, Disposition:\"denied\", Remediation:\"remain_unsupported\", PackID:\"\"} bytes=\"{\\\"allowed\\\":false,\\\"disposition\\\":\\\"denied\\\",\\\"remediation\\\":\\\"remain_unsupported\\\"}\"\n"}
{"Time":"2026-10-05T14:25:13.544714547Z","Action":"output","Package":"go.temporal.io/server/tools/gomad3/internal/compatibilitypack","Test":"TestEvaluateNilAndEmptySelections/empty/future-kind","Output":"--- PASS: TestEvaluateNilAndEmptySelections/empty/future-kind (0.00s)\n","OutputType":"frame"}
{"Time":"2026-10-05T14:25:13.544732464Z","Action":"pass","Package":"go.temporal.io/server/tools/gomad3/internal/compatibilitypack","Test":"TestEvaluateNilAndEmptySelections/empty/future-kind","Elapsed":0}
{"Time":"2026-10-05T14:25:13.544750839Z","Action":"run","Package":"go.temporal.io/server/tools/gomad3/internal/compatibilitypack","Test":"TestEvaluateNilAndEmptySelections/empty/#00"}
{"Time":"2026-10-05T14:25:13.544770964Z","Action":"output","Package":"go.temporal.io/server/tools/gomad3/internal/compatibilitypack","Test":"TestEvaluateNilAndEmptySelections/empty/#00","Output":"=== RUN   TestEvaluateNilAndEmptySelections/empty/#00\n","OutputType":"frame"}
{"Time":"2026-10-05T14:25:13.544792672Z","Action":"output","Package":"go.temporal.io/server/tools/gomad3/internal/compatibilitypack","Test":"TestEvaluateNilAndEmptySelections/empty/#00","Output":"    policy_exhaustive_test.go:143: decision=compatibility.Decision{Allowed:false, Disposition:\"denied\", Remediation:\"remain_unsupported\", PackID:\"\"} bytes=\"{\\\"allowed\\\":false,\\\"disposition\\\":\\\"denied\\\",\\\"remediation\\\":\\\"remain_unsupported\\\"}\"\n"}
{"Time":"2026-10-05T14:25:13.544813339Z","Action":"output","Package":"go.temporal.io/server/tools/gomad3/internal/compatibilitypack","Test":"TestEvaluateNilAndEmptySelections/empty/#00","Output":"--- PASS: TestEvaluateNilAndEmptySelections/empty/#00 (0.00s)\n","OutputType":"frame"}
{"Time":"2026-10-05T14:25:13.544835089Z","Action":"pass","Package":"go.temporal.io/server/tools/gomad3/internal/compatibilitypack","Test":"TestEvaluateNilAndEmptySelections/empty/#00","Elapsed":0}
{"Time":"2026-10-05T14:25:13.544856839Z","Action":"output","Package":"go.temporal.io/server/tools/gomad3/internal/compatibilitypack","Test":"TestEvaluateNilAndEmptySelections/empty","Output":"--- PASS: TestEvaluateNilAndEmptySelections/empty (0.00s)\n","OutputType":"frame"}
{"Time":"2026-10-05T14:25:13.544876047Z","Action":"pass","Package":"go.temporal.io/server/tools/gomad3/internal/compatibilitypack","Test":"TestEvaluateNilAndEmptySelections/empty","Elapsed":0}
{"Time":"2026-10-05T14:25:13.54489813Z","Action":"output","Package":"go.temporal.io/server/tools/gomad3/internal/compatibilitypack","Test":"TestEvaluateNilAndEmptySelections","Output":"--- PASS: TestEvaluateNilAndEmptySelections (0.00s)\n","OutputType":"frame"}
{"Time":"2026-10-05T14:25:13.544920505Z","Action":"pass","Package":"go.temporal.io/server/tools/gomad3/internal/compatibilitypack","Test":"TestEvaluateNilAndEmptySelections","Elapsed":0}
{"Time":"2026-10-05T14:25:13.544933422Z","Action":"run","Package":"go.temporal.io/server/tools/gomad3/internal/compatibilitypack","Test":"TestEvaluateTraversesRulesAndPacks"}
{"Time":"2026-10-05T14:25:13.544946464Z","Action":"output","Package":"go.temporal.io/server/tools/gomad3/internal/compatibilitypack","Test":"TestEvaluateTraversesRulesAndPacks","Output":"=== RUN   TestEvaluateTraversesRulesAndPacks\n","OutputType":"frame"}
{"Time":"2026-10-05T14:25:13.544965922Z","Action":"run","Package":"go.temporal.io/server/tools/gomad3/internal/compatibilitypack","Test":"TestEvaluateTraversesRulesAndPacks/later-matching-rule"}
{"Time":"2026-10-05T14:25:13.544996297Z","Action":"output","Package":"go.temporal.io/server/tools/gomad3/internal/compatibilitypack","Test":"TestEvaluateTraversesRulesAndPacks/later-matching-rule","Output":"=== RUN   TestEvaluateTraversesRulesAndPacks/later-matching-rule\n","OutputType":"frame"}
{"Time":"2026-10-05T14:25:13.545017755Z","Action":"output","Package":"go.temporal.io/server/tools/gomad3/internal/compatibilitypack","Test":"TestEvaluateTraversesRulesAndPacks/later-matching-rule","Output":"    policy_exhaustive_test.go:165: decision=compatibility.Decision{Allowed:true, Disposition:\"allowed_by_exact_pack\", Remediation:\"\", PackID:\"example-pack\"} bytes=\"{\\\"allowed\\\":true,\\\"disposition\\\":\\\"allowed_by_exact_pack\\\",\\\"pack_id\\\":\\\"example-pack\\\"}\"\n"}
{"Time":"2026-10-05T14:25:13.545039589Z","Action":"output","Package":"go.temporal.io/server/tools/gomad3/internal/compatibilitypack","Test":"TestEvaluateTraversesRulesAndPacks/later-matching-rule","Output":"    policy_exhaustive_test.go:165: decision=compatibility.Decision{Allowed:true, Disposition:\"allowed_by_exact_pack\", Remediation:\"\", PackID:\"example-pack\"} bytes=\"{\\\"allowed\\\":true,\\\"disposition\\\":\\\"allowed_by_exact_pack\\\",\\\"pack_id\\\":\\\"example-pack\\\"}\"\n"}
{"Time":"2026-10-05T14:25:13.545059172Z","Action":"output","Package":"go.temporal.io/server/tools/gomad3/internal/compatibilitypack","Test":"TestEvaluateTraversesRulesAndPacks/later-matching-rule","Output":"--- PASS: TestEvaluateTraversesRulesAndPacks/later-matching-rule (0.00s)\n","OutputType":"frame"}
{"Time":"2026-10-05T14:25:13.545079505Z","Action":"pass","Package":"go.temporal.io/server/tools/gomad3/internal/compatibilitypack","Test":"TestEvaluateTraversesRulesAndPacks/later-matching-rule","Elapsed":0}
{"Time":"2026-10-05T14:25:13.545092922Z","Action":"run","Package":"go.temporal.io/server/tools/gomad3/internal/compatibilitypack","Test":"TestEvaluateTraversesRulesAndPacks/later-matching-pack"}
{"Time":"2026-10-05T14:25:13.54510813Z","Action":"output","Package":"go.temporal.io/server/tools/gomad3/internal/compatibilitypack","Test":"TestEvaluateTraversesRulesAndPacks/later-matching-pack","Output":"=== RUN   TestEvaluateTraversesRulesAndPacks/later-matching-pack\n","OutputType":"frame"}
{"Time":"2026-10-05T14:25:13.545124755Z","Action":"output","Package":"go.temporal.io/server/tools/gomad3/internal/compatibilitypack","Test":"TestEvaluateTraversesRulesAndPacks/later-matching-pack","Output":"    policy_exhaustive_test.go:201: decision=compatibility.Decision{Allowed:true, Disposition:\"allowed_by_exact_pack\", Remediation:\"\", PackID:\"z-pack\"} bytes=\"{\\\"allowed\\\":true,\\\"disposition\\\":\\\"allowed_by_exact_pack\\\",\\\"pack_id\\\":\\\"z-pack\\\"}\"\n"}
{"Time":"2026-10-05T14:25:13.545243005Z","Action":"output","Package":"go.temporal.io/server/tools/gomad3/internal/compatibilitypack","Test":"TestEvaluateTraversesRulesAndPacks/later-matching-pack","Output":"    policy_exhaustive_test.go:201: decision=compatibility.Decision{Allowed:true, Disposition:\"allowed_by_exact_pack\", Remediation:\"\", PackID:\"z-pack\"} bytes=\"{\\\"allowed\\\":true,\\\"disposition\\\":\\\"allowed_by_exact_pack\\\",\\\"pack_id\\\":\\\"z-pack\\\"}\"\n"}
{"Time":"2026-10-05T14:25:13.545262255Z","Action":"output","Package":"go.temporal.io/server/tools/gomad3/internal/compatibilitypack","Test":"TestEvaluateTraversesRulesAndPacks/later-matching-pack","Output":"--- PASS: TestEvaluateTraversesRulesAndPacks/later-matching-pack (0.00s)\n","OutputType":"frame"}
{"Time":"2026-10-05T14:25:13.54527563Z","Action":"pass","Package":"go.temporal.io/server/tools/gomad3/internal/compatibilitypack","Test":"TestEvaluateTraversesRulesAndPacks/later-matching-pack","Elapsed":0}
{"Time":"2026-10-05T14:25:13.545288464Z","Action":"run","Package":"go.temporal.io/server/tools/gomad3/internal/compatibilitypack","Test":"TestEvaluateTraversesRulesAndPacks/later-granting-pack"}
{"Time":"2026-10-05T14:25:13.54534413Z","Action":"output","Package":"go.temporal.io/server/tools/gomad3/internal/compatibilitypack","Test":"TestEvaluateTraversesRulesAndPacks/later-granting-pack","Output":"=== RUN   TestEvaluateTraversesRulesAndPacks/later-granting-pack\n","OutputType":"frame"}
{"Time":"2026-10-05T14:25:13.545365839Z","Action":"output","Package":"go.temporal.io/server/tools/gomad3/internal/compatibilitypack","Test":"TestEvaluateTraversesRulesAndPacks/later-granting-pack","Output":"    policy_exhaustive_test.go:201: decision=compatibility.Decision{Allowed:true, Disposition:\"allowed_by_exact_pack\", Remediation:\"\", PackID:\"z-pack\"} bytes=\"{\\\"allowed\\\":true,\\\"disposition\\\":\\\"allowed_by_exact_pack\\\",\\\"pack_id\\\":\\\"z-pack\\\"}\"\n"}
{"Time":"2026-10-05T14:25:13.545386464Z","Action":"output","Package":"go.temporal.io/server/tools/gomad3/internal/compatibilitypack","Test":"TestEvaluateTraversesRulesAndPacks/later-granting-pack","Output":"    policy_exhaustive_test.go:201: decision=compatibility.Decision{Allowed:true, Disposition:\"allowed_by_exact_pack\", Remediation:\"\", PackID:\"z-pack\"} bytes=\"{\\\"allowed\\\":true,\\\"disposition\\\":\\\"allowed_by_exact_pack\\\",\\\"pack_id\\\":\\\"z-pack\\\"}\"\n"}
{"Time":"2026-10-05T14:25:13.545410172Z","Action":"output","Package":"go.temporal.io/server/tools/gomad3/internal/compatibilitypack","Test":"TestEvaluateTraversesRulesAndPacks/later-granting-pack","Output":"--- PASS: TestEvaluateTraversesRulesAndPacks/later-granting-pack (0.00s)\n","OutputType":"frame"}
{"Time":"2026-10-05T14:25:13.545437714Z","Action":"pass","Package":"go.temporal.io/server/tools/gomad3/internal/compatibilitypack","Test":"TestEvaluateTraversesRulesAndPacks/later-granting-pack","Elapsed":0}
{"Time":"2026-10-05T14:25:13.545458047Z","Action":"run","Package":"go.temporal.io/server/tools/gomad3/internal/compatibilitypack","Test":"TestEvaluateTraversesRulesAndPacks/first-grant-precedence"}
{"Time":"2026-10-05T14:25:13.545483255Z","Action":"output","Package":"go.temporal.io/server/tools/gomad3/internal/compatibilitypack","Test":"TestEvaluateTraversesRulesAndPacks/first-grant-precedence","Output":"=== RUN   TestEvaluateTraversesRulesAndPacks/first-grant-precedence\n","OutputType":"frame"}
{"Time":"2026-10-05T14:25:13.545498839Z","Action":"output","Package":"go.temporal.io/server/tools/gomad3/internal/compatibilitypack","Test":"TestEvaluateTraversesRulesAndPacks/first-grant-precedence","Output":"    policy_exhaustive_test.go:199: decision=compatibility.Decision{Allowed:true, Disposition:\"allowed_by_exact_pack\", Remediation:\"\", PackID:\"a-pack\"} bytes=\"{\\\"allowed\\\":true,\\\"disposition\\\":\\\"allowed_by_exact_pack\\\",\\\"pack_id\\\":\\\"a-pack\\\"}\"\n"}
{"Time":"2026-10-05T14:25:13.545512839Z","Action":"output","Package":"go.temporal.io/server/tools/gomad3/internal/compatibilitypack","Test":"TestEvaluateTraversesRulesAndPacks/first-grant-precedence","Output":"    policy_exhaustive_test.go:199: decision=compatibility.Decision{Allowed:true, Disposition:\"allowed_by_exact_pack\", Remediation:\"\", PackID:\"a-pack\"} bytes=\"{\\\"allowed\\\":true,\\\"disposition\\\":\\\"allowed_by_exact_pack\\\",\\\"pack_id\\\":\\\"a-pack\\\"}\"\n"}
{"Time":"2026-10-05T14:25:13.545526214Z","Action":"output","Package":"go.temporal.io/server/tools/gomad3/internal/compatibilitypack","Test":"TestEvaluateTraversesRulesAndPacks/first-grant-precedence","Output":"--- PASS: TestEvaluateTraversesRulesAndPacks/first-grant-precedence (0.00s)\n","OutputType":"frame"}
{"Time":"2026-10-05T14:25:13.545538964Z","Action":"pass","Package":"go.temporal.io/server/tools/gomad3/internal/compatibilitypack","Test":"TestEvaluateTraversesRulesAndPacks/first-grant-precedence","Elapsed":0}
{"Time":"2026-10-05T14:25:13.545554422Z","Action":"output","Package":"go.temporal.io/server/tools/gomad3/internal/compatibilitypack","Test":"TestEvaluateTraversesRulesAndPacks","Output":"--- PASS: TestEvaluateTraversesRulesAndPacks (0.00s)\n","OutputType":"frame"}
{"Time":"2026-10-05T14:25:13.545577922Z","Action":"pass","Package":"go.temporal.io/server/tools/gomad3/internal/compatibilitypack","Test":"TestEvaluateTraversesRulesAndPacks","Elapsed":0}
{"Time":"2026-10-05T14:25:13.54559213Z","Action":"run","Package":"go.temporal.io/server/tools/gomad3/internal/compatibilitypack","Test":"TestEvaluatePreservesInputsAndDetachedCopies"}
{"Time":"2026-10-05T14:25:13.545624839Z","Action":"output","Package":"go.temporal.io/server/tools/gomad3/internal/compatibilitypack","Test":"TestEvaluatePreservesInputsAndDetachedCopies","Output":"=== RUN   TestEvaluatePreservesInputsAndDetachedCopies\n","OutputType":"frame"}
{"Time":"2026-10-05T14:25:13.545645089Z","Action":"output","Package":"go.temporal.io/server/tools/gomad3/internal/compatibilitypack","Test":"TestEvaluatePreservesInputsAndDetachedCopies","Output":"    policy_exhaustive_test.go:214: decision=compatibility.Decision{Allowed:true, Disposition:\"allowed_by_exact_pack\", Remediation:\"\", PackID:\"example-pack\"} bytes=\"{\\\"allowed\\\":true,\\\"disposition\\\":\\\"allowed_by_exact_pack\\\",\\\"pack_id\\\":\\\"example-pack\\\"}\"\n"}
{"Time":"2026-10-05T14:25:13.54566488Z","Action":"output","Package":"go.temporal.io/server/tools/gomad3/internal/compatibilitypack","Test":"TestEvaluatePreservesInputsAndDetachedCopies","Output":"    policy_exhaustive_test.go:214: decision=compatibility.Decision{Allowed:true, Disposition:\"allowed_by_exact_pack\", Remediation:\"\", PackID:\"example-pack\"} bytes=\"{\\\"allowed\\\":true,\\\"disposition\\\":\\\"allowed_by_exact_pack\\\",\\\"pack_id\\\":\\\"example-pack\\\"}\"\n"}
{"Time":"2026-10-05T14:25:13.545686214Z","Action":"output","Package":"go.temporal.io/server/tools/gomad3/internal/compatibilitypack","Test":"TestEvaluatePreservesInputsAndDetachedCopies","Output":"    policy_exhaustive_test.go:236: decision=compatibility.Decision{Allowed:true, Disposition:\"allowed_by_exact_pack\", Remediation:\"\", PackID:\"example-pack\"} bytes=\"{\\\"allowed\\\":true,\\\"disposition\\\":\\\"allowed_by_exact_pack\\\",\\\"pack_id\\\":\\\"example-pack\\\"}\"\n"}
{"Time":"2026-10-05T14:25:13.545706505Z","Action":"output","Package":"go.temporal.io/server/tools/gomad3/internal/compatibilitypack","Test":"TestEvaluatePreservesInputsAndDetachedCopies","Output":"    policy_exhaustive_test.go:236: decision=compatibility.Decision{Allowed:true, Disposition:\"allowed_by_exact_pack\", Remediation:\"\", PackID:\"example-pack\"} bytes=\"{\\\"allowed\\\":true,\\\"disposition\\\":\\\"allowed_by_exact_pack\\\",\\\"pack_id\\\":\\\"example-pack\\\"}\"\n"}
{"Time":"2026-10-05T14:25:13.545726672Z","Action":"output","Package":"go.temporal.io/server/tools/gomad3/internal/compatibilitypack","Test":"TestEvaluatePreservesInputsAndDetachedCopies","Output":"    policy_exhaustive_test.go:245: decision=compatibility.Decision{Allowed:true, Disposition:\"allowed_by_exact_pack\", Remediation:\"\", PackID:\"example-pack\"} bytes=\"{\\\"allowed\\\":true,\\\"disposition\\\":\\\"allowed_by_exact_pack\\\",\\\"pack_id\\\":\\\"example-pack\\\"}\"\n"}
{"Time":"2026-10-05T14:25:13.545746714Z","Action":"output","Package":"go.temporal.io/server/tools/gomad3/internal/compatibilitypack","Test":"TestEvaluatePreservesInputsAndDetachedCopies","Output":"    policy_exhaustive_test.go:248: decision=compatibility.Decision{Allowed:true, Disposition:\"allowed_by_exact_pack\", Remediation:\"\", PackID:\"example-pack\"} bytes=\"{\\\"allowed\\\":true,\\\"disposition\\\":\\\"allowed_by_exact_pack\\\",\\\"pack_id\\\":\\\"example-pack\\\"}\"\n"}
{"Time":"2026-10-05T14:25:13.54576788Z","Action":"output","Package":"go.temporal.io/server/tools/gomad3/internal/compatibilitypack","Test":"TestEvaluatePreservesInputsAndDetachedCopies","Output":"--- PASS: TestEvaluatePreservesInputsAndDetachedCopies (0.00s)\n","OutputType":"frame"}
{"Time":"2026-10-05T14:25:13.545787505Z","Action":"pass","Package":"go.temporal.io/server/tools/gomad3/internal/compatibilitypack","Test":"TestEvaluatePreservesInputsAndDetachedCopies","Elapsed":0}
{"Time":"2026-10-05T14:25:13.545806505Z","Action":"output","Package":"go.temporal.io/server/tools/gomad3/internal/compatibilitypack","Output":"PASS\n","OutputType":"frame"}
{"Time":"2026-10-05T14:25:13.545867005Z","Action":"output","Package":"go.temporal.io/server/tools/gomad3/internal/compatibilitypack","Output":"ok  \tgo.temporal.io/server/tools/gomad3/internal/compatibilitypack\t0.021s\n"}
{"Time":"2026-10-05T14:25:13.545900589Z","Action":"pass","Package":"go.temporal.io/server/tools/gomad3/internal/compatibilitypack","Elapsed":0.021}
