{"Time":"2026-10-05T14:23:47.333763297Z","Action":"start","Package":"go.temporal.io/server/tools/gomad3/target"}
{"Time":"2026-10-05T14:23:47.335448964Z","Action":"run","Package":"go.temporal.io/server/tools/gomad3/target","Test":"TestCapabilityReviewGoldenCanonicalBytes"}
{"Time":"2026-10-05T14:23:47.335520589Z","Action":"output","Package":"go.temporal.io/server/tools/gomad3/target","Test":"TestCapabilityReviewGoldenCanonicalBytes","Output":"=== RUN   TestCapabilityReviewGoldenCanonicalBytes\n","OutputType":"frame"}
{"Time":"2026-10-05T14:23:47.367887631Z","Action":"run","Package":"go.temporal.io/server/tools/gomad3/target","Test":"TestCapabilityReviewGoldenCanonicalBytes/closure-findings"}
{"Time":"2026-10-05T14:23:47.367954506Z","Action":"output","Package":"go.temporal.io/server/tools/gomad3/target","Test":"TestCapabilityReviewGoldenCanonicalBytes/closure-findings","Output":"=== RUN   TestCapabilityReviewGoldenCanonicalBytes/closure-findings\n","OutputType":"frame"}
{"Time":"2026-10-05T14:23:47.368609464Z","Action":"output","Package":"go.temporal.io/server/tools/gomad3/target","Test":"TestCapabilityReviewGoldenCanonicalBytes/closure-findings","Output":"--- PASS: TestCapabilityReviewGoldenCanonicalBytes/closure-findings (0.00s)\n","OutputType":"frame"}
{"Time":"2026-10-05T14:23:47.368647006Z","Action":"pass","Package":"go.temporal.io/server/tools/gomad3/target","Test":"TestCapabilityReviewGoldenCanonicalBytes/closure-findings","Elapsed":0}
{"Time":"2026-10-05T14:23:47.368672214Z","Action":"run","Package":"go.temporal.io/server/tools/gomad3/target","Test":"TestCapabilityReviewGoldenCanonicalBytes/closure-sources"}
{"Time":"2026-10-05T14:23:47.368688798Z","Action":"output","Package":"go.temporal.io/server/tools/gomad3/target","Test":"TestCapabilityReviewGoldenCanonicalBytes/closure-sources","Output":"=== RUN   TestCapabilityReviewGoldenCanonicalBytes/closure-sources\n","OutputType":"frame"}
{"Time":"2026-10-05T14:23:47.368996673Z","Action":"output","Package":"go.temporal.io/server/tools/gomad3/target","Test":"TestCapabilityReviewGoldenCanonicalBytes/closure-sources","Output":"--- PASS: TestCapabilityReviewGoldenCanonicalBytes/closure-sources (0.00s)\n","OutputType":"frame"}
{"Time":"2026-10-05T14:23:47.369013256Z","Action":"pass","Package":"go.temporal.io/server/tools/gomad3/target","Test":"TestCapabilityReviewGoldenCanonicalBytes/closure-sources","Elapsed":0}
{"Time":"2026-10-05T14:23:47.369030714Z","Action":"run","Package":"go.temporal.io/server/tools/gomad3/target","Test":"TestCapabilityReviewGoldenCanonicalBytes/closure-adapter"}
{"Time":"2026-10-05T14:23:47.369047923Z","Action":"output","Package":"go.temporal.io/server/tools/gomad3/target","Test":"TestCapabilityReviewGoldenCanonicalBytes/closure-adapter","Output":"=== RUN   TestCapabilityReviewGoldenCanonicalBytes/closure-adapter\n","OutputType":"frame"}
{"Time":"2026-10-05T14:23:47.369236423Z","Action":"output","Package":"go.temporal.io/server/tools/gomad3/target","Test":"TestCapabilityReviewGoldenCanonicalBytes/closure-adapter","Output":"--- PASS: TestCapabilityReviewGoldenCanonicalBytes/closure-adapter (0.00s)\n","OutputType":"frame"}
{"Time":"2026-10-05T14:23:47.369255631Z","Action":"pass","Package":"go.temporal.io/server/tools/gomad3/target","Test":"TestCapabilityReviewGoldenCanonicalBytes/closure-adapter","Elapsed":0}
{"Time":"2026-10-05T14:23:47.369277923Z","Action":"run","Package":"go.temporal.io/server/tools/gomad3/target","Test":"TestCapabilityReviewGoldenCanonicalBytes/linked"}
{"Time":"2026-10-05T14:23:47.369295423Z","Action":"output","Package":"go.temporal.io/server/tools/gomad3/target","Test":"TestCapabilityReviewGoldenCanonicalBytes/linked","Output":"=== RUN   TestCapabilityReviewGoldenCanonicalBytes/linked\n","OutputType":"frame"}
{"Time":"2026-10-05T14:23:47.369557839Z","Action":"output","Package":"go.temporal.io/server/tools/gomad3/target","Test":"TestCapabilityReviewGoldenCanonicalBytes/linked","Output":"--- PASS: TestCapabilityReviewGoldenCanonicalBytes/linked (0.00s)\n","OutputType":"frame"}
{"Time":"2026-10-05T14:23:47.369575173Z","Action":"pass","Package":"go.temporal.io/server/tools/gomad3/target","Test":"TestCapabilityReviewGoldenCanonicalBytes/linked","Elapsed":0}
{"Time":"2026-10-05T14:23:47.369600381Z","Action":"run","Package":"go.temporal.io/server/tools/gomad3/target","Test":"TestCapabilityReviewGoldenCanonicalBytes/guarded"}
{"Time":"2026-10-05T14:23:47.369615131Z","Action":"output","Package":"go.temporal.io/server/tools/gomad3/target","Test":"TestCapabilityReviewGoldenCanonicalBytes/guarded","Output":"=== RUN   TestCapabilityReviewGoldenCanonicalBytes/guarded\n","OutputType":"frame"}
{"Time":"2026-10-05T14:23:47.369852964Z","Action":"output","Package":"go.temporal.io/server/tools/gomad3/target","Test":"TestCapabilityReviewGoldenCanonicalBytes/guarded","Output":"--- PASS: TestCapabilityReviewGoldenCanonicalBytes/guarded (0.00s)\n","OutputType":"frame"}
{"Time":"2026-10-05T14:23:47.369874006Z","Action":"pass","Package":"go.temporal.io/server/tools/gomad3/target","Test":"TestCapabilityReviewGoldenCanonicalBytes/guarded","Elapsed":0}
{"Time":"2026-10-05T14:23:47.369888589Z","Action":"run","Package":"go.temporal.io/server/tools/gomad3/target","Test":"TestCapabilityReviewGoldenCanonicalBytes/recorded-closure"}
{"Time":"2026-10-05T14:23:47.369898131Z","Action":"output","Package":"go.temporal.io/server/tools/gomad3/target","Test":"TestCapabilityReviewGoldenCanonicalBytes/recorded-closure","Output":"=== RUN   TestCapabilityReviewGoldenCanonicalBytes/recorded-closure\n","OutputType":"frame"}
{"Time":"2026-10-05T14:23:47.370158131Z","Action":"output","Package":"go.temporal.io/server/tools/gomad3/target","Test":"TestCapabilityReviewGoldenCanonicalBytes/recorded-closure","Output":"--- PASS: TestCapabilityReviewGoldenCanonicalBytes/recorded-closure (0.00s)\n","OutputType":"frame"}
{"Time":"2026-10-05T14:23:47.370176589Z","Action":"pass","Package":"go.temporal.io/server/tools/gomad3/target","Test":"TestCapabilityReviewGoldenCanonicalBytes/recorded-closure","Elapsed":0}
{"Time":"2026-10-05T14:23:47.370349631Z","Action":"output","Package":"go.temporal.io/server/tools/gomad3/target","Test":"TestCapabilityReviewGoldenCanonicalBytes","Output":"--- PASS: TestCapabilityReviewGoldenCanonicalBytes (0.03s)\n","OutputType":"frame"}
{"Time":"2026-10-05T14:23:47.370367631Z","Action":"pass","Package":"go.temporal.io/server/tools/gomad3/target","Test":"TestCapabilityReviewGoldenCanonicalBytes","Elapsed":0.03}
{"Time":"2026-10-05T14:23:47.370384756Z","Action":"run","Package":"go.temporal.io/server/tools/gomad3/target","Test":"TestCompatibilityPackProjectionPreservesCompleteEvidence"}
{"Time":"2026-10-05T14:23:47.370400881Z","Action":"output","Package":"go.temporal.io/server/tools/gomad3/target","Test":"TestCompatibilityPackProjectionPreservesCompleteEvidence","Output":"=== RUN   TestCompatibilityPackProjectionPreservesCompleteEvidence\n","OutputType":"frame"}
{"Time":"2026-10-05T14:23:47.370580881Z","Action":"output","Package":"go.temporal.io/server/tools/gomad3/target","Test":"TestCompatibilityPackProjectionPreservesCompleteEvidence","Output":"--- PASS: TestCompatibilityPackProjectionPreservesCompleteEvidence (0.00s)\n","OutputType":"frame"}
{"Time":"2026-10-05T14:23:47.370605006Z","Action":"pass","Package":"go.temporal.io/server/tools/gomad3/target","Test":"TestCompatibilityPackProjectionPreservesCompleteEvidence","Elapsed":0}
{"Time":"2026-10-05T14:23:47.370616381Z","Action":"run","Package":"go.temporal.io/server/tools/gomad3/target","Test":"TestCompatibilityPackProjectionPreservesNilAndEmpty"}
{"Time":"2026-10-05T14:23:47.370667756Z","Action":"output","Package":"go.temporal.io/server/tools/gomad3/target","Test":"TestCompatibilityPackProjectionPreservesNilAndEmpty","Output":"=== RUN   TestCompatibilityPackProjectionPreservesNilAndEmpty\n","OutputType":"frame"}
{"Time":"2026-10-05T14:23:47.370685881Z","Action":"output","Package":"go.temporal.io/server/tools/gomad3/target","Test":"TestCompatibilityPackProjectionPreservesNilAndEmpty","Output":"--- PASS: TestCompatibilityPackProjectionPreservesNilAndEmpty (0.00s)\n","OutputType":"frame"}
{"Time":"2026-10-05T14:23:47.370695881Z","Action":"pass","Package":"go.temporal.io/server/tools/gomad3/target","Test":"TestCompatibilityPackProjectionPreservesNilAndEmpty","Elapsed":0}
{"Time":"2026-10-05T14:23:47.370716714Z","Action":"run","Package":"go.temporal.io/server/tools/gomad3/target","Test":"TestCompatibilityPackProjectionPreservesOrderAndDetachesNestedStorage"}
{"Time":"2026-10-05T14:23:47.370730381Z","Action":"output","Package":"go.temporal.io/server/tools/gomad3/target","Test":"TestCompatibilityPackProjectionPreservesOrderAndDetachesNestedStorage","Output":"=== RUN   TestCompatibilityPackProjectionPreservesOrderAndDetachesNestedStorage\n","OutputType":"frame"}
{"Time":"2026-10-05T14:23:47.370744881Z","Action":"output","Package":"go.temporal.io/server/tools/gomad3/target","Test":"TestCompatibilityPackProjectionPreservesOrderAndDetachesNestedStorage","Output":"--- PASS: TestCompatibilityPackProjectionPreservesOrderAndDetachesNestedStorage (0.00s)\n","OutputType":"frame"}
{"Time":"2026-10-05T14:23:47.370759506Z","Action":"pass","Package":"go.temporal.io/server/tools/gomad3/target","Test":"TestCompatibilityPackProjectionPreservesOrderAndDetachesNestedStorage","Elapsed":0}
{"Time":"2026-10-05T14:23:47.370775673Z","Action":"run","Package":"go.temporal.io/server/tools/gomad3/target","Test":"TestPreparedCacheDigestOverlayEmpty"}
{"Time":"2026-10-05T14:23:47.370789423Z","Action":"output","Package":"go.temporal.io/server/tools/gomad3/target","Test":"TestPreparedCacheDigestOverlayEmpty","Output":"=== RUN   TestPreparedCacheDigestOverlayEmpty\n","OutputType":"frame"}
{"Time":"2026-10-05T14:23:47.370803798Z","Action":"output","Package":"go.temporal.io/server/tools/gomad3/target","Test":"TestPreparedCacheDigestOverlayEmpty","Output":"--- PASS: TestPreparedCacheDigestOverlayEmpty (0.00s)\n","OutputType":"frame"}
{"Time":"2026-10-05T14:23:47.370821881Z","Action":"pass","Package":"go.temporal.io/server/tools/gomad3/target","Test":"TestPreparedCacheDigestOverlayEmpty","Elapsed":0}
{"Time":"2026-10-05T14:23:47.370831756Z","Action":"run","Package":"go.temporal.io/server/tools/gomad3/target","Test":"TestPreparedCacheDigestOverlayCanonicalInputs"}
{"Time":"2026-10-05T14:23:47.370848881Z","Action":"output","Package":"go.temporal.io/server/tools/gomad3/target","Test":"TestPreparedCacheDigestOverlayCanonicalInputs","Output":"=== RUN   TestPreparedCacheDigestOverlayCanonicalInputs\n","OutputType":"frame"}
{"Time":"2026-10-05T14:23:47.370865423Z","Action":"run","Package":"go.temporal.io/server/tools/gomad3/target","Test":"TestPreparedCacheDigestOverlayCanonicalInputs/reverse_map_order_and_unclean_original"}
{"Time":"2026-10-05T14:23:47.370882048Z","Action":"output","Package":"go.temporal.io/server/tools/gomad3/target","Test":"TestPreparedCacheDigestOverlayCanonicalInputs/reverse_map_order_and_unclean_original","Output":"=== RUN   TestPreparedCacheDigestOverlayCanonicalInputs/reverse_map_order_and_unclean_original\n","OutputType":"frame"}
{"Time":"2026-10-05T14:23:47.371105923Z","Action":"output","Package":"go.temporal.io/server/tools/gomad3/target","Test":"TestPreparedCacheDigestOverlayCanonicalInputs/reverse_map_order_and_unclean_original","Output":"--- PASS: TestPreparedCacheDigestOverlayCanonicalInputs/reverse_map_order_and_unclean_original (0.00s)\n","OutputType":"frame"}
{"Time":"2026-10-05T14:23:47.371121048Z","Action":"pass","Package":"go.temporal.io/server/tools/gomad3/target","Test":"TestPreparedCacheDigestOverlayCanonicalInputs/reverse_map_order_and_unclean_original","Elapsed":0}
{"Time":"2026-10-05T14:23:47.371141631Z","Action":"run","Package":"go.temporal.io/server/tools/gomad3/target","Test":"TestPreparedCacheDigestOverlayCanonicalInputs/sorted_map_order_and_clean_original"}
{"Time":"2026-10-05T14:23:47.371157089Z","Action":"output","Package":"go.temporal.io/server/tools/gomad3/target","Test":"TestPreparedCacheDigestOverlayCanonicalInputs/sorted_map_order_and_clean_original","Output":"=== RUN   TestPreparedCacheDigestOverlayCanonicalInputs/sorted_map_order_and_clean_original\n","OutputType":"frame"}
{"Time":"2026-10-05T14:23:47.371317423Z","Action":"output","Package":"go.temporal.io/server/tools/gomad3/target","Test":"TestPreparedCacheDigestOverlayCanonicalInputs/sorted_map_order_and_clean_original","Output":"--- PASS: TestPreparedCacheDigestOverlayCanonicalInputs/sorted_map_order_and_clean_original (0.00s)\n","OutputType":"frame"}
{"Time":"2026-10-05T14:23:47.371341548Z","Action":"pass","Package":"go.temporal.io/server/tools/gomad3/target","Test":"TestPreparedCacheDigestOverlayCanonicalInputs/sorted_map_order_and_clean_original","Elapsed":0}
{"Time":"2026-10-05T14:23:47.371356048Z","Action":"output","Package":"go.temporal.io/server/tools/gomad3/target","Test":"TestPreparedCacheDigestOverlayCanonicalInputs","Output":"--- PASS: TestPreparedCacheDigestOverlayCanonicalInputs (0.00s)\n","OutputType":"frame"}
{"Time":"2026-10-05T14:23:47.371372673Z","Action":"pass","Package":"go.temporal.io/server/tools/gomad3/target","Test":"TestPreparedCacheDigestOverlayCanonicalInputs","Elapsed":0}
{"Time":"2026-10-05T14:23:47.371391048Z","Action":"run","Package":"go.temporal.io/server/tools/gomad3/target","Test":"TestPreparedCacheDigestOverlayReadFailure"}
{"Time":"2026-10-05T14:23:47.371401131Z","Action":"output","Package":"go.temporal.io/server/tools/gomad3/target","Test":"TestPreparedCacheDigestOverlayReadFailure","Output":"=== RUN   TestPreparedCacheDigestOverlayReadFailure\n","OutputType":"frame"}
{"Time":"2026-10-05T14:23:47.371460673Z","Action":"output","Package":"go.temporal.io/server/tools/gomad3/target","Test":"TestPreparedCacheDigestOverlayReadFailure","Output":"--- PASS: TestPreparedCacheDigestOverlayReadFailure (0.00s)\n","OutputType":"frame"}
{"Time":"2026-10-05T14:23:47.371477089Z","Action":"pass","Package":"go.temporal.io/server/tools/gomad3/target","Test":"TestPreparedCacheDigestOverlayReadFailure","Elapsed":0}
{"Time":"2026-10-05T14:23:47.371493339Z","Action":"run","Package":"go.temporal.io/server/tools/gomad3/target","Test":"TestPreparedCacheDigestModuleInputs"}
{"Time":"2026-10-05T14:23:47.371513506Z","Action":"output","Package":"go.temporal.io/server/tools/gomad3/target","Test":"TestPreparedCacheDigestModuleInputs","Output":"=== RUN   TestPreparedCacheDigestModuleInputs\n","OutputType":"frame"}
{"Time":"2026-10-05T14:23:47.371529589Z","Action":"run","Package":"go.temporal.io/server/tools/gomad3/target","Test":"TestPreparedCacheDigestModuleInputs/present"}
{"Time":"2026-10-05T14:23:47.371540714Z","Action":"output","Package":"go.temporal.io/server/tools/gomad3/target","Test":"TestPreparedCacheDigestModuleInputs/present","Output":"=== RUN   TestPreparedCacheDigestModuleInputs/present\n","OutputType":"frame"}
{"Time":"2026-10-05T14:23:47.371649548Z","Action":"output","Package":"go.temporal.io/server/tools/gomad3/target","Test":"TestPreparedCacheDigestModuleInputs/present","Output":"--- PASS: TestPreparedCacheDigestModuleInputs/present (0.00s)\n","OutputType":"frame"}
{"Time":"2026-10-05T14:23:47.371668714Z","Action":"pass","Package":"go.temporal.io/server/tools/gomad3/target","Test":"TestPreparedCacheDigestModuleInputs/present","Elapsed":0}
{"Time":"2026-10-05T14:23:47.371684048Z","Action":"run","Package":"go.temporal.io/server/tools/gomad3/target","Test":"TestPreparedCacheDigestModuleInputs/absent_go.sum"}
{"Time":"2026-10-05T14:23:47.371699173Z","Action":"output","Package":"go.temporal.io/server/tools/gomad3/target","Test":"TestPreparedCacheDigestModuleInputs/absent_go.sum","Output":"=== RUN   TestPreparedCacheDigestModuleInputs/absent_go.sum\n","OutputType":"frame"}
{"Time":"2026-10-05T14:23:47.371766631Z","Action":"output","Package":"go.temporal.io/server/tools/gomad3/target","Test":"TestPreparedCacheDigestModuleInputs/absent_go.sum","Output":"--- PASS: TestPreparedCacheDigestModuleInputs/absent_go.sum (0.00s)\n","OutputType":"frame"}
{"Time":"2026-10-05T14:23:47.371778756Z","Action":"pass","Package":"go.temporal.io/server/tools/gomad3/target","Test":"TestPreparedCacheDigestModuleInputs/absent_go.sum","Elapsed":0}
{"Time":"2026-10-05T14:23:47.371795256Z","Action":"run","Package":"go.temporal.io/server/tools/gomad3/target","Test":"TestPreparedCacheDigestModuleInputs/empty_go.sum"}
{"Time":"2026-10-05T14:23:47.371830756Z","Action":"output","Package":"go.temporal.io/server/tools/gomad3/target","Test":"TestPreparedCacheDigestModuleInputs/empty_go.sum","Output":"=== RUN   TestPreparedCacheDigestModuleInputs/empty_go.sum\n","OutputType":"frame"}
{"Time":"2026-10-05T14:23:47.371934673Z","Action":"output","Package":"go.temporal.io/server/tools/gomad3/target","Test":"TestPreparedCacheDigestModuleInputs/empty_go.sum","Output":"--- PASS: TestPreparedCacheDigestModuleInputs/empty_go.sum (0.00s)\n","OutputType":"frame"}
{"Time":"2026-10-05T14:23:47.371954089Z","Action":"pass","Package":"go.temporal.io/server/tools/gomad3/target","Test":"TestPreparedCacheDigestModuleInputs/empty_go.sum","Elapsed":0}
{"Time":"2026-10-05T14:23:47.371970756Z","Action":"run","Package":"go.temporal.io/server/tools/gomad3/target","Test":"TestPreparedCacheDigestModuleInputs/argument_order"}
{"Time":"2026-10-05T14:23:47.371986673Z","Action":"output","Package":"go.temporal.io/server/tools/gomad3/target","Test":"TestPreparedCacheDigestModuleInputs/argument_order","Output":"=== RUN   TestPreparedCacheDigestModuleInputs/argument_order\n","OutputType":"frame"}
{"Time":"2026-10-05T14:23:47.372129464Z","Action":"output","Package":"go.temporal.io/server/tools/gomad3/target","Test":"TestPreparedCacheDigestModuleInputs/argument_order","Output":"--- PASS: TestPreparedCacheDigestModuleInputs/argument_order (0.00s)\n","OutputType":"frame"}
{"Time":"2026-10-05T14:23:47.372147298Z","Action":"pass","Package":"go.temporal.io/server/tools/gomad3/target","Test":"TestPreparedCacheDigestModuleInputs/argument_order","Elapsed":0}
{"Time":"2026-10-05T14:23:47.372163089Z","Action":"run","Package":"go.temporal.io/server/tools/gomad3/target","Test":"TestPreparedCacheDigestModuleInputs/basename_framing"}
{"Time":"2026-10-05T14:23:47.372180006Z","Action":"output","Package":"go.temporal.io/server/tools/gomad3/target","Test":"TestPreparedCacheDigestModuleInputs/basename_framing","Output":"=== RUN   TestPreparedCacheDigestModuleInputs/basename_framing\n","OutputType":"frame"}
{"Time":"2026-10-05T14:23:47.372299256Z","Action":"output","Package":"go.temporal.io/server/tools/gomad3/target","Test":"TestPreparedCacheDigestModuleInputs/basename_framing","Output":"--- PASS: TestPreparedCacheDigestModuleInputs/basename_framing (0.00s)\n","OutputType":"frame"}
{"Time":"2026-10-05T14:23:47.372313756Z","Action":"pass","Package":"go.temporal.io/server/tools/gomad3/target","Test":"TestPreparedCacheDigestModuleInputs/basename_framing","Elapsed":0}
{"Time":"2026-10-05T14:23:47.372331298Z","Action":"output","Package":"go.temporal.io/server/tools/gomad3/target","Test":"TestPreparedCacheDigestModuleInputs","Output":"--- PASS: TestPreparedCacheDigestModuleInputs (0.00s)\n","OutputType":"frame"}
{"Time":"2026-10-05T14:23:47.372348714Z","Action":"pass","Package":"go.temporal.io/server/tools/gomad3/target","Test":"TestPreparedCacheDigestModuleInputs","Elapsed":0}
{"Time":"2026-10-05T14:23:47.372366631Z","Action":"run","Package":"go.temporal.io/server/tools/gomad3/target","Test":"TestPreparedCacheDigestModuleEmptyInputs"}
{"Time":"2026-10-05T14:23:47.372383923Z","Action":"output","Package":"go.temporal.io/server/tools/gomad3/target","Test":"TestPreparedCacheDigestModuleEmptyInputs","Output":"=== RUN   TestPreparedCacheDigestModuleEmptyInputs\n","OutputType":"frame"}
{"Time":"2026-10-05T14:23:47.372398631Z","Action":"output","Package":"go.temporal.io/server/tools/gomad3/target","Test":"TestPreparedCacheDigestModuleEmptyInputs","Output":"--- PASS: TestPreparedCacheDigestModuleEmptyInputs (0.00s)\n","OutputType":"frame"}
{"Time":"2026-10-05T14:23:47.372406881Z","Action":"pass","Package":"go.temporal.io/server/tools/gomad3/target","Test":"TestPreparedCacheDigestModuleEmptyInputs","Elapsed":0}
{"Time":"2026-10-05T14:23:47.372418048Z","Action":"run","Package":"go.temporal.io/server/tools/gomad3/target","Test":"TestPreparedCacheDigestModuleReadFailure"}
{"Time":"2026-10-05T14:23:47.372429423Z","Action":"output","Package":"go.temporal.io/server/tools/gomad3/target","Test":"TestPreparedCacheDigestModuleReadFailure","Output":"=== RUN   TestPreparedCacheDigestModuleReadFailure\n","OutputType":"frame"}
{"Time":"2026-10-05T14:23:47.372448839Z","Action":"output","Package":"go.temporal.io/server/tools/gomad3/target","Test":"TestPreparedCacheDigestModuleReadFailure","Output":"--- PASS: TestPreparedCacheDigestModuleReadFailure (0.00s)\n","OutputType":"frame"}
{"Time":"2026-10-05T14:23:47.372462589Z","Action":"pass","Package":"go.temporal.io/server/tools/gomad3/target","Test":"TestPreparedCacheDigestModuleReadFailure","Elapsed":0}
{"Time":"2026-10-05T14:23:47.372476339Z","Action":"run","Package":"go.temporal.io/server/tools/gomad3/target","Test":"TestProjectBuildInfoCanonicalizesModuleAndSettings"}
{"Time":"2026-10-05T14:23:47.372486673Z","Action":"output","Package":"go.temporal.io/server/tools/gomad3/target","Test":"TestProjectBuildInfoCanonicalizesModuleAndSettings","Output":"=== RUN   TestProjectBuildInfoCanonicalizesModuleAndSettings\n","OutputType":"frame"}
{"Time":"2026-10-05T14:23:47.372522839Z","Action":"output","Package":"go.temporal.io/server/tools/gomad3/target","Test":"TestProjectBuildInfoCanonicalizesModuleAndSettings","Output":"--- PASS: TestProjectBuildInfoCanonicalizesModuleAndSettings (0.00s)\n","OutputType":"frame"}
{"Time":"2026-10-05T14:23:47.372553298Z","Action":"pass","Package":"go.temporal.io/server/tools/gomad3/target","Test":"TestProjectBuildInfoCanonicalizesModuleAndSettings","Elapsed":0}
{"Time":"2026-10-05T14:23:47.372566798Z","Action":"run","Package":"go.temporal.io/server/tools/gomad3/target","Test":"TestPreparedRecordProjectionDefensivelyCopiesIdentity"}
{"Time":"2026-10-05T14:23:47.372576923Z","Action":"output","Package":"go.temporal.io/server/tools/gomad3/target","Test":"TestPreparedRecordProjectionDefensivelyCopiesIdentity","Output":"=== RUN   TestPreparedRecordProjectionDefensivelyCopiesIdentity\n","OutputType":"frame"}
{"Time":"2026-10-05T14:23:47.372594298Z","Action":"output","Package":"go.temporal.io/server/tools/gomad3/target","Test":"TestPreparedRecordProjectionDefensivelyCopiesIdentity","Output":"--- PASS: TestPreparedRecordProjectionDefensivelyCopiesIdentity (0.00s)\n","OutputType":"frame"}
{"Time":"2026-10-05T14:23:47.372605631Z","Action":"pass","Package":"go.temporal.io/server/tools/gomad3/target","Test":"TestPreparedRecordProjectionDefensivelyCopiesIdentity","Elapsed":0}
{"Time":"2026-10-05T14:23:47.372621464Z","Action":"output","Package":"go.temporal.io/server/tools/gomad3/target","Output":"PASS\n","OutputType":"frame"}
{"Time":"2026-10-05T14:23:47.372690506Z","Action":"output","Package":"go.temporal.io/server/tools/gomad3/target","Output":"ok  \tgo.temporal.io/server/tools/gomad3/target\t0.039s\n"}
{"Time":"2026-10-05T14:23:47.372722548Z","Action":"pass","Package":"go.temporal.io/server/tools/gomad3/target","Elapsed":0.039}
