{"Time":"2026-10-05T14:20:46.087520128Z","Action":"start","Package":"go.temporal.io/server/tools/gomad3/internal/compatibilitypack"}
{"Time":"2026-10-05T14:20:46.089229003Z","Action":"run","Package":"go.temporal.io/server/tools/gomad3/internal/compatibilitypack","Test":"TestEvaluateMatchingPackDecisions"}
{"Time":"2026-10-05T14:20:46.089318794Z","Action":"output","Package":"go.temporal.io/server/tools/gomad3/internal/compatibilitypack","Test":"TestEvaluateMatchingPackDecisions","Output":"=== RUN   TestEvaluateMatchingPackDecisions\n","OutputType":"frame"}
{"Time":"2026-10-05T14:20:46.089514128Z","Action":"run","Package":"go.temporal.io/server/tools/gomad3/internal/compatibilitypack","Test":"TestEvaluateMatchingPackDecisions/capability"}
{"Time":"2026-10-05T14:20:46.089559919Z","Action":"output","Package":"go.temporal.io/server/tools/gomad3/internal/compatibilitypack","Test":"TestEvaluateMatchingPackDecisions/capability","Output":"=== RUN   TestEvaluateMatchingPackDecisions/capability\n","OutputType":"frame"}
{"Time":"2026-10-05T14:20:46.089581628Z","Action":"output","Package":"go.temporal.io/server/tools/gomad3/internal/compatibilitypack","Test":"TestEvaluateMatchingPackDecisions/capability","Output":"    policy_exhaustive_test.go:75: decision=compatibility.Decision{Allowed:true, Disposition:\"allowed_by_exact_pack\", Remediation:\"\", PackID:\"example-pack\"} bytes=\"{\\\"allowed\\\":true,\\\"disposition\\\":\\\"allowed_by_exact_pack\\\",\\\"pack_id\\\":\\\"example-pack\\\"}\"\n"}
{"Time":"2026-10-05T14:20:46.089603211Z","Action":"output","Package":"go.temporal.io/server/tools/gomad3/internal/compatibilitypack","Test":"TestEvaluateMatchingPackDecisions/capability","Output":"--- PASS: TestEvaluateMatchingPackDecisions/capability (0.00s)\n","OutputType":"frame"}
{"Time":"2026-10-05T14:20:46.089620086Z","Action":"pass","Package":"go.temporal.io/server/tools/gomad3/internal/compatibilitypack","Test":"TestEvaluateMatchingPackDecisions/capability","Elapsed":0}
{"Time":"2026-10-05T14:20:46.089637003Z","Action":"run","Package":"go.temporal.io/server/tools/gomad3/internal/compatibilitypack","Test":"TestEvaluateMatchingPackDecisions/linkname"}
{"Time":"2026-10-05T14:20:46.089649044Z","Action":"output","Package":"go.temporal.io/server/tools/gomad3/internal/compatibilitypack","Test":"TestEvaluateMatchingPackDecisions/linkname","Output":"=== RUN   TestEvaluateMatchingPackDecisions/linkname\n","OutputType":"frame"}
{"Time":"2026-10-05T14:20:46.089664336Z","Action":"output","Package":"go.temporal.io/server/tools/gomad3/internal/compatibilitypack","Test":"TestEvaluateMatchingPackDecisions/linkname","Output":"    policy_exhaustive_test.go:75: decision=compatibility.Decision{Allowed:true, Disposition:\"allowed_by_exact_pack\", Remediation:\"\", PackID:\"example-pack\"} bytes=\"{\\\"allowed\\\":true,\\\"disposition\\\":\\\"allowed_by_exact_pack\\\",\\\"pack_id\\\":\\\"example-pack\\\"}\"\n"}
{"Time":"2026-10-05T14:20:46.089685711Z","Action":"output","Package":"go.temporal.io/server/tools/gomad3/internal/compatibilitypack","Test":"TestEvaluateMatchingPackDecisions/linkname","Output":"--- PASS: TestEvaluateMatchingPackDecisions/linkname (0.00s)\n","OutputType":"frame"}
{"Time":"2026-10-05T14:20:46.089700003Z","Action":"pass","Package":"go.temporal.io/server/tools/gomad3/internal/compatibilitypack","Test":"TestEvaluateMatchingPackDecisions/linkname","Elapsed":0}
{"Time":"2026-10-05T14:20:46.089710294Z","Action":"run","Package":"go.temporal.io/server/tools/gomad3/internal/compatibilitypack","Test":"TestEvaluateMatchingPackDecisions/malformed-linkname"}
{"Time":"2026-10-05T14:20:46.089726711Z","Action":"output","Package":"go.temporal.io/server/tools/gomad3/internal/compatibilitypack","Test":"TestEvaluateMatchingPackDecisions/malformed-linkname","Output":"=== RUN   TestEvaluateMatchingPackDecisions/malformed-linkname\n","OutputType":"frame"}
{"Time":"2026-10-05T14:20:46.089738836Z","Action":"output","Package":"go.temporal.io/server/tools/gomad3/internal/compatibilitypack","Test":"TestEvaluateMatchingPackDecisions/malformed-linkname","Output":"    policy_exhaustive_test.go:75: decision=compatibility.Decision{Allowed:false, Disposition:\"denied\", Remediation:\"remain_unsupported\", PackID:\"\"} bytes=\"{\\\"allowed\\\":false,\\\"disposition\\\":\\\"denied\\\",\\\"remediation\\\":\\\"remain_unsupported\\\"}\"\n"}
{"Time":"2026-10-05T14:20:46.089758128Z","Action":"output","Package":"go.temporal.io/server/tools/gomad3/internal/compatibilitypack","Test":"TestEvaluateMatchingPackDecisions/malformed-linkname","Output":"--- PASS: TestEvaluateMatchingPackDecisions/malformed-linkname (0.00s)\n","OutputType":"frame"}
{"Time":"2026-10-05T14:20:46.089774128Z","Action":"pass","Package":"go.temporal.io/server/tools/gomad3/internal/compatibilitypack","Test":"TestEvaluateMatchingPackDecisions/malformed-linkname","Elapsed":0}
{"Time":"2026-10-05T14:20:46.089788669Z","Action":"run","Package":"go.temporal.io/server/tools/gomad3/internal/compatibilitypack","Test":"TestEvaluateMatchingPackDecisions/no-reviewed-source"}
{"Time":"2026-10-05T14:20:46.089797128Z","Action":"output","Package":"go.temporal.io/server/tools/gomad3/internal/compatibilitypack","Test":"TestEvaluateMatchingPackDecisions/no-reviewed-source","Output":"=== RUN   TestEvaluateMatchingPackDecisions/no-reviewed-source\n","OutputType":"frame"}
{"Time":"2026-10-05T14:20:46.089814503Z","Action":"output","Package":"go.temporal.io/server/tools/gomad3/internal/compatibilitypack","Test":"TestEvaluateMatchingPackDecisions/no-reviewed-source","Output":"    policy_exhaustive_test.go:75: decision=compatibility.Decision{Allowed:false, Disposition:\"denied\", Remediation:\"remove_dependency\", PackID:\"\"} bytes=\"{\\\"allowed\\\":false,\\\"disposition\\\":\\\"denied\\\",\\\"remediation\\\":\\\"remove_dependency\\\"}\"\n"}
{"Time":"2026-10-05T14:20:46.089833128Z","Action":"output","Package":"go.temporal.io/server/tools/gomad3/internal/compatibilitypack","Test":"TestEvaluateMatchingPackDecisions/no-reviewed-source","Output":"--- PASS: TestEvaluateMatchingPackDecisions/no-reviewed-source (0.00s)\n","OutputType":"frame"}
{"Time":"2026-10-05T14:20:46.089847086Z","Action":"pass","Package":"go.temporal.io/server/tools/gomad3/internal/compatibilitypack","Test":"TestEvaluateMatchingPackDecisions/no-reviewed-source","Elapsed":0}
{"Time":"2026-10-05T14:20:46.089862169Z","Action":"run","Package":"go.temporal.io/server/tools/gomad3/internal/compatibilitypack","Test":"TestEvaluateMatchingPackDecisions/unknown-kind"}
{"Time":"2026-10-05T14:20:46.089872669Z","Action":"output","Package":"go.temporal.io/server/tools/gomad3/internal/compatibilitypack","Test":"TestEvaluateMatchingPackDecisions/unknown-kind","Output":"=== RUN   TestEvaluateMatchingPackDecisions/unknown-kind\n","OutputType":"frame"}
{"Time":"2026-10-05T14:20:46.089889669Z","Action":"output","Package":"go.temporal.io/server/tools/gomad3/internal/compatibilitypack","Test":"TestEvaluateMatchingPackDecisions/unknown-kind","Output":"    policy_exhaustive_test.go:75: decision=compatibility.Decision{Allowed:false, Disposition:\"denied\", Remediation:\"remain_unsupported\", PackID:\"\"} bytes=\"{\\\"allowed\\\":false,\\\"disposition\\\":\\\"denied\\\",\\\"remediation\\\":\\\"remain_unsupported\\\"}\"\n"}
{"Time":"2026-10-05T14:20:46.089902586Z","Action":"output","Package":"go.temporal.io/server/tools/gomad3/internal/compatibilitypack","Test":"TestEvaluateMatchingPackDecisions/unknown-kind","Output":"--- PASS: TestEvaluateMatchingPackDecisions/unknown-kind (0.00s)\n","OutputType":"frame"}
{"Time":"2026-10-05T14:20:46.089919044Z","Action":"pass","Package":"go.temporal.io/server/tools/gomad3/internal/compatibilitypack","Test":"TestEvaluateMatchingPackDecisions/unknown-kind","Elapsed":0}
{"Time":"2026-10-05T14:20:46.089930086Z","Action":"run","Package":"go.temporal.io/server/tools/gomad3/internal/compatibilitypack","Test":"TestEvaluateMatchingPackDecisions/empty-kind"}
{"Time":"2026-10-05T14:20:46.089939919Z","Action":"output","Package":"go.temporal.io/server/tools/gomad3/internal/compatibilitypack","Test":"TestEvaluateMatchingPackDecisions/empty-kind","Output":"=== RUN   TestEvaluateMatchingPackDecisions/empty-kind\n","OutputType":"frame"}
{"Time":"2026-10-05T14:20:46.089959961Z","Action":"output","Package":"go.temporal.io/server/tools/gomad3/internal/compatibilitypack","Test":"TestEvaluateMatchingPackDecisions/empty-kind","Output":"    policy_exhaustive_test.go:75: decision=compatibility.Decision{Allowed:false, Disposition:\"denied\", Remediation:\"remain_unsupported\", PackID:\"\"} bytes=\"{\\\"allowed\\\":false,\\\"disposition\\\":\\\"denied\\\",\\\"remediation\\\":\\\"remain_unsupported\\\"}\"\n"}
{"Time":"2026-10-05T14:20:46.089974086Z","Action":"output","Package":"go.temporal.io/server/tools/gomad3/internal/compatibilitypack","Test":"TestEvaluateMatchingPackDecisions/empty-kind","Output":"--- PASS: TestEvaluateMatchingPackDecisions/empty-kind (0.00s)\n","OutputType":"frame"}
{"Time":"2026-10-05T14:20:46.089982711Z","Action":"pass","Package":"go.temporal.io/server/tools/gomad3/internal/compatibilitypack","Test":"TestEvaluateMatchingPackDecisions/empty-kind","Elapsed":0}
{"Time":"2026-10-05T14:20:46.089993044Z","Action":"run","Package":"go.temporal.io/server/tools/gomad3/internal/compatibilitypack","Test":"TestEvaluateMatchingPackDecisions/capability-drift"}
{"Time":"2026-10-05T14:20:46.090006128Z","Action":"output","Package":"go.temporal.io/server/tools/gomad3/internal/compatibilitypack","Test":"TestEvaluateMatchingPackDecisions/capability-drift","Output":"=== RUN   TestEvaluateMatchingPackDecisions/capability-drift\n","OutputType":"frame"}
{"Time":"2026-10-05T14:20:46.090017669Z","Action":"output","Package":"go.temporal.io/server/tools/gomad3/internal/compatibilitypack","Test":"TestEvaluateMatchingPackDecisions/capability-drift","Output":"    policy_exhaustive_test.go:75: decision=compatibility.Decision{Allowed:false, Disposition:\"denied\", Remediation:\"add_exact_pack\", PackID:\"\"} bytes=\"{\\\"allowed\\\":false,\\\"disposition\\\":\\\"denied\\\",\\\"remediation\\\":\\\"add_exact_pack\\\"}\"\n"}
{"Time":"2026-10-05T14:20:46.090032669Z","Action":"output","Package":"go.temporal.io/server/tools/gomad3/internal/compatibilitypack","Test":"TestEvaluateMatchingPackDecisions/capability-drift","Output":"--- PASS: TestEvaluateMatchingPackDecisions/capability-drift (0.00s)\n","OutputType":"frame"}
{"Time":"2026-10-05T14:20:46.090079003Z","Action":"pass","Package":"go.temporal.io/server/tools/gomad3/internal/compatibilitypack","Test":"TestEvaluateMatchingPackDecisions/capability-drift","Elapsed":0}
{"Time":"2026-10-05T14:20:46.090096128Z","Action":"run","Package":"go.temporal.io/server/tools/gomad3/internal/compatibilitypack","Test":"TestEvaluateMatchingPackDecisions/linkname-source-drift"}
{"Time":"2026-10-05T14:20:46.090109294Z","Action":"output","Package":"go.temporal.io/server/tools/gomad3/internal/compatibilitypack","Test":"TestEvaluateMatchingPackDecisions/linkname-source-drift","Output":"=== RUN   TestEvaluateMatchingPackDecisions/linkname-source-drift\n","OutputType":"frame"}
{"Time":"2026-10-05T14:20:46.090133753Z","Action":"output","Package":"go.temporal.io/server/tools/gomad3/internal/compatibilitypack","Test":"TestEvaluateMatchingPackDecisions/linkname-source-drift","Output":"    policy_exhaustive_test.go:75: decision=compatibility.Decision{Allowed:false, Disposition:\"denied\", Remediation:\"add_exact_pack\", PackID:\"\"} bytes=\"{\\\"allowed\\\":false,\\\"disposition\\\":\\\"denied\\\",\\\"remediation\\\":\\\"add_exact_pack\\\"}\"\n"}
{"Time":"2026-10-05T14:20:46.090149961Z","Action":"output","Package":"go.temporal.io/server/tools/gomad3/internal/compatibilitypack","Test":"TestEvaluateMatchingPackDecisions/linkname-source-drift","Output":"--- PASS: TestEvaluateMatchingPackDecisions/linkname-source-drift (0.00s)\n","OutputType":"frame"}
{"Time":"2026-10-05T14:20:46.090164253Z","Action":"pass","Package":"go.temporal.io/server/tools/gomad3/internal/compatibilitypack","Test":"TestEvaluateMatchingPackDecisions/linkname-source-drift","Elapsed":0}
{"Time":"2026-10-05T14:20:46.090173044Z","Action":"run","Package":"go.temporal.io/server/tools/gomad3/internal/compatibilitypack","Test":"TestEvaluateMatchingPackDecisions/linkname-hash-drift"}
{"Time":"2026-10-05T14:20:46.090185503Z","Action":"output","Package":"go.temporal.io/server/tools/gomad3/internal/compatibilitypack","Test":"TestEvaluateMatchingPackDecisions/linkname-hash-drift","Output":"=== RUN   TestEvaluateMatchingPackDecisions/linkname-hash-drift\n","OutputType":"frame"}
{"Time":"2026-10-05T14:20:46.090197586Z","Action":"output","Package":"go.temporal.io/server/tools/gomad3/internal/compatibilitypack","Test":"TestEvaluateMatchingPackDecisions/linkname-hash-drift","Output":"    policy_exhaustive_test.go:75: decision=compatibility.Decision{Allowed:false, Disposition:\"denied\", Remediation:\"add_exact_pack\", PackID:\"\"} bytes=\"{\\\"allowed\\\":false,\\\"disposition\\\":\\\"denied\\\",\\\"remediation\\\":\\\"add_exact_pack\\\"}\"\n"}
{"Time":"2026-10-05T14:20:46.090211669Z","Action":"output","Package":"go.temporal.io/server/tools/gomad3/internal/compatibilitypack","Test":"TestEvaluateMatchingPackDecisions/linkname-hash-drift","Output":"--- PASS: TestEvaluateMatchingPackDecisions/linkname-hash-drift (0.00s)\n","OutputType":"frame"}
{"Time":"2026-10-05T14:20:46.090220003Z","Action":"pass","Package":"go.temporal.io/server/tools/gomad3/internal/compatibilitypack","Test":"TestEvaluateMatchingPackDecisions/linkname-hash-drift","Elapsed":0}
{"Time":"2026-10-05T14:20:46.090231961Z","Action":"run","Package":"go.temporal.io/server/tools/gomad3/internal/compatibilitypack","Test":"TestEvaluateMatchingPackDecisions/linkname-directive-drift"}
{"Time":"2026-10-05T14:20:46.090241961Z","Action":"output","Package":"go.temporal.io/server/tools/gomad3/internal/compatibilitypack","Test":"TestEvaluateMatchingPackDecisions/linkname-directive-drift","Output":"=== RUN   TestEvaluateMatchingPackDecisions/linkname-directive-drift\n","OutputType":"frame"}
{"Time":"2026-10-05T14:20:46.090252086Z","Action":"output","Package":"go.temporal.io/server/tools/gomad3/internal/compatibilitypack","Test":"TestEvaluateMatchingPackDecisions/linkname-directive-drift","Output":"    policy_exhaustive_test.go:75: decision=compatibility.Decision{Allowed:false, Disposition:\"denied\", Remediation:\"add_exact_pack\", PackID:\"\"} bytes=\"{\\\"allowed\\\":false,\\\"disposition\\\":\\\"denied\\\",\\\"remediation\\\":\\\"add_exact_pack\\\"}\"\n"}
{"Time":"2026-10-05T14:20:46.090263961Z","Action":"output","Package":"go.temporal.io/server/tools/gomad3/internal/compatibilitypack","Test":"TestEvaluateMatchingPackDecisions/linkname-directive-drift","Output":"--- PASS: TestEvaluateMatchingPackDecisions/linkname-directive-drift (0.00s)\n","OutputType":"frame"}
{"Time":"2026-10-05T14:20:46.090275378Z","Action":"pass","Package":"go.temporal.io/server/tools/gomad3/internal/compatibilitypack","Test":"TestEvaluateMatchingPackDecisions/linkname-directive-drift","Elapsed":0}
{"Time":"2026-10-05T14:20:46.090291628Z","Action":"run","Package":"go.temporal.io/server/tools/gomad3/internal/compatibilitypack","Test":"TestEvaluateMatchingPackDecisions/linkname-order-drift"}
{"Time":"2026-10-05T14:20:46.090299753Z","Action":"output","Package":"go.temporal.io/server/tools/gomad3/internal/compatibilitypack","Test":"TestEvaluateMatchingPackDecisions/linkname-order-drift","Output":"=== RUN   TestEvaluateMatchingPackDecisions/linkname-order-drift\n","OutputType":"frame"}
{"Time":"2026-10-05T14:20:46.090307836Z","Action":"output","Package":"go.temporal.io/server/tools/gomad3/internal/compatibilitypack","Test":"TestEvaluateMatchingPackDecisions/linkname-order-drift","Output":"    policy_exhaustive_test.go:75: decision=compatibility.Decision{Allowed:false, Disposition:\"denied\", Remediation:\"add_exact_pack\", PackID:\"\"} bytes=\"{\\\"allowed\\\":false,\\\"disposition\\\":\\\"denied\\\",\\\"remediation\\\":\\\"add_exact_pack\\\"}\"\n"}
{"Time":"2026-10-05T14:20:46.090316753Z","Action":"output","Package":"go.temporal.io/server/tools/gomad3/internal/compatibilitypack","Test":"TestEvaluateMatchingPackDecisions/linkname-order-drift","Output":"--- PASS: TestEvaluateMatchingPackDecisions/linkname-order-drift (0.00s)\n","OutputType":"frame"}
{"Time":"2026-10-05T14:20:46.090326669Z","Action":"pass","Package":"go.temporal.io/server/tools/gomad3/internal/compatibilitypack","Test":"TestEvaluateMatchingPackDecisions/linkname-order-drift","Elapsed":0}
{"Time":"2026-10-05T14:20:46.090357044Z","Action":"run","Package":"go.temporal.io/server/tools/gomad3/internal/compatibilitypack","Test":"TestEvaluateMatchingPackDecisions/linkname-nil-directives"}
{"Time":"2026-10-05T14:20:46.090365294Z","Action":"output","Package":"go.temporal.io/server/tools/gomad3/internal/compatibilitypack","Test":"TestEvaluateMatchingPackDecisions/linkname-nil-directives","Output":"=== RUN   TestEvaluateMatchingPackDecisions/linkname-nil-directives\n","OutputType":"frame"}
{"Time":"2026-10-05T14:20:46.090374461Z","Action":"output","Package":"go.temporal.io/server/tools/gomad3/internal/compatibilitypack","Test":"TestEvaluateMatchingPackDecisions/linkname-nil-directives","Output":"    policy_exhaustive_test.go:75: decision=compatibility.Decision{Allowed:false, Disposition:\"denied\", Remediation:\"add_exact_pack\", PackID:\"\"} bytes=\"{\\\"allowed\\\":false,\\\"disposition\\\":\\\"denied\\\",\\\"remediation\\\":\\\"add_exact_pack\\\"}\"\n"}
{"Time":"2026-10-05T14:20:46.090383544Z","Action":"output","Package":"go.temporal.io/server/tools/gomad3/internal/compatibilitypack","Test":"TestEvaluateMatchingPackDecisions/linkname-nil-directives","Output":"--- PASS: TestEvaluateMatchingPackDecisions/linkname-nil-directives (0.00s)\n","OutputType":"frame"}
{"Time":"2026-10-05T14:20:46.090391753Z","Action":"pass","Package":"go.temporal.io/server/tools/gomad3/internal/compatibilitypack","Test":"TestEvaluateMatchingPackDecisions/linkname-nil-directives","Elapsed":0}
{"Time":"2026-10-05T14:20:46.090405544Z","Action":"run","Package":"go.temporal.io/server/tools/gomad3/internal/compatibilitypack","Test":"TestEvaluateMatchingPackDecisions/linkname-empty-directives"}
{"Time":"2026-10-05T14:20:46.090414378Z","Action":"output","Package":"go.temporal.io/server/tools/gomad3/internal/compatibilitypack","Test":"TestEvaluateMatchingPackDecisions/linkname-empty-directives","Output":"=== RUN   TestEvaluateMatchingPackDecisions/linkname-empty-directives\n","OutputType":"frame"}
{"Time":"2026-10-05T14:20:46.090422461Z","Action":"output","Package":"go.temporal.io/server/tools/gomad3/internal/compatibilitypack","Test":"TestEvaluateMatchingPackDecisions/linkname-empty-directives","Output":"    policy_exhaustive_test.go:75: decision=compatibility.Decision{Allowed:false, Disposition:\"denied\", Remediation:\"add_exact_pack\", PackID:\"\"} bytes=\"{\\\"allowed\\\":false,\\\"disposition\\\":\\\"denied\\\",\\\"remediation\\\":\\\"add_exact_pack\\\"}\"\n"}
{"Time":"2026-10-05T14:20:46.090437336Z","Action":"output","Package":"go.temporal.io/server/tools/gomad3/internal/compatibilitypack","Test":"TestEvaluateMatchingPackDecisions/linkname-empty-directives","Output":"--- PASS: TestEvaluateMatchingPackDecisions/linkname-empty-directives (0.00s)\n","OutputType":"frame"}
{"Time":"2026-10-05T14:20:46.090445753Z","Action":"pass","Package":"go.temporal.io/server/tools/gomad3/internal/compatibilitypack","Test":"TestEvaluateMatchingPackDecisions/linkname-empty-directives","Elapsed":0}
{"Time":"2026-10-05T14:20:46.090455919Z","Action":"run","Package":"go.temporal.io/server/tools/gomad3/internal/compatibilitypack","Test":"TestEvaluateMatchingPackDecisions/package-path-drift"}
{"Time":"2026-10-05T14:20:46.090464961Z","Action":"output","Package":"go.temporal.io/server/tools/gomad3/internal/compatibilitypack","Test":"TestEvaluateMatchingPackDecisions/package-path-drift","Output":"=== RUN   TestEvaluateMatchingPackDecisions/package-path-drift\n","OutputType":"frame"}
{"Time":"2026-10-05T14:20:46.090475586Z","Action":"output","Package":"go.temporal.io/server/tools/gomad3/internal/compatibilitypack","Test":"TestEvaluateMatchingPackDecisions/package-path-drift","Output":"    policy_exhaustive_test.go:75: decision=compatibility.Decision{Allowed:false, Disposition:\"denied\", Remediation:\"add_exact_pack\", PackID:\"\"} bytes=\"{\\\"allowed\\\":false,\\\"disposition\\\":\\\"denied\\\",\\\"remediation\\\":\\\"add_exact_pack\\\"}\"\n"}
{"Time":"2026-10-05T14:20:46.090494961Z","Action":"output","Package":"go.temporal.io/server/tools/gomad3/internal/compatibilitypack","Test":"TestEvaluateMatchingPackDecisions/package-path-drift","Output":"--- PASS: TestEvaluateMatchingPackDecisions/package-path-drift (0.00s)\n","OutputType":"frame"}
{"Time":"2026-10-05T14:20:46.090509169Z","Action":"pass","Package":"go.temporal.io/server/tools/gomad3/internal/compatibilitypack","Test":"TestEvaluateMatchingPackDecisions/package-path-drift","Elapsed":0}
{"Time":"2026-10-05T14:20:46.090521669Z","Action":"run","Package":"go.temporal.io/server/tools/gomad3/internal/compatibilitypack","Test":"TestEvaluateMatchingPackDecisions/module-path-drift"}
{"Time":"2026-10-05T14:20:46.090531294Z","Action":"output","Package":"go.temporal.io/server/tools/gomad3/internal/compatibilitypack","Test":"TestEvaluateMatchingPackDecisions/module-path-drift","Output":"=== RUN   TestEvaluateMatchingPackDecisions/module-path-drift\n","OutputType":"frame"}
{"Time":"2026-10-05T14:20:46.090540169Z","Action":"output","Package":"go.temporal.io/server/tools/gomad3/internal/compatibilitypack","Test":"TestEvaluateMatchingPackDecisions/module-path-drift","Output":"    policy_exhaustive_test.go:75: decision=compatibility.Decision{Allowed:false, Disposition:\"denied\", Remediation:\"add_exact_pack\", PackID:\"\"} bytes=\"{\\\"allowed\\\":false,\\\"disposition\\\":\\\"denied\\\",\\\"remediation\\\":\\\"add_exact_pack\\\"}\"\n"}
{"Time":"2026-10-05T14:20:46.090549086Z","Action":"output","Package":"go.temporal.io/server/tools/gomad3/internal/compatibilitypack","Test":"TestEvaluateMatchingPackDecisions/module-path-drift","Output":"--- PASS: TestEvaluateMatchingPackDecisions/module-path-drift (0.00s)\n","OutputType":"frame"}
{"Time":"2026-10-05T14:20:46.090559128Z","Action":"pass","Package":"go.temporal.io/server/tools/gomad3/internal/compatibilitypack","Test":"TestEvaluateMatchingPackDecisions/module-path-drift","Elapsed":0}
{"Time":"2026-10-05T14:20:46.090569794Z","Action":"run","Package":"go.temporal.io/server/tools/gomad3/internal/compatibilitypack","Test":"TestEvaluateMatchingPackDecisions/module-version-drift"}
{"Time":"2026-10-05T14:20:46.090579211Z","Action":"output","Package":"go.temporal.io/server/tools/gomad3/internal/compatibilitypack","Test":"TestEvaluateMatchingPackDecisions/module-version-drift","Output":"=== RUN   TestEvaluateMatchingPackDecisions/module-version-drift\n","OutputType":"frame"}
{"Time":"2026-10-05T14:20:46.090598169Z","Action":"output","Package":"go.temporal.io/server/tools/gomad3/internal/compatibilitypack","Test":"TestEvaluateMatchingPackDecisions/module-version-drift","Output":"    policy_exhaustive_test.go:75: decision=compatibility.Decision{Allowed:false, Disposition:\"denied\", Remediation:\"add_exact_pack\", PackID:\"\"} bytes=\"{\\\"allowed\\\":false,\\\"disposition\\\":\\\"denied\\\",\\\"remediation\\\":\\\"add_exact_pack\\\"}\"\n"}
{"Time":"2026-10-05T14:20:46.090610878Z","Action":"output","Package":"go.temporal.io/server/tools/gomad3/internal/compatibilitypack","Test":"TestEvaluateMatchingPackDecisions/module-version-drift","Output":"--- PASS: TestEvaluateMatchingPackDecisions/module-version-drift (0.00s)\n","OutputType":"frame"}
{"Time":"2026-10-05T14:20:46.090644294Z","Action":"pass","Package":"go.temporal.io/server/tools/gomad3/internal/compatibilitypack","Test":"TestEvaluateMatchingPackDecisions/module-version-drift","Elapsed":0}
{"Time":"2026-10-05T14:20:46.090662294Z","Action":"run","Package":"go.temporal.io/server/tools/gomad3/internal/compatibilitypack","Test":"TestEvaluateMatchingPackDecisions/module-sum-drift"}
{"Time":"2026-10-05T14:20:46.090673378Z","Action":"output","Package":"go.temporal.io/server/tools/gomad3/internal/compatibilitypack","Test":"TestEvaluateMatchingPackDecisions/module-sum-drift","Output":"=== RUN   TestEvaluateMatchingPackDecisions/module-sum-drift\n","OutputType":"frame"}
{"Time":"2026-10-05T14:20:46.090686711Z","Action":"output","Package":"go.temporal.io/server/tools/gomad3/internal/compatibilitypack","Test":"TestEvaluateMatchingPackDecisions/module-sum-drift","Output":"    policy_exhaustive_test.go:75: decision=compatibility.Decision{Allowed:false, Disposition:\"denied\", Remediation:\"add_exact_pack\", PackID:\"\"} bytes=\"{\\\"allowed\\\":false,\\\"disposition\\\":\\\"denied\\\",\\\"remediation\\\":\\\"add_exact_pack\\\"}\"\n"}
{"Time":"2026-10-05T14:20:46.090699128Z","Action":"output","Package":"go.temporal.io/server/tools/gomad3/internal/compatibilitypack","Test":"TestEvaluateMatchingPackDecisions/module-sum-drift","Output":"--- PASS: TestEvaluateMatchingPackDecisions/module-sum-drift (0.00s)\n","OutputType":"frame"}
{"Time":"2026-10-05T14:20:46.090709711Z","Action":"pass","Package":"go.temporal.io/server/tools/gomad3/internal/compatibilitypack","Test":"TestEvaluateMatchingPackDecisions/module-sum-drift","Elapsed":0}
{"Time":"2026-10-05T14:20:46.090733586Z","Action":"run","Package":"go.temporal.io/server/tools/gomad3/internal/compatibilitypack","Test":"TestEvaluateMatchingPackDecisions/replacement-drift"}
{"Time":"2026-10-05T14:20:46.090750628Z","Action":"output","Package":"go.temporal.io/server/tools/gomad3/internal/compatibilitypack","Test":"TestEvaluateMatchingPackDecisions/replacement-drift","Output":"=== RUN   TestEvaluateMatchingPackDecisions/replacement-drift\n","OutputType":"frame"}
{"Time":"2026-10-05T14:20:46.090762628Z","Action":"output","Package":"go.temporal.io/server/tools/gomad3/internal/compatibilitypack","Test":"TestEvaluateMatchingPackDecisions/replacement-drift","Output":"    policy_exhaustive_test.go:75: decision=compatibility.Decision{Allowed:false, Disposition:\"denied\", Remediation:\"add_exact_pack\", PackID:\"\"} bytes=\"{\\\"allowed\\\":false,\\\"disposition\\\":\\\"denied\\\",\\\"remediation\\\":\\\"add_exact_pack\\\"}\"\n"}
{"Time":"2026-10-05T14:20:46.090774628Z","Action":"output","Package":"go.temporal.io/server/tools/gomad3/internal/compatibilitypack","Test":"TestEvaluateMatchingPackDecisions/replacement-drift","Output":"--- PASS: TestEvaluateMatchingPackDecisions/replacement-drift (0.00s)\n","OutputType":"frame"}
{"Time":"2026-10-05T14:20:46.090789711Z","Action":"pass","Package":"go.temporal.io/server/tools/gomad3/internal/compatibilitypack","Test":"TestEvaluateMatchingPackDecisions/replacement-drift","Elapsed":0}
{"Time":"2026-10-05T14:20:46.090802211Z","Action":"run","Package":"go.temporal.io/server/tools/gomad3/internal/compatibilitypack","Test":"TestEvaluateMatchingPackDecisions/local-replacement"}
{"Time":"2026-10-05T14:20:46.090810336Z","Action":"output","Package":"go.temporal.io/server/tools/gomad3/internal/compatibilitypack","Test":"TestEvaluateMatchingPackDecisions/local-replacement","Output":"=== RUN   TestEvaluateMatchingPackDecisions/local-replacement\n","OutputType":"frame"}
{"Time":"2026-10-05T14:20:46.090825461Z","Action":"output","Package":"go.temporal.io/server/tools/gomad3/internal/compatibilitypack","Test":"TestEvaluateMatchingPackDecisions/local-replacement","Output":"    policy_exhaustive_test.go:75: decision=compatibility.Decision{Allowed:false, Disposition:\"denied\", Remediation:\"add_adapter\", PackID:\"\"} bytes=\"{\\\"allowed\\\":false,\\\"disposition\\\":\\\"denied\\\",\\\"remediation\\\":\\\"add_adapter\\\"}\"\n"}
{"Time":"2026-10-05T14:20:46.090842878Z","Action":"output","Package":"go.temporal.io/server/tools/gomad3/internal/compatibilitypack","Test":"TestEvaluateMatchingPackDecisions/local-replacement","Output":"--- PASS: TestEvaluateMatchingPackDecisions/local-replacement (0.00s)\n","OutputType":"frame"}
{"Time":"2026-10-05T14:20:46.090853503Z","Action":"pass","Package":"go.temporal.io/server/tools/gomad3/internal/compatibilitypack","Test":"TestEvaluateMatchingPackDecisions/local-replacement","Elapsed":0}
{"Time":"2026-10-05T14:20:46.090867169Z","Action":"run","Package":"go.temporal.io/server/tools/gomad3/internal/compatibilitypack","Test":"TestEvaluateMatchingPackDecisions/missing-module"}
{"Time":"2026-10-05T14:20:46.090874878Z","Action":"output","Package":"go.temporal.io/server/tools/gomad3/internal/compatibilitypack","Test":"TestEvaluateMatchingPackDecisions/missing-module","Output":"=== RUN   TestEvaluateMatchingPackDecisions/missing-module\n","OutputType":"frame"}
{"Time":"2026-10-05T14:20:46.090890419Z","Action":"output","Package":"go.temporal.io/server/tools/gomad3/internal/compatibilitypack","Test":"TestEvaluateMatchingPackDecisions/missing-module","Output":"    policy_exhaustive_test.go:75: decision=compatibility.Decision{Allowed:false, Disposition:\"denied\", Remediation:\"model_operation\", PackID:\"\"} bytes=\"{\\\"allowed\\\":false,\\\"disposition\\\":\\\"denied\\\",\\\"remediation\\\":\\\"model_operation\\\"}\"\n"}
{"Time":"2026-10-05T14:20:46.090906503Z","Action":"output","Package":"go.temporal.io/server/tools/gomad3/internal/compatibilitypack","Test":"TestEvaluateMatchingPackDecisions/missing-module","Output":"--- PASS: TestEvaluateMatchingPackDecisions/missing-module (0.00s)\n","OutputType":"frame"}
{"Time":"2026-10-05T14:20:46.090914503Z","Action":"pass","Package":"go.temporal.io/server/tools/gomad3/internal/compatibilitypack","Test":"TestEvaluateMatchingPackDecisions/missing-module","Elapsed":0}
{"Time":"2026-10-05T14:20:46.090930378Z","Action":"run","Package":"go.temporal.io/server/tools/gomad3/internal/compatibilitypack","Test":"TestEvaluateMatchingPackDecisions/linkname-missing-module"}
{"Time":"2026-10-05T14:20:46.090945711Z","Action":"output","Package":"go.temporal.io/server/tools/gomad3/internal/compatibilitypack","Test":"TestEvaluateMatchingPackDecisions/linkname-missing-module","Output":"=== RUN   TestEvaluateMatchingPackDecisions/linkname-missing-module\n","OutputType":"frame"}
{"Time":"2026-10-05T14:20:46.090962044Z","Action":"output","Package":"go.temporal.io/server/tools/gomad3/internal/compatibilitypack","Test":"TestEvaluateMatchingPackDecisions/linkname-missing-module","Output":"    policy_exhaustive_test.go:75: decision=compatibility.Decision{Allowed:false, Disposition:\"denied\", Remediation:\"remain_unsupported\", PackID:\"\"} bytes=\"{\\\"allowed\\\":false,\\\"disposition\\\":\\\"denied\\\",\\\"remediation\\\":\\\"remain_unsupported\\\"}\"\n"}
{"Time":"2026-10-05T14:20:46.090977044Z","Action":"output","Package":"go.temporal.io/server/tools/gomad3/internal/compatibilitypack","Test":"TestEvaluateMatchingPackDecisions/linkname-missing-module","Output":"--- PASS: TestEvaluateMatchingPackDecisions/linkname-missing-module (0.00s)\n","OutputType":"frame"}
{"Time":"2026-10-05T14:20:46.090985044Z","Action":"pass","Package":"go.temporal.io/server/tools/gomad3/internal/compatibilitypack","Test":"TestEvaluateMatchingPackDecisions/linkname-missing-module","Elapsed":0}
{"Time":"2026-10-05T14:20:46.090992753Z","Action":"run","Package":"go.temporal.io/server/tools/gomad3/internal/compatibilitypack","Test":"TestEvaluateMatchingPackDecisions/source-set-drift"}
{"Time":"2026-10-05T14:20:46.091002253Z","Action":"output","Package":"go.temporal.io/server/tools/gomad3/internal/compatibilitypack","Test":"TestEvaluateMatchingPackDecisions/source-set-drift","Output":"=== RUN   TestEvaluateMatchingPackDecisions/source-set-drift\n","OutputType":"frame"}
{"Time":"2026-10-05T14:20:46.091010753Z","Action":"output","Package":"go.temporal.io/server/tools/gomad3/internal/compatibilitypack","Test":"TestEvaluateMatchingPackDecisions/source-set-drift","Output":"    policy_exhaustive_test.go:75: decision=compatibility.Decision{Allowed:false, Disposition:\"denied\", Remediation:\"add_exact_pack\", PackID:\"\"} bytes=\"{\\\"allowed\\\":false,\\\"disposition\\\":\\\"denied\\\",\\\"remediation\\\":\\\"add_exact_pack\\\"}\"\n"}
{"Time":"2026-10-05T14:20:46.091020961Z","Action":"output","Package":"go.temporal.io/server/tools/gomad3/internal/compatibilitypack","Test":"TestEvaluateMatchingPackDecisions/source-set-drift","Output":"--- PASS: TestEvaluateMatchingPackDecisions/source-set-drift (0.00s)\n","OutputType":"frame"}
{"Time":"2026-10-05T14:20:46.091030378Z","Action":"pass","Package":"go.temporal.io/server/tools/gomad3/internal/compatibilitypack","Test":"TestEvaluateMatchingPackDecisions/source-set-drift","Elapsed":0}
{"Time":"2026-10-05T14:20:46.091053253Z","Action":"run","Package":"go.temporal.io/server/tools/gomad3/internal/compatibilitypack","Test":"TestEvaluateMatchingPackDecisions/source-name-drift"}
{"Time":"2026-10-05T14:20:46.091103169Z","Action":"output","Package":"go.temporal.io/server/tools/gomad3/internal/compatibilitypack","Test":"TestEvaluateMatchingPackDecisions/source-name-drift","Output":"=== RUN   TestEvaluateMatchingPackDecisions/source-name-drift\n","OutputType":"frame"}
{"Time":"2026-10-05T14:20:46.091114003Z","Action":"output","Package":"go.temporal.io/server/tools/gomad3/internal/compatibilitypack","Test":"TestEvaluateMatchingPackDecisions/source-name-drift","Output":"    policy_exhaustive_test.go:75: decision=compatibility.Decision{Allowed:false, Disposition:\"denied\", Remediation:\"add_exact_pack\", PackID:\"\"} bytes=\"{\\\"allowed\\\":false,\\\"disposition\\\":\\\"denied\\\",\\\"remediation\\\":\\\"add_exact_pack\\\"}\"\n"}
{"Time":"2026-10-05T14:20:46.091124211Z","Action":"output","Package":"go.temporal.io/server/tools/gomad3/internal/compatibilitypack","Test":"TestEvaluateMatchingPackDecisions/source-name-drift","Output":"--- PASS: TestEvaluateMatchingPackDecisions/source-name-drift (0.00s)\n","OutputType":"frame"}
{"Time":"2026-10-05T14:20:46.091135794Z","Action":"pass","Package":"go.temporal.io/server/tools/gomad3/internal/compatibilitypack","Test":"TestEvaluateMatchingPackDecisions/source-name-drift","Elapsed":0}
{"Time":"2026-10-05T14:20:46.091144419Z","Action":"run","Package":"go.temporal.io/server/tools/gomad3/internal/compatibilitypack","Test":"TestEvaluateMatchingPackDecisions/source-hash-drift"}
{"Time":"2026-10-05T14:20:46.091158003Z","Action":"output","Package":"go.temporal.io/server/tools/gomad3/internal/compatibilitypack","Test":"TestEvaluateMatchingPackDecisions/source-hash-drift","Output":"=== RUN   TestEvaluateMatchingPackDecisions/source-hash-drift\n","OutputType":"frame"}
{"Time":"2026-10-05T14:20:46.091171419Z","Action":"output","Package":"go.temporal.io/server/tools/gomad3/internal/compatibilitypack","Test":"TestEvaluateMatchingPackDecisions/source-hash-drift","Output":"    policy_exhaustive_test.go:75: decision=compatibility.Decision{Allowed:false, Disposition:\"denied\", Remediation:\"add_exact_pack\", PackID:\"\"} bytes=\"{\\\"allowed\\\":false,\\\"disposition\\\":\\\"denied\\\",\\\"remediation\\\":\\\"add_exact_pack\\\"}\"\n"}
{"Time":"2026-10-05T14:20:46.091181919Z","Action":"output","Package":"go.temporal.io/server/tools/gomad3/internal/compatibilitypack","Test":"TestEvaluateMatchingPackDecisions/source-hash-drift","Output":"--- PASS: TestEvaluateMatchingPackDecisions/source-hash-drift (0.00s)\n","OutputType":"frame"}
{"Time":"2026-10-05T14:20:46.091190711Z","Action":"pass","Package":"go.temporal.io/server/tools/gomad3/internal/compatibilitypack","Test":"TestEvaluateMatchingPackDecisions/source-hash-drift","Elapsed":0}
{"Time":"2026-10-05T14:20:46.091204169Z","Action":"run","Package":"go.temporal.io/server/tools/gomad3/internal/compatibilitypack","Test":"TestEvaluateMatchingPackDecisions/source-nil-inventory"}
{"Time":"2026-10-05T14:20:46.091213086Z","Action":"output","Package":"go.temporal.io/server/tools/gomad3/internal/compatibilitypack","Test":"TestEvaluateMatchingPackDecisions/source-nil-inventory","Output":"=== RUN   TestEvaluateMatchingPackDecisions/source-nil-inventory\n","OutputType":"frame"}
{"Time":"2026-10-05T14:20:46.091230961Z","Action":"output","Package":"go.temporal.io/server/tools/gomad3/internal/compatibilitypack","Test":"TestEvaluateMatchingPackDecisions/source-nil-inventory","Output":"    policy_exhaustive_test.go:75: decision=compatibility.Decision{Allowed:false, Disposition:\"denied\", Remediation:\"add_exact_pack\", PackID:\"\"} bytes=\"{\\\"allowed\\\":false,\\\"disposition\\\":\\\"denied\\\",\\\"remediation\\\":\\\"add_exact_pack\\\"}\"\n"}
{"Time":"2026-10-05T14:20:46.091242669Z","Action":"output","Package":"go.temporal.io/server/tools/gomad3/internal/compatibilitypack","Test":"TestEvaluateMatchingPackDecisions/source-nil-inventory","Output":"--- PASS: TestEvaluateMatchingPackDecisions/source-nil-inventory (0.00s)\n","OutputType":"frame"}
{"Time":"2026-10-05T14:20:46.091259128Z","Action":"pass","Package":"go.temporal.io/server/tools/gomad3/internal/compatibilitypack","Test":"TestEvaluateMatchingPackDecisions/source-nil-inventory","Elapsed":0}
{"Time":"2026-10-05T14:20:46.091283544Z","Action":"run","Package":"go.temporal.io/server/tools/gomad3/internal/compatibilitypack","Test":"TestEvaluateMatchingPackDecisions/source-empty-inventory"}
{"Time":"2026-10-05T14:20:46.091306711Z","Action":"output","Package":"go.temporal.io/server/tools/gomad3/internal/compatibilitypack","Test":"TestEvaluateMatchingPackDecisions/source-empty-inventory","Output":"=== RUN   TestEvaluateMatchingPackDecisions/source-empty-inventory\n","OutputType":"frame"}
{"Time":"2026-10-05T14:20:46.091317878Z","Action":"output","Package":"go.temporal.io/server/tools/gomad3/internal/compatibilitypack","Test":"TestEvaluateMatchingPackDecisions/source-empty-inventory","Output":"    policy_exhaustive_test.go:75: decision=compatibility.Decision{Allowed:false, Disposition:\"denied\", Remediation:\"add_exact_pack\", PackID:\"\"} bytes=\"{\\\"allowed\\\":false,\\\"disposition\\\":\\\"denied\\\",\\\"remediation\\\":\\\"add_exact_pack\\\"}\"\n"}
{"Time":"2026-10-05T14:20:46.091331419Z","Action":"output","Package":"go.temporal.io/server/tools/gomad3/internal/compatibilitypack","Test":"TestEvaluateMatchingPackDecisions/source-empty-inventory","Output":"--- PASS: TestEvaluateMatchingPackDecisions/source-empty-inventory (0.00s)\n","OutputType":"frame"}
{"Time":"2026-10-05T14:20:46.091342586Z","Action":"pass","Package":"go.temporal.io/server/tools/gomad3/internal/compatibilitypack","Test":"TestEvaluateMatchingPackDecisions/source-empty-inventory","Elapsed":0}
{"Time":"2026-10-05T14:20:46.091356461Z","Action":"run","Package":"go.temporal.io/server/tools/gomad3/internal/compatibilitypack","Test":"TestEvaluateMatchingPackDecisions/source-extra-inventory"}
{"Time":"2026-10-05T14:20:46.091368961Z","Action":"output","Package":"go.temporal.io/server/tools/gomad3/internal/compatibilitypack","Test":"TestEvaluateMatchingPackDecisions/source-extra-inventory","Output":"=== RUN   TestEvaluateMatchingPackDecisions/source-extra-inventory\n","OutputType":"frame"}
{"Time":"2026-10-05T14:20:46.091382211Z","Action":"output","Package":"go.temporal.io/server/tools/gomad3/internal/compatibilitypack","Test":"TestEvaluateMatchingPackDecisions/source-extra-inventory","Output":"    policy_exhaustive_test.go:75: decision=compatibility.Decision{Allowed:false, Disposition:\"denied\", Remediation:\"add_exact_pack\", PackID:\"\"} bytes=\"{\\\"allowed\\\":false,\\\"disposition\\\":\\\"denied\\\",\\\"remediation\\\":\\\"add_exact_pack\\\"}\"\n"}
{"Time":"2026-10-05T14:20:46.091396919Z","Action":"output","Package":"go.temporal.io/server/tools/gomad3/internal/compatibilitypack","Test":"TestEvaluateMatchingPackDecisions/source-extra-inventory","Output":"--- PASS: TestEvaluateMatchingPackDecisions/source-extra-inventory (0.00s)\n","OutputType":"frame"}
{"Time":"2026-10-05T14:20:46.091411169Z","Action":"pass","Package":"go.temporal.io/server/tools/gomad3/internal/compatibilitypack","Test":"TestEvaluateMatchingPackDecisions/source-extra-inventory","Elapsed":0}
{"Time":"2026-10-05T14:20:46.091428003Z","Action":"run","Package":"go.temporal.io/server/tools/gomad3/internal/compatibilitypack","Test":"TestEvaluateMatchingPackDecisions/foreign-source-drift"}
{"Time":"2026-10-05T14:20:46.091441544Z","Action":"output","Package":"go.temporal.io/server/tools/gomad3/internal/compatibilitypack","Test":"TestEvaluateMatchingPackDecisions/foreign-source-drift","Output":"=== RUN   TestEvaluateMatchingPackDecisions/foreign-source-drift\n","OutputType":"frame"}
{"Time":"2026-10-05T14:20:46.091455794Z","Action":"output","Package":"go.temporal.io/server/tools/gomad3/internal/compatibilitypack","Test":"TestEvaluateMatchingPackDecisions/foreign-source-drift","Output":"    policy_exhaustive_test.go:75: decision=compatibility.Decision{Allowed:false, Disposition:\"denied\", Remediation:\"add_exact_pack\", PackID:\"\"} bytes=\"{\\\"allowed\\\":false,\\\"disposition\\\":\\\"denied\\\",\\\"remediation\\\":\\\"add_exact_pack\\\"}\"\n"}
{"Time":"2026-10-05T14:20:46.091482669Z","Action":"output","Package":"go.temporal.io/server/tools/gomad3/internal/compatibilitypack","Test":"TestEvaluateMatchingPackDecisions/foreign-source-drift","Output":"--- PASS: TestEvaluateMatchingPackDecisions/foreign-source-drift (0.00s)\n","OutputType":"frame"}
{"Time":"2026-10-05T14:20:46.091493503Z","Action":"pass","Package":"go.temporal.io/server/tools/gomad3/internal/compatibilitypack","Test":"TestEvaluateMatchingPackDecisions/foreign-source-drift","Elapsed":0}
{"Time":"2026-10-05T14:20:46.091503253Z","Action":"run","Package":"go.temporal.io/server/tools/gomad3/internal/compatibilitypack","Test":"TestEvaluateMatchingPackDecisions/nil-empty-foreign-equivalence"}
{"Time":"2026-10-05T14:20:46.091515211Z","Action":"output","Package":"go.temporal.io/server/tools/gomad3/internal/compatibilitypack","Test":"TestEvaluateMatchingPackDecisions/nil-empty-foreign-equivalence","Output":"=== RUN   TestEvaluateMatchingPackDecisions/nil-empty-foreign-equivalence\n","OutputType":"frame"}
{"Time":"2026-10-05T14:20:46.091530378Z","Action":"output","Package":"go.temporal.io/server/tools/gomad3/internal/compatibilitypack","Test":"TestEvaluateMatchingPackDecisions/nil-empty-foreign-equivalence","Output":"    policy_exhaustive_test.go:75: decision=compatibility.Decision{Allowed:true, Disposition:\"allowed_by_exact_pack\", Remediation:\"\", PackID:\"example-pack\"} bytes=\"{\\\"allowed\\\":true,\\\"disposition\\\":\\\"allowed_by_exact_pack\\\",\\\"pack_id\\\":\\\"example-pack\\\"}\"\n"}
{"Time":"2026-10-05T14:20:46.091544544Z","Action":"output","Package":"go.temporal.io/server/tools/gomad3/internal/compatibilitypack","Test":"TestEvaluateMatchingPackDecisions/nil-empty-foreign-equivalence","Output":"--- PASS: TestEvaluateMatchingPackDecisions/nil-empty-foreign-equivalence (0.00s)\n","OutputType":"frame"}
{"Time":"2026-10-05T14:20:46.091557836Z","Action":"pass","Package":"go.temporal.io/server/tools/gomad3/internal/compatibilitypack","Test":"TestEvaluateMatchingPackDecisions/nil-empty-foreign-equivalence","Elapsed":0}
{"Time":"2026-10-05T14:20:46.091568253Z","Action":"output","Package":"go.temporal.io/server/tools/gomad3/internal/compatibilitypack","Test":"TestEvaluateMatchingPackDecisions","Output":"--- PASS: TestEvaluateMatchingPackDecisions (0.00s)\n","OutputType":"frame"}
{"Time":"2026-10-05T14:20:46.091578419Z","Action":"pass","Package":"go.temporal.io/server/tools/gomad3/internal/compatibilitypack","Test":"TestEvaluateMatchingPackDecisions","Elapsed":0}
{"Time":"2026-10-05T14:20:46.091585961Z","Action":"run","Package":"go.temporal.io/server/tools/gomad3/internal/compatibilitypack","Test":"TestEvaluateHostImportDecisions"}
{"Time":"2026-10-05T14:20:46.091594086Z","Action":"output","Package":"go.temporal.io/server/tools/gomad3/internal/compatibilitypack","Test":"TestEvaluateHostImportDecisions","Output":"=== RUN   TestEvaluateHostImportDecisions\n","OutputType":"frame"}
{"Time":"2026-10-05T14:20:46.091602419Z","Action":"run","Package":"go.temporal.io/server/tools/gomad3/internal/compatibilitypack","Test":"TestEvaluateHostImportDecisions/import:os/exec"}
{"Time":"2026-10-05T14:20:46.091610003Z","Action":"output","Package":"go.temporal.io/server/tools/gomad3/internal/compatibilitypack","Test":"TestEvaluateHostImportDecisions/import:os/exec","Output":"=== RUN   TestEvaluateHostImportDecisions/import:os/exec\n","OutputType":"frame"}
{"Time":"2026-10-05T14:20:46.091624669Z","Action":"output","Package":"go.temporal.io/server/tools/gomad3/internal/compatibilitypack","Test":"TestEvaluateHostImportDecisions/import:os/exec","Output":"    policy_exhaustive_test.go:93: decision=compatibility.Decision{Allowed:false, Disposition:\"denied\", Remediation:\"remain_unsupported\", PackID:\"\"} bytes=\"{\\\"allowed\\\":false,\\\"disposition\\\":\\\"denied\\\",\\\"remediation\\\":\\\"remain_unsupported\\\"}\"\n"}
{"Time":"2026-10-05T14:20:46.091637711Z","Action":"output","Package":"go.temporal.io/server/tools/gomad3/internal/compatibilitypack","Test":"TestEvaluateHostImportDecisions/import:os/exec","Output":"--- PASS: TestEvaluateHostImportDecisions/import:os/exec (0.00s)\n","OutputType":"frame"}
{"Time":"2026-10-05T14:20:46.091656669Z","Action":"pass","Package":"go.temporal.io/server/tools/gomad3/internal/compatibilitypack","Test":"TestEvaluateHostImportDecisions/import:os/exec","Elapsed":0}
{"Time":"2026-10-05T14:20:46.091671794Z","Action":"run","Package":"go.temporal.io/server/tools/gomad3/internal/compatibilitypack","Test":"TestEvaluateHostImportDecisions/import:os/signal"}
{"Time":"2026-10-05T14:20:46.091681086Z","Action":"output","Package":"go.temporal.io/server/tools/gomad3/internal/compatibilitypack","Test":"TestEvaluateHostImportDecisions/import:os/signal","Output":"=== RUN   TestEvaluateHostImportDecisions/import:os/signal\n","OutputType":"frame"}
{"Time":"2026-10-05T14:20:46.091696294Z","Action":"output","Package":"go.temporal.io/server/tools/gomad3/internal/compatibilitypack","Test":"TestEvaluateHostImportDecisions/import:os/signal","Output":"    policy_exhaustive_test.go:93: decision=compatibility.Decision{Allowed:false, Disposition:\"denied\", Remediation:\"remain_unsupported\", PackID:\"\"} bytes=\"{\\\"allowed\\\":false,\\\"disposition\\\":\\\"denied\\\",\\\"remediation\\\":\\\"remain_unsupported\\\"}\"\n"}
{"Time":"2026-10-05T14:20:46.091710544Z","Action":"output","Package":"go.temporal.io/server/tools/gomad3/internal/compatibilitypack","Test":"TestEvaluateHostImportDecisions/import:os/signal","Output":"--- PASS: TestEvaluateHostImportDecisions/import:os/signal (0.00s)\n","OutputType":"frame"}
{"Time":"2026-10-05T14:20:46.091722628Z","Action":"pass","Package":"go.temporal.io/server/tools/gomad3/internal/compatibilitypack","Test":"TestEvaluateHostImportDecisions/import:os/signal","Elapsed":0}
{"Time":"2026-10-05T14:20:46.091736669Z","Action":"run","Package":"go.temporal.io/server/tools/gomad3/internal/compatibilitypack","Test":"TestEvaluateHostImportDecisions/import:os/user"}
{"Time":"2026-10-05T14:20:46.091745878Z","Action":"output","Package":"go.temporal.io/server/tools/gomad3/internal/compatibilitypack","Test":"TestEvaluateHostImportDecisions/import:os/user","Output":"=== RUN   TestEvaluateHostImportDecisions/import:os/user\n","OutputType":"frame"}
{"Time":"2026-10-05T14:20:46.091755711Z","Action":"output","Package":"go.temporal.io/server/tools/gomad3/internal/compatibilitypack","Test":"TestEvaluateHostImportDecisions/import:os/user","Output":"    policy_exhaustive_test.go:93: decision=compatibility.Decision{Allowed:false, Disposition:\"denied\", Remediation:\"remain_unsupported\", PackID:\"\"} bytes=\"{\\\"allowed\\\":false,\\\"disposition\\\":\\\"denied\\\",\\\"remediation\\\":\\\"remain_unsupported\\\"}\"\n"}
{"Time":"2026-10-05T14:20:46.091765419Z","Action":"output","Package":"go.temporal.io/server/tools/gomad3/internal/compatibilitypack","Test":"TestEvaluateHostImportDecisions/import:os/user","Output":"--- PASS: TestEvaluateHostImportDecisions/import:os/user (0.00s)\n","OutputType":"frame"}
{"Time":"2026-10-05T14:20:46.091774419Z","Action":"pass","Package":"go.temporal.io/server/tools/gomad3/internal/compatibilitypack","Test":"TestEvaluateHostImportDecisions/import:os/user","Elapsed":0}
{"Time":"2026-10-05T14:20:46.091783586Z","Action":"run","Package":"go.temporal.io/server/tools/gomad3/internal/compatibilitypack","Test":"TestEvaluateHostImportDecisions/import:plugin"}
{"Time":"2026-10-05T14:20:46.091793628Z","Action":"output","Package":"go.temporal.io/server/tools/gomad3/internal/compatibilitypack","Test":"TestEvaluateHostImportDecisions/import:plugin","Output":"=== RUN   TestEvaluateHostImportDecisions/import:plugin\n","OutputType":"frame"}
{"Time":"2026-10-05T14:20:46.091808628Z","Action":"output","Package":"go.temporal.io/server/tools/gomad3/internal/compatibilitypack","Test":"TestEvaluateHostImportDecisions/import:plugin","Output":"    policy_exhaustive_test.go:93: decision=compatibility.Decision{Allowed:false, Disposition:\"denied\", Remediation:\"remain_unsupported\", PackID:\"\"} bytes=\"{\\\"allowed\\\":false,\\\"disposition\\\":\\\"denied\\\",\\\"remediation\\\":\\\"remain_unsupported\\\"}\"\n"}
{"Time":"2026-10-05T14:20:46.091829628Z","Action":"output","Package":"go.temporal.io/server/tools/gomad3/internal/compatibilitypack","Test":"TestEvaluateHostImportDecisions/import:plugin","Output":"    policy_exhaustive_test.go:98: loader_error=\u003cnil\u003e\n"}
{"Time":"2026-10-05T14:20:46.091841378Z","Action":"output","Package":"go.temporal.io/server/tools/gomad3/internal/compatibilitypack","Test":"TestEvaluateHostImportDecisions/import:plugin","Output":"    policy_exhaustive_test.go:104: decision=compatibility.Decision{Allowed:true, Disposition:\"allowed_by_exact_pack\", Remediation:\"\", PackID:\"example-pack\"} bytes=\"{\\\"allowed\\\":true,\\\"disposition\\\":\\\"allowed_by_exact_pack\\\",\\\"pack_id\\\":\\\"example-pack\\\"}\"\n"}
{"Time":"2026-10-05T14:20:46.091851794Z","Action":"output","Package":"go.temporal.io/server/tools/gomad3/internal/compatibilitypack","Test":"TestEvaluateHostImportDecisions/import:plugin","Output":"--- PASS: TestEvaluateHostImportDecisions/import:plugin (0.00s)\n","OutputType":"frame"}
{"Time":"2026-10-05T14:20:46.091859919Z","Action":"pass","Package":"go.temporal.io/server/tools/gomad3/internal/compatibilitypack","Test":"TestEvaluateHostImportDecisions/import:plugin","Elapsed":0}
{"Time":"2026-10-05T14:20:46.091871711Z","Action":"run","Package":"go.temporal.io/server/tools/gomad3/internal/compatibilitypack","Test":"TestEvaluateHostImportDecisions/import:runtime/cgo"}
{"Time":"2026-10-05T14:20:46.091879336Z","Action":"output","Package":"go.temporal.io/server/tools/gomad3/internal/compatibilitypack","Test":"TestEvaluateHostImportDecisions/import:runtime/cgo","Output":"=== RUN   TestEvaluateHostImportDecisions/import:runtime/cgo\n","OutputType":"frame"}
{"Time":"2026-10-05T14:20:46.091892586Z","Action":"output","Package":"go.temporal.io/server/tools/gomad3/internal/compatibilitypack","Test":"TestEvaluateHostImportDecisions/import:runtime/cgo","Output":"    policy_exhaustive_test.go:93: decision=compatibility.Decision{Allowed:false, Disposition:\"denied\", Remediation:\"remain_unsupported\", PackID:\"\"} bytes=\"{\\\"allowed\\\":false,\\\"disposition\\\":\\\"denied\\\",\\\"remediation\\\":\\\"remain_unsupported\\\"}\"\n"}
{"Time":"2026-10-05T14:20:46.091908294Z","Action":"output","Package":"go.temporal.io/server/tools/gomad3/internal/compatibilitypack","Test":"TestEvaluateHostImportDecisions/import:runtime/cgo","Output":"    policy_exhaustive_test.go:98: loader_error=\u003cnil\u003e\n"}
{"Time":"2026-10-05T14:20:46.091922336Z","Action":"output","Package":"go.temporal.io/server/tools/gomad3/internal/compatibilitypack","Test":"TestEvaluateHostImportDecisions/import:runtime/cgo","Output":"    policy_exhaustive_test.go:104: decision=compatibility.Decision{Allowed:true, Disposition:\"allowed_by_exact_pack\", Remediation:\"\", PackID:\"example-pack\"} bytes=\"{\\\"allowed\\\":true,\\\"disposition\\\":\\\"allowed_by_exact_pack\\\",\\\"pack_id\\\":\\\"example-pack\\\"}\"\n"}
{"Time":"2026-10-05T14:20:46.091933044Z","Action":"output","Package":"go.temporal.io/server/tools/gomad3/internal/compatibilitypack","Test":"TestEvaluateHostImportDecisions/import:runtime/cgo","Output":"--- PASS: TestEvaluateHostImportDecisions/import:runtime/cgo (0.00s)\n","OutputType":"frame"}
{"Time":"2026-10-05T14:20:46.091942003Z","Action":"pass","Package":"go.temporal.io/server/tools/gomad3/internal/compatibilitypack","Test":"TestEvaluateHostImportDecisions/import:runtime/cgo","Elapsed":0}
{"Time":"2026-10-05T14:20:46.091951586Z","Action":"output","Package":"go.temporal.io/server/tools/gomad3/internal/compatibilitypack","Test":"TestEvaluateHostImportDecisions","Output":"--- PASS: TestEvaluateHostImportDecisions (0.00s)\n","OutputType":"frame"}
{"Time":"2026-10-05T14:20:46.091962669Z","Action":"pass","Package":"go.temporal.io/server/tools/gomad3/internal/compatibilitypack","Test":"TestEvaluateHostImportDecisions","Elapsed":0}
{"Time":"2026-10-05T14:20:46.091976211Z","Action":"run","Package":"go.temporal.io/server/tools/gomad3/internal/compatibilitypack","Test":"TestEvaluateNilAndEmptySelections"}
{"Time":"2026-10-05T14:20:46.091992003Z","Action":"output","Package":"go.temporal.io/server/tools/gomad3/internal/compatibilitypack","Test":"TestEvaluateNilAndEmptySelections","Output":"=== RUN   TestEvaluateNilAndEmptySelections\n","OutputType":"frame"}
{"Time":"2026-10-05T14:20:46.092001711Z","Action":"run","Package":"go.temporal.io/server/tools/gomad3/internal/compatibilitypack","Test":"TestEvaluateNilAndEmptySelections/nil"}
{"Time":"2026-10-05T14:20:46.092017503Z","Action":"output","Package":"go.temporal.io/server/tools/gomad3/internal/compatibilitypack","Test":"TestEvaluateNilAndEmptySelections/nil","Output":"=== RUN   TestEvaluateNilAndEmptySelections/nil\n","OutputType":"frame"}
{"Time":"2026-10-05T14:20:46.092027253Z","Action":"run","Package":"go.temporal.io/server/tools/gomad3/internal/compatibilitypack","Test":"TestEvaluateNilAndEmptySelections/nil/capability"}
{"Time":"2026-10-05T14:20:46.092036294Z","Action":"output","Package":"go.temporal.io/server/tools/gomad3/internal/compatibilitypack","Test":"TestEvaluateNilAndEmptySelections/nil/capability","Output":"=== RUN   TestEvaluateNilAndEmptySelections/nil/capability\n","OutputType":"frame"}
{"Time":"2026-10-05T14:20:46.092046294Z","Action":"output","Package":"go.temporal.io/server/tools/gomad3/internal/compatibilitypack","Test":"TestEvaluateNilAndEmptySelections/nil/capability","Output":"    policy_exhaustive_test.go:144: decision=compatibility.Decision{Allowed:false, Disposition:\"denied\", Remediation:\"add_exact_pack\", PackID:\"\"} bytes=\"{\\\"allowed\\\":false,\\\"disposition\\\":\\\"denied\\\",\\\"remediation\\\":\\\"add_exact_pack\\\"}\"\n"}
{"Time":"2026-10-05T14:20:46.092056711Z","Action":"output","Package":"go.temporal.io/server/tools/gomad3/internal/compatibilitypack","Test":"TestEvaluateNilAndEmptySelections/nil/capability","Output":"--- PASS: TestEvaluateNilAndEmptySelections/nil/capability (0.00s)\n","OutputType":"frame"}
{"Time":"2026-10-05T14:20:46.092066253Z","Action":"pass","Package":"go.temporal.io/server/tools/gomad3/internal/compatibilitypack","Test":"TestEvaluateNilAndEmptySelections/nil/capability","Elapsed":0}
{"Time":"2026-10-05T14:20:46.092081378Z","Action":"run","Package":"go.temporal.io/server/tools/gomad3/internal/compatibilitypack","Test":"TestEvaluateNilAndEmptySelections/nil/linkname"}
{"Time":"2026-10-05T14:20:46.092100794Z","Action":"output","Package":"go.temporal.io/server/tools/gomad3/internal/compatibilitypack","Test":"TestEvaluateNilAndEmptySelections/nil/linkname","Output":"=== RUN   TestEvaluateNilAndEmptySelections/nil/linkname\n","OutputType":"frame"}
{"Time":"2026-10-05T14:20:46.092114336Z","Action":"output","Package":"go.temporal.io/server/tools/gomad3/internal/compatibilitypack","Test":"TestEvaluateNilAndEmptySelections/nil/linkname","Output":"    policy_exhaustive_test.go:144: decision=compatibility.Decision{Allowed:false, Disposition:\"denied\", Remediation:\"add_exact_pack\", PackID:\"\"} bytes=\"{\\\"allowed\\\":false,\\\"disposition\\\":\\\"denied\\\",\\\"remediation\\\":\\\"add_exact_pack\\\"}\"\n"}
{"Time":"2026-10-05T14:20:46.092127753Z","Action":"output","Package":"go.temporal.io/server/tools/gomad3/internal/compatibilitypack","Test":"TestEvaluateNilAndEmptySelections/nil/linkname","Output":"--- PASS: TestEvaluateNilAndEmptySelections/nil/linkname (0.00s)\n","OutputType":"frame"}
{"Time":"2026-10-05T14:20:46.092136586Z","Action":"pass","Package":"go.temporal.io/server/tools/gomad3/internal/compatibilitypack","Test":"TestEvaluateNilAndEmptySelections/nil/linkname","Elapsed":0}
{"Time":"2026-10-05T14:20:46.092144461Z","Action":"run","Package":"go.temporal.io/server/tools/gomad3/internal/compatibilitypack","Test":"TestEvaluateNilAndEmptySelections/nil/malformed_linkname"}
{"Time":"2026-10-05T14:20:46.092152544Z","Action":"output","Package":"go.temporal.io/server/tools/gomad3/internal/compatibilitypack","Test":"TestEvaluateNilAndEmptySelections/nil/malformed_linkname","Output":"=== RUN   TestEvaluateNilAndEmptySelections/nil/malformed_linkname\n","OutputType":"frame"}
{"Time":"2026-10-05T14:20:46.092164378Z","Action":"output","Package":"go.temporal.io/server/tools/gomad3/internal/compatibilitypack","Test":"TestEvaluateNilAndEmptySelections/nil/malformed_linkname","Output":"    policy_exhaustive_test.go:144: decision=compatibility.Decision{Allowed:false, Disposition:\"denied\", Remediation:\"remain_unsupported\", PackID:\"\"} bytes=\"{\\\"allowed\\\":false,\\\"disposition\\\":\\\"denied\\\",\\\"remediation\\\":\\\"remain_unsupported\\\"}\"\n"}
{"Time":"2026-10-05T14:20:46.092172711Z","Action":"output","Package":"go.temporal.io/server/tools/gomad3/internal/compatibilitypack","Test":"TestEvaluateNilAndEmptySelections/nil/malformed_linkname","Output":"--- PASS: TestEvaluateNilAndEmptySelections/nil/malformed_linkname (0.00s)\n","OutputType":"frame"}
{"Time":"2026-10-05T14:20:46.092181003Z","Action":"pass","Package":"go.temporal.io/server/tools/gomad3/internal/compatibilitypack","Test":"TestEvaluateNilAndEmptySelections/nil/malformed_linkname","Elapsed":0}
{"Time":"2026-10-05T14:20:46.092195419Z","Action":"run","Package":"go.temporal.io/server/tools/gomad3/internal/compatibilitypack","Test":"TestEvaluateNilAndEmptySelections/nil/no_reviewed_go_source"}
{"Time":"2026-10-05T14:20:46.092209294Z","Action":"output","Package":"go.temporal.io/server/tools/gomad3/internal/compatibilitypack","Test":"TestEvaluateNilAndEmptySelections/nil/no_reviewed_go_source","Output":"=== RUN   TestEvaluateNilAndEmptySelections/nil/no_reviewed_go_source\n","OutputType":"frame"}
{"Time":"2026-10-05T14:20:46.092226211Z","Action":"output","Package":"go.temporal.io/server/tools/gomad3/internal/compatibilitypack","Test":"TestEvaluateNilAndEmptySelections/nil/no_reviewed_go_source","Output":"    policy_exhaustive_test.go:144: decision=compatibility.Decision{Allowed:false, Disposition:\"denied\", Remediation:\"remove_dependency\", PackID:\"\"} bytes=\"{\\\"allowed\\\":false,\\\"disposition\\\":\\\"denied\\\",\\\"remediation\\\":\\\"remove_dependency\\\"}\"\n"}
{"Time":"2026-10-05T14:20:46.092240586Z","Action":"output","Package":"go.temporal.io/server/tools/gomad3/internal/compatibilitypack","Test":"TestEvaluateNilAndEmptySelections/nil/no_reviewed_go_source","Output":"--- PASS: TestEvaluateNilAndEmptySelections/nil/no_reviewed_go_source (0.00s)\n","OutputType":"frame"}
{"Time":"2026-10-05T14:20:46.092255169Z","Action":"pass","Package":"go.temporal.io/server/tools/gomad3/internal/compatibilitypack","Test":"TestEvaluateNilAndEmptySelections/nil/no_reviewed_go_source","Elapsed":0}
{"Time":"2026-10-05T14:20:46.092265003Z","Action":"run","Package":"go.temporal.io/server/tools/gomad3/internal/compatibilitypack","Test":"TestEvaluateNilAndEmptySelections/nil/future-kind"}
{"Time":"2026-10-05T14:20:46.092279336Z","Action":"output","Package":"go.temporal.io/server/tools/gomad3/internal/compatibilitypack","Test":"TestEvaluateNilAndEmptySelections/nil/future-kind","Output":"=== RUN   TestEvaluateNilAndEmptySelections/nil/future-kind\n","OutputType":"frame"}
{"Time":"2026-10-05T14:20:46.092289753Z","Action":"output","Package":"go.temporal.io/server/tools/gomad3/internal/compatibilitypack","Test":"TestEvaluateNilAndEmptySelections/nil/future-kind","Output":"    policy_exhaustive_test.go:144: decision=compatibility.Decision{Allowed:false, Disposition:\"denied\", Remediation:\"remain_unsupported\", PackID:\"\"} bytes=\"{\\\"allowed\\\":false,\\\"disposition\\\":\\\"denied\\\",\\\"remediation\\\":\\\"remain_unsupported\\\"}\"\n"}
{"Time":"2026-10-05T14:20:46.092300461Z","Action":"output","Package":"go.temporal.io/server/tools/gomad3/internal/compatibilitypack","Test":"TestEvaluateNilAndEmptySelections/nil/future-kind","Output":"--- PASS: TestEvaluateNilAndEmptySelections/nil/future-kind (0.00s)\n","OutputType":"frame"}
{"Time":"2026-10-05T14:20:46.092314336Z","Action":"pass","Package":"go.temporal.io/server/tools/gomad3/internal/compatibilitypack","Test":"TestEvaluateNilAndEmptySelections/nil/future-kind","Elapsed":0}
{"Time":"2026-10-05T14:20:46.092323461Z","Action":"run","Package":"go.temporal.io/server/tools/gomad3/internal/compatibilitypack","Test":"TestEvaluateNilAndEmptySelections/nil/#00"}
{"Time":"2026-10-05T14:20:46.092338711Z","Action":"output","Package":"go.temporal.io/server/tools/gomad3/internal/compatibilitypack","Test":"TestEvaluateNilAndEmptySelections/nil/#00","Output":"=== RUN   TestEvaluateNilAndEmptySelections/nil/#00\n","OutputType":"frame"}
{"Time":"2026-10-05T14:20:46.092347961Z","Action":"output","Package":"go.temporal.io/server/tools/gomad3/internal/compatibilitypack","Test":"TestEvaluateNilAndEmptySelections/nil/#00","Output":"    policy_exhaustive_test.go:144: decision=compatibility.Decision{Allowed:false, Disposition:\"denied\", Remediation:\"remain_unsupported\", PackID:\"\"} bytes=\"{\\\"allowed\\\":false,\\\"disposition\\\":\\\"denied\\\",\\\"remediation\\\":\\\"remain_unsupported\\\"}\"\n"}
{"Time":"2026-10-05T14:20:46.092357253Z","Action":"output","Package":"go.temporal.io/server/tools/gomad3/internal/compatibilitypack","Test":"TestEvaluateNilAndEmptySelections/nil/#00","Output":"--- PASS: TestEvaluateNilAndEmptySelections/nil/#00 (0.00s)\n","OutputType":"frame"}
{"Time":"2026-10-05T14:20:46.092370836Z","Action":"pass","Package":"go.temporal.io/server/tools/gomad3/internal/compatibilitypack","Test":"TestEvaluateNilAndEmptySelections/nil/#00","Elapsed":0}
{"Time":"2026-10-05T14:20:46.092384836Z","Action":"output","Package":"go.temporal.io/server/tools/gomad3/internal/compatibilitypack","Test":"TestEvaluateNilAndEmptySelections/nil","Output":"--- PASS: TestEvaluateNilAndEmptySelections/nil (0.00s)\n","OutputType":"frame"}
{"Time":"2026-10-05T14:20:46.092397253Z","Action":"pass","Package":"go.temporal.io/server/tools/gomad3/internal/compatibilitypack","Test":"TestEvaluateNilAndEmptySelections/nil","Elapsed":0}
{"Time":"2026-10-05T14:20:46.092409544Z","Action":"run","Package":"go.temporal.io/server/tools/gomad3/internal/compatibilitypack","Test":"TestEvaluateNilAndEmptySelections/empty"}
{"Time":"2026-10-05T14:20:46.092423086Z","Action":"output","Package":"go.temporal.io/server/tools/gomad3/internal/compatibilitypack","Test":"TestEvaluateNilAndEmptySelections/empty","Output":"=== RUN   TestEvaluateNilAndEmptySelections/empty\n","OutputType":"frame"}
{"Time":"2026-10-05T14:20:46.092431628Z","Action":"run","Package":"go.temporal.io/server/tools/gomad3/internal/compatibilitypack","Test":"TestEvaluateNilAndEmptySelections/empty/capability"}
{"Time":"2026-10-05T14:20:46.092441294Z","Action":"output","Package":"go.temporal.io/server/tools/gomad3/internal/compatibilitypack","Test":"TestEvaluateNilAndEmptySelections/empty/capability","Output":"=== RUN   TestEvaluateNilAndEmptySelections/empty/capability\n","OutputType":"frame"}
{"Time":"2026-10-05T14:20:46.092451669Z","Action":"output","Package":"go.temporal.io/server/tools/gomad3/internal/compatibilitypack","Test":"TestEvaluateNilAndEmptySelections/empty/capability","Output":"    policy_exhaustive_test.go:144: decision=compatibility.Decision{Allowed:false, Disposition:\"denied\", Remediation:\"add_exact_pack\", PackID:\"\"} bytes=\"{\\\"allowed\\\":false,\\\"disposition\\\":\\\"denied\\\",\\\"remediation\\\":\\\"add_exact_pack\\\"}\"\n"}
{"Time":"2026-10-05T14:20:46.092461878Z","Action":"output","Package":"go.temporal.io/server/tools/gomad3/internal/compatibilitypack","Test":"TestEvaluateNilAndEmptySelections/empty/capability","Output":"--- PASS: TestEvaluateNilAndEmptySelections/empty/capability (0.00s)\n","OutputType":"frame"}
{"Time":"2026-10-05T14:20:46.092471461Z","Action":"pass","Package":"go.temporal.io/server/tools/gomad3/internal/compatibilitypack","Test":"TestEvaluateNilAndEmptySelections/empty/capability","Elapsed":0}
{"Time":"2026-10-05T14:20:46.092482753Z","Action":"run","Package":"go.temporal.io/server/tools/gomad3/internal/compatibilitypack","Test":"TestEvaluateNilAndEmptySelections/empty/linkname"}
{"Time":"2026-10-05T14:20:46.092497253Z","Action":"output","Package":"go.temporal.io/server/tools/gomad3/internal/compatibilitypack","Test":"TestEvaluateNilAndEmptySelections/empty/linkname","Output":"=== RUN   TestEvaluateNilAndEmptySelections/empty/linkname\n","OutputType":"frame"}
{"Time":"2026-10-05T14:20:46.092524586Z","Action":"output","Package":"go.temporal.io/server/tools/gomad3/internal/compatibilitypack","Test":"TestEvaluateNilAndEmptySelections/empty/linkname","Output":"    policy_exhaustive_test.go:144: decision=compatibility.Decision{Allowed:false, Disposition:\"denied\", Remediation:\"add_exact_pack\", PackID:\"\"} bytes=\"{\\\"allowed\\\":false,\\\"disposition\\\":\\\"denied\\\",\\\"remediation\\\":\\\"add_exact_pack\\\"}\"\n"}
{"Time":"2026-10-05T14:20:46.092540294Z","Action":"output","Package":"go.temporal.io/server/tools/gomad3/internal/compatibilitypack","Test":"TestEvaluateNilAndEmptySelections/empty/linkname","Output":"--- PASS: TestEvaluateNilAndEmptySelections/empty/linkname (0.00s)\n","OutputType":"frame"}
{"Time":"2026-10-05T14:20:46.092548919Z","Action":"pass","Package":"go.temporal.io/server/tools/gomad3/internal/compatibilitypack","Test":"TestEvaluateNilAndEmptySelections/empty/linkname","Elapsed":0}
{"Time":"2026-10-05T14:20:46.092557753Z","Action":"run","Package":"go.temporal.io/server/tools/gomad3/internal/compatibilitypack","Test":"TestEvaluateNilAndEmptySelections/empty/malformed_linkname"}
{"Time":"2026-10-05T14:20:46.092565836Z","Action":"output","Package":"go.temporal.io/server/tools/gomad3/internal/compatibilitypack","Test":"TestEvaluateNilAndEmptySelections/empty/malformed_linkname","Output":"=== RUN   TestEvaluateNilAndEmptySelections/empty/malformed_linkname\n","OutputType":"frame"}
{"Time":"2026-10-05T14:20:46.092580169Z","Action":"output","Package":"go.temporal.io/server/tools/gomad3/internal/compatibilitypack","Test":"TestEvaluateNilAndEmptySelections/empty/malformed_linkname","Output":"    policy_exhaustive_test.go:144: decision=compatibility.Decision{Allowed:false, Disposition:\"denied\", Remediation:\"remain_unsupported\", PackID:\"\"} bytes=\"{\\\"allowed\\\":false,\\\"disposition\\\":\\\"denied\\\",\\\"remediation\\\":\\\"remain_unsupported\\\"}\"\n"}
{"Time":"2026-10-05T14:20:46.092591961Z","Action":"output","Package":"go.temporal.io/server/tools/gomad3/internal/compatibilitypack","Test":"TestEvaluateNilAndEmptySelections/empty/malformed_linkname","Output":"--- PASS: TestEvaluateNilAndEmptySelections/empty/malformed_linkname (0.00s)\n","OutputType":"frame"}
{"Time":"2026-10-05T14:20:46.092605086Z","Action":"pass","Package":"go.temporal.io/server/tools/gomad3/internal/compatibilitypack","Test":"TestEvaluateNilAndEmptySelections/empty/malformed_linkname","Elapsed":0}
{"Time":"2026-10-05T14:20:46.092623253Z","Action":"run","Package":"go.temporal.io/server/tools/gomad3/internal/compatibilitypack","Test":"TestEvaluateNilAndEmptySelections/empty/no_reviewed_go_source"}
{"Time":"2026-10-05T14:20:46.092638294Z","Action":"output","Package":"go.temporal.io/server/tools/gomad3/internal/compatibilitypack","Test":"TestEvaluateNilAndEmptySelections/empty/no_reviewed_go_source","Output":"=== RUN   TestEvaluateNilAndEmptySelections/empty/no_reviewed_go_source\n","OutputType":"frame"}
{"Time":"2026-10-05T14:20:46.092651836Z","Action":"output","Package":"go.temporal.io/server/tools/gomad3/internal/compatibilitypack","Test":"TestEvaluateNilAndEmptySelections/empty/no_reviewed_go_source","Output":"    policy_exhaustive_test.go:144: decision=compatibility.Decision{Allowed:false, Disposition:\"denied\", Remediation:\"remove_dependency\", PackID:\"\"} bytes=\"{\\\"allowed\\\":false,\\\"disposition\\\":\\\"denied\\\",\\\"remediation\\\":\\\"remove_dependency\\\"}\"\n"}
{"Time":"2026-10-05T14:20:46.092667919Z","Action":"output","Package":"go.temporal.io/server/tools/gomad3/internal/compatibilitypack","Test":"TestEvaluateNilAndEmptySelections/empty/no_reviewed_go_source","Output":"--- PASS: TestEvaluateNilAndEmptySelections/empty/no_reviewed_go_source (0.00s)\n","OutputType":"frame"}
{"Time":"2026-10-05T14:20:46.092680253Z","Action":"pass","Package":"go.temporal.io/server/tools/gomad3/internal/compatibilitypack","Test":"TestEvaluateNilAndEmptySelections/empty/no_reviewed_go_source","Elapsed":0}
{"Time":"2026-10-05T14:20:46.092692919Z","Action":"run","Package":"go.temporal.io/server/tools/gomad3/internal/compatibilitypack","Test":"TestEvaluateNilAndEmptySelections/empty/future-kind"}
{"Time":"2026-10-05T14:20:46.092703836Z","Action":"output","Package":"go.temporal.io/server/tools/gomad3/internal/compatibilitypack","Test":"TestEvaluateNilAndEmptySelections/empty/future-kind","Output":"=== RUN   TestEvaluateNilAndEmptySelections/empty/future-kind\n","OutputType":"frame"}
{"Time":"2026-10-05T14:20:46.092715919Z","Action":"output","Package":"go.temporal.io/server/tools/gomad3/internal/compatibilitypack","Test":"TestEvaluateNilAndEmptySelections/empty/future-kind","Output":"    policy_exhaustive_test.go:144: decision=compatibility.Decision{Allowed:false, Disposition:\"denied\", Remediation:\"remain_unsupported\", PackID:\"\"} bytes=\"{\\\"allowed\\\":false,\\\"disposition\\\":\\\"denied\\\",\\\"remediation\\\":\\\"remain_unsupported\\\"}\"\n"}
{"Time":"2026-10-05T14:20:46.092730503Z","Action":"output","Package":"go.temporal.io/server/tools/gomad3/internal/compatibilitypack","Test":"TestEvaluateNilAndEmptySelections/empty/future-kind","Output":"--- PASS: TestEvaluateNilAndEmptySelections/empty/future-kind (0.00s)\n","OutputType":"frame"}
{"Time":"2026-10-05T14:20:46.092744003Z","Action":"pass","Package":"go.temporal.io/server/tools/gomad3/internal/compatibilitypack","Test":"TestEvaluateNilAndEmptySelections/empty/future-kind","Elapsed":0}
{"Time":"2026-10-05T14:20:46.092751544Z","Action":"run","Package":"go.temporal.io/server/tools/gomad3/internal/compatibilitypack","Test":"TestEvaluateNilAndEmptySelections/empty/#00"}
{"Time":"2026-10-05T14:20:46.092760461Z","Action":"output","Package":"go.temporal.io/server/tools/gomad3/internal/compatibilitypack","Test":"TestEvaluateNilAndEmptySelections/empty/#00","Output":"=== RUN   TestEvaluateNilAndEmptySelections/empty/#00\n","OutputType":"frame"}
{"Time":"2026-10-05T14:20:46.092769294Z","Action":"output","Package":"go.temporal.io/server/tools/gomad3/internal/compatibilitypack","Test":"TestEvaluateNilAndEmptySelections/empty/#00","Output":"    policy_exhaustive_test.go:144: decision=compatibility.Decision{Allowed:false, Disposition:\"denied\", Remediation:\"remain_unsupported\", PackID:\"\"} bytes=\"{\\\"allowed\\\":false,\\\"disposition\\\":\\\"denied\\\",\\\"remediation\\\":\\\"remain_unsupported\\\"}\"\n"}
{"Time":"2026-10-05T14:20:46.092787044Z","Action":"output","Package":"go.temporal.io/server/tools/gomad3/internal/compatibilitypack","Test":"TestEvaluateNilAndEmptySelections/empty/#00","Output":"--- PASS: TestEvaluateNilAndEmptySelections/empty/#00 (0.00s)\n","OutputType":"frame"}
{"Time":"2026-10-05T14:20:46.092801336Z","Action":"pass","Package":"go.temporal.io/server/tools/gomad3/internal/compatibilitypack","Test":"TestEvaluateNilAndEmptySelections/empty/#00","Elapsed":0}
{"Time":"2026-10-05T14:20:46.092811211Z","Action":"output","Package":"go.temporal.io/server/tools/gomad3/internal/compatibilitypack","Test":"TestEvaluateNilAndEmptySelections/empty","Output":"--- PASS: TestEvaluateNilAndEmptySelections/empty (0.00s)\n","OutputType":"frame"}
{"Time":"2026-10-05T14:20:46.092819586Z","Action":"pass","Package":"go.temporal.io/server/tools/gomad3/internal/compatibilitypack","Test":"TestEvaluateNilAndEmptySelections/empty","Elapsed":0}
{"Time":"2026-10-05T14:20:46.092842294Z","Action":"output","Package":"go.temporal.io/server/tools/gomad3/internal/compatibilitypack","Test":"TestEvaluateNilAndEmptySelections","Output":"--- PASS: TestEvaluateNilAndEmptySelections (0.00s)\n","OutputType":"frame"}
{"Time":"2026-10-05T14:20:46.092859169Z","Action":"pass","Package":"go.temporal.io/server/tools/gomad3/internal/compatibilitypack","Test":"TestEvaluateNilAndEmptySelections","Elapsed":0}
{"Time":"2026-10-05T14:20:46.092873753Z","Action":"run","Package":"go.temporal.io/server/tools/gomad3/internal/compatibilitypack","Test":"TestEvaluateTraversesRulesAndPacks"}
{"Time":"2026-10-05T14:20:46.092884919Z","Action":"output","Package":"go.temporal.io/server/tools/gomad3/internal/compatibilitypack","Test":"TestEvaluateTraversesRulesAndPacks","Output":"=== RUN   TestEvaluateTraversesRulesAndPacks\n","OutputType":"frame"}
{"Time":"2026-10-05T14:20:46.092903169Z","Action":"run","Package":"go.temporal.io/server/tools/gomad3/internal/compatibilitypack","Test":"TestEvaluateTraversesRulesAndPacks/later-matching-rule"}
{"Time":"2026-10-05T14:20:46.092911544Z","Action":"output","Package":"go.temporal.io/server/tools/gomad3/internal/compatibilitypack","Test":"TestEvaluateTraversesRulesAndPacks/later-matching-rule","Output":"=== RUN   TestEvaluateTraversesRulesAndPacks/later-matching-rule\n","OutputType":"frame"}
{"Time":"2026-10-05T14:20:46.092919503Z","Action":"output","Package":"go.temporal.io/server/tools/gomad3/internal/compatibilitypack","Test":"TestEvaluateTraversesRulesAndPacks/later-matching-rule","Output":"    policy_exhaustive_test.go:166: decision=compatibility.Decision{Allowed:true, Disposition:\"allowed_by_exact_pack\", Remediation:\"\", PackID:\"example-pack\"} bytes=\"{\\\"allowed\\\":true,\\\"disposition\\\":\\\"allowed_by_exact_pack\\\",\\\"pack_id\\\":\\\"example-pack\\\"}\"\n"}
{"Time":"2026-10-05T14:20:46.092934128Z","Action":"output","Package":"go.temporal.io/server/tools/gomad3/internal/compatibilitypack","Test":"TestEvaluateTraversesRulesAndPacks/later-matching-rule","Output":"    policy_exhaustive_test.go:166: decision=compatibility.Decision{Allowed:true, Disposition:\"allowed_by_exact_pack\", Remediation:\"\", PackID:\"example-pack\"} bytes=\"{\\\"allowed\\\":true,\\\"disposition\\\":\\\"allowed_by_exact_pack\\\",\\\"pack_id\\\":\\\"example-pack\\\"}\"\n"}
{"Time":"2026-10-05T14:20:46.092950211Z","Action":"output","Package":"go.temporal.io/server/tools/gomad3/internal/compatibilitypack","Test":"TestEvaluateTraversesRulesAndPacks/later-matching-rule","Output":"--- PASS: TestEvaluateTraversesRulesAndPacks/later-matching-rule (0.00s)\n","OutputType":"frame"}
{"Time":"2026-10-05T14:20:46.092965336Z","Action":"pass","Package":"go.temporal.io/server/tools/gomad3/internal/compatibilitypack","Test":"TestEvaluateTraversesRulesAndPacks/later-matching-rule","Elapsed":0}
{"Time":"2026-10-05T14:20:46.092983669Z","Action":"run","Package":"go.temporal.io/server/tools/gomad3/internal/compatibilitypack","Test":"TestEvaluateTraversesRulesAndPacks/later-matching-pack"}
{"Time":"2026-10-05T14:20:46.093005378Z","Action":"output","Package":"go.temporal.io/server/tools/gomad3/internal/compatibilitypack","Test":"TestEvaluateTraversesRulesAndPacks/later-matching-pack","Output":"=== RUN   TestEvaluateTraversesRulesAndPacks/later-matching-pack\n","OutputType":"frame"}
{"Time":"2026-10-05T14:20:46.093025961Z","Action":"output","Package":"go.temporal.io/server/tools/gomad3/internal/compatibilitypack","Test":"TestEvaluateTraversesRulesAndPacks/later-matching-pack","Output":"    policy_exhaustive_test.go:202: decision=compatibility.Decision{Allowed:true, Disposition:\"allowed_by_exact_pack\", Remediation:\"\", PackID:\"z-pack\"} bytes=\"{\\\"allowed\\\":true,\\\"disposition\\\":\\\"allowed_by_exact_pack\\\",\\\"pack_id\\\":\\\"z-pack\\\"}\"\n"}
{"Time":"2026-10-05T14:20:46.093040544Z","Action":"output","Package":"go.temporal.io/server/tools/gomad3/internal/compatibilitypack","Test":"TestEvaluateTraversesRulesAndPacks/later-matching-pack","Output":"    policy_exhaustive_test.go:202: decision=compatibility.Decision{Allowed:true, Disposition:\"allowed_by_exact_pack\", Remediation:\"\", PackID:\"z-pack\"} bytes=\"{\\\"allowed\\\":true,\\\"disposition\\\":\\\"allowed_by_exact_pack\\\",\\\"pack_id\\\":\\\"z-pack\\\"}\"\n"}
{"Time":"2026-10-05T14:20:46.093058378Z","Action":"output","Package":"go.temporal.io/server/tools/gomad3/internal/compatibilitypack","Test":"TestEvaluateTraversesRulesAndPacks/later-matching-pack","Output":"--- PASS: TestEvaluateTraversesRulesAndPacks/later-matching-pack (0.00s)\n","OutputType":"frame"}
{"Time":"2026-10-05T14:20:46.093074503Z","Action":"pass","Package":"go.temporal.io/server/tools/gomad3/internal/compatibilitypack","Test":"TestEvaluateTraversesRulesAndPacks/later-matching-pack","Elapsed":0}
{"Time":"2026-10-05T14:20:46.093090919Z","Action":"run","Package":"go.temporal.io/server/tools/gomad3/internal/compatibilitypack","Test":"TestEvaluateTraversesRulesAndPacks/later-granting-pack"}
{"Time":"2026-10-05T14:20:46.093110086Z","Action":"output","Package":"go.temporal.io/server/tools/gomad3/internal/compatibilitypack","Test":"TestEvaluateTraversesRulesAndPacks/later-granting-pack","Output":"=== RUN   TestEvaluateTraversesRulesAndPacks/later-granting-pack\n","OutputType":"frame"}
{"Time":"2026-10-05T14:20:46.093121003Z","Action":"output","Package":"go.temporal.io/server/tools/gomad3/internal/compatibilitypack","Test":"TestEvaluateTraversesRulesAndPacks/later-granting-pack","Output":"    policy_exhaustive_test.go:202: decision=compatibility.Decision{Allowed:true, Disposition:\"allowed_by_exact_pack\", Remediation:\"\", PackID:\"z-pack\"} bytes=\"{\\\"allowed\\\":true,\\\"disposition\\\":\\\"allowed_by_exact_pack\\\",\\\"pack_id\\\":\\\"z-pack\\\"}\"\n"}
{"Time":"2026-10-05T14:20:46.093136753Z","Action":"output","Package":"go.temporal.io/server/tools/gomad3/internal/compatibilitypack","Test":"TestEvaluateTraversesRulesAndPacks/later-granting-pack","Output":"    policy_exhaustive_test.go:202: decision=compatibility.Decision{Allowed:true, Disposition:\"allowed_by_exact_pack\", Remediation:\"\", PackID:\"z-pack\"} bytes=\"{\\\"allowed\\\":true,\\\"disposition\\\":\\\"allowed_by_exact_pack\\\",\\\"pack_id\\\":\\\"z-pack\\\"}\"\n"}
{"Time":"2026-10-05T14:20:46.093148169Z","Action":"output","Package":"go.temporal.io/server/tools/gomad3/internal/compatibilitypack","Test":"TestEvaluateTraversesRulesAndPacks/later-granting-pack","Output":"--- PASS: TestEvaluateTraversesRulesAndPacks/later-granting-pack (0.00s)\n","OutputType":"frame"}
{"Time":"2026-10-05T14:20:46.093174336Z","Action":"pass","Package":"go.temporal.io/server/tools/gomad3/internal/compatibilitypack","Test":"TestEvaluateTraversesRulesAndPacks/later-granting-pack","Elapsed":0}
{"Time":"2026-10-05T14:20:46.093190169Z","Action":"run","Package":"go.temporal.io/server/tools/gomad3/internal/compatibilitypack","Test":"TestEvaluateTraversesRulesAndPacks/first-grant-precedence"}
{"Time":"2026-10-05T14:20:46.093206211Z","Action":"output","Package":"go.temporal.io/server/tools/gomad3/internal/compatibilitypack","Test":"TestEvaluateTraversesRulesAndPacks/first-grant-precedence","Output":"=== RUN   TestEvaluateTraversesRulesAndPacks/first-grant-precedence\n","OutputType":"frame"}
{"Time":"2026-10-05T14:20:46.093222211Z","Action":"output","Package":"go.temporal.io/server/tools/gomad3/internal/compatibilitypack","Test":"TestEvaluateTraversesRulesAndPacks/first-grant-precedence","Output":"    policy_exhaustive_test.go:200: decision=compatibility.Decision{Allowed:true, Disposition:\"allowed_by_exact_pack\", Remediation:\"\", PackID:\"a-pack\"} bytes=\"{\\\"allowed\\\":true,\\\"disposition\\\":\\\"allowed_by_exact_pack\\\",\\\"pack_id\\\":\\\"a-pack\\\"}\"\n"}
{"Time":"2026-10-05T14:20:46.093240794Z","Action":"output","Package":"go.temporal.io/server/tools/gomad3/internal/compatibilitypack","Test":"TestEvaluateTraversesRulesAndPacks/first-grant-precedence","Output":"    policy_exhaustive_test.go:200: decision=compatibility.Decision{Allowed:true, Disposition:\"allowed_by_exact_pack\", Remediation:\"\", PackID:\"a-pack\"} bytes=\"{\\\"allowed\\\":true,\\\"disposition\\\":\\\"allowed_by_exact_pack\\\",\\\"pack_id\\\":\\\"a-pack\\\"}\"\n"}
{"Time":"2026-10-05T14:20:46.093260961Z","Action":"output","Package":"go.temporal.io/server/tools/gomad3/internal/compatibilitypack","Test":"TestEvaluateTraversesRulesAndPacks/first-grant-precedence","Output":"--- PASS: TestEvaluateTraversesRulesAndPacks/first-grant-precedence (0.00s)\n","OutputType":"frame"}
{"Time":"2026-10-05T14:20:46.093277044Z","Action":"pass","Package":"go.temporal.io/server/tools/gomad3/internal/compatibilitypack","Test":"TestEvaluateTraversesRulesAndPacks/first-grant-precedence","Elapsed":0}
{"Time":"2026-10-05T14:20:46.093293294Z","Action":"output","Package":"go.temporal.io/server/tools/gomad3/internal/compatibilitypack","Test":"TestEvaluateTraversesRulesAndPacks","Output":"--- PASS: TestEvaluateTraversesRulesAndPacks (0.00s)\n","OutputType":"frame"}
{"Time":"2026-10-05T14:20:46.093316378Z","Action":"pass","Package":"go.temporal.io/server/tools/gomad3/internal/compatibilitypack","Test":"TestEvaluateTraversesRulesAndPacks","Elapsed":0}
{"Time":"2026-10-05T14:20:46.093324878Z","Action":"run","Package":"go.temporal.io/server/tools/gomad3/internal/compatibilitypack","Test":"TestEvaluatePreservesInputsAndDetachedCopies"}
{"Time":"2026-10-05T14:20:46.093332628Z","Action":"output","Package":"go.temporal.io/server/tools/gomad3/internal/compatibilitypack","Test":"TestEvaluatePreservesInputsAndDetachedCopies","Output":"=== RUN   TestEvaluatePreservesInputsAndDetachedCopies\n","OutputType":"frame"}
{"Time":"2026-10-05T14:20:46.093343086Z","Action":"output","Package":"go.temporal.io/server/tools/gomad3/internal/compatibilitypack","Test":"TestEvaluatePreservesInputsAndDetachedCopies","Output":"    policy_exhaustive_test.go:215: decision=compatibility.Decision{Allowed:true, Disposition:\"allowed_by_exact_pack\", Remediation:\"\", PackID:\"example-pack\"} bytes=\"{\\\"allowed\\\":true,\\\"disposition\\\":\\\"allowed_by_exact_pack\\\",\\\"pack_id\\\":\\\"example-pack\\\"}\"\n"}
{"Time":"2026-10-05T14:20:46.093359878Z","Action":"output","Package":"go.temporal.io/server/tools/gomad3/internal/compatibilitypack","Test":"TestEvaluatePreservesInputsAndDetachedCopies","Output":"    policy_exhaustive_test.go:215: decision=compatibility.Decision{Allowed:true, Disposition:\"allowed_by_exact_pack\", Remediation:\"\", PackID:\"example-pack\"} bytes=\"{\\\"allowed\\\":true,\\\"disposition\\\":\\\"allowed_by_exact_pack\\\",\\\"pack_id\\\":\\\"example-pack\\\"}\"\n"}
{"Time":"2026-10-05T14:20:46.093377669Z","Action":"output","Package":"go.temporal.io/server/tools/gomad3/internal/compatibilitypack","Test":"TestEvaluatePreservesInputsAndDetachedCopies","Output":"    policy_exhaustive_test.go:237: decision=compatibility.Decision{Allowed:true, Disposition:\"allowed_by_exact_pack\", Remediation:\"\", PackID:\"example-pack\"} bytes=\"{\\\"allowed\\\":true,\\\"disposition\\\":\\\"allowed_by_exact_pack\\\",\\\"pack_id\\\":\\\"example-pack\\\"}\"\n"}
{"Time":"2026-10-05T14:20:46.093392544Z","Action":"output","Package":"go.temporal.io/server/tools/gomad3/internal/compatibilitypack","Test":"TestEvaluatePreservesInputsAndDetachedCopies","Output":"    policy_exhaustive_test.go:237: decision=compatibility.Decision{Allowed:true, Disposition:\"allowed_by_exact_pack\", Remediation:\"\", PackID:\"example-pack\"} bytes=\"{\\\"allowed\\\":true,\\\"disposition\\\":\\\"allowed_by_exact_pack\\\",\\\"pack_id\\\":\\\"example-pack\\\"}\"\n"}
{"Time":"2026-10-05T14:20:46.093409086Z","Action":"output","Package":"go.temporal.io/server/tools/gomad3/internal/compatibilitypack","Test":"TestEvaluatePreservesInputsAndDetachedCopies","Output":"    policy_exhaustive_test.go:246: decision=compatibility.Decision{Allowed:true, Disposition:\"allowed_by_exact_pack\", Remediation:\"\", PackID:\"example-pack\"} bytes=\"{\\\"allowed\\\":true,\\\"disposition\\\":\\\"allowed_by_exact_pack\\\",\\\"pack_id\\\":\\\"example-pack\\\"}\"\n"}
{"Time":"2026-10-05T14:20:46.093429836Z","Action":"output","Package":"go.temporal.io/server/tools/gomad3/internal/compatibilitypack","Test":"TestEvaluatePreservesInputsAndDetachedCopies","Output":"    policy_exhaustive_test.go:249: decision=compatibility.Decision{Allowed:true, Disposition:\"allowed_by_exact_pack\", Remediation:\"\", PackID:\"example-pack\"} bytes=\"{\\\"allowed\\\":true,\\\"disposition\\\":\\\"allowed_by_exact_pack\\\",\\\"pack_id\\\":\\\"example-pack\\\"}\"\n"}
{"Time":"2026-10-05T14:20:46.093446794Z","Action":"output","Package":"go.temporal.io/server/tools/gomad3/internal/compatibilitypack","Test":"TestEvaluatePreservesInputsAndDetachedCopies","Output":"--- PASS: TestEvaluatePreservesInputsAndDetachedCopies (0.00s)\n","OutputType":"frame"}
{"Time":"2026-10-05T14:20:46.093462753Z","Action":"pass","Package":"go.temporal.io/server/tools/gomad3/internal/compatibilitypack","Test":"TestEvaluatePreservesInputsAndDetachedCopies","Elapsed":0}
{"Time":"2026-10-05T14:20:46.093481961Z","Action":"output","Package":"go.temporal.io/server/tools/gomad3/internal/compatibilitypack","Output":"PASS\n","OutputType":"frame"}
{"Time":"2026-10-05T14:20:46.093522711Z","Action":"output","Package":"go.temporal.io/server/tools/gomad3/internal/compatibilitypack","Output":"ok  \tgo.temporal.io/server/tools/gomad3/internal/compatibilitypack\t0.006s\n"}
{"Time":"2026-10-05T14:20:46.093541878Z","Action":"pass","Package":"go.temporal.io/server/tools/gomad3/internal/compatibilitypack","Elapsed":0.006}
