{"Time":"2026-10-10T00:08:13.133139416Z","Action":"start","Package":"go.temporal.io/server/tools/gomad3/runner"}
{"Time":"2026-10-10T00:08:13.139457124Z","Action":"run","Package":"go.temporal.io/server/tools/gomad3/runner","Test":"TestLocalCampaignPreparationShortCircuits"}
{"Time":"2026-10-10T00:08:13.139520999Z","Action":"output","Package":"go.temporal.io/server/tools/gomad3/runner","Test":"TestLocalCampaignPreparationShortCircuits","Output":"=== RUN   TestLocalCampaignPreparationShortCircuits\n","OutputType":"frame"}
{"Time":"2026-10-10T00:08:13.139618541Z","Action":"run","Package":"go.temporal.io/server/tools/gomad3/runner","Test":"TestLocalCampaignPreparationShortCircuits/progress_failure"}
{"Time":"2026-10-10T00:08:13.139645749Z","Action":"output","Package":"go.temporal.io/server/tools/gomad3/runner","Test":"TestLocalCampaignPreparationShortCircuits/progress_failure","Output":"=== RUN   TestLocalCampaignPreparationShortCircuits/progress_failure\n","OutputType":"frame"}
{"Time":"2026-10-10T00:08:13.160250541Z","Action":"output","Package":"go.temporal.io/server/tools/gomad3/runner","Test":"TestLocalCampaignPreparationShortCircuits/progress_failure","Output":"--- PASS: TestLocalCampaignPreparationShortCircuits/progress_failure (0.02s)\n","OutputType":"frame"}
{"Time":"2026-10-10T00:08:13.160869916Z","Action":"pass","Package":"go.temporal.io/server/tools/gomad3/runner","Test":"TestLocalCampaignPreparationShortCircuits/progress_failure","Elapsed":0.02}
{"Time":"2026-10-10T00:08:13.160926791Z","Action":"run","Package":"go.temporal.io/server/tools/gomad3/runner","Test":"TestLocalCampaignPreparationShortCircuits/parent_cancellation"}
{"Time":"2026-10-10T00:08:13.160953832Z","Action":"output","Package":"go.temporal.io/server/tools/gomad3/runner","Test":"TestLocalCampaignPreparationShortCircuits/parent_cancellation","Output":"=== RUN   TestLocalCampaignPreparationShortCircuits/parent_cancellation\n","OutputType":"frame"}
{"Time":"2026-10-10T00:08:13.172807124Z","Action":"output","Package":"go.temporal.io/server/tools/gomad3/runner","Test":"TestLocalCampaignPreparationShortCircuits/parent_cancellation","Output":"--- PASS: TestLocalCampaignPreparationShortCircuits/parent_cancellation (0.01s)\n","OutputType":"frame"}
{"Time":"2026-10-10T00:08:13.172851999Z","Action":"pass","Package":"go.temporal.io/server/tools/gomad3/runner","Test":"TestLocalCampaignPreparationShortCircuits/parent_cancellation","Elapsed":0.01}
{"Time":"2026-10-10T00:08:13.172911291Z","Action":"output","Package":"go.temporal.io/server/tools/gomad3/runner","Test":"TestLocalCampaignPreparationShortCircuits","Output":"--- PASS: TestLocalCampaignPreparationShortCircuits (0.03s)\n","OutputType":"frame"}
{"Time":"2026-10-10T00:08:13.172956832Z","Action":"pass","Package":"go.temporal.io/server/tools/gomad3/runner","Test":"TestLocalCampaignPreparationShortCircuits","Elapsed":0.03}
{"Time":"2026-10-10T00:08:13.172975666Z","Action":"run","Package":"go.temporal.io/server/tools/gomad3/runner","Test":"TestLocalCompletionErrorPrecedence"}
{"Time":"2026-10-10T00:08:13.172998207Z","Action":"output","Package":"go.temporal.io/server/tools/gomad3/runner","Test":"TestLocalCompletionErrorPrecedence","Output":"=== RUN   TestLocalCompletionErrorPrecedence\n","OutputType":"frame"}
{"Time":"2026-10-10T00:08:13.173015999Z","Action":"run","Package":"go.temporal.io/server/tools/gomad3/runner","Test":"TestLocalCompletionErrorPrecedence/cancellation_before_supervision_and_evidence"}
{"Time":"2026-10-10T00:08:13.173039666Z","Action":"output","Package":"go.temporal.io/server/tools/gomad3/runner","Test":"TestLocalCompletionErrorPrecedence/cancellation_before_supervision_and_evidence","Output":"=== RUN   TestLocalCompletionErrorPrecedence/cancellation_before_supervision_and_evidence\n","OutputType":"frame"}
{"Time":"2026-10-10T00:08:13.173070457Z","Action":"output","Package":"go.temporal.io/server/tools/gomad3/runner","Test":"TestLocalCompletionErrorPrecedence/cancellation_before_supervision_and_evidence","Output":"--- PASS: TestLocalCompletionErrorPrecedence/cancellation_before_supervision_and_evidence (0.00s)\n","OutputType":"frame"}
{"Time":"2026-10-10T00:08:13.173126124Z","Action":"pass","Package":"go.temporal.io/server/tools/gomad3/runner","Test":"TestLocalCompletionErrorPrecedence/cancellation_before_supervision_and_evidence","Elapsed":0}
{"Time":"2026-10-10T00:08:13.173141291Z","Action":"run","Package":"go.temporal.io/server/tools/gomad3/runner","Test":"TestLocalCompletionErrorPrecedence/supervision_before_integrity_and_evidence"}
{"Time":"2026-10-10T00:08:13.173154666Z","Action":"output","Package":"go.temporal.io/server/tools/gomad3/runner","Test":"TestLocalCompletionErrorPrecedence/supervision_before_integrity_and_evidence","Output":"=== RUN   TestLocalCompletionErrorPrecedence/supervision_before_integrity_and_evidence\n","OutputType":"frame"}
{"Time":"2026-10-10T00:08:13.173168582Z","Action":"output","Package":"go.temporal.io/server/tools/gomad3/runner","Test":"TestLocalCompletionErrorPrecedence/supervision_before_integrity_and_evidence","Output":"--- PASS: TestLocalCompletionErrorPrecedence/supervision_before_integrity_and_evidence (0.00s)\n","OutputType":"frame"}
{"Time":"2026-10-10T00:08:13.173188666Z","Action":"pass","Package":"go.temporal.io/server/tools/gomad3/runner","Test":"TestLocalCompletionErrorPrecedence/supervision_before_integrity_and_evidence","Elapsed":0}
{"Time":"2026-10-10T00:08:13.173208416Z","Action":"run","Package":"go.temporal.io/server/tools/gomad3/runner","Test":"TestLocalCompletionErrorPrecedence/integrity_before_World_evidence"}
{"Time":"2026-10-10T00:08:13.173219124Z","Action":"output","Package":"go.temporal.io/server/tools/gomad3/runner","Test":"TestLocalCompletionErrorPrecedence/integrity_before_World_evidence","Output":"=== RUN   TestLocalCompletionErrorPrecedence/integrity_before_World_evidence\n","OutputType":"frame"}
{"Time":"2026-10-10T00:08:13.173227874Z","Action":"output","Package":"go.temporal.io/server/tools/gomad3/runner","Test":"TestLocalCompletionErrorPrecedence/integrity_before_World_evidence","Output":"--- PASS: TestLocalCompletionErrorPrecedence/integrity_before_World_evidence (0.00s)\n","OutputType":"frame"}
{"Time":"2026-10-10T00:08:13.173236666Z","Action":"pass","Package":"go.temporal.io/server/tools/gomad3/runner","Test":"TestLocalCompletionErrorPrecedence/integrity_before_World_evidence","Elapsed":0}
{"Time":"2026-10-10T00:08:13.173246541Z","Action":"run","Package":"go.temporal.io/server/tools/gomad3/runner","Test":"TestLocalCompletionErrorPrecedence/World_evidence_before_watchdog_outcome"}
{"Time":"2026-10-10T00:08:13.173264541Z","Action":"output","Package":"go.temporal.io/server/tools/gomad3/runner","Test":"TestLocalCompletionErrorPrecedence/World_evidence_before_watchdog_outcome","Output":"=== RUN   TestLocalCompletionErrorPrecedence/World_evidence_before_watchdog_outcome\n","OutputType":"frame"}
{"Time":"2026-10-10T00:08:13.183092582Z","Action":"output","Package":"go.temporal.io/server/tools/gomad3/runner","Test":"TestLocalCompletionErrorPrecedence/World_evidence_before_watchdog_outcome","Output":"--- PASS: TestLocalCompletionErrorPrecedence/World_evidence_before_watchdog_outcome (0.01s)\n","OutputType":"frame"}
{"Time":"2026-10-10T00:08:13.183125874Z","Action":"pass","Package":"go.temporal.io/server/tools/gomad3/runner","Test":"TestLocalCompletionErrorPrecedence/World_evidence_before_watchdog_outcome","Elapsed":0.01}
{"Time":"2026-10-10T00:08:13.183150457Z","Action":"output","Package":"go.temporal.io/server/tools/gomad3/runner","Test":"TestLocalCompletionErrorPrecedence","Output":"--- PASS: TestLocalCompletionErrorPrecedence (0.01s)\n","OutputType":"frame"}
{"Time":"2026-10-10T00:08:13.183163374Z","Action":"pass","Package":"go.temporal.io/server/tools/gomad3/runner","Test":"TestLocalCompletionErrorPrecedence","Elapsed":0.01}
{"Time":"2026-10-10T00:08:13.183181957Z","Action":"run","Package":"go.temporal.io/server/tools/gomad3/runner","Test":"TestLocalFinalizationPreservesHostFailureBeforePublication"}
{"Time":"2026-10-10T00:08:13.183197166Z","Action":"output","Package":"go.temporal.io/server/tools/gomad3/runner","Test":"TestLocalFinalizationPreservesHostFailureBeforePublication","Output":"=== RUN   TestLocalFinalizationPreservesHostFailureBeforePublication\n","OutputType":"frame"}
{"Time":"2026-10-10T00:08:13.183227541Z","Action":"run","Package":"go.temporal.io/server/tools/gomad3/runner","Test":"TestLocalFinalizationPreservesHostFailureBeforePublication/prior_failure=false"}
{"Time":"2026-10-10T00:08:13.183242999Z","Action":"output","Package":"go.temporal.io/server/tools/gomad3/runner","Test":"TestLocalFinalizationPreservesHostFailureBeforePublication/prior_failure=false","Output":"=== RUN   TestLocalFinalizationPreservesHostFailureBeforePublication/prior_failure=false\n","OutputType":"frame"}
{"Time":"2026-10-10T00:08:13.183264457Z","Action":"output","Package":"go.temporal.io/server/tools/gomad3/runner","Test":"TestLocalFinalizationPreservesHostFailureBeforePublication/prior_failure=false","Output":"--- PASS: TestLocalFinalizationPreservesHostFailureBeforePublication/prior_failure=false (0.00s)\n","OutputType":"frame"}
{"Time":"2026-10-10T00:08:13.183292124Z","Action":"pass","Package":"go.temporal.io/server/tools/gomad3/runner","Test":"TestLocalFinalizationPreservesHostFailureBeforePublication/prior_failure=false","Elapsed":0}
{"Time":"2026-10-10T00:08:13.183317541Z","Action":"run","Package":"go.temporal.io/server/tools/gomad3/runner","Test":"TestLocalFinalizationPreservesHostFailureBeforePublication/prior_failure=true"}
{"Time":"2026-10-10T00:08:13.183336166Z","Action":"output","Package":"go.temporal.io/server/tools/gomad3/runner","Test":"TestLocalFinalizationPreservesHostFailureBeforePublication/prior_failure=true","Output":"=== RUN   TestLocalFinalizationPreservesHostFailureBeforePublication/prior_failure=true\n","OutputType":"frame"}
{"Time":"2026-10-10T00:08:13.183352666Z","Action":"output","Package":"go.temporal.io/server/tools/gomad3/runner","Test":"TestLocalFinalizationPreservesHostFailureBeforePublication/prior_failure=true","Output":"--- PASS: TestLocalFinalizationPreservesHostFailureBeforePublication/prior_failure=true (0.00s)\n","OutputType":"frame"}
{"Time":"2026-10-10T00:08:13.183368332Z","Action":"pass","Package":"go.temporal.io/server/tools/gomad3/runner","Test":"TestLocalFinalizationPreservesHostFailureBeforePublication/prior_failure=true","Elapsed":0}
{"Time":"2026-10-10T00:08:13.183381957Z","Action":"output","Package":"go.temporal.io/server/tools/gomad3/runner","Test":"TestLocalFinalizationPreservesHostFailureBeforePublication","Output":"--- PASS: TestLocalFinalizationPreservesHostFailureBeforePublication (0.00s)\n","OutputType":"frame"}
{"Time":"2026-10-10T00:08:13.183396832Z","Action":"pass","Package":"go.temporal.io/server/tools/gomad3/runner","Test":"TestLocalFinalizationPreservesHostFailureBeforePublication","Elapsed":0}
{"Time":"2026-10-10T00:08:13.183412249Z","Action":"run","Package":"go.temporal.io/server/tools/gomad3/runner","Test":"TestLocalFinalizationClassifiesPublicationFailure"}
{"Time":"2026-10-10T00:08:13.183427541Z","Action":"output","Package":"go.temporal.io/server/tools/gomad3/runner","Test":"TestLocalFinalizationClassifiesPublicationFailure","Output":"=== RUN   TestLocalFinalizationClassifiesPublicationFailure\n","OutputType":"frame"}
{"Time":"2026-10-10T00:08:13.193433332Z","Action":"output","Package":"go.temporal.io/server/tools/gomad3/runner","Test":"TestLocalFinalizationClassifiesPublicationFailure","Output":"--- PASS: TestLocalFinalizationClassifiesPublicationFailure (0.01s)\n","OutputType":"frame"}
{"Time":"2026-10-10T00:08:13.193502166Z","Action":"pass","Package":"go.temporal.io/server/tools/gomad3/runner","Test":"TestLocalFinalizationClassifiesPublicationFailure","Elapsed":0.01}
{"Time":"2026-10-10T00:08:13.193542166Z","Action":"run","Package":"go.temporal.io/server/tools/gomad3/runner","Test":"TestLocalStoppedCancellationPreservesPriorFailure"}
{"Time":"2026-10-10T00:08:13.193586082Z","Action":"output","Package":"go.temporal.io/server/tools/gomad3/runner","Test":"TestLocalStoppedCancellationPreservesPriorFailure","Output":"=== RUN   TestLocalStoppedCancellationPreservesPriorFailure\n","OutputType":"frame"}
{"Time":"2026-10-10T00:08:13.204073416Z","Action":"output","Package":"go.temporal.io/server/tools/gomad3/runner","Test":"TestLocalStoppedCancellationPreservesPriorFailure","Output":"--- PASS: TestLocalStoppedCancellationPreservesPriorFailure (0.01s)\n","OutputType":"frame"}
{"Time":"2026-10-10T00:08:13.204169374Z","Action":"pass","Package":"go.temporal.io/server/tools/gomad3/runner","Test":"TestLocalStoppedCancellationPreservesPriorFailure","Elapsed":0.01}
{"Time":"2026-10-10T00:08:13.204194332Z","Action":"output","Package":"go.temporal.io/server/tools/gomad3/runner","Output":"PASS\n","OutputType":"frame"}
{"Time":"2026-10-10T00:08:13.204323499Z","Action":"output","Package":"go.temporal.io/server/tools/gomad3/runner","Output":"ok  \tgo.temporal.io/server/tools/gomad3/runner\t0.071s\n"}
{"Time":"2026-10-10T00:08:13.204631291Z","Action":"pass","Package":"go.temporal.io/server/tools/gomad3/runner","Elapsed":0.071}
