{"Time":"2026-10-08T08:43:36.744954306Z","Action":"start","Package":"go.temporal.io/server/tools/gomad3/toolchain"}
{"Time":"2026-10-08T08:43:36.747144347Z","Action":"run","Package":"go.temporal.io/server/tools/gomad3/toolchain","Test":"TestBuildRejectsUnsupportedHostBeforePreparingInputs"}
{"Time":"2026-10-08T08:43:36.747187097Z","Action":"output","Package":"go.temporal.io/server/tools/gomad3/toolchain","Test":"TestBuildRejectsUnsupportedHostBeforePreparingInputs","Output":"=== RUN   TestBuildRejectsUnsupportedHostBeforePreparingInputs\n","OutputType":"frame"}
{"Time":"2026-10-08T08:43:36.747909264Z","Action":"output","Package":"go.temporal.io/server/tools/gomad3/toolchain","Test":"TestBuildRejectsUnsupportedHostBeforePreparingInputs","Output":"--- PASS: TestBuildRejectsUnsupportedHostBeforePreparingInputs (0.00s)\n","OutputType":"frame"}
{"Time":"2026-10-08T08:43:36.747916514Z","Action":"pass","Package":"go.temporal.io/server/tools/gomad3/toolchain","Test":"TestBuildRejectsUnsupportedHostBeforePreparingInputs","Elapsed":0}
{"Time":"2026-10-08T08:43:36.747922597Z","Action":"run","Package":"go.temporal.io/server/tools/gomad3/toolchain","Test":"TestHostClockInventoryPinsPlatformSpecificEscapes"}
{"Time":"2026-10-08T08:43:36.747937139Z","Action":"output","Package":"go.temporal.io/server/tools/gomad3/toolchain","Test":"TestHostClockInventoryPinsPlatformSpecificEscapes","Output":"=== RUN   TestHostClockInventoryPinsPlatformSpecificEscapes\n","OutputType":"frame"}
{"Time":"2026-10-08T08:43:36.748300306Z","Action":"output","Package":"go.temporal.io/server/tools/gomad3/toolchain","Test":"TestHostClockInventoryPinsPlatformSpecificEscapes","Output":"--- PASS: TestHostClockInventoryPinsPlatformSpecificEscapes (0.00s)\n","OutputType":"frame"}
{"Time":"2026-10-08T08:43:36.748314889Z","Action":"pass","Package":"go.temporal.io/server/tools/gomad3/toolchain","Test":"TestHostClockInventoryPinsPlatformSpecificEscapes","Elapsed":0}
{"Time":"2026-10-08T08:43:36.748318639Z","Action":"run","Package":"go.temporal.io/server/tools/gomad3/toolchain","Test":"TestValidateAcceptsCurrentCheckedInputs"}
{"Time":"2026-10-08T08:43:36.748329806Z","Action":"output","Package":"go.temporal.io/server/tools/gomad3/toolchain","Test":"TestValidateAcceptsCurrentCheckedInputs","Output":"=== RUN   TestValidateAcceptsCurrentCheckedInputs\n","OutputType":"frame"}
{"Time":"2026-10-08T08:43:36.756854764Z","Action":"output","Package":"go.temporal.io/server/tools/gomad3/toolchain","Test":"TestValidateAcceptsCurrentCheckedInputs","Output":"--- PASS: TestValidateAcceptsCurrentCheckedInputs (0.01s)\n","OutputType":"frame"}
{"Time":"2026-10-08T08:43:36.756878847Z","Action":"pass","Package":"go.temporal.io/server/tools/gomad3/toolchain","Test":"TestValidateAcceptsCurrentCheckedInputs","Elapsed":0.01}
{"Time":"2026-10-08T08:43:36.756906764Z","Action":"run","Package":"go.temporal.io/server/tools/gomad3/toolchain","Test":"TestValidateRejectsPatchOutsideDescriptorAllowlist"}
{"Time":"2026-10-08T08:43:36.756916889Z","Action":"output","Package":"go.temporal.io/server/tools/gomad3/toolchain","Test":"TestValidateRejectsPatchOutsideDescriptorAllowlist","Output":"=== RUN   TestValidateRejectsPatchOutsideDescriptorAllowlist\n","OutputType":"frame"}
{"Time":"2026-10-08T08:43:36.757539556Z","Action":"output","Package":"go.temporal.io/server/tools/gomad3/toolchain","Test":"TestValidateRejectsPatchOutsideDescriptorAllowlist","Output":"--- PASS: TestValidateRejectsPatchOutsideDescriptorAllowlist (0.00s)\n","OutputType":"frame"}
{"Time":"2026-10-08T08:43:36.757560139Z","Action":"pass","Package":"go.temporal.io/server/tools/gomad3/toolchain","Test":"TestValidateRejectsPatchOutsideDescriptorAllowlist","Elapsed":0}
{"Time":"2026-10-08T08:43:36.757567472Z","Action":"run","Package":"go.temporal.io/server/tools/gomad3/toolchain","Test":"TestValidateRejectsUnlistedAndBinaryOverlayEntries"}
{"Time":"2026-10-08T08:43:36.757569389Z","Action":"output","Package":"go.temporal.io/server/tools/gomad3/toolchain","Test":"TestValidateRejectsUnlistedAndBinaryOverlayEntries","Output":"=== RUN   TestValidateRejectsUnlistedAndBinaryOverlayEntries\n","OutputType":"frame"}
{"Time":"2026-10-08T08:43:36.757571722Z","Action":"run","Package":"go.temporal.io/server/tools/gomad3/toolchain","Test":"TestValidateRejectsUnlistedAndBinaryOverlayEntries/unlisted"}
{"Time":"2026-10-08T08:43:36.757580681Z","Action":"output","Package":"go.temporal.io/server/tools/gomad3/toolchain","Test":"TestValidateRejectsUnlistedAndBinaryOverlayEntries/unlisted","Output":"=== RUN   TestValidateRejectsUnlistedAndBinaryOverlayEntries/unlisted\n","OutputType":"frame"}
{"Time":"2026-10-08T08:43:36.759171431Z","Action":"output","Package":"go.temporal.io/server/tools/gomad3/toolchain","Test":"TestValidateRejectsUnlistedAndBinaryOverlayEntries/unlisted","Output":"--- PASS: TestValidateRejectsUnlistedAndBinaryOverlayEntries/unlisted (0.00s)\n","OutputType":"frame"}
{"Time":"2026-10-08T08:43:36.759182764Z","Action":"pass","Package":"go.temporal.io/server/tools/gomad3/toolchain","Test":"TestValidateRejectsUnlistedAndBinaryOverlayEntries/unlisted","Elapsed":0}
{"Time":"2026-10-08T08:43:36.759186681Z","Action":"run","Package":"go.temporal.io/server/tools/gomad3/toolchain","Test":"TestValidateRejectsUnlistedAndBinaryOverlayEntries/binary"}
{"Time":"2026-10-08T08:43:36.759188556Z","Action":"output","Package":"go.temporal.io/server/tools/gomad3/toolchain","Test":"TestValidateRejectsUnlistedAndBinaryOverlayEntries/binary","Output":"=== RUN   TestValidateRejectsUnlistedAndBinaryOverlayEntries/binary\n","OutputType":"frame"}
{"Time":"2026-10-08T08:43:36.761822847Z","Action":"output","Package":"go.temporal.io/server/tools/gomad3/toolchain","Test":"TestValidateRejectsUnlistedAndBinaryOverlayEntries/binary","Output":"--- PASS: TestValidateRejectsUnlistedAndBinaryOverlayEntries/binary (0.00s)\n","OutputType":"frame"}
{"Time":"2026-10-08T08:43:36.761831347Z","Action":"pass","Package":"go.temporal.io/server/tools/gomad3/toolchain","Test":"TestValidateRejectsUnlistedAndBinaryOverlayEntries/binary","Elapsed":0}
{"Time":"2026-10-08T08:43:36.761834139Z","Action":"output","Package":"go.temporal.io/server/tools/gomad3/toolchain","Test":"TestValidateRejectsUnlistedAndBinaryOverlayEntries","Output":"--- PASS: TestValidateRejectsUnlistedAndBinaryOverlayEntries (0.00s)\n","OutputType":"frame"}
{"Time":"2026-10-08T08:43:36.761835972Z","Action":"pass","Package":"go.temporal.io/server/tools/gomad3/toolchain","Test":"TestValidateRejectsUnlistedAndBinaryOverlayEntries","Elapsed":0}
{"Time":"2026-10-08T08:43:36.761837889Z","Action":"run","Package":"go.temporal.io/server/tools/gomad3/toolchain","Test":"TestValidateClassifiesProhibitedRuntimeAreas"}
{"Time":"2026-10-08T08:43:36.761844972Z","Action":"output","Package":"go.temporal.io/server/tools/gomad3/toolchain","Test":"TestValidateClassifiesProhibitedRuntimeAreas","Output":"=== RUN   TestValidateClassifiesProhibitedRuntimeAreas\n","OutputType":"frame"}
{"Time":"2026-10-08T08:43:36.761851306Z","Action":"run","Package":"go.temporal.io/server/tools/gomad3/toolchain","Test":"TestValidateClassifiesProhibitedRuntimeAreas/src-runtime-chan.go"}
{"Time":"2026-10-08T08:43:36.761854222Z","Action":"output","Package":"go.temporal.io/server/tools/gomad3/toolchain","Test":"TestValidateClassifiesProhibitedRuntimeAreas/src-runtime-chan.go","Output":"=== RUN   TestValidateClassifiesProhibitedRuntimeAreas/src-runtime-chan.go\n","OutputType":"frame"}
{"Time":"2026-10-08T08:43:36.764386889Z","Action":"output","Package":"go.temporal.io/server/tools/gomad3/toolchain","Test":"TestValidateClassifiesProhibitedRuntimeAreas/src-runtime-chan.go","Output":"--- PASS: TestValidateClassifiesProhibitedRuntimeAreas/src-runtime-chan.go (0.00s)\n","OutputType":"frame"}
{"Time":"2026-10-08T08:43:36.764396556Z","Action":"pass","Package":"go.temporal.io/server/tools/gomad3/toolchain","Test":"TestValidateClassifiesProhibitedRuntimeAreas/src-runtime-chan.go","Elapsed":0}
{"Time":"2026-10-08T08:43:36.764399222Z","Action":"run","Package":"go.temporal.io/server/tools/gomad3/toolchain","Test":"TestValidateClassifiesProhibitedRuntimeAreas/src-runtime-netpoll_epoll.go"}
{"Time":"2026-10-08T08:43:36.764401014Z","Action":"output","Package":"go.temporal.io/server/tools/gomad3/toolchain","Test":"TestValidateClassifiesProhibitedRuntimeAreas/src-runtime-netpoll_epoll.go","Output":"=== RUN   TestValidateClassifiesProhibitedRuntimeAreas/src-runtime-netpoll_epoll.go\n","OutputType":"frame"}
{"Time":"2026-10-08T08:43:36.766122806Z","Action":"output","Package":"go.temporal.io/server/tools/gomad3/toolchain","Test":"TestValidateClassifiesProhibitedRuntimeAreas/src-runtime-netpoll_epoll.go","Output":"--- PASS: TestValidateClassifiesProhibitedRuntimeAreas/src-runtime-netpoll_epoll.go (0.00s)\n","OutputType":"frame"}
{"Time":"2026-10-08T08:43:36.766136806Z","Action":"pass","Package":"go.temporal.io/server/tools/gomad3/toolchain","Test":"TestValidateClassifiesProhibitedRuntimeAreas/src-runtime-netpoll_epoll.go","Elapsed":0}
{"Time":"2026-10-08T08:43:36.766139764Z","Action":"run","Package":"go.temporal.io/server/tools/gomad3/toolchain","Test":"TestValidateClassifiesProhibitedRuntimeAreas/src-runtime-malloc.go"}
{"Time":"2026-10-08T08:43:36.766144431Z","Action":"output","Package":"go.temporal.io/server/tools/gomad3/toolchain","Test":"TestValidateClassifiesProhibitedRuntimeAreas/src-runtime-malloc.go","Output":"=== RUN   TestValidateClassifiesProhibitedRuntimeAreas/src-runtime-malloc.go\n","OutputType":"frame"}
{"Time":"2026-10-08T08:43:36.767557847Z","Action":"output","Package":"go.temporal.io/server/tools/gomad3/toolchain","Test":"TestValidateClassifiesProhibitedRuntimeAreas/src-runtime-malloc.go","Output":"--- PASS: TestValidateClassifiesProhibitedRuntimeAreas/src-runtime-malloc.go (0.00s)\n","OutputType":"frame"}
{"Time":"2026-10-08T08:43:36.767571556Z","Action":"pass","Package":"go.temporal.io/server/tools/gomad3/toolchain","Test":"TestValidateClassifiesProhibitedRuntimeAreas/src-runtime-malloc.go","Elapsed":0}
{"Time":"2026-10-08T08:43:36.767573931Z","Action":"run","Package":"go.temporal.io/server/tools/gomad3/toolchain","Test":"TestValidateClassifiesProhibitedRuntimeAreas/src-runtime-tagptr_64bit.go"}
{"Time":"2026-10-08T08:43:36.767575514Z","Action":"output","Package":"go.temporal.io/server/tools/gomad3/toolchain","Test":"TestValidateClassifiesProhibitedRuntimeAreas/src-runtime-tagptr_64bit.go","Output":"=== RUN   TestValidateClassifiesProhibitedRuntimeAreas/src-runtime-tagptr_64bit.go\n","OutputType":"frame"}
{"Time":"2026-10-08T08:43:36.768811556Z","Action":"output","Package":"go.temporal.io/server/tools/gomad3/toolchain","Test":"TestValidateClassifiesProhibitedRuntimeAreas/src-runtime-tagptr_64bit.go","Output":"--- PASS: TestValidateClassifiesProhibitedRuntimeAreas/src-runtime-tagptr_64bit.go (0.00s)\n","OutputType":"frame"}
{"Time":"2026-10-08T08:43:36.768823014Z","Action":"pass","Package":"go.temporal.io/server/tools/gomad3/toolchain","Test":"TestValidateClassifiesProhibitedRuntimeAreas/src-runtime-tagptr_64bit.go","Elapsed":0}
{"Time":"2026-10-08T08:43:36.768826389Z","Action":"run","Package":"go.temporal.io/server/tools/gomad3/toolchain","Test":"TestValidateClassifiesProhibitedRuntimeAreas/src-runtime-nested-gomad.go"}
{"Time":"2026-10-08T08:43:36.768827931Z","Action":"output","Package":"go.temporal.io/server/tools/gomad3/toolchain","Test":"TestValidateClassifiesProhibitedRuntimeAreas/src-runtime-nested-gomad.go","Output":"=== RUN   TestValidateClassifiesProhibitedRuntimeAreas/src-runtime-nested-gomad.go\n","OutputType":"frame"}
{"Time":"2026-10-08T08:43:36.770666514Z","Action":"output","Package":"go.temporal.io/server/tools/gomad3/toolchain","Test":"TestValidateClassifiesProhibitedRuntimeAreas/src-runtime-nested-gomad.go","Output":"--- PASS: TestValidateClassifiesProhibitedRuntimeAreas/src-runtime-nested-gomad.go (0.00s)\n","OutputType":"frame"}
{"Time":"2026-10-08T08:43:36.770676264Z","Action":"pass","Package":"go.temporal.io/server/tools/gomad3/toolchain","Test":"TestValidateClassifiesProhibitedRuntimeAreas/src-runtime-nested-gomad.go","Elapsed":0}
{"Time":"2026-10-08T08:43:36.770679764Z","Action":"output","Package":"go.temporal.io/server/tools/gomad3/toolchain","Test":"TestValidateClassifiesProhibitedRuntimeAreas","Output":"--- PASS: TestValidateClassifiesProhibitedRuntimeAreas (0.01s)\n","OutputType":"frame"}
{"Time":"2026-10-08T08:43:36.770681681Z","Action":"pass","Package":"go.temporal.io/server/tools/gomad3/toolchain","Test":"TestValidateClassifiesProhibitedRuntimeAreas","Elapsed":0.01}
{"Time":"2026-10-08T08:43:36.770697972Z","Action":"output","Package":"go.temporal.io/server/tools/gomad3/toolchain","Output":"PASS\n","OutputType":"frame"}
{"Time":"2026-10-08T08:43:36.770986431Z","Action":"output","Package":"go.temporal.io/server/tools/gomad3/toolchain","Output":"ok  \tgo.temporal.io/server/tools/gomad3/toolchain\t0.026s\n"}
{"Time":"2026-10-08T08:43:36.770996764Z","Action":"pass","Package":"go.temporal.io/server/tools/gomad3/toolchain","Elapsed":0.026}
